chipdb: chip_database/xc7_large.bin
design: benchmark/ispd/generated/2016/FPGA01/FPGA01.json
placer: opt_trans, route_iters: 50
  topological compress: density=0.60 target_tiles=15971 final_tiles=15777 scale=1.851 center=(205.1,111.0)
  topological init: n_movable=76660, n_edges=229053, max_layer=26775, back_edges=54022, n_anchored=0
  ALG_T prepare_discrete: 0.2s
  ALG_T collect_movable: 0.2s
  ALG_T pre_network: 0.2s
  BUILD_T tile_type_by_node: 0.0s
  BUILD_T coarse_aggregate: 0.0s
  Skipped truly-null coarse cells: 0 (of 69353 total); pruned pipes: src_null=0 dst_null=0
  Pipe capacity by span:
  Thin span-1 pipes (cap<=2): 0 total, by tile-type pair (top 20):
  Pipe cost: span^0.50 model (r1=1), span-1=1.000, span-12=3.464, 2×span-6=4.899, 12×span-1=12.000
  BUILD_T pipe_loop: 0.0s
  BUILD_T grids_and_adjacency: 0.0s
  BUILD_T tile_templates: 0.0s
  ALG_T network: 0.18s
  topological compress: density=0.60 target_tiles=15971 final_tiles=15777 scale=1.851 center=(205.1,111.0)
  topological init: n_movable=76660, n_edges=229053, max_layer=26775, back_edges=54022, n_anchored=0
  type DFF: 302 valid columns, 1077536 total BELs
  type LUT6: 302 valid columns, 538768 total BELs
TypeAwarePlacement: 2 cell types
Coordinate descent mode: 76660 cells, scale 1.00
CellValidityMask: 76660 cells, 311x223 grid, 2 bucket masks, per-cell valid positions: min=67346 avg=67346.0 max=67346, unmapped cells=0
MuxSlotTracker: 76660 cells (76660 with external fanout), 67346 tiles, total_cap=1077536, active_buckets=[DFF,LUT6], built in 65.0ms
MuxSlotTracker[post-seed]: populated_cells=27114, overflow_tiles=518, at_cap_tiles=50, peak_excess=41, capacity_hist={16:67346}
DCD placer: 76660 cells, 69353 nodes, outer_iters=11, dcd_iters_per_cell=2, graph_model=TwoLevelPip
MEM_STATIC: pipes=0MB nodes=1MB adjacency=0MB pipe_cost_vecs=0MB validity_mask=0MB n_pipes=0 n_edges=0 rss=935MB
Softmin position update: enabled, theta 0.250 -> 5.000 (anneal over 11 iters)
  ALG_T dcd_setup_done: 0.08s (pre-loop)
    analytic_phase[outer=0]: solve skipped, k=0.33
    SwitchMatrix: type_usage_pairs=0 lookups=0 hits=0 dijkstra_calls=0 avg_us=0.0 total_ms=0.0
PHASE_MARK outer=0 enter=pre_solve rss=973MB
    rss_probe[outer=0]: pre_refresh_rss=973MB post_pre_solve_rss=994MB cache_entries=0 cache_cap=0 cache_est_mb=5
    pre_solve_diag[outer=0]: solves=0 fallback=0 (0.0%) cap_armed=0 (0.0%) settle_avg=0 settle_max=0 init_count=188
  Cell placement by tile type (iter 0, 76660 cells):
    NULL: 31596
    CLB: 27114
    IOB_W: 15019
    CLK_BUFG: 2320
    BRAM: 351
    DSP: 182
    IOB_E: 78
    Overflow: over=0 (0.0% of used) avg_excess=0.00 max_excess=0.00 (nc=0.00 cap=0 span=0)  excess_buckets: <=1=0 1-5=0 5-20=0 >20=0  by_cap: cap1=0 cap2=0 cap3-5=0 cap>5=0  by_span: s1=0 s2-3=0 s4-6=0 s7-12=0 s>12=0  le1_cross: cap1=0 cap2-5=0 cap>5=0
    Congestion: pipes=0 used=0 congested(>50%)=0 saturated(>90%)=0 max_util=0.00 avg_util=0.0000
PHASE_MARK outer=0 enter=dcd_sweep rss=994MB
PHASE_MARK outer=0 leave=dcd_sweep rss=994MB
PHASE_MARK outer=0 enter=post_refresh rss=994MB
MEM_POOL: workspaces=24 dense_usage_mb=0 n_pipes=0
    post_solve_diag[outer=0]: solves=0 cap_armed=0 (0.0%) settle_avg=0 above_sink_avg=0 (0.0%) settle_max=0
    load_support[outer=0]: settle_avg=0 load_nz_avg=0 (0.0%) load_material_avg=0 (0.0%)
    prune_ceiling[outer=0]: settle_avg=0 heuristic_prunable_avg=0 (0.0%) vs oracle_zero_load=0.0%
    settle_hist[outer=0]: <100: 0nets/0.0%work  <1k: 0nets/0.0%work  <5k: 0nets/0.0%work  <20k: 0nets/0.0%work  <60k: 0nets/0.0%work  >=60k: 0nets/0.0%work
    fanout_hist[outer=0]: fan1: 0nets/0.0%work  fan2-4: 0nets/0.0%work  fan5-16: 0nets/0.0%work  fan17-64: 0nets/0.0%work  fan65-256: 0nets/0.0%work  fan>256: 0nets/0.0%work
    rss_probe[outer=0]: pre_post_solve=1020MB post_post_solve=1020MB after_apply=1020MB
MuxSlotTracker[sweep 0 LEAK]: populated_cells=45673, overflow_tiles=120, at_cap_tiles=276, peak_excess=14, capacity_hist={16:67346}
    E_decomp: base=0.0 eff=0.0 cong=0.0 cong_share=0.0% sat_pipes=0 max_util=0.00  R_buckets: 1-2x=0 2-10x=0 10-100x=0 >=100x=0
    E_potential: beckmann=0.0 history_total=-0.0
    SpanCache: epoch=1 entries=0 lookups=0 hits=0 misses=0 hit_rate=0.0%
  DCD   0: nets=105117 line=14011245 energy=0.000 dE=+0.000 friction=0.0 bins=3.1x(535) excess=231.3 moved=37179 disp=inf solves=0 skip=0 pops=0 theta=0.250 refresh=26ms dcd=15ms total=104ms
    cache_stats: entries=0 capacity=0 est_mb=5 rss_mb=1021
    analytic_phase[outer=1]: solve skipped, k=0.33
    SwitchMatrix: type_usage_pairs=0 lookups=0 hits=0 dijkstra_calls=0 avg_us=0.0 total_ms=0.0
PHASE_MARK outer=1 enter=pre_solve rss=1021MB
    rss_probe[outer=1]: pre_refresh_rss=1021MB post_pre_solve_rss=1021MB cache_entries=0 cache_cap=0 cache_est_mb=5
    pre_solve_diag[outer=1]: solves=0 fallback=0 (0.0%) cap_armed=0 (0.0%) settle_avg=0 settle_max=0 init_count=148
    Overflow: over=0 (0.0% of used) avg_excess=0.00 max_excess=0.00 (nc=0.00 cap=0 span=0)  excess_buckets: <=1=0 1-5=0 5-20=0 >20=0  by_cap: cap1=0 cap2=0 cap3-5=0 cap>5=0  by_span: s1=0 s2-3=0 s4-6=0 s7-12=0 s>12=0  le1_cross: cap1=0 cap2-5=0 cap>5=0
    Congestion: pipes=0 used=0 congested(>50%)=0 saturated(>90%)=0 max_util=0.00 avg_util=0.0000
PHASE_MARK outer=1 enter=dcd_sweep rss=1021MB
PHASE_MARK outer=1 leave=dcd_sweep rss=1021MB
PHASE_MARK outer=1 enter=post_refresh rss=1021MB
MEM_POOL: workspaces=24 dense_usage_mb=0 n_pipes=0
    post_solve_diag[outer=1]: solves=0 cap_armed=0 (0.0%) settle_avg=0 above_sink_avg=0 (0.0%) settle_max=0
    load_support[outer=1]: settle_avg=0 load_nz_avg=0 (0.0%) load_material_avg=0 (0.0%)
    prune_ceiling[outer=1]: settle_avg=0 heuristic_prunable_avg=0 (0.0%) vs oracle_zero_load=0.0%
    settle_hist[outer=1]: <100: 0nets/0.0%work  <1k: 0nets/0.0%work  <5k: 0nets/0.0%work  <20k: 0nets/0.0%work  <60k: 0nets/0.0%work  >=60k: 0nets/0.0%work
    fanout_hist[outer=1]: fan1: 0nets/0.0%work  fan2-4: 0nets/0.0%work  fan5-16: 0nets/0.0%work  fan17-64: 0nets/0.0%work  fan65-256: 0nets/0.0%work  fan>256: 0nets/0.0%work
    rss_probe[outer=1]: pre_post_solve=1021MB post_post_solve=1021MB after_apply=1021MB
MuxSlotTracker[sweep 1 LEAK]: populated_cells=54836, overflow_tiles=13, at_cap_tiles=223, peak_excess=8, capacity_hist={16:67346}
    E_decomp: base=0.0 eff=0.0 cong=0.0 cong_share=0.0% sat_pipes=0 max_util=0.00  R_buckets: 1-2x=0 2-10x=0 10-100x=0 >=100x=0
    E_potential: beckmann=0.0 history_total=-0.0
    SpanCache: epoch=2 entries=0 lookups=0 hits=0 misses=0 hit_rate=0.0%
  DCD   1: nets=105117 line=11706218 energy=0.000 dE=+0.000 friction=0.0 bins=2.2x(360) excess=111.3 moved=45968 disp=22.567 solves=0 skip=105117 pops=0 theta=0.337 refresh=2ms dcd=15ms total=41ms
    cache_stats: entries=0 capacity=0 est_mb=5 rss_mb=1021
    analytic_phase[outer=2]: solve skipped, k=0.33
    SwitchMatrix: type_usage_pairs=0 lookups=0 hits=0 dijkstra_calls=0 avg_us=0.0 total_ms=0.0
PHASE_MARK outer=2 enter=pre_solve rss=1021MB
    rss_probe[outer=2]: pre_refresh_rss=1021MB post_pre_solve_rss=1021MB cache_entries=0 cache_cap=0 cache_est_mb=5
    pre_solve_diag[outer=2]: solves=0 fallback=0 (0.0%) cap_armed=0 (0.0%) settle_avg=0 settle_max=0 init_count=186
    Overflow: over=0 (0.0% of used) avg_excess=0.00 max_excess=0.00 (nc=0.00 cap=0 span=0)  excess_buckets: <=1=0 1-5=0 5-20=0 >20=0  by_cap: cap1=0 cap2=0 cap3-5=0 cap>5=0  by_span: s1=0 s2-3=0 s4-6=0 s7-12=0 s>12=0  le1_cross: cap1=0 cap2-5=0 cap>5=0
    Congestion: pipes=0 used=0 congested(>50%)=0 saturated(>90%)=0 max_util=0.00 avg_util=0.0000
PHASE_MARK outer=2 enter=dcd_sweep rss=1021MB
PHASE_MARK outer=2 leave=dcd_sweep rss=1021MB
PHASE_MARK outer=2 enter=post_refresh rss=1021MB
MEM_POOL: workspaces=24 dense_usage_mb=0 n_pipes=0
    post_solve_diag[outer=2]: solves=0 cap_armed=0 (0.0%) settle_avg=0 above_sink_avg=0 (0.0%) settle_max=0
    load_support[outer=2]: settle_avg=0 load_nz_avg=0 (0.0%) load_material_avg=0 (0.0%)
    prune_ceiling[outer=2]: settle_avg=0 heuristic_prunable_avg=0 (0.0%) vs oracle_zero_load=0.0%
    settle_hist[outer=2]: <100: 0nets/0.0%work  <1k: 0nets/0.0%work  <5k: 0nets/0.0%work  <20k: 0nets/0.0%work  <60k: 0nets/0.0%work  >=60k: 0nets/0.0%work
    fanout_hist[outer=2]: fan1: 0nets/0.0%work  fan2-4: 0nets/0.0%work  fan5-16: 0nets/0.0%work  fan17-64: 0nets/0.0%work  fan65-256: 0nets/0.0%work  fan>256: 0nets/0.0%work
    rss_probe[outer=2]: pre_post_solve=1021MB post_post_solve=1021MB after_apply=1021MB
MuxSlotTracker[sweep 2 LEAK]: populated_cells=59763, overflow_tiles=3, at_cap_tiles=184, peak_excess=5, capacity_hist={16:67346}
    E_decomp: base=0.0 eff=0.0 cong=0.0 cong_share=0.0% sat_pipes=0 max_util=0.00  R_buckets: 1-2x=0 2-10x=0 10-100x=0 >=100x=0
    E_potential: beckmann=0.0 history_total=-0.0
    SpanCache: epoch=3 entries=0 lookups=0 hits=0 misses=0 hit_rate=0.0%
  DCD   2: nets=105117 line=10245611 energy=0.000 dE=+0.000 friction=0.0 bins=2.0x(264) excess=82.2 moved=50690 disp=14.557 solves=0 skip=105117 pops=0 theta=0.455 refresh=2ms dcd=16ms total=40ms
    cache_stats: entries=0 capacity=0 est_mb=5 rss_mb=1021
    analytic_phase[outer=3]: solve skipped, k=0.33
    SwitchMatrix: type_usage_pairs=0 lookups=0 hits=0 dijkstra_calls=0 avg_us=0.0 total_ms=0.0
PHASE_MARK outer=3 enter=pre_solve rss=1021MB
    rss_probe[outer=3]: pre_refresh_rss=1021MB post_pre_solve_rss=1021MB cache_entries=0 cache_cap=0 cache_est_mb=5
    pre_solve_diag[outer=3]: solves=0 fallback=0 (0.0%) cap_armed=0 (0.0%) settle_avg=0 settle_max=0 init_count=186
    Overflow: over=0 (0.0% of used) avg_excess=0.00 max_excess=0.00 (nc=0.00 cap=0 span=0)  excess_buckets: <=1=0 1-5=0 5-20=0 >20=0  by_cap: cap1=0 cap2=0 cap3-5=0 cap>5=0  by_span: s1=0 s2-3=0 s4-6=0 s7-12=0 s>12=0  le1_cross: cap1=0 cap2-5=0 cap>5=0
    Congestion: pipes=0 used=0 congested(>50%)=0 saturated(>90%)=0 max_util=0.00 avg_util=0.0000
PHASE_MARK outer=3 enter=dcd_sweep rss=1021MB
PHASE_MARK outer=3 leave=dcd_sweep rss=1021MB
PHASE_MARK outer=3 enter=post_refresh rss=1021MB
MEM_POOL: workspaces=24 dense_usage_mb=0 n_pipes=0
    post_solve_diag[outer=3]: solves=0 cap_armed=0 (0.0%) settle_avg=0 above_sink_avg=0 (0.0%) settle_max=0
    load_support[outer=3]: settle_avg=0 load_nz_avg=0 (0.0%) load_material_avg=0 (0.0%)
    prune_ceiling[outer=3]: settle_avg=0 heuristic_prunable_avg=0 (0.0%) vs oracle_zero_load=0.0%
    settle_hist[outer=3]: <100: 0nets/0.0%work  <1k: 0nets/0.0%work  <5k: 0nets/0.0%work  <20k: 0nets/0.0%work  <60k: 0nets/0.0%work  >=60k: 0nets/0.0%work
    fanout_hist[outer=3]: fan1: 0nets/0.0%work  fan2-4: 0nets/0.0%work  fan5-16: 0nets/0.0%work  fan17-64: 0nets/0.0%work  fan65-256: 0nets/0.0%work  fan>256: 0nets/0.0%work
    rss_probe[outer=3]: pre_post_solve=1021MB post_post_solve=1021MB after_apply=1021MB
MuxSlotTracker[sweep 3 LEAK]: populated_cells=62775, overflow_tiles=2, at_cap_tiles=152, peak_excess=2, capacity_hist={16:67346}
    E_decomp: base=0.0 eff=0.0 cong=0.0 cong_share=0.0% sat_pipes=0 max_util=0.00  R_buckets: 1-2x=0 2-10x=0 10-100x=0 >=100x=0
    E_potential: beckmann=0.0 history_total=-0.0
    SpanCache: epoch=4 entries=0 lookups=0 hits=0 misses=0 hit_rate=0.0%
  DCD   3: nets=105117 line=9226093 energy=0.000 dE=+0.000 friction=0.0 bins=2.0x(209) excess=65.5 moved=52463 disp=10.366 solves=0 skip=105117 pops=0 theta=0.614 refresh=2ms dcd=16ms total=40ms
    cache_stats: entries=0 capacity=0 est_mb=5 rss_mb=1021
    analytic_phase[outer=4]: solve skipped, k=0.33
    SwitchMatrix: type_usage_pairs=0 lookups=0 hits=0 dijkstra_calls=0 avg_us=0.0 total_ms=0.0
PHASE_MARK outer=4 enter=pre_solve rss=1021MB
    rss_probe[outer=4]: pre_refresh_rss=1021MB post_pre_solve_rss=1021MB cache_entries=0 cache_cap=0 cache_est_mb=5
    pre_solve_diag[outer=4]: solves=0 fallback=0 (0.0%) cap_armed=0 (0.0%) settle_avg=0 settle_max=0 init_count=187
    Overflow: over=0 (0.0% of used) avg_excess=0.00 max_excess=0.00 (nc=0.00 cap=0 span=0)  excess_buckets: <=1=0 1-5=0 5-20=0 >20=0  by_cap: cap1=0 cap2=0 cap3-5=0 cap>5=0  by_span: s1=0 s2-3=0 s4-6=0 s7-12=0 s>12=0  le1_cross: cap1=0 cap2-5=0 cap>5=0
    Congestion: pipes=0 used=0 congested(>50%)=0 saturated(>90%)=0 max_util=0.00 avg_util=0.0000
PHASE_MARK outer=4 enter=dcd_sweep rss=1021MB
PHASE_MARK outer=4 leave=dcd_sweep rss=1021MB
PHASE_MARK outer=4 enter=post_refresh rss=1021MB
MEM_POOL: workspaces=24 dense_usage_mb=0 n_pipes=0
    post_solve_diag[outer=4]: solves=0 cap_armed=0 (0.0%) settle_avg=0 above_sink_avg=0 (0.0%) settle_max=0
    load_support[outer=4]: settle_avg=0 load_nz_avg=0 (0.0%) load_material_avg=0 (0.0%)
    prune_ceiling[outer=4]: settle_avg=0 heuristic_prunable_avg=0 (0.0%) vs oracle_zero_load=0.0%
    settle_hist[outer=4]: <100: 0nets/0.0%work  <1k: 0nets/0.0%work  <5k: 0nets/0.0%work  <20k: 0nets/0.0%work  <60k: 0nets/0.0%work  >=60k: 0nets/0.0%work
    fanout_hist[outer=4]: fan1: 0nets/0.0%work  fan2-4: 0nets/0.0%work  fan5-16: 0nets/0.0%work  fan17-64: 0nets/0.0%work  fan65-256: 0nets/0.0%work  fan>256: 0nets/0.0%work
    rss_probe[outer=4]: pre_post_solve=1021MB post_post_solve=1021MB after_apply=1021MB
MuxSlotTracker[sweep 4 LEAK]: populated_cells=64842, overflow_tiles=1, at_cap_tiles=136, peak_excess=2, capacity_hist={16:67346}
    E_decomp: base=0.0 eff=0.0 cong=0.0 cong_share=0.0% sat_pipes=0 max_util=0.00  R_buckets: 1-2x=0 2-10x=0 10-100x=0 >=100x=0
    E_potential: beckmann=0.0 history_total=-0.0
    SpanCache: epoch=5 entries=0 lookups=0 hits=0 misses=0 hit_rate=0.0%
  DCD   4: nets=105117 line=8480694 energy=0.000 dE=+0.000 friction=0.0 bins=2.0x(209) excess=68.1 moved=52625 disp=7.812 solves=0 skip=105117 pops=0 theta=0.829 refresh=2ms dcd=16ms total=40ms
    cache_stats: entries=0 capacity=0 est_mb=5 rss_mb=1021
    analytic_phase[outer=5]: solve skipped, k=0.33
    SwitchMatrix: type_usage_pairs=0 lookups=0 hits=0 dijkstra_calls=0 avg_us=0.0 total_ms=0.0
PHASE_MARK outer=5 enter=pre_solve rss=1021MB
    rss_probe[outer=5]: pre_refresh_rss=1021MB post_pre_solve_rss=1021MB cache_entries=0 cache_cap=0 cache_est_mb=5
    pre_solve_diag[outer=5]: solves=0 fallback=0 (0.0%) cap_armed=0 (0.0%) settle_avg=0 settle_max=0 init_count=181
    Overflow: over=0 (0.0% of used) avg_excess=0.00 max_excess=0.00 (nc=0.00 cap=0 span=0)  excess_buckets: <=1=0 1-5=0 5-20=0 >20=0  by_cap: cap1=0 cap2=0 cap3-5=0 cap>5=0  by_span: s1=0 s2-3=0 s4-6=0 s7-12=0 s>12=0  le1_cross: cap1=0 cap2-5=0 cap>5=0
    Congestion: pipes=0 used=0 congested(>50%)=0 saturated(>90%)=0 max_util=0.00 avg_util=0.0000
PHASE_MARK outer=5 enter=dcd_sweep rss=1021MB
PHASE_MARK outer=5 leave=dcd_sweep rss=1021MB
PHASE_MARK outer=5 enter=post_refresh rss=1021MB
MEM_POOL: workspaces=24 dense_usage_mb=0 n_pipes=0
    post_solve_diag[outer=5]: solves=0 cap_armed=0 (0.0%) settle_avg=0 above_sink_avg=0 (0.0%) settle_max=0
    load_support[outer=5]: settle_avg=0 load_nz_avg=0 (0.0%) load_material_avg=0 (0.0%)
    prune_ceiling[outer=5]: settle_avg=0 heuristic_prunable_avg=0 (0.0%) vs oracle_zero_load=0.0%
    settle_hist[outer=5]: <100: 0nets/0.0%work  <1k: 0nets/0.0%work  <5k: 0nets/0.0%work  <20k: 0nets/0.0%work  <60k: 0nets/0.0%work  >=60k: 0nets/0.0%work
    fanout_hist[outer=5]: fan1: 0nets/0.0%work  fan2-4: 0nets/0.0%work  fan5-16: 0nets/0.0%work  fan17-64: 0nets/0.0%work  fan65-256: 0nets/0.0%work  fan>256: 0nets/0.0%work
    rss_probe[outer=5]: pre_post_solve=1021MB post_post_solve=1021MB after_apply=1021MB
MuxSlotTracker[sweep 5 LEAK]: populated_cells=66377, overflow_tiles=1, at_cap_tiles=127, peak_excess=2, capacity_hist={16:67346}
    E_decomp: base=0.0 eff=0.0 cong=0.0 cong_share=0.0% sat_pipes=0 max_util=0.00  R_buckets: 1-2x=0 2-10x=0 10-100x=0 >=100x=0
    E_potential: beckmann=0.0 history_total=-0.0
    SpanCache: epoch=6 entries=0 lookups=0 hits=0 misses=0 hit_rate=0.0%
  DCD   5: nets=105117 line=7898107 energy=0.000 dE=+0.000 friction=0.0 bins=2.0x(204) excess=65.4 moved=51917 disp=6.101 solves=0 skip=105117 pops=0 theta=1.118 refresh=2ms dcd=16ms total=39ms
    cache_stats: entries=0 capacity=0 est_mb=5 rss_mb=1021
    analytic_phase[outer=6]: solve skipped, k=0.33
    SwitchMatrix: type_usage_pairs=0 lookups=0 hits=0 dijkstra_calls=0 avg_us=0.0 total_ms=0.0
PHASE_MARK outer=6 enter=pre_solve rss=1021MB
    rss_probe[outer=6]: pre_refresh_rss=1021MB post_pre_solve_rss=1021MB cache_entries=0 cache_cap=0 cache_est_mb=5
    pre_solve_diag[outer=6]: solves=0 fallback=0 (0.0%) cap_armed=0 (0.0%) settle_avg=0 settle_max=0 init_count=176
    Overflow: over=0 (0.0% of used) avg_excess=0.00 max_excess=0.00 (nc=0.00 cap=0 span=0)  excess_buckets: <=1=0 1-5=0 5-20=0 >20=0  by_cap: cap1=0 cap2=0 cap3-5=0 cap>5=0  by_span: s1=0 s2-3=0 s4-6=0 s7-12=0 s>12=0  le1_cross: cap1=0 cap2-5=0 cap>5=0
    Congestion: pipes=0 used=0 congested(>50%)=0 saturated(>90%)=0 max_util=0.00 avg_util=0.0000
PHASE_MARK outer=6 enter=dcd_sweep rss=1021MB
PHASE_MARK outer=6 leave=dcd_sweep rss=1021MB
PHASE_MARK outer=6 enter=post_refresh rss=1021MB
MEM_POOL: workspaces=24 dense_usage_mb=0 n_pipes=0
    post_solve_diag[outer=6]: solves=0 cap_armed=0 (0.0%) settle_avg=0 above_sink_avg=0 (0.0%) settle_max=0
    load_support[outer=6]: settle_avg=0 load_nz_avg=0 (0.0%) load_material_avg=0 (0.0%)
    prune_ceiling[outer=6]: settle_avg=0 heuristic_prunable_avg=0 (0.0%) vs oracle_zero_load=0.0%
    settle_hist[outer=6]: <100: 0nets/0.0%work  <1k: 0nets/0.0%work  <5k: 0nets/0.0%work  <20k: 0nets/0.0%work  <60k: 0nets/0.0%work  >=60k: 0nets/0.0%work
    fanout_hist[outer=6]: fan1: 0nets/0.0%work  fan2-4: 0nets/0.0%work  fan5-16: 0nets/0.0%work  fan17-64: 0nets/0.0%work  fan65-256: 0nets/0.0%work  fan>256: 0nets/0.0%work
    rss_probe[outer=6]: pre_post_solve=1021MB post_post_solve=1021MB after_apply=1021MB
MuxSlotTracker[sweep 6 LEAK]: populated_cells=67522, overflow_tiles=1, at_cap_tiles=120, peak_excess=1, capacity_hist={16:67346}
    E_decomp: base=0.0 eff=0.0 cong=0.0 cong_share=0.0% sat_pipes=0 max_util=0.00  R_buckets: 1-2x=0 2-10x=0 10-100x=0 >=100x=0
    E_potential: beckmann=0.0 history_total=-0.0
    SpanCache: epoch=7 entries=0 lookups=0 hits=0 misses=0 hit_rate=0.0%
  DCD   6: nets=105117 line=7431027 energy=0.000 dE=+0.000 friction=0.0 bins=2.0x(206) excess=67.4 moved=50240 disp=4.839 solves=0 skip=105117 pops=0 theta=1.509 refresh=2ms dcd=16ms total=38ms
    cache_stats: entries=0 capacity=0 est_mb=5 rss_mb=1021
    analytic_phase[outer=7]: solve skipped, k=0.33
    SwitchMatrix: type_usage_pairs=0 lookups=0 hits=0 dijkstra_calls=0 avg_us=0.0 total_ms=0.0
PHASE_MARK outer=7 enter=pre_solve rss=1021MB
    rss_probe[outer=7]: pre_refresh_rss=1021MB post_pre_solve_rss=1021MB cache_entries=0 cache_cap=0 cache_est_mb=5
    pre_solve_diag[outer=7]: solves=0 fallback=0 (0.0%) cap_armed=0 (0.0%) settle_avg=0 settle_max=0 init_count=183
    Overflow: over=0 (0.0% of used) avg_excess=0.00 max_excess=0.00 (nc=0.00 cap=0 span=0)  excess_buckets: <=1=0 1-5=0 5-20=0 >20=0  by_cap: cap1=0 cap2=0 cap3-5=0 cap>5=0  by_span: s1=0 s2-3=0 s4-6=0 s7-12=0 s>12=0  le1_cross: cap1=0 cap2-5=0 cap>5=0
    Congestion: pipes=0 used=0 congested(>50%)=0 saturated(>90%)=0 max_util=0.00 avg_util=0.0000
PHASE_MARK outer=7 enter=dcd_sweep rss=1021MB
PHASE_MARK outer=7 leave=dcd_sweep rss=1021MB
PHASE_MARK outer=7 enter=post_refresh rss=1021MB
MEM_POOL: workspaces=24 dense_usage_mb=0 n_pipes=0
    post_solve_diag[outer=7]: solves=0 cap_armed=0 (0.0%) settle_avg=0 above_sink_avg=0 (0.0%) settle_max=0
    load_support[outer=7]: settle_avg=0 load_nz_avg=0 (0.0%) load_material_avg=0 (0.0%)
    prune_ceiling[outer=7]: settle_avg=0 heuristic_prunable_avg=0 (0.0%) vs oracle_zero_load=0.0%
    settle_hist[outer=7]: <100: 0nets/0.0%work  <1k: 0nets/0.0%work  <5k: 0nets/0.0%work  <20k: 0nets/0.0%work  <60k: 0nets/0.0%work  >=60k: 0nets/0.0%work
    fanout_hist[outer=7]: fan1: 0nets/0.0%work  fan2-4: 0nets/0.0%work  fan5-16: 0nets/0.0%work  fan17-64: 0nets/0.0%work  fan65-256: 0nets/0.0%work  fan>256: 0nets/0.0%work
    rss_probe[outer=7]: pre_post_solve=1021MB post_post_solve=1021MB after_apply=1021MB
    E_decomp: base=0.0 eff=0.0 cong=0.0 cong_share=0.0% sat_pipes=0 max_util=0.00  R_buckets: 1-2x=0 2-10x=0 10-100x=0 >=100x=0
    E_potential: beckmann=0.0 history_total=-0.0
    SpanCache: epoch=8 entries=0 lookups=0 hits=0 misses=0 hit_rate=0.0%
  DCD   7: nets=105117 line=7050020 energy=0.000 dE=+0.000 friction=0.0 bins=2.0x(242) excess=78.8 moved=48178 disp=3.987 solves=0 skip=105117 pops=0 theta=2.035 refresh=3ms dcd=15ms total=38ms
    cache_stats: entries=0 capacity=0 est_mb=5 rss_mb=1021
    analytic_phase[outer=8]: solve skipped, k=0.33
    SwitchMatrix: type_usage_pairs=0 lookups=0 hits=0 dijkstra_calls=0 avg_us=0.0 total_ms=0.0
PHASE_MARK outer=8 enter=pre_solve rss=1021MB
    rss_probe[outer=8]: pre_refresh_rss=1021MB post_pre_solve_rss=1021MB cache_entries=0 cache_cap=0 cache_est_mb=5
    pre_solve_diag[outer=8]: solves=0 fallback=0 (0.0%) cap_armed=0 (0.0%) settle_avg=0 settle_max=0 init_count=182
    Overflow: over=0 (0.0% of used) avg_excess=0.00 max_excess=0.00 (nc=0.00 cap=0 span=0)  excess_buckets: <=1=0 1-5=0 5-20=0 >20=0  by_cap: cap1=0 cap2=0 cap3-5=0 cap>5=0  by_span: s1=0 s2-3=0 s4-6=0 s7-12=0 s>12=0  le1_cross: cap1=0 cap2-5=0 cap>5=0
    Congestion: pipes=0 used=0 congested(>50%)=0 saturated(>90%)=0 max_util=0.00 avg_util=0.0000
PHASE_MARK outer=8 enter=dcd_sweep rss=1021MB
PHASE_MARK outer=8 leave=dcd_sweep rss=1021MB
PHASE_MARK outer=8 enter=post_refresh rss=1021MB
MEM_POOL: workspaces=24 dense_usage_mb=0 n_pipes=0
    post_solve_diag[outer=8]: solves=0 cap_armed=0 (0.0%) settle_avg=0 above_sink_avg=0 (0.0%) settle_max=0
    load_support[outer=8]: settle_avg=0 load_nz_avg=0 (0.0%) load_material_avg=0 (0.0%)
    prune_ceiling[outer=8]: settle_avg=0 heuristic_prunable_avg=0 (0.0%) vs oracle_zero_load=0.0%
    settle_hist[outer=8]: <100: 0nets/0.0%work  <1k: 0nets/0.0%work  <5k: 0nets/0.0%work  <20k: 0nets/0.0%work  <60k: 0nets/0.0%work  >=60k: 0nets/0.0%work
    fanout_hist[outer=8]: fan1: 0nets/0.0%work  fan2-4: 0nets/0.0%work  fan5-16: 0nets/0.0%work  fan17-64: 0nets/0.0%work  fan65-256: 0nets/0.0%work  fan>256: 0nets/0.0%work
    rss_probe[outer=8]: pre_post_solve=1021MB post_post_solve=1021MB after_apply=1021MB
    E_decomp: base=0.0 eff=0.0 cong=0.0 cong_share=0.0% sat_pipes=0 max_util=0.00  R_buckets: 1-2x=0 2-10x=0 10-100x=0 >=100x=0
    E_potential: beckmann=0.0 history_total=-0.0
    SpanCache: epoch=9 entries=0 lookups=0 hits=0 misses=0 hit_rate=0.0%
  DCD   8: nets=105117 line=6739916 energy=0.000 dE=+0.000 friction=0.0 bins=2.0x(270) excess=81.8 moved=45861 disp=3.277 solves=0 skip=105117 pops=0 theta=2.746 refresh=2ms dcd=15ms total=38ms
    cache_stats: entries=0 capacity=0 est_mb=5 rss_mb=1021
    analytic_phase[outer=9]: solve skipped, k=0.33
    SwitchMatrix: type_usage_pairs=0 lookups=0 hits=0 dijkstra_calls=0 avg_us=0.0 total_ms=0.0
PHASE_MARK outer=9 enter=pre_solve rss=1021MB
    rss_probe[outer=9]: pre_refresh_rss=1021MB post_pre_solve_rss=1021MB cache_entries=0 cache_cap=0 cache_est_mb=5
    pre_solve_diag[outer=9]: solves=0 fallback=0 (0.0%) cap_armed=0 (0.0%) settle_avg=0 settle_max=0 init_count=186
    Overflow: over=0 (0.0% of used) avg_excess=0.00 max_excess=0.00 (nc=0.00 cap=0 span=0)  excess_buckets: <=1=0 1-5=0 5-20=0 >20=0  by_cap: cap1=0 cap2=0 cap3-5=0 cap>5=0  by_span: s1=0 s2-3=0 s4-6=0 s7-12=0 s>12=0  le1_cross: cap1=0 cap2-5=0 cap>5=0
    Congestion: pipes=0 used=0 congested(>50%)=0 saturated(>90%)=0 max_util=0.00 avg_util=0.0000
PHASE_MARK outer=9 enter=dcd_sweep rss=1021MB
PHASE_MARK outer=9 leave=dcd_sweep rss=1021MB
PHASE_MARK outer=9 enter=post_refresh rss=1021MB
MEM_POOL: workspaces=24 dense_usage_mb=0 n_pipes=0
    post_solve_diag[outer=9]: solves=0 cap_armed=0 (0.0%) settle_avg=0 above_sink_avg=0 (0.0%) settle_max=0
    load_support[outer=9]: settle_avg=0 load_nz_avg=0 (0.0%) load_material_avg=0 (0.0%)
    prune_ceiling[outer=9]: settle_avg=0 heuristic_prunable_avg=0 (0.0%) vs oracle_zero_load=0.0%
    settle_hist[outer=9]: <100: 0nets/0.0%work  <1k: 0nets/0.0%work  <5k: 0nets/0.0%work  <20k: 0nets/0.0%work  <60k: 0nets/0.0%work  >=60k: 0nets/0.0%work
    fanout_hist[outer=9]: fan1: 0nets/0.0%work  fan2-4: 0nets/0.0%work  fan5-16: 0nets/0.0%work  fan17-64: 0nets/0.0%work  fan65-256: 0nets/0.0%work  fan>256: 0nets/0.0%work
    rss_probe[outer=9]: pre_post_solve=1021MB post_post_solve=1021MB after_apply=1021MB
    E_decomp: base=0.0 eff=0.0 cong=0.0 cong_share=0.0% sat_pipes=0 max_util=0.00  R_buckets: 1-2x=0 2-10x=0 10-100x=0 >=100x=0
    E_potential: beckmann=0.0 history_total=-0.0
    SpanCache: epoch=10 entries=0 lookups=0 hits=0 misses=0 hit_rate=0.0%
  DCD   9: nets=105117 line=6499818 energy=0.000 dE=+0.000 friction=0.0 bins=1.9x(300) excess=88.4 moved=43290 disp=2.735 solves=0 skip=105117 pops=0 theta=3.706 refresh=2ms dcd=15ms total=37ms
    cache_stats: entries=0 capacity=0 est_mb=5 rss_mb=1021
    analytic_phase[outer=10]: solve skipped, k=0.33
    SwitchMatrix: type_usage_pairs=0 lookups=0 hits=0 dijkstra_calls=0 avg_us=0.0 total_ms=0.0
PHASE_MARK outer=10 enter=pre_solve rss=1021MB
    rss_probe[outer=10]: pre_refresh_rss=1021MB post_pre_solve_rss=1021MB cache_entries=0 cache_cap=0 cache_est_mb=5
    pre_solve_diag[outer=10]: solves=0 fallback=0 (0.0%) cap_armed=0 (0.0%) settle_avg=0 settle_max=0 init_count=187
    Overflow: over=0 (0.0% of used) avg_excess=0.00 max_excess=0.00 (nc=0.00 cap=0 span=0)  excess_buckets: <=1=0 1-5=0 5-20=0 >20=0  by_cap: cap1=0 cap2=0 cap3-5=0 cap>5=0  by_span: s1=0 s2-3=0 s4-6=0 s7-12=0 s>12=0  le1_cross: cap1=0 cap2-5=0 cap>5=0
    Congestion: pipes=0 used=0 congested(>50%)=0 saturated(>90%)=0 max_util=0.00 avg_util=0.0000
PHASE_MARK outer=10 enter=dcd_sweep rss=1021MB
PHASE_MARK outer=10 leave=dcd_sweep rss=1021MB
PHASE_MARK outer=10 enter=post_refresh rss=1021MB
MEM_POOL: workspaces=24 dense_usage_mb=0 n_pipes=0
    post_solve_diag[outer=10]: solves=0 cap_armed=0 (0.0%) settle_avg=0 above_sink_avg=0 (0.0%) settle_max=0
    load_support[outer=10]: settle_avg=0 load_nz_avg=0 (0.0%) load_material_avg=0 (0.0%)
    prune_ceiling[outer=10]: settle_avg=0 heuristic_prunable_avg=0 (0.0%) vs oracle_zero_load=0.0%
    settle_hist[outer=10]: <100: 0nets/0.0%work  <1k: 0nets/0.0%work  <5k: 0nets/0.0%work  <20k: 0nets/0.0%work  <60k: 0nets/0.0%work  >=60k: 0nets/0.0%work
    fanout_hist[outer=10]: fan1: 0nets/0.0%work  fan2-4: 0nets/0.0%work  fan5-16: 0nets/0.0%work  fan17-64: 0nets/0.0%work  fan65-256: 0nets/0.0%work  fan>256: 0nets/0.0%work
    rss_probe[outer=10]: pre_post_solve=1021MB post_post_solve=1021MB after_apply=1021MB
    E_decomp: base=0.0 eff=0.0 cong=0.0 cong_share=0.0% sat_pipes=0 max_util=0.00  R_buckets: 1-2x=0 2-10x=0 10-100x=0 >=100x=0
    E_potential: beckmann=0.0 history_total=-0.0
    SpanCache: epoch=11 entries=0 lookups=0 hits=0 misses=0 hit_rate=0.0%
  DCD  10: nets=105117 line=6285510 energy=0.000 dE=+0.000 friction=0.0 bins=2.0x(322) excess=98.8 moved=40676 disp=2.334 solves=0 skip=105117 pops=0 theta=5.000 refresh=3ms dcd=15ms total=38ms
    cache_stats: entries=0 capacity=0 est_mb=5 rss_mb=1021
DCD done: energy=0.000 line=6285510 friction=0.0 bins=2.0x(322) excess=98.8
MuxSlotTracker: 150508 commit rejections over entire DCD
MuxSlotTracker[post-DCD]: populated_cells=70572, overflow_tiles=0, at_cap_tiles=183, peak_excess=0, capacity_hist={16:67346}
  ALG_T dcd_done: 0.90s
  ALG_T collect_net_infos_total: 0.07s
  ALG_T line_estimate_total: 0.07s
  type DFF: 302 valid columns, 1077536 total BELs
  type LUT6: 302 valid columns, 538768 total BELs
TypeAwarePlacement: 2 cell types
  SortedLegalizer: cluster_rejects=334045 shared_mux_rejects=1492917 arch_validity_rejects=0
  ALG_T legalize_done: 1.32s
PLACE_RESULT placer=opt_trans place_secs=1.32 total_hpwl=4520199
routable nets: 105118
sink_visit_limit: Some(30000)
RasterRouter: 105118 nets on 311x223, beam_width=128, max_steps=1000
RasterRouter: pre-reserved 459727 BEL-pin wires (0 conflicts)
Lookahead pip-cost model: cost = 11*sqrt(span) + orig_delay/span
Lookahead class 0 (LUT6): 8085 reachable pips, rate = 52/18 ≈ 2.889/tile
Lookahead class 1 (DFF): 8365 reachable pips, rate = 52/18 ≈ 2.889/tile
Lookahead class 2 (IOB): 8877 reachable pips, rate = 52/18 ≈ 2.889/tile
Lookahead class 3 (GND_DRV): 0 reachable pips, rate = 1/1 ≈ 1.000/tile
Lookahead class 4 (VCC_DRV): 0 reachable pips, rate = 1/1 ≈ 1.000/tile
Lookahead class 5 (RAMB18E1): 16808 reachable pips, rate = 53/19 ≈ 2.789/tile
Lookahead class 6 (FIFO18E1): 16808 reachable pips, rate = 53/19 ≈ 2.789/tile
Lookahead class 7 (RAMBFIFO36E1): 17042 reachable pips, rate = 53/19 ≈ 2.789/tile
Lookahead class 8 (RAMB36E1): 17042 reachable pips, rate = 53/19 ≈ 2.789/tile
Lookahead class 9 (FIFO36E1): 17042 reachable pips, rate = 53/19 ≈ 2.789/tile
Lookahead class 10 (BUFG): 8661 reachable pips, rate = 159/209 ≈ 0.761/tile
Lookahead class 11 (DSP48E1): 16919 reachable pips, rate = 53/19 ≈ 2.789/tile
Lookahead: 12 driver classes, default=10 (BUFG)
  priority top-5 (score, fanout): [(9300000.0, 93000), (2900.0, 29), (2800.0, 28), (2800.0, 28), (2600.0, 26)]
  high-fanout: 63/64 routed sequentially
  raster_fail #0: net='net_68108' src=(303,6) sink=(306,57) dist=54 tree=174
  raster_fail #1: net='net_52571' src=(307,206) sink=(162,116) dist=235 tree=644
  raster_fail #2: net='net_31516' src=(308,104) sink=(234,111) dist=81 tree=506
  raster_fail #3: net='net_32407' src=(253,130) sink=(157,113) dist=113 tree=330
  raster_fail #4: net='net_32407' src=(253,130) sink=(155,111) dist=117 tree=330
  raster_fail #5: net='net_31850' src=(138,108) sink=(194,114) dist=62 tree=125
  raster_fail #6: net='net_30254' src=(38,82) sink=(291,110) dist=281 tree=430
  raster_fail #7: net='net_30254' src=(38,82) sink=(291,111) dist=282 tree=430
  raster_fail #8: net='net_71954' src=(284,93) sink=(188,112) dist=115 tree=475
  raster_fail #9: net='net_71954' src=(284,93) sink=(175,112) dist=128 tree=475
  raster_fail #10: net='net_71954' src=(284,93) sink=(162,112) dist=141 tree=475
  raster_fail #11: net='net_71954' src=(284,93) sink=(146,112) dist=157 tree=475
  raster_fail #12: net='net_52674' src=(58,111) sink=(256,111) dist=198 tree=1
  raster_fail #13: net='net_52674' src=(58,111) sink=(263,110) dist=206 tree=1
  raster_fail #14: net='net_52674' src=(58,111) sink=(265,111) dist=207 tree=1
  raster_fail #15: net='net_52674' src=(58,111) sink=(266,111) dist=208 tree=1
  raster_fail #16: net='net_52674' src=(58,111) sink=(269,111) dist=211 tree=1
  raster_fail #17: net='net_52674' src=(58,111) sink=(268,109) dist=212 tree=1
  raster_fail #18: net='net_52674' src=(58,111) sink=(267,108) dist=212 tree=1
  raster_fail #19: net='net_43628' src=(173,114) sink=(194,114) dist=21 tree=75
  raster_fail #20: net='net_75494' src=(308,148) sink=(153,111) dist=192 tree=628
  raster_fail #21: net='net_55215' src=(283,83) sink=(256,109) dist=53 tree=363
  raster_fail #22: net='net_52616' src=(86,121) sink=(239,109) dist=165 tree=882
  raster_fail #23: net='net_44834' src=(265,142) sink=(246,113) dist=48 tree=366
  raster_fail #24: net='net_63128' src=(306,138) sink=(212,109) dist=123 tree=718
  raster_fail #25: net='net_63128' src=(306,138) sink=(207,111) dist=126 tree=718
  raster_fail #26: net='net_34022' src=(207,106) sink=(127,112) dist=86 tree=308
  raster_fail #27: net='net_34022' src=(207,106) sink=(113,112) dist=100 tree=308
  raster_fail #28: net='net_34022' src=(207,106) sink=(105,112) dist=108 tree=308
  raster_fail #29: net='net_11318' src=(41,212) sink=(255,114) dist=312 tree=1258
  raster_fail #30: net='net_11318' src=(41,212) sink=(256,114) dist=313 tree=1258
  raster_fail #31: net='net_11318' src=(41,212) sink=(265,113) dist=323 tree=1258
  raster_fail #32: net='net_24472' src=(183,111) sink=(197,110) dist=15 tree=18
  raster_fail #33: net='net_85625' src=(287,158) sink=(235,108) dist=102 tree=166
  raster_fail #34: net='net_63578' src=(128,124) sink=(306,115) dist=187 tree=615
  raster_fail #35: net='net_5572' src=(181,114) sink=(223,114) dist=42 tree=312
  raster_fail #36: net='net_5572' src=(181,114) sink=(259,113) dist=79 tree=516
  raster_fail #37: net='net_27610' src=(191,117) sink=(169,110) dist=29 tree=193
  raster_fail #38: net='net_90783' src=(221,139) sink=(59,108) dist=193 tree=952
  raster_fail #39: net='net_38680' src=(272,72) sink=(221,112) dist=91 tree=615
  raster_fail #40: net='net_95503' src=(180,111) sink=(154,111) dist=26 tree=2
  raster_fail #41: net='net_95503' src=(180,111) sink=(153,110) dist=28 tree=2
  raster_fail #42: net='net_104704' src=(173,113) sink=(251,111) dist=80 tree=335
  raster_fail #43: net='net_22385' src=(167,164) sink=(203,116) dist=84 tree=558
  raster_fail #44: net='net_16964' src=(208,115) sink=(267,112) dist=62 tree=667
  raster_fail #45: net='net_44631' src=(251,80) sink=(150,108) dist=129 tree=659
  raster_fail #46: net='net_44631' src=(251,80) sink=(143,112) dist=140 tree=1017
  raster_fail #47: net='net_96072' src=(214,113) sink=(235,112) dist=22 tree=59
  raster_fail #48: net='net_96072' src=(214,113) sink=(237,113) dist=23 tree=59
  raster_fail #49: net='net_96072' src=(214,113) sink=(265,113) dist=51 tree=59
  raster_fail #50: net='net_96072' src=(214,113) sink=(268,113) dist=54 tree=59
  raster_fail #51: net='net_96072' src=(214,113) sink=(104,111) dist=112 tree=475
  raster_fail #52: net='net_96072' src=(214,113) sink=(104,111) dist=112 tree=475
  raster_fail #53: net='net_103062' src=(250,114) sink=(210,114) dist=40 tree=298
  raster_fail #54: net='net_103062' src=(250,114) sink=(208,113) dist=43 tree=298
  raster_fail #55: net='net_56274' src=(242,92) sink=(227,110) dist=33 tree=155
  raster_fail #56: net='net_31870' src=(184,116) sink=(53,111) dist=136 tree=873
  raster_fail #57: net='net_62511' src=(252,106) sink=(188,110) dist=68 tree=412
  raster_fail #58: net='net_75412' src=(307,131) sink=(224,115) dist=99 tree=339
  raster_fail #59: net='net_31632' src=(145,90) sink=(240,109) dist=114 tree=630
  raster_fail #60: net='net_31632' src=(145,90) sink=(247,109) dist=121 tree=630
  raster_fail #61: net='net_47331' src=(101,123) sink=(167,112) dist=77 tree=356
  raster_fail #62: net='net_96550' src=(98,107) sink=(211,109) dist=115 tree=388
  raster_fail #63: net='net_70818' src=(307,111) sink=(236,107) dist=75 tree=123
  raster_fail #64: net='net_43494' src=(184,117) sink=(168,110) dist=23 tree=104
  raster_fail #65: net='net_43494' src=(184,117) sink=(161,110) dist=30 tree=104
  raster_fail #66: net='net_43494' src=(184,117) sink=(161,108) dist=32 tree=104
  raster_fail #67: net='net_96898' src=(131,95) sink=(238,95) dist=107 tree=255
  raster_fail #68: net='net_84728' src=(186,118) sink=(246,112) dist=66 tree=376
  raster_fail #69: net='net_45289' src=(241,99) sink=(200,115) dist=57 tree=262
  raster_fail #70: net='net_45289' src=(241,99) sink=(190,106) dist=58 tree=262
  raster_fail #71: net='net_45289' src=(241,99) sink=(197,114) dist=59 tree=262
  raster_fail #72: net='net_47304' src=(212,109) sink=(164,110) dist=49 tree=314
  raster_fail #73: net='net_8916' src=(242,104) sink=(227,113) dist=24 tree=108
  raster_fail #74: net='net_37863' src=(186,110) sink=(210,108) dist=26 tree=2
  raster_fail #75: net='net_45266' src=(189,107) sink=(254,112) dist=70 tree=608
  raster_fail #76: net='net_86540' src=(297,106) sink=(211,113) dist=93 tree=679
  raster_fail #77: net='net_86540' src=(297,106) sink=(208,113) dist=96 tree=679
  raster_fail #78: net='net_103151' src=(228,103) sink=(212,107) dist=20 tree=134
  raster_fail #79: net='net_95442' src=(221,110) sink=(199,109) dist=23 tree=119
  raster_fail #80: net='net_95442' src=(221,110) sink=(195,111) dist=27 tree=203
  raster_fail #81: net='net_95442' src=(221,110) sink=(162,111) dist=60 tree=406
  raster_fail #82: net='net_95442' src=(221,110) sink=(162,111) dist=60 tree=406
  raster_fail #83: net='net_95442' src=(221,110) sink=(162,111) dist=60 tree=406
  raster_fail #84: net='net_104661' src=(175,118) sink=(222,118) dist=47 tree=1
  raster_fail #85: net='net_104661' src=(175,118) sink=(222,112) dist=53 tree=1
  raster_fail #86: net='net_104661' src=(175,118) sink=(230,117) dist=56 tree=288
  raster_fail #87: net='net_104661' src=(175,118) sink=(255,112) dist=86 tree=397
  raster_fail #88: net='net_31497' src=(246,110) sink=(223,113) dist=26 tree=73
  raster_fail #89: net='net_31497' src=(246,110) sink=(289,107) dist=46 tree=73
  raster_fail #90: net='net_96361' src=(245,61) sink=(229,112) dist=67 tree=499
  raster_fail #91: net='net_47211' src=(183,106) sink=(216,110) dist=37 tree=1
  raster_fail #92: net='net_43791' src=(119,161) sink=(200,117) dist=125 tree=822
  raster_fail #93: net='net_100641' src=(50,122) sink=(186,108) dist=150 tree=472
  raster_fail #94: net='net_100641' src=(50,122) sink=(224,113) dist=183 tree=472
  raster_fail #95: net='net_100641' src=(50,122) sink=(224,113) dist=183 tree=472
  raster_fail #96: net='net_75397' src=(130,109) sink=(237,107) dist=109 tree=1
  raster_fail #97: net='net_75397' src=(130,109) sink=(249,109) dist=119 tree=1
  raster_fail #98: net='net_75397' src=(130,109) sink=(249,106) dist=122 tree=1
  raster_fail #99: net='net_63580' src=(283,115) sink=(134,111) dist=153 tree=944
  pass 0 progress: 2916/105054 lf nets, routed=2900, failed=80, 60.0s, 48.57 nets/s  astar: reached=27179 pops/sink=2700 at_limit=78 drained=0 pops/sink=0 at_limit=0 limited=4399 pops/sink=30001 at_limit=4399
  pass 0 progress: 5000/105054 lf nets, routed=4755, failed=309, 115.1s, 43.44 nets/s  astar: reached=37013 pops/sink=2887 at_limit=146 drained=0 pops/sink=0 at_limit=0 limited=9747 pops/sink=30001 at_limit=9747
  pass 0 progress: 7433/105054 lf nets, routed=6852, failed=645, 175.1s, 42.45 nets/s  astar: reached=46223 pops/sink=2995 at_limit=221 drained=0 pops/sink=0 at_limit=0 limited=15430 pops/sink=30001 at_limit=15430
  pass 0 progress: 10000/105054 lf nets, routed=8976, failed=1088, 234.0s, 42.74 nets/s  astar: reached=54478 pops/sink=3072 at_limit=277 drained=0 pops/sink=0 at_limit=0 limited=20807 pops/sink=30001 at_limit=20807
  pass 0 progress: 12841/105054 lf nets, routed=11268, failed=1637, 294.0s, 43.68 nets/s  astar: reached=62768 pops/sink=3114 at_limit=344 drained=0 pops/sink=0 at_limit=0 limited=26722 pops/sink=30001 at_limit=26722
  pass 0 progress: 15000/105054 lf nets, routed=13020, failed=2044, 329.3s, 45.55 nets/s  astar: reached=68251 pops/sink=3140 at_limit=385 drained=0 pops/sink=0 at_limit=0 limited=30099 pops/sink=30001 at_limit=30099
  pass 0 progress: 18783/105054 lf nets, routed=16081, failed=2766, 389.3s, 48.24 nets/s  astar: reached=77603 pops/sink=3173 at_limit=462 drained=0 pops/sink=0 at_limit=0 limited=35879 pops/sink=30001 at_limit=35879
  pass 0 progress: 20000/105054 lf nets, routed=17035, failed=3029, 409.9s, 48.79 nets/s  astar: reached=80500 pops/sink=3188 at_limit=494 drained=0 pops/sink=0 at_limit=0 limited=37850 pops/sink=30001 at_limit=37850
  pass 0 progress: 24679/105054 lf nets, routed=20766, failed=3977, 469.9s, 52.52 nets/s  astar: reached=90063 pops/sink=3230 at_limit=588 drained=0 pops/sink=0 at_limit=0 limited=43552 pops/sink=30001 at_limit=43552
  pass 0 progress: 25000/105054 lf nets, routed=21025, failed=4039, 473.9s, 52.76 nets/s  astar: reached=90657 pops/sink=3232 at_limit=591 drained=0 pops/sink=0 at_limit=0 limited=43921 pops/sink=30001 at_limit=43921
  pass 0 progress: 30000/105054 lf nets, routed=24939, failed=5125, 532.9s, 56.29 nets/s  astar: reached=100037 pops/sink=3246 at_limit=674 drained=0 pops/sink=0 at_limit=0 limited=49541 pops/sink=30001 at_limit=49541
  pass 0 progress: 35000/105054 lf nets, routed=28886, failed=6178, 591.2s, 59.20 nets/s  astar: reached=109587 pops/sink=3260 at_limit=747 drained=0 pops/sink=0 at_limit=0 limited=54991 pops/sink=30001 at_limit=54991
  pass 0 progress: 40000/105054 lf nets, routed=32714, failed=7350, 631.0s, 63.39 nets/s  astar: reached=116620 pops/sink=3264 at_limit=806 drained=0 pops/sink=0 at_limit=0 limited=58591 pops/sink=30001 at_limit=58591
  pass 0 progress: 45000/105054 lf nets, routed=36476, failed=8588, 669.5s, 67.21 nets/s  astar: reached=123170 pops/sink=3275 at_limit=861 drained=0 pops/sink=0 at_limit=0 limited=62041 pops/sink=30001 at_limit=62041
  pass 0 progress: 50000/105054 lf nets, routed=40239, failed=9825, 709.0s, 70.52 nets/s  astar: reached=129724 pops/sink=3289 at_limit=910 drained=0 pops/sink=0 at_limit=0 limited=65487 pops/sink=30001 at_limit=65487
  pass 0 progress: 55000/105054 lf nets, routed=44000, failed=11064, 749.4s, 73.39 nets/s  astar: reached=136286 pops/sink=3301 at_limit=969 drained=0 pops/sink=0 at_limit=0 limited=68925 pops/sink=30001 at_limit=68925
  pass 0 progress: 60000/105054 lf nets, routed=47767, failed=12297, 791.5s, 75.80 nets/s  astar: reached=142849 pops/sink=3318 at_limit=1030 drained=0 pops/sink=0 at_limit=0 limited=72362 pops/sink=30001 at_limit=72362
  pass 0 progress: 65000/105054 lf nets, routed=51608, failed=13456, 814.0s, 79.85 nets/s  astar: reached=147433 pops/sink=3308 at_limit=1056 drained=0 pops/sink=0 at_limit=0 limited=74122 pops/sink=30001 at_limit=74122
  pass 0 progress: 70000/105054 lf nets, routed=55460, failed=14604, 829.6s, 84.38 nets/s  astar: reached=151285 pops/sink=3291 at_limit=1078 drained=0 pops/sink=0 at_limit=0 limited=75270 pops/sink=30001 at_limit=75270
  pass 0 progress: 75000/105054 lf nets, routed=59241, failed=15823, 846.3s, 88.62 nets/s  astar: reached=155066 pops/sink=3280 at_limit=1107 drained=0 pops/sink=0 at_limit=0 limited=76489 pops/sink=30001 at_limit=76489
  pass 0 progress: 80000/105054 lf nets, routed=63075, failed=16989, 862.0s, 92.81 nets/s  astar: reached=158900 pops/sink=3265 at_limit=1126 drained=0 pops/sink=0 at_limit=0 limited=77655 pops/sink=30001 at_limit=77655
  pass 0 progress: 85000/105054 lf nets, routed=66852, failed=18212, 878.3s, 96.78 nets/s  astar: reached=162677 pops/sink=3253 at_limit=1155 drained=0 pops/sink=0 at_limit=0 limited=78878 pops/sink=30001 at_limit=78878
  pass 0 progress: 90000/105054 lf nets, routed=70662, failed=19402, 894.4s, 100.63 nets/s  astar: reached=166487 pops/sink=3243 at_limit=1183 drained=0 pops/sink=0 at_limit=0 limited=80068 pops/sink=30001 at_limit=80068
