chipdb: chip_database/xc7_large.bin
design: benchmark/ispd/generated/2016/FPGA01/FPGA01.json
placer: opt_trans, route_iters: 50
  topological compress: density=0.60 target_tiles=15971 final_tiles=15777 scale=1.851 center=(205.1,111.0)
  topological init: n_movable=76660, n_edges=229053, max_layer=26775, back_edges=54022, n_anchored=0
  ALG_T prepare_discrete: 0.2s
  ALG_T collect_movable: 0.2s
  ALG_T pre_network: 0.2s
  BUILD_T tile_type_by_node: 0.0s
  BUILD_T coarse_aggregate: 0.0s
  Skipped truly-null coarse cells: 0 (of 69353 total); pruned pipes: src_null=0 dst_null=0
  Pipe capacity by span:
  Thin span-1 pipes (cap<=2): 0 total, by tile-type pair (top 20):
  Pipe cost: span^0.50 model (r1=1), span-1=1.000, span-12=3.464, 2×span-6=4.899, 12×span-1=12.000
  BUILD_T pipe_loop: 0.0s
  BUILD_T grids_and_adjacency: 0.0s
  BUILD_T tile_templates: 0.0s
  ALG_T network: 0.25s
  topological compress: density=0.60 target_tiles=15971 final_tiles=15777 scale=1.851 center=(205.1,111.0)
  topological init: n_movable=76660, n_edges=229053, max_layer=26775, back_edges=54022, n_anchored=0
  type DFF: 302 valid columns, 1077536 total BELs
  type LUT6: 302 valid columns, 538768 total BELs
TypeAwarePlacement: 2 cell types
Coordinate descent mode: 76660 cells, scale 1.00
CellValidityMask: 76660 cells, 311x223 grid, 2 bucket masks, per-cell valid positions: min=67346 avg=67346.0 max=67346, unmapped cells=0
MuxSlotTracker: 76660 cells (76660 with external fanout), 67346 tiles, total_cap=1077536, active_buckets=[DFF,LUT6], built in 272.6ms
MuxSlotTracker[post-seed]: populated_cells=27114, overflow_tiles=518, at_cap_tiles=50, peak_excess=41, capacity_hist={16:67346}
DCD placer: 76660 cells, 69353 nodes, outer_iters=11, dcd_iters_per_cell=2, graph_model=TwoLevelPip
MEM_STATIC: pipes=0MB nodes=1MB adjacency=0MB pipe_cost_vecs=0MB validity_mask=0MB n_pipes=0 n_edges=0 rss=933MB
Softmin position update: enabled, theta 0.250 -> 5.000 (anneal over 11 iters)
  ALG_T dcd_setup_done: 0.29s (pre-loop)
    analytic_phase[outer=0]: solve skipped, k=0.33
    SwitchMatrix: type_usage_pairs=0 lookups=0 hits=0 dijkstra_calls=0 avg_us=0.0 total_ms=0.0
PHASE_MARK outer=0 enter=pre_solve rss=972MB
    rss_probe[outer=0]: pre_refresh_rss=972MB post_pre_solve_rss=989MB cache_entries=0 cache_cap=0 cache_est_mb=5
    pre_solve_diag[outer=0]: solves=0 fallback=0 (0.0%) cap_armed=0 (0.0%) settle_avg=0 settle_max=0 init_count=188
  Cell placement by tile type (iter 0, 76660 cells):
    NULL: 31596
    CLB: 27114
    IOB_W: 15019
    CLK_BUFG: 2320
    BRAM: 351
    DSP: 182
    IOB_E: 78
    Overflow: over=0 (0.0% of used) avg_excess=0.00 max_excess=0.00 (nc=0.00 cap=0 span=0)  excess_buckets: <=1=0 1-5=0 5-20=0 >20=0  by_cap: cap1=0 cap2=0 cap3-5=0 cap>5=0  by_span: s1=0 s2-3=0 s4-6=0 s7-12=0 s>12=0  le1_cross: cap1=0 cap2-5=0 cap>5=0
    Congestion: pipes=0 used=0 congested(>50%)=0 saturated(>90%)=0 max_util=0.00 avg_util=0.0000
PHASE_MARK outer=0 enter=dcd_sweep rss=989MB
PHASE_MARK outer=0 leave=dcd_sweep rss=989MB
PHASE_MARK outer=0 enter=post_refresh rss=989MB
MEM_POOL: workspaces=20 dense_usage_mb=0 n_pipes=0
    post_solve_diag[outer=0]: solves=0 cap_armed=0 (0.0%) settle_avg=0 above_sink_avg=0 (0.0%) settle_max=0
    load_support[outer=0]: settle_avg=0 load_nz_avg=0 (0.0%) load_material_avg=0 (0.0%)
    prune_ceiling[outer=0]: settle_avg=0 heuristic_prunable_avg=0 (0.0%) vs oracle_zero_load=0.0%
    settle_hist[outer=0]: <100: 0nets/0.0%work  <1k: 0nets/0.0%work  <5k: 0nets/0.0%work  <20k: 0nets/0.0%work  <60k: 0nets/0.0%work  >=60k: 0nets/0.0%work
    fanout_hist[outer=0]: fan1: 0nets/0.0%work  fan2-4: 0nets/0.0%work  fan5-16: 0nets/0.0%work  fan17-64: 0nets/0.0%work  fan65-256: 0nets/0.0%work  fan>256: 0nets/0.0%work
    rss_probe[outer=0]: pre_post_solve=1015MB post_post_solve=1015MB after_apply=1015MB
MuxSlotTracker[sweep 0 LEAK]: populated_cells=45673, overflow_tiles=120, at_cap_tiles=276, peak_excess=14, capacity_hist={16:67346}
    E_decomp: base=0.0 eff=0.0 cong=0.0 cong_share=0.0% sat_pipes=0 max_util=0.00  R_buckets: 1-2x=0 2-10x=0 10-100x=0 >=100x=0
    E_potential: beckmann=0.0 history_total=-0.0
    SpanCache: epoch=1 entries=0 lookups=0 hits=0 misses=0 hit_rate=0.0%
  DCD   0: nets=105117 line=14011245 energy=0.000 dE=+0.000 friction=0.0 bins=3.1x(535) excess=231.3 moved=37179 disp=inf solves=0 skip=0 pops=0 theta=0.250 refresh=26ms dcd=15ms total=106ms
    cache_stats: entries=0 capacity=0 est_mb=5 rss_mb=1016
    analytic_phase[outer=1]: solve skipped, k=0.33
    SwitchMatrix: type_usage_pairs=0 lookups=0 hits=0 dijkstra_calls=0 avg_us=0.0 total_ms=0.0
PHASE_MARK outer=1 enter=pre_solve rss=1016MB
    rss_probe[outer=1]: pre_refresh_rss=1016MB post_pre_solve_rss=1016MB cache_entries=0 cache_cap=0 cache_est_mb=5
    pre_solve_diag[outer=1]: solves=0 fallback=0 (0.0%) cap_armed=0 (0.0%) settle_avg=0 settle_max=0 init_count=186
    Overflow: over=0 (0.0% of used) avg_excess=0.00 max_excess=0.00 (nc=0.00 cap=0 span=0)  excess_buckets: <=1=0 1-5=0 5-20=0 >20=0  by_cap: cap1=0 cap2=0 cap3-5=0 cap>5=0  by_span: s1=0 s2-3=0 s4-6=0 s7-12=0 s>12=0  le1_cross: cap1=0 cap2-5=0 cap>5=0
    Congestion: pipes=0 used=0 congested(>50%)=0 saturated(>90%)=0 max_util=0.00 avg_util=0.0000
PHASE_MARK outer=1 enter=dcd_sweep rss=1016MB
PHASE_MARK outer=1 leave=dcd_sweep rss=1016MB
PHASE_MARK outer=1 enter=post_refresh rss=1016MB
MEM_POOL: workspaces=20 dense_usage_mb=0 n_pipes=0
    post_solve_diag[outer=1]: solves=0 cap_armed=0 (0.0%) settle_avg=0 above_sink_avg=0 (0.0%) settle_max=0
    load_support[outer=1]: settle_avg=0 load_nz_avg=0 (0.0%) load_material_avg=0 (0.0%)
    prune_ceiling[outer=1]: settle_avg=0 heuristic_prunable_avg=0 (0.0%) vs oracle_zero_load=0.0%
    settle_hist[outer=1]: <100: 0nets/0.0%work  <1k: 0nets/0.0%work  <5k: 0nets/0.0%work  <20k: 0nets/0.0%work  <60k: 0nets/0.0%work  >=60k: 0nets/0.0%work
    fanout_hist[outer=1]: fan1: 0nets/0.0%work  fan2-4: 0nets/0.0%work  fan5-16: 0nets/0.0%work  fan17-64: 0nets/0.0%work  fan65-256: 0nets/0.0%work  fan>256: 0nets/0.0%work
    rss_probe[outer=1]: pre_post_solve=1016MB post_post_solve=1016MB after_apply=1016MB
MuxSlotTracker[sweep 1 LEAK]: populated_cells=54836, overflow_tiles=13, at_cap_tiles=223, peak_excess=8, capacity_hist={16:67346}
    E_decomp: base=0.0 eff=0.0 cong=0.0 cong_share=0.0% sat_pipes=0 max_util=0.00  R_buckets: 1-2x=0 2-10x=0 10-100x=0 >=100x=0
    E_potential: beckmann=0.0 history_total=-0.0
    SpanCache: epoch=2 entries=0 lookups=0 hits=0 misses=0 hit_rate=0.0%
  DCD   1: nets=105117 line=11706218 energy=0.000 dE=+0.000 friction=0.0 bins=2.2x(360) excess=111.3 moved=45968 disp=22.567 solves=0 skip=105117 pops=0 theta=0.337 refresh=3ms dcd=16ms total=44ms
    cache_stats: entries=0 capacity=0 est_mb=5 rss_mb=1016
    analytic_phase[outer=2]: solve skipped, k=0.33
    SwitchMatrix: type_usage_pairs=0 lookups=0 hits=0 dijkstra_calls=0 avg_us=0.0 total_ms=0.0
PHASE_MARK outer=2 enter=pre_solve rss=1016MB
    rss_probe[outer=2]: pre_refresh_rss=1016MB post_pre_solve_rss=1016MB cache_entries=0 cache_cap=0 cache_est_mb=5
    pre_solve_diag[outer=2]: solves=0 fallback=0 (0.0%) cap_armed=0 (0.0%) settle_avg=0 settle_max=0 init_count=188
    Overflow: over=0 (0.0% of used) avg_excess=0.00 max_excess=0.00 (nc=0.00 cap=0 span=0)  excess_buckets: <=1=0 1-5=0 5-20=0 >20=0  by_cap: cap1=0 cap2=0 cap3-5=0 cap>5=0  by_span: s1=0 s2-3=0 s4-6=0 s7-12=0 s>12=0  le1_cross: cap1=0 cap2-5=0 cap>5=0
    Congestion: pipes=0 used=0 congested(>50%)=0 saturated(>90%)=0 max_util=0.00 avg_util=0.0000
PHASE_MARK outer=2 enter=dcd_sweep rss=1016MB
PHASE_MARK outer=2 leave=dcd_sweep rss=1016MB
PHASE_MARK outer=2 enter=post_refresh rss=1016MB
MEM_POOL: workspaces=20 dense_usage_mb=0 n_pipes=0
    post_solve_diag[outer=2]: solves=0 cap_armed=0 (0.0%) settle_avg=0 above_sink_avg=0 (0.0%) settle_max=0
    load_support[outer=2]: settle_avg=0 load_nz_avg=0 (0.0%) load_material_avg=0 (0.0%)
    prune_ceiling[outer=2]: settle_avg=0 heuristic_prunable_avg=0 (0.0%) vs oracle_zero_load=0.0%
    settle_hist[outer=2]: <100: 0nets/0.0%work  <1k: 0nets/0.0%work  <5k: 0nets/0.0%work  <20k: 0nets/0.0%work  <60k: 0nets/0.0%work  >=60k: 0nets/0.0%work
    fanout_hist[outer=2]: fan1: 0nets/0.0%work  fan2-4: 0nets/0.0%work  fan5-16: 0nets/0.0%work  fan17-64: 0nets/0.0%work  fan65-256: 0nets/0.0%work  fan>256: 0nets/0.0%work
    rss_probe[outer=2]: pre_post_solve=1016MB post_post_solve=1016MB after_apply=1016MB
MuxSlotTracker[sweep 2 LEAK]: populated_cells=59763, overflow_tiles=3, at_cap_tiles=184, peak_excess=5, capacity_hist={16:67346}
    E_decomp: base=0.0 eff=0.0 cong=0.0 cong_share=0.0% sat_pipes=0 max_util=0.00  R_buckets: 1-2x=0 2-10x=0 10-100x=0 >=100x=0
    E_potential: beckmann=0.0 history_total=-0.0
    SpanCache: epoch=3 entries=0 lookups=0 hits=0 misses=0 hit_rate=0.0%
  DCD   2: nets=105117 line=10245611 energy=0.000 dE=+0.000 friction=0.0 bins=2.0x(264) excess=82.2 moved=50690 disp=14.557 solves=0 skip=105117 pops=0 theta=0.455 refresh=2ms dcd=16ms total=41ms
    cache_stats: entries=0 capacity=0 est_mb=5 rss_mb=1016
    analytic_phase[outer=3]: solve skipped, k=0.33
    SwitchMatrix: type_usage_pairs=0 lookups=0 hits=0 dijkstra_calls=0 avg_us=0.0 total_ms=0.0
PHASE_MARK outer=3 enter=pre_solve rss=1016MB
    rss_probe[outer=3]: pre_refresh_rss=1016MB post_pre_solve_rss=1016MB cache_entries=0 cache_cap=0 cache_est_mb=5
    pre_solve_diag[outer=3]: solves=0 fallback=0 (0.0%) cap_armed=0 (0.0%) settle_avg=0 settle_max=0 init_count=187
    Overflow: over=0 (0.0% of used) avg_excess=0.00 max_excess=0.00 (nc=0.00 cap=0 span=0)  excess_buckets: <=1=0 1-5=0 5-20=0 >20=0  by_cap: cap1=0 cap2=0 cap3-5=0 cap>5=0  by_span: s1=0 s2-3=0 s4-6=0 s7-12=0 s>12=0  le1_cross: cap1=0 cap2-5=0 cap>5=0
    Congestion: pipes=0 used=0 congested(>50%)=0 saturated(>90%)=0 max_util=0.00 avg_util=0.0000
PHASE_MARK outer=3 enter=dcd_sweep rss=1016MB
PHASE_MARK outer=3 leave=dcd_sweep rss=1016MB
PHASE_MARK outer=3 enter=post_refresh rss=1016MB
MEM_POOL: workspaces=20 dense_usage_mb=0 n_pipes=0
    post_solve_diag[outer=3]: solves=0 cap_armed=0 (0.0%) settle_avg=0 above_sink_avg=0 (0.0%) settle_max=0
    load_support[outer=3]: settle_avg=0 load_nz_avg=0 (0.0%) load_material_avg=0 (0.0%)
    prune_ceiling[outer=3]: settle_avg=0 heuristic_prunable_avg=0 (0.0%) vs oracle_zero_load=0.0%
    settle_hist[outer=3]: <100: 0nets/0.0%work  <1k: 0nets/0.0%work  <5k: 0nets/0.0%work  <20k: 0nets/0.0%work  <60k: 0nets/0.0%work  >=60k: 0nets/0.0%work
    fanout_hist[outer=3]: fan1: 0nets/0.0%work  fan2-4: 0nets/0.0%work  fan5-16: 0nets/0.0%work  fan17-64: 0nets/0.0%work  fan65-256: 0nets/0.0%work  fan>256: 0nets/0.0%work
    rss_probe[outer=3]: pre_post_solve=1016MB post_post_solve=1016MB after_apply=1016MB
MuxSlotTracker[sweep 3 LEAK]: populated_cells=62775, overflow_tiles=2, at_cap_tiles=152, peak_excess=2, capacity_hist={16:67346}
    E_decomp: base=0.0 eff=0.0 cong=0.0 cong_share=0.0% sat_pipes=0 max_util=0.00  R_buckets: 1-2x=0 2-10x=0 10-100x=0 >=100x=0
    E_potential: beckmann=0.0 history_total=-0.0
    SpanCache: epoch=4 entries=0 lookups=0 hits=0 misses=0 hit_rate=0.0%
  DCD   3: nets=105117 line=9226093 energy=0.000 dE=+0.000 friction=0.0 bins=2.0x(209) excess=65.5 moved=52463 disp=10.366 solves=0 skip=105117 pops=0 theta=0.614 refresh=2ms dcd=16ms total=42ms
    cache_stats: entries=0 capacity=0 est_mb=5 rss_mb=1016
    analytic_phase[outer=4]: solve skipped, k=0.33
    SwitchMatrix: type_usage_pairs=0 lookups=0 hits=0 dijkstra_calls=0 avg_us=0.0 total_ms=0.0
PHASE_MARK outer=4 enter=pre_solve rss=1016MB
    rss_probe[outer=4]: pre_refresh_rss=1016MB post_pre_solve_rss=1016MB cache_entries=0 cache_cap=0 cache_est_mb=5
    pre_solve_diag[outer=4]: solves=0 fallback=0 (0.0%) cap_armed=0 (0.0%) settle_avg=0 settle_max=0 init_count=187
    Overflow: over=0 (0.0% of used) avg_excess=0.00 max_excess=0.00 (nc=0.00 cap=0 span=0)  excess_buckets: <=1=0 1-5=0 5-20=0 >20=0  by_cap: cap1=0 cap2=0 cap3-5=0 cap>5=0  by_span: s1=0 s2-3=0 s4-6=0 s7-12=0 s>12=0  le1_cross: cap1=0 cap2-5=0 cap>5=0
    Congestion: pipes=0 used=0 congested(>50%)=0 saturated(>90%)=0 max_util=0.00 avg_util=0.0000
PHASE_MARK outer=4 enter=dcd_sweep rss=1016MB
PHASE_MARK outer=4 leave=dcd_sweep rss=1016MB
PHASE_MARK outer=4 enter=post_refresh rss=1016MB
MEM_POOL: workspaces=20 dense_usage_mb=0 n_pipes=0
    post_solve_diag[outer=4]: solves=0 cap_armed=0 (0.0%) settle_avg=0 above_sink_avg=0 (0.0%) settle_max=0
    load_support[outer=4]: settle_avg=0 load_nz_avg=0 (0.0%) load_material_avg=0 (0.0%)
    prune_ceiling[outer=4]: settle_avg=0 heuristic_prunable_avg=0 (0.0%) vs oracle_zero_load=0.0%
    settle_hist[outer=4]: <100: 0nets/0.0%work  <1k: 0nets/0.0%work  <5k: 0nets/0.0%work  <20k: 0nets/0.0%work  <60k: 0nets/0.0%work  >=60k: 0nets/0.0%work
    fanout_hist[outer=4]: fan1: 0nets/0.0%work  fan2-4: 0nets/0.0%work  fan5-16: 0nets/0.0%work  fan17-64: 0nets/0.0%work  fan65-256: 0nets/0.0%work  fan>256: 0nets/0.0%work
    rss_probe[outer=4]: pre_post_solve=1016MB post_post_solve=1016MB after_apply=1016MB
MuxSlotTracker[sweep 4 LEAK]: populated_cells=64842, overflow_tiles=1, at_cap_tiles=136, peak_excess=2, capacity_hist={16:67346}
    E_decomp: base=0.0 eff=0.0 cong=0.0 cong_share=0.0% sat_pipes=0 max_util=0.00  R_buckets: 1-2x=0 2-10x=0 10-100x=0 >=100x=0
    E_potential: beckmann=0.0 history_total=-0.0
    SpanCache: epoch=5 entries=0 lookups=0 hits=0 misses=0 hit_rate=0.0%
  DCD   4: nets=105117 line=8480694 energy=0.000 dE=+0.000 friction=0.0 bins=2.0x(209) excess=68.1 moved=52625 disp=7.812 solves=0 skip=105117 pops=0 theta=0.829 refresh=3ms dcd=17ms total=42ms
    cache_stats: entries=0 capacity=0 est_mb=5 rss_mb=1016
    analytic_phase[outer=5]: solve skipped, k=0.33
    SwitchMatrix: type_usage_pairs=0 lookups=0 hits=0 dijkstra_calls=0 avg_us=0.0 total_ms=0.0
PHASE_MARK outer=5 enter=pre_solve rss=1016MB
    rss_probe[outer=5]: pre_refresh_rss=1016MB post_pre_solve_rss=1016MB cache_entries=0 cache_cap=0 cache_est_mb=5
    pre_solve_diag[outer=5]: solves=0 fallback=0 (0.0%) cap_armed=0 (0.0%) settle_avg=0 settle_max=0 init_count=188
    Overflow: over=0 (0.0% of used) avg_excess=0.00 max_excess=0.00 (nc=0.00 cap=0 span=0)  excess_buckets: <=1=0 1-5=0 5-20=0 >20=0  by_cap: cap1=0 cap2=0 cap3-5=0 cap>5=0  by_span: s1=0 s2-3=0 s4-6=0 s7-12=0 s>12=0  le1_cross: cap1=0 cap2-5=0 cap>5=0
    Congestion: pipes=0 used=0 congested(>50%)=0 saturated(>90%)=0 max_util=0.00 avg_util=0.0000
PHASE_MARK outer=5 enter=dcd_sweep rss=1016MB
PHASE_MARK outer=5 leave=dcd_sweep rss=1016MB
PHASE_MARK outer=5 enter=post_refresh rss=1016MB
MEM_POOL: workspaces=20 dense_usage_mb=0 n_pipes=0
    post_solve_diag[outer=5]: solves=0 cap_armed=0 (0.0%) settle_avg=0 above_sink_avg=0 (0.0%) settle_max=0
    load_support[outer=5]: settle_avg=0 load_nz_avg=0 (0.0%) load_material_avg=0 (0.0%)
    prune_ceiling[outer=5]: settle_avg=0 heuristic_prunable_avg=0 (0.0%) vs oracle_zero_load=0.0%
    settle_hist[outer=5]: <100: 0nets/0.0%work  <1k: 0nets/0.0%work  <5k: 0nets/0.0%work  <20k: 0nets/0.0%work  <60k: 0nets/0.0%work  >=60k: 0nets/0.0%work
    fanout_hist[outer=5]: fan1: 0nets/0.0%work  fan2-4: 0nets/0.0%work  fan5-16: 0nets/0.0%work  fan17-64: 0nets/0.0%work  fan65-256: 0nets/0.0%work  fan>256: 0nets/0.0%work
    rss_probe[outer=5]: pre_post_solve=1016MB post_post_solve=1016MB after_apply=1016MB
MuxSlotTracker[sweep 5 LEAK]: populated_cells=66377, overflow_tiles=1, at_cap_tiles=127, peak_excess=2, capacity_hist={16:67346}
    E_decomp: base=0.0 eff=0.0 cong=0.0 cong_share=0.0% sat_pipes=0 max_util=0.00  R_buckets: 1-2x=0 2-10x=0 10-100x=0 >=100x=0
    E_potential: beckmann=0.0 history_total=-0.0
    SpanCache: epoch=6 entries=0 lookups=0 hits=0 misses=0 hit_rate=0.0%
  DCD   5: nets=105117 line=7898107 energy=0.000 dE=+0.000 friction=0.0 bins=2.0x(204) excess=65.4 moved=51917 disp=6.101 solves=0 skip=105117 pops=0 theta=1.118 refresh=2ms dcd=18ms total=43ms
    cache_stats: entries=0 capacity=0 est_mb=5 rss_mb=1017
    analytic_phase[outer=6]: solve skipped, k=0.33
    SwitchMatrix: type_usage_pairs=0 lookups=0 hits=0 dijkstra_calls=0 avg_us=0.0 total_ms=0.0
PHASE_MARK outer=6 enter=pre_solve rss=1017MB
    rss_probe[outer=6]: pre_refresh_rss=1017MB post_pre_solve_rss=1017MB cache_entries=0 cache_cap=0 cache_est_mb=5
    pre_solve_diag[outer=6]: solves=0 fallback=0 (0.0%) cap_armed=0 (0.0%) settle_avg=0 settle_max=0 init_count=182
    Overflow: over=0 (0.0% of used) avg_excess=0.00 max_excess=0.00 (nc=0.00 cap=0 span=0)  excess_buckets: <=1=0 1-5=0 5-20=0 >20=0  by_cap: cap1=0 cap2=0 cap3-5=0 cap>5=0  by_span: s1=0 s2-3=0 s4-6=0 s7-12=0 s>12=0  le1_cross: cap1=0 cap2-5=0 cap>5=0
    Congestion: pipes=0 used=0 congested(>50%)=0 saturated(>90%)=0 max_util=0.00 avg_util=0.0000
PHASE_MARK outer=6 enter=dcd_sweep rss=1017MB
PHASE_MARK outer=6 leave=dcd_sweep rss=1017MB
PHASE_MARK outer=6 enter=post_refresh rss=1017MB
MEM_POOL: workspaces=20 dense_usage_mb=0 n_pipes=0
    post_solve_diag[outer=6]: solves=0 cap_armed=0 (0.0%) settle_avg=0 above_sink_avg=0 (0.0%) settle_max=0
    load_support[outer=6]: settle_avg=0 load_nz_avg=0 (0.0%) load_material_avg=0 (0.0%)
    prune_ceiling[outer=6]: settle_avg=0 heuristic_prunable_avg=0 (0.0%) vs oracle_zero_load=0.0%
    settle_hist[outer=6]: <100: 0nets/0.0%work  <1k: 0nets/0.0%work  <5k: 0nets/0.0%work  <20k: 0nets/0.0%work  <60k: 0nets/0.0%work  >=60k: 0nets/0.0%work
    fanout_hist[outer=6]: fan1: 0nets/0.0%work  fan2-4: 0nets/0.0%work  fan5-16: 0nets/0.0%work  fan17-64: 0nets/0.0%work  fan65-256: 0nets/0.0%work  fan>256: 0nets/0.0%work
    rss_probe[outer=6]: pre_post_solve=1017MB post_post_solve=1017MB after_apply=1017MB
MuxSlotTracker[sweep 6 LEAK]: populated_cells=67522, overflow_tiles=1, at_cap_tiles=120, peak_excess=1, capacity_hist={16:67346}
    E_decomp: base=0.0 eff=0.0 cong=0.0 cong_share=0.0% sat_pipes=0 max_util=0.00  R_buckets: 1-2x=0 2-10x=0 10-100x=0 >=100x=0
    E_potential: beckmann=0.0 history_total=-0.0
    SpanCache: epoch=7 entries=0 lookups=0 hits=0 misses=0 hit_rate=0.0%
  DCD   6: nets=105117 line=7431027 energy=0.000 dE=+0.000 friction=0.0 bins=2.0x(206) excess=67.4 moved=50240 disp=4.839 solves=0 skip=105117 pops=0 theta=1.509 refresh=3ms dcd=16ms total=40ms
    cache_stats: entries=0 capacity=0 est_mb=5 rss_mb=1017
    analytic_phase[outer=7]: solve skipped, k=0.33
    SwitchMatrix: type_usage_pairs=0 lookups=0 hits=0 dijkstra_calls=0 avg_us=0.0 total_ms=0.0
PHASE_MARK outer=7 enter=pre_solve rss=1017MB
    rss_probe[outer=7]: pre_refresh_rss=1017MB post_pre_solve_rss=1017MB cache_entries=0 cache_cap=0 cache_est_mb=5
    pre_solve_diag[outer=7]: solves=0 fallback=0 (0.0%) cap_armed=0 (0.0%) settle_avg=0 settle_max=0 init_count=182
    Overflow: over=0 (0.0% of used) avg_excess=0.00 max_excess=0.00 (nc=0.00 cap=0 span=0)  excess_buckets: <=1=0 1-5=0 5-20=0 >20=0  by_cap: cap1=0 cap2=0 cap3-5=0 cap>5=0  by_span: s1=0 s2-3=0 s4-6=0 s7-12=0 s>12=0  le1_cross: cap1=0 cap2-5=0 cap>5=0
    Congestion: pipes=0 used=0 congested(>50%)=0 saturated(>90%)=0 max_util=0.00 avg_util=0.0000
PHASE_MARK outer=7 enter=dcd_sweep rss=1017MB
PHASE_MARK outer=7 leave=dcd_sweep rss=1017MB
PHASE_MARK outer=7 enter=post_refresh rss=1017MB
MEM_POOL: workspaces=20 dense_usage_mb=0 n_pipes=0
    post_solve_diag[outer=7]: solves=0 cap_armed=0 (0.0%) settle_avg=0 above_sink_avg=0 (0.0%) settle_max=0
    load_support[outer=7]: settle_avg=0 load_nz_avg=0 (0.0%) load_material_avg=0 (0.0%)
    prune_ceiling[outer=7]: settle_avg=0 heuristic_prunable_avg=0 (0.0%) vs oracle_zero_load=0.0%
    settle_hist[outer=7]: <100: 0nets/0.0%work  <1k: 0nets/0.0%work  <5k: 0nets/0.0%work  <20k: 0nets/0.0%work  <60k: 0nets/0.0%work  >=60k: 0nets/0.0%work
    fanout_hist[outer=7]: fan1: 0nets/0.0%work  fan2-4: 0nets/0.0%work  fan5-16: 0nets/0.0%work  fan17-64: 0nets/0.0%work  fan65-256: 0nets/0.0%work  fan>256: 0nets/0.0%work
    rss_probe[outer=7]: pre_post_solve=1017MB post_post_solve=1017MB after_apply=1017MB
    E_decomp: base=0.0 eff=0.0 cong=0.0 cong_share=0.0% sat_pipes=0 max_util=0.00  R_buckets: 1-2x=0 2-10x=0 10-100x=0 >=100x=0
    E_potential: beckmann=0.0 history_total=-0.0
    SpanCache: epoch=8 entries=0 lookups=0 hits=0 misses=0 hit_rate=0.0%
  DCD   7: nets=105117 line=7050020 energy=0.000 dE=+0.000 friction=0.0 bins=2.0x(242) excess=78.8 moved=48178 disp=3.987 solves=0 skip=105117 pops=0 theta=2.035 refresh=3ms dcd=16ms total=41ms
    cache_stats: entries=0 capacity=0 est_mb=5 rss_mb=1017
    analytic_phase[outer=8]: solve skipped, k=0.33
    SwitchMatrix: type_usage_pairs=0 lookups=0 hits=0 dijkstra_calls=0 avg_us=0.0 total_ms=0.0
PHASE_MARK outer=8 enter=pre_solve rss=1017MB
    rss_probe[outer=8]: pre_refresh_rss=1017MB post_pre_solve_rss=1017MB cache_entries=0 cache_cap=0 cache_est_mb=5
    pre_solve_diag[outer=8]: solves=0 fallback=0 (0.0%) cap_armed=0 (0.0%) settle_avg=0 settle_max=0 init_count=176
    Overflow: over=0 (0.0% of used) avg_excess=0.00 max_excess=0.00 (nc=0.00 cap=0 span=0)  excess_buckets: <=1=0 1-5=0 5-20=0 >20=0  by_cap: cap1=0 cap2=0 cap3-5=0 cap>5=0  by_span: s1=0 s2-3=0 s4-6=0 s7-12=0 s>12=0  le1_cross: cap1=0 cap2-5=0 cap>5=0
    Congestion: pipes=0 used=0 congested(>50%)=0 saturated(>90%)=0 max_util=0.00 avg_util=0.0000
PHASE_MARK outer=8 enter=dcd_sweep rss=1017MB
PHASE_MARK outer=8 leave=dcd_sweep rss=1017MB
PHASE_MARK outer=8 enter=post_refresh rss=1017MB
MEM_POOL: workspaces=20 dense_usage_mb=0 n_pipes=0
    post_solve_diag[outer=8]: solves=0 cap_armed=0 (0.0%) settle_avg=0 above_sink_avg=0 (0.0%) settle_max=0
    load_support[outer=8]: settle_avg=0 load_nz_avg=0 (0.0%) load_material_avg=0 (0.0%)
    prune_ceiling[outer=8]: settle_avg=0 heuristic_prunable_avg=0 (0.0%) vs oracle_zero_load=0.0%
    settle_hist[outer=8]: <100: 0nets/0.0%work  <1k: 0nets/0.0%work  <5k: 0nets/0.0%work  <20k: 0nets/0.0%work  <60k: 0nets/0.0%work  >=60k: 0nets/0.0%work
    fanout_hist[outer=8]: fan1: 0nets/0.0%work  fan2-4: 0nets/0.0%work  fan5-16: 0nets/0.0%work  fan17-64: 0nets/0.0%work  fan65-256: 0nets/0.0%work  fan>256: 0nets/0.0%work
    rss_probe[outer=8]: pre_post_solve=1017MB post_post_solve=1017MB after_apply=1017MB
    E_decomp: base=0.0 eff=0.0 cong=0.0 cong_share=0.0% sat_pipes=0 max_util=0.00  R_buckets: 1-2x=0 2-10x=0 10-100x=0 >=100x=0
    E_potential: beckmann=0.0 history_total=-0.0
    SpanCache: epoch=9 entries=0 lookups=0 hits=0 misses=0 hit_rate=0.0%
  DCD   8: nets=105117 line=6739916 energy=0.000 dE=+0.000 friction=0.0 bins=2.0x(270) excess=81.8 moved=45861 disp=3.277 solves=0 skip=105117 pops=0 theta=2.746 refresh=3ms dcd=16ms total=42ms
    cache_stats: entries=0 capacity=0 est_mb=5 rss_mb=1017
    analytic_phase[outer=9]: solve skipped, k=0.33
    SwitchMatrix: type_usage_pairs=0 lookups=0 hits=0 dijkstra_calls=0 avg_us=0.0 total_ms=0.0
PHASE_MARK outer=9 enter=pre_solve rss=1017MB
    rss_probe[outer=9]: pre_refresh_rss=1017MB post_pre_solve_rss=1017MB cache_entries=0 cache_cap=0 cache_est_mb=5
    pre_solve_diag[outer=9]: solves=0 fallback=0 (0.0%) cap_armed=0 (0.0%) settle_avg=0 settle_max=0 init_count=182
    Overflow: over=0 (0.0% of used) avg_excess=0.00 max_excess=0.00 (nc=0.00 cap=0 span=0)  excess_buckets: <=1=0 1-5=0 5-20=0 >20=0  by_cap: cap1=0 cap2=0 cap3-5=0 cap>5=0  by_span: s1=0 s2-3=0 s4-6=0 s7-12=0 s>12=0  le1_cross: cap1=0 cap2-5=0 cap>5=0
    Congestion: pipes=0 used=0 congested(>50%)=0 saturated(>90%)=0 max_util=0.00 avg_util=0.0000
PHASE_MARK outer=9 enter=dcd_sweep rss=1017MB
PHASE_MARK outer=9 leave=dcd_sweep rss=1017MB
PHASE_MARK outer=9 enter=post_refresh rss=1017MB
MEM_POOL: workspaces=20 dense_usage_mb=0 n_pipes=0
    post_solve_diag[outer=9]: solves=0 cap_armed=0 (0.0%) settle_avg=0 above_sink_avg=0 (0.0%) settle_max=0
    load_support[outer=9]: settle_avg=0 load_nz_avg=0 (0.0%) load_material_avg=0 (0.0%)
    prune_ceiling[outer=9]: settle_avg=0 heuristic_prunable_avg=0 (0.0%) vs oracle_zero_load=0.0%
    settle_hist[outer=9]: <100: 0nets/0.0%work  <1k: 0nets/0.0%work  <5k: 0nets/0.0%work  <20k: 0nets/0.0%work  <60k: 0nets/0.0%work  >=60k: 0nets/0.0%work
    fanout_hist[outer=9]: fan1: 0nets/0.0%work  fan2-4: 0nets/0.0%work  fan5-16: 0nets/0.0%work  fan17-64: 0nets/0.0%work  fan65-256: 0nets/0.0%work  fan>256: 0nets/0.0%work
    rss_probe[outer=9]: pre_post_solve=1017MB post_post_solve=1017MB after_apply=1017MB
    E_decomp: base=0.0 eff=0.0 cong=0.0 cong_share=0.0% sat_pipes=0 max_util=0.00  R_buckets: 1-2x=0 2-10x=0 10-100x=0 >=100x=0
    E_potential: beckmann=0.0 history_total=-0.0
    SpanCache: epoch=10 entries=0 lookups=0 hits=0 misses=0 hit_rate=0.0%
  DCD   9: nets=105117 line=6499818 energy=0.000 dE=+0.000 friction=0.0 bins=1.9x(300) excess=88.4 moved=43290 disp=2.735 solves=0 skip=105117 pops=0 theta=3.706 refresh=3ms dcd=15ms total=41ms
    cache_stats: entries=0 capacity=0 est_mb=5 rss_mb=1017
    analytic_phase[outer=10]: solve skipped, k=0.33
    SwitchMatrix: type_usage_pairs=0 lookups=0 hits=0 dijkstra_calls=0 avg_us=0.0 total_ms=0.0
PHASE_MARK outer=10 enter=pre_solve rss=1017MB
    rss_probe[outer=10]: pre_refresh_rss=1017MB post_pre_solve_rss=1017MB cache_entries=0 cache_cap=0 cache_est_mb=5
    pre_solve_diag[outer=10]: solves=0 fallback=0 (0.0%) cap_armed=0 (0.0%) settle_avg=0 settle_max=0 init_count=187
    Overflow: over=0 (0.0% of used) avg_excess=0.00 max_excess=0.00 (nc=0.00 cap=0 span=0)  excess_buckets: <=1=0 1-5=0 5-20=0 >20=0  by_cap: cap1=0 cap2=0 cap3-5=0 cap>5=0  by_span: s1=0 s2-3=0 s4-6=0 s7-12=0 s>12=0  le1_cross: cap1=0 cap2-5=0 cap>5=0
    Congestion: pipes=0 used=0 congested(>50%)=0 saturated(>90%)=0 max_util=0.00 avg_util=0.0000
PHASE_MARK outer=10 enter=dcd_sweep rss=1017MB
PHASE_MARK outer=10 leave=dcd_sweep rss=1017MB
PHASE_MARK outer=10 enter=post_refresh rss=1017MB
MEM_POOL: workspaces=20 dense_usage_mb=0 n_pipes=0
    post_solve_diag[outer=10]: solves=0 cap_armed=0 (0.0%) settle_avg=0 above_sink_avg=0 (0.0%) settle_max=0
    load_support[outer=10]: settle_avg=0 load_nz_avg=0 (0.0%) load_material_avg=0 (0.0%)
    prune_ceiling[outer=10]: settle_avg=0 heuristic_prunable_avg=0 (0.0%) vs oracle_zero_load=0.0%
    settle_hist[outer=10]: <100: 0nets/0.0%work  <1k: 0nets/0.0%work  <5k: 0nets/0.0%work  <20k: 0nets/0.0%work  <60k: 0nets/0.0%work  >=60k: 0nets/0.0%work
    fanout_hist[outer=10]: fan1: 0nets/0.0%work  fan2-4: 0nets/0.0%work  fan5-16: 0nets/0.0%work  fan17-64: 0nets/0.0%work  fan65-256: 0nets/0.0%work  fan>256: 0nets/0.0%work
    rss_probe[outer=10]: pre_post_solve=1017MB post_post_solve=1017MB after_apply=1017MB
    E_decomp: base=0.0 eff=0.0 cong=0.0 cong_share=0.0% sat_pipes=0 max_util=0.00  R_buckets: 1-2x=0 2-10x=0 10-100x=0 >=100x=0
    E_potential: beckmann=0.0 history_total=-0.0
    SpanCache: epoch=11 entries=0 lookups=0 hits=0 misses=0 hit_rate=0.0%
  DCD  10: nets=105117 line=6285510 energy=0.000 dE=+0.000 friction=0.0 bins=2.0x(322) excess=98.8 moved=40676 disp=2.334 solves=0 skip=105117 pops=0 theta=5.000 refresh=3ms dcd=16ms total=40ms
    cache_stats: entries=0 capacity=0 est_mb=5 rss_mb=1017
DCD done: energy=0.000 line=6285510 friction=0.0 bins=2.0x(322) excess=98.8
MuxSlotTracker: 150508 commit rejections over entire DCD
MuxSlotTracker[post-DCD]: populated_cells=70572, overflow_tiles=0, at_cap_tiles=183, peak_excess=0, capacity_hist={16:67346}
  ALG_T dcd_done: 1.23s
  ALG_T collect_net_infos_total: 0.07s
  ALG_T line_estimate_total: 0.08s
  type DFF: 302 valid columns, 1077536 total BELs
  type LUT6: 302 valid columns, 538768 total BELs
TypeAwarePlacement: 2 cell types
  SortedLegalizer: cluster_rejects=334045 shared_mux_rejects=1492917 arch_validity_rejects=0
  ALG_T legalize_done: 1.70s
PLACE_RESULT placer=opt_trans place_secs=1.70 total_hpwl=4520199
routable nets: 105118
RasterRouter: 105118 nets on 311x223, beam_width=128, max_steps=1000
RasterRouter: pre-reserved 459727 BEL-pin wires (0 conflicts)
Lookahead pip-cost model: cost = 11*sqrt(span) + orig_delay/span
Lookahead class 0 (LUT6): 8085 reachable pips, rate = 52/18 ≈ 2.889/tile
Lookahead class 1 (DFF): 8365 reachable pips, rate = 52/18 ≈ 2.889/tile
Lookahead class 2 (IOB): 8877 reachable pips, rate = 52/18 ≈ 2.889/tile
Lookahead class 3 (GND_DRV): 0 reachable pips, rate = 1/1 ≈ 1.000/tile
Lookahead class 4 (VCC_DRV): 0 reachable pips, rate = 1/1 ≈ 1.000/tile
Lookahead class 5 (RAMB18E1): 16808 reachable pips, rate = 53/19 ≈ 2.789/tile
Lookahead class 6 (FIFO18E1): 16808 reachable pips, rate = 53/19 ≈ 2.789/tile
Lookahead class 7 (RAMBFIFO36E1): 17042 reachable pips, rate = 53/19 ≈ 2.789/tile
Lookahead class 8 (RAMB36E1): 17042 reachable pips, rate = 53/19 ≈ 2.789/tile
Lookahead class 9 (FIFO36E1): 17042 reachable pips, rate = 53/19 ≈ 2.789/tile
Lookahead class 10 (BUFG): 8661 reachable pips, rate = 159/209 ≈ 0.761/tile
Lookahead class 11 (DSP48E1): 16919 reachable pips, rate = 53/19 ≈ 2.789/tile
Lookahead: 12 driver classes, default=10 (BUFG)
  priority top-5 (score, fanout): [(9300000.0, 93000), (2900.0, 29), (2800.0, 28), (2800.0, 28), (2600.0, 26)]
  high-fanout: 63/64 routed sequentially
  raster_fail #0: net='net_68108' src=(303,6) sink=(306,57) dist=54 tree=174
  raster_fail #1: net='net_98494' src=(304,13) sink=(246,83) dist=128 tree=447
  raster_fail #2: net='net_17902' src=(191,51) sink=(197,44) dist=13 tree=146
  raster_fail #3: net='net_19099' src=(297,9) sink=(162,19) dist=145 tree=918
  raster_fail #4: net='net_5582' src=(271,111) sink=(259,113) dist=14 tree=212
  raster_fail #5: net='net_87355' src=(242,93) sink=(234,112) dist=27 tree=106
  raster_fail #6: net='net_102629' src=(160,109) sink=(232,115) dist=78 tree=434
  raster_fail #7: net='net_102629' src=(160,109) sink=(233,116) dist=80 tree=434
  raster_fail #8: net='net_96551' src=(261,148) sink=(182,111) dist=116 tree=710
  raster_fail #9: net='net_52616' src=(86,121) sink=(230,111) dist=154 tree=782
  raster_fail #10: net='net_52616' src=(86,121) sink=(234,112) dist=157 tree=839
  raster_fail #11: net='net_63578' src=(128,124) sink=(217,115) dist=98 tree=593
  raster_fail #12: net='net_63578' src=(128,124) sink=(218,115) dist=99 tree=593
  raster_fail #13: net='net_63578' src=(128,124) sink=(219,114) dist=101 tree=593
  raster_fail #14: net='net_63578' src=(128,124) sink=(224,114) dist=106 tree=593
  raster_fail #15: net='net_5572' src=(181,114) sink=(259,113) dist=79 tree=686
  raster_fail #16: net='net_63126' src=(257,124) sink=(187,114) dist=80 tree=690
  raster_fail #17: net='net_38680' src=(272,72) sink=(254,112) dist=58 tree=313
  raster_fail #18: net='net_95503' src=(180,111) sink=(154,111) dist=26 tree=2
  raster_fail #19: net='net_96072' src=(214,113) sink=(235,112) dist=22 tree=59
  raster_fail #20: net='net_96072' src=(214,113) sink=(237,113) dist=23 tree=59
  raster_fail #21: net='net_103062' src=(250,114) sink=(210,114) dist=40 tree=286
  raster_fail #22: net='net_103062' src=(250,114) sink=(208,113) dist=43 tree=286
  raster_fail #23: net='net_56274' src=(242,92) sink=(227,110) dist=33 tree=155
  raster_fail #24: net='net_31870' src=(184,116) sink=(204,113) dist=23 tree=142
  raster_fail #25: net='net_31870' src=(184,116) sink=(205,112) dist=25 tree=142
  raster_fail #26: net='net_62511' src=(252,106) sink=(188,110) dist=68 tree=445
  raster_fail #27: net='net_47331' src=(101,123) sink=(167,112) dist=77 tree=340
  raster_fail #28: net='net_43494' src=(184,117) sink=(161,110) dist=30 tree=257
  raster_fail #29: net='net_24272' src=(223,86) sink=(246,110) dist=47 tree=322
  raster_fail #30: net='net_24272' src=(223,86) sink=(248,110) dist=49 tree=322
  raster_fail #31: net='net_96898' src=(131,95) sink=(238,95) dist=107 tree=255
  raster_fail #32: net='net_84728' src=(186,118) sink=(246,112) dist=66 tree=315
  raster_fail #33: net='net_45289' src=(241,99) sink=(200,115) dist=57 tree=381
  raster_fail #34: net='net_47304' src=(212,109) sink=(199,111) dist=15 tree=1
  raster_fail #35: net='net_9530' src=(301,90) sink=(171,88) dist=132 tree=849
  raster_fail #36: net='net_8916' src=(242,104) sink=(227,113) dist=24 tree=108
  raster_fail #37: net='net_45266' src=(189,107) sink=(254,112) dist=70 tree=564
  raster_fail #38: net='net_86540' src=(297,106) sink=(211,113) dist=93 tree=708
  raster_fail #39: net='net_86540' src=(297,106) sink=(208,113) dist=96 tree=708
  raster_fail #40: net='net_103151' src=(228,103) sink=(212,107) dist=20 tree=148
  raster_fail #41: net='net_95442' src=(221,110) sink=(199,109) dist=23 tree=97
  raster_fail #42: net='net_95442' src=(221,110) sink=(195,111) dist=27 tree=185
  raster_fail #43: net='net_95442' src=(221,110) sink=(162,111) dist=60 tree=364
  raster_fail #44: net='net_95442' src=(221,110) sink=(162,111) dist=60 tree=364
  raster_fail #45: net='net_95442' src=(221,110) sink=(162,111) dist=60 tree=364
  raster_fail #46: net='net_104661' src=(175,118) sink=(230,117) dist=56 tree=336
  raster_fail #47: net='net_104661' src=(175,118) sink=(255,112) dist=86 tree=413
  raster_fail #48: net='net_31497' src=(246,110) sink=(223,113) dist=26 tree=73
  raster_fail #49: net='net_47211' src=(183,106) sink=(216,110) dist=37 tree=1
  raster_fail #50: net='net_100641' src=(50,122) sink=(224,113) dist=183 tree=1026
  raster_fail #51: net='net_100641' src=(50,122) sink=(224,113) dist=183 tree=1026
  raster_fail #52: net='net_75397' src=(130,109) sink=(249,109) dist=119 tree=686
  raster_fail #53: net='net_75397' src=(130,109) sink=(249,106) dist=122 tree=686
  raster_fail #54: net='net_75397' src=(130,109) sink=(252,112) dist=125 tree=724
  raster_fail #55: net='net_61938' src=(289,133) sink=(231,112) dist=79 tree=443
  raster_fail #56: net='net_61938' src=(289,133) sink=(228,113) dist=81 tree=443
  raster_fail #57: net='net_61938' src=(289,133) sink=(219,113) dist=90 tree=443
  raster_fail #58: net='net_61938' src=(289,133) sink=(218,113) dist=91 tree=443
  raster_fail #59: net='net_99864' src=(270,107) sink=(236,108) dist=35 tree=436
  raster_fail #60: net='net_75478' src=(258,113) sink=(236,113) dist=22 tree=12
  raster_fail #61: net='net_87339' src=(117,56) sink=(217,116) dist=160 tree=677
  raster_fail #62: net='net_16976' src=(222,126) sink=(204,118) dist=26 tree=2
  raster_fail #63: net='net_73117' src=(261,91) sink=(250,119) dist=39 tree=238
  raster_fail #64: net='net_57078' src=(216,113) sink=(196,110) dist=23 tree=104
  raster_fail #65: net='net_57078' src=(216,113) sink=(248,112) dist=33 tree=237
  raster_fail #66: net='net_5349' src=(227,46) sink=(181,111) dist=111 tree=561
  raster_fail #67: net='net_85833' src=(228,114) sink=(234,115) dist=7 tree=1
  raster_fail #68: net='net_77673' src=(226,106) sink=(200,109) dist=29 tree=1
  raster_fail #69: net='net_96068' src=(198,96) sink=(159,112) dist=55 tree=1
  raster_fail #70: net='net_96068' src=(198,96) sink=(153,111) dist=60 tree=1
  raster_fail #71: net='net_96068' src=(198,96) sink=(270,114) dist=90 tree=1
  raster_fail #72: net='net_77713' src=(240,60) sink=(188,111) dist=103 tree=282
  raster_fail #73: net='net_77713' src=(240,60) sink=(170,109) dist=119 tree=829
  raster_fail #74: net='net_1640' src=(75,115) sink=(236,110) dist=166 tree=780
  raster_fail #75: net='net_8594' src=(150,118) sink=(155,110) dist=13 tree=41
  raster_fail #76: net='net_8594' src=(150,118) sink=(169,109) dist=28 tree=179
  raster_fail #77: net='net_41357' src=(292,85) sink=(271,108) dist=44 tree=238
  raster_fail #78: net='net_75417' src=(290,111) sink=(246,109) dist=46 tree=266
  raster_fail #79: net='net_75417' src=(290,111) sink=(241,108) dist=52 tree=266
  raster_fail #80: net='net_75417' src=(290,111) sink=(239,107) dist=55 tree=266
  raster_fail #81: net='net_98931' src=(234,111) sink=(229,108) dist=8 tree=1
  raster_fail #82: net='net_98931' src=(234,111) sink=(201,110) dist=34 tree=118
  raster_fail #83: net='net_98931' src=(234,111) sink=(199,110) dist=36 tree=118
  raster_fail #84: net='net_98931' src=(234,111) sink=(198,111) dist=36 tree=118
  raster_fail #85: net='net_98931' src=(234,111) sink=(194,111) dist=40 tree=118
  raster_fail #86: net='net_98931' src=(234,111) sink=(193,110) dist=42 tree=118
  raster_fail #87: net='net_98931' src=(234,111) sink=(180,111) dist=54 tree=118
  raster_fail #88: net='net_98931' src=(234,111) sink=(179,110) dist=56 tree=118
  raster_fail #89: net='net_98931' src=(234,111) sink=(163,110) dist=72 tree=118
  raster_fail #90: net='net_34550' src=(250,108) sink=(245,108) dist=5 tree=6
  raster_fail #91: net='net_43771' src=(148,113) sink=(188,111) dist=42 tree=169
  raster_fail #92: net='net_55017' src=(177,121) sink=(184,116) dist=12 tree=90
  raster_fail #93: net='net_55017' src=(177,121) sink=(237,110) dist=71 tree=576
  raster_fail #94: net='net_105093' src=(223,104) sink=(232,108) dist=13 tree=1
  raster_fail #95: net='net_105093' src=(223,104) sink=(233,110) dist=16 tree=1
  raster_fail #96: net='net_105093' src=(223,104) sink=(250,107) dist=30 tree=1
  raster_fail #97: net='net_86343' src=(265,120) sink=(252,113) dist=20 tree=194
  raster_fail #98: net='net_86343' src=(265,120) sink=(250,114) dist=21 tree=213
  raster_fail #99: net='net_82398' src=(197,87) sink=(187,112) dist=35 tree=119
  pass 0 progress: 1181/105054 lf nets, routed=1243, failed=2, 60.5s, 19.50 nets/s
  pass 0 progress: 1419/105054 lf nets, routed=1477, failed=6, 120.9s, 11.74 nets/s
  pass 0 progress: 1595/105054 lf nets, routed=1651, failed=8, 180.9s, 8.81 nets/s
  pass 0 progress: 1797/105054 lf nets, routed=1849, failed=12, 241.5s, 7.44 nets/s
  pass 0 progress: 1948/105054 lf nets, routed=1996, failed=16, 301.6s, 6.46 nets/s
  pass 0 progress: 2114/105054 lf nets, routed=2158, failed=20, 362.6s, 5.83 nets/s
  pass 0 progress: 2230/105054 lf nets, routed=2269, failed=25, 424.1s, 5.26 nets/s
  pass 0 progress: 2359/105054 lf nets, routed=2390, failed=33, 484.2s, 4.87 nets/s
  pass 0 progress: 2490/105054 lf nets, routed=2511, failed=43, 544.5s, 4.57 nets/s
  pass 0 progress: 2640/105054 lf nets, routed=2653, failed=51, 605.2s, 4.36 nets/s
  pass 0 progress: 2778/105054 lf nets, routed=2782, failed=60, 667.0s, 4.16 nets/s
  pass 0 progress: 2914/105054 lf nets, routed=2909, failed=69, 727.5s, 4.01 nets/s
  pass 0 progress: 3034/105054 lf nets, routed=3020, failed=78, 787.6s, 3.85 nets/s
  pass 0 progress: 3186/105054 lf nets, routed=3162, failed=88, 848.5s, 3.75 nets/s
  pass 0 progress: 3378/105054 lf nets, routed=3344, failed=98, 909.7s, 3.71 nets/s
  pass 0 progress: 3539/105054 lf nets, routed=3492, failed=111, 970.4s, 3.65 nets/s
  pass 0 progress: 3679/105054 lf nets, routed=3619, failed=124, 1030.8s, 3.57 nets/s
  pass 0 progress: 3841/105054 lf nets, routed=3770, failed=135, 1091.0s, 3.52 nets/s
  pass 0 progress: 3964/105054 lf nets, routed=3880, failed=148, 1151.1s, 3.44 nets/s
  pass 0 progress: 4077/105054 lf nets, routed=3976, failed=165, 1211.6s, 3.37 nets/s
  pass 0 progress: 4209/105054 lf nets, routed=4094, failed=179, 1272.9s, 3.31 nets/s
  pass 0 progress: 4354/105054 lf nets, routed=4225, failed=193, 1334.2s, 3.26 nets/s
  pass 0 progress: 4501/105054 lf nets, routed=4358, failed=207, 1396.6s, 3.22 nets/s
  pass 0 progress: 4649/105054 lf nets, routed=4493, failed=220, 1456.7s, 3.19 nets/s
  pass 0 progress: 4780/105054 lf nets, routed=4611, failed=233, 1517.2s, 3.15 nets/s
  pass 0 progress: 4933/105054 lf nets, routed=4755, failed=242, 1578.6s, 3.12 nets/s
  pass 0 progress: 5000/105054 lf nets, routed=4814, failed=250, 1613.3s, 3.10 nets/s
  pass 0 progress: 5133/105054 lf nets, routed=4935, failed=262, 1675.0s, 3.06 nets/s
  pass 0 progress: 5252/105054 lf nets, routed=5042, failed=274, 1735.2s, 3.03 nets/s
  pass 0 progress: 5437/105054 lf nets, routed=5211, failed=290, 1795.5s, 3.03 nets/s
  pass 0 progress: 5632/105054 lf nets, routed=5387, failed=309, 1856.1s, 3.03 nets/s
  pass 0 progress: 5770/105054 lf nets, routed=5502, failed=332, 1916.7s, 3.01 nets/s
  pass 0 progress: 5934/105054 lf nets, routed=5653, failed=345, 1977.2s, 3.00 nets/s
  pass 0 progress: 6096/105054 lf nets, routed=5797, failed=363, 2037.2s, 2.99 nets/s
  pass 0 progress: 6266/105054 lf nets, routed=5948, failed=382, 2097.4s, 2.99 nets/s
  pass 0 progress: 6398/105054 lf nets, routed=6057, failed=405, 2157.9s, 2.96 nets/s
  pass 0 progress: 6550/105054 lf nets, routed=6188, failed=426, 2218.8s, 2.95 nets/s
  pass 0 progress: 6719/105054 lf nets, routed=6341, failed=442, 2279.1s, 2.95 nets/s
  pass 0 progress: 6872/105054 lf nets, routed=6476, failed=460, 2339.4s, 2.94 nets/s
  pass 0 progress: 7026/105054 lf nets, routed=6607, failed=483, 2400.9s, 2.93 nets/s
  pass 0 progress: 7177/105054 lf nets, routed=6740, failed=501, 2462.7s, 2.91 nets/s
  pass 0 progress: 7296/105054 lf nets, routed=6842, failed=518, 2524.2s, 2.89 nets/s
  pass 0 progress: 7419/105054 lf nets, routed=6950, failed=533, 2585.5s, 2.87 nets/s
  pass 0 progress: 7539/105054 lf nets, routed=7054, failed=549, 2647.2s, 2.85 nets/s
  pass 0 progress: 7676/105054 lf nets, routed=7172, failed=568, 2708.3s, 2.83 nets/s
  pass 0 progress: 7817/105054 lf nets, routed=7297, failed=584, 2770.0s, 2.82 nets/s
  pass 0 progress: 7953/105054 lf nets, routed=7414, failed=603, 2830.3s, 2.81 nets/s
  pass 0 progress: 8085/105054 lf nets, routed=7520, failed=629, 2891.3s, 2.80 nets/s
  pass 0 progress: 8253/105054 lf nets, routed=7663, failed=654, 2951.8s, 2.80 nets/s
  pass 0 progress: 8465/105054 lf nets, routed=7843, failed=686, 3011.9s, 2.81 nets/s
  pass 0 progress: 8681/105054 lf nets, routed=8027, failed=718, 3072.5s, 2.83 nets/s
  pass 0 progress: 8870/105054 lf nets, routed=8187, failed=747, 3132.8s, 2.83 nets/s
  pass 0 progress: 9074/105054 lf nets, routed=8364, failed=774, 3192.8s, 2.84 nets/s
  pass 0 progress: 9251/105054 lf nets, routed=8502, failed=813, 3254.3s, 2.84 nets/s
  pass 0 progress: 9442/105054 lf nets, routed=8664, failed=842, 3314.8s, 2.85 nets/s
  pass 0 progress: 9655/105054 lf nets, routed=8850, failed=869, 3375.6s, 2.86 nets/s
  pass 0 progress: 9841/105054 lf nets, routed=9010, failed=895, 3435.6s, 2.86 nets/s
  pass 0 progress: 10000/105054 lf nets, routed=9148, failed=916, 3487.0s, 2.87 nets/s
  pass 0 progress: 10173/105054 lf nets, routed=9294, failed=943, 3547.4s, 2.87 nets/s
  pass 0 progress: 10384/105054 lf nets, routed=9471, failed=977, 3607.4s, 2.88 nets/s
  pass 0 progress: 10556/105054 lf nets, routed=9615, failed=1005, 3667.6s, 2.88 nets/s
  pass 0 progress: 10773/105054 lf nets, routed=9806, failed=1031, 3728.6s, 2.89 nets/s
  pass 0 progress: 10952/105054 lf nets, routed=9951, failed=1065, 3789.6s, 2.89 nets/s
  pass 0 progress: 11158/105054 lf nets, routed=10132, failed=1090, 3850.0s, 2.90 nets/s
  pass 0 progress: 11332/105054 lf nets, routed=10280, failed=1116, 3911.6s, 2.90 nets/s
  pass 0 progress: 11508/105054 lf nets, routed=10423, failed=1149, 3972.5s, 2.90 nets/s
  pass 0 progress: 11670/105054 lf nets, routed=10561, failed=1173, 4033.2s, 2.89 nets/s
  pass 0 progress: 11888/105054 lf nets, routed=10749, failed=1203, 4093.5s, 2.90 nets/s
  pass 0 progress: 12043/105054 lf nets, routed=10874, failed=1233, 4153.7s, 2.90 nets/s
  pass 0 progress: 12186/105054 lf nets, routed=10993, failed=1257, 4214.5s, 2.89 nets/s
  pass 0 progress: 12362/105054 lf nets, routed=11139, failed=1287, 4274.5s, 2.89 nets/s
  pass 0 progress: 12540/105054 lf nets, routed=11283, failed=1321, 4334.9s, 2.89 nets/s
  pass 0 progress: 12726/105054 lf nets, routed=11440, failed=1350, 4395.1s, 2.90 nets/s
  pass 0 progress: 12886/105054 lf nets, routed=11571, failed=1379, 4455.5s, 2.89 nets/s
  pass 0 progress: 13062/105054 lf nets, routed=11723, failed=1403, 4515.8s, 2.89 nets/s
  pass 0 progress: 13301/105054 lf nets, routed=11926, failed=1439, 4576.4s, 2.91 nets/s
  pass 0 progress: 13584/105054 lf nets, routed=12167, failed=1481, 4637.0s, 2.93 nets/s
  pass 0 progress: 13798/105054 lf nets, routed=12343, failed=1519, 4697.5s, 2.94 nets/s
  pass 0 progress: 14087/105054 lf nets, routed=12584, failed=1567, 4758.0s, 2.96 nets/s
  pass 0 progress: 14355/105054 lf nets, routed=12810, failed=1609, 4818.3s, 2.98 nets/s
  pass 0 progress: 14592/105054 lf nets, routed=13003, failed=1653, 4878.4s, 2.99 nets/s
  pass 0 progress: 14850/105054 lf nets, routed=13221, failed=1693, 4938.5s, 3.01 nets/s
  pass 0 progress: 15000/105054 lf nets, routed=13350, failed=1714, 4967.3s, 3.02 nets/s
  pass 0 progress: 15247/105054 lf nets, routed=13551, failed=1760, 5027.4s, 3.03 nets/s
  pass 0 progress: 15507/105054 lf nets, routed=13771, failed=1800, 5087.6s, 3.05 nets/s
  pass 0 progress: 15760/105054 lf nets, routed=13990, failed=1834, 5147.7s, 3.06 nets/s
  pass 0 progress: 16005/105054 lf nets, routed=14199, failed=1870, 5208.2s, 3.07 nets/s
  pass 0 progress: 16253/105054 lf nets, routed=14410, failed=1907, 5268.4s, 3.08 nets/s
  pass 0 progress: 16527/105054 lf nets, routed=14641, failed=1950, 5329.8s, 3.10 nets/s
  pass 0 progress: 16813/105054 lf nets, routed=14887, failed=1990, 5390.8s, 3.12 nets/s
