Running scope as unit: run-r0e257905534443e0ae8f22f8bded0268.scope
chipdb: /home/kelvin/side-project/eisenjoch/chip_database/xc7_large.bin
design: /home/kelvin/side-project/eisenjoch/benchmark/ispd/generated/2016/FPGA01/FPGA01.json
RSS_SAMPLE t=0.0s rss=4MB hwm=4MB
RSS_SAMPLE t=0.3s rss=465MB hwm=465MB
RSS_SAMPLE t=0.5s rss=726MB hwm=726MB
RSS_SAMPLE t=0.8s rss=824MB hwm=824MB
RSS_SAMPLE t=1.0s rss=819MB hwm=823MB
RSS_SAMPLE t=1.3s rss=819MB hwm=823MB
RSS_SAMPLE t=1.5s rss=820MB hwm=823MB
cfg: max_outer_iters=3 blend_alpha=0.5 hardening_step=0 graph_model=TwoLevelPip
RSS_SAMPLE t=1.8s rss=820MB hwm=823MB
  topological compress: density=0.60 target_tiles=15971 final_tiles=15777 scale=1.851 center=(205.1,111.0)
  topological init: n_movable=76660, n_edges=229053, max_layer=26775, back_edges=54022, n_anchored=0
RSS_SAMPLE t=2.0s rss=820MB hwm=823MB
RSS_SAMPLE t=2.3s rss=820MB hwm=823MB
RSS_SAMPLE t=2.5s rss=820MB hwm=823MB
RSS_SAMPLE t=2.8s rss=820MB hwm=823MB
RSS_SAMPLE t=3.0s rss=820MB hwm=823MB
RSS_SAMPLE t=3.3s rss=820MB hwm=823MB
RSS_SAMPLE t=3.5s rss=820MB hwm=823MB
RSS_SAMPLE t=3.8s rss=820MB hwm=823MB
RSS_SAMPLE t=4.0s rss=820MB hwm=823MB
RSS_SAMPLE t=4.3s rss=820MB hwm=823MB
RSS_SAMPLE t=4.5s rss=820MB hwm=823MB
RSS_SAMPLE t=4.8s rss=820MB hwm=823MB
RSS_SAMPLE t=5.0s rss=820MB hwm=823MB
RSS_SAMPLE t=5.3s rss=820MB hwm=823MB
RSS_SAMPLE t=5.5s rss=820MB hwm=823MB
RSS_SAMPLE t=5.8s rss=820MB hwm=823MB
RSS_SAMPLE t=6.0s rss=820MB hwm=823MB
RSS_SAMPLE t=6.3s rss=820MB hwm=823MB
RSS_SAMPLE t=6.5s rss=820MB hwm=823MB
RSS_SAMPLE t=6.8s rss=820MB hwm=823MB
RSS_SAMPLE t=7.0s rss=820MB hwm=823MB
RSS_SAMPLE t=7.3s rss=820MB hwm=823MB
RSS_SAMPLE t=7.5s rss=820MB hwm=823MB
RSS_SAMPLE t=7.8s rss=820MB hwm=823MB
RSS_SAMPLE t=8.0s rss=820MB hwm=823MB
RSS_SAMPLE t=8.3s rss=820MB hwm=823MB
RSS_SAMPLE t=8.5s rss=820MB hwm=823MB
RSS_SAMPLE t=8.8s rss=820MB hwm=823MB
RSS_SAMPLE t=9.0s rss=820MB hwm=823MB
RSS_SAMPLE t=9.3s rss=820MB hwm=823MB
RSS_SAMPLE t=9.5s rss=820MB hwm=823MB
RSS_SAMPLE t=9.8s rss=820MB hwm=823MB
RSS_SAMPLE t=10.0s rss=820MB hwm=823MB
RSS_SAMPLE t=10.3s rss=820MB hwm=823MB
RSS_SAMPLE t=10.5s rss=820MB hwm=823MB
RSS_SAMPLE t=10.8s rss=820MB hwm=823MB
RSS_SAMPLE t=11.0s rss=820MB hwm=823MB
RSS_SAMPLE t=11.3s rss=820MB hwm=823MB
RSS_SAMPLE t=11.5s rss=820MB hwm=823MB
RSS_SAMPLE t=11.8s rss=820MB hwm=823MB
RSS_SAMPLE t=12.0s rss=820MB hwm=823MB
RSS_SAMPLE t=12.3s rss=820MB hwm=823MB
RSS_SAMPLE t=12.5s rss=820MB hwm=823MB
RSS_SAMPLE t=12.8s rss=820MB hwm=823MB
RSS_SAMPLE t=13.0s rss=820MB hwm=823MB
RSS_SAMPLE t=13.3s rss=820MB hwm=823MB
RSS_SAMPLE t=13.5s rss=820MB hwm=823MB
RSS_SAMPLE t=13.8s rss=820MB hwm=823MB
RSS_SAMPLE t=14.0s rss=820MB hwm=823MB
RSS_SAMPLE t=14.3s rss=820MB hwm=823MB
RSS_SAMPLE t=14.5s rss=820MB hwm=823MB
RSS_SAMPLE t=14.8s rss=820MB hwm=823MB
RSS_SAMPLE t=15.0s rss=820MB hwm=823MB
RSS_SAMPLE t=15.3s rss=820MB hwm=823MB
RSS_SAMPLE t=15.5s rss=820MB hwm=823MB
RSS_SAMPLE t=15.8s rss=820MB hwm=823MB
RSS_SAMPLE t=16.0s rss=820MB hwm=823MB
RSS_SAMPLE t=16.3s rss=820MB hwm=823MB
RSS_SAMPLE t=16.5s rss=820MB hwm=823MB
RSS_SAMPLE t=16.8s rss=820MB hwm=823MB
RSS_SAMPLE t=17.0s rss=820MB hwm=823MB
RSS_SAMPLE t=17.3s rss=820MB hwm=823MB
RSS_SAMPLE t=17.5s rss=820MB hwm=823MB
RSS_SAMPLE t=17.8s rss=820MB hwm=823MB
RSS_SAMPLE t=18.0s rss=820MB hwm=823MB
RSS_SAMPLE t=18.3s rss=820MB hwm=823MB
RSS_SAMPLE t=18.5s rss=820MB hwm=823MB
RSS_SAMPLE t=18.8s rss=820MB hwm=823MB
RSS_SAMPLE t=19.0s rss=820MB hwm=823MB
RSS_SAMPLE t=19.3s rss=820MB hwm=823MB
RSS_SAMPLE t=19.5s rss=820MB hwm=823MB
RSS_SAMPLE t=19.8s rss=820MB hwm=823MB
RSS_SAMPLE t=20.0s rss=820MB hwm=823MB
RSS_SAMPLE t=20.3s rss=820MB hwm=823MB
RSS_SAMPLE t=20.5s rss=820MB hwm=823MB
RSS_SAMPLE t=20.8s rss=820MB hwm=823MB
RSS_SAMPLE t=21.0s rss=820MB hwm=823MB
RSS_SAMPLE t=21.3s rss=820MB hwm=823MB
RSS_SAMPLE t=21.5s rss=820MB hwm=823MB
RSS_SAMPLE t=21.8s rss=820MB hwm=823MB
RSS_SAMPLE t=22.0s rss=820MB hwm=823MB
RSS_SAMPLE t=22.3s rss=820MB hwm=823MB
RSS_SAMPLE t=22.5s rss=820MB hwm=823MB
RSS_SAMPLE t=22.8s rss=820MB hwm=823MB
RSS_SAMPLE t=23.0s rss=820MB hwm=823MB
RSS_SAMPLE t=23.3s rss=820MB hwm=823MB
RSS_SAMPLE t=23.5s rss=820MB hwm=823MB
RSS_SAMPLE t=23.8s rss=820MB hwm=823MB
RSS_SAMPLE t=24.0s rss=820MB hwm=823MB
RSS_SAMPLE t=24.3s rss=820MB hwm=823MB
RSS_SAMPLE t=24.5s rss=820MB hwm=823MB
RSS_SAMPLE t=24.8s rss=820MB hwm=823MB
RSS_SAMPLE t=25.0s rss=820MB hwm=823MB
RSS_SAMPLE t=25.3s rss=820MB hwm=823MB
RSS_SAMPLE t=25.5s rss=820MB hwm=823MB
RSS_SAMPLE t=25.8s rss=820MB hwm=823MB
RSS_SAMPLE t=26.0s rss=820MB hwm=823MB
RSS_SAMPLE t=26.3s rss=820MB hwm=823MB
RSS_SAMPLE t=26.5s rss=820MB hwm=823MB
RSS_SAMPLE t=26.8s rss=820MB hwm=823MB
RSS_SAMPLE t=27.0s rss=820MB hwm=823MB
RSS_SAMPLE t=27.3s rss=820MB hwm=823MB
RSS_SAMPLE t=27.5s rss=820MB hwm=823MB
RSS_SAMPLE t=27.8s rss=820MB hwm=823MB
RSS_SAMPLE t=28.0s rss=820MB hwm=823MB
RSS_SAMPLE t=28.3s rss=820MB hwm=823MB
RSS_SAMPLE t=28.5s rss=820MB hwm=823MB
RSS_SAMPLE t=28.8s rss=820MB hwm=823MB
RSS_SAMPLE t=29.0s rss=820MB hwm=823MB
RSS_SAMPLE t=29.3s rss=820MB hwm=823MB
RSS_SAMPLE t=29.5s rss=820MB hwm=823MB
RSS_SAMPLE t=29.8s rss=820MB hwm=823MB
RSS_SAMPLE t=30.0s rss=820MB hwm=823MB
RSS_SAMPLE t=30.3s rss=820MB hwm=823MB
RSS_SAMPLE t=30.5s rss=820MB hwm=823MB
RSS_SAMPLE t=30.8s rss=820MB hwm=823MB
RSS_SAMPLE t=31.0s rss=820MB hwm=823MB
RSS_SAMPLE t=31.3s rss=820MB hwm=823MB
RSS_SAMPLE t=31.5s rss=820MB hwm=823MB
RSS_SAMPLE t=31.8s rss=820MB hwm=823MB
RSS_SAMPLE t=32.0s rss=820MB hwm=823MB
RSS_SAMPLE t=32.3s rss=820MB hwm=823MB
RSS_SAMPLE t=32.5s rss=820MB hwm=823MB
RSS_SAMPLE t=32.8s rss=820MB hwm=823MB
RSS_SAMPLE t=33.0s rss=820MB hwm=823MB
RSS_SAMPLE t=33.3s rss=820MB hwm=823MB
RSS_SAMPLE t=33.5s rss=820MB hwm=823MB
RSS_SAMPLE t=33.8s rss=820MB hwm=823MB
RSS_SAMPLE t=34.0s rss=820MB hwm=823MB
RSS_SAMPLE t=34.3s rss=820MB hwm=823MB
RSS_SAMPLE t=34.5s rss=820MB hwm=823MB
RSS_SAMPLE t=34.8s rss=820MB hwm=823MB
RSS_SAMPLE t=35.0s rss=820MB hwm=823MB
RSS_SAMPLE t=35.3s rss=820MB hwm=823MB
RSS_SAMPLE t=35.5s rss=820MB hwm=823MB
RSS_SAMPLE t=35.8s rss=820MB hwm=823MB
RSS_SAMPLE t=36.0s rss=820MB hwm=823MB
RSS_SAMPLE t=36.3s rss=820MB hwm=823MB
RSS_SAMPLE t=36.5s rss=820MB hwm=823MB
RSS_SAMPLE t=36.8s rss=820MB hwm=823MB
RSS_SAMPLE t=37.0s rss=820MB hwm=823MB
RSS_SAMPLE t=37.3s rss=820MB hwm=823MB
RSS_SAMPLE t=37.5s rss=820MB hwm=823MB
RSS_SAMPLE t=37.8s rss=820MB hwm=823MB
RSS_SAMPLE t=38.0s rss=820MB hwm=823MB
RSS_SAMPLE t=38.3s rss=820MB hwm=823MB
RSS_SAMPLE t=38.5s rss=820MB hwm=823MB
RSS_SAMPLE t=38.8s rss=820MB hwm=823MB
RSS_SAMPLE t=39.0s rss=820MB hwm=823MB
RSS_SAMPLE t=39.3s rss=820MB hwm=823MB
RSS_SAMPLE t=39.5s rss=820MB hwm=823MB
RSS_SAMPLE t=39.8s rss=820MB hwm=823MB
RSS_SAMPLE t=40.0s rss=820MB hwm=823MB
RSS_SAMPLE t=40.3s rss=820MB hwm=823MB
RSS_SAMPLE t=40.5s rss=820MB hwm=823MB
RSS_SAMPLE t=40.8s rss=820MB hwm=823MB
RSS_SAMPLE t=41.0s rss=820MB hwm=823MB
RSS_SAMPLE t=41.3s rss=820MB hwm=823MB
RSS_SAMPLE t=41.5s rss=820MB hwm=823MB
RSS_SAMPLE t=41.8s rss=820MB hwm=823MB
RSS_SAMPLE t=42.0s rss=820MB hwm=823MB
RSS_SAMPLE t=42.3s rss=820MB hwm=823MB
RSS_SAMPLE t=42.5s rss=820MB hwm=823MB
RSS_SAMPLE t=42.8s rss=820MB hwm=823MB
RSS_SAMPLE t=43.0s rss=820MB hwm=823MB
RSS_SAMPLE t=43.3s rss=820MB hwm=823MB
RSS_SAMPLE t=43.5s rss=820MB hwm=823MB
RSS_SAMPLE t=43.8s rss=820MB hwm=823MB
RSS_SAMPLE t=44.0s rss=820MB hwm=823MB
RSS_SAMPLE t=44.3s rss=820MB hwm=823MB
RSS_SAMPLE t=44.5s rss=820MB hwm=823MB
RSS_SAMPLE t=44.8s rss=820MB hwm=823MB
RSS_SAMPLE t=45.0s rss=820MB hwm=823MB
RSS_SAMPLE t=45.3s rss=820MB hwm=823MB
RSS_SAMPLE t=45.5s rss=820MB hwm=823MB
RSS_SAMPLE t=45.8s rss=820MB hwm=823MB
RSS_SAMPLE t=46.0s rss=820MB hwm=823MB
RSS_SAMPLE t=46.3s rss=820MB hwm=823MB
RSS_SAMPLE t=46.5s rss=820MB hwm=823MB
RSS_SAMPLE t=46.8s rss=820MB hwm=823MB
RSS_SAMPLE t=47.0s rss=820MB hwm=823MB
RSS_SAMPLE t=47.3s rss=820MB hwm=823MB
RSS_SAMPLE t=47.5s rss=820MB hwm=823MB
RSS_SAMPLE t=47.8s rss=820MB hwm=823MB
RSS_SAMPLE t=48.0s rss=820MB hwm=823MB
RSS_SAMPLE t=48.3s rss=820MB hwm=823MB
RSS_SAMPLE t=48.5s rss=820MB hwm=823MB
RSS_SAMPLE t=48.8s rss=820MB hwm=823MB
RSS_SAMPLE t=49.0s rss=820MB hwm=823MB
RSS_SAMPLE t=49.3s rss=820MB hwm=823MB
RSS_SAMPLE t=49.5s rss=820MB hwm=823MB
RSS_SAMPLE t=49.8s rss=820MB hwm=823MB
RSS_SAMPLE t=50.0s rss=820MB hwm=823MB
RSS_SAMPLE t=50.3s rss=820MB hwm=823MB
RSS_SAMPLE t=50.5s rss=820MB hwm=823MB
RSS_SAMPLE t=50.8s rss=820MB hwm=823MB
RSS_SAMPLE t=51.0s rss=820MB hwm=823MB
RSS_SAMPLE t=51.3s rss=820MB hwm=823MB
RSS_SAMPLE t=51.5s rss=820MB hwm=823MB
RSS_SAMPLE t=51.8s rss=820MB hwm=823MB
RSS_SAMPLE t=52.0s rss=820MB hwm=823MB
RSS_SAMPLE t=52.3s rss=820MB hwm=823MB
RSS_SAMPLE t=52.5s rss=820MB hwm=823MB
RSS_SAMPLE t=52.8s rss=820MB hwm=823MB
RSS_SAMPLE t=53.0s rss=820MB hwm=823MB
RSS_SAMPLE t=53.3s rss=820MB hwm=823MB
RSS_SAMPLE t=53.5s rss=820MB hwm=823MB
RSS_SAMPLE t=53.8s rss=820MB hwm=823MB
RSS_SAMPLE t=54.0s rss=841MB hwm=841MB
RSS_SAMPLE t=54.3s rss=886MB hwm=886MB
RSS_SAMPLE t=54.5s rss=927MB hwm=927MB
RSS_SAMPLE t=54.8s rss=933MB hwm=933MB
RSS_SAMPLE t=55.0s rss=933MB hwm=933MB
RSS_SAMPLE t=55.3s rss=933MB hwm=933MB
RSS_SAMPLE t=55.5s rss=933MB hwm=933MB
RSS_SAMPLE t=55.8s rss=933MB hwm=933MB
  Skipped truly-null coarse cells: 0 (of 69353 total); pruned pipes: src_null=0 dst_null=0
  Pipe capacity by span:
    span=  1: 138172 pipes, cap min=1 avg=134.5 max=432
    span=  2: 136455 pipes, cap min=2 avg=50.7 max=118
    span=  3: 135619 pipes, cap min=2 avg=26.1 max=52
    span=  4: 136319 pipes, cap min=2 avg=22.7 max=140
    span=  5: 135918 pipes, cap min=2 avg=66.1 max=124
    span=  6: 201217 pipes, cap min=2 avg=15.2 max=28
    span=  7: 200933 pipes, cap min=1 avg=7.3 max=20
    span=  8: 132748 pipes, cap min=2 avg=6.0 max=10
    span=  9: 130848 pipes, cap min=2 avg=6.0 max=10
    span= 10: 131090 pipes, cap min=2 avg=2.2 max=31
    span= 11: 129628 pipes, cap min=2 avg=2.0 max=4
    span= 12: 129018 pipes, cap min=2 avg=2.0 max=4
    span= 13: 128408 pipes, cap min=1 avg=1.5 max=4
    span= 14: 127798 pipes, cap min=1 avg=1.0 max=2
    span= 15: 127188 pipes, cap min=1 avg=1.0 max=2
    span= 16: 126578 pipes, cap min=1 avg=1.0 max=2
    span= 17: 125968 pipes, cap min=1 avg=1.0 max=2
    span= 18: 125358 pipes, cap min=1 avg=1.0 max=2
    span= 19: 63140 pipes, cap min=1 avg=1.0 max=2
  Thin span-1 pipes (cap<=2): 222 total, by tile-type pair (top 20):
    NULL <-> NULL: 220
    CLK_BUFG <-> NULL: 2
  Pipe cost: span^0.50 model (r1=1), span-1=1.000, span-12=3.464, 2×span-6=4.899, 12×span-1=12.000
RSS_SAMPLE t=56.0s rss=934MB hwm=934MB
RSS_SAMPLE t=56.3s rss=1025MB hwm=1025MB
  topological compress: density=0.60 target_tiles=15971 final_tiles=15777 scale=1.851 center=(205.1,111.0)
  topological init: n_movable=76660, n_edges=229053, max_layer=26775, back_edges=54022, n_anchored=0
  type DFF: 302 valid columns, 1077536 total BELs
  type LUT6: 302 valid columns, 538768 total BELs
TypeAwarePlacement: 2 cell types
Coordinate descent mode: 76660 cells, scale 1.00
CellValidityMask: 76660 cells, 311x223 grid, 2 bucket masks, per-cell valid positions: min=67346 avg=67346.0 max=67346, unmapped cells=0
MuxSlotTracker: 76660 cells (76660 with external fanout), 67346 tiles, total_cap=1077536, active_buckets=[DFF,LUT6], built in 78.9ms
MuxSlotTracker[post-seed]: populated_cells=27114, overflow_tiles=518, at_cap_tiles=50, peak_excess=41, capacity_hist={16:67346}
DCD placer: 76660 cells, 69353 nodes, outer_iters=3, dcd_iters_per_cell=8, graph_model=TwoLevelPip
MEM_STATIC: pipes=352MB nodes=1MB adjacency=78MB pipe_cost_vecs=59MB validity_mask=0MB n_pipes=2562403 n_edges=5124806 rss=1038MB
Softmin position update: enabled, theta 0.250 -> 5.000 (anneal over 3 iters)
RSS_SAMPLE t=56.5s rss=1064MB hwm=1064MB
RSS_SAMPLE t=56.8s rss=1065MB hwm=1065MB
RSS_SAMPLE t=57.0s rss=1065MB hwm=1065MB
RSS_SAMPLE t=57.3s rss=1065MB hwm=1065MB
RSS_SAMPLE t=57.5s rss=1065MB hwm=1065MB
RSS_SAMPLE t=57.8s rss=1065MB hwm=1065MB
RSS_SAMPLE t=58.0s rss=1065MB hwm=1065MB
RSS_SAMPLE t=58.3s rss=1065MB hwm=1065MB
RSS_SAMPLE t=58.5s rss=1065MB hwm=1065MB
RSS_SAMPLE t=58.8s rss=1065MB hwm=1065MB
    SwitchMatrix: type_usage_pairs=7 lookups=110 hits=103 dijkstra_calls=7 avg_us=10.7 total_ms=0.1
PHASE_MARK outer=0 enter=pre_solve rss=1068MB
RSS_SAMPLE t=59.0s rss=1196MB hwm=1196MB
RSS_SAMPLE t=59.3s rss=1216MB hwm=1216MB
RSS_SAMPLE t=59.5s rss=1223MB hwm=1223MB
RSS_SAMPLE t=59.8s rss=1231MB hwm=1231MB
RSS_SAMPLE t=60.0s rss=1240MB hwm=1240MB
RSS_SAMPLE t=60.3s rss=1245MB hwm=1245MB
RSS_SAMPLE t=60.5s rss=1250MB hwm=1250MB
RSS_SAMPLE t=60.8s rss=1256MB hwm=1256MB
RSS_SAMPLE t=61.0s rss=1261MB hwm=1261MB
RSS_SAMPLE t=61.3s rss=1267MB hwm=1267MB
RSS_SAMPLE t=61.5s rss=1272MB hwm=1272MB
RSS_SAMPLE t=61.8s rss=1277MB hwm=1277MB
RSS_SAMPLE t=62.0s rss=1283MB hwm=1283MB
RSS_SAMPLE t=62.3s rss=1289MB hwm=1289MB
RSS_SAMPLE t=62.5s rss=1295MB hwm=1295MB
RSS_SAMPLE t=62.8s rss=1301MB hwm=1301MB
RSS_SAMPLE t=63.0s rss=1310MB hwm=1310MB
RSS_SAMPLE t=63.3s rss=1315MB hwm=1315MB
RSS_SAMPLE t=63.5s rss=1322MB hwm=1322MB
RSS_SAMPLE t=63.8s rss=1327MB hwm=1327MB
RSS_SAMPLE t=64.0s rss=1334MB hwm=1334MB
RSS_SAMPLE t=64.3s rss=1339MB hwm=1339MB
RSS_SAMPLE t=64.5s rss=1346MB hwm=1346MB
RSS_SAMPLE t=64.8s rss=1353MB hwm=1353MB
RSS_SAMPLE t=65.0s rss=1360MB hwm=1360MB
RSS_SAMPLE t=65.3s rss=1366MB hwm=1366MB
RSS_SAMPLE t=65.5s rss=1373MB hwm=1373MB
RSS_SAMPLE t=65.8s rss=1379MB hwm=1379MB
RSS_SAMPLE t=66.0s rss=1386MB hwm=1386MB
RSS_SAMPLE t=66.3s rss=1393MB hwm=1393MB
RSS_SAMPLE t=66.5s rss=1400MB hwm=1400MB
RSS_SAMPLE t=66.8s rss=1407MB hwm=1407MB
RSS_SAMPLE t=67.0s rss=1414MB hwm=1414MB
RSS_SAMPLE t=67.3s rss=1421MB hwm=1421MB
RSS_SAMPLE t=67.5s rss=1428MB hwm=1428MB
RSS_SAMPLE t=67.8s rss=1435MB hwm=1435MB
RSS_SAMPLE t=68.0s rss=1442MB hwm=1442MB
RSS_SAMPLE t=68.3s rss=1449MB hwm=1449MB
RSS_SAMPLE t=68.5s rss=1455MB hwm=1455MB
RSS_SAMPLE t=68.8s rss=1463MB hwm=1463MB
RSS_SAMPLE t=69.0s rss=1470MB hwm=1470MB
RSS_SAMPLE t=69.3s rss=1477MB hwm=1477MB
RSS_SAMPLE t=69.5s rss=1483MB hwm=1483MB
RSS_SAMPLE t=69.8s rss=1490MB hwm=1490MB
RSS_SAMPLE t=70.0s rss=1497MB hwm=1497MB
RSS_SAMPLE t=70.3s rss=1505MB hwm=1505MB
RSS_SAMPLE t=70.5s rss=1511MB hwm=1511MB
RSS_SAMPLE t=70.8s rss=1518MB hwm=1518MB
RSS_SAMPLE t=71.0s rss=1524MB hwm=1524MB
RSS_SAMPLE t=71.3s rss=1531MB hwm=1531MB
RSS_SAMPLE t=71.5s rss=1538MB hwm=1538MB
RSS_SAMPLE t=71.8s rss=1544MB hwm=1544MB
RSS_SAMPLE t=72.0s rss=1552MB hwm=1552MB
RSS_SAMPLE t=72.3s rss=1559MB hwm=1559MB
RSS_SAMPLE t=72.5s rss=1565MB hwm=1565MB
RSS_SAMPLE t=72.8s rss=1571MB hwm=1571MB
RSS_SAMPLE t=73.0s rss=1577MB hwm=1577MB
RSS_SAMPLE t=73.3s rss=1582MB hwm=1582MB
RSS_SAMPLE t=73.5s rss=1590MB hwm=1590MB
RSS_SAMPLE t=73.8s rss=1596MB hwm=1596MB
RSS_SAMPLE t=74.0s rss=1604MB hwm=1604MB
RSS_SAMPLE t=74.3s rss=1611MB hwm=1611MB
RSS_SAMPLE t=74.5s rss=1617MB hwm=1617MB
RSS_SAMPLE t=74.8s rss=1622MB hwm=1622MB
RSS_SAMPLE t=75.0s rss=1629MB hwm=1629MB
RSS_SAMPLE t=75.3s rss=1636MB hwm=1636MB
RSS_SAMPLE t=75.5s rss=1642MB hwm=1642MB
RSS_SAMPLE t=75.8s rss=1648MB hwm=1648MB
RSS_SAMPLE t=76.0s rss=1653MB hwm=1653MB
RSS_SAMPLE t=76.3s rss=1659MB hwm=1659MB
RSS_SAMPLE t=76.5s rss=1665MB hwm=1665MB
RSS_SAMPLE t=76.8s rss=1672MB hwm=1672MB
RSS_SAMPLE t=77.0s rss=1676MB hwm=1676MB
RSS_SAMPLE t=77.3s rss=1682MB hwm=1682MB
RSS_SAMPLE t=77.5s rss=1687MB hwm=1687MB
RSS_SAMPLE t=77.8s rss=1693MB hwm=1693MB
RSS_SAMPLE t=78.0s rss=1699MB hwm=1699MB
RSS_SAMPLE t=78.3s rss=1705MB hwm=1705MB
RSS_SAMPLE t=78.5s rss=1711MB hwm=1711MB
RSS_SAMPLE t=78.8s rss=1717MB hwm=1717MB
RSS_SAMPLE t=79.0s rss=1722MB hwm=1722MB
RSS_SAMPLE t=79.3s rss=1727MB hwm=1727MB
RSS_SAMPLE t=79.5s rss=1733MB hwm=1733MB
RSS_SAMPLE t=79.8s rss=1738MB hwm=1738MB
RSS_SAMPLE t=80.0s rss=1744MB hwm=1744MB
RSS_SAMPLE t=80.3s rss=1750MB hwm=1750MB
RSS_SAMPLE t=80.5s rss=1755MB hwm=1755MB
RSS_SAMPLE t=80.8s rss=1761MB hwm=1761MB
RSS_SAMPLE t=81.0s rss=1766MB hwm=1766MB
RSS_SAMPLE t=81.3s rss=1773MB hwm=1773MB
RSS_SAMPLE t=81.5s rss=1779MB hwm=1779MB
RSS_SAMPLE t=81.8s rss=1785MB hwm=1785MB
RSS_SAMPLE t=82.0s rss=1790MB hwm=1790MB
RSS_SAMPLE t=82.3s rss=1795MB hwm=1795MB
RSS_SAMPLE t=82.6s rss=1800MB hwm=1800MB
RSS_SAMPLE t=82.8s rss=1805MB hwm=1805MB
RSS_SAMPLE t=83.1s rss=1813MB hwm=1813MB
RSS_SAMPLE t=83.3s rss=1818MB hwm=1818MB
RSS_SAMPLE t=83.6s rss=1824MB hwm=1824MB
RSS_SAMPLE t=83.8s rss=1829MB hwm=1829MB
RSS_SAMPLE t=84.1s rss=1835MB hwm=1835MB
RSS_SAMPLE t=84.3s rss=1840MB hwm=1840MB
RSS_SAMPLE t=84.6s rss=1844MB hwm=1844MB
RSS_SAMPLE t=84.8s rss=1849MB hwm=1849MB
RSS_SAMPLE t=85.1s rss=1855MB hwm=1855MB
RSS_SAMPLE t=85.3s rss=1860MB hwm=1860MB
RSS_SAMPLE t=85.6s rss=1864MB hwm=1864MB
RSS_SAMPLE t=85.8s rss=1870MB hwm=1870MB
RSS_SAMPLE t=86.1s rss=1874MB hwm=1874MB
RSS_SAMPLE t=86.3s rss=1877MB hwm=1877MB
RSS_SAMPLE t=86.6s rss=1880MB hwm=1880MB
RSS_SAMPLE t=86.8s rss=1881MB hwm=1881MB
RSS_SAMPLE t=87.1s rss=1883MB hwm=1883MB
RSS_SAMPLE t=87.3s rss=1885MB hwm=1885MB
RSS_SAMPLE t=87.6s rss=1886MB hwm=1886MB
RSS_SAMPLE t=87.8s rss=1887MB hwm=1887MB
RSS_SAMPLE t=88.1s rss=1887MB hwm=1887MB
RSS_SAMPLE t=88.3s rss=1888MB hwm=1888MB
RSS_SAMPLE t=88.6s rss=1888MB hwm=1888MB
RSS_SAMPLE t=88.8s rss=1888MB hwm=1888MB
RSS_SAMPLE t=89.1s rss=1888MB hwm=1888MB
RSS_SAMPLE t=89.3s rss=1889MB hwm=1889MB
RSS_SAMPLE t=89.6s rss=1889MB hwm=1889MB
RSS_SAMPLE t=89.8s rss=1889MB hwm=1889MB
RSS_SAMPLE t=90.1s rss=1890MB hwm=1890MB
RSS_SAMPLE t=90.3s rss=1890MB hwm=1890MB
RSS_SAMPLE t=90.6s rss=1890MB hwm=1890MB
RSS_SAMPLE t=90.8s rss=1891MB hwm=1891MB
RSS_SAMPLE t=91.1s rss=1891MB hwm=1891MB
RSS_SAMPLE t=91.3s rss=1891MB hwm=1891MB
RSS_SAMPLE t=91.6s rss=1891MB hwm=1891MB
RSS_SAMPLE t=91.8s rss=1892MB hwm=1892MB
RSS_SAMPLE t=92.1s rss=1892MB hwm=1892MB
RSS_SAMPLE t=92.3s rss=1892MB hwm=1892MB
RSS_SAMPLE t=92.6s rss=1893MB hwm=1893MB
RSS_SAMPLE t=92.8s rss=1893MB hwm=1893MB
RSS_SAMPLE t=93.1s rss=1893MB hwm=1893MB
RSS_SAMPLE t=93.3s rss=1893MB hwm=1893MB
RSS_SAMPLE t=93.6s rss=1894MB hwm=1894MB
RSS_SAMPLE t=93.8s rss=1894MB hwm=1894MB
RSS_SAMPLE t=94.1s rss=1894MB hwm=1894MB
RSS_SAMPLE t=94.3s rss=1895MB hwm=1895MB
RSS_SAMPLE t=94.6s rss=1895MB hwm=1895MB
RSS_SAMPLE t=94.8s rss=1895MB hwm=1895MB
RSS_SAMPLE t=95.1s rss=1895MB hwm=1895MB
RSS_SAMPLE t=95.3s rss=1896MB hwm=1896MB
RSS_SAMPLE t=95.6s rss=1896MB hwm=1896MB
RSS_SAMPLE t=95.8s rss=1896MB hwm=1896MB
RSS_SAMPLE t=96.1s rss=1897MB hwm=1897MB
RSS_SAMPLE t=96.3s rss=1897MB hwm=1897MB
RSS_SAMPLE t=96.6s rss=1897MB hwm=1897MB
RSS_SAMPLE t=96.8s rss=1897MB hwm=1897MB
RSS_SAMPLE t=97.1s rss=1898MB hwm=1898MB
RSS_SAMPLE t=97.3s rss=1898MB hwm=1898MB
RSS_SAMPLE t=97.6s rss=1898MB hwm=1898MB
RSS_SAMPLE t=97.8s rss=1898MB hwm=1898MB
RSS_SAMPLE t=98.1s rss=1898MB hwm=1898MB
RSS_SAMPLE t=98.3s rss=1898MB hwm=1898MB
RSS_SAMPLE t=98.6s rss=1899MB hwm=1899MB
RSS_SAMPLE t=98.8s rss=1899MB hwm=1899MB
RSS_SAMPLE t=99.1s rss=1899MB hwm=1899MB
RSS_SAMPLE t=99.3s rss=1900MB hwm=1900MB
RSS_SAMPLE t=99.6s rss=1900MB hwm=1900MB
RSS_SAMPLE t=99.8s rss=1900MB hwm=1900MB
RSS_SAMPLE t=100.1s rss=1901MB hwm=1901MB
RSS_SAMPLE t=100.3s rss=1901MB hwm=1901MB
RSS_SAMPLE t=100.6s rss=1902MB hwm=1902MB
RSS_SAMPLE t=100.8s rss=1902MB hwm=1902MB
RSS_SAMPLE t=101.1s rss=1902MB hwm=1902MB
RSS_SAMPLE t=101.3s rss=1902MB hwm=1902MB
RSS_SAMPLE t=101.6s rss=1903MB hwm=1903MB
RSS_SAMPLE t=101.8s rss=1903MB hwm=1903MB
RSS_SAMPLE t=102.1s rss=1903MB hwm=1903MB
RSS_SAMPLE t=102.3s rss=1904MB hwm=1904MB
RSS_SAMPLE t=102.6s rss=1904MB hwm=1904MB
RSS_SAMPLE t=102.8s rss=1904MB hwm=1904MB
RSS_SAMPLE t=103.1s rss=1905MB hwm=1905MB
RSS_SAMPLE t=103.3s rss=1905MB hwm=1905MB
RSS_SAMPLE t=103.6s rss=1905MB hwm=1905MB
RSS_SAMPLE t=103.8s rss=1905MB hwm=1905MB
RSS_SAMPLE t=104.1s rss=1906MB hwm=1906MB
RSS_SAMPLE t=104.3s rss=1906MB hwm=1906MB
RSS_SAMPLE t=104.6s rss=1906MB hwm=1906MB
RSS_SAMPLE t=104.8s rss=1907MB hwm=1907MB
RSS_SAMPLE t=105.1s rss=1907MB hwm=1907MB
RSS_SAMPLE t=105.3s rss=1907MB hwm=1907MB
RSS_SAMPLE t=105.6s rss=1907MB hwm=1907MB
RSS_SAMPLE t=105.8s rss=1908MB hwm=1908MB
RSS_SAMPLE t=106.1s rss=1908MB hwm=1908MB
    rss_probe[outer=0]: pre_refresh_rss=1068MB post_pre_solve_rss=1908MB cache_entries=42424857 cache_cap=69325648 cache_est_mb=600
    pre_solve_diag[outer=0]: solves=105117 fallback=0 (0.0%) cap_armed=105117 (100.0%) settle_avg=10344 settle_max=69353 init_count=254
  Cell placement by tile type (iter 0, 76660 cells):
    NULL: 31596
    CLB: 27114
    IOB_W: 15019
    CLK_BUFG: 2320
    BRAM: 351
    DSP: 182
    IOB_E: 78
    Overflow: over=0 (0.0% of used) avg_excess=0.00 max_excess=0.00 (nc=0.00 cap=0 span=0)  excess_buckets: <=1=0 1-5=0 5-20=0 >20=0  by_cap: cap1=0 cap2=0 cap3-5=0 cap>5=0  by_span: s1=0 s2-3=0 s4-6=0 s7-12=0 s>12=0  le1_cross: cap1=0 cap2-5=0 cap>5=0
    Congestion: pipes=2562403 used=0 congested(>50%)=0 saturated(>90%)=0 max_util=0.00 avg_util=0.0000
PHASE_MARK outer=0 enter=dcd_sweep rss=1908MB
RSS_SAMPLE t=106.3s rss=1908MB hwm=1908MB
RSS_SAMPLE t=106.6s rss=1908MB hwm=1908MB
RSS_SAMPLE t=106.8s rss=1909MB hwm=1909MB
RSS_SAMPLE t=107.1s rss=1909MB hwm=1909MB
RSS_SAMPLE t=107.3s rss=1909MB hwm=1909MB
RSS_SAMPLE t=107.6s rss=1909MB hwm=1909MB
RSS_SAMPLE t=107.8s rss=1909MB hwm=1909MB
RSS_SAMPLE t=108.1s rss=1909MB hwm=1909MB
RSS_SAMPLE t=108.3s rss=1910MB hwm=1910MB
RSS_SAMPLE t=108.6s rss=1910MB hwm=1910MB
RSS_SAMPLE t=108.8s rss=1910MB hwm=1910MB
RSS_SAMPLE t=109.1s rss=1910MB hwm=1910MB
RSS_SAMPLE t=109.3s rss=1910MB hwm=1910MB
RSS_SAMPLE t=109.6s rss=1910MB hwm=1910MB
RSS_SAMPLE t=109.8s rss=1911MB hwm=1911MB
RSS_SAMPLE t=110.1s rss=1911MB hwm=1911MB
RSS_SAMPLE t=110.3s rss=1911MB hwm=1911MB
RSS_SAMPLE t=110.6s rss=1911MB hwm=1911MB
RSS_SAMPLE t=110.8s rss=1911MB hwm=1911MB
RSS_SAMPLE t=111.1s rss=1911MB hwm=1911MB
RSS_SAMPLE t=111.3s rss=1912MB hwm=1912MB
RSS_SAMPLE t=111.6s rss=1912MB hwm=1912MB
RSS_SAMPLE t=111.8s rss=1912MB hwm=1912MB
RSS_SAMPLE t=112.1s rss=1912MB hwm=1912MB
RSS_SAMPLE t=112.3s rss=1912MB hwm=1912MB
RSS_SAMPLE t=112.6s rss=1912MB hwm=1912MB
RSS_SAMPLE t=112.8s rss=1913MB hwm=1913MB
RSS_SAMPLE t=113.1s rss=1913MB hwm=1913MB
RSS_SAMPLE t=113.3s rss=1913MB hwm=1913MB
PHASE_MARK outer=0 leave=dcd_sweep rss=1908MB
PHASE_MARK outer=0 enter=post_refresh rss=1908MB
RSS_SAMPLE t=113.6s rss=1943MB hwm=1943MB
RSS_SAMPLE t=113.8s rss=1943MB hwm=1943MB
RSS_SAMPLE t=114.1s rss=1943MB hwm=1943MB
RSS_SAMPLE t=114.3s rss=1943MB hwm=1943MB
RSS_SAMPLE t=114.6s rss=1943MB hwm=1943MB
RSS_SAMPLE t=114.8s rss=1943MB hwm=1943MB
RSS_SAMPLE t=115.1s rss=1943MB hwm=1943MB
RSS_SAMPLE t=115.3s rss=1943MB hwm=1943MB
RSS_SAMPLE t=115.6s rss=1943MB hwm=1943MB
RSS_SAMPLE t=115.8s rss=2163MB hwm=2163MB
RSS_SAMPLE t=116.1s rss=3258MB hwm=3258MB
RSS_SAMPLE t=116.3s rss=3560MB hwm=3560MB
RSS_SAMPLE t=116.6s rss=3668MB hwm=3668MB
RSS_SAMPLE t=116.8s rss=3724MB hwm=3724MB
RSS_SAMPLE t=117.1s rss=3763MB hwm=3763MB
RSS_SAMPLE t=117.3s rss=3769MB hwm=3769MB
RSS_SAMPLE t=117.6s rss=3778MB hwm=3778MB
RSS_SAMPLE t=117.8s rss=3801MB hwm=3801MB
RSS_SAMPLE t=118.1s rss=3819MB hwm=3819MB
RSS_SAMPLE t=118.3s rss=3821MB hwm=3821MB
RSS_SAMPLE t=118.6s rss=3840MB hwm=3840MB
RSS_SAMPLE t=118.8s rss=3848MB hwm=3848MB
RSS_SAMPLE t=119.1s rss=3852MB hwm=3852MB
RSS_SAMPLE t=119.3s rss=3856MB hwm=3856MB
RSS_SAMPLE t=119.6s rss=3856MB hwm=3856MB
RSS_SAMPLE t=119.8s rss=3868MB hwm=3868MB
RSS_SAMPLE t=120.1s rss=3871MB hwm=3871MB
RSS_SAMPLE t=120.3s rss=3883MB hwm=3883MB
RSS_SAMPLE t=120.6s rss=3890MB hwm=3890MB
RSS_SAMPLE t=120.8s rss=3891MB hwm=3891MB
RSS_SAMPLE t=121.1s rss=3892MB hwm=3892MB
RSS_SAMPLE t=121.3s rss=3892MB hwm=3892MB
RSS_SAMPLE t=121.6s rss=3900MB hwm=3900MB
RSS_SAMPLE t=121.8s rss=3900MB hwm=3900MB
RSS_SAMPLE t=122.1s rss=3900MB hwm=3900MB
RSS_SAMPLE t=122.3s rss=3900MB hwm=3900MB
RSS_SAMPLE t=122.6s rss=3902MB hwm=3902MB
RSS_SAMPLE t=122.8s rss=3904MB hwm=3904MB
RSS_SAMPLE t=123.1s rss=3906MB hwm=3906MB
RSS_SAMPLE t=123.3s rss=3907MB hwm=3907MB
RSS_SAMPLE t=123.6s rss=3907MB hwm=3907MB
RSS_SAMPLE t=123.8s rss=3911MB hwm=3911MB
RSS_SAMPLE t=124.1s rss=3911MB hwm=3911MB
RSS_SAMPLE t=124.3s rss=3911MB hwm=3911MB
RSS_SAMPLE t=124.6s rss=3914MB hwm=3914MB
RSS_SAMPLE t=124.8s rss=3914MB hwm=3914MB
RSS_SAMPLE t=125.1s rss=3919MB hwm=3919MB
RSS_SAMPLE t=125.3s rss=3919MB hwm=3919MB
RSS_SAMPLE t=125.6s rss=3919MB hwm=3919MB
RSS_SAMPLE t=125.8s rss=3919MB hwm=3919MB
RSS_SAMPLE t=126.1s rss=3919MB hwm=3919MB
RSS_SAMPLE t=126.3s rss=3921MB hwm=3921MB
RSS_SAMPLE t=126.6s rss=3921MB hwm=3921MB
RSS_SAMPLE t=126.8s rss=3923MB hwm=3923MB
RSS_SAMPLE t=127.1s rss=3923MB hwm=3923MB
RSS_SAMPLE t=127.3s rss=3925MB hwm=3925MB
RSS_SAMPLE t=127.6s rss=3925MB hwm=3925MB
RSS_SAMPLE t=127.8s rss=3927MB hwm=3927MB
RSS_SAMPLE t=128.1s rss=3927MB hwm=3927MB
RSS_SAMPLE t=128.3s rss=3928MB hwm=3928MB
RSS_SAMPLE t=128.6s rss=3928MB hwm=3928MB
RSS_SAMPLE t=128.8s rss=3928MB hwm=3928MB
RSS_SAMPLE t=129.1s rss=3929MB hwm=3929MB
RSS_SAMPLE t=129.3s rss=3929MB hwm=3929MB
RSS_SAMPLE t=129.6s rss=3930MB hwm=3930MB
RSS_SAMPLE t=129.8s rss=3930MB hwm=3930MB
RSS_SAMPLE t=130.1s rss=3930MB hwm=3930MB
RSS_SAMPLE t=130.3s rss=3933MB hwm=3933MB
RSS_SAMPLE t=130.6s rss=3933MB hwm=3933MB
RSS_SAMPLE t=130.8s rss=3935MB hwm=3935MB
RSS_SAMPLE t=131.1s rss=3935MB hwm=3935MB
RSS_SAMPLE t=131.3s rss=3935MB hwm=3935MB
RSS_SAMPLE t=131.6s rss=3935MB hwm=3935MB
RSS_SAMPLE t=131.8s rss=3935MB hwm=3935MB
RSS_SAMPLE t=132.1s rss=3935MB hwm=3935MB
RSS_SAMPLE t=132.3s rss=3936MB hwm=3936MB
RSS_SAMPLE t=132.6s rss=3937MB hwm=3937MB
RSS_SAMPLE t=132.8s rss=3937MB hwm=3937MB
RSS_SAMPLE t=133.1s rss=3938MB hwm=3938MB
RSS_SAMPLE t=133.3s rss=3938MB hwm=3938MB
RSS_SAMPLE t=133.6s rss=3939MB hwm=3939MB
RSS_SAMPLE t=133.8s rss=3939MB hwm=3939MB
RSS_SAMPLE t=134.1s rss=3939MB hwm=3939MB
RSS_SAMPLE t=134.3s rss=3939MB hwm=3939MB
RSS_SAMPLE t=134.6s rss=3939MB hwm=3939MB
RSS_SAMPLE t=134.8s rss=3940MB hwm=3940MB
RSS_SAMPLE t=135.1s rss=3941MB hwm=3941MB
RSS_SAMPLE t=135.3s rss=3941MB hwm=3941MB
RSS_SAMPLE t=135.6s rss=3942MB hwm=3942MB
RSS_SAMPLE t=135.8s rss=3942MB hwm=3942MB
RSS_SAMPLE t=136.1s rss=3942MB hwm=3942MB
RSS_SAMPLE t=136.4s rss=3942MB hwm=3942MB
RSS_SAMPLE t=136.6s rss=3943MB hwm=3943MB
RSS_SAMPLE t=136.9s rss=3943MB hwm=3943MB
RSS_SAMPLE t=137.1s rss=3943MB hwm=3943MB
RSS_SAMPLE t=137.4s rss=3944MB hwm=3944MB
RSS_SAMPLE t=137.6s rss=3944MB hwm=3944MB
RSS_SAMPLE t=137.9s rss=3944MB hwm=3944MB
RSS_SAMPLE t=138.1s rss=3945MB hwm=3945MB
RSS_SAMPLE t=138.4s rss=3945MB hwm=3945MB
RSS_SAMPLE t=138.6s rss=3946MB hwm=3946MB
RSS_SAMPLE t=138.9s rss=3946MB hwm=3946MB
RSS_SAMPLE t=139.1s rss=3947MB hwm=3947MB
RSS_SAMPLE t=139.4s rss=3947MB hwm=3947MB
RSS_SAMPLE t=139.6s rss=3948MB hwm=3948MB
RSS_SAMPLE t=139.9s rss=3948MB hwm=3948MB
RSS_SAMPLE t=140.1s rss=3948MB hwm=3948MB
RSS_SAMPLE t=140.4s rss=3949MB hwm=3949MB
RSS_SAMPLE t=140.6s rss=3950MB hwm=3950MB
RSS_SAMPLE t=140.9s rss=3951MB hwm=3951MB
RSS_SAMPLE t=141.1s rss=3951MB hwm=3951MB
RSS_SAMPLE t=141.4s rss=3952MB hwm=3952MB
RSS_SAMPLE t=141.6s rss=3953MB hwm=3953MB
RSS_SAMPLE t=141.9s rss=3954MB hwm=3954MB
RSS_SAMPLE t=142.1s rss=3954MB hwm=3954MB
RSS_SAMPLE t=142.4s rss=3954MB hwm=3954MB
RSS_SAMPLE t=142.6s rss=3955MB hwm=3955MB
RSS_SAMPLE t=142.9s rss=3955MB hwm=3955MB
RSS_SAMPLE t=143.1s rss=3956MB hwm=3956MB
RSS_SAMPLE t=143.4s rss=3957MB hwm=3957MB
RSS_SAMPLE t=143.6s rss=3958MB hwm=3958MB
RSS_SAMPLE t=143.9s rss=3958MB hwm=3958MB
RSS_SAMPLE t=144.1s rss=3959MB hwm=3959MB
RSS_SAMPLE t=144.4s rss=3959MB hwm=3959MB
RSS_SAMPLE t=144.6s rss=3960MB hwm=3960MB
RSS_SAMPLE t=144.9s rss=3960MB hwm=3960MB
RSS_SAMPLE t=145.1s rss=3961MB hwm=3961MB
RSS_SAMPLE t=145.4s rss=3961MB hwm=3961MB
RSS_SAMPLE t=145.6s rss=3962MB hwm=3962MB
RSS_SAMPLE t=145.9s rss=3962MB hwm=3962MB
RSS_SAMPLE t=146.1s rss=3962MB hwm=3962MB
RSS_SAMPLE t=146.4s rss=3963MB hwm=3963MB
RSS_SAMPLE t=146.6s rss=3963MB hwm=3963MB
RSS_SAMPLE t=146.9s rss=3964MB hwm=3964MB
RSS_SAMPLE t=147.1s rss=3964MB hwm=3964MB
RSS_SAMPLE t=147.4s rss=3965MB hwm=3965MB
RSS_SAMPLE t=147.6s rss=3965MB hwm=3965MB
RSS_SAMPLE t=147.9s rss=3966MB hwm=3966MB
RSS_SAMPLE t=148.1s rss=3967MB hwm=3967MB
RSS_SAMPLE t=148.4s rss=3967MB hwm=3967MB
RSS_SAMPLE t=148.6s rss=3968MB hwm=3968MB
RSS_SAMPLE t=148.9s rss=3968MB hwm=3968MB
RSS_SAMPLE t=149.1s rss=3969MB hwm=3969MB
RSS_SAMPLE t=149.4s rss=3969MB hwm=3969MB
RSS_SAMPLE t=149.6s rss=3970MB hwm=3970MB
RSS_SAMPLE t=149.9s rss=3970MB hwm=3970MB
RSS_SAMPLE t=150.1s rss=3970MB hwm=3970MB
RSS_SAMPLE t=150.4s rss=3971MB hwm=3971MB
RSS_SAMPLE t=150.6s rss=3973MB hwm=3973MB
RSS_SAMPLE t=150.9s rss=3973MB hwm=3973MB
RSS_SAMPLE t=151.1s rss=3974MB hwm=3974MB
RSS_SAMPLE t=151.4s rss=3975MB hwm=3975MB
RSS_SAMPLE t=151.6s rss=3975MB hwm=3975MB
RSS_SAMPLE t=151.9s rss=3976MB hwm=3976MB
RSS_SAMPLE t=152.1s rss=3976MB hwm=3976MB
RSS_SAMPLE t=152.4s rss=3977MB hwm=3977MB
RSS_SAMPLE t=152.6s rss=3978MB hwm=3978MB
RSS_SAMPLE t=152.9s rss=3979MB hwm=3979MB
RSS_SAMPLE t=153.1s rss=3980MB hwm=3980MB
RSS_SAMPLE t=153.4s rss=3980MB hwm=3980MB
RSS_SAMPLE t=153.6s rss=3981MB hwm=3981MB
RSS_SAMPLE t=153.9s rss=3982MB hwm=3982MB
RSS_SAMPLE t=154.1s rss=3982MB hwm=3982MB
RSS_SAMPLE t=154.4s rss=3983MB hwm=3983MB
RSS_SAMPLE t=154.6s rss=3984MB hwm=3984MB
RSS_SAMPLE t=154.9s rss=3984MB hwm=3984MB
RSS_SAMPLE t=155.1s rss=3984MB hwm=3984MB
RSS_SAMPLE t=155.4s rss=3985MB hwm=3985MB
RSS_SAMPLE t=155.6s rss=3986MB hwm=3986MB
RSS_SAMPLE t=155.9s rss=3986MB hwm=3986MB
RSS_SAMPLE t=156.1s rss=3987MB hwm=3987MB
RSS_SAMPLE t=156.4s rss=3987MB hwm=3987MB
RSS_SAMPLE t=156.6s rss=3987MB hwm=3987MB
RSS_SAMPLE t=156.9s rss=3988MB hwm=3988MB
RSS_SAMPLE t=157.1s rss=3989MB hwm=3989MB
RSS_SAMPLE t=157.4s rss=3989MB hwm=3989MB
RSS_SAMPLE t=157.6s rss=3990MB hwm=3990MB
RSS_SAMPLE t=157.9s rss=3990MB hwm=3990MB
RSS_SAMPLE t=158.1s rss=3990MB hwm=3990MB
RSS_SAMPLE t=158.4s rss=3991MB hwm=3991MB
RSS_SAMPLE t=158.6s rss=3992MB hwm=3992MB
RSS_SAMPLE t=158.9s rss=3992MB hwm=3992MB
RSS_SAMPLE t=159.1s rss=3993MB hwm=3993MB
RSS_SAMPLE t=159.4s rss=3994MB hwm=3994MB
RSS_SAMPLE t=159.6s rss=3994MB hwm=3994MB
RSS_SAMPLE t=159.9s rss=3995MB hwm=3995MB
RSS_SAMPLE t=160.1s rss=3996MB hwm=3996MB
RSS_SAMPLE t=160.4s rss=3997MB hwm=3997MB
RSS_SAMPLE t=160.6s rss=3998MB hwm=3998MB
RSS_SAMPLE t=160.9s rss=3998MB hwm=3998MB
RSS_SAMPLE t=161.1s rss=3999MB hwm=3999MB
RSS_SAMPLE t=161.4s rss=4000MB hwm=4000MB
RSS_SAMPLE t=161.6s rss=4000MB hwm=4000MB
RSS_SAMPLE t=161.9s rss=4001MB hwm=4001MB
RSS_SAMPLE t=162.1s rss=4001MB hwm=4001MB
RSS_SAMPLE t=162.4s rss=4002MB hwm=4002MB
RSS_SAMPLE t=162.6s rss=4003MB hwm=4003MB
RSS_SAMPLE t=162.9s rss=4004MB hwm=4004MB
RSS_SAMPLE t=163.1s rss=4005MB hwm=4005MB
RSS_SAMPLE t=163.4s rss=4006MB hwm=4006MB
RSS_SAMPLE t=163.6s rss=4007MB hwm=4007MB
RSS_SAMPLE t=163.9s rss=4008MB hwm=4008MB
RSS_SAMPLE t=164.1s rss=4008MB hwm=4008MB
RSS_SAMPLE t=164.4s rss=4008MB hwm=4008MB
RSS_SAMPLE t=164.6s rss=4009MB hwm=4009MB
RSS_SAMPLE t=164.9s rss=4010MB hwm=4010MB
RSS_SAMPLE t=165.1s rss=4010MB hwm=4010MB
RSS_SAMPLE t=165.4s rss=4011MB hwm=4011MB
RSS_SAMPLE t=165.6s rss=4012MB hwm=4012MB
RSS_SAMPLE t=165.9s rss=4013MB hwm=4013MB
RSS_SAMPLE t=166.1s rss=4013MB hwm=4013MB
RSS_SAMPLE t=166.4s rss=4014MB hwm=4014MB
RSS_SAMPLE t=166.6s rss=4015MB hwm=4015MB
RSS_SAMPLE t=166.9s rss=4016MB hwm=4016MB
RSS_SAMPLE t=167.1s rss=4016MB hwm=4016MB
RSS_SAMPLE t=167.4s rss=4017MB hwm=4017MB
RSS_SAMPLE t=167.6s rss=4017MB hwm=4017MB
RSS_SAMPLE t=167.9s rss=4019MB hwm=4019MB
RSS_SAMPLE t=168.1s rss=4020MB hwm=4020MB
RSS_SAMPLE t=168.4s rss=4020MB hwm=4020MB
RSS_SAMPLE t=168.6s rss=4020MB hwm=4020MB
RSS_SAMPLE t=168.9s rss=4021MB hwm=4021MB
RSS_SAMPLE t=169.1s rss=4022MB hwm=4022MB
RSS_SAMPLE t=169.4s rss=4023MB hwm=4023MB
RSS_SAMPLE t=169.7s rss=4023MB hwm=4023MB
RSS_SAMPLE t=169.9s rss=4025MB hwm=4025MB
RSS_SAMPLE t=170.2s rss=4025MB hwm=4025MB
RSS_SAMPLE t=170.4s rss=4026MB hwm=4026MB
RSS_SAMPLE t=170.7s rss=4027MB hwm=4027MB
RSS_SAMPLE t=170.9s rss=4027MB hwm=4027MB
RSS_SAMPLE t=171.2s rss=4028MB hwm=4028MB
RSS_SAMPLE t=171.4s rss=4029MB hwm=4029MB
RSS_SAMPLE t=171.7s rss=4030MB hwm=4030MB
RSS_SAMPLE t=171.9s rss=4032MB hwm=4032MB
RSS_SAMPLE t=172.2s rss=4033MB hwm=4033MB
RSS_SAMPLE t=172.4s rss=4035MB hwm=4035MB
RSS_SAMPLE t=172.7s rss=4036MB hwm=4036MB
RSS_SAMPLE t=172.9s rss=4037MB hwm=4037MB
RSS_SAMPLE t=173.2s rss=4038MB hwm=4038MB
RSS_SAMPLE t=173.4s rss=4039MB hwm=4039MB
RSS_SAMPLE t=173.7s rss=4040MB hwm=4040MB
RSS_SAMPLE t=173.9s rss=4041MB hwm=4041MB
RSS_SAMPLE t=174.2s rss=4042MB hwm=4042MB
RSS_SAMPLE t=174.4s rss=4043MB hwm=4043MB
RSS_SAMPLE t=174.7s rss=4043MB hwm=4043MB
RSS_SAMPLE t=174.9s rss=4043MB hwm=4043MB
RSS_SAMPLE t=175.2s rss=4044MB hwm=4044MB
RSS_SAMPLE t=175.4s rss=4044MB hwm=4044MB
RSS_SAMPLE t=175.7s rss=4044MB hwm=4044MB
RSS_SAMPLE t=175.9s rss=4045MB hwm=4045MB
RSS_SAMPLE t=176.2s rss=4046MB hwm=4046MB
RSS_SAMPLE t=176.4s rss=4046MB hwm=4046MB
RSS_SAMPLE t=176.7s rss=4046MB hwm=4046MB
RSS_SAMPLE t=176.9s rss=4047MB hwm=4047MB
RSS_SAMPLE t=177.2s rss=4047MB hwm=4047MB
RSS_SAMPLE t=177.4s rss=4047MB hwm=4047MB
RSS_SAMPLE t=177.7s rss=4047MB hwm=4047MB
RSS_SAMPLE t=177.9s rss=4047MB hwm=4047MB
RSS_SAMPLE t=178.2s rss=4047MB hwm=4047MB
RSS_SAMPLE t=178.4s rss=4047MB hwm=4047MB
RSS_SAMPLE t=178.7s rss=4047MB hwm=4047MB
RSS_SAMPLE t=178.9s rss=4047MB hwm=4047MB
RSS_SAMPLE t=179.2s rss=4047MB hwm=4047MB
RSS_SAMPLE t=179.4s rss=4047MB hwm=4047MB
RSS_SAMPLE t=179.7s rss=4047MB hwm=4047MB
RSS_SAMPLE t=179.9s rss=4047MB hwm=4047MB
RSS_SAMPLE t=180.2s rss=4047MB hwm=4047MB
RSS_SAMPLE t=180.4s rss=4047MB hwm=4047MB
RSS_SAMPLE t=180.7s rss=4048MB hwm=4048MB
RSS_SAMPLE t=180.9s rss=4048MB hwm=4048MB
RSS_SAMPLE t=181.2s rss=4048MB hwm=4048MB
RSS_SAMPLE t=181.4s rss=4048MB hwm=4048MB
RSS_SAMPLE t=181.7s rss=4048MB hwm=4048MB
RSS_SAMPLE t=181.9s rss=4048MB hwm=4048MB
RSS_SAMPLE t=182.2s rss=4048MB hwm=4048MB
RSS_SAMPLE t=182.4s rss=4048MB hwm=4048MB
RSS_SAMPLE t=182.7s rss=4048MB hwm=4048MB
RSS_SAMPLE t=182.9s rss=4048MB hwm=4048MB
RSS_SAMPLE t=183.2s rss=4048MB hwm=4048MB
RSS_SAMPLE t=183.4s rss=4048MB hwm=4048MB
RSS_SAMPLE t=183.7s rss=4049MB hwm=4049MB
RSS_SAMPLE t=183.9s rss=4049MB hwm=4049MB
RSS_SAMPLE t=184.2s rss=4049MB hwm=4049MB
RSS_SAMPLE t=184.4s rss=4049MB hwm=4049MB
RSS_SAMPLE t=184.7s rss=4049MB hwm=4049MB
RSS_SAMPLE t=184.9s rss=4049MB hwm=4049MB
RSS_SAMPLE t=185.2s rss=4049MB hwm=4049MB
RSS_SAMPLE t=185.4s rss=4049MB hwm=4049MB
RSS_SAMPLE t=185.7s rss=4049MB hwm=4049MB
RSS_SAMPLE t=185.9s rss=4049MB hwm=4049MB
RSS_SAMPLE t=186.2s rss=4049MB hwm=4049MB
RSS_SAMPLE t=186.4s rss=4049MB hwm=4049MB
RSS_SAMPLE t=186.7s rss=4049MB hwm=4049MB
RSS_SAMPLE t=186.9s rss=4049MB hwm=4049MB
RSS_SAMPLE t=187.2s rss=4049MB hwm=4049MB
RSS_SAMPLE t=187.4s rss=4049MB hwm=4049MB
RSS_SAMPLE t=187.7s rss=4049MB hwm=4049MB
RSS_SAMPLE t=187.9s rss=4049MB hwm=4049MB
RSS_SAMPLE t=188.2s rss=4049MB hwm=4049MB
RSS_SAMPLE t=188.4s rss=4049MB hwm=4049MB
RSS_SAMPLE t=188.7s rss=4050MB hwm=4050MB
RSS_SAMPLE t=188.9s rss=4050MB hwm=4050MB
RSS_SAMPLE t=189.2s rss=4050MB hwm=4050MB
RSS_SAMPLE t=189.4s rss=4050MB hwm=4050MB
RSS_SAMPLE t=189.7s rss=4050MB hwm=4050MB
RSS_SAMPLE t=189.9s rss=4050MB hwm=4050MB
RSS_SAMPLE t=190.2s rss=4050MB hwm=4050MB
RSS_SAMPLE t=190.4s rss=4050MB hwm=4050MB
RSS_SAMPLE t=190.7s rss=4050MB hwm=4050MB
RSS_SAMPLE t=190.9s rss=4050MB hwm=4050MB
RSS_SAMPLE t=191.2s rss=4050MB hwm=4050MB
RSS_SAMPLE t=191.4s rss=4051MB hwm=4051MB
RSS_SAMPLE t=191.7s rss=4051MB hwm=4051MB
RSS_SAMPLE t=191.9s rss=4051MB hwm=4051MB
RSS_SAMPLE t=192.2s rss=4051MB hwm=4051MB
RSS_SAMPLE t=192.4s rss=4051MB hwm=4051MB
RSS_SAMPLE t=192.7s rss=4051MB hwm=4051MB
RSS_SAMPLE t=192.9s rss=4051MB hwm=4051MB
RSS_SAMPLE t=193.2s rss=4051MB hwm=4051MB
RSS_SAMPLE t=193.4s rss=4051MB hwm=4051MB
RSS_SAMPLE t=193.7s rss=4051MB hwm=4051MB
RSS_SAMPLE t=193.9s rss=4051MB hwm=4051MB
RSS_SAMPLE t=194.2s rss=4051MB hwm=4051MB
RSS_SAMPLE t=194.4s rss=4051MB hwm=4051MB
RSS_SAMPLE t=194.7s rss=4051MB hwm=4051MB
RSS_SAMPLE t=194.9s rss=4051MB hwm=4051MB
RSS_SAMPLE t=195.2s rss=4051MB hwm=4051MB
RSS_SAMPLE t=195.4s rss=4051MB hwm=4051MB
RSS_SAMPLE t=195.7s rss=4051MB hwm=4051MB
RSS_SAMPLE t=195.9s rss=4051MB hwm=4051MB
RSS_SAMPLE t=196.2s rss=4051MB hwm=4051MB
RSS_SAMPLE t=196.4s rss=4052MB hwm=4052MB
RSS_SAMPLE t=196.7s rss=4052MB hwm=4052MB
RSS_SAMPLE t=196.9s rss=4052MB hwm=4052MB
RSS_SAMPLE t=197.2s rss=4052MB hwm=4052MB
RSS_SAMPLE t=197.4s rss=4052MB hwm=4052MB
RSS_SAMPLE t=197.7s rss=4052MB hwm=4052MB
RSS_SAMPLE t=197.9s rss=4052MB hwm=4052MB
RSS_SAMPLE t=198.2s rss=4052MB hwm=4052MB
RSS_SAMPLE t=198.4s rss=4052MB hwm=4052MB
RSS_SAMPLE t=198.7s rss=4052MB hwm=4052MB
RSS_SAMPLE t=198.9s rss=4052MB hwm=4052MB
RSS_SAMPLE t=199.2s rss=4052MB hwm=4052MB
RSS_SAMPLE t=199.4s rss=4052MB hwm=4052MB
RSS_SAMPLE t=199.7s rss=4052MB hwm=4052MB
RSS_SAMPLE t=199.9s rss=4052MB hwm=4052MB
RSS_SAMPLE t=200.2s rss=4052MB hwm=4052MB
RSS_SAMPLE t=200.4s rss=4052MB hwm=4052MB
RSS_SAMPLE t=200.7s rss=4052MB hwm=4052MB
RSS_SAMPLE t=200.9s rss=4052MB hwm=4052MB
MEM_POOL: workspaces=32 dense_usage_mb=1251 n_pipes=2562403
    post_solve_diag[outer=0]: solves=105117 cap_armed=105117 (100.0%) settle_avg=9905 above_sink_avg=224 (2.3%) settle_max=69353
    settle_hist[outer=0]: <100: 26063nets/0.1%work  <1k: 19475nets/0.6%work  <5k: 24681nets/6.3%work  <20k: 14251nets/15.0%work  <60k: 18010nets/61.1%work  >=60k: 2637nets/16.8%work
RSS_SAMPLE t=201.2s rss=4072MB hwm=4072MB
    rss_probe[outer=0]: pre_post_solve=1943MB post_post_solve=4072MB after_apply=4072MB
MuxSlotTracker[sweep 0 LEAK]: populated_cells=59593, overflow_tiles=3, at_cap_tiles=1790, peak_excess=13, capacity_hist={16:67346}
    E_decomp: base=10852173.2 eff=11406857.5 cong=554684.3 cong_share=4.9% sat_pipes=172590 max_util=1125.78  R_buckets: 1-2x=2562403 2-10x=0 10-100x=0 >=100x=0
    E_potential: beckmann=13936160745794.9 history_total=0.0
    SpanCache: epoch=1 entries=110 lookups=2562403 hits=2562293 misses=110 hit_rate=100.0%
  DCD   0: nets=105117 line=17499598 energy=2443051.644 dE=+0.000 friction=4583623.1 bins=2.7x(1237) excess=676.2 moved=59418 disp=inf solves=210234 skip=0 pops=2128508564 theta=0.250 refresh=135232ms dcd=7064ms total=144760ms
    cache_stats: entries=50805879 capacity=85242472 est_mb=736 rss_mb=4056
RSS_SAMPLE t=201.4s rss=4056MB hwm=4068MB
RSS_SAMPLE t=201.7s rss=4056MB hwm=4068MB
RSS_SAMPLE t=201.9s rss=4056MB hwm=4068MB
RSS_SAMPLE t=202.2s rss=4056MB hwm=4068MB
RSS_SAMPLE t=202.4s rss=4056MB hwm=4068MB
RSS_SAMPLE t=202.7s rss=4056MB hwm=4068MB
RSS_SAMPLE t=202.9s rss=4056MB hwm=4068MB
RSS_SAMPLE t=203.2s rss=4056MB hwm=4068MB
RSS_SAMPLE t=203.4s rss=4056MB hwm=4068MB
RSS_SAMPLE t=203.7s rss=4056MB hwm=4068MB
    SwitchMatrix: type_usage_pairs=927 lookups=2646 hits=1719 dijkstra_calls=927 avg_us=11.4 total_ms=10.6
PHASE_MARK outer=1 enter=pre_solve rss=4056MB
    rss_probe[outer=1]: pre_refresh_rss=4056MB post_pre_solve_rss=4056MB cache_entries=50805879 cache_cap=85242472 cache_est_mb=736
    pre_solve_diag[outer=1]: solves=0 fallback=0 (0.0%) cap_armed=0 (0.0%) settle_avg=0 settle_max=0 init_count=248
    Overflow: over=154294 (6.0% of used) avg_excess=3.08 max_excess=1533.41 (nc=1557.41 cap=24 span=1)  excess_buckets: <=1=63576 1-5=67003 5-20=21013 >20=2702  by_cap: cap1=68670 cap2=55980 cap3-5=190 cap>5=29454  by_span: s1=1823 s2-3=2110 s4-6=17413 s7-12=61374 s>12=71574  le1_cross: cap1=34932 cap2-5=25567 cap>5=3077
    Congestion: pipes=2562403 used=2562403 congested(>50%)=321037 saturated(>90%)=172590 max_util=1125.78 avg_util=0.3014
PHASE_MARK outer=1 enter=dcd_sweep rss=4056MB
RSS_SAMPLE t=203.9s rss=4056MB hwm=4068MB
RSS_SAMPLE t=204.2s rss=4056MB hwm=4068MB
RSS_SAMPLE t=204.4s rss=4056MB hwm=4068MB
RSS_SAMPLE t=204.7s rss=4056MB hwm=4068MB
RSS_SAMPLE t=204.9s rss=4056MB hwm=4068MB
RSS_SAMPLE t=205.2s rss=4056MB hwm=4068MB
RSS_SAMPLE t=205.4s rss=4056MB hwm=4068MB
RSS_SAMPLE t=205.7s rss=4056MB hwm=4068MB
RSS_SAMPLE t=205.9s rss=4056MB hwm=4068MB
RSS_SAMPLE t=206.2s rss=4056MB hwm=4068MB
RSS_SAMPLE t=206.4s rss=4056MB hwm=4068MB
RSS_SAMPLE t=206.7s rss=4056MB hwm=4068MB
RSS_SAMPLE t=206.9s rss=4056MB hwm=4068MB
RSS_SAMPLE t=207.2s rss=4056MB hwm=4068MB
RSS_SAMPLE t=207.4s rss=4056MB hwm=4068MB
RSS_SAMPLE t=207.7s rss=4056MB hwm=4068MB
RSS_SAMPLE t=207.9s rss=4056MB hwm=4068MB
RSS_SAMPLE t=208.2s rss=4056MB hwm=4068MB
RSS_SAMPLE t=208.4s rss=4056MB hwm=4068MB
RSS_SAMPLE t=208.7s rss=4056MB hwm=4068MB
RSS_SAMPLE t=208.9s rss=4056MB hwm=4068MB
RSS_SAMPLE t=209.2s rss=4056MB hwm=4068MB
RSS_SAMPLE t=209.4s rss=4056MB hwm=4068MB
RSS_SAMPLE t=209.7s rss=4056MB hwm=4068MB
RSS_SAMPLE t=209.9s rss=4056MB hwm=4068MB
RSS_SAMPLE t=210.2s rss=4056MB hwm=4068MB
RSS_SAMPLE t=210.4s rss=4056MB hwm=4068MB
RSS_SAMPLE t=210.7s rss=4056MB hwm=4068MB
PHASE_MARK outer=1 leave=dcd_sweep rss=4056MB
PHASE_MARK outer=1 enter=post_refresh rss=4056MB
RSS_SAMPLE t=210.9s rss=4068MB hwm=4068MB
RSS_SAMPLE t=211.2s rss=4068MB hwm=4068MB
RSS_SAMPLE t=211.4s rss=4068MB hwm=4068MB
RSS_SAMPLE t=211.7s rss=4068MB hwm=4068MB
RSS_SAMPLE t=211.9s rss=4068MB hwm=4068MB
RSS_SAMPLE t=212.2s rss=4068MB hwm=4068MB
RSS_SAMPLE t=212.4s rss=4068MB hwm=4068MB
RSS_SAMPLE t=212.7s rss=4068MB hwm=4068MB
RSS_SAMPLE t=212.9s rss=4068MB hwm=4068MB
RSS_SAMPLE t=213.2s rss=4068MB hwm=4068MB
RSS_SAMPLE t=213.4s rss=4180MB hwm=4180MB
RSS_SAMPLE t=213.7s rss=4208MB hwm=4208MB
RSS_SAMPLE t=213.9s rss=4218MB hwm=4218MB
RSS_SAMPLE t=214.2s rss=4231MB hwm=4231MB
RSS_SAMPLE t=214.4s rss=4237MB hwm=4237MB
RSS_SAMPLE t=214.7s rss=4247MB hwm=4247MB
RSS_SAMPLE t=214.9s rss=4254MB hwm=4254MB
RSS_SAMPLE t=215.2s rss=4256MB hwm=4256MB
RSS_SAMPLE t=215.4s rss=4258MB hwm=4258MB
RSS_SAMPLE t=215.7s rss=4260MB hwm=4260MB
RSS_SAMPLE t=215.9s rss=4262MB hwm=4262MB
RSS_SAMPLE t=216.2s rss=4262MB hwm=4262MB
RSS_SAMPLE t=216.4s rss=4263MB hwm=4263MB
RSS_SAMPLE t=216.7s rss=4264MB hwm=4264MB
RSS_SAMPLE t=216.9s rss=4265MB hwm=4265MB
RSS_SAMPLE t=217.2s rss=4265MB hwm=4265MB
RSS_SAMPLE t=217.4s rss=4265MB hwm=4265MB
RSS_SAMPLE t=217.7s rss=4266MB hwm=4266MB
RSS_SAMPLE t=217.9s rss=4266MB hwm=4266MB
RSS_SAMPLE t=218.2s rss=4267MB hwm=4267MB
RSS_SAMPLE t=218.4s rss=4267MB hwm=4267MB
RSS_SAMPLE t=218.7s rss=4268MB hwm=4268MB
RSS_SAMPLE t=218.9s rss=4268MB hwm=4268MB
RSS_SAMPLE t=219.2s rss=4269MB hwm=4269MB
RSS_SAMPLE t=219.4s rss=4270MB hwm=4270MB
RSS_SAMPLE t=219.7s rss=4270MB hwm=4270MB
RSS_SAMPLE t=219.9s rss=4271MB hwm=4271MB
RSS_SAMPLE t=220.2s rss=4271MB hwm=4271MB
RSS_SAMPLE t=220.4s rss=4272MB hwm=4272MB
RSS_SAMPLE t=220.7s rss=4273MB hwm=4273MB
RSS_SAMPLE t=220.9s rss=4273MB hwm=4273MB
RSS_SAMPLE t=221.2s rss=4274MB hwm=4274MB
RSS_SAMPLE t=221.4s rss=4274MB hwm=4274MB
RSS_SAMPLE t=221.7s rss=4274MB hwm=4274MB
RSS_SAMPLE t=221.9s rss=4275MB hwm=4275MB
RSS_SAMPLE t=222.2s rss=4276MB hwm=4276MB
RSS_SAMPLE t=222.4s rss=4277MB hwm=4277MB
RSS_SAMPLE t=222.7s rss=4278MB hwm=4278MB
RSS_SAMPLE t=222.9s rss=4278MB hwm=4278MB
RSS_SAMPLE t=223.2s rss=4279MB hwm=4279MB
RSS_SAMPLE t=223.4s rss=4280MB hwm=4280MB
RSS_SAMPLE t=223.7s rss=4280MB hwm=4280MB
RSS_SAMPLE t=223.9s rss=4281MB hwm=4281MB
RSS_SAMPLE t=224.2s rss=4282MB hwm=4282MB
RSS_SAMPLE t=224.4s rss=4282MB hwm=4282MB
RSS_SAMPLE t=224.7s rss=4283MB hwm=4283MB
RSS_SAMPLE t=224.9s rss=4283MB hwm=4283MB
RSS_SAMPLE t=225.2s rss=4284MB hwm=4284MB
RSS_SAMPLE t=225.4s rss=4284MB hwm=4284MB
RSS_SAMPLE t=225.7s rss=4285MB hwm=4285MB
RSS_SAMPLE t=225.9s rss=4285MB hwm=4285MB
RSS_SAMPLE t=226.2s rss=4286MB hwm=4286MB
RSS_SAMPLE t=226.4s rss=4286MB hwm=4286MB
RSS_SAMPLE t=226.7s rss=4286MB hwm=4286MB
RSS_SAMPLE t=226.9s rss=4287MB hwm=4287MB
RSS_SAMPLE t=227.2s rss=4288MB hwm=4288MB
RSS_SAMPLE t=227.4s rss=4288MB hwm=4288MB
RSS_SAMPLE t=227.7s rss=4288MB hwm=4288MB
RSS_SAMPLE t=227.9s rss=4289MB hwm=4289MB
RSS_SAMPLE t=228.2s rss=4289MB hwm=4289MB
RSS_SAMPLE t=228.4s rss=4289MB hwm=4289MB
RSS_SAMPLE t=228.7s rss=4289MB hwm=4289MB
RSS_SAMPLE t=228.9s rss=4289MB hwm=4289MB
RSS_SAMPLE t=229.2s rss=4289MB hwm=4289MB
RSS_SAMPLE t=229.4s rss=4290MB hwm=4290MB
RSS_SAMPLE t=229.7s rss=4290MB hwm=4290MB
RSS_SAMPLE t=229.9s rss=4290MB hwm=4290MB
RSS_SAMPLE t=230.2s rss=4291MB hwm=4291MB
RSS_SAMPLE t=230.4s rss=4291MB hwm=4291MB
RSS_SAMPLE t=230.7s rss=4291MB hwm=4291MB
RSS_SAMPLE t=230.9s rss=4291MB hwm=4291MB
RSS_SAMPLE t=231.2s rss=4292MB hwm=4292MB
RSS_SAMPLE t=231.4s rss=4292MB hwm=4292MB
RSS_SAMPLE t=231.7s rss=4292MB hwm=4292MB
RSS_SAMPLE t=231.9s rss=4292MB hwm=4292MB
RSS_SAMPLE t=232.2s rss=4293MB hwm=4293MB
RSS_SAMPLE t=232.4s rss=4293MB hwm=4293MB
RSS_SAMPLE t=232.7s rss=4293MB hwm=4293MB
RSS_SAMPLE t=233.0s rss=4293MB hwm=4293MB
RSS_SAMPLE t=233.2s rss=4293MB hwm=4293MB
RSS_SAMPLE t=233.5s rss=4294MB hwm=4294MB
RSS_SAMPLE t=233.7s rss=4294MB hwm=4294MB
RSS_SAMPLE t=234.0s rss=4294MB hwm=4294MB
RSS_SAMPLE t=234.2s rss=4294MB hwm=4294MB
RSS_SAMPLE t=234.5s rss=4294MB hwm=4294MB
RSS_SAMPLE t=234.7s rss=4295MB hwm=4295MB
RSS_SAMPLE t=235.0s rss=4295MB hwm=4295MB
RSS_SAMPLE t=235.2s rss=4295MB hwm=4295MB
RSS_SAMPLE t=235.5s rss=4295MB hwm=4295MB
RSS_SAMPLE t=235.7s rss=4295MB hwm=4295MB
RSS_SAMPLE t=236.0s rss=4296MB hwm=4296MB
RSS_SAMPLE t=236.2s rss=4296MB hwm=4296MB
RSS_SAMPLE t=236.5s rss=4296MB hwm=4296MB
RSS_SAMPLE t=236.7s rss=4297MB hwm=4297MB
RSS_SAMPLE t=237.0s rss=4297MB hwm=4297MB
RSS_SAMPLE t=237.2s rss=4297MB hwm=4297MB
RSS_SAMPLE t=237.5s rss=4297MB hwm=4297MB
RSS_SAMPLE t=237.7s rss=4298MB hwm=4298MB
RSS_SAMPLE t=238.0s rss=4298MB hwm=4298MB
RSS_SAMPLE t=238.2s rss=4298MB hwm=4298MB
RSS_SAMPLE t=238.5s rss=4298MB hwm=4298MB
RSS_SAMPLE t=238.7s rss=4298MB hwm=4298MB
RSS_SAMPLE t=239.0s rss=4298MB hwm=4298MB
RSS_SAMPLE t=239.2s rss=4298MB hwm=4298MB
RSS_SAMPLE t=239.5s rss=4298MB hwm=4298MB
RSS_SAMPLE t=239.7s rss=4298MB hwm=4298MB
RSS_SAMPLE t=240.0s rss=4298MB hwm=4298MB
RSS_SAMPLE t=240.2s rss=4298MB hwm=4298MB
RSS_SAMPLE t=240.5s rss=4298MB hwm=4298MB
RSS_SAMPLE t=240.7s rss=4298MB hwm=4298MB
RSS_SAMPLE t=241.0s rss=4298MB hwm=4298MB
RSS_SAMPLE t=241.2s rss=4298MB hwm=4298MB
RSS_SAMPLE t=241.5s rss=4298MB hwm=4298MB
RSS_SAMPLE t=241.7s rss=4298MB hwm=4298MB
RSS_SAMPLE t=242.0s rss=4298MB hwm=4298MB
RSS_SAMPLE t=242.2s rss=4298MB hwm=4298MB
RSS_SAMPLE t=242.5s rss=4298MB hwm=4298MB
RSS_SAMPLE t=242.7s rss=4298MB hwm=4298MB
RSS_SAMPLE t=243.0s rss=4298MB hwm=4298MB
RSS_SAMPLE t=243.2s rss=4298MB hwm=4298MB
RSS_SAMPLE t=243.5s rss=4298MB hwm=4298MB
RSS_SAMPLE t=243.7s rss=4298MB hwm=4298MB
RSS_SAMPLE t=244.0s rss=4298MB hwm=4298MB
RSS_SAMPLE t=244.2s rss=4298MB hwm=4298MB
RSS_SAMPLE t=244.5s rss=4298MB hwm=4298MB
RSS_SAMPLE t=244.7s rss=4298MB hwm=4298MB
RSS_SAMPLE t=245.0s rss=4298MB hwm=4298MB
RSS_SAMPLE t=245.2s rss=4298MB hwm=4298MB
RSS_SAMPLE t=245.5s rss=4298MB hwm=4298MB
RSS_SAMPLE t=245.7s rss=4298MB hwm=4298MB
RSS_SAMPLE t=246.0s rss=4298MB hwm=4298MB
RSS_SAMPLE t=246.2s rss=4298MB hwm=4298MB
RSS_SAMPLE t=246.5s rss=4298MB hwm=4298MB
RSS_SAMPLE t=246.7s rss=4298MB hwm=4298MB
RSS_SAMPLE t=247.0s rss=4298MB hwm=4298MB
RSS_SAMPLE t=247.2s rss=4298MB hwm=4298MB
RSS_SAMPLE t=247.5s rss=4298MB hwm=4298MB
RSS_SAMPLE t=247.7s rss=4298MB hwm=4298MB
RSS_SAMPLE t=248.0s rss=4298MB hwm=4298MB
RSS_SAMPLE t=248.2s rss=4298MB hwm=4298MB
RSS_SAMPLE t=248.5s rss=4298MB hwm=4298MB
RSS_SAMPLE t=248.7s rss=4298MB hwm=4298MB
RSS_SAMPLE t=249.0s rss=4298MB hwm=4298MB
RSS_SAMPLE t=249.2s rss=4298MB hwm=4298MB
RSS_SAMPLE t=249.5s rss=4298MB hwm=4298MB
RSS_SAMPLE t=249.7s rss=4298MB hwm=4298MB
RSS_SAMPLE t=250.0s rss=4299MB hwm=4299MB
RSS_SAMPLE t=250.2s rss=4299MB hwm=4299MB
RSS_SAMPLE t=250.5s rss=4299MB hwm=4299MB
RSS_SAMPLE t=250.7s rss=4299MB hwm=4299MB
RSS_SAMPLE t=251.0s rss=4299MB hwm=4299MB
RSS_SAMPLE t=251.2s rss=4299MB hwm=4299MB
RSS_SAMPLE t=251.5s rss=4299MB hwm=4299MB
RSS_SAMPLE t=251.7s rss=4299MB hwm=4299MB
RSS_SAMPLE t=252.0s rss=4299MB hwm=4299MB
RSS_SAMPLE t=252.2s rss=4299MB hwm=4299MB
RSS_SAMPLE t=252.5s rss=4299MB hwm=4299MB
RSS_SAMPLE t=252.7s rss=4299MB hwm=4299MB
RSS_SAMPLE t=253.0s rss=4299MB hwm=4299MB
RSS_SAMPLE t=253.2s rss=4299MB hwm=4299MB
RSS_SAMPLE t=253.5s rss=4299MB hwm=4299MB
RSS_SAMPLE t=253.7s rss=4299MB hwm=4299MB
RSS_SAMPLE t=254.0s rss=4299MB hwm=4299MB
RSS_SAMPLE t=254.2s rss=4299MB hwm=4299MB
RSS_SAMPLE t=254.5s rss=4299MB hwm=4299MB
RSS_SAMPLE t=254.7s rss=4299MB hwm=4299MB
RSS_SAMPLE t=255.0s rss=4299MB hwm=4299MB
RSS_SAMPLE t=255.2s rss=4299MB hwm=4299MB
RSS_SAMPLE t=255.5s rss=4299MB hwm=4299MB
RSS_SAMPLE t=255.7s rss=4299MB hwm=4299MB
RSS_SAMPLE t=256.0s rss=4299MB hwm=4299MB
RSS_SAMPLE t=256.2s rss=4299MB hwm=4299MB
RSS_SAMPLE t=256.5s rss=4299MB hwm=4299MB
RSS_SAMPLE t=256.7s rss=4299MB hwm=4299MB
RSS_SAMPLE t=257.0s rss=4299MB hwm=4299MB
RSS_SAMPLE t=257.2s rss=4299MB hwm=4299MB
RSS_SAMPLE t=257.5s rss=4299MB hwm=4299MB
RSS_SAMPLE t=257.7s rss=4299MB hwm=4299MB
RSS_SAMPLE t=258.0s rss=4299MB hwm=4299MB
RSS_SAMPLE t=258.2s rss=4299MB hwm=4299MB
RSS_SAMPLE t=258.5s rss=4299MB hwm=4299MB
RSS_SAMPLE t=258.7s rss=4299MB hwm=4299MB
RSS_SAMPLE t=259.0s rss=4299MB hwm=4299MB
RSS_SAMPLE t=259.2s rss=4299MB hwm=4299MB
RSS_SAMPLE t=259.5s rss=4299MB hwm=4299MB
MEM_POOL: workspaces=32 dense_usage_mb=1251 n_pipes=2562403
    post_solve_diag[outer=1]: solves=105117 cap_armed=105117 (100.0%) settle_avg=9019 above_sink_avg=129 (1.4%) settle_max=69353
    settle_hist[outer=1]: <100: 28808nets/0.1%work  <1k: 19912nets/0.7%work  <5k: 23769nets/6.5%work  <20k: 14029nets/16.5%work  <60k: 16379nets/60.8%work  >=60k: 2220nets/15.5%work
    rss_probe[outer=1]: pre_post_solve=4068MB post_post_solve=4318MB after_apply=4319MB
MuxSlotTracker[sweep 1 LEAK]: populated_cells=63691, overflow_tiles=2, at_cap_tiles=1179, peak_excess=6, capacity_hist={16:67346}
    E_decomp: base=9165869.0 eff=78483423974439.6 cong=78483414808570.6 cong_share=100.0% sat_pipes=134293 max_util=3014.34  R_buckets: 1-2x=133403 2-10x=2059 10-100x=594 >=100x=2426347
    E_potential: beckmann=19373760588378368.0 history_total=0.0
    SpanCache: epoch=2 entries=2646 lookups=2562403 hits=2559757 misses=2646 hit_rate=99.9%
  DCD   1: nets=105117 line=17026317 energy=8254878746.475 dE=+8252435694.830 friction=346451275.8 bins=2.3x(1043) excess=358.0 moved=63289 disp=14.333 solves=105117 skip=105117 pops=948000416 theta=1.118 refresh=48859ms dcd=7051ms total=58348ms
    cache_stats: entries=47986193 capacity=83247758 est_mb=719 rss_mb=4320
RSS_SAMPLE t=259.7s rss=4320MB hwm=4320MB
RSS_SAMPLE t=260.0s rss=4320MB hwm=4320MB
RSS_SAMPLE t=260.2s rss=4320MB hwm=4320MB
RSS_SAMPLE t=260.5s rss=4320MB hwm=4320MB
RSS_SAMPLE t=260.7s rss=4320MB hwm=4320MB
RSS_SAMPLE t=261.0s rss=4320MB hwm=4320MB
RSS_SAMPLE t=261.2s rss=4320MB hwm=4320MB
RSS_SAMPLE t=261.5s rss=4320MB hwm=4320MB
RSS_SAMPLE t=261.7s rss=4320MB hwm=4320MB
RSS_SAMPLE t=262.0s rss=4320MB hwm=4320MB
    SwitchMatrix: type_usage_pairs=1463 lookups=3398 hits=1935 dijkstra_calls=1463 avg_us=9.1 total_ms=13.4
RSS_SAMPLE t=262.2s rss=4320MB hwm=4320MB
PHASE_MARK outer=2 enter=pre_solve rss=4320MB
    rss_probe[outer=2]: pre_refresh_rss=4320MB post_pre_solve_rss=4333MB cache_entries=47986193 cache_cap=83247758 cache_est_mb=719
    pre_solve_diag[outer=2]: solves=0 fallback=0 (0.0%) cap_armed=0 (0.0%) settle_avg=0 settle_max=0 init_count=233
    Overflow: over=122389 (4.8% of used) avg_excess=11.37 max_excess=3375.81 (nc=3399.81 cap=24 span=1)  excess_buckets: <=1=44761 1-5=56321 5-20=15665 >20=5642  by_cap: cap1=33888 cap2=78721 cap3-5=31 cap>5=9749  by_span: s1=697 s2-3=1742 s4-6=6027 s7-12=79466 s>12=34457  le1_cross: cap1=23532 cap2-5=19194 cap>5=2035
    Congestion: pipes=2562403 used=2562403 congested(>50%)=218654 saturated(>90%)=134293 max_util=3014.34 avg_util=0.3367
PHASE_MARK outer=2 enter=dcd_sweep rss=4333MB
RSS_SAMPLE t=262.5s rss=4334MB hwm=4334MB
RSS_SAMPLE t=262.7s rss=4334MB hwm=4334MB
RSS_SAMPLE t=263.0s rss=4334MB hwm=4334MB
RSS_SAMPLE t=263.2s rss=4334MB hwm=4334MB
RSS_SAMPLE t=263.5s rss=4334MB hwm=4334MB
RSS_SAMPLE t=263.7s rss=4334MB hwm=4334MB
RSS_SAMPLE t=264.0s rss=4335MB hwm=4335MB
RSS_SAMPLE t=264.2s rss=4335MB hwm=4335MB
RSS_SAMPLE t=264.5s rss=4335MB hwm=4335MB
RSS_SAMPLE t=264.7s rss=4335MB hwm=4335MB
RSS_SAMPLE t=265.0s rss=4335MB hwm=4335MB
RSS_SAMPLE t=265.2s rss=4336MB hwm=4336MB
RSS_SAMPLE t=265.5s rss=4336MB hwm=4336MB
RSS_SAMPLE t=265.7s rss=4336MB hwm=4336MB
RSS_SAMPLE t=266.0s rss=4336MB hwm=4336MB
RSS_SAMPLE t=266.2s rss=4336MB hwm=4336MB
RSS_SAMPLE t=266.5s rss=4336MB hwm=4336MB
RSS_SAMPLE t=266.7s rss=4337MB hwm=4337MB
RSS_SAMPLE t=267.0s rss=4337MB hwm=4337MB
RSS_SAMPLE t=267.2s rss=4337MB hwm=4337MB
RSS_SAMPLE t=267.5s rss=4337MB hwm=4337MB
RSS_SAMPLE t=267.7s rss=4337MB hwm=4337MB
RSS_SAMPLE t=268.0s rss=4337MB hwm=4337MB
RSS_SAMPLE t=268.2s rss=4338MB hwm=4338MB
RSS_SAMPLE t=268.5s rss=4338MB hwm=4338MB
RSS_SAMPLE t=268.7s rss=4338MB hwm=4338MB
RSS_SAMPLE t=269.0s rss=4338MB hwm=4338MB
PHASE_MARK outer=2 leave=dcd_sweep rss=4338MB
PHASE_MARK outer=2 enter=post_refresh rss=4338MB
RSS_SAMPLE t=269.2s rss=4340MB hwm=4340MB
RSS_SAMPLE t=269.5s rss=4340MB hwm=4340MB
RSS_SAMPLE t=269.7s rss=4340MB hwm=4340MB
RSS_SAMPLE t=270.0s rss=4340MB hwm=4340MB
RSS_SAMPLE t=270.2s rss=4340MB hwm=4340MB
RSS_SAMPLE t=270.5s rss=4340MB hwm=4340MB
RSS_SAMPLE t=270.7s rss=4340MB hwm=4340MB
RSS_SAMPLE t=271.0s rss=4340MB hwm=4340MB
RSS_SAMPLE t=271.2s rss=4340MB hwm=4340MB
RSS_SAMPLE t=271.5s rss=4340MB hwm=4340MB
RSS_SAMPLE t=271.7s rss=4340MB hwm=4340MB
RSS_SAMPLE t=272.0s rss=4340MB hwm=4340MB
RSS_SAMPLE t=272.2s rss=4341MB hwm=4341MB
RSS_SAMPLE t=272.5s rss=4341MB hwm=4341MB
RSS_SAMPLE t=272.7s rss=4341MB hwm=4341MB
RSS_SAMPLE t=273.0s rss=4341MB hwm=4341MB
RSS_SAMPLE t=273.2s rss=4341MB hwm=4341MB
RSS_SAMPLE t=273.5s rss=4341MB hwm=4341MB
RSS_SAMPLE t=273.7s rss=4341MB hwm=4341MB
RSS_SAMPLE t=274.0s rss=4341MB hwm=4341MB
RSS_SAMPLE t=274.2s rss=4341MB hwm=4341MB
RSS_SAMPLE t=274.5s rss=4341MB hwm=4341MB
RSS_SAMPLE t=274.7s rss=4341MB hwm=4341MB
RSS_SAMPLE t=275.0s rss=4342MB hwm=4342MB
RSS_SAMPLE t=275.2s rss=4342MB hwm=4342MB
RSS_SAMPLE t=275.5s rss=4342MB hwm=4342MB
RSS_SAMPLE t=275.7s rss=4342MB hwm=4342MB
RSS_SAMPLE t=276.0s rss=4342MB hwm=4342MB
RSS_SAMPLE t=276.2s rss=4342MB hwm=4342MB
RSS_SAMPLE t=276.5s rss=4343MB hwm=4343MB
RSS_SAMPLE t=276.7s rss=4343MB hwm=4343MB
RSS_SAMPLE t=277.0s rss=4343MB hwm=4343MB
RSS_SAMPLE t=277.2s rss=4343MB hwm=4343MB
RSS_SAMPLE t=277.5s rss=4344MB hwm=4344MB
RSS_SAMPLE t=277.7s rss=4344MB hwm=4344MB
RSS_SAMPLE t=278.0s rss=4344MB hwm=4344MB
RSS_SAMPLE t=278.2s rss=4344MB hwm=4344MB
RSS_SAMPLE t=278.5s rss=4345MB hwm=4345MB
RSS_SAMPLE t=278.7s rss=4345MB hwm=4345MB
RSS_SAMPLE t=279.0s rss=4345MB hwm=4345MB
RSS_SAMPLE t=279.2s rss=4345MB hwm=4345MB
RSS_SAMPLE t=279.5s rss=4345MB hwm=4345MB
RSS_SAMPLE t=279.7s rss=4346MB hwm=4346MB
RSS_SAMPLE t=280.0s rss=4346MB hwm=4346MB
RSS_SAMPLE t=280.2s rss=4346MB hwm=4346MB
RSS_SAMPLE t=280.5s rss=4346MB hwm=4346MB
RSS_SAMPLE t=280.7s rss=4346MB hwm=4346MB
RSS_SAMPLE t=281.0s rss=4347MB hwm=4347MB
RSS_SAMPLE t=281.2s rss=4347MB hwm=4347MB
RSS_SAMPLE t=281.5s rss=4347MB hwm=4347MB
RSS_SAMPLE t=281.7s rss=4347MB hwm=4347MB
RSS_SAMPLE t=282.0s rss=4347MB hwm=4347MB
RSS_SAMPLE t=282.2s rss=4347MB hwm=4347MB
RSS_SAMPLE t=282.5s rss=4348MB hwm=4348MB
RSS_SAMPLE t=282.7s rss=4348MB hwm=4348MB
RSS_SAMPLE t=283.0s rss=4348MB hwm=4348MB
RSS_SAMPLE t=283.2s rss=4348MB hwm=4348MB
RSS_SAMPLE t=283.5s rss=4348MB hwm=4348MB
RSS_SAMPLE t=283.7s rss=4348MB hwm=4348MB
RSS_SAMPLE t=284.0s rss=4349MB hwm=4349MB
RSS_SAMPLE t=284.2s rss=4349MB hwm=4349MB
RSS_SAMPLE t=284.5s rss=4349MB hwm=4349MB
RSS_SAMPLE t=284.7s rss=4349MB hwm=4349MB
RSS_SAMPLE t=285.0s rss=4350MB hwm=4350MB
RSS_SAMPLE t=285.2s rss=4350MB hwm=4350MB
RSS_SAMPLE t=285.5s rss=4350MB hwm=4350MB
RSS_SAMPLE t=285.7s rss=4350MB hwm=4350MB
RSS_SAMPLE t=286.0s rss=4351MB hwm=4351MB
RSS_SAMPLE t=286.2s rss=4351MB hwm=4351MB
RSS_SAMPLE t=286.5s rss=4351MB hwm=4351MB
RSS_SAMPLE t=286.7s rss=4351MB hwm=4351MB
RSS_SAMPLE t=287.0s rss=4352MB hwm=4352MB
RSS_SAMPLE t=287.2s rss=4352MB hwm=4352MB
RSS_SAMPLE t=287.5s rss=4352MB hwm=4352MB
RSS_SAMPLE t=287.7s rss=4352MB hwm=4352MB
RSS_SAMPLE t=288.0s rss=4353MB hwm=4353MB
RSS_SAMPLE t=288.2s rss=4353MB hwm=4353MB
RSS_SAMPLE t=288.5s rss=4353MB hwm=4353MB
RSS_SAMPLE t=288.7s rss=4353MB hwm=4353MB
RSS_SAMPLE t=289.0s rss=4354MB hwm=4354MB
RSS_SAMPLE t=289.2s rss=4354MB hwm=4354MB
RSS_SAMPLE t=289.5s rss=4354MB hwm=4354MB
RSS_SAMPLE t=289.7s rss=4354MB hwm=4354MB
RSS_SAMPLE t=290.0s rss=4354MB hwm=4354MB
RSS_SAMPLE t=290.2s rss=4354MB hwm=4354MB
RSS_SAMPLE t=290.5s rss=4354MB hwm=4354MB
RSS_SAMPLE t=290.7s rss=4354MB hwm=4354MB
RSS_SAMPLE t=291.0s rss=4354MB hwm=4354MB
RSS_SAMPLE t=291.2s rss=4354MB hwm=4354MB
RSS_SAMPLE t=291.5s rss=4354MB hwm=4354MB
RSS_SAMPLE t=291.7s rss=4354MB hwm=4354MB
RSS_SAMPLE t=292.0s rss=4354MB hwm=4354MB
RSS_SAMPLE t=292.2s rss=4354MB hwm=4354MB
RSS_SAMPLE t=292.5s rss=4354MB hwm=4354MB
RSS_SAMPLE t=292.7s rss=4355MB hwm=4355MB
RSS_SAMPLE t=293.0s rss=4355MB hwm=4355MB
RSS_SAMPLE t=293.2s rss=4355MB hwm=4355MB
RSS_SAMPLE t=293.5s rss=4355MB hwm=4355MB
RSS_SAMPLE t=293.7s rss=4355MB hwm=4355MB
RSS_SAMPLE t=294.0s rss=4355MB hwm=4355MB
RSS_SAMPLE t=294.2s rss=4355MB hwm=4355MB
RSS_SAMPLE t=294.5s rss=4355MB hwm=4355MB
RSS_SAMPLE t=294.8s rss=4355MB hwm=4355MB
RSS_SAMPLE t=295.0s rss=4355MB hwm=4355MB
RSS_SAMPLE t=295.3s rss=4355MB hwm=4355MB
RSS_SAMPLE t=295.5s rss=4355MB hwm=4355MB
RSS_SAMPLE t=295.8s rss=4355MB hwm=4355MB
RSS_SAMPLE t=296.0s rss=4355MB hwm=4355MB
RSS_SAMPLE t=296.3s rss=4355MB hwm=4355MB
RSS_SAMPLE t=296.5s rss=4355MB hwm=4355MB
RSS_SAMPLE t=296.8s rss=4355MB hwm=4355MB
RSS_SAMPLE t=297.0s rss=4355MB hwm=4355MB
RSS_SAMPLE t=297.3s rss=4355MB hwm=4355MB
RSS_SAMPLE t=297.5s rss=4355MB hwm=4355MB
RSS_SAMPLE t=297.8s rss=4355MB hwm=4355MB
RSS_SAMPLE t=298.0s rss=4355MB hwm=4355MB
RSS_SAMPLE t=298.3s rss=4355MB hwm=4355MB
RSS_SAMPLE t=298.5s rss=4355MB hwm=4355MB
RSS_SAMPLE t=298.8s rss=4355MB hwm=4355MB
RSS_SAMPLE t=299.0s rss=4355MB hwm=4355MB
RSS_SAMPLE t=299.3s rss=4355MB hwm=4355MB
RSS_SAMPLE t=299.5s rss=4356MB hwm=4356MB
RSS_SAMPLE t=299.8s rss=4356MB hwm=4356MB
RSS_SAMPLE t=300.0s rss=4356MB hwm=4356MB
RSS_SAMPLE t=300.3s rss=4356MB hwm=4356MB
RSS_SAMPLE t=300.5s rss=4356MB hwm=4356MB
RSS_SAMPLE t=300.8s rss=4356MB hwm=4356MB
RSS_SAMPLE t=301.0s rss=4356MB hwm=4356MB
RSS_SAMPLE t=301.3s rss=4356MB hwm=4356MB
RSS_SAMPLE t=301.5s rss=4356MB hwm=4356MB
RSS_SAMPLE t=301.8s rss=4356MB hwm=4356MB
RSS_SAMPLE t=302.0s rss=4356MB hwm=4356MB
RSS_SAMPLE t=302.3s rss=4356MB hwm=4356MB
RSS_SAMPLE t=302.5s rss=4356MB hwm=4356MB
RSS_SAMPLE t=302.8s rss=4356MB hwm=4356MB
RSS_SAMPLE t=303.0s rss=4356MB hwm=4356MB
RSS_SAMPLE t=303.3s rss=4356MB hwm=4356MB
RSS_SAMPLE t=303.5s rss=4356MB hwm=4356MB
RSS_SAMPLE t=303.8s rss=4356MB hwm=4356MB
RSS_SAMPLE t=304.0s rss=4356MB hwm=4356MB
RSS_SAMPLE t=304.3s rss=4356MB hwm=4356MB
RSS_SAMPLE t=304.5s rss=4356MB hwm=4356MB
RSS_SAMPLE t=304.8s rss=4356MB hwm=4356MB
RSS_SAMPLE t=305.0s rss=4356MB hwm=4356MB
RSS_SAMPLE t=305.3s rss=4356MB hwm=4356MB
RSS_SAMPLE t=305.5s rss=4356MB hwm=4356MB
RSS_SAMPLE t=305.8s rss=4356MB hwm=4356MB
RSS_SAMPLE t=306.0s rss=4356MB hwm=4356MB
RSS_SAMPLE t=306.3s rss=4356MB hwm=4356MB
RSS_SAMPLE t=306.5s rss=4356MB hwm=4356MB
RSS_SAMPLE t=306.8s rss=4356MB hwm=4356MB
RSS_SAMPLE t=307.0s rss=4356MB hwm=4356MB
RSS_SAMPLE t=307.3s rss=4356MB hwm=4356MB
RSS_SAMPLE t=307.5s rss=4356MB hwm=4356MB
RSS_SAMPLE t=307.8s rss=4356MB hwm=4356MB
RSS_SAMPLE t=308.0s rss=4356MB hwm=4356MB
RSS_SAMPLE t=308.3s rss=4356MB hwm=4356MB
RSS_SAMPLE t=308.5s rss=4356MB hwm=4356MB
RSS_SAMPLE t=308.8s rss=4356MB hwm=4356MB
RSS_SAMPLE t=309.0s rss=4356MB hwm=4356MB
RSS_SAMPLE t=309.3s rss=4356MB hwm=4356MB
RSS_SAMPLE t=309.5s rss=4356MB hwm=4356MB
RSS_SAMPLE t=309.8s rss=4356MB hwm=4356MB
RSS_SAMPLE t=310.0s rss=4356MB hwm=4356MB
RSS_SAMPLE t=310.3s rss=4356MB hwm=4356MB
RSS_SAMPLE t=310.5s rss=4356MB hwm=4356MB
RSS_SAMPLE t=310.8s rss=4356MB hwm=4356MB
RSS_SAMPLE t=311.0s rss=4356MB hwm=4356MB
RSS_SAMPLE t=311.3s rss=4356MB hwm=4356MB
RSS_SAMPLE t=311.5s rss=4356MB hwm=4356MB
RSS_SAMPLE t=311.8s rss=4356MB hwm=4356MB
RSS_SAMPLE t=312.0s rss=4356MB hwm=4356MB
RSS_SAMPLE t=312.3s rss=4356MB hwm=4356MB
RSS_SAMPLE t=312.5s rss=4356MB hwm=4356MB
RSS_SAMPLE t=312.8s rss=4356MB hwm=4356MB
RSS_SAMPLE t=313.0s rss=4356MB hwm=4356MB
RSS_SAMPLE t=313.3s rss=4356MB hwm=4356MB
RSS_SAMPLE t=313.5s rss=4356MB hwm=4356MB
RSS_SAMPLE t=313.8s rss=4356MB hwm=4356MB
RSS_SAMPLE t=314.0s rss=4356MB hwm=4356MB
RSS_SAMPLE t=314.3s rss=4356MB hwm=4356MB
RSS_SAMPLE t=314.5s rss=4356MB hwm=4356MB
RSS_SAMPLE t=314.8s rss=4356MB hwm=4356MB
RSS_SAMPLE t=315.0s rss=4356MB hwm=4356MB
RSS_SAMPLE t=315.3s rss=4356MB hwm=4356MB
RSS_SAMPLE t=315.5s rss=4356MB hwm=4356MB
RSS_SAMPLE t=315.8s rss=4356MB hwm=4356MB
RSS_SAMPLE t=316.0s rss=4356MB hwm=4356MB
RSS_SAMPLE t=316.3s rss=4356MB hwm=4356MB
RSS_SAMPLE t=316.5s rss=4356MB hwm=4356MB
RSS_SAMPLE t=316.8s rss=4356MB hwm=4356MB
RSS_SAMPLE t=317.0s rss=4356MB hwm=4356MB
RSS_SAMPLE t=317.3s rss=4356MB hwm=4356MB
RSS_SAMPLE t=317.5s rss=4356MB hwm=4356MB
RSS_SAMPLE t=317.8s rss=4356MB hwm=4356MB
RSS_SAMPLE t=318.0s rss=4356MB hwm=4356MB
RSS_SAMPLE t=318.3s rss=4356MB hwm=4356MB
RSS_SAMPLE t=318.5s rss=4356MB hwm=4356MB
RSS_SAMPLE t=318.8s rss=4356MB hwm=4356MB
RSS_SAMPLE t=319.0s rss=4356MB hwm=4356MB
RSS_SAMPLE t=319.3s rss=4356MB hwm=4356MB
RSS_SAMPLE t=319.5s rss=4356MB hwm=4356MB
RSS_SAMPLE t=319.8s rss=4356MB hwm=4356MB
RSS_SAMPLE t=320.0s rss=4356MB hwm=4356MB
RSS_SAMPLE t=320.3s rss=4356MB hwm=4356MB
RSS_SAMPLE t=320.5s rss=4356MB hwm=4356MB
RSS_SAMPLE t=320.8s rss=4356MB hwm=4356MB
RSS_SAMPLE t=321.0s rss=4356MB hwm=4356MB
RSS_SAMPLE t=321.3s rss=4356MB hwm=4356MB
RSS_SAMPLE t=321.5s rss=4356MB hwm=4356MB
RSS_SAMPLE t=321.8s rss=4356MB hwm=4356MB
RSS_SAMPLE t=322.0s rss=4356MB hwm=4356MB
RSS_SAMPLE t=322.3s rss=4356MB hwm=4356MB
RSS_SAMPLE t=322.5s rss=4356MB hwm=4356MB
RSS_SAMPLE t=322.8s rss=4356MB hwm=4356MB
RSS_SAMPLE t=323.0s rss=4356MB hwm=4356MB
RSS_SAMPLE t=323.3s rss=4356MB hwm=4356MB
RSS_SAMPLE t=323.5s rss=4356MB hwm=4356MB
RSS_SAMPLE t=323.8s rss=4356MB hwm=4356MB
RSS_SAMPLE t=324.0s rss=4356MB hwm=4356MB
RSS_SAMPLE t=324.3s rss=4356MB hwm=4356MB
RSS_SAMPLE t=324.5s rss=4356MB hwm=4356MB
RSS_SAMPLE t=324.8s rss=4356MB hwm=4356MB
RSS_SAMPLE t=325.0s rss=4356MB hwm=4356MB
RSS_SAMPLE t=325.3s rss=4356MB hwm=4356MB
RSS_SAMPLE t=325.5s rss=4356MB hwm=4356MB
RSS_SAMPLE t=325.8s rss=4356MB hwm=4356MB
RSS_SAMPLE t=326.0s rss=4356MB hwm=4356MB
RSS_SAMPLE t=326.3s rss=4356MB hwm=4356MB
RSS_SAMPLE t=326.5s rss=4356MB hwm=4356MB
RSS_SAMPLE t=326.8s rss=4356MB hwm=4356MB
RSS_SAMPLE t=327.0s rss=4356MB hwm=4356MB
RSS_SAMPLE t=327.3s rss=4356MB hwm=4356MB
RSS_SAMPLE t=327.5s rss=4357MB hwm=4357MB
MEM_POOL: workspaces=32 dense_usage_mb=1251 n_pipes=2562403
    post_solve_diag[outer=2]: solves=105117 cap_armed=105117 (100.0%) settle_avg=8207 above_sink_avg=103 (1.2%) settle_max=69353
    settle_hist[outer=2]: <100: 31432nets/0.1%work  <1k: 20584nets/0.9%work  <5k: 21740nets/6.6%work  <20k: 14549nets/18.2%work  <60k: 15109nets/61.4%work  >=60k: 1703nets/12.9%work
    rss_probe[outer=2]: pre_post_solve=4340MB post_post_solve=4357MB after_apply=4357MB
MuxSlotTracker[sweep 2 LEAK]: populated_cells=65594, overflow_tiles=1, at_cap_tiles=1148, peak_excess=5, capacity_hist={16:67346}
    E_decomp: base=9407047.0 eff=48444475231200712.0 cong=48444475221793664.0 cong_share=100.0% sat_pipes=92734 max_util=1889.21  R_buckets: 1-2x=88044 2-10x=31968 10-100x=8560 >=100x=2433831
    E_potential: beckmann=1409327664916449.2 history_total=0.0
    SpanCache: epoch=3 entries=3398 lookups=2562403 hits=2559005 misses=3398 hit_rate=99.9%
  DCD   2: nets=105117 line=16857526 energy=36532359547.134 dE=+28277480800.660 friction=124196727.9 bins=2.0x(1156) excess=506.4 moved=64927 disp=11.041 solves=105117 skip=105117 pops=862659172 theta=5.000 refresh=58594ms dcd=6798ms total=67987ms
    cache_stats: entries=44285902 capacity=78167365 est_mb=676 rss_mb=4358
DCD done: energy=36532359547.134 line=16857526 friction=124196727.9 bins=2.0x(1156) excess=506.4
MuxSlotTracker: 28998 commit rejections over entire DCD
MuxSlotTracker[post-DCD]: populated_cells=65594, overflow_tiles=1, at_cap_tiles=1148, peak_excess=5, capacity_hist={16:67346}
RSS_SAMPLE t=327.8s rss=2990MB hwm=4352MB
Pre-legalization: HPWL=13478916
  type DFF: 302 valid columns, 1077536 total BELs
  type LUT6: 302 valid columns, 538768 total BELs
TypeAwarePlacement: 2 cell types
RSS_SAMPLE t=328.0s rss=2498MB hwm=4352MB
RSS_SAMPLE t=328.3s rss=2498MB hwm=4352MB
RSS_SAMPLE t=328.5s rss=2498MB hwm=4352MB
RSS_SAMPLE t=328.8s rss=2498MB hwm=4352MB
RSS_SAMPLE t=329.0s rss=2498MB hwm=4352MB
RSS_SAMPLE t=329.3s rss=2498MB hwm=4352MB
RSS_SAMPLE t=329.5s rss=2498MB hwm=4352MB
RSS_SAMPLE t=329.8s rss=2498MB hwm=4352MB
RSS_SAMPLE t=330.0s rss=2498MB hwm=4352MB
RSS_SAMPLE t=330.3s rss=2498MB hwm=4352MB
RSS_SAMPLE t=330.5s rss=2498MB hwm=4352MB
RSS_SAMPLE t=330.8s rss=2498MB hwm=4352MB
RSS_SAMPLE t=331.0s rss=2498MB hwm=4352MB
RSS_SAMPLE t=331.3s rss=2498MB hwm=4352MB
RSS_SAMPLE t=331.5s rss=2498MB hwm=4352MB
RSS_SAMPLE t=331.8s rss=2498MB hwm=4352MB
RSS_SAMPLE t=332.0s rss=2498MB hwm=4352MB
RSS_SAMPLE t=332.3s rss=2498MB hwm=4352MB
RSS_SAMPLE t=332.5s rss=2498MB hwm=4352MB
RSS_SAMPLE t=332.8s rss=2498MB hwm=4352MB
RSS_SAMPLE t=333.0s rss=2498MB hwm=4352MB
RSS_SAMPLE t=333.3s rss=2498MB hwm=4352MB
RSS_SAMPLE t=333.5s rss=2498MB hwm=4352MB
  SortedLegalizer: cluster_rejects=265857 shared_mux_rejects=20521849 arch_validity_rejects=0
RSS_SAMPLE t=333.8s rss=2424MB hwm=4352MB
Post-legalization: HPWL=13238657, line=16833853
Per-net HPWL: 105118 nets, total=13238657
  #0: hpwl=531 fanout=93000 (0.0%)
  #1: hpwl=528 fanout=9 (0.0%)
  #2: hpwl=527 fanout=5 (0.0%)
  #3: hpwl=527 fanout=13 (0.0%)
  #4: hpwl=525 fanout=6 (0.0%)
  #5: hpwl=525 fanout=5 (0.0%)
  #6: hpwl=525 fanout=17 (0.0%)
  #7: hpwl=525 fanout=5 (0.0%)
  #8: hpwl=524 fanout=15 (0.0%)
  #9: hpwl=524 fanout=9 (0.0%)
  50% of HPWL from top 16808 nets (of 105118)
