Running scope as unit: run-rdad6366587524a7489a896115bea2236.scope
chipdb: /home/kelvin/side-project/eisenjoch/chip_database/xc7_large.bin
design: /home/kelvin/side-project/eisenjoch/benchmark/ispd/generated/2016/FPGA01/FPGA01.json
RSS_SAMPLE t=0.0s rss=9MB hwm=9MB
RSS_SAMPLE t=0.3s rss=304MB hwm=304MB
RSS_SAMPLE t=0.5s rss=553MB hwm=553MB
RSS_SAMPLE t=0.8s rss=709MB hwm=709MB
RSS_SAMPLE t=1.0s rss=775MB hwm=775MB
RSS_SAMPLE t=1.3s rss=819MB hwm=825MB
RSS_SAMPLE t=1.5s rss=819MB hwm=825MB
RSS_SAMPLE t=1.8s rss=819MB hwm=825MB
RSS_SAMPLE t=2.0s rss=819MB hwm=825MB
RSS_SAMPLE t=2.3s rss=819MB hwm=825MB
RSS_SAMPLE t=2.5s rss=821MB hwm=825MB
cfg: max_outer_iters=8 blend_alpha=0.5 hardening_step=0 graph_model=TwoLevelPip
RSS_SAMPLE t=2.8s rss=821MB hwm=825MB
  topological compress: density=0.60 target_tiles=15971 final_tiles=15777 scale=1.851 center=(205.1,111.0)
  topological init: n_movable=76660, n_edges=229053, max_layer=26775, back_edges=54022, n_anchored=0
RSS_SAMPLE t=3.0s rss=821MB hwm=825MB
RSS_SAMPLE t=3.3s rss=821MB hwm=825MB
RSS_SAMPLE t=3.5s rss=821MB hwm=825MB
RSS_SAMPLE t=3.8s rss=821MB hwm=825MB
RSS_SAMPLE t=4.0s rss=821MB hwm=825MB
RSS_SAMPLE t=4.3s rss=821MB hwm=825MB
RSS_SAMPLE t=4.5s rss=821MB hwm=825MB
RSS_SAMPLE t=4.8s rss=821MB hwm=825MB
RSS_SAMPLE t=5.0s rss=821MB hwm=825MB
RSS_SAMPLE t=5.3s rss=821MB hwm=825MB
RSS_SAMPLE t=5.5s rss=821MB hwm=825MB
RSS_SAMPLE t=5.8s rss=821MB hwm=825MB
RSS_SAMPLE t=6.0s rss=821MB hwm=825MB
RSS_SAMPLE t=6.3s rss=821MB hwm=825MB
RSS_SAMPLE t=6.5s rss=821MB hwm=825MB
RSS_SAMPLE t=6.8s rss=821MB hwm=825MB
RSS_SAMPLE t=7.0s rss=821MB hwm=825MB
RSS_SAMPLE t=7.3s rss=821MB hwm=825MB
RSS_SAMPLE t=7.5s rss=821MB hwm=825MB
RSS_SAMPLE t=7.8s rss=821MB hwm=825MB
RSS_SAMPLE t=8.0s rss=821MB hwm=825MB
RSS_SAMPLE t=8.3s rss=821MB hwm=825MB
RSS_SAMPLE t=8.5s rss=821MB hwm=825MB
RSS_SAMPLE t=8.8s rss=821MB hwm=825MB
RSS_SAMPLE t=9.0s rss=821MB hwm=825MB
RSS_SAMPLE t=9.3s rss=821MB hwm=825MB
RSS_SAMPLE t=9.5s rss=821MB hwm=825MB
RSS_SAMPLE t=9.8s rss=821MB hwm=825MB
RSS_SAMPLE t=10.0s rss=821MB hwm=825MB
RSS_SAMPLE t=10.3s rss=821MB hwm=825MB
RSS_SAMPLE t=10.5s rss=821MB hwm=825MB
RSS_SAMPLE t=10.8s rss=821MB hwm=825MB
RSS_SAMPLE t=11.0s rss=821MB hwm=825MB
RSS_SAMPLE t=11.3s rss=821MB hwm=825MB
RSS_SAMPLE t=11.5s rss=821MB hwm=825MB
RSS_SAMPLE t=11.8s rss=821MB hwm=825MB
RSS_SAMPLE t=12.0s rss=821MB hwm=825MB
RSS_SAMPLE t=12.3s rss=821MB hwm=825MB
RSS_SAMPLE t=12.5s rss=821MB hwm=825MB
RSS_SAMPLE t=12.8s rss=821MB hwm=825MB
RSS_SAMPLE t=13.0s rss=821MB hwm=825MB
RSS_SAMPLE t=13.3s rss=821MB hwm=825MB
RSS_SAMPLE t=13.5s rss=821MB hwm=825MB
RSS_SAMPLE t=13.8s rss=821MB hwm=825MB
RSS_SAMPLE t=14.0s rss=821MB hwm=825MB
RSS_SAMPLE t=14.3s rss=821MB hwm=825MB
RSS_SAMPLE t=14.5s rss=821MB hwm=825MB
RSS_SAMPLE t=14.8s rss=821MB hwm=825MB
RSS_SAMPLE t=15.0s rss=821MB hwm=825MB
RSS_SAMPLE t=15.3s rss=821MB hwm=825MB
RSS_SAMPLE t=15.5s rss=821MB hwm=825MB
RSS_SAMPLE t=15.8s rss=821MB hwm=825MB
RSS_SAMPLE t=16.0s rss=821MB hwm=825MB
RSS_SAMPLE t=16.3s rss=821MB hwm=825MB
RSS_SAMPLE t=16.5s rss=821MB hwm=825MB
RSS_SAMPLE t=16.8s rss=821MB hwm=825MB
RSS_SAMPLE t=17.0s rss=821MB hwm=825MB
RSS_SAMPLE t=17.3s rss=821MB hwm=825MB
RSS_SAMPLE t=17.5s rss=821MB hwm=825MB
RSS_SAMPLE t=17.8s rss=821MB hwm=825MB
RSS_SAMPLE t=18.0s rss=821MB hwm=825MB
RSS_SAMPLE t=18.3s rss=821MB hwm=825MB
RSS_SAMPLE t=18.5s rss=821MB hwm=825MB
RSS_SAMPLE t=18.8s rss=821MB hwm=825MB
RSS_SAMPLE t=19.0s rss=821MB hwm=825MB
RSS_SAMPLE t=19.3s rss=821MB hwm=825MB
RSS_SAMPLE t=19.5s rss=821MB hwm=825MB
RSS_SAMPLE t=19.8s rss=821MB hwm=825MB
RSS_SAMPLE t=20.0s rss=821MB hwm=825MB
RSS_SAMPLE t=20.3s rss=821MB hwm=825MB
RSS_SAMPLE t=20.5s rss=821MB hwm=825MB
RSS_SAMPLE t=20.8s rss=821MB hwm=825MB
RSS_SAMPLE t=21.0s rss=821MB hwm=825MB
RSS_SAMPLE t=21.3s rss=821MB hwm=825MB
RSS_SAMPLE t=21.5s rss=821MB hwm=825MB
RSS_SAMPLE t=21.8s rss=821MB hwm=825MB
RSS_SAMPLE t=22.0s rss=821MB hwm=825MB
RSS_SAMPLE t=22.3s rss=821MB hwm=825MB
RSS_SAMPLE t=22.5s rss=821MB hwm=825MB
RSS_SAMPLE t=22.8s rss=821MB hwm=825MB
RSS_SAMPLE t=23.0s rss=821MB hwm=825MB
RSS_SAMPLE t=23.3s rss=821MB hwm=825MB
RSS_SAMPLE t=23.5s rss=821MB hwm=825MB
RSS_SAMPLE t=23.8s rss=821MB hwm=825MB
RSS_SAMPLE t=24.0s rss=821MB hwm=825MB
RSS_SAMPLE t=24.3s rss=821MB hwm=825MB
RSS_SAMPLE t=24.5s rss=821MB hwm=825MB
RSS_SAMPLE t=24.8s rss=821MB hwm=825MB
RSS_SAMPLE t=25.0s rss=821MB hwm=825MB
RSS_SAMPLE t=25.3s rss=821MB hwm=825MB
RSS_SAMPLE t=25.5s rss=821MB hwm=825MB
RSS_SAMPLE t=25.8s rss=821MB hwm=825MB
RSS_SAMPLE t=26.0s rss=821MB hwm=825MB
RSS_SAMPLE t=26.3s rss=821MB hwm=825MB
RSS_SAMPLE t=26.5s rss=821MB hwm=825MB
RSS_SAMPLE t=26.8s rss=821MB hwm=825MB
RSS_SAMPLE t=27.0s rss=821MB hwm=825MB
RSS_SAMPLE t=27.3s rss=821MB hwm=825MB
RSS_SAMPLE t=27.5s rss=821MB hwm=825MB
RSS_SAMPLE t=27.8s rss=821MB hwm=825MB
RSS_SAMPLE t=28.0s rss=821MB hwm=825MB
RSS_SAMPLE t=28.3s rss=821MB hwm=825MB
RSS_SAMPLE t=28.5s rss=821MB hwm=825MB
RSS_SAMPLE t=28.8s rss=821MB hwm=825MB
RSS_SAMPLE t=29.0s rss=821MB hwm=825MB
RSS_SAMPLE t=29.3s rss=821MB hwm=825MB
RSS_SAMPLE t=29.5s rss=821MB hwm=825MB
RSS_SAMPLE t=29.8s rss=821MB hwm=825MB
RSS_SAMPLE t=30.0s rss=821MB hwm=825MB
RSS_SAMPLE t=30.3s rss=821MB hwm=825MB
RSS_SAMPLE t=30.5s rss=821MB hwm=825MB
RSS_SAMPLE t=30.8s rss=821MB hwm=825MB
RSS_SAMPLE t=31.0s rss=821MB hwm=825MB
RSS_SAMPLE t=31.3s rss=821MB hwm=825MB
RSS_SAMPLE t=31.5s rss=821MB hwm=825MB
RSS_SAMPLE t=31.8s rss=821MB hwm=825MB
RSS_SAMPLE t=32.0s rss=821MB hwm=825MB
RSS_SAMPLE t=32.3s rss=821MB hwm=825MB
RSS_SAMPLE t=32.5s rss=821MB hwm=825MB
RSS_SAMPLE t=32.8s rss=821MB hwm=825MB
RSS_SAMPLE t=33.0s rss=821MB hwm=825MB
RSS_SAMPLE t=33.3s rss=821MB hwm=825MB
RSS_SAMPLE t=33.5s rss=821MB hwm=825MB
RSS_SAMPLE t=33.8s rss=821MB hwm=825MB
RSS_SAMPLE t=34.0s rss=821MB hwm=825MB
RSS_SAMPLE t=34.3s rss=821MB hwm=825MB
RSS_SAMPLE t=34.5s rss=821MB hwm=825MB
RSS_SAMPLE t=34.8s rss=821MB hwm=825MB
RSS_SAMPLE t=35.0s rss=821MB hwm=825MB
RSS_SAMPLE t=35.3s rss=821MB hwm=825MB
RSS_SAMPLE t=35.5s rss=821MB hwm=825MB
RSS_SAMPLE t=35.8s rss=821MB hwm=825MB
RSS_SAMPLE t=36.0s rss=821MB hwm=825MB
RSS_SAMPLE t=36.3s rss=821MB hwm=825MB
RSS_SAMPLE t=36.5s rss=821MB hwm=825MB
RSS_SAMPLE t=36.8s rss=821MB hwm=825MB
RSS_SAMPLE t=37.0s rss=821MB hwm=825MB
RSS_SAMPLE t=37.3s rss=821MB hwm=825MB
RSS_SAMPLE t=37.5s rss=821MB hwm=825MB
RSS_SAMPLE t=37.8s rss=821MB hwm=825MB
RSS_SAMPLE t=38.0s rss=821MB hwm=825MB
RSS_SAMPLE t=38.3s rss=821MB hwm=825MB
RSS_SAMPLE t=38.5s rss=821MB hwm=825MB
RSS_SAMPLE t=38.8s rss=821MB hwm=825MB
RSS_SAMPLE t=39.0s rss=821MB hwm=825MB
RSS_SAMPLE t=39.3s rss=821MB hwm=825MB
RSS_SAMPLE t=39.5s rss=821MB hwm=825MB
RSS_SAMPLE t=39.8s rss=821MB hwm=825MB
RSS_SAMPLE t=40.0s rss=821MB hwm=825MB
RSS_SAMPLE t=40.3s rss=821MB hwm=825MB
RSS_SAMPLE t=40.5s rss=821MB hwm=825MB
RSS_SAMPLE t=40.8s rss=821MB hwm=825MB
RSS_SAMPLE t=41.0s rss=821MB hwm=825MB
RSS_SAMPLE t=41.3s rss=821MB hwm=825MB
RSS_SAMPLE t=41.5s rss=821MB hwm=825MB
RSS_SAMPLE t=41.8s rss=821MB hwm=825MB
RSS_SAMPLE t=42.0s rss=821MB hwm=825MB
RSS_SAMPLE t=42.3s rss=821MB hwm=825MB
RSS_SAMPLE t=42.5s rss=821MB hwm=825MB
RSS_SAMPLE t=42.8s rss=821MB hwm=825MB
RSS_SAMPLE t=43.0s rss=821MB hwm=825MB
RSS_SAMPLE t=43.3s rss=821MB hwm=825MB
RSS_SAMPLE t=43.5s rss=821MB hwm=825MB
RSS_SAMPLE t=43.8s rss=821MB hwm=825MB
RSS_SAMPLE t=44.0s rss=821MB hwm=825MB
RSS_SAMPLE t=44.3s rss=821MB hwm=825MB
RSS_SAMPLE t=44.5s rss=821MB hwm=825MB
RSS_SAMPLE t=44.8s rss=821MB hwm=825MB
RSS_SAMPLE t=45.0s rss=821MB hwm=825MB
RSS_SAMPLE t=45.3s rss=821MB hwm=825MB
RSS_SAMPLE t=45.5s rss=821MB hwm=825MB
RSS_SAMPLE t=45.8s rss=821MB hwm=825MB
RSS_SAMPLE t=46.0s rss=821MB hwm=825MB
RSS_SAMPLE t=46.3s rss=821MB hwm=825MB
RSS_SAMPLE t=46.5s rss=821MB hwm=825MB
RSS_SAMPLE t=46.8s rss=821MB hwm=825MB
RSS_SAMPLE t=47.1s rss=821MB hwm=825MB
RSS_SAMPLE t=47.3s rss=821MB hwm=825MB
RSS_SAMPLE t=47.6s rss=821MB hwm=825MB
RSS_SAMPLE t=47.8s rss=821MB hwm=825MB
RSS_SAMPLE t=48.1s rss=821MB hwm=825MB
RSS_SAMPLE t=48.3s rss=821MB hwm=825MB
RSS_SAMPLE t=48.6s rss=821MB hwm=825MB
RSS_SAMPLE t=48.8s rss=821MB hwm=825MB
RSS_SAMPLE t=49.1s rss=821MB hwm=825MB
RSS_SAMPLE t=49.3s rss=821MB hwm=825MB
RSS_SAMPLE t=49.6s rss=821MB hwm=825MB
RSS_SAMPLE t=49.8s rss=821MB hwm=825MB
RSS_SAMPLE t=50.1s rss=821MB hwm=825MB
RSS_SAMPLE t=50.3s rss=821MB hwm=825MB
RSS_SAMPLE t=50.6s rss=821MB hwm=825MB
RSS_SAMPLE t=50.8s rss=821MB hwm=825MB
RSS_SAMPLE t=51.1s rss=821MB hwm=825MB
RSS_SAMPLE t=51.3s rss=821MB hwm=825MB
RSS_SAMPLE t=51.6s rss=821MB hwm=825MB
RSS_SAMPLE t=51.8s rss=821MB hwm=825MB
RSS_SAMPLE t=52.1s rss=821MB hwm=825MB
RSS_SAMPLE t=52.3s rss=821MB hwm=825MB
RSS_SAMPLE t=52.6s rss=821MB hwm=825MB
RSS_SAMPLE t=52.8s rss=821MB hwm=825MB
RSS_SAMPLE t=53.1s rss=821MB hwm=825MB
RSS_SAMPLE t=53.3s rss=821MB hwm=825MB
RSS_SAMPLE t=53.6s rss=821MB hwm=825MB
RSS_SAMPLE t=53.8s rss=821MB hwm=825MB
RSS_SAMPLE t=54.1s rss=821MB hwm=825MB
RSS_SAMPLE t=54.3s rss=821MB hwm=825MB
RSS_SAMPLE t=54.6s rss=821MB hwm=825MB
RSS_SAMPLE t=54.8s rss=821MB hwm=825MB
RSS_SAMPLE t=55.1s rss=821MB hwm=825MB
RSS_SAMPLE t=55.3s rss=821MB hwm=825MB
RSS_SAMPLE t=55.6s rss=821MB hwm=825MB
RSS_SAMPLE t=55.8s rss=821MB hwm=825MB
RSS_SAMPLE t=56.1s rss=821MB hwm=825MB
RSS_SAMPLE t=56.3s rss=821MB hwm=825MB
RSS_SAMPLE t=56.6s rss=821MB hwm=825MB
RSS_SAMPLE t=56.8s rss=821MB hwm=825MB
RSS_SAMPLE t=57.1s rss=821MB hwm=825MB
RSS_SAMPLE t=57.3s rss=821MB hwm=825MB
RSS_SAMPLE t=57.6s rss=821MB hwm=825MB
RSS_SAMPLE t=57.8s rss=821MB hwm=825MB
RSS_SAMPLE t=58.1s rss=821MB hwm=825MB
RSS_SAMPLE t=58.3s rss=821MB hwm=825MB
RSS_SAMPLE t=58.6s rss=821MB hwm=825MB
RSS_SAMPLE t=58.8s rss=821MB hwm=825MB
RSS_SAMPLE t=59.1s rss=821MB hwm=825MB
RSS_SAMPLE t=59.3s rss=821MB hwm=825MB
RSS_SAMPLE t=59.6s rss=821MB hwm=825MB
RSS_SAMPLE t=59.8s rss=821MB hwm=825MB
RSS_SAMPLE t=60.1s rss=821MB hwm=825MB
RSS_SAMPLE t=60.3s rss=821MB hwm=825MB
RSS_SAMPLE t=60.6s rss=821MB hwm=825MB
RSS_SAMPLE t=60.8s rss=821MB hwm=825MB
RSS_SAMPLE t=61.1s rss=821MB hwm=825MB
RSS_SAMPLE t=61.3s rss=821MB hwm=825MB
RSS_SAMPLE t=61.6s rss=821MB hwm=825MB
RSS_SAMPLE t=61.8s rss=821MB hwm=825MB
RSS_SAMPLE t=62.1s rss=821MB hwm=825MB
RSS_SAMPLE t=62.3s rss=821MB hwm=825MB
RSS_SAMPLE t=62.6s rss=821MB hwm=825MB
RSS_SAMPLE t=62.8s rss=821MB hwm=825MB
RSS_SAMPLE t=63.1s rss=821MB hwm=825MB
RSS_SAMPLE t=63.3s rss=821MB hwm=825MB
RSS_SAMPLE t=63.6s rss=821MB hwm=825MB
RSS_SAMPLE t=63.8s rss=821MB hwm=825MB
RSS_SAMPLE t=64.1s rss=821MB hwm=825MB
RSS_SAMPLE t=64.3s rss=821MB hwm=825MB
RSS_SAMPLE t=64.6s rss=821MB hwm=825MB
RSS_SAMPLE t=64.8s rss=821MB hwm=825MB
RSS_SAMPLE t=65.1s rss=821MB hwm=825MB
RSS_SAMPLE t=65.3s rss=821MB hwm=825MB
RSS_SAMPLE t=65.6s rss=821MB hwm=825MB
RSS_SAMPLE t=65.8s rss=821MB hwm=825MB
RSS_SAMPLE t=66.1s rss=821MB hwm=825MB
RSS_SAMPLE t=66.3s rss=821MB hwm=825MB
RSS_SAMPLE t=66.6s rss=821MB hwm=825MB
RSS_SAMPLE t=66.8s rss=821MB hwm=825MB
RSS_SAMPLE t=67.1s rss=821MB hwm=825MB
RSS_SAMPLE t=67.3s rss=821MB hwm=825MB
RSS_SAMPLE t=67.6s rss=821MB hwm=825MB
RSS_SAMPLE t=67.8s rss=821MB hwm=825MB
RSS_SAMPLE t=68.1s rss=821MB hwm=825MB
RSS_SAMPLE t=68.3s rss=821MB hwm=825MB
RSS_SAMPLE t=68.6s rss=821MB hwm=825MB
RSS_SAMPLE t=68.8s rss=821MB hwm=825MB
RSS_SAMPLE t=69.1s rss=821MB hwm=825MB
RSS_SAMPLE t=69.3s rss=821MB hwm=825MB
RSS_SAMPLE t=69.6s rss=821MB hwm=825MB
RSS_SAMPLE t=69.8s rss=821MB hwm=825MB
RSS_SAMPLE t=70.1s rss=821MB hwm=825MB
RSS_SAMPLE t=70.3s rss=821MB hwm=825MB
RSS_SAMPLE t=70.6s rss=821MB hwm=825MB
RSS_SAMPLE t=70.8s rss=821MB hwm=825MB
RSS_SAMPLE t=71.1s rss=821MB hwm=825MB
RSS_SAMPLE t=71.3s rss=821MB hwm=825MB
RSS_SAMPLE t=71.6s rss=821MB hwm=825MB
RSS_SAMPLE t=71.8s rss=821MB hwm=825MB
RSS_SAMPLE t=72.1s rss=821MB hwm=825MB
RSS_SAMPLE t=72.3s rss=821MB hwm=825MB
RSS_SAMPLE t=72.6s rss=821MB hwm=825MB
RSS_SAMPLE t=72.8s rss=821MB hwm=825MB
RSS_SAMPLE t=73.1s rss=821MB hwm=825MB
RSS_SAMPLE t=73.3s rss=821MB hwm=825MB
RSS_SAMPLE t=73.6s rss=821MB hwm=825MB
RSS_SAMPLE t=73.8s rss=821MB hwm=825MB
RSS_SAMPLE t=74.1s rss=821MB hwm=825MB
RSS_SAMPLE t=74.3s rss=821MB hwm=825MB
RSS_SAMPLE t=74.6s rss=821MB hwm=825MB
RSS_SAMPLE t=74.8s rss=821MB hwm=825MB
RSS_SAMPLE t=75.1s rss=821MB hwm=825MB
RSS_SAMPLE t=75.3s rss=821MB hwm=825MB
RSS_SAMPLE t=75.6s rss=821MB hwm=825MB
RSS_SAMPLE t=75.8s rss=821MB hwm=825MB
RSS_SAMPLE t=76.1s rss=821MB hwm=825MB
RSS_SAMPLE t=76.3s rss=821MB hwm=825MB
RSS_SAMPLE t=76.6s rss=821MB hwm=825MB
RSS_SAMPLE t=76.8s rss=821MB hwm=825MB
RSS_SAMPLE t=77.1s rss=821MB hwm=825MB
RSS_SAMPLE t=77.3s rss=821MB hwm=825MB
RSS_SAMPLE t=77.6s rss=821MB hwm=825MB
RSS_SAMPLE t=77.8s rss=821MB hwm=825MB
RSS_SAMPLE t=78.1s rss=821MB hwm=825MB
RSS_SAMPLE t=78.3s rss=821MB hwm=825MB
RSS_SAMPLE t=78.6s rss=821MB hwm=825MB
RSS_SAMPLE t=78.8s rss=821MB hwm=825MB
RSS_SAMPLE t=79.1s rss=821MB hwm=825MB
RSS_SAMPLE t=79.3s rss=821MB hwm=825MB
RSS_SAMPLE t=79.6s rss=821MB hwm=825MB
RSS_SAMPLE t=79.8s rss=821MB hwm=825MB
RSS_SAMPLE t=80.1s rss=821MB hwm=825MB
RSS_SAMPLE t=80.3s rss=821MB hwm=825MB
RSS_SAMPLE t=80.6s rss=821MB hwm=825MB
RSS_SAMPLE t=80.8s rss=821MB hwm=825MB
RSS_SAMPLE t=81.1s rss=821MB hwm=825MB
RSS_SAMPLE t=81.3s rss=821MB hwm=825MB
RSS_SAMPLE t=81.6s rss=821MB hwm=825MB
RSS_SAMPLE t=81.8s rss=821MB hwm=825MB
RSS_SAMPLE t=82.1s rss=821MB hwm=825MB
RSS_SAMPLE t=82.3s rss=821MB hwm=825MB
RSS_SAMPLE t=82.6s rss=821MB hwm=825MB
RSS_SAMPLE t=82.8s rss=821MB hwm=825MB
RSS_SAMPLE t=83.1s rss=821MB hwm=825MB
RSS_SAMPLE t=83.3s rss=821MB hwm=825MB
RSS_SAMPLE t=83.6s rss=821MB hwm=825MB
RSS_SAMPLE t=83.8s rss=821MB hwm=825MB
RSS_SAMPLE t=84.1s rss=821MB hwm=825MB
RSS_SAMPLE t=84.3s rss=821MB hwm=825MB
RSS_SAMPLE t=84.6s rss=821MB hwm=825MB
RSS_SAMPLE t=84.8s rss=821MB hwm=825MB
RSS_SAMPLE t=85.1s rss=839MB hwm=839MB
RSS_SAMPLE t=85.3s rss=859MB hwm=859MB
RSS_SAMPLE t=85.6s rss=882MB hwm=882MB
RSS_SAMPLE t=85.8s rss=907MB hwm=907MB
RSS_SAMPLE t=86.1s rss=929MB hwm=929MB
RSS_SAMPLE t=86.3s rss=934MB hwm=934MB
RSS_SAMPLE t=86.6s rss=934MB hwm=934MB
RSS_SAMPLE t=86.8s rss=934MB hwm=934MB
RSS_SAMPLE t=87.1s rss=934MB hwm=934MB
RSS_SAMPLE t=87.3s rss=934MB hwm=934MB
RSS_SAMPLE t=87.6s rss=934MB hwm=934MB
RSS_SAMPLE t=87.8s rss=934MB hwm=934MB
RSS_SAMPLE t=88.1s rss=934MB hwm=934MB
RSS_SAMPLE t=88.3s rss=934MB hwm=934MB
  Skipped truly-null coarse cells: 0 (of 69353 total); pruned pipes: src_null=0 dst_null=0
  Pipe capacity by span:
    span=  1: 138172 pipes, cap min=1 avg=134.5 max=432
    span=  2: 136455 pipes, cap min=2 avg=50.7 max=118
    span=  3: 135619 pipes, cap min=2 avg=26.1 max=52
    span=  4: 136319 pipes, cap min=2 avg=22.7 max=140
    span=  5: 135918 pipes, cap min=2 avg=66.1 max=124
    span=  6: 201217 pipes, cap min=2 avg=15.2 max=28
    span=  7: 200933 pipes, cap min=1 avg=7.3 max=20
    span=  8: 132748 pipes, cap min=2 avg=6.0 max=10
    span=  9: 130848 pipes, cap min=2 avg=6.0 max=10
    span= 10: 131090 pipes, cap min=2 avg=2.2 max=31
    span= 11: 129628 pipes, cap min=2 avg=2.0 max=4
    span= 12: 129018 pipes, cap min=2 avg=2.0 max=4
    span= 13: 128408 pipes, cap min=1 avg=1.5 max=4
    span= 14: 127798 pipes, cap min=1 avg=1.0 max=2
    span= 15: 127188 pipes, cap min=1 avg=1.0 max=2
    span= 16: 126578 pipes, cap min=1 avg=1.0 max=2
    span= 17: 125968 pipes, cap min=1 avg=1.0 max=2
    span= 18: 125358 pipes, cap min=1 avg=1.0 max=2
    span= 19: 63140 pipes, cap min=1 avg=1.0 max=2
  Thin span-1 pipes (cap<=2): 222 total, by tile-type pair (top 20):
    NULL <-> NULL: 220
    CLK_BUFG <-> NULL: 2
  Pipe cost: span^0.50 model (r1=1), span-1=1.000, span-12=3.464, 2×span-6=4.899, 12×span-1=12.000
RSS_SAMPLE t=88.6s rss=949MB hwm=949MB
  topological compress: density=0.60 target_tiles=15971 final_tiles=15777 scale=1.851 center=(205.1,111.0)
  topological init: n_movable=76660, n_edges=229053, max_layer=26775, back_edges=54022, n_anchored=0
RSS_SAMPLE t=88.8s rss=1027MB hwm=1031MB
  type DFF: 302 valid columns, 1077536 total BELs
  type LUT6: 302 valid columns, 538768 total BELs
TypeAwarePlacement: 2 cell types
Coordinate descent mode: 76660 cells, scale 1.00
CellValidityMask: 76660 cells, 311x223 grid, 2 bucket masks, per-cell valid positions: min=67346 avg=67346.0 max=67346, unmapped cells=0
MuxSlotTracker: 76660 cells (76660 with external fanout), 67346 tiles, total_cap=1077536, active_buckets=[DFF,LUT6], built in 103.4ms
MuxSlotTracker[post-seed]: populated_cells=27114, overflow_tiles=518, at_cap_tiles=50, peak_excess=41, capacity_hist={16:67346}
DCD placer: 76660 cells, 69353 nodes, outer_iters=8, dcd_iters_per_cell=8, graph_model=TwoLevelPip
MEM_STATIC: pipes=352MB nodes=1MB adjacency=78MB pipe_cost_vecs=59MB validity_mask=0MB n_pipes=2562403 n_edges=5124806 rss=1044MB
Softmin position update: enabled, theta 0.250 -> 5.000 (anneal over 8 iters)
RSS_SAMPLE t=89.1s rss=1069MB hwm=1069MB
RSS_SAMPLE t=89.3s rss=1069MB hwm=1069MB
RSS_SAMPLE t=89.6s rss=1069MB hwm=1069MB
RSS_SAMPLE t=89.8s rss=1069MB hwm=1069MB
RSS_SAMPLE t=90.1s rss=1069MB hwm=1069MB
RSS_SAMPLE t=90.3s rss=1069MB hwm=1069MB
RSS_SAMPLE t=90.6s rss=1069MB hwm=1069MB
RSS_SAMPLE t=90.8s rss=1069MB hwm=1069MB
RSS_SAMPLE t=91.1s rss=1069MB hwm=1069MB
RSS_SAMPLE t=91.3s rss=1069MB hwm=1069MB
RSS_SAMPLE t=91.6s rss=1069MB hwm=1069MB
    analytic_phase[outer=0]: solve skipped, k=0.33
    SwitchMatrix: type_usage_pairs=7 lookups=110 hits=103 dijkstra_calls=7 avg_us=11.0 total_ms=0.1
PHASE_MARK outer=0 enter=pre_solve rss=1072MB
    rss_probe[outer=0]: pre_refresh_rss=1072MB post_pre_solve_rss=1099MB cache_entries=0 cache_cap=0 cache_est_mb=5
    pre_solve_diag[outer=0]: solves=0 fallback=0 (0.0%) cap_armed=0 (0.0%) settle_avg=0 settle_max=0 init_count=254
  Cell placement by tile type (iter 0, 76660 cells):
    NULL: 31596
    CLB: 27114
    IOB_W: 15019
    CLK_BUFG: 2320
    BRAM: 351
    DSP: 182
    IOB_E: 78
    Overflow: over=0 (0.0% of used) avg_excess=0.00 max_excess=0.00 (nc=0.00 cap=0 span=0)  excess_buckets: <=1=0 1-5=0 5-20=0 >20=0  by_cap: cap1=0 cap2=0 cap3-5=0 cap>5=0  by_span: s1=0 s2-3=0 s4-6=0 s7-12=0 s>12=0  le1_cross: cap1=0 cap2-5=0 cap>5=0
    Congestion: pipes=2562403 used=0 congested(>50%)=0 saturated(>90%)=0 max_util=0.00 avg_util=0.0000
PHASE_MARK outer=0 enter=dcd_sweep rss=1099MB
RSS_SAMPLE t=91.9s rss=1100MB hwm=1100MB
RSS_SAMPLE t=92.1s rss=1100MB hwm=1100MB
RSS_SAMPLE t=92.4s rss=1100MB hwm=1100MB
RSS_SAMPLE t=92.6s rss=1100MB hwm=1100MB
RSS_SAMPLE t=92.9s rss=1100MB hwm=1100MB
RSS_SAMPLE t=93.1s rss=1100MB hwm=1100MB
RSS_SAMPLE t=93.4s rss=1101MB hwm=1101MB
RSS_SAMPLE t=93.6s rss=1101MB hwm=1101MB
RSS_SAMPLE t=93.9s rss=1101MB hwm=1101MB
RSS_SAMPLE t=94.1s rss=1101MB hwm=1101MB
RSS_SAMPLE t=94.4s rss=1102MB hwm=1102MB
RSS_SAMPLE t=94.6s rss=1102MB hwm=1102MB
RSS_SAMPLE t=94.9s rss=1102MB hwm=1102MB
RSS_SAMPLE t=95.1s rss=1102MB hwm=1102MB
RSS_SAMPLE t=95.4s rss=1102MB hwm=1102MB
RSS_SAMPLE t=95.6s rss=1102MB hwm=1102MB
RSS_SAMPLE t=95.9s rss=1103MB hwm=1103MB
RSS_SAMPLE t=96.1s rss=1103MB hwm=1103MB
RSS_SAMPLE t=96.4s rss=1103MB hwm=1103MB
RSS_SAMPLE t=96.6s rss=1103MB hwm=1103MB
RSS_SAMPLE t=96.9s rss=1103MB hwm=1103MB
RSS_SAMPLE t=97.1s rss=1103MB hwm=1103MB
RSS_SAMPLE t=97.4s rss=1103MB hwm=1103MB
RSS_SAMPLE t=97.6s rss=1103MB hwm=1103MB
RSS_SAMPLE t=97.9s rss=1103MB hwm=1103MB
RSS_SAMPLE t=98.1s rss=1103MB hwm=1103MB
RSS_SAMPLE t=98.4s rss=1103MB hwm=1103MB
RSS_SAMPLE t=98.6s rss=1103MB hwm=1103MB
RSS_SAMPLE t=98.9s rss=1103MB hwm=1103MB
RSS_SAMPLE t=99.1s rss=1103MB hwm=1103MB
RSS_SAMPLE t=99.4s rss=1104MB hwm=1104MB
RSS_SAMPLE t=99.6s rss=1104MB hwm=1104MB
RSS_SAMPLE t=99.9s rss=1104MB hwm=1104MB
RSS_SAMPLE t=100.1s rss=1104MB hwm=1104MB
RSS_SAMPLE t=100.4s rss=1104MB hwm=1104MB
RSS_SAMPLE t=100.7s rss=1104MB hwm=1104MB
RSS_SAMPLE t=100.9s rss=1104MB hwm=1104MB
RSS_SAMPLE t=101.2s rss=1104MB hwm=1104MB
RSS_SAMPLE t=101.4s rss=1104MB hwm=1104MB
RSS_SAMPLE t=101.7s rss=1104MB hwm=1104MB
RSS_SAMPLE t=101.9s rss=1104MB hwm=1104MB
RSS_SAMPLE t=102.2s rss=1104MB hwm=1104MB
PHASE_MARK outer=0 leave=dcd_sweep rss=1104MB
PHASE_MARK outer=0 enter=post_refresh rss=1104MB
RSS_SAMPLE t=102.4s rss=1138MB hwm=1138MB
RSS_SAMPLE t=102.7s rss=1138MB hwm=1138MB
RSS_SAMPLE t=102.9s rss=1138MB hwm=1138MB
RSS_SAMPLE t=103.2s rss=1138MB hwm=1138MB
RSS_SAMPLE t=103.4s rss=1138MB hwm=1138MB
RSS_SAMPLE t=103.7s rss=1138MB hwm=1138MB
RSS_SAMPLE t=103.9s rss=1138MB hwm=1138MB
RSS_SAMPLE t=104.2s rss=1138MB hwm=1138MB
RSS_SAMPLE t=104.4s rss=1138MB hwm=1138MB
RSS_SAMPLE t=104.7s rss=1138MB hwm=1138MB
RSS_SAMPLE t=104.9s rss=1139MB hwm=1139MB
RSS_SAMPLE t=105.2s rss=1139MB hwm=1139MB
RSS_SAMPLE t=105.4s rss=1139MB hwm=1139MB
RSS_SAMPLE t=105.7s rss=1139MB hwm=1139MB
RSS_SAMPLE t=105.9s rss=1139MB hwm=1139MB
MEM_POOL: workspaces=32 dense_usage_mb=1251 n_pipes=2562403
    post_solve_diag[outer=0]: solves=0 cap_armed=0 (0.0%) settle_avg=0 above_sink_avg=0 (0.0%) settle_max=0
    load_support[outer=0]: settle_avg=0 load_nz_avg=0 (0.0%) load_material_avg=0 (0.0%)
    prune_ceiling[outer=0]: settle_avg=0 heuristic_prunable_avg=0 (0.0%) vs oracle_zero_load=0.0%
    settle_hist[outer=0]: <100: 0nets/0.0%work  <1k: 0nets/0.0%work  <5k: 0nets/0.0%work  <20k: 0nets/0.0%work  <60k: 0nets/0.0%work  >=60k: 0nets/0.0%work
    fanout_hist[outer=0]: fan1: 0nets/0.0%work  fan2-4: 0nets/0.0%work  fan5-16: 0nets/0.0%work  fan17-64: 0nets/0.0%work  fan65-256: 0nets/0.0%work  fan>256: 0nets/0.0%work
    rss_probe[outer=0]: pre_post_solve=1139MB post_post_solve=1139MB after_apply=1139MB
RSS_SAMPLE t=106.2s rss=1141MB hwm=1141MB
MuxSlotTracker[sweep 0 LEAK]: populated_cells=53883, overflow_tiles=236, at_cap_tiles=906, peak_excess=17, capacity_hist={16:67346}
    E_decomp: base=0.0 eff=0.0 cong=0.0 cong_share=0.0% sat_pipes=0 max_util=0.00  R_buckets: 1-2x=0 2-10x=0 10-100x=0 >=100x=0
    E_potential: beckmann=0.0 history_total=0.0
    SpanCache: epoch=1 entries=110 lookups=2562403 hits=2562293 misses=110 hit_rate=100.0%
  DCD   0: nets=105117 line=16863590 energy=0.000 dE=+0.000 friction=0.0 bins=3.9x(860) excess=778.9 moved=40129 disp=inf solves=0 skip=0 pops=0 theta=0.250 refresh=3914ms dcd=10620ms total=17316ms
    cache_stats: entries=0 capacity=0 est_mb=5 rss_mb=1143
RSS_SAMPLE t=106.4s rss=1149MB hwm=1149MB
RSS_SAMPLE t=106.7s rss=1149MB hwm=1149MB
RSS_SAMPLE t=106.9s rss=1149MB hwm=1149MB
RSS_SAMPLE t=107.2s rss=1149MB hwm=1149MB
RSS_SAMPLE t=107.4s rss=1149MB hwm=1149MB
RSS_SAMPLE t=107.7s rss=1149MB hwm=1149MB
RSS_SAMPLE t=107.9s rss=1149MB hwm=1149MB
RSS_SAMPLE t=108.2s rss=1149MB hwm=1149MB
RSS_SAMPLE t=108.4s rss=1149MB hwm=1149MB
RSS_SAMPLE t=108.7s rss=1149MB hwm=1149MB
RSS_SAMPLE t=108.9s rss=1149MB hwm=1149MB
RSS_SAMPLE t=109.2s rss=1149MB hwm=1149MB
RSS_SAMPLE t=109.4s rss=1149MB hwm=1149MB
RSS_SAMPLE t=109.7s rss=1149MB hwm=1149MB
    analytic_phase[outer=1]: solve skipped, k=0.33
RSS_SAMPLE t=109.9s rss=1149MB hwm=1149MB
    SwitchMatrix: type_usage_pairs=7 lookups=110 hits=103 dijkstra_calls=7 avg_us=16.0 total_ms=0.1
PHASE_MARK outer=1 enter=pre_solve rss=1149MB
    rss_probe[outer=1]: pre_refresh_rss=1149MB post_pre_solve_rss=1149MB cache_entries=0 cache_cap=0 cache_est_mb=5
    pre_solve_diag[outer=1]: solves=0 fallback=0 (0.0%) cap_armed=0 (0.0%) settle_avg=0 settle_max=0 init_count=254
    Overflow: over=0 (0.0% of used) avg_excess=0.00 max_excess=0.00 (nc=0.00 cap=0 span=0)  excess_buckets: <=1=0 1-5=0 5-20=0 >20=0  by_cap: cap1=0 cap2=0 cap3-5=0 cap>5=0  by_span: s1=0 s2-3=0 s4-6=0 s7-12=0 s>12=0  le1_cross: cap1=0 cap2-5=0 cap>5=0
    Congestion: pipes=2562403 used=0 congested(>50%)=0 saturated(>90%)=0 max_util=0.00 avg_util=0.0000
PHASE_MARK outer=1 enter=dcd_sweep rss=1149MB
RSS_SAMPLE t=110.2s rss=1149MB hwm=1149MB
RSS_SAMPLE t=110.4s rss=1149MB hwm=1149MB
RSS_SAMPLE t=110.7s rss=1149MB hwm=1149MB
RSS_SAMPLE t=110.9s rss=1149MB hwm=1149MB
RSS_SAMPLE t=111.2s rss=1149MB hwm=1149MB
RSS_SAMPLE t=111.4s rss=1149MB hwm=1149MB
RSS_SAMPLE t=111.7s rss=1149MB hwm=1149MB
RSS_SAMPLE t=111.9s rss=1149MB hwm=1149MB
RSS_SAMPLE t=112.2s rss=1149MB hwm=1149MB
RSS_SAMPLE t=112.4s rss=1149MB hwm=1149MB
RSS_SAMPLE t=112.7s rss=1149MB hwm=1149MB
RSS_SAMPLE t=112.9s rss=1149MB hwm=1149MB
RSS_SAMPLE t=113.2s rss=1149MB hwm=1149MB
RSS_SAMPLE t=113.4s rss=1149MB hwm=1149MB
RSS_SAMPLE t=113.7s rss=1149MB hwm=1149MB
RSS_SAMPLE t=113.9s rss=1149MB hwm=1149MB
RSS_SAMPLE t=114.2s rss=1149MB hwm=1149MB
RSS_SAMPLE t=114.4s rss=1149MB hwm=1149MB
RSS_SAMPLE t=114.7s rss=1149MB hwm=1149MB
RSS_SAMPLE t=114.9s rss=1149MB hwm=1149MB
RSS_SAMPLE t=115.2s rss=1149MB hwm=1149MB
RSS_SAMPLE t=115.4s rss=1149MB hwm=1149MB
RSS_SAMPLE t=115.7s rss=1149MB hwm=1149MB
RSS_SAMPLE t=115.9s rss=1149MB hwm=1149MB
RSS_SAMPLE t=116.2s rss=1149MB hwm=1149MB
RSS_SAMPLE t=116.4s rss=1149MB hwm=1149MB
RSS_SAMPLE t=116.7s rss=1149MB hwm=1149MB
RSS_SAMPLE t=116.9s rss=1149MB hwm=1149MB
RSS_SAMPLE t=117.2s rss=1149MB hwm=1149MB
RSS_SAMPLE t=117.4s rss=1149MB hwm=1149MB
RSS_SAMPLE t=117.7s rss=1149MB hwm=1149MB
RSS_SAMPLE t=117.9s rss=1149MB hwm=1149MB
RSS_SAMPLE t=118.2s rss=1149MB hwm=1149MB
RSS_SAMPLE t=118.4s rss=1149MB hwm=1149MB
RSS_SAMPLE t=118.7s rss=1149MB hwm=1149MB
RSS_SAMPLE t=118.9s rss=1149MB hwm=1149MB
RSS_SAMPLE t=119.2s rss=1149MB hwm=1149MB
RSS_SAMPLE t=119.4s rss=1149MB hwm=1149MB
RSS_SAMPLE t=119.7s rss=1149MB hwm=1149MB
RSS_SAMPLE t=119.9s rss=1149MB hwm=1149MB
RSS_SAMPLE t=120.2s rss=1149MB hwm=1149MB
RSS_SAMPLE t=120.4s rss=1149MB hwm=1149MB
RSS_SAMPLE t=120.7s rss=1149MB hwm=1149MB
RSS_SAMPLE t=120.9s rss=1149MB hwm=1149MB
RSS_SAMPLE t=121.2s rss=1149MB hwm=1149MB
RSS_SAMPLE t=121.4s rss=1149MB hwm=1149MB
RSS_SAMPLE t=121.7s rss=1149MB hwm=1149MB
PHASE_MARK outer=1 leave=dcd_sweep rss=1149MB
PHASE_MARK outer=1 enter=post_refresh rss=1149MB
RSS_SAMPLE t=121.9s rss=1162MB hwm=1162MB
RSS_SAMPLE t=122.2s rss=1162MB hwm=1162MB
RSS_SAMPLE t=122.4s rss=1162MB hwm=1162MB
RSS_SAMPLE t=122.7s rss=1162MB hwm=1162MB
RSS_SAMPLE t=122.9s rss=1162MB hwm=1162MB
RSS_SAMPLE t=123.2s rss=1162MB hwm=1162MB
RSS_SAMPLE t=123.4s rss=1162MB hwm=1162MB
RSS_SAMPLE t=123.7s rss=1162MB hwm=1162MB
RSS_SAMPLE t=123.9s rss=1162MB hwm=1162MB
RSS_SAMPLE t=124.2s rss=1162MB hwm=1162MB
MEM_POOL: workspaces=32 dense_usage_mb=1251 n_pipes=2562403
    post_solve_diag[outer=1]: solves=0 cap_armed=0 (0.0%) settle_avg=0 above_sink_avg=0 (0.0%) settle_max=0
    load_support[outer=1]: settle_avg=0 load_nz_avg=0 (0.0%) load_material_avg=0 (0.0%)
    prune_ceiling[outer=1]: settle_avg=0 heuristic_prunable_avg=0 (0.0%) vs oracle_zero_load=0.0%
    settle_hist[outer=1]: <100: 0nets/0.0%work  <1k: 0nets/0.0%work  <5k: 0nets/0.0%work  <20k: 0nets/0.0%work  <60k: 0nets/0.0%work  >=60k: 0nets/0.0%work
    fanout_hist[outer=1]: fan1: 0nets/0.0%work  fan2-4: 0nets/0.0%work  fan5-16: 0nets/0.0%work  fan17-64: 0nets/0.0%work  fan65-256: 0nets/0.0%work  fan>256: 0nets/0.0%work
    rss_probe[outer=1]: pre_post_solve=1162MB post_post_solve=1162MB after_apply=1162MB
MuxSlotTracker[sweep 1 LEAK]: populated_cells=55435, overflow_tiles=216, at_cap_tiles=591, peak_excess=17, capacity_hist={16:67346}
    E_decomp: base=0.0 eff=0.0 cong=0.0 cong_share=0.0% sat_pipes=0 max_util=0.00  R_buckets: 1-2x=0 2-10x=0 10-100x=0 >=100x=0
    E_potential: beckmann=0.0 history_total=0.0
    SpanCache: epoch=2 entries=110 lookups=2562403 hits=2562293 misses=110 hit_rate=100.0%
  DCD   1: nets=105117 line=16380957 energy=0.000 dE=+0.000 friction=0.0 bins=3.9x(781) excess=610.8 moved=41571 disp=8.857 solves=0 skip=105117 pops=0 theta=0.384 refresh=2559ms dcd=11787ms total=17960ms
    cache_stats: entries=0 capacity=0 est_mb=5 rss_mb=1164
RSS_SAMPLE t=124.4s rss=1164MB hwm=1164MB
RSS_SAMPLE t=124.7s rss=1164MB hwm=1164MB
RSS_SAMPLE t=124.9s rss=1164MB hwm=1164MB
RSS_SAMPLE t=125.2s rss=1164MB hwm=1164MB
RSS_SAMPLE t=125.4s rss=1164MB hwm=1164MB
RSS_SAMPLE t=125.7s rss=1164MB hwm=1164MB
RSS_SAMPLE t=125.9s rss=1164MB hwm=1164MB
RSS_SAMPLE t=126.2s rss=1164MB hwm=1164MB
RSS_SAMPLE t=126.4s rss=1164MB hwm=1164MB
RSS_SAMPLE t=126.7s rss=1164MB hwm=1164MB
RSS_SAMPLE t=126.9s rss=1164MB hwm=1164MB
RSS_SAMPLE t=127.2s rss=1164MB hwm=1164MB
RSS_SAMPLE t=127.4s rss=1164MB hwm=1164MB
RSS_SAMPLE t=127.7s rss=1164MB hwm=1164MB
    analytic_phase[outer=2]: solve skipped, k=0.33
    SwitchMatrix: type_usage_pairs=7 lookups=110 hits=103 dijkstra_calls=7 avg_us=16.3 total_ms=0.1
PHASE_MARK outer=2 enter=pre_solve rss=1164MB
RSS_SAMPLE t=127.9s rss=1170MB hwm=1170MB
    rss_probe[outer=2]: pre_refresh_rss=1164MB post_pre_solve_rss=1181MB cache_entries=0 cache_cap=0 cache_est_mb=5
    pre_solve_diag[outer=2]: solves=0 fallback=0 (0.0%) cap_armed=0 (0.0%) settle_avg=0 settle_max=0 init_count=242
    Overflow: over=0 (0.0% of used) avg_excess=0.00 max_excess=0.00 (nc=0.00 cap=0 span=0)  excess_buckets: <=1=0 1-5=0 5-20=0 >20=0  by_cap: cap1=0 cap2=0 cap3-5=0 cap>5=0  by_span: s1=0 s2-3=0 s4-6=0 s7-12=0 s>12=0  le1_cross: cap1=0 cap2-5=0 cap>5=0
    Congestion: pipes=2562403 used=0 congested(>50%)=0 saturated(>90%)=0 max_util=0.00 avg_util=0.0000
PHASE_MARK outer=2 enter=dcd_sweep rss=1181MB
RSS_SAMPLE t=128.2s rss=1181MB hwm=1181MB
RSS_SAMPLE t=128.4s rss=1181MB hwm=1181MB
RSS_SAMPLE t=128.7s rss=1181MB hwm=1181MB
RSS_SAMPLE t=128.9s rss=1181MB hwm=1181MB
RSS_SAMPLE t=129.2s rss=1181MB hwm=1181MB
RSS_SAMPLE t=129.4s rss=1181MB hwm=1181MB
RSS_SAMPLE t=129.7s rss=1181MB hwm=1181MB
RSS_SAMPLE t=129.9s rss=1181MB hwm=1181MB
RSS_SAMPLE t=130.2s rss=1181MB hwm=1181MB
RSS_SAMPLE t=130.4s rss=1181MB hwm=1181MB
RSS_SAMPLE t=130.7s rss=1181MB hwm=1181MB
RSS_SAMPLE t=130.9s rss=1181MB hwm=1181MB
RSS_SAMPLE t=131.2s rss=1181MB hwm=1181MB
RSS_SAMPLE t=131.4s rss=1181MB hwm=1181MB
RSS_SAMPLE t=131.7s rss=1181MB hwm=1181MB
RSS_SAMPLE t=131.9s rss=1181MB hwm=1181MB
RSS_SAMPLE t=132.2s rss=1181MB hwm=1181MB
RSS_SAMPLE t=132.4s rss=1181MB hwm=1181MB
RSS_SAMPLE t=132.7s rss=1181MB hwm=1181MB
RSS_SAMPLE t=132.9s rss=1181MB hwm=1181MB
RSS_SAMPLE t=133.2s rss=1181MB hwm=1181MB
RSS_SAMPLE t=133.4s rss=1181MB hwm=1181MB
RSS_SAMPLE t=133.7s rss=1181MB hwm=1181MB
RSS_SAMPLE t=133.9s rss=1181MB hwm=1181MB
RSS_SAMPLE t=134.2s rss=1181MB hwm=1181MB
RSS_SAMPLE t=134.4s rss=1181MB hwm=1181MB
RSS_SAMPLE t=134.7s rss=1181MB hwm=1181MB
RSS_SAMPLE t=134.9s rss=1181MB hwm=1181MB
RSS_SAMPLE t=135.2s rss=1181MB hwm=1181MB
RSS_SAMPLE t=135.4s rss=1181MB hwm=1181MB
RSS_SAMPLE t=135.7s rss=1181MB hwm=1181MB
RSS_SAMPLE t=135.9s rss=1181MB hwm=1181MB
RSS_SAMPLE t=136.2s rss=1181MB hwm=1181MB
RSS_SAMPLE t=136.4s rss=1181MB hwm=1181MB
RSS_SAMPLE t=136.7s rss=1181MB hwm=1181MB
RSS_SAMPLE t=136.9s rss=1181MB hwm=1181MB
RSS_SAMPLE t=137.2s rss=1181MB hwm=1181MB
RSS_SAMPLE t=137.4s rss=1181MB hwm=1181MB
RSS_SAMPLE t=137.7s rss=1181MB hwm=1181MB
RSS_SAMPLE t=137.9s rss=1181MB hwm=1181MB
RSS_SAMPLE t=138.2s rss=1181MB hwm=1181MB
RSS_SAMPLE t=138.4s rss=1181MB hwm=1181MB
RSS_SAMPLE t=138.7s rss=1181MB hwm=1181MB
RSS_SAMPLE t=138.9s rss=1181MB hwm=1181MB
RSS_SAMPLE t=139.2s rss=1181MB hwm=1181MB
RSS_SAMPLE t=139.5s rss=1181MB hwm=1181MB
RSS_SAMPLE t=139.7s rss=1181MB hwm=1181MB
RSS_SAMPLE t=140.0s rss=1181MB hwm=1181MB
RSS_SAMPLE t=140.2s rss=1181MB hwm=1181MB
RSS_SAMPLE t=140.5s rss=1181MB hwm=1181MB
RSS_SAMPLE t=140.7s rss=1181MB hwm=1181MB
RSS_SAMPLE t=141.0s rss=1181MB hwm=1181MB
RSS_SAMPLE t=141.2s rss=1181MB hwm=1181MB
RSS_SAMPLE t=141.5s rss=1181MB hwm=1181MB
RSS_SAMPLE t=141.7s rss=1181MB hwm=1181MB
RSS_SAMPLE t=142.0s rss=1181MB hwm=1181MB
RSS_SAMPLE t=142.2s rss=1181MB hwm=1181MB
RSS_SAMPLE t=142.5s rss=1181MB hwm=1181MB
RSS_SAMPLE t=142.7s rss=1181MB hwm=1181MB
PHASE_MARK outer=2 leave=dcd_sweep rss=1181MB
PHASE_MARK outer=2 enter=post_refresh rss=1181MB
RSS_SAMPLE t=143.0s rss=1190MB hwm=1190MB
RSS_SAMPLE t=143.2s rss=1190MB hwm=1190MB
RSS_SAMPLE t=143.5s rss=1190MB hwm=1190MB
RSS_SAMPLE t=143.7s rss=1190MB hwm=1190MB
RSS_SAMPLE t=144.0s rss=1190MB hwm=1190MB
RSS_SAMPLE t=144.2s rss=1190MB hwm=1190MB
RSS_SAMPLE t=144.5s rss=1190MB hwm=1190MB
RSS_SAMPLE t=144.7s rss=1190MB hwm=1190MB
RSS_SAMPLE t=145.0s rss=1190MB hwm=1190MB
RSS_SAMPLE t=145.2s rss=1190MB hwm=1190MB
RSS_SAMPLE t=145.5s rss=1190MB hwm=1190MB
RSS_SAMPLE t=145.7s rss=1190MB hwm=1190MB
RSS_SAMPLE t=146.0s rss=1190MB hwm=1190MB
RSS_SAMPLE t=146.2s rss=1190MB hwm=1190MB
MEM_POOL: workspaces=32 dense_usage_mb=1251 n_pipes=2562403
    post_solve_diag[outer=2]: solves=0 cap_armed=0 (0.0%) settle_avg=0 above_sink_avg=0 (0.0%) settle_max=0
    load_support[outer=2]: settle_avg=0 load_nz_avg=0 (0.0%) load_material_avg=0 (0.0%)
    prune_ceiling[outer=2]: settle_avg=0 heuristic_prunable_avg=0 (0.0%) vs oracle_zero_load=0.0%
    settle_hist[outer=2]: <100: 0nets/0.0%work  <1k: 0nets/0.0%work  <5k: 0nets/0.0%work  <20k: 0nets/0.0%work  <60k: 0nets/0.0%work  >=60k: 0nets/0.0%work
    fanout_hist[outer=2]: fan1: 0nets/0.0%work  fan2-4: 0nets/0.0%work  fan5-16: 0nets/0.0%work  fan17-64: 0nets/0.0%work  fan65-256: 0nets/0.0%work  fan>256: 0nets/0.0%work
    rss_probe[outer=2]: pre_post_solve=1190MB post_post_solve=1205MB after_apply=1205MB
RSS_SAMPLE t=146.5s rss=1205MB hwm=1205MB
MuxSlotTracker[sweep 2 LEAK]: populated_cells=55958, overflow_tiles=207, at_cap_tiles=564, peak_excess=17, capacity_hist={16:67346}
    E_decomp: base=0.0 eff=0.0 cong=0.0 cong_share=0.0% sat_pipes=0 max_util=0.00  R_buckets: 1-2x=0 2-10x=0 10-100x=0 >=100x=0
    E_potential: beckmann=0.0 history_total=0.0
    SpanCache: epoch=3 entries=110 lookups=2562403 hits=2562293 misses=110 hit_rate=100.0%
  DCD   2: nets=105117 line=16142138 energy=0.000 dE=+0.000 friction=0.0 bins=3.9x(757) excess=561.9 moved=42294 disp=4.891 solves=0 skip=105117 pops=0 theta=0.588 refresh=3766ms dcd=14821ms total=22291ms
    cache_stats: entries=0 capacity=0 est_mb=5 rss_mb=1205
RSS_SAMPLE t=146.7s rss=1207MB hwm=1207MB
RSS_SAMPLE t=147.0s rss=1208MB hwm=1208MB
RSS_SAMPLE t=147.2s rss=1208MB hwm=1208MB
RSS_SAMPLE t=147.5s rss=1208MB hwm=1208MB
RSS_SAMPLE t=147.7s rss=1208MB hwm=1208MB
RSS_SAMPLE t=148.0s rss=1208MB hwm=1208MB
RSS_SAMPLE t=148.2s rss=1208MB hwm=1208MB
RSS_SAMPLE t=148.5s rss=1208MB hwm=1208MB
RSS_SAMPLE t=148.7s rss=1208MB hwm=1208MB
RSS_SAMPLE t=149.0s rss=1208MB hwm=1208MB
RSS_SAMPLE t=149.2s rss=1208MB hwm=1208MB
    analytic_phase[outer=3]: solve skipped, k=0.33
    SwitchMatrix: type_usage_pairs=7 lookups=110 hits=103 dijkstra_calls=7 avg_us=11.3 total_ms=0.1
PHASE_MARK outer=3 enter=pre_solve rss=1208MB
    rss_probe[outer=3]: pre_refresh_rss=1208MB post_pre_solve_rss=1208MB cache_entries=0 cache_cap=0 cache_est_mb=5
    pre_solve_diag[outer=3]: solves=0 fallback=0 (0.0%) cap_armed=0 (0.0%) settle_avg=0 settle_max=0 init_count=254
    Overflow: over=0 (0.0% of used) avg_excess=0.00 max_excess=0.00 (nc=0.00 cap=0 span=0)  excess_buckets: <=1=0 1-5=0 5-20=0 >20=0  by_cap: cap1=0 cap2=0 cap3-5=0 cap>5=0  by_span: s1=0 s2-3=0 s4-6=0 s7-12=0 s>12=0  le1_cross: cap1=0 cap2-5=0 cap>5=0
    Congestion: pipes=2562403 used=0 congested(>50%)=0 saturated(>90%)=0 max_util=0.00 avg_util=0.0000
PHASE_MARK outer=3 enter=dcd_sweep rss=1208MB
RSS_SAMPLE t=149.5s rss=1208MB hwm=1208MB
RSS_SAMPLE t=149.7s rss=1208MB hwm=1208MB
RSS_SAMPLE t=150.0s rss=1208MB hwm=1208MB
RSS_SAMPLE t=150.2s rss=1208MB hwm=1208MB
RSS_SAMPLE t=150.5s rss=1208MB hwm=1208MB
RSS_SAMPLE t=150.7s rss=1208MB hwm=1208MB
RSS_SAMPLE t=151.0s rss=1208MB hwm=1208MB
RSS_SAMPLE t=151.2s rss=1208MB hwm=1208MB
RSS_SAMPLE t=151.5s rss=1208MB hwm=1208MB
RSS_SAMPLE t=151.7s rss=1208MB hwm=1208MB
RSS_SAMPLE t=152.0s rss=1208MB hwm=1208MB
RSS_SAMPLE t=152.2s rss=1208MB hwm=1208MB
RSS_SAMPLE t=152.5s rss=1208MB hwm=1208MB
RSS_SAMPLE t=152.7s rss=1208MB hwm=1208MB
RSS_SAMPLE t=153.0s rss=1208MB hwm=1208MB
RSS_SAMPLE t=153.2s rss=1208MB hwm=1208MB
RSS_SAMPLE t=153.5s rss=1208MB hwm=1208MB
RSS_SAMPLE t=153.7s rss=1208MB hwm=1208MB
RSS_SAMPLE t=154.0s rss=1208MB hwm=1208MB
RSS_SAMPLE t=154.2s rss=1208MB hwm=1208MB
RSS_SAMPLE t=154.5s rss=1208MB hwm=1208MB
RSS_SAMPLE t=154.7s rss=1208MB hwm=1208MB
RSS_SAMPLE t=155.0s rss=1208MB hwm=1208MB
RSS_SAMPLE t=155.2s rss=1208MB hwm=1208MB
RSS_SAMPLE t=155.5s rss=1208MB hwm=1208MB
RSS_SAMPLE t=155.7s rss=1208MB hwm=1208MB
RSS_SAMPLE t=156.0s rss=1208MB hwm=1208MB
RSS_SAMPLE t=156.2s rss=1208MB hwm=1208MB
RSS_SAMPLE t=156.5s rss=1208MB hwm=1208MB
PHASE_MARK outer=3 leave=dcd_sweep rss=1208MB
PHASE_MARK outer=3 enter=post_refresh rss=1208MB
RSS_SAMPLE t=156.7s rss=1211MB hwm=1211MB
RSS_SAMPLE t=157.0s rss=1211MB hwm=1211MB
RSS_SAMPLE t=157.2s rss=1211MB hwm=1211MB
RSS_SAMPLE t=157.5s rss=1211MB hwm=1211MB
RSS_SAMPLE t=157.7s rss=1211MB hwm=1211MB
RSS_SAMPLE t=158.0s rss=1211MB hwm=1211MB
RSS_SAMPLE t=158.2s rss=1211MB hwm=1211MB
RSS_SAMPLE t=158.5s rss=1211MB hwm=1211MB
RSS_SAMPLE t=158.7s rss=1211MB hwm=1211MB
MEM_POOL: workspaces=32 dense_usage_mb=1251 n_pipes=2562403
    post_solve_diag[outer=3]: solves=0 cap_armed=0 (0.0%) settle_avg=0 above_sink_avg=0 (0.0%) settle_max=0
    load_support[outer=3]: settle_avg=0 load_nz_avg=0 (0.0%) load_material_avg=0 (0.0%)
    prune_ceiling[outer=3]: settle_avg=0 heuristic_prunable_avg=0 (0.0%) vs oracle_zero_load=0.0%
    settle_hist[outer=3]: <100: 0nets/0.0%work  <1k: 0nets/0.0%work  <5k: 0nets/0.0%work  <20k: 0nets/0.0%work  <60k: 0nets/0.0%work  >=60k: 0nets/0.0%work
    fanout_hist[outer=3]: fan1: 0nets/0.0%work  fan2-4: 0nets/0.0%work  fan5-16: 0nets/0.0%work  fan17-64: 0nets/0.0%work  fan65-256: 0nets/0.0%work  fan>256: 0nets/0.0%work
    rss_probe[outer=3]: pre_post_solve=1211MB post_post_solve=1211MB after_apply=1211MB
MuxSlotTracker[sweep 3 LEAK]: populated_cells=56183, overflow_tiles=202, at_cap_tiles=567, peak_excess=17, capacity_hist={16:67346}
RSS_SAMPLE t=159.0s rss=1212MB hwm=1212MB
    E_decomp: base=0.0 eff=0.0 cong=0.0 cong_share=0.0% sat_pipes=0 max_util=0.00  R_buckets: 1-2x=0 2-10x=0 10-100x=0 >=100x=0
    E_potential: beckmann=0.0 history_total=0.0
    SpanCache: epoch=4 entries=110 lookups=2562403 hits=2562293 misses=110 hit_rate=100.0%
  DCD   3: nets=105117 line=16010784 energy=0.000 dE=+0.000 friction=0.0 bins=3.9x(729) excess=547.5 moved=42485 disp=3.379 solves=0 skip=105117 pops=0 theta=0.903 refresh=2480ms dcd=7036ms total=12280ms
    cache_stats: entries=0 capacity=0 est_mb=5 rss_mb=1212
RSS_SAMPLE t=159.2s rss=1212MB hwm=1212MB
RSS_SAMPLE t=159.5s rss=1212MB hwm=1212MB
RSS_SAMPLE t=159.7s rss=1212MB hwm=1212MB
RSS_SAMPLE t=160.0s rss=1212MB hwm=1212MB
RSS_SAMPLE t=160.2s rss=1212MB hwm=1212MB
RSS_SAMPLE t=160.5s rss=1212MB hwm=1212MB
RSS_SAMPLE t=160.7s rss=1212MB hwm=1212MB
RSS_SAMPLE t=161.0s rss=1212MB hwm=1212MB
RSS_SAMPLE t=161.2s rss=1212MB hwm=1212MB
    analytic_phase[outer=4]: solve skipped, k=0.33
    SwitchMatrix: type_usage_pairs=7 lookups=110 hits=103 dijkstra_calls=7 avg_us=10.6 total_ms=0.1
PHASE_MARK outer=4 enter=pre_solve rss=1212MB
    rss_probe[outer=4]: pre_refresh_rss=1212MB post_pre_solve_rss=1212MB cache_entries=0 cache_cap=0 cache_est_mb=5
    pre_solve_diag[outer=4]: solves=0 fallback=0 (0.0%) cap_armed=0 (0.0%) settle_avg=0 settle_max=0 init_count=233
    Overflow: over=0 (0.0% of used) avg_excess=0.00 max_excess=0.00 (nc=0.00 cap=0 span=0)  excess_buckets: <=1=0 1-5=0 5-20=0 >20=0  by_cap: cap1=0 cap2=0 cap3-5=0 cap>5=0  by_span: s1=0 s2-3=0 s4-6=0 s7-12=0 s>12=0  le1_cross: cap1=0 cap2-5=0 cap>5=0
    Congestion: pipes=2562403 used=0 congested(>50%)=0 saturated(>90%)=0 max_util=0.00 avg_util=0.0000
PHASE_MARK outer=4 enter=dcd_sweep rss=1212MB
RSS_SAMPLE t=161.5s rss=1212MB hwm=1212MB
RSS_SAMPLE t=161.7s rss=1212MB hwm=1212MB
RSS_SAMPLE t=162.0s rss=1212MB hwm=1212MB
RSS_SAMPLE t=162.2s rss=1212MB hwm=1212MB
RSS_SAMPLE t=162.5s rss=1212MB hwm=1212MB
RSS_SAMPLE t=162.7s rss=1212MB hwm=1212MB
RSS_SAMPLE t=163.0s rss=1212MB hwm=1212MB
RSS_SAMPLE t=163.2s rss=1212MB hwm=1212MB
RSS_SAMPLE t=163.5s rss=1212MB hwm=1212MB
RSS_SAMPLE t=163.7s rss=1212MB hwm=1212MB
RSS_SAMPLE t=164.0s rss=1212MB hwm=1212MB
RSS_SAMPLE t=164.2s rss=1212MB hwm=1212MB
RSS_SAMPLE t=164.5s rss=1212MB hwm=1212MB
RSS_SAMPLE t=164.7s rss=1212MB hwm=1212MB
RSS_SAMPLE t=165.0s rss=1212MB hwm=1212MB
RSS_SAMPLE t=165.2s rss=1212MB hwm=1212MB
RSS_SAMPLE t=165.5s rss=1212MB hwm=1212MB
RSS_SAMPLE t=165.7s rss=1212MB hwm=1212MB
RSS_SAMPLE t=166.0s rss=1212MB hwm=1212MB
RSS_SAMPLE t=166.2s rss=1212MB hwm=1212MB
RSS_SAMPLE t=166.5s rss=1212MB hwm=1212MB
RSS_SAMPLE t=166.7s rss=1212MB hwm=1212MB
RSS_SAMPLE t=167.0s rss=1212MB hwm=1212MB
RSS_SAMPLE t=167.2s rss=1212MB hwm=1212MB
RSS_SAMPLE t=167.5s rss=1212MB hwm=1212MB
RSS_SAMPLE t=167.7s rss=1212MB hwm=1212MB
RSS_SAMPLE t=168.0s rss=1212MB hwm=1212MB
RSS_SAMPLE t=168.2s rss=1212MB hwm=1212MB
PHASE_MARK outer=4 leave=dcd_sweep rss=1212MB
PHASE_MARK outer=4 enter=post_refresh rss=1212MB
RSS_SAMPLE t=168.5s rss=1212MB hwm=1212MB
RSS_SAMPLE t=168.7s rss=1212MB hwm=1212MB
RSS_SAMPLE t=169.0s rss=1212MB hwm=1212MB
RSS_SAMPLE t=169.2s rss=1212MB hwm=1212MB
RSS_SAMPLE t=169.5s rss=1212MB hwm=1212MB
RSS_SAMPLE t=169.7s rss=1212MB hwm=1212MB
RSS_SAMPLE t=170.0s rss=1212MB hwm=1212MB
RSS_SAMPLE t=170.2s rss=1212MB hwm=1212MB
RSS_SAMPLE t=170.5s rss=1212MB hwm=1212MB
RSS_SAMPLE t=170.7s rss=1212MB hwm=1212MB
MEM_POOL: workspaces=32 dense_usage_mb=1251 n_pipes=2562403
    post_solve_diag[outer=4]: solves=0 cap_armed=0 (0.0%) settle_avg=0 above_sink_avg=0 (0.0%) settle_max=0
    load_support[outer=4]: settle_avg=0 load_nz_avg=0 (0.0%) load_material_avg=0 (0.0%)
    prune_ceiling[outer=4]: settle_avg=0 heuristic_prunable_avg=0 (0.0%) vs oracle_zero_load=0.0%
    settle_hist[outer=4]: <100: 0nets/0.0%work  <1k: 0nets/0.0%work  <5k: 0nets/0.0%work  <20k: 0nets/0.0%work  <60k: 0nets/0.0%work  >=60k: 0nets/0.0%work
    fanout_hist[outer=4]: fan1: 0nets/0.0%work  fan2-4: 0nets/0.0%work  fan5-16: 0nets/0.0%work  fan17-64: 0nets/0.0%work  fan65-256: 0nets/0.0%work  fan>256: 0nets/0.0%work
    rss_probe[outer=4]: pre_post_solve=1212MB post_post_solve=1212MB after_apply=1212MB
MuxSlotTracker[sweep 4 LEAK]: populated_cells=56309, overflow_tiles=201, at_cap_tiles=585, peak_excess=17, capacity_hist={16:67346}
    E_decomp: base=0.0 eff=0.0 cong=0.0 cong_share=0.0% sat_pipes=0 max_util=0.00  R_buckets: 1-2x=0 2-10x=0 10-100x=0 >=100x=0
    E_potential: beckmann=0.0 history_total=0.0
    SpanCache: epoch=5 entries=110 lookups=2562403 hits=2562293 misses=110 hit_rate=100.0%
  DCD   4: nets=105117 line=15930835 energy=0.000 dE=+0.000 friction=0.0 bins=3.9x(732) excess=541.0 moved=42419 disp=2.582 solves=0 skip=105117 pops=0 theta=1.385 refresh=2486ms dcd=6921ms total=11872ms
    cache_stats: entries=0 capacity=0 est_mb=5 rss_mb=1213
RSS_SAMPLE t=171.0s rss=1213MB hwm=1213MB
RSS_SAMPLE t=171.2s rss=1213MB hwm=1213MB
RSS_SAMPLE t=171.5s rss=1213MB hwm=1213MB
RSS_SAMPLE t=171.7s rss=1213MB hwm=1213MB
RSS_SAMPLE t=172.0s rss=1213MB hwm=1213MB
RSS_SAMPLE t=172.2s rss=1213MB hwm=1213MB
RSS_SAMPLE t=172.5s rss=1213MB hwm=1213MB
RSS_SAMPLE t=172.7s rss=1213MB hwm=1213MB
RSS_SAMPLE t=173.0s rss=1213MB hwm=1213MB
RSS_SAMPLE t=173.2s rss=1213MB hwm=1213MB
    analytic_phase[outer=5]: solve skipped, k=0.33
    SwitchMatrix: type_usage_pairs=7 lookups=110 hits=103 dijkstra_calls=7 avg_us=10.7 total_ms=0.1
PHASE_MARK outer=5 enter=pre_solve rss=1213MB
    rss_probe[outer=5]: pre_refresh_rss=1213MB post_pre_solve_rss=1213MB cache_entries=0 cache_cap=0 cache_est_mb=5
    pre_solve_diag[outer=5]: solves=0 fallback=0 (0.0%) cap_armed=0 (0.0%) settle_avg=0 settle_max=0 init_count=221
    Overflow: over=0 (0.0% of used) avg_excess=0.00 max_excess=0.00 (nc=0.00 cap=0 span=0)  excess_buckets: <=1=0 1-5=0 5-20=0 >20=0  by_cap: cap1=0 cap2=0 cap3-5=0 cap>5=0  by_span: s1=0 s2-3=0 s4-6=0 s7-12=0 s>12=0  le1_cross: cap1=0 cap2-5=0 cap>5=0
    Congestion: pipes=2562403 used=0 congested(>50%)=0 saturated(>90%)=0 max_util=0.00 avg_util=0.0000
PHASE_MARK outer=5 enter=dcd_sweep rss=1213MB
RSS_SAMPLE t=173.5s rss=1213MB hwm=1213MB
RSS_SAMPLE t=173.7s rss=1213MB hwm=1213MB
RSS_SAMPLE t=174.0s rss=1213MB hwm=1213MB
RSS_SAMPLE t=174.2s rss=1213MB hwm=1213MB
RSS_SAMPLE t=174.5s rss=1213MB hwm=1213MB
RSS_SAMPLE t=174.7s rss=1213MB hwm=1213MB
RSS_SAMPLE t=175.0s rss=1213MB hwm=1213MB
RSS_SAMPLE t=175.2s rss=1213MB hwm=1213MB
RSS_SAMPLE t=175.5s rss=1213MB hwm=1213MB
RSS_SAMPLE t=175.7s rss=1213MB hwm=1213MB
RSS_SAMPLE t=176.0s rss=1213MB hwm=1213MB
RSS_SAMPLE t=176.2s rss=1213MB hwm=1213MB
RSS_SAMPLE t=176.5s rss=1213MB hwm=1213MB
RSS_SAMPLE t=176.7s rss=1213MB hwm=1213MB
RSS_SAMPLE t=177.0s rss=1213MB hwm=1213MB
RSS_SAMPLE t=177.2s rss=1213MB hwm=1213MB
RSS_SAMPLE t=177.5s rss=1213MB hwm=1213MB
RSS_SAMPLE t=177.7s rss=1213MB hwm=1213MB
RSS_SAMPLE t=178.0s rss=1213MB hwm=1213MB
RSS_SAMPLE t=178.2s rss=1213MB hwm=1213MB
RSS_SAMPLE t=178.5s rss=1213MB hwm=1213MB
RSS_SAMPLE t=178.7s rss=1213MB hwm=1213MB
RSS_SAMPLE t=179.0s rss=1213MB hwm=1213MB
RSS_SAMPLE t=179.2s rss=1213MB hwm=1213MB
RSS_SAMPLE t=179.5s rss=1213MB hwm=1213MB
RSS_SAMPLE t=179.7s rss=1213MB hwm=1213MB
RSS_SAMPLE t=180.0s rss=1213MB hwm=1213MB
RSS_SAMPLE t=180.2s rss=1213MB hwm=1213MB
PHASE_MARK outer=5 leave=dcd_sweep rss=1213MB
PHASE_MARK outer=5 enter=post_refresh rss=1213MB
RSS_SAMPLE t=180.5s rss=1213MB hwm=1213MB
RSS_SAMPLE t=180.7s rss=1213MB hwm=1213MB
RSS_SAMPLE t=181.0s rss=1213MB hwm=1213MB
RSS_SAMPLE t=181.2s rss=1213MB hwm=1213MB
RSS_SAMPLE t=181.5s rss=1213MB hwm=1213MB
RSS_SAMPLE t=181.7s rss=1213MB hwm=1213MB
RSS_SAMPLE t=182.0s rss=1213MB hwm=1213MB
RSS_SAMPLE t=182.2s rss=1213MB hwm=1213MB
RSS_SAMPLE t=182.5s rss=1213MB hwm=1213MB
MEM_POOL: workspaces=32 dense_usage_mb=1251 n_pipes=2562403
    post_solve_diag[outer=5]: solves=0 cap_armed=0 (0.0%) settle_avg=0 above_sink_avg=0 (0.0%) settle_max=0
    load_support[outer=5]: settle_avg=0 load_nz_avg=0 (0.0%) load_material_avg=0 (0.0%)
    prune_ceiling[outer=5]: settle_avg=0 heuristic_prunable_avg=0 (0.0%) vs oracle_zero_load=0.0%
    settle_hist[outer=5]: <100: 0nets/0.0%work  <1k: 0nets/0.0%work  <5k: 0nets/0.0%work  <20k: 0nets/0.0%work  <60k: 0nets/0.0%work  >=60k: 0nets/0.0%work
    fanout_hist[outer=5]: fan1: 0nets/0.0%work  fan2-4: 0nets/0.0%work  fan5-16: 0nets/0.0%work  fan17-64: 0nets/0.0%work  fan65-256: 0nets/0.0%work  fan>256: 0nets/0.0%work
    rss_probe[outer=5]: pre_post_solve=1213MB post_post_solve=1213MB after_apply=1213MB
MuxSlotTracker[sweep 5 LEAK]: populated_cells=56390, overflow_tiles=200, at_cap_tiles=585, peak_excess=17, capacity_hist={16:67346}
RSS_SAMPLE t=182.7s rss=1214MB hwm=1214MB
    E_decomp: base=0.0 eff=0.0 cong=0.0 cong_share=0.0% sat_pipes=0 max_util=0.00  R_buckets: 1-2x=0 2-10x=0 10-100x=0 >=100x=0
    E_potential: beckmann=0.0 history_total=0.0
    SpanCache: epoch=6 entries=110 lookups=2562403 hits=2562293 misses=110 hit_rate=100.0%
  DCD   5: nets=105117 line=15876612 energy=0.000 dE=+0.000 friction=0.0 bins=3.9x(719) excess=532.9 moved=42433 disp=2.073 solves=0 skip=105117 pops=0 theta=2.124 refresh=2484ms dcd=6874ms total=11837ms
    cache_stats: entries=0 capacity=0 est_mb=5 rss_mb=1214
RSS_SAMPLE t=183.0s rss=1214MB hwm=1214MB
RSS_SAMPLE t=183.2s rss=1214MB hwm=1214MB
RSS_SAMPLE t=183.5s rss=1214MB hwm=1214MB
RSS_SAMPLE t=183.7s rss=1214MB hwm=1214MB
RSS_SAMPLE t=184.0s rss=1214MB hwm=1214MB
RSS_SAMPLE t=184.2s rss=1214MB hwm=1214MB
RSS_SAMPLE t=184.5s rss=1214MB hwm=1214MB
RSS_SAMPLE t=184.7s rss=1214MB hwm=1214MB
RSS_SAMPLE t=185.0s rss=1214MB hwm=1214MB
    analytic_phase[outer=6]: solve skipped, k=0.33
    SwitchMatrix: type_usage_pairs=7 lookups=110 hits=103 dijkstra_calls=7 avg_us=11.1 total_ms=0.1
PHASE_MARK outer=6 enter=pre_solve rss=1214MB
    rss_probe[outer=6]: pre_refresh_rss=1214MB post_pre_solve_rss=1214MB cache_entries=0 cache_cap=0 cache_est_mb=5
    pre_solve_diag[outer=6]: solves=0 fallback=0 (0.0%) cap_armed=0 (0.0%) settle_avg=0 settle_max=0 init_count=233
    Overflow: over=0 (0.0% of used) avg_excess=0.00 max_excess=0.00 (nc=0.00 cap=0 span=0)  excess_buckets: <=1=0 1-5=0 5-20=0 >20=0  by_cap: cap1=0 cap2=0 cap3-5=0 cap>5=0  by_span: s1=0 s2-3=0 s4-6=0 s7-12=0 s>12=0  le1_cross: cap1=0 cap2-5=0 cap>5=0
    Congestion: pipes=2562403 used=0 congested(>50%)=0 saturated(>90%)=0 max_util=0.00 avg_util=0.0000
PHASE_MARK outer=6 enter=dcd_sweep rss=1214MB
RSS_SAMPLE t=185.2s rss=1214MB hwm=1214MB
RSS_SAMPLE t=185.5s rss=1214MB hwm=1214MB
RSS_SAMPLE t=185.7s rss=1214MB hwm=1214MB
RSS_SAMPLE t=186.0s rss=1214MB hwm=1214MB
RSS_SAMPLE t=186.2s rss=1214MB hwm=1214MB
RSS_SAMPLE t=186.5s rss=1214MB hwm=1214MB
RSS_SAMPLE t=186.7s rss=1214MB hwm=1214MB
RSS_SAMPLE t=187.0s rss=1214MB hwm=1214MB
RSS_SAMPLE t=187.2s rss=1214MB hwm=1214MB
RSS_SAMPLE t=187.5s rss=1214MB hwm=1214MB
RSS_SAMPLE t=187.7s rss=1214MB hwm=1214MB
RSS_SAMPLE t=188.0s rss=1214MB hwm=1214MB
RSS_SAMPLE t=188.2s rss=1214MB hwm=1214MB
RSS_SAMPLE t=188.5s rss=1214MB hwm=1214MB
RSS_SAMPLE t=188.7s rss=1214MB hwm=1214MB
RSS_SAMPLE t=189.0s rss=1214MB hwm=1214MB
RSS_SAMPLE t=189.2s rss=1214MB hwm=1214MB
RSS_SAMPLE t=189.5s rss=1214MB hwm=1214MB
RSS_SAMPLE t=189.7s rss=1214MB hwm=1214MB
RSS_SAMPLE t=190.0s rss=1214MB hwm=1214MB
RSS_SAMPLE t=190.2s rss=1214MB hwm=1214MB
RSS_SAMPLE t=190.5s rss=1214MB hwm=1214MB
RSS_SAMPLE t=190.7s rss=1214MB hwm=1214MB
RSS_SAMPLE t=191.0s rss=1214MB hwm=1214MB
RSS_SAMPLE t=191.2s rss=1214MB hwm=1214MB
RSS_SAMPLE t=191.5s rss=1214MB hwm=1214MB
RSS_SAMPLE t=191.7s rss=1214MB hwm=1214MB
RSS_SAMPLE t=192.0s rss=1214MB hwm=1214MB
PHASE_MARK outer=6 leave=dcd_sweep rss=1214MB
PHASE_MARK outer=6 enter=post_refresh rss=1214MB
RSS_SAMPLE t=192.2s rss=1214MB hwm=1214MB
RSS_SAMPLE t=192.5s rss=1214MB hwm=1214MB
RSS_SAMPLE t=192.7s rss=1214MB hwm=1214MB
RSS_SAMPLE t=193.0s rss=1214MB hwm=1214MB
RSS_SAMPLE t=193.2s rss=1214MB hwm=1214MB
RSS_SAMPLE t=193.5s rss=1214MB hwm=1214MB
RSS_SAMPLE t=193.7s rss=1214MB hwm=1214MB
RSS_SAMPLE t=194.0s rss=1214MB hwm=1214MB
RSS_SAMPLE t=194.2s rss=1214MB hwm=1214MB
RSS_SAMPLE t=194.5s rss=1214MB hwm=1214MB
MEM_POOL: workspaces=32 dense_usage_mb=1251 n_pipes=2562403
    post_solve_diag[outer=6]: solves=0 cap_armed=0 (0.0%) settle_avg=0 above_sink_avg=0 (0.0%) settle_max=0
    load_support[outer=6]: settle_avg=0 load_nz_avg=0 (0.0%) load_material_avg=0 (0.0%)
    prune_ceiling[outer=6]: settle_avg=0 heuristic_prunable_avg=0 (0.0%) vs oracle_zero_load=0.0%
    settle_hist[outer=6]: <100: 0nets/0.0%work  <1k: 0nets/0.0%work  <5k: 0nets/0.0%work  <20k: 0nets/0.0%work  <60k: 0nets/0.0%work  >=60k: 0nets/0.0%work
    fanout_hist[outer=6]: fan1: 0nets/0.0%work  fan2-4: 0nets/0.0%work  fan5-16: 0nets/0.0%work  fan17-64: 0nets/0.0%work  fan65-256: 0nets/0.0%work  fan>256: 0nets/0.0%work
    rss_probe[outer=6]: pre_post_solve=1214MB post_post_solve=1214MB after_apply=1214MB
MuxSlotTracker[sweep 6 LEAK]: populated_cells=56436, overflow_tiles=200, at_cap_tiles=577, peak_excess=17, capacity_hist={16:67346}
    E_decomp: base=0.0 eff=0.0 cong=0.0 cong_share=0.0% sat_pipes=0 max_util=0.00  R_buckets: 1-2x=0 2-10x=0 10-100x=0 >=100x=0
    E_potential: beckmann=0.0 history_total=0.0
    SpanCache: epoch=7 entries=110 lookups=2562403 hits=2562293 misses=110 hit_rate=100.0%
  DCD   6: nets=105117 line=15839898 energy=0.000 dE=+0.000 friction=0.0 bins=3.9x(676) excess=522.5 moved=42410 disp=1.800 solves=0 skip=105117 pops=0 theta=3.259 refresh=2436ms dcd=6903ms total=11801ms
    cache_stats: entries=0 capacity=0 est_mb=5 rss_mb=1214
RSS_SAMPLE t=194.8s rss=1214MB hwm=1214MB
RSS_SAMPLE t=195.0s rss=1214MB hwm=1214MB
RSS_SAMPLE t=195.3s rss=1214MB hwm=1214MB
RSS_SAMPLE t=195.5s rss=1214MB hwm=1214MB
RSS_SAMPLE t=195.8s rss=1214MB hwm=1214MB
RSS_SAMPLE t=196.0s rss=1214MB hwm=1214MB
RSS_SAMPLE t=196.3s rss=1214MB hwm=1214MB
RSS_SAMPLE t=196.5s rss=1214MB hwm=1214MB
RSS_SAMPLE t=196.8s rss=1214MB hwm=1214MB
RSS_SAMPLE t=197.0s rss=1214MB hwm=1214MB
    analytic_phase[outer=7]: solve skipped, k=0.33
    SwitchMatrix: type_usage_pairs=7 lookups=110 hits=103 dijkstra_calls=7 avg_us=11.0 total_ms=0.1
PHASE_MARK outer=7 enter=pre_solve rss=1214MB
    rss_probe[outer=7]: pre_refresh_rss=1214MB post_pre_solve_rss=1214MB cache_entries=0 cache_cap=0 cache_est_mb=5
    pre_solve_diag[outer=7]: solves=0 fallback=0 (0.0%) cap_armed=0 (0.0%) settle_avg=0 settle_max=0 init_count=248
    Overflow: over=0 (0.0% of used) avg_excess=0.00 max_excess=0.00 (nc=0.00 cap=0 span=0)  excess_buckets: <=1=0 1-5=0 5-20=0 >20=0  by_cap: cap1=0 cap2=0 cap3-5=0 cap>5=0  by_span: s1=0 s2-3=0 s4-6=0 s7-12=0 s>12=0  le1_cross: cap1=0 cap2-5=0 cap>5=0
    Congestion: pipes=2562403 used=0 congested(>50%)=0 saturated(>90%)=0 max_util=0.00 avg_util=0.0000
PHASE_MARK outer=7 enter=dcd_sweep rss=1214MB
RSS_SAMPLE t=197.3s rss=1214MB hwm=1214MB
RSS_SAMPLE t=197.5s rss=1214MB hwm=1214MB
RSS_SAMPLE t=197.8s rss=1214MB hwm=1214MB
RSS_SAMPLE t=198.0s rss=1214MB hwm=1214MB
RSS_SAMPLE t=198.3s rss=1214MB hwm=1214MB
RSS_SAMPLE t=198.5s rss=1214MB hwm=1214MB
RSS_SAMPLE t=198.8s rss=1214MB hwm=1214MB
RSS_SAMPLE t=199.0s rss=1214MB hwm=1214MB
RSS_SAMPLE t=199.3s rss=1214MB hwm=1214MB
RSS_SAMPLE t=199.5s rss=1214MB hwm=1214MB
RSS_SAMPLE t=199.8s rss=1214MB hwm=1214MB
RSS_SAMPLE t=200.0s rss=1214MB hwm=1214MB
RSS_SAMPLE t=200.3s rss=1214MB hwm=1214MB
RSS_SAMPLE t=200.5s rss=1214MB hwm=1214MB
RSS_SAMPLE t=200.8s rss=1214MB hwm=1214MB
RSS_SAMPLE t=201.0s rss=1214MB hwm=1214MB
RSS_SAMPLE t=201.3s rss=1214MB hwm=1214MB
RSS_SAMPLE t=201.5s rss=1214MB hwm=1214MB
RSS_SAMPLE t=201.8s rss=1214MB hwm=1214MB
RSS_SAMPLE t=202.0s rss=1214MB hwm=1214MB
RSS_SAMPLE t=202.3s rss=1214MB hwm=1214MB
RSS_SAMPLE t=202.5s rss=1214MB hwm=1214MB
RSS_SAMPLE t=202.8s rss=1214MB hwm=1214MB
RSS_SAMPLE t=203.0s rss=1214MB hwm=1214MB
RSS_SAMPLE t=203.3s rss=1214MB hwm=1214MB
RSS_SAMPLE t=203.5s rss=1214MB hwm=1214MB
RSS_SAMPLE t=203.8s rss=1214MB hwm=1214MB
PHASE_MARK outer=7 leave=dcd_sweep rss=1214MB
PHASE_MARK outer=7 enter=post_refresh rss=1214MB
RSS_SAMPLE t=204.0s rss=1214MB hwm=1214MB
RSS_SAMPLE t=204.3s rss=1214MB hwm=1214MB
RSS_SAMPLE t=204.5s rss=1214MB hwm=1214MB
RSS_SAMPLE t=204.8s rss=1214MB hwm=1214MB
RSS_SAMPLE t=205.0s rss=1214MB hwm=1214MB
RSS_SAMPLE t=205.3s rss=1214MB hwm=1214MB
RSS_SAMPLE t=205.5s rss=1214MB hwm=1214MB
RSS_SAMPLE t=205.8s rss=1214MB hwm=1214MB
RSS_SAMPLE t=206.0s rss=1214MB hwm=1214MB
RSS_SAMPLE t=206.3s rss=1214MB hwm=1214MB
MEM_POOL: workspaces=32 dense_usage_mb=1251 n_pipes=2562403
    post_solve_diag[outer=7]: solves=0 cap_armed=0 (0.0%) settle_avg=0 above_sink_avg=0 (0.0%) settle_max=0
    load_support[outer=7]: settle_avg=0 load_nz_avg=0 (0.0%) load_material_avg=0 (0.0%)
    prune_ceiling[outer=7]: settle_avg=0 heuristic_prunable_avg=0 (0.0%) vs oracle_zero_load=0.0%
    settle_hist[outer=7]: <100: 0nets/0.0%work  <1k: 0nets/0.0%work  <5k: 0nets/0.0%work  <20k: 0nets/0.0%work  <60k: 0nets/0.0%work  >=60k: 0nets/0.0%work
    fanout_hist[outer=7]: fan1: 0nets/0.0%work  fan2-4: 0nets/0.0%work  fan5-16: 0nets/0.0%work  fan17-64: 0nets/0.0%work  fan65-256: 0nets/0.0%work  fan>256: 0nets/0.0%work
    rss_probe[outer=7]: pre_post_solve=1214MB post_post_solve=1214MB after_apply=1214MB
MuxSlotTracker[sweep 7 LEAK]: populated_cells=56477, overflow_tiles=200, at_cap_tiles=594, peak_excess=17, capacity_hist={16:67346}
    E_decomp: base=0.0 eff=0.0 cong=0.0 cong_share=0.0% sat_pipes=0 max_util=0.00  R_buckets: 1-2x=0 2-10x=0 10-100x=0 >=100x=0
    E_potential: beckmann=0.0 history_total=0.0
    SpanCache: epoch=8 entries=110 lookups=2562403 hits=2562293 misses=110 hit_rate=100.0%
  DCD   7: nets=105117 line=15808406 energy=0.000 dE=+0.000 friction=0.0 bins=3.9x(673) excess=518.2 moved=42452 disp=1.631 solves=0 skip=105117 pops=0 theta=5.000 refresh=2407ms dcd=6913ms total=11775ms
    cache_stats: entries=0 capacity=0 est_mb=5 rss_mb=1214
DCD done: energy=0.000 line=15808406 friction=0.0 bins=3.9x(673) excess=518.2
MuxSlotTracker: 111896 commit rejections over entire DCD
MuxSlotTracker[post-DCD]: populated_cells=56477, overflow_tiles=200, at_cap_tiles=594, peak_excess=17, capacity_hist={16:67346}
Pre-legalization: HPWL=13734876
  type DFF: 302 valid columns, 1077536 total BELs
  type LUT6: 302 valid columns, 538768 total BELs
TypeAwarePlacement: 2 cell types
RSS_SAMPLE t=206.5s rss=1289MB hwm=1309MB
RSS_SAMPLE t=206.8s rss=1289MB hwm=1309MB
RSS_SAMPLE t=207.0s rss=1289MB hwm=1309MB
RSS_SAMPLE t=207.3s rss=1289MB hwm=1309MB
RSS_SAMPLE t=207.5s rss=1289MB hwm=1309MB
RSS_SAMPLE t=207.8s rss=1289MB hwm=1309MB
RSS_SAMPLE t=208.0s rss=1289MB hwm=1309MB
RSS_SAMPLE t=208.3s rss=1289MB hwm=1309MB
  SortedLegalizer: cluster_rejects=7350 shared_mux_rejects=3694744 arch_validity_rejects=0
Post-legalization: HPWL=13400590, line=16098807
RSS_SAMPLE t=208.5s rss=1234MB hwm=1309MB
Per-net HPWL: 105118 nets, total=13400590
  #0: hpwl=531 fanout=93000 (0.0%)
  #1: hpwl=529 fanout=5 (0.0%)
  #2: hpwl=529 fanout=9 (0.0%)
  #3: hpwl=529 fanout=3 (0.0%)
  #4: hpwl=529 fanout=4 (0.0%)
  #5: hpwl=529 fanout=17 (0.0%)
  #6: hpwl=529 fanout=16 (0.0%)
  #7: hpwl=529 fanout=8 (0.0%)
  #8: hpwl=528 fanout=6 (0.0%)
  #9: hpwl=528 fanout=5 (0.0%)
  50% of HPWL from top 16138 nets (of 105118)
