Running scope as unit: run-r540a9a6b18f247a1800c6e2d8bbdb9f2.scope
chipdb: /home/kelvin/side-project/eisenjoch/chip_database/xc7_large.bin
design: /home/kelvin/side-project/eisenjoch/benchmark/ispd/generated/2016/FPGA01/FPGA01.json
RSS_SAMPLE t=0.0s rss=3MB hwm=3MB
RSS_SAMPLE t=0.3s rss=453MB hwm=453MB
RSS_SAMPLE t=0.5s rss=721MB hwm=721MB
RSS_SAMPLE t=0.8s rss=824MB hwm=824MB
RSS_SAMPLE t=1.0s rss=819MB hwm=824MB
RSS_SAMPLE t=1.3s rss=819MB hwm=824MB
RSS_SAMPLE t=1.5s rss=820MB hwm=824MB
cfg: max_outer_iters=1 blend_alpha=0.5 hardening_step=0 graph_model=TwoLevelPip
RSS_SAMPLE t=1.8s rss=820MB hwm=824MB
  topological compress: density=0.60 target_tiles=15971 final_tiles=15777 scale=1.851 center=(205.1,111.0)
  topological init: n_movable=76660, n_edges=229053, max_layer=26775, back_edges=54022, n_anchored=0
RSS_SAMPLE t=2.0s rss=820MB hwm=824MB
RSS_SAMPLE t=2.3s rss=820MB hwm=824MB
RSS_SAMPLE t=2.5s rss=820MB hwm=824MB
RSS_SAMPLE t=2.8s rss=820MB hwm=824MB
RSS_SAMPLE t=3.0s rss=820MB hwm=824MB
RSS_SAMPLE t=3.3s rss=820MB hwm=824MB
RSS_SAMPLE t=3.5s rss=820MB hwm=824MB
RSS_SAMPLE t=3.8s rss=820MB hwm=824MB
RSS_SAMPLE t=4.0s rss=820MB hwm=824MB
RSS_SAMPLE t=4.3s rss=820MB hwm=824MB
RSS_SAMPLE t=4.5s rss=820MB hwm=824MB
RSS_SAMPLE t=4.8s rss=820MB hwm=824MB
RSS_SAMPLE t=5.0s rss=820MB hwm=824MB
RSS_SAMPLE t=5.3s rss=820MB hwm=824MB
RSS_SAMPLE t=5.5s rss=820MB hwm=824MB
RSS_SAMPLE t=5.8s rss=820MB hwm=824MB
RSS_SAMPLE t=6.0s rss=820MB hwm=824MB
RSS_SAMPLE t=6.3s rss=820MB hwm=824MB
RSS_SAMPLE t=6.5s rss=820MB hwm=824MB
RSS_SAMPLE t=6.8s rss=820MB hwm=824MB
RSS_SAMPLE t=7.0s rss=820MB hwm=824MB
RSS_SAMPLE t=7.3s rss=820MB hwm=824MB
RSS_SAMPLE t=7.5s rss=820MB hwm=824MB
RSS_SAMPLE t=7.8s rss=820MB hwm=824MB
RSS_SAMPLE t=8.0s rss=820MB hwm=824MB
RSS_SAMPLE t=8.3s rss=820MB hwm=824MB
RSS_SAMPLE t=8.5s rss=820MB hwm=824MB
RSS_SAMPLE t=8.8s rss=820MB hwm=824MB
RSS_SAMPLE t=9.0s rss=820MB hwm=824MB
RSS_SAMPLE t=9.3s rss=820MB hwm=824MB
RSS_SAMPLE t=9.5s rss=820MB hwm=824MB
RSS_SAMPLE t=9.8s rss=820MB hwm=824MB
RSS_SAMPLE t=10.0s rss=820MB hwm=824MB
RSS_SAMPLE t=10.3s rss=820MB hwm=824MB
RSS_SAMPLE t=10.5s rss=820MB hwm=824MB
RSS_SAMPLE t=10.8s rss=820MB hwm=824MB
RSS_SAMPLE t=11.0s rss=820MB hwm=824MB
RSS_SAMPLE t=11.3s rss=820MB hwm=824MB
RSS_SAMPLE t=11.5s rss=820MB hwm=824MB
RSS_SAMPLE t=11.8s rss=820MB hwm=824MB
RSS_SAMPLE t=12.0s rss=820MB hwm=824MB
RSS_SAMPLE t=12.3s rss=820MB hwm=824MB
RSS_SAMPLE t=12.5s rss=820MB hwm=824MB
RSS_SAMPLE t=12.8s rss=820MB hwm=824MB
RSS_SAMPLE t=13.0s rss=820MB hwm=824MB
RSS_SAMPLE t=13.3s rss=820MB hwm=824MB
RSS_SAMPLE t=13.5s rss=820MB hwm=824MB
RSS_SAMPLE t=13.8s rss=820MB hwm=824MB
RSS_SAMPLE t=14.0s rss=820MB hwm=824MB
RSS_SAMPLE t=14.3s rss=820MB hwm=824MB
RSS_SAMPLE t=14.5s rss=820MB hwm=824MB
RSS_SAMPLE t=14.8s rss=820MB hwm=824MB
RSS_SAMPLE t=15.0s rss=820MB hwm=824MB
RSS_SAMPLE t=15.3s rss=820MB hwm=824MB
RSS_SAMPLE t=15.5s rss=820MB hwm=824MB
RSS_SAMPLE t=15.8s rss=820MB hwm=824MB
RSS_SAMPLE t=16.0s rss=820MB hwm=824MB
RSS_SAMPLE t=16.3s rss=820MB hwm=824MB
RSS_SAMPLE t=16.5s rss=820MB hwm=824MB
RSS_SAMPLE t=16.8s rss=820MB hwm=824MB
RSS_SAMPLE t=17.0s rss=820MB hwm=824MB
RSS_SAMPLE t=17.3s rss=820MB hwm=824MB
RSS_SAMPLE t=17.5s rss=820MB hwm=824MB
RSS_SAMPLE t=17.8s rss=820MB hwm=824MB
RSS_SAMPLE t=18.0s rss=820MB hwm=824MB
RSS_SAMPLE t=18.3s rss=820MB hwm=824MB
RSS_SAMPLE t=18.5s rss=820MB hwm=824MB
RSS_SAMPLE t=18.8s rss=820MB hwm=824MB
RSS_SAMPLE t=19.0s rss=820MB hwm=824MB
RSS_SAMPLE t=19.3s rss=820MB hwm=824MB
RSS_SAMPLE t=19.5s rss=820MB hwm=824MB
RSS_SAMPLE t=19.8s rss=820MB hwm=824MB
RSS_SAMPLE t=20.0s rss=820MB hwm=824MB
RSS_SAMPLE t=20.3s rss=820MB hwm=824MB
RSS_SAMPLE t=20.5s rss=820MB hwm=824MB
RSS_SAMPLE t=20.8s rss=820MB hwm=824MB
RSS_SAMPLE t=21.0s rss=820MB hwm=824MB
RSS_SAMPLE t=21.3s rss=820MB hwm=824MB
RSS_SAMPLE t=21.5s rss=820MB hwm=824MB
RSS_SAMPLE t=21.8s rss=820MB hwm=824MB
RSS_SAMPLE t=22.0s rss=820MB hwm=824MB
RSS_SAMPLE t=22.3s rss=820MB hwm=824MB
RSS_SAMPLE t=22.5s rss=820MB hwm=824MB
RSS_SAMPLE t=22.8s rss=820MB hwm=824MB
RSS_SAMPLE t=23.0s rss=820MB hwm=824MB
RSS_SAMPLE t=23.3s rss=820MB hwm=824MB
RSS_SAMPLE t=23.5s rss=820MB hwm=824MB
RSS_SAMPLE t=23.8s rss=820MB hwm=824MB
RSS_SAMPLE t=24.0s rss=820MB hwm=824MB
RSS_SAMPLE t=24.3s rss=820MB hwm=824MB
RSS_SAMPLE t=24.5s rss=820MB hwm=824MB
RSS_SAMPLE t=24.8s rss=820MB hwm=824MB
RSS_SAMPLE t=25.0s rss=820MB hwm=824MB
RSS_SAMPLE t=25.3s rss=820MB hwm=824MB
RSS_SAMPLE t=25.5s rss=820MB hwm=824MB
RSS_SAMPLE t=25.8s rss=820MB hwm=824MB
RSS_SAMPLE t=26.0s rss=820MB hwm=824MB
RSS_SAMPLE t=26.3s rss=820MB hwm=824MB
RSS_SAMPLE t=26.5s rss=820MB hwm=824MB
RSS_SAMPLE t=26.8s rss=820MB hwm=824MB
RSS_SAMPLE t=27.0s rss=820MB hwm=824MB
RSS_SAMPLE t=27.3s rss=820MB hwm=824MB
RSS_SAMPLE t=27.5s rss=820MB hwm=824MB
RSS_SAMPLE t=27.8s rss=820MB hwm=824MB
RSS_SAMPLE t=28.0s rss=820MB hwm=824MB
RSS_SAMPLE t=28.3s rss=820MB hwm=824MB
RSS_SAMPLE t=28.5s rss=820MB hwm=824MB
RSS_SAMPLE t=28.8s rss=820MB hwm=824MB
RSS_SAMPLE t=29.0s rss=820MB hwm=824MB
RSS_SAMPLE t=29.3s rss=820MB hwm=824MB
RSS_SAMPLE t=29.5s rss=820MB hwm=824MB
RSS_SAMPLE t=29.8s rss=820MB hwm=824MB
RSS_SAMPLE t=30.0s rss=820MB hwm=824MB
RSS_SAMPLE t=30.3s rss=820MB hwm=824MB
RSS_SAMPLE t=30.5s rss=820MB hwm=824MB
RSS_SAMPLE t=30.8s rss=820MB hwm=824MB
RSS_SAMPLE t=31.0s rss=820MB hwm=824MB
RSS_SAMPLE t=31.3s rss=820MB hwm=824MB
RSS_SAMPLE t=31.5s rss=820MB hwm=824MB
RSS_SAMPLE t=31.8s rss=820MB hwm=824MB
RSS_SAMPLE t=32.0s rss=820MB hwm=824MB
RSS_SAMPLE t=32.3s rss=820MB hwm=824MB
RSS_SAMPLE t=32.5s rss=820MB hwm=824MB
RSS_SAMPLE t=32.8s rss=820MB hwm=824MB
RSS_SAMPLE t=33.0s rss=820MB hwm=824MB
RSS_SAMPLE t=33.3s rss=820MB hwm=824MB
RSS_SAMPLE t=33.5s rss=820MB hwm=824MB
RSS_SAMPLE t=33.8s rss=820MB hwm=824MB
RSS_SAMPLE t=34.0s rss=820MB hwm=824MB
RSS_SAMPLE t=34.3s rss=820MB hwm=824MB
RSS_SAMPLE t=34.5s rss=820MB hwm=824MB
RSS_SAMPLE t=34.8s rss=820MB hwm=824MB
RSS_SAMPLE t=35.0s rss=820MB hwm=824MB
RSS_SAMPLE t=35.3s rss=820MB hwm=824MB
RSS_SAMPLE t=35.5s rss=820MB hwm=824MB
RSS_SAMPLE t=35.8s rss=820MB hwm=824MB
RSS_SAMPLE t=36.0s rss=820MB hwm=824MB
RSS_SAMPLE t=36.3s rss=820MB hwm=824MB
RSS_SAMPLE t=36.5s rss=820MB hwm=824MB
RSS_SAMPLE t=36.8s rss=820MB hwm=824MB
RSS_SAMPLE t=37.0s rss=820MB hwm=824MB
RSS_SAMPLE t=37.3s rss=820MB hwm=824MB
RSS_SAMPLE t=37.5s rss=820MB hwm=824MB
RSS_SAMPLE t=37.8s rss=820MB hwm=824MB
RSS_SAMPLE t=38.0s rss=820MB hwm=824MB
RSS_SAMPLE t=38.3s rss=820MB hwm=824MB
RSS_SAMPLE t=38.5s rss=820MB hwm=824MB
RSS_SAMPLE t=38.8s rss=820MB hwm=824MB
RSS_SAMPLE t=39.0s rss=820MB hwm=824MB
RSS_SAMPLE t=39.3s rss=820MB hwm=824MB
RSS_SAMPLE t=39.5s rss=820MB hwm=824MB
RSS_SAMPLE t=39.8s rss=820MB hwm=824MB
RSS_SAMPLE t=40.0s rss=820MB hwm=824MB
RSS_SAMPLE t=40.3s rss=820MB hwm=824MB
RSS_SAMPLE t=40.5s rss=820MB hwm=824MB
RSS_SAMPLE t=40.8s rss=820MB hwm=824MB
RSS_SAMPLE t=41.0s rss=820MB hwm=824MB
RSS_SAMPLE t=41.3s rss=820MB hwm=824MB
RSS_SAMPLE t=41.5s rss=820MB hwm=824MB
RSS_SAMPLE t=41.8s rss=820MB hwm=824MB
RSS_SAMPLE t=42.0s rss=820MB hwm=824MB
RSS_SAMPLE t=42.3s rss=820MB hwm=824MB
RSS_SAMPLE t=42.5s rss=820MB hwm=824MB
RSS_SAMPLE t=42.8s rss=820MB hwm=824MB
RSS_SAMPLE t=43.0s rss=820MB hwm=824MB
RSS_SAMPLE t=43.3s rss=820MB hwm=824MB
RSS_SAMPLE t=43.5s rss=820MB hwm=824MB
RSS_SAMPLE t=43.8s rss=820MB hwm=824MB
RSS_SAMPLE t=44.0s rss=820MB hwm=824MB
RSS_SAMPLE t=44.3s rss=820MB hwm=824MB
RSS_SAMPLE t=44.5s rss=820MB hwm=824MB
RSS_SAMPLE t=44.8s rss=820MB hwm=824MB
RSS_SAMPLE t=45.0s rss=820MB hwm=824MB
RSS_SAMPLE t=45.3s rss=820MB hwm=824MB
RSS_SAMPLE t=45.5s rss=820MB hwm=824MB
RSS_SAMPLE t=45.8s rss=820MB hwm=824MB
RSS_SAMPLE t=46.0s rss=820MB hwm=824MB
RSS_SAMPLE t=46.3s rss=820MB hwm=824MB
RSS_SAMPLE t=46.5s rss=820MB hwm=824MB
RSS_SAMPLE t=46.8s rss=820MB hwm=824MB
RSS_SAMPLE t=47.0s rss=820MB hwm=824MB
RSS_SAMPLE t=47.3s rss=820MB hwm=824MB
RSS_SAMPLE t=47.5s rss=820MB hwm=824MB
RSS_SAMPLE t=47.8s rss=820MB hwm=824MB
RSS_SAMPLE t=48.0s rss=820MB hwm=824MB
RSS_SAMPLE t=48.3s rss=820MB hwm=824MB
RSS_SAMPLE t=48.5s rss=820MB hwm=824MB
RSS_SAMPLE t=48.8s rss=820MB hwm=824MB
RSS_SAMPLE t=49.0s rss=820MB hwm=824MB
RSS_SAMPLE t=49.3s rss=820MB hwm=824MB
RSS_SAMPLE t=49.5s rss=820MB hwm=824MB
RSS_SAMPLE t=49.8s rss=820MB hwm=824MB
RSS_SAMPLE t=50.0s rss=820MB hwm=824MB
RSS_SAMPLE t=50.3s rss=820MB hwm=824MB
RSS_SAMPLE t=50.5s rss=820MB hwm=824MB
RSS_SAMPLE t=50.8s rss=820MB hwm=824MB
RSS_SAMPLE t=51.0s rss=820MB hwm=824MB
RSS_SAMPLE t=51.3s rss=820MB hwm=824MB
RSS_SAMPLE t=51.5s rss=820MB hwm=824MB
RSS_SAMPLE t=51.8s rss=820MB hwm=824MB
RSS_SAMPLE t=52.0s rss=820MB hwm=824MB
RSS_SAMPLE t=52.3s rss=820MB hwm=824MB
RSS_SAMPLE t=52.5s rss=820MB hwm=824MB
RSS_SAMPLE t=52.8s rss=820MB hwm=824MB
RSS_SAMPLE t=53.0s rss=820MB hwm=824MB
RSS_SAMPLE t=53.3s rss=820MB hwm=824MB
RSS_SAMPLE t=53.5s rss=820MB hwm=824MB
RSS_SAMPLE t=53.8s rss=820MB hwm=824MB
RSS_SAMPLE t=54.0s rss=820MB hwm=824MB
RSS_SAMPLE t=54.3s rss=820MB hwm=824MB
RSS_SAMPLE t=54.5s rss=841MB hwm=841MB
RSS_SAMPLE t=54.8s rss=887MB hwm=887MB
RSS_SAMPLE t=55.0s rss=927MB hwm=927MB
RSS_SAMPLE t=55.3s rss=933MB hwm=933MB
RSS_SAMPLE t=55.5s rss=933MB hwm=933MB
RSS_SAMPLE t=55.8s rss=933MB hwm=933MB
RSS_SAMPLE t=56.0s rss=933MB hwm=933MB
RSS_SAMPLE t=56.3s rss=933MB hwm=933MB
RSS_SAMPLE t=56.5s rss=933MB hwm=933MB
  Skipped truly-null coarse cells: 0 (of 69353 total); pruned pipes: src_null=0 dst_null=0
  Pipe capacity by span:
    span=  1: 138172 pipes, cap min=1 avg=134.5 max=432
    span=  2: 136455 pipes, cap min=2 avg=50.7 max=118
    span=  3: 135619 pipes, cap min=2 avg=26.1 max=52
    span=  4: 136319 pipes, cap min=2 avg=22.7 max=140
    span=  5: 135918 pipes, cap min=2 avg=66.1 max=124
    span=  6: 201217 pipes, cap min=2 avg=15.2 max=28
    span=  7: 200933 pipes, cap min=1 avg=7.3 max=20
    span=  8: 132748 pipes, cap min=2 avg=6.0 max=10
    span=  9: 130848 pipes, cap min=2 avg=6.0 max=10
    span= 10: 131090 pipes, cap min=2 avg=2.2 max=31
    span= 11: 129628 pipes, cap min=2 avg=2.0 max=4
    span= 12: 129018 pipes, cap min=2 avg=2.0 max=4
    span= 13: 128408 pipes, cap min=1 avg=1.5 max=4
    span= 14: 127798 pipes, cap min=1 avg=1.0 max=2
    span= 15: 127188 pipes, cap min=1 avg=1.0 max=2
    span= 16: 126578 pipes, cap min=1 avg=1.0 max=2
    span= 17: 125968 pipes, cap min=1 avg=1.0 max=2
    span= 18: 125358 pipes, cap min=1 avg=1.0 max=2
    span= 19: 63140 pipes, cap min=1 avg=1.0 max=2
  Thin span-1 pipes (cap<=2): 222 total, by tile-type pair (top 20):
    NULL <-> NULL: 220
    CLK_BUFG <-> NULL: 2
  Pipe cost: span^0.50 model (r1=1), span-1=1.000, span-12=3.464, 2×span-6=4.899, 12×span-1=12.000
RSS_SAMPLE t=56.8s rss=1030MB hwm=1030MB
  topological compress: density=0.60 target_tiles=15971 final_tiles=15777 scale=1.851 center=(205.1,111.0)
  topological init: n_movable=76660, n_edges=229053, max_layer=26775, back_edges=54022, n_anchored=0
  type DFF: 302 valid columns, 1077536 total BELs
  type LUT6: 302 valid columns, 538768 total BELs
TypeAwarePlacement: 2 cell types
Coordinate descent mode: 76660 cells, scale 1.00
RSS_SAMPLE t=57.0s rss=1031MB hwm=1031MB
RSS_SAMPLE t=57.3s rss=1043MB hwm=1043MB
RSS_SAMPLE t=57.5s rss=1054MB hwm=1054MB
RSS_SAMPLE t=57.8s rss=1066MB hwm=1066MB
RSS_SAMPLE t=58.0s rss=1078MB hwm=1078MB
RSS_SAMPLE t=58.3s rss=1089MB hwm=1089MB
RSS_SAMPLE t=58.5s rss=1101MB hwm=1101MB
RSS_SAMPLE t=58.8s rss=1113MB hwm=1113MB
RSS_SAMPLE t=59.0s rss=1125MB hwm=1125MB
RSS_SAMPLE t=59.3s rss=1136MB hwm=1136MB
RSS_SAMPLE t=59.5s rss=1148MB hwm=1148MB
RSS_SAMPLE t=59.8s rss=1159MB hwm=1159MB
RSS_SAMPLE t=60.0s rss=1171MB hwm=1171MB
RSS_SAMPLE t=60.3s rss=1183MB hwm=1183MB
RSS_SAMPLE t=60.5s rss=1195MB hwm=1195MB
RSS_SAMPLE t=60.8s rss=1206MB hwm=1206MB
RSS_SAMPLE t=61.0s rss=1218MB hwm=1218MB
RSS_SAMPLE t=61.3s rss=1230MB hwm=1230MB
RSS_SAMPLE t=61.5s rss=1242MB hwm=1242MB
RSS_SAMPLE t=61.8s rss=1253MB hwm=1253MB
RSS_SAMPLE t=62.0s rss=1265MB hwm=1265MB
RSS_SAMPLE t=62.3s rss=1276MB hwm=1276MB
RSS_SAMPLE t=62.5s rss=1288MB hwm=1288MB
RSS_SAMPLE t=62.8s rss=1300MB hwm=1300MB
RSS_SAMPLE t=63.0s rss=1312MB hwm=1312MB
RSS_SAMPLE t=63.3s rss=1324MB hwm=1324MB
RSS_SAMPLE t=63.5s rss=1335MB hwm=1335MB
RSS_SAMPLE t=63.8s rss=1347MB hwm=1347MB
RSS_SAMPLE t=64.0s rss=1359MB hwm=1359MB
RSS_SAMPLE t=64.3s rss=1371MB hwm=1371MB
RSS_SAMPLE t=64.5s rss=1382MB hwm=1382MB
RSS_SAMPLE t=64.8s rss=1394MB hwm=1394MB
RSS_SAMPLE t=65.0s rss=1406MB hwm=1406MB
RSS_SAMPLE t=65.3s rss=1418MB hwm=1418MB
RSS_SAMPLE t=65.5s rss=1430MB hwm=1430MB
RSS_SAMPLE t=65.8s rss=1441MB hwm=1441MB
RSS_SAMPLE t=66.0s rss=1453MB hwm=1453MB
RSS_SAMPLE t=66.3s rss=1465MB hwm=1465MB
RSS_SAMPLE t=66.5s rss=1477MB hwm=1477MB
RSS_SAMPLE t=66.8s rss=1488MB hwm=1488MB
RSS_SAMPLE t=67.0s rss=1500MB hwm=1500MB
RSS_SAMPLE t=67.3s rss=1511MB hwm=1511MB
RSS_SAMPLE t=67.5s rss=1523MB hwm=1523MB
RSS_SAMPLE t=67.8s rss=1535MB hwm=1535MB
RSS_SAMPLE t=68.0s rss=1546MB hwm=1546MB
RSS_SAMPLE t=68.3s rss=1558MB hwm=1558MB
RSS_SAMPLE t=68.5s rss=1570MB hwm=1570MB
RSS_SAMPLE t=68.8s rss=1581MB hwm=1581MB
RSS_SAMPLE t=69.0s rss=1593MB hwm=1593MB
RSS_SAMPLE t=69.3s rss=1605MB hwm=1605MB
RSS_SAMPLE t=69.5s rss=1617MB hwm=1617MB
RSS_SAMPLE t=69.8s rss=1629MB hwm=1629MB
RSS_SAMPLE t=70.0s rss=1640MB hwm=1640MB
RSS_SAMPLE t=70.3s rss=1652MB hwm=1652MB
CellValidityMask: 76660 cells, 311x223 grid, per-cell valid positions: min=67346 avg=67346.0 max=67346, unmapped cells=0
RSS_SAMPLE t=70.5s rss=1674MB hwm=1674MB
MuxSlotTracker: 76660 cells (76660 with external fanout), 67346 tiles, total_cap=1077536, active_buckets=[DFF,LUT6], built in 82.6ms
MuxSlotTracker[post-seed]: populated_cells=27114, overflow_tiles=518, at_cap_tiles=50, peak_excess=41, capacity_hist={16:67346}
DCD placer: 76660 cells, 69353 nodes, outer_iters=1, dcd_iters_per_cell=8, graph_model=TwoLevelPip
MEM_STATIC: pipes=352MB nodes=1MB adjacency=78MB pipe_cost_vecs=59MB validity_mask=634MB n_pipes=2562403 n_edges=5124806 rss=1677MB
Softmin position update: enabled, theta 0.250 -> 5.000 (anneal over 1 iters)
RSS_SAMPLE t=70.8s rss=1703MB hwm=1703MB
RSS_SAMPLE t=71.0s rss=1703MB hwm=1703MB
RSS_SAMPLE t=71.3s rss=1703MB hwm=1703MB
RSS_SAMPLE t=71.5s rss=1703MB hwm=1703MB
RSS_SAMPLE t=71.8s rss=1703MB hwm=1703MB
RSS_SAMPLE t=72.0s rss=1703MB hwm=1703MB
RSS_SAMPLE t=72.3s rss=1703MB hwm=1703MB
RSS_SAMPLE t=72.5s rss=1703MB hwm=1703MB
RSS_SAMPLE t=72.8s rss=1703MB hwm=1703MB
    SwitchMatrix: type_usage_pairs=7 lookups=110 hits=103 dijkstra_calls=7 avg_us=10.6 total_ms=0.1
RSS_SAMPLE t=73.0s rss=1707MB hwm=1707MB
PHASE_MARK outer=0 enter=pre_solve rss=1707MB
RSS_SAMPLE t=73.3s rss=1746MB hwm=1746MB
RSS_SAMPLE t=73.5s rss=1749MB hwm=1749MB
RSS_SAMPLE t=73.8s rss=1752MB hwm=1752MB
RSS_SAMPLE t=74.0s rss=1755MB hwm=1755MB
RSS_SAMPLE t=74.3s rss=1759MB hwm=1759MB
RSS_SAMPLE t=74.5s rss=1763MB hwm=1763MB
RSS_SAMPLE t=74.8s rss=1766MB hwm=1766MB
RSS_SAMPLE t=75.0s rss=1769MB hwm=1769MB
RSS_SAMPLE t=75.3s rss=1773MB hwm=1773MB
RSS_SAMPLE t=75.5s rss=1776MB hwm=1776MB
RSS_SAMPLE t=75.8s rss=1780MB hwm=1780MB
RSS_SAMPLE t=76.0s rss=1783MB hwm=1783MB
RSS_SAMPLE t=76.3s rss=1786MB hwm=1786MB
RSS_SAMPLE t=76.5s rss=1790MB hwm=1790MB
RSS_SAMPLE t=76.8s rss=1793MB hwm=1793MB
RSS_SAMPLE t=77.0s rss=1796MB hwm=1796MB
RSS_SAMPLE t=77.3s rss=1798MB hwm=1798MB
RSS_SAMPLE t=77.5s rss=1801MB hwm=1801MB
RSS_SAMPLE t=77.8s rss=1805MB hwm=1805MB
RSS_SAMPLE t=78.0s rss=1808MB hwm=1808MB
RSS_SAMPLE t=78.3s rss=1811MB hwm=1811MB
RSS_SAMPLE t=78.5s rss=1813MB hwm=1813MB
RSS_SAMPLE t=78.8s rss=1816MB hwm=1816MB
RSS_SAMPLE t=79.0s rss=1818MB hwm=1818MB
RSS_SAMPLE t=79.3s rss=1821MB hwm=1821MB
RSS_SAMPLE t=79.5s rss=1824MB hwm=1824MB
RSS_SAMPLE t=79.8s rss=1827MB hwm=1827MB
RSS_SAMPLE t=80.0s rss=1831MB hwm=1831MB
RSS_SAMPLE t=80.3s rss=1834MB hwm=1834MB
RSS_SAMPLE t=80.5s rss=1837MB hwm=1837MB
RSS_SAMPLE t=80.8s rss=1840MB hwm=1840MB
RSS_SAMPLE t=81.0s rss=1842MB hwm=1842MB
RSS_SAMPLE t=81.3s rss=1845MB hwm=1845MB
RSS_SAMPLE t=81.5s rss=1848MB hwm=1848MB
RSS_SAMPLE t=81.8s rss=1851MB hwm=1851MB
RSS_SAMPLE t=82.0s rss=1855MB hwm=1855MB
RSS_SAMPLE t=82.3s rss=1858MB hwm=1858MB
RSS_SAMPLE t=82.5s rss=1861MB hwm=1861MB
RSS_SAMPLE t=82.8s rss=1864MB hwm=1864MB
RSS_SAMPLE t=83.0s rss=1868MB hwm=1868MB
RSS_SAMPLE t=83.3s rss=1871MB hwm=1871MB
RSS_SAMPLE t=83.5s rss=1874MB hwm=1874MB
RSS_SAMPLE t=83.8s rss=1877MB hwm=1877MB
RSS_SAMPLE t=84.0s rss=1880MB hwm=1880MB
RSS_SAMPLE t=84.3s rss=1883MB hwm=1883MB
RSS_SAMPLE t=84.5s rss=1887MB hwm=1887MB
RSS_SAMPLE t=84.8s rss=1891MB hwm=1891MB
RSS_SAMPLE t=85.0s rss=1894MB hwm=1894MB
RSS_SAMPLE t=85.3s rss=1898MB hwm=1898MB
RSS_SAMPLE t=85.5s rss=1902MB hwm=1902MB
RSS_SAMPLE t=85.8s rss=1905MB hwm=1905MB
RSS_SAMPLE t=86.0s rss=1908MB hwm=1908MB
RSS_SAMPLE t=86.3s rss=1911MB hwm=1911MB
RSS_SAMPLE t=86.5s rss=1915MB hwm=1915MB
RSS_SAMPLE t=86.8s rss=1918MB hwm=1918MB
RSS_SAMPLE t=87.0s rss=1922MB hwm=1922MB
RSS_SAMPLE t=87.3s rss=1926MB hwm=1926MB
RSS_SAMPLE t=87.5s rss=1930MB hwm=1930MB
RSS_SAMPLE t=87.8s rss=1932MB hwm=1932MB
RSS_SAMPLE t=88.0s rss=1936MB hwm=1936MB
RSS_SAMPLE t=88.3s rss=1939MB hwm=1939MB
RSS_SAMPLE t=88.5s rss=1941MB hwm=1941MB
RSS_SAMPLE t=88.8s rss=1944MB hwm=1944MB
RSS_SAMPLE t=89.0s rss=1948MB hwm=1948MB
RSS_SAMPLE t=89.3s rss=1951MB hwm=1951MB
RSS_SAMPLE t=89.5s rss=1954MB hwm=1954MB
RSS_SAMPLE t=89.8s rss=1958MB hwm=1958MB
RSS_SAMPLE t=90.0s rss=1960MB hwm=1960MB
RSS_SAMPLE t=90.3s rss=1964MB hwm=1964MB
RSS_SAMPLE t=90.5s rss=1968MB hwm=1968MB
RSS_SAMPLE t=90.8s rss=1971MB hwm=1971MB
RSS_SAMPLE t=91.0s rss=1974MB hwm=1974MB
RSS_SAMPLE t=91.3s rss=1977MB hwm=1977MB
RSS_SAMPLE t=91.5s rss=1981MB hwm=1981MB
RSS_SAMPLE t=91.8s rss=1984MB hwm=1984MB
RSS_SAMPLE t=92.1s rss=1988MB hwm=1988MB
RSS_SAMPLE t=92.3s rss=1991MB hwm=1991MB
RSS_SAMPLE t=92.6s rss=1994MB hwm=1994MB
RSS_SAMPLE t=92.8s rss=1998MB hwm=1998MB
RSS_SAMPLE t=93.1s rss=2001MB hwm=2001MB
RSS_SAMPLE t=93.3s rss=2005MB hwm=2005MB
RSS_SAMPLE t=93.6s rss=2008MB hwm=2008MB
RSS_SAMPLE t=93.8s rss=2011MB hwm=2011MB
RSS_SAMPLE t=94.1s rss=2014MB hwm=2014MB
RSS_SAMPLE t=94.3s rss=2017MB hwm=2017MB
RSS_SAMPLE t=94.6s rss=2021MB hwm=2021MB
RSS_SAMPLE t=94.8s rss=2023MB hwm=2023MB
RSS_SAMPLE t=95.1s rss=2027MB hwm=2027MB
RSS_SAMPLE t=95.3s rss=2030MB hwm=2030MB
RSS_SAMPLE t=95.6s rss=2033MB hwm=2033MB
RSS_SAMPLE t=95.8s rss=2036MB hwm=2036MB
RSS_SAMPLE t=96.1s rss=2039MB hwm=2039MB
RSS_SAMPLE t=96.3s rss=2041MB hwm=2041MB
RSS_SAMPLE t=96.6s rss=2044MB hwm=2044MB
RSS_SAMPLE t=96.8s rss=2048MB hwm=2048MB
RSS_SAMPLE t=97.1s rss=2051MB hwm=2051MB
RSS_SAMPLE t=97.3s rss=2053MB hwm=2053MB
RSS_SAMPLE t=97.6s rss=2057MB hwm=2057MB
RSS_SAMPLE t=97.8s rss=2060MB hwm=2060MB
RSS_SAMPLE t=98.1s rss=2064MB hwm=2064MB
RSS_SAMPLE t=98.3s rss=2067MB hwm=2067MB
RSS_SAMPLE t=98.6s rss=2071MB hwm=2071MB
RSS_SAMPLE t=98.8s rss=2075MB hwm=2075MB
RSS_SAMPLE t=99.1s rss=2078MB hwm=2078MB
RSS_SAMPLE t=99.3s rss=2081MB hwm=2081MB
RSS_SAMPLE t=99.6s rss=2084MB hwm=2084MB
RSS_SAMPLE t=99.8s rss=2087MB hwm=2087MB
RSS_SAMPLE t=100.1s rss=2090MB hwm=2090MB
RSS_SAMPLE t=100.3s rss=2094MB hwm=2094MB
RSS_SAMPLE t=100.6s rss=2097MB hwm=2097MB
RSS_SAMPLE t=100.8s rss=2100MB hwm=2100MB
RSS_SAMPLE t=101.1s rss=2103MB hwm=2103MB
RSS_SAMPLE t=101.3s rss=2106MB hwm=2106MB
RSS_SAMPLE t=101.6s rss=2110MB hwm=2110MB
RSS_SAMPLE t=101.8s rss=2114MB hwm=2114MB
RSS_SAMPLE t=102.1s rss=2118MB hwm=2118MB
RSS_SAMPLE t=102.3s rss=2121MB hwm=2121MB
RSS_SAMPLE t=102.6s rss=2124MB hwm=2124MB
RSS_SAMPLE t=102.8s rss=2127MB hwm=2127MB
RSS_SAMPLE t=103.1s rss=2131MB hwm=2131MB
RSS_SAMPLE t=103.3s rss=2134MB hwm=2134MB
RSS_SAMPLE t=103.6s rss=2137MB hwm=2137MB
RSS_SAMPLE t=103.8s rss=2140MB hwm=2140MB
RSS_SAMPLE t=104.1s rss=2143MB hwm=2143MB
RSS_SAMPLE t=104.3s rss=2146MB hwm=2146MB
RSS_SAMPLE t=104.6s rss=2149MB hwm=2149MB
RSS_SAMPLE t=104.8s rss=2153MB hwm=2153MB
RSS_SAMPLE t=105.1s rss=2154MB hwm=2154MB
RSS_SAMPLE t=105.3s rss=2157MB hwm=2157MB
RSS_SAMPLE t=105.6s rss=2160MB hwm=2160MB
RSS_SAMPLE t=105.8s rss=2163MB hwm=2163MB
RSS_SAMPLE t=106.1s rss=2166MB hwm=2166MB
RSS_SAMPLE t=106.3s rss=2169MB hwm=2169MB
RSS_SAMPLE t=106.6s rss=2171MB hwm=2171MB
RSS_SAMPLE t=106.8s rss=2174MB hwm=2174MB
RSS_SAMPLE t=107.1s rss=2177MB hwm=2177MB
RSS_SAMPLE t=107.3s rss=2181MB hwm=2181MB
RSS_SAMPLE t=107.6s rss=2184MB hwm=2184MB
RSS_SAMPLE t=107.8s rss=2186MB hwm=2186MB
RSS_SAMPLE t=108.1s rss=2189MB hwm=2189MB
RSS_SAMPLE t=108.3s rss=2190MB hwm=2190MB
RSS_SAMPLE t=108.6s rss=2194MB hwm=2194MB
RSS_SAMPLE t=108.8s rss=2196MB hwm=2196MB
RSS_SAMPLE t=109.1s rss=2198MB hwm=2198MB
RSS_SAMPLE t=109.3s rss=2200MB hwm=2200MB
RSS_SAMPLE t=109.6s rss=2203MB hwm=2203MB
RSS_SAMPLE t=109.8s rss=2206MB hwm=2206MB
RSS_SAMPLE t=110.1s rss=2208MB hwm=2208MB
RSS_SAMPLE t=110.3s rss=2210MB hwm=2210MB
RSS_SAMPLE t=110.6s rss=2212MB hwm=2212MB
RSS_SAMPLE t=110.8s rss=2215MB hwm=2215MB
RSS_SAMPLE t=111.1s rss=2217MB hwm=2217MB
RSS_SAMPLE t=111.3s rss=2220MB hwm=2220MB
RSS_SAMPLE t=111.6s rss=2222MB hwm=2222MB
RSS_SAMPLE t=111.8s rss=2225MB hwm=2225MB
RSS_SAMPLE t=112.1s rss=2227MB hwm=2227MB
RSS_SAMPLE t=112.3s rss=2229MB hwm=2229MB
RSS_SAMPLE t=112.6s rss=2232MB hwm=2232MB
RSS_SAMPLE t=112.8s rss=2235MB hwm=2235MB
RSS_SAMPLE t=113.1s rss=2237MB hwm=2237MB
RSS_SAMPLE t=113.3s rss=2240MB hwm=2240MB
RSS_SAMPLE t=113.6s rss=2242MB hwm=2242MB
RSS_SAMPLE t=113.8s rss=2245MB hwm=2245MB
RSS_SAMPLE t=114.1s rss=2248MB hwm=2248MB
RSS_SAMPLE t=114.3s rss=2250MB hwm=2250MB
RSS_SAMPLE t=114.6s rss=2253MB hwm=2253MB
RSS_SAMPLE t=114.8s rss=2255MB hwm=2255MB
RSS_SAMPLE t=115.1s rss=2257MB hwm=2257MB
RSS_SAMPLE t=115.3s rss=2260MB hwm=2260MB
RSS_SAMPLE t=115.6s rss=2262MB hwm=2262MB
RSS_SAMPLE t=115.8s rss=2265MB hwm=2265MB
RSS_SAMPLE t=116.1s rss=2268MB hwm=2268MB
RSS_SAMPLE t=116.3s rss=2271MB hwm=2271MB
RSS_SAMPLE t=116.6s rss=2273MB hwm=2273MB
RSS_SAMPLE t=116.8s rss=2275MB hwm=2275MB
RSS_SAMPLE t=117.1s rss=2277MB hwm=2277MB
RSS_SAMPLE t=117.3s rss=2281MB hwm=2281MB
RSS_SAMPLE t=117.6s rss=2284MB hwm=2284MB
RSS_SAMPLE t=117.8s rss=2286MB hwm=2286MB
RSS_SAMPLE t=118.1s rss=2289MB hwm=2289MB
RSS_SAMPLE t=118.3s rss=2291MB hwm=2291MB
RSS_SAMPLE t=118.6s rss=2293MB hwm=2293MB
RSS_SAMPLE t=118.8s rss=2296MB hwm=2296MB
RSS_SAMPLE t=119.1s rss=2299MB hwm=2299MB
RSS_SAMPLE t=119.3s rss=2302MB hwm=2302MB
RSS_SAMPLE t=119.6s rss=2304MB hwm=2304MB
RSS_SAMPLE t=119.8s rss=2307MB hwm=2307MB
RSS_SAMPLE t=120.1s rss=2310MB hwm=2310MB
RSS_SAMPLE t=120.3s rss=2313MB hwm=2313MB
RSS_SAMPLE t=120.6s rss=2316MB hwm=2316MB
RSS_SAMPLE t=120.8s rss=2319MB hwm=2319MB
RSS_SAMPLE t=121.1s rss=2322MB hwm=2322MB
RSS_SAMPLE t=121.3s rss=2324MB hwm=2324MB
RSS_SAMPLE t=121.6s rss=2326MB hwm=2326MB
RSS_SAMPLE t=121.8s rss=2329MB hwm=2329MB
RSS_SAMPLE t=122.1s rss=2332MB hwm=2332MB
RSS_SAMPLE t=122.3s rss=2334MB hwm=2334MB
RSS_SAMPLE t=122.6s rss=2336MB hwm=2336MB
RSS_SAMPLE t=122.8s rss=2337MB hwm=2337MB
RSS_SAMPLE t=123.1s rss=2339MB hwm=2339MB
RSS_SAMPLE t=123.3s rss=2340MB hwm=2340MB
RSS_SAMPLE t=123.6s rss=2343MB hwm=2343MB
RSS_SAMPLE t=123.8s rss=2344MB hwm=2344MB
RSS_SAMPLE t=124.1s rss=2345MB hwm=2345MB
RSS_SAMPLE t=124.3s rss=2347MB hwm=2347MB
RSS_SAMPLE t=124.6s rss=2349MB hwm=2349MB
RSS_SAMPLE t=124.8s rss=2350MB hwm=2350MB
RSS_SAMPLE t=125.1s rss=2352MB hwm=2352MB
RSS_SAMPLE t=125.3s rss=2353MB hwm=2353MB
RSS_SAMPLE t=125.6s rss=2355MB hwm=2355MB
RSS_SAMPLE t=125.8s rss=2356MB hwm=2356MB
RSS_SAMPLE t=126.1s rss=2358MB hwm=2358MB
RSS_SAMPLE t=126.3s rss=2359MB hwm=2359MB
RSS_SAMPLE t=126.6s rss=2360MB hwm=2360MB
RSS_SAMPLE t=126.8s rss=2361MB hwm=2361MB
RSS_SAMPLE t=127.1s rss=2363MB hwm=2363MB
RSS_SAMPLE t=127.3s rss=2364MB hwm=2364MB
RSS_SAMPLE t=127.6s rss=2365MB hwm=2365MB
RSS_SAMPLE t=127.8s rss=2367MB hwm=2367MB
RSS_SAMPLE t=128.1s rss=2369MB hwm=2369MB
RSS_SAMPLE t=128.3s rss=2371MB hwm=2371MB
RSS_SAMPLE t=128.6s rss=2372MB hwm=2372MB
RSS_SAMPLE t=128.8s rss=2373MB hwm=2373MB
RSS_SAMPLE t=129.1s rss=2374MB hwm=2374MB
RSS_SAMPLE t=129.3s rss=2375MB hwm=2375MB
RSS_SAMPLE t=129.6s rss=2377MB hwm=2377MB
RSS_SAMPLE t=129.8s rss=2378MB hwm=2378MB
RSS_SAMPLE t=130.1s rss=2379MB hwm=2379MB
RSS_SAMPLE t=130.3s rss=2381MB hwm=2381MB
RSS_SAMPLE t=130.6s rss=2382MB hwm=2382MB
RSS_SAMPLE t=130.8s rss=2383MB hwm=2383MB
RSS_SAMPLE t=131.1s rss=2384MB hwm=2384MB
RSS_SAMPLE t=131.3s rss=2384MB hwm=2384MB
RSS_SAMPLE t=131.6s rss=2385MB hwm=2385MB
RSS_SAMPLE t=131.8s rss=2386MB hwm=2386MB
RSS_SAMPLE t=132.1s rss=2386MB hwm=2386MB
RSS_SAMPLE t=132.3s rss=2387MB hwm=2387MB
RSS_SAMPLE t=132.6s rss=2387MB hwm=2387MB
RSS_SAMPLE t=132.8s rss=2388MB hwm=2388MB
RSS_SAMPLE t=133.1s rss=2389MB hwm=2389MB
RSS_SAMPLE t=133.3s rss=2390MB hwm=2390MB
RSS_SAMPLE t=133.6s rss=2390MB hwm=2390MB
RSS_SAMPLE t=133.8s rss=2391MB hwm=2391MB
RSS_SAMPLE t=134.1s rss=2392MB hwm=2392MB
RSS_SAMPLE t=134.3s rss=2392MB hwm=2392MB
RSS_SAMPLE t=134.6s rss=2393MB hwm=2393MB
RSS_SAMPLE t=134.8s rss=2393MB hwm=2393MB
RSS_SAMPLE t=135.1s rss=2394MB hwm=2394MB
RSS_SAMPLE t=135.3s rss=2394MB hwm=2394MB
RSS_SAMPLE t=135.6s rss=2394MB hwm=2394MB
RSS_SAMPLE t=135.8s rss=2394MB hwm=2394MB
RSS_SAMPLE t=136.1s rss=2395MB hwm=2395MB
RSS_SAMPLE t=136.3s rss=2395MB hwm=2395MB
RSS_SAMPLE t=136.6s rss=2395MB hwm=2395MB
RSS_SAMPLE t=136.8s rss=2396MB hwm=2396MB
RSS_SAMPLE t=137.1s rss=2396MB hwm=2396MB
RSS_SAMPLE t=137.3s rss=2396MB hwm=2396MB
RSS_SAMPLE t=137.6s rss=2396MB hwm=2396MB
RSS_SAMPLE t=137.8s rss=2397MB hwm=2397MB
RSS_SAMPLE t=138.1s rss=2397MB hwm=2397MB
RSS_SAMPLE t=138.3s rss=2397MB hwm=2397MB
RSS_SAMPLE t=138.6s rss=2398MB hwm=2398MB
RSS_SAMPLE t=138.8s rss=2398MB hwm=2398MB
RSS_SAMPLE t=139.1s rss=2398MB hwm=2398MB
RSS_SAMPLE t=139.3s rss=2398MB hwm=2398MB
RSS_SAMPLE t=139.6s rss=2399MB hwm=2399MB
RSS_SAMPLE t=139.8s rss=2399MB hwm=2399MB
RSS_SAMPLE t=140.1s rss=2399MB hwm=2399MB
RSS_SAMPLE t=140.3s rss=2400MB hwm=2400MB
RSS_SAMPLE t=140.6s rss=2400MB hwm=2400MB
RSS_SAMPLE t=140.8s rss=2400MB hwm=2400MB
RSS_SAMPLE t=141.1s rss=2401MB hwm=2401MB
RSS_SAMPLE t=141.3s rss=2401MB hwm=2401MB
RSS_SAMPLE t=141.6s rss=2401MB hwm=2401MB
RSS_SAMPLE t=141.8s rss=2401MB hwm=2401MB
RSS_SAMPLE t=142.1s rss=2401MB hwm=2401MB
RSS_SAMPLE t=142.3s rss=2402MB hwm=2402MB
RSS_SAMPLE t=142.6s rss=2402MB hwm=2402MB
RSS_SAMPLE t=142.8s rss=2402MB hwm=2402MB
RSS_SAMPLE t=143.1s rss=2402MB hwm=2402MB
RSS_SAMPLE t=143.3s rss=2402MB hwm=2402MB
RSS_SAMPLE t=143.6s rss=2402MB hwm=2402MB
RSS_SAMPLE t=143.8s rss=2403MB hwm=2403MB
RSS_SAMPLE t=144.1s rss=2403MB hwm=2403MB
RSS_SAMPLE t=144.3s rss=2403MB hwm=2403MB
RSS_SAMPLE t=144.6s rss=2404MB hwm=2404MB
RSS_SAMPLE t=144.8s rss=2404MB hwm=2404MB
RSS_SAMPLE t=145.1s rss=2404MB hwm=2404MB
RSS_SAMPLE t=145.3s rss=2404MB hwm=2404MB
RSS_SAMPLE t=145.6s rss=2405MB hwm=2405MB
RSS_SAMPLE t=145.8s rss=2405MB hwm=2405MB
RSS_SAMPLE t=146.1s rss=2405MB hwm=2405MB
RSS_SAMPLE t=146.3s rss=2405MB hwm=2405MB
RSS_SAMPLE t=146.6s rss=2406MB hwm=2406MB
RSS_SAMPLE t=146.8s rss=2406MB hwm=2406MB
RSS_SAMPLE t=147.1s rss=2406MB hwm=2406MB
RSS_SAMPLE t=147.3s rss=2406MB hwm=2406MB
RSS_SAMPLE t=147.6s rss=2407MB hwm=2407MB
RSS_SAMPLE t=147.8s rss=2407MB hwm=2407MB
RSS_SAMPLE t=148.1s rss=2407MB hwm=2407MB
RSS_SAMPLE t=148.3s rss=2408MB hwm=2408MB
RSS_SAMPLE t=148.6s rss=2408MB hwm=2408MB
RSS_SAMPLE t=148.8s rss=2408MB hwm=2408MB
RSS_SAMPLE t=149.1s rss=2409MB hwm=2409MB
RSS_SAMPLE t=149.3s rss=2409MB hwm=2409MB
RSS_SAMPLE t=149.6s rss=2409MB hwm=2409MB
RSS_SAMPLE t=149.8s rss=2410MB hwm=2410MB
RSS_SAMPLE t=150.1s rss=2410MB hwm=2410MB
RSS_SAMPLE t=150.3s rss=2410MB hwm=2410MB
RSS_SAMPLE t=150.6s rss=2410MB hwm=2410MB
RSS_SAMPLE t=150.8s rss=2410MB hwm=2410MB
RSS_SAMPLE t=151.1s rss=2411MB hwm=2411MB
RSS_SAMPLE t=151.3s rss=2411MB hwm=2411MB
RSS_SAMPLE t=151.6s rss=2411MB hwm=2411MB
RSS_SAMPLE t=151.8s rss=2412MB hwm=2412MB
RSS_SAMPLE t=152.1s rss=2412MB hwm=2412MB
RSS_SAMPLE t=152.3s rss=2412MB hwm=2412MB
RSS_SAMPLE t=152.6s rss=2412MB hwm=2412MB
RSS_SAMPLE t=152.8s rss=2412MB hwm=2412MB
RSS_SAMPLE t=153.1s rss=2413MB hwm=2413MB
RSS_SAMPLE t=153.3s rss=2413MB hwm=2413MB
RSS_SAMPLE t=153.6s rss=2413MB hwm=2413MB
RSS_SAMPLE t=153.8s rss=2413MB hwm=2413MB
RSS_SAMPLE t=154.1s rss=2414MB hwm=2414MB
RSS_SAMPLE t=154.3s rss=2414MB hwm=2414MB
RSS_SAMPLE t=154.6s rss=2414MB hwm=2414MB
RSS_SAMPLE t=154.8s rss=2415MB hwm=2415MB
RSS_SAMPLE t=155.1s rss=2415MB hwm=2415MB
RSS_SAMPLE t=155.3s rss=2415MB hwm=2415MB
RSS_SAMPLE t=155.6s rss=2415MB hwm=2415MB
RSS_SAMPLE t=155.8s rss=2416MB hwm=2416MB
RSS_SAMPLE t=156.1s rss=2416MB hwm=2416MB
RSS_SAMPLE t=156.3s rss=2416MB hwm=2416MB
RSS_SAMPLE t=156.6s rss=2416MB hwm=2416MB
RSS_SAMPLE t=156.8s rss=2417MB hwm=2417MB
RSS_SAMPLE t=157.1s rss=2417MB hwm=2417MB
RSS_SAMPLE t=157.3s rss=2417MB hwm=2417MB
RSS_SAMPLE t=157.6s rss=2418MB hwm=2418MB
RSS_SAMPLE t=157.8s rss=2418MB hwm=2418MB
RSS_SAMPLE t=158.1s rss=2418MB hwm=2418MB
RSS_SAMPLE t=158.3s rss=2419MB hwm=2419MB
RSS_SAMPLE t=158.6s rss=2419MB hwm=2419MB
RSS_SAMPLE t=158.8s rss=2419MB hwm=2419MB
RSS_SAMPLE t=159.1s rss=2420MB hwm=2420MB
RSS_SAMPLE t=159.3s rss=2420MB hwm=2420MB
RSS_SAMPLE t=159.6s rss=2420MB hwm=2420MB
RSS_SAMPLE t=159.8s rss=2420MB hwm=2420MB
RSS_SAMPLE t=160.1s rss=2421MB hwm=2421MB
RSS_SAMPLE t=160.3s rss=2421MB hwm=2421MB
RSS_SAMPLE t=160.6s rss=2421MB hwm=2421MB
RSS_SAMPLE t=160.8s rss=2421MB hwm=2421MB
RSS_SAMPLE t=161.1s rss=2422MB hwm=2422MB
RSS_SAMPLE t=161.3s rss=2422MB hwm=2422MB
RSS_SAMPLE t=161.6s rss=2422MB hwm=2422MB
RSS_SAMPLE t=161.8s rss=2423MB hwm=2423MB
RSS_SAMPLE t=162.1s rss=2423MB hwm=2423MB
RSS_SAMPLE t=162.3s rss=2423MB hwm=2423MB
RSS_SAMPLE t=162.6s rss=2424MB hwm=2424MB
RSS_SAMPLE t=162.8s rss=2424MB hwm=2424MB
RSS_SAMPLE t=163.1s rss=2424MB hwm=2424MB
RSS_SAMPLE t=163.3s rss=2424MB hwm=2424MB
RSS_SAMPLE t=163.6s rss=2424MB hwm=2424MB
RSS_SAMPLE t=163.8s rss=2425MB hwm=2425MB
RSS_SAMPLE t=164.1s rss=2425MB hwm=2425MB
RSS_SAMPLE t=164.3s rss=2425MB hwm=2425MB
RSS_SAMPLE t=164.6s rss=2425MB hwm=2425MB
RSS_SAMPLE t=164.8s rss=2426MB hwm=2426MB
RSS_SAMPLE t=165.1s rss=2426MB hwm=2426MB
RSS_SAMPLE t=165.3s rss=2426MB hwm=2426MB
RSS_SAMPLE t=165.6s rss=2426MB hwm=2426MB
RSS_SAMPLE t=165.8s rss=2427MB hwm=2427MB
RSS_SAMPLE t=166.1s rss=2427MB hwm=2427MB
RSS_SAMPLE t=166.3s rss=2427MB hwm=2427MB
RSS_SAMPLE t=166.6s rss=2427MB hwm=2427MB
RSS_SAMPLE t=166.8s rss=2428MB hwm=2428MB
RSS_SAMPLE t=167.1s rss=2428MB hwm=2428MB
RSS_SAMPLE t=167.3s rss=2428MB hwm=2428MB
RSS_SAMPLE t=167.6s rss=2428MB hwm=2428MB
RSS_SAMPLE t=167.8s rss=2429MB hwm=2429MB
RSS_SAMPLE t=168.1s rss=2429MB hwm=2429MB
RSS_SAMPLE t=168.3s rss=2429MB hwm=2429MB
RSS_SAMPLE t=168.6s rss=2430MB hwm=2430MB
RSS_SAMPLE t=168.8s rss=2430MB hwm=2430MB
RSS_SAMPLE t=169.1s rss=2430MB hwm=2430MB
RSS_SAMPLE t=169.3s rss=2431MB hwm=2431MB
RSS_SAMPLE t=169.6s rss=2431MB hwm=2431MB
RSS_SAMPLE t=169.8s rss=2431MB hwm=2431MB
RSS_SAMPLE t=170.1s rss=2431MB hwm=2431MB
RSS_SAMPLE t=170.3s rss=2431MB hwm=2431MB
RSS_SAMPLE t=170.6s rss=2432MB hwm=2432MB
RSS_SAMPLE t=170.8s rss=2432MB hwm=2432MB
RSS_SAMPLE t=171.1s rss=2432MB hwm=2432MB
RSS_SAMPLE t=171.3s rss=2433MB hwm=2433MB
RSS_SAMPLE t=171.6s rss=2433MB hwm=2433MB
RSS_SAMPLE t=171.8s rss=2433MB hwm=2433MB
RSS_SAMPLE t=172.1s rss=2433MB hwm=2433MB
RSS_SAMPLE t=172.3s rss=2433MB hwm=2433MB
RSS_SAMPLE t=172.6s rss=2433MB hwm=2433MB
RSS_SAMPLE t=172.8s rss=2434MB hwm=2434MB
RSS_SAMPLE t=173.1s rss=2434MB hwm=2434MB
RSS_SAMPLE t=173.3s rss=2434MB hwm=2434MB
RSS_SAMPLE t=173.6s rss=2434MB hwm=2434MB
RSS_SAMPLE t=173.8s rss=2434MB hwm=2434MB
RSS_SAMPLE t=174.1s rss=2435MB hwm=2435MB
RSS_SAMPLE t=174.3s rss=2435MB hwm=2435MB
RSS_SAMPLE t=174.6s rss=2435MB hwm=2435MB
RSS_SAMPLE t=174.8s rss=2436MB hwm=2436MB
RSS_SAMPLE t=175.1s rss=2436MB hwm=2436MB
RSS_SAMPLE t=175.4s rss=2436MB hwm=2436MB
RSS_SAMPLE t=175.6s rss=2436MB hwm=2436MB
RSS_SAMPLE t=175.9s rss=2436MB hwm=2436MB
RSS_SAMPLE t=176.1s rss=2437MB hwm=2437MB
RSS_SAMPLE t=176.4s rss=2437MB hwm=2437MB
RSS_SAMPLE t=176.6s rss=2437MB hwm=2437MB
RSS_SAMPLE t=176.9s rss=2438MB hwm=2438MB
RSS_SAMPLE t=177.1s rss=2438MB hwm=2438MB
RSS_SAMPLE t=177.4s rss=2438MB hwm=2438MB
RSS_SAMPLE t=177.6s rss=2439MB hwm=2439MB
RSS_SAMPLE t=177.9s rss=2439MB hwm=2439MB
RSS_SAMPLE t=178.1s rss=2439MB hwm=2439MB
RSS_SAMPLE t=178.4s rss=2439MB hwm=2439MB
RSS_SAMPLE t=178.6s rss=2440MB hwm=2440MB
RSS_SAMPLE t=178.9s rss=2440MB hwm=2440MB
RSS_SAMPLE t=179.1s rss=2440MB hwm=2440MB
RSS_SAMPLE t=179.4s rss=2441MB hwm=2441MB
RSS_SAMPLE t=179.6s rss=2441MB hwm=2441MB
RSS_SAMPLE t=179.9s rss=2441MB hwm=2441MB
RSS_SAMPLE t=180.1s rss=2442MB hwm=2442MB
RSS_SAMPLE t=180.4s rss=2442MB hwm=2442MB
RSS_SAMPLE t=180.6s rss=2442MB hwm=2442MB
RSS_SAMPLE t=180.9s rss=2442MB hwm=2442MB
RSS_SAMPLE t=181.1s rss=2443MB hwm=2443MB
RSS_SAMPLE t=181.4s rss=2443MB hwm=2443MB
RSS_SAMPLE t=181.6s rss=2443MB hwm=2443MB
RSS_SAMPLE t=181.9s rss=2444MB hwm=2444MB
RSS_SAMPLE t=182.1s rss=2444MB hwm=2444MB
RSS_SAMPLE t=182.4s rss=2445MB hwm=2445MB
RSS_SAMPLE t=182.6s rss=2445MB hwm=2445MB
    rss_probe[outer=0]: pre_refresh_rss=1707MB post_pre_solve_rss=2445MB cache_entries=42424857 cache_cap=69325648 cache_est_mb=600
    pre_solve_diag[outer=0]: solves=105117 fallback=0 (0.0%) cap_armed=105117 (100.0%) settle_avg=10344 settle_max=69353 init_count=62
  Cell placement by tile type (iter 0, 76660 cells):
    NULL: 31596
    CLB: 27114
    IOB_W: 15019
    CLK_BUFG: 2320
    BRAM: 351
    DSP: 182
    IOB_E: 78
    Overflow: over=0 (0.0% of used) avg_excess=0.00 max_excess=0.00 (nc=0.00 cap=0 span=0)  excess_buckets: <=1=0 1-5=0 5-20=0 >20=0  by_cap: cap1=0 cap2=0 cap3-5=0 cap>5=0  by_span: s1=0 s2-3=0 s4-6=0 s7-12=0 s>12=0  le1_cross: cap1=0 cap2-5=0 cap>5=0
    Congestion: pipes=2562403 used=0 congested(>50%)=0 saturated(>90%)=0 max_util=0.00 avg_util=0.0000
PHASE_MARK outer=0 enter=dcd_sweep rss=2445MB
RSS_SAMPLE t=182.9s rss=2446MB hwm=2446MB
RSS_SAMPLE t=183.1s rss=2446MB hwm=2446MB
RSS_SAMPLE t=183.4s rss=2446MB hwm=2446MB
RSS_SAMPLE t=183.6s rss=2446MB hwm=2446MB
RSS_SAMPLE t=183.9s rss=2446MB hwm=2446MB
RSS_SAMPLE t=184.1s rss=2446MB hwm=2446MB
RSS_SAMPLE t=184.4s rss=2447MB hwm=2447MB
RSS_SAMPLE t=184.6s rss=2447MB hwm=2447MB
RSS_SAMPLE t=184.9s rss=2447MB hwm=2447MB
RSS_SAMPLE t=185.1s rss=2447MB hwm=2447MB
RSS_SAMPLE t=185.4s rss=2447MB hwm=2447MB
RSS_SAMPLE t=185.6s rss=2447MB hwm=2447MB
RSS_SAMPLE t=185.9s rss=2448MB hwm=2448MB
RSS_SAMPLE t=186.1s rss=2448MB hwm=2448MB
RSS_SAMPLE t=186.4s rss=2448MB hwm=2448MB
RSS_SAMPLE t=186.6s rss=2448MB hwm=2448MB
RSS_SAMPLE t=186.9s rss=2448MB hwm=2448MB
RSS_SAMPLE t=187.1s rss=2448MB hwm=2448MB
RSS_SAMPLE t=187.4s rss=2449MB hwm=2449MB
RSS_SAMPLE t=187.6s rss=2449MB hwm=2449MB
RSS_SAMPLE t=187.9s rss=2449MB hwm=2449MB
RSS_SAMPLE t=188.1s rss=2449MB hwm=2449MB
RSS_SAMPLE t=188.4s rss=2449MB hwm=2449MB
RSS_SAMPLE t=188.6s rss=2449MB hwm=2449MB
RSS_SAMPLE t=188.9s rss=2450MB hwm=2450MB
RSS_SAMPLE t=189.1s rss=2450MB hwm=2450MB
RSS_SAMPLE t=189.4s rss=2450MB hwm=2450MB
RSS_SAMPLE t=189.6s rss=2450MB hwm=2450MB
PHASE_MARK outer=0 leave=dcd_sweep rss=2450MB
PHASE_MARK outer=0 enter=post_refresh rss=2450MB
RSS_SAMPLE t=189.9s rss=2480MB hwm=2480MB
RSS_SAMPLE t=190.1s rss=2480MB hwm=2480MB
RSS_SAMPLE t=190.4s rss=2480MB hwm=2480MB
RSS_SAMPLE t=190.6s rss=2480MB hwm=2480MB
RSS_SAMPLE t=190.9s rss=2480MB hwm=2480MB
RSS_SAMPLE t=191.1s rss=2480MB hwm=2480MB
RSS_SAMPLE t=191.4s rss=2480MB hwm=2480MB
RSS_SAMPLE t=191.6s rss=2480MB hwm=2480MB
RSS_SAMPLE t=191.9s rss=2480MB hwm=2480MB
RSS_SAMPLE t=192.1s rss=2539MB hwm=2539MB
RSS_SAMPLE t=192.4s rss=3441MB hwm=3441MB
RSS_SAMPLE t=192.6s rss=4202MB hwm=4202MB
RSS_SAMPLE t=192.9s rss=4931MB hwm=4931MB
RSS_SAMPLE t=193.1s rss=5708MB hwm=5708MB
RSS_SAMPLE t=193.4s rss=6437MB hwm=6437MB
RSS_SAMPLE t=193.6s rss=7185MB hwm=7185MB
RSS_SAMPLE t=193.9s rss=7968MB hwm=7968MB
RSS_SAMPLE t=194.1s rss=8689MB hwm=8689MB
RSS_SAMPLE t=194.4s rss=9468MB hwm=9468MB
RSS_SAMPLE t=194.6s rss=10251MB hwm=10251MB
RSS_SAMPLE t=194.9s rss=11038MB hwm=11038MB
RSS_SAMPLE t=195.1s rss=11823MB hwm=11823MB
