Running scope as unit: run-re930131ba29b470084d759f3b0c83e55.scope
chipdb: /home/kelvin/side-project/eisenjoch/chip_database/xc7_large.bin
design: /home/kelvin/side-project/eisenjoch/benchmark/ispd/generated/2016/FPGA01/FPGA01.json
RSS_SAMPLE t=0.0s rss=3MB hwm=3MB
RSS_SAMPLE t=0.3s rss=429MB hwm=429MB
RSS_SAMPLE t=0.5s rss=706MB hwm=706MB
RSS_SAMPLE t=0.8s rss=792MB hwm=792MB
RSS_SAMPLE t=1.0s rss=818MB hwm=823MB
RSS_SAMPLE t=1.3s rss=818MB hwm=823MB
RSS_SAMPLE t=1.5s rss=818MB hwm=823MB
RSS_SAMPLE t=1.8s rss=820MB hwm=823MB
cfg: max_outer_iters=6 blend_alpha=0.5 hardening_step=0 graph_model=TwoLevelPip
  topological compress: density=0.60 target_tiles=15971 final_tiles=15777 scale=1.851 center=(205.1,111.0)
  topological init: n_movable=76660, n_edges=229053, max_layer=26775, back_edges=54022, n_anchored=0
RSS_SAMPLE t=2.0s rss=820MB hwm=823MB
RSS_SAMPLE t=2.3s rss=820MB hwm=823MB
RSS_SAMPLE t=2.5s rss=820MB hwm=823MB
RSS_SAMPLE t=2.8s rss=820MB hwm=823MB
RSS_SAMPLE t=3.0s rss=820MB hwm=823MB
RSS_SAMPLE t=3.3s rss=820MB hwm=823MB
RSS_SAMPLE t=3.5s rss=820MB hwm=823MB
RSS_SAMPLE t=3.8s rss=820MB hwm=823MB
RSS_SAMPLE t=4.0s rss=820MB hwm=823MB
RSS_SAMPLE t=4.3s rss=820MB hwm=823MB
RSS_SAMPLE t=4.5s rss=820MB hwm=823MB
RSS_SAMPLE t=4.8s rss=820MB hwm=823MB
RSS_SAMPLE t=5.0s rss=820MB hwm=823MB
RSS_SAMPLE t=5.3s rss=820MB hwm=823MB
RSS_SAMPLE t=5.5s rss=820MB hwm=823MB
RSS_SAMPLE t=5.8s rss=820MB hwm=823MB
RSS_SAMPLE t=6.0s rss=820MB hwm=823MB
RSS_SAMPLE t=6.3s rss=820MB hwm=823MB
RSS_SAMPLE t=6.5s rss=820MB hwm=823MB
RSS_SAMPLE t=6.8s rss=820MB hwm=823MB
RSS_SAMPLE t=7.0s rss=820MB hwm=823MB
RSS_SAMPLE t=7.3s rss=820MB hwm=823MB
RSS_SAMPLE t=7.5s rss=820MB hwm=823MB
RSS_SAMPLE t=7.8s rss=820MB hwm=823MB
RSS_SAMPLE t=8.0s rss=820MB hwm=823MB
RSS_SAMPLE t=8.3s rss=820MB hwm=823MB
RSS_SAMPLE t=8.5s rss=820MB hwm=823MB
RSS_SAMPLE t=8.8s rss=820MB hwm=823MB
RSS_SAMPLE t=9.0s rss=820MB hwm=823MB
RSS_SAMPLE t=9.3s rss=820MB hwm=823MB
RSS_SAMPLE t=9.5s rss=820MB hwm=823MB
RSS_SAMPLE t=9.8s rss=820MB hwm=823MB
RSS_SAMPLE t=10.0s rss=820MB hwm=823MB
RSS_SAMPLE t=10.3s rss=820MB hwm=823MB
RSS_SAMPLE t=10.5s rss=820MB hwm=823MB
RSS_SAMPLE t=10.8s rss=820MB hwm=823MB
RSS_SAMPLE t=11.0s rss=820MB hwm=823MB
RSS_SAMPLE t=11.3s rss=820MB hwm=823MB
RSS_SAMPLE t=11.5s rss=820MB hwm=823MB
RSS_SAMPLE t=11.8s rss=820MB hwm=823MB
RSS_SAMPLE t=12.0s rss=820MB hwm=823MB
RSS_SAMPLE t=12.3s rss=820MB hwm=823MB
RSS_SAMPLE t=12.5s rss=820MB hwm=823MB
RSS_SAMPLE t=12.8s rss=820MB hwm=823MB
RSS_SAMPLE t=13.0s rss=820MB hwm=823MB
RSS_SAMPLE t=13.3s rss=820MB hwm=823MB
RSS_SAMPLE t=13.5s rss=820MB hwm=823MB
RSS_SAMPLE t=13.8s rss=820MB hwm=823MB
RSS_SAMPLE t=14.0s rss=820MB hwm=823MB
RSS_SAMPLE t=14.3s rss=820MB hwm=823MB
RSS_SAMPLE t=14.5s rss=820MB hwm=823MB
RSS_SAMPLE t=14.8s rss=820MB hwm=823MB
RSS_SAMPLE t=15.0s rss=820MB hwm=823MB
RSS_SAMPLE t=15.3s rss=820MB hwm=823MB
RSS_SAMPLE t=15.5s rss=820MB hwm=823MB
RSS_SAMPLE t=15.8s rss=820MB hwm=823MB
RSS_SAMPLE t=16.0s rss=820MB hwm=823MB
RSS_SAMPLE t=16.3s rss=820MB hwm=823MB
RSS_SAMPLE t=16.5s rss=820MB hwm=823MB
RSS_SAMPLE t=16.8s rss=820MB hwm=823MB
RSS_SAMPLE t=17.0s rss=820MB hwm=823MB
RSS_SAMPLE t=17.3s rss=820MB hwm=823MB
RSS_SAMPLE t=17.5s rss=820MB hwm=823MB
RSS_SAMPLE t=17.8s rss=820MB hwm=823MB
RSS_SAMPLE t=18.0s rss=820MB hwm=823MB
RSS_SAMPLE t=18.3s rss=820MB hwm=823MB
RSS_SAMPLE t=18.5s rss=820MB hwm=823MB
RSS_SAMPLE t=18.8s rss=820MB hwm=823MB
RSS_SAMPLE t=19.0s rss=820MB hwm=823MB
RSS_SAMPLE t=19.3s rss=820MB hwm=823MB
RSS_SAMPLE t=19.5s rss=820MB hwm=823MB
RSS_SAMPLE t=19.8s rss=820MB hwm=823MB
RSS_SAMPLE t=20.0s rss=820MB hwm=823MB
RSS_SAMPLE t=20.3s rss=820MB hwm=823MB
RSS_SAMPLE t=20.5s rss=820MB hwm=823MB
RSS_SAMPLE t=20.8s rss=820MB hwm=823MB
RSS_SAMPLE t=21.0s rss=820MB hwm=823MB
RSS_SAMPLE t=21.3s rss=820MB hwm=823MB
RSS_SAMPLE t=21.5s rss=820MB hwm=823MB
RSS_SAMPLE t=21.8s rss=820MB hwm=823MB
RSS_SAMPLE t=22.0s rss=820MB hwm=823MB
RSS_SAMPLE t=22.3s rss=820MB hwm=823MB
RSS_SAMPLE t=22.5s rss=820MB hwm=823MB
RSS_SAMPLE t=22.8s rss=820MB hwm=823MB
RSS_SAMPLE t=23.0s rss=820MB hwm=823MB
RSS_SAMPLE t=23.3s rss=820MB hwm=823MB
RSS_SAMPLE t=23.5s rss=820MB hwm=823MB
RSS_SAMPLE t=23.8s rss=820MB hwm=823MB
RSS_SAMPLE t=24.0s rss=820MB hwm=823MB
RSS_SAMPLE t=24.3s rss=820MB hwm=823MB
RSS_SAMPLE t=24.5s rss=820MB hwm=823MB
RSS_SAMPLE t=24.8s rss=820MB hwm=823MB
RSS_SAMPLE t=25.0s rss=820MB hwm=823MB
RSS_SAMPLE t=25.3s rss=820MB hwm=823MB
RSS_SAMPLE t=25.5s rss=820MB hwm=823MB
RSS_SAMPLE t=25.8s rss=820MB hwm=823MB
RSS_SAMPLE t=26.0s rss=820MB hwm=823MB
RSS_SAMPLE t=26.3s rss=820MB hwm=823MB
RSS_SAMPLE t=26.5s rss=820MB hwm=823MB
RSS_SAMPLE t=26.8s rss=820MB hwm=823MB
RSS_SAMPLE t=27.0s rss=820MB hwm=823MB
RSS_SAMPLE t=27.3s rss=820MB hwm=823MB
RSS_SAMPLE t=27.5s rss=820MB hwm=823MB
RSS_SAMPLE t=27.8s rss=820MB hwm=823MB
RSS_SAMPLE t=28.0s rss=820MB hwm=823MB
RSS_SAMPLE t=28.3s rss=820MB hwm=823MB
RSS_SAMPLE t=28.5s rss=820MB hwm=823MB
RSS_SAMPLE t=28.8s rss=820MB hwm=823MB
RSS_SAMPLE t=29.0s rss=820MB hwm=823MB
RSS_SAMPLE t=29.3s rss=820MB hwm=823MB
RSS_SAMPLE t=29.5s rss=820MB hwm=823MB
RSS_SAMPLE t=29.8s rss=820MB hwm=823MB
RSS_SAMPLE t=30.0s rss=820MB hwm=823MB
RSS_SAMPLE t=30.3s rss=820MB hwm=823MB
RSS_SAMPLE t=30.5s rss=820MB hwm=823MB
RSS_SAMPLE t=30.8s rss=820MB hwm=823MB
RSS_SAMPLE t=31.0s rss=820MB hwm=823MB
RSS_SAMPLE t=31.3s rss=820MB hwm=823MB
RSS_SAMPLE t=31.5s rss=820MB hwm=823MB
RSS_SAMPLE t=31.8s rss=820MB hwm=823MB
RSS_SAMPLE t=32.0s rss=820MB hwm=823MB
RSS_SAMPLE t=32.3s rss=820MB hwm=823MB
RSS_SAMPLE t=32.5s rss=820MB hwm=823MB
RSS_SAMPLE t=32.8s rss=820MB hwm=823MB
RSS_SAMPLE t=33.0s rss=820MB hwm=823MB
RSS_SAMPLE t=33.3s rss=820MB hwm=823MB
RSS_SAMPLE t=33.5s rss=820MB hwm=823MB
RSS_SAMPLE t=33.8s rss=820MB hwm=823MB
RSS_SAMPLE t=34.0s rss=820MB hwm=823MB
RSS_SAMPLE t=34.3s rss=820MB hwm=823MB
RSS_SAMPLE t=34.5s rss=820MB hwm=823MB
RSS_SAMPLE t=34.8s rss=820MB hwm=823MB
RSS_SAMPLE t=35.0s rss=820MB hwm=823MB
RSS_SAMPLE t=35.3s rss=820MB hwm=823MB
RSS_SAMPLE t=35.5s rss=820MB hwm=823MB
RSS_SAMPLE t=35.8s rss=820MB hwm=823MB
RSS_SAMPLE t=36.0s rss=820MB hwm=823MB
RSS_SAMPLE t=36.3s rss=820MB hwm=823MB
RSS_SAMPLE t=36.5s rss=820MB hwm=823MB
RSS_SAMPLE t=36.8s rss=820MB hwm=823MB
RSS_SAMPLE t=37.0s rss=820MB hwm=823MB
RSS_SAMPLE t=37.3s rss=820MB hwm=823MB
RSS_SAMPLE t=37.5s rss=820MB hwm=823MB
RSS_SAMPLE t=37.8s rss=820MB hwm=823MB
RSS_SAMPLE t=38.0s rss=820MB hwm=823MB
RSS_SAMPLE t=38.3s rss=820MB hwm=823MB
RSS_SAMPLE t=38.5s rss=820MB hwm=823MB
RSS_SAMPLE t=38.8s rss=820MB hwm=823MB
RSS_SAMPLE t=39.0s rss=820MB hwm=823MB
RSS_SAMPLE t=39.3s rss=820MB hwm=823MB
RSS_SAMPLE t=39.5s rss=820MB hwm=823MB
RSS_SAMPLE t=39.8s rss=820MB hwm=823MB
RSS_SAMPLE t=40.0s rss=820MB hwm=823MB
RSS_SAMPLE t=40.3s rss=820MB hwm=823MB
RSS_SAMPLE t=40.5s rss=820MB hwm=823MB
RSS_SAMPLE t=40.8s rss=820MB hwm=823MB
RSS_SAMPLE t=41.0s rss=820MB hwm=823MB
RSS_SAMPLE t=41.3s rss=820MB hwm=823MB
RSS_SAMPLE t=41.5s rss=820MB hwm=823MB
RSS_SAMPLE t=41.8s rss=820MB hwm=823MB
RSS_SAMPLE t=42.0s rss=820MB hwm=823MB
RSS_SAMPLE t=42.3s rss=820MB hwm=823MB
RSS_SAMPLE t=42.5s rss=820MB hwm=823MB
RSS_SAMPLE t=42.8s rss=820MB hwm=823MB
RSS_SAMPLE t=43.0s rss=820MB hwm=823MB
RSS_SAMPLE t=43.3s rss=820MB hwm=823MB
RSS_SAMPLE t=43.5s rss=820MB hwm=823MB
RSS_SAMPLE t=43.8s rss=820MB hwm=823MB
RSS_SAMPLE t=44.0s rss=820MB hwm=823MB
RSS_SAMPLE t=44.3s rss=820MB hwm=823MB
RSS_SAMPLE t=44.5s rss=820MB hwm=823MB
RSS_SAMPLE t=44.8s rss=820MB hwm=823MB
RSS_SAMPLE t=45.0s rss=820MB hwm=823MB
RSS_SAMPLE t=45.3s rss=820MB hwm=823MB
RSS_SAMPLE t=45.5s rss=820MB hwm=823MB
RSS_SAMPLE t=45.8s rss=820MB hwm=823MB
RSS_SAMPLE t=46.0s rss=820MB hwm=823MB
RSS_SAMPLE t=46.3s rss=820MB hwm=823MB
RSS_SAMPLE t=46.5s rss=820MB hwm=823MB
RSS_SAMPLE t=46.8s rss=820MB hwm=823MB
RSS_SAMPLE t=47.0s rss=820MB hwm=823MB
RSS_SAMPLE t=47.3s rss=820MB hwm=823MB
RSS_SAMPLE t=47.5s rss=820MB hwm=823MB
RSS_SAMPLE t=47.8s rss=820MB hwm=823MB
RSS_SAMPLE t=48.0s rss=820MB hwm=823MB
RSS_SAMPLE t=48.3s rss=820MB hwm=823MB
RSS_SAMPLE t=48.5s rss=820MB hwm=823MB
RSS_SAMPLE t=48.8s rss=820MB hwm=823MB
RSS_SAMPLE t=49.0s rss=820MB hwm=823MB
RSS_SAMPLE t=49.3s rss=820MB hwm=823MB
RSS_SAMPLE t=49.5s rss=820MB hwm=823MB
RSS_SAMPLE t=49.8s rss=820MB hwm=823MB
RSS_SAMPLE t=50.0s rss=820MB hwm=823MB
RSS_SAMPLE t=50.3s rss=820MB hwm=823MB
RSS_SAMPLE t=50.5s rss=820MB hwm=823MB
RSS_SAMPLE t=50.8s rss=820MB hwm=823MB
RSS_SAMPLE t=51.0s rss=820MB hwm=823MB
RSS_SAMPLE t=51.3s rss=820MB hwm=823MB
RSS_SAMPLE t=51.5s rss=820MB hwm=823MB
RSS_SAMPLE t=51.8s rss=820MB hwm=823MB
RSS_SAMPLE t=52.0s rss=820MB hwm=823MB
RSS_SAMPLE t=52.3s rss=820MB hwm=823MB
RSS_SAMPLE t=52.5s rss=820MB hwm=823MB
RSS_SAMPLE t=52.8s rss=820MB hwm=823MB
RSS_SAMPLE t=53.0s rss=820MB hwm=823MB
RSS_SAMPLE t=53.3s rss=820MB hwm=823MB
RSS_SAMPLE t=53.5s rss=820MB hwm=823MB
RSS_SAMPLE t=53.8s rss=820MB hwm=823MB
RSS_SAMPLE t=54.0s rss=820MB hwm=823MB
RSS_SAMPLE t=54.3s rss=820MB hwm=823MB
RSS_SAMPLE t=54.5s rss=820MB hwm=823MB
RSS_SAMPLE t=54.8s rss=820MB hwm=823MB
RSS_SAMPLE t=55.0s rss=820MB hwm=823MB
RSS_SAMPLE t=55.3s rss=820MB hwm=823MB
RSS_SAMPLE t=55.5s rss=820MB hwm=823MB
RSS_SAMPLE t=55.8s rss=820MB hwm=823MB
RSS_SAMPLE t=56.0s rss=866MB hwm=866MB
RSS_SAMPLE t=56.3s rss=909MB hwm=909MB
RSS_SAMPLE t=56.5s rss=933MB hwm=933MB
RSS_SAMPLE t=56.8s rss=933MB hwm=933MB
RSS_SAMPLE t=57.0s rss=933MB hwm=933MB
RSS_SAMPLE t=57.3s rss=933MB hwm=933MB
RSS_SAMPLE t=57.5s rss=933MB hwm=933MB
RSS_SAMPLE t=57.8s rss=933MB hwm=933MB
  Skipped truly-null coarse cells: 0 (of 69353 total); pruned pipes: src_null=0 dst_null=0
  Pipe capacity by span:
    span=  1: 138172 pipes, cap min=1 avg=134.5 max=432
    span=  2: 136455 pipes, cap min=2 avg=50.7 max=118
    span=  3: 135619 pipes, cap min=2 avg=26.1 max=52
    span=  4: 136319 pipes, cap min=2 avg=22.7 max=140
    span=  5: 135918 pipes, cap min=2 avg=66.1 max=124
    span=  6: 201217 pipes, cap min=2 avg=15.2 max=28
    span=  7: 200933 pipes, cap min=1 avg=7.3 max=20
    span=  8: 132748 pipes, cap min=2 avg=6.0 max=10
    span=  9: 130848 pipes, cap min=2 avg=6.0 max=10
    span= 10: 131090 pipes, cap min=2 avg=2.2 max=31
    span= 11: 129628 pipes, cap min=2 avg=2.0 max=4
    span= 12: 129018 pipes, cap min=2 avg=2.0 max=4
    span= 13: 128408 pipes, cap min=1 avg=1.5 max=4
    span= 14: 127798 pipes, cap min=1 avg=1.0 max=2
    span= 15: 127188 pipes, cap min=1 avg=1.0 max=2
    span= 16: 126578 pipes, cap min=1 avg=1.0 max=2
    span= 17: 125968 pipes, cap min=1 avg=1.0 max=2
    span= 18: 125358 pipes, cap min=1 avg=1.0 max=2
    span= 19: 63140 pipes, cap min=1 avg=1.0 max=2
  Thin span-1 pipes (cap<=2): 222 total, by tile-type pair (top 20):
    NULL <-> NULL: 220
    CLK_BUFG <-> NULL: 2
  Pipe cost: span^0.50 model (r1=1), span-1=1.000, span-12=3.464, 2×span-6=4.899, 12×span-1=12.000
RSS_SAMPLE t=58.0s rss=957MB hwm=957MB
  topological compress: density=0.60 target_tiles=15971 final_tiles=15777 scale=1.851 center=(205.1,111.0)
  topological init: n_movable=76660, n_edges=229053, max_layer=26775, back_edges=54022, n_anchored=0
RSS_SAMPLE t=58.3s rss=1026MB hwm=1026MB
  type DFF: 302 valid columns, 1077536 total BELs
  type LUT6: 302 valid columns, 538768 total BELs
TypeAwarePlacement: 2 cell types
Coordinate descent mode: 76660 cells, scale 1.00
CellValidityMask: 76660 cells, 311x223 grid, 2 bucket masks, per-cell valid positions: min=67346 avg=67346.0 max=67346, unmapped cells=0
MuxSlotTracker: 76660 cells (76660 with external fanout), 67346 tiles, total_cap=1077536, active_buckets=[DFF,LUT6], built in 90.2ms
MuxSlotTracker[post-seed]: populated_cells=27114, overflow_tiles=518, at_cap_tiles=50, peak_excess=41, capacity_hist={16:67346}
DCD placer: 76660 cells, 69353 nodes, outer_iters=6, dcd_iters_per_cell=8, graph_model=TwoLevelPip
MEM_STATIC: pipes=352MB nodes=1MB adjacency=78MB pipe_cost_vecs=59MB validity_mask=0MB n_pipes=2562403 n_edges=5124806 rss=1037MB
Softmin position update: enabled, theta 0.250 -> 5.000 (anneal over 6 iters)
RSS_SAMPLE t=58.5s rss=1064MB hwm=1064MB
RSS_SAMPLE t=58.8s rss=1064MB hwm=1064MB
RSS_SAMPLE t=59.0s rss=1064MB hwm=1064MB
RSS_SAMPLE t=59.3s rss=1064MB hwm=1064MB
RSS_SAMPLE t=59.5s rss=1064MB hwm=1064MB
RSS_SAMPLE t=59.8s rss=1064MB hwm=1064MB
RSS_SAMPLE t=60.0s rss=1064MB hwm=1064MB
RSS_SAMPLE t=60.3s rss=1064MB hwm=1064MB
RSS_SAMPLE t=60.5s rss=1064MB hwm=1064MB
RSS_SAMPLE t=60.8s rss=1064MB hwm=1064MB
    SwitchMatrix: type_usage_pairs=7 lookups=110 hits=103 dijkstra_calls=7 avg_us=10.7 total_ms=0.1
PHASE_MARK outer=0 enter=pre_solve rss=1067MB
RSS_SAMPLE t=61.0s rss=1194MB hwm=1194MB
RSS_SAMPLE t=61.3s rss=1211MB hwm=1211MB
RSS_SAMPLE t=61.5s rss=1224MB hwm=1224MB
RSS_SAMPLE t=61.8s rss=1233MB hwm=1233MB
RSS_SAMPLE t=62.0s rss=1242MB hwm=1242MB
RSS_SAMPLE t=62.3s rss=1246MB hwm=1246MB
RSS_SAMPLE t=62.5s rss=1252MB hwm=1252MB
RSS_SAMPLE t=62.8s rss=1257MB hwm=1257MB
RSS_SAMPLE t=63.0s rss=1264MB hwm=1264MB
RSS_SAMPLE t=63.3s rss=1268MB hwm=1268MB
RSS_SAMPLE t=63.5s rss=1274MB hwm=1274MB
RSS_SAMPLE t=63.8s rss=1280MB hwm=1280MB
RSS_SAMPLE t=64.0s rss=1286MB hwm=1286MB
RSS_SAMPLE t=64.3s rss=1291MB hwm=1291MB
RSS_SAMPLE t=64.5s rss=1298MB hwm=1298MB
RSS_SAMPLE t=64.8s rss=1305MB hwm=1305MB
RSS_SAMPLE t=65.0s rss=1314MB hwm=1314MB
RSS_SAMPLE t=65.3s rss=1320MB hwm=1320MB
RSS_SAMPLE t=65.5s rss=1326MB hwm=1326MB
RSS_SAMPLE t=65.8s rss=1333MB hwm=1333MB
RSS_SAMPLE t=66.0s rss=1340MB hwm=1340MB
RSS_SAMPLE t=66.3s rss=1345MB hwm=1345MB
RSS_SAMPLE t=66.5s rss=1353MB hwm=1353MB
RSS_SAMPLE t=66.8s rss=1359MB hwm=1359MB
RSS_SAMPLE t=67.0s rss=1365MB hwm=1365MB
RSS_SAMPLE t=67.3s rss=1371MB hwm=1371MB
RSS_SAMPLE t=67.5s rss=1378MB hwm=1378MB
RSS_SAMPLE t=67.8s rss=1384MB hwm=1384MB
RSS_SAMPLE t=68.0s rss=1389MB hwm=1389MB
RSS_SAMPLE t=68.3s rss=1395MB hwm=1395MB
RSS_SAMPLE t=68.5s rss=1401MB hwm=1401MB
RSS_SAMPLE t=68.8s rss=1407MB hwm=1407MB
RSS_SAMPLE t=69.0s rss=1414MB hwm=1414MB
RSS_SAMPLE t=69.3s rss=1419MB hwm=1419MB
RSS_SAMPLE t=69.5s rss=1426MB hwm=1426MB
RSS_SAMPLE t=69.8s rss=1432MB hwm=1432MB
RSS_SAMPLE t=70.0s rss=1439MB hwm=1439MB
RSS_SAMPLE t=70.3s rss=1445MB hwm=1445MB
RSS_SAMPLE t=70.5s rss=1453MB hwm=1453MB
RSS_SAMPLE t=70.8s rss=1459MB hwm=1459MB
RSS_SAMPLE t=71.0s rss=1465MB hwm=1465MB
RSS_SAMPLE t=71.3s rss=1471MB hwm=1471MB
RSS_SAMPLE t=71.5s rss=1477MB hwm=1477MB
RSS_SAMPLE t=71.8s rss=1483MB hwm=1483MB
RSS_SAMPLE t=72.0s rss=1489MB hwm=1489MB
RSS_SAMPLE t=72.3s rss=1495MB hwm=1495MB
RSS_SAMPLE t=72.5s rss=1502MB hwm=1502MB
RSS_SAMPLE t=72.8s rss=1507MB hwm=1507MB
RSS_SAMPLE t=73.0s rss=1512MB hwm=1512MB
RSS_SAMPLE t=73.3s rss=1519MB hwm=1519MB
RSS_SAMPLE t=73.5s rss=1523MB hwm=1523MB
RSS_SAMPLE t=73.8s rss=1530MB hwm=1530MB
RSS_SAMPLE t=74.0s rss=1535MB hwm=1535MB
RSS_SAMPLE t=74.3s rss=1541MB hwm=1541MB
RSS_SAMPLE t=74.5s rss=1547MB hwm=1547MB
RSS_SAMPLE t=74.8s rss=1553MB hwm=1553MB
RSS_SAMPLE t=75.0s rss=1559MB hwm=1559MB
RSS_SAMPLE t=75.3s rss=1564MB hwm=1564MB
RSS_SAMPLE t=75.5s rss=1571MB hwm=1571MB
RSS_SAMPLE t=75.8s rss=1577MB hwm=1577MB
RSS_SAMPLE t=76.1s rss=1582MB hwm=1582MB
RSS_SAMPLE t=76.3s rss=1588MB hwm=1588MB
RSS_SAMPLE t=76.6s rss=1593MB hwm=1593MB
RSS_SAMPLE t=76.8s rss=1598MB hwm=1598MB
RSS_SAMPLE t=77.1s rss=1605MB hwm=1605MB
RSS_SAMPLE t=77.3s rss=1611MB hwm=1611MB
RSS_SAMPLE t=77.6s rss=1618MB hwm=1618MB
RSS_SAMPLE t=77.8s rss=1623MB hwm=1623MB
RSS_SAMPLE t=78.1s rss=1628MB hwm=1628MB
RSS_SAMPLE t=78.3s rss=1633MB hwm=1633MB
RSS_SAMPLE t=78.6s rss=1639MB hwm=1639MB
RSS_SAMPLE t=78.8s rss=1645MB hwm=1645MB
RSS_SAMPLE t=79.1s rss=1649MB hwm=1649MB
RSS_SAMPLE t=79.3s rss=1656MB hwm=1656MB
RSS_SAMPLE t=79.6s rss=1661MB hwm=1661MB
RSS_SAMPLE t=79.8s rss=1667MB hwm=1667MB
RSS_SAMPLE t=80.1s rss=1673MB hwm=1673MB
RSS_SAMPLE t=80.3s rss=1679MB hwm=1679MB
RSS_SAMPLE t=80.6s rss=1685MB hwm=1685MB
RSS_SAMPLE t=80.8s rss=1690MB hwm=1690MB
RSS_SAMPLE t=81.1s rss=1697MB hwm=1697MB
RSS_SAMPLE t=81.3s rss=1702MB hwm=1702MB
RSS_SAMPLE t=81.6s rss=1707MB hwm=1707MB
RSS_SAMPLE t=81.8s rss=1713MB hwm=1713MB
RSS_SAMPLE t=82.1s rss=1720MB hwm=1720MB
RSS_SAMPLE t=82.3s rss=1727MB hwm=1727MB
RSS_SAMPLE t=82.6s rss=1732MB hwm=1732MB
RSS_SAMPLE t=82.8s rss=1738MB hwm=1738MB
RSS_SAMPLE t=83.1s rss=1743MB hwm=1743MB
RSS_SAMPLE t=83.3s rss=1748MB hwm=1748MB
RSS_SAMPLE t=83.6s rss=1753MB hwm=1753MB
RSS_SAMPLE t=83.8s rss=1758MB hwm=1758MB
RSS_SAMPLE t=84.1s rss=1765MB hwm=1765MB
RSS_SAMPLE t=84.3s rss=1771MB hwm=1771MB
RSS_SAMPLE t=84.6s rss=1776MB hwm=1776MB
RSS_SAMPLE t=84.8s rss=1782MB hwm=1782MB
RSS_SAMPLE t=85.1s rss=1787MB hwm=1787MB
RSS_SAMPLE t=85.3s rss=1792MB hwm=1792MB
RSS_SAMPLE t=85.6s rss=1798MB hwm=1798MB
RSS_SAMPLE t=85.8s rss=1803MB hwm=1803MB
RSS_SAMPLE t=86.1s rss=1809MB hwm=1809MB
RSS_SAMPLE t=86.3s rss=1815MB hwm=1815MB
RSS_SAMPLE t=86.6s rss=1822MB hwm=1822MB
RSS_SAMPLE t=86.8s rss=1826MB hwm=1826MB
RSS_SAMPLE t=87.1s rss=1833MB hwm=1833MB
RSS_SAMPLE t=87.3s rss=1837MB hwm=1837MB
RSS_SAMPLE t=87.6s rss=1843MB hwm=1843MB
RSS_SAMPLE t=87.8s rss=1848MB hwm=1848MB
RSS_SAMPLE t=88.1s rss=1853MB hwm=1853MB
RSS_SAMPLE t=88.3s rss=1859MB hwm=1859MB
RSS_SAMPLE t=88.6s rss=1863MB hwm=1863MB
RSS_SAMPLE t=88.8s rss=1867MB hwm=1867MB
RSS_SAMPLE t=89.1s rss=1870MB hwm=1870MB
RSS_SAMPLE t=89.3s rss=1874MB hwm=1874MB
RSS_SAMPLE t=89.6s rss=1876MB hwm=1876MB
RSS_SAMPLE t=89.8s rss=1878MB hwm=1878MB
RSS_SAMPLE t=90.1s rss=1879MB hwm=1879MB
RSS_SAMPLE t=90.3s rss=1881MB hwm=1881MB
RSS_SAMPLE t=90.6s rss=1881MB hwm=1881MB
RSS_SAMPLE t=90.8s rss=1882MB hwm=1882MB
RSS_SAMPLE t=91.1s rss=1883MB hwm=1883MB
RSS_SAMPLE t=91.3s rss=1883MB hwm=1883MB
RSS_SAMPLE t=91.6s rss=1884MB hwm=1884MB
RSS_SAMPLE t=91.8s rss=1885MB hwm=1885MB
RSS_SAMPLE t=92.1s rss=1885MB hwm=1885MB
RSS_SAMPLE t=92.3s rss=1885MB hwm=1885MB
RSS_SAMPLE t=92.6s rss=1885MB hwm=1885MB
RSS_SAMPLE t=92.8s rss=1886MB hwm=1886MB
RSS_SAMPLE t=93.1s rss=1886MB hwm=1886MB
RSS_SAMPLE t=93.3s rss=1886MB hwm=1886MB
RSS_SAMPLE t=93.6s rss=1887MB hwm=1887MB
RSS_SAMPLE t=93.8s rss=1887MB hwm=1887MB
RSS_SAMPLE t=94.1s rss=1887MB hwm=1887MB
RSS_SAMPLE t=94.3s rss=1887MB hwm=1887MB
RSS_SAMPLE t=94.6s rss=1888MB hwm=1888MB
RSS_SAMPLE t=94.8s rss=1888MB hwm=1888MB
RSS_SAMPLE t=95.1s rss=1888MB hwm=1888MB
RSS_SAMPLE t=95.3s rss=1889MB hwm=1889MB
RSS_SAMPLE t=95.6s rss=1889MB hwm=1889MB
RSS_SAMPLE t=95.8s rss=1889MB hwm=1889MB
RSS_SAMPLE t=96.1s rss=1889MB hwm=1889MB
RSS_SAMPLE t=96.3s rss=1890MB hwm=1890MB
RSS_SAMPLE t=96.6s rss=1890MB hwm=1890MB
RSS_SAMPLE t=96.8s rss=1890MB hwm=1890MB
RSS_SAMPLE t=97.1s rss=1891MB hwm=1891MB
RSS_SAMPLE t=97.3s rss=1891MB hwm=1891MB
RSS_SAMPLE t=97.6s rss=1891MB hwm=1891MB
RSS_SAMPLE t=97.8s rss=1892MB hwm=1892MB
RSS_SAMPLE t=98.1s rss=1892MB hwm=1892MB
RSS_SAMPLE t=98.3s rss=1892MB hwm=1892MB
RSS_SAMPLE t=98.6s rss=1892MB hwm=1892MB
RSS_SAMPLE t=98.8s rss=1893MB hwm=1893MB
RSS_SAMPLE t=99.1s rss=1893MB hwm=1893MB
RSS_SAMPLE t=99.3s rss=1893MB hwm=1893MB
RSS_SAMPLE t=99.6s rss=1893MB hwm=1893MB
RSS_SAMPLE t=99.8s rss=1894MB hwm=1894MB
RSS_SAMPLE t=100.1s rss=1894MB hwm=1894MB
RSS_SAMPLE t=100.3s rss=1894MB hwm=1894MB
RSS_SAMPLE t=100.6s rss=1894MB hwm=1894MB
RSS_SAMPLE t=100.8s rss=1894MB hwm=1894MB
RSS_SAMPLE t=101.1s rss=1895MB hwm=1895MB
RSS_SAMPLE t=101.3s rss=1895MB hwm=1895MB
RSS_SAMPLE t=101.6s rss=1895MB hwm=1895MB
RSS_SAMPLE t=101.8s rss=1895MB hwm=1895MB
RSS_SAMPLE t=102.1s rss=1896MB hwm=1896MB
RSS_SAMPLE t=102.3s rss=1896MB hwm=1896MB
RSS_SAMPLE t=102.6s rss=1896MB hwm=1896MB
RSS_SAMPLE t=102.8s rss=1896MB hwm=1896MB
RSS_SAMPLE t=103.1s rss=1897MB hwm=1897MB
RSS_SAMPLE t=103.3s rss=1897MB hwm=1897MB
RSS_SAMPLE t=103.6s rss=1897MB hwm=1897MB
RSS_SAMPLE t=103.8s rss=1898MB hwm=1898MB
RSS_SAMPLE t=104.1s rss=1898MB hwm=1898MB
RSS_SAMPLE t=104.3s rss=1899MB hwm=1899MB
RSS_SAMPLE t=104.6s rss=1899MB hwm=1899MB
RSS_SAMPLE t=104.8s rss=1899MB hwm=1899MB
RSS_SAMPLE t=105.1s rss=1899MB hwm=1899MB
RSS_SAMPLE t=105.3s rss=1900MB hwm=1900MB
RSS_SAMPLE t=105.6s rss=1900MB hwm=1900MB
RSS_SAMPLE t=105.8s rss=1900MB hwm=1900MB
RSS_SAMPLE t=106.1s rss=1901MB hwm=1901MB
RSS_SAMPLE t=106.3s rss=1901MB hwm=1901MB
RSS_SAMPLE t=106.6s rss=1901MB hwm=1901MB
RSS_SAMPLE t=106.8s rss=1902MB hwm=1902MB
RSS_SAMPLE t=107.1s rss=1902MB hwm=1902MB
RSS_SAMPLE t=107.3s rss=1902MB hwm=1902MB
RSS_SAMPLE t=107.6s rss=1902MB hwm=1902MB
RSS_SAMPLE t=107.8s rss=1903MB hwm=1903MB
RSS_SAMPLE t=108.1s rss=1903MB hwm=1903MB
RSS_SAMPLE t=108.3s rss=1903MB hwm=1903MB
RSS_SAMPLE t=108.6s rss=1904MB hwm=1904MB
RSS_SAMPLE t=108.8s rss=1904MB hwm=1904MB
RSS_SAMPLE t=109.1s rss=1904MB hwm=1904MB
RSS_SAMPLE t=109.3s rss=1904MB hwm=1904MB
RSS_SAMPLE t=109.6s rss=1905MB hwm=1905MB
RSS_SAMPLE t=109.8s rss=1905MB hwm=1905MB
RSS_SAMPLE t=110.1s rss=1905MB hwm=1905MB
RSS_SAMPLE t=110.3s rss=1905MB hwm=1905MB
    rss_probe[outer=0]: pre_refresh_rss=1067MB post_pre_solve_rss=1905MB cache_entries=42424857 cache_cap=69325648 cache_est_mb=600
    pre_solve_diag[outer=0]: solves=105117 fallback=0 (0.0%) cap_armed=105117 (100.0%) settle_avg=10344 settle_max=69353 init_count=254
  Cell placement by tile type (iter 0, 76660 cells):
    NULL: 31596
    CLB: 27114
    IOB_W: 15019
    CLK_BUFG: 2320
    BRAM: 351
    DSP: 182
    IOB_E: 78
    Overflow: over=0 (0.0% of used) avg_excess=0.00 max_excess=0.00 (nc=0.00 cap=0 span=0)  excess_buckets: <=1=0 1-5=0 5-20=0 >20=0  by_cap: cap1=0 cap2=0 cap3-5=0 cap>5=0  by_span: s1=0 s2-3=0 s4-6=0 s7-12=0 s>12=0  le1_cross: cap1=0 cap2-5=0 cap>5=0
    Congestion: pipes=2562403 used=0 congested(>50%)=0 saturated(>90%)=0 max_util=0.00 avg_util=0.0000
PHASE_MARK outer=0 enter=dcd_sweep rss=1905MB
RSS_SAMPLE t=110.6s rss=1906MB hwm=1906MB
RSS_SAMPLE t=110.8s rss=1906MB hwm=1906MB
RSS_SAMPLE t=111.1s rss=1906MB hwm=1906MB
RSS_SAMPLE t=111.3s rss=1906MB hwm=1906MB
RSS_SAMPLE t=111.6s rss=1906MB hwm=1906MB
RSS_SAMPLE t=111.8s rss=1906MB hwm=1906MB
RSS_SAMPLE t=112.1s rss=1906MB hwm=1906MB
RSS_SAMPLE t=112.3s rss=1907MB hwm=1907MB
RSS_SAMPLE t=112.6s rss=1907MB hwm=1907MB
RSS_SAMPLE t=112.8s rss=1907MB hwm=1907MB
RSS_SAMPLE t=113.1s rss=1907MB hwm=1907MB
RSS_SAMPLE t=113.3s rss=1907MB hwm=1907MB
RSS_SAMPLE t=113.6s rss=1907MB hwm=1907MB
RSS_SAMPLE t=113.8s rss=1908MB hwm=1908MB
RSS_SAMPLE t=114.1s rss=1908MB hwm=1908MB
RSS_SAMPLE t=114.3s rss=1908MB hwm=1908MB
RSS_SAMPLE t=114.6s rss=1908MB hwm=1908MB
RSS_SAMPLE t=114.8s rss=1908MB hwm=1908MB
RSS_SAMPLE t=115.1s rss=1908MB hwm=1908MB
RSS_SAMPLE t=115.3s rss=1908MB hwm=1908MB
RSS_SAMPLE t=115.6s rss=1909MB hwm=1909MB
RSS_SAMPLE t=115.8s rss=1909MB hwm=1909MB
RSS_SAMPLE t=116.1s rss=1909MB hwm=1909MB
RSS_SAMPLE t=116.3s rss=1909MB hwm=1909MB
RSS_SAMPLE t=116.6s rss=1909MB hwm=1909MB
RSS_SAMPLE t=116.8s rss=1909MB hwm=1909MB
RSS_SAMPLE t=117.1s rss=1910MB hwm=1910MB
RSS_SAMPLE t=117.3s rss=1910MB hwm=1910MB
RSS_SAMPLE t=117.6s rss=1910MB hwm=1910MB
RSS_SAMPLE t=117.8s rss=1910MB hwm=1910MB
PHASE_MARK outer=0 leave=dcd_sweep rss=1906MB
PHASE_MARK outer=0 enter=post_refresh rss=1906MB
RSS_SAMPLE t=118.1s rss=1933MB hwm=1933MB
RSS_SAMPLE t=118.3s rss=1941MB hwm=1941MB
RSS_SAMPLE t=118.6s rss=1941MB hwm=1941MB
RSS_SAMPLE t=118.8s rss=1941MB hwm=1941MB
RSS_SAMPLE t=119.1s rss=1941MB hwm=1941MB
RSS_SAMPLE t=119.3s rss=1941MB hwm=1941MB
RSS_SAMPLE t=119.6s rss=1941MB hwm=1941MB
RSS_SAMPLE t=119.8s rss=1941MB hwm=1941MB
RSS_SAMPLE t=120.1s rss=1941MB hwm=1941MB
RSS_SAMPLE t=120.3s rss=1941MB hwm=1941MB
RSS_SAMPLE t=120.6s rss=2029MB hwm=2029MB
RSS_SAMPLE t=120.8s rss=3043MB hwm=3043MB
RSS_SAMPLE t=121.1s rss=3393MB hwm=3393MB
RSS_SAMPLE t=121.3s rss=3582MB hwm=3582MB
RSS_SAMPLE t=121.6s rss=3682MB hwm=3682MB
RSS_SAMPLE t=121.8s rss=3736MB hwm=3736MB
RSS_SAMPLE t=122.1s rss=3765MB hwm=3765MB
RSS_SAMPLE t=122.3s rss=3770MB hwm=3770MB
RSS_SAMPLE t=122.6s rss=3799MB hwm=3799MB
RSS_SAMPLE t=122.8s rss=3816MB hwm=3816MB
RSS_SAMPLE t=123.1s rss=3822MB hwm=3822MB
RSS_SAMPLE t=123.3s rss=3830MB hwm=3830MB
RSS_SAMPLE t=123.6s rss=3848MB hwm=3848MB
RSS_SAMPLE t=123.8s rss=3850MB hwm=3850MB
RSS_SAMPLE t=124.1s rss=3857MB hwm=3857MB
RSS_SAMPLE t=124.3s rss=3867MB hwm=3867MB
RSS_SAMPLE t=124.6s rss=3874MB hwm=3874MB
RSS_SAMPLE t=124.8s rss=3874MB hwm=3874MB
RSS_SAMPLE t=125.1s rss=3878MB hwm=3878MB
RSS_SAMPLE t=125.3s rss=3884MB hwm=3884MB
RSS_SAMPLE t=125.6s rss=3896MB hwm=3896MB
RSS_SAMPLE t=125.8s rss=3900MB hwm=3900MB
RSS_SAMPLE t=126.1s rss=3900MB hwm=3900MB
RSS_SAMPLE t=126.3s rss=3903MB hwm=3903MB
RSS_SAMPLE t=126.6s rss=3904MB hwm=3904MB
RSS_SAMPLE t=126.8s rss=3907MB hwm=3907MB
RSS_SAMPLE t=127.1s rss=3907MB hwm=3907MB
RSS_SAMPLE t=127.3s rss=3907MB hwm=3907MB
RSS_SAMPLE t=127.6s rss=3907MB hwm=3907MB
RSS_SAMPLE t=127.8s rss=3907MB hwm=3907MB
RSS_SAMPLE t=128.1s rss=3907MB hwm=3907MB
RSS_SAMPLE t=128.3s rss=3907MB hwm=3907MB
RSS_SAMPLE t=128.6s rss=3908MB hwm=3908MB
RSS_SAMPLE t=128.8s rss=3908MB hwm=3908MB
RSS_SAMPLE t=129.1s rss=3911MB hwm=3911MB
RSS_SAMPLE t=129.3s rss=3911MB hwm=3911MB
RSS_SAMPLE t=129.6s rss=3911MB hwm=3911MB
RSS_SAMPLE t=129.8s rss=3912MB hwm=3912MB
RSS_SAMPLE t=130.1s rss=3912MB hwm=3912MB
RSS_SAMPLE t=130.3s rss=3912MB hwm=3912MB
RSS_SAMPLE t=130.6s rss=3912MB hwm=3912MB
RSS_SAMPLE t=130.8s rss=3912MB hwm=3912MB
RSS_SAMPLE t=131.1s rss=3913MB hwm=3913MB
RSS_SAMPLE t=131.3s rss=3913MB hwm=3913MB
RSS_SAMPLE t=131.6s rss=3914MB hwm=3914MB
RSS_SAMPLE t=131.9s rss=3915MB hwm=3915MB
RSS_SAMPLE t=132.1s rss=3917MB hwm=3917MB
RSS_SAMPLE t=132.4s rss=3920MB hwm=3920MB
RSS_SAMPLE t=132.6s rss=3920MB hwm=3920MB
RSS_SAMPLE t=132.9s rss=3920MB hwm=3920MB
RSS_SAMPLE t=133.1s rss=3922MB hwm=3922MB
RSS_SAMPLE t=133.4s rss=3922MB hwm=3922MB
RSS_SAMPLE t=133.6s rss=3922MB hwm=3922MB
RSS_SAMPLE t=133.9s rss=3923MB hwm=3923MB
RSS_SAMPLE t=134.1s rss=3923MB hwm=3923MB
RSS_SAMPLE t=134.4s rss=3928MB hwm=3928MB
RSS_SAMPLE t=134.6s rss=3928MB hwm=3928MB
RSS_SAMPLE t=134.9s rss=3929MB hwm=3929MB
RSS_SAMPLE t=135.1s rss=3930MB hwm=3930MB
RSS_SAMPLE t=135.4s rss=3931MB hwm=3931MB
RSS_SAMPLE t=135.6s rss=3932MB hwm=3932MB
RSS_SAMPLE t=135.9s rss=3932MB hwm=3932MB
RSS_SAMPLE t=136.1s rss=3933MB hwm=3933MB
RSS_SAMPLE t=136.4s rss=3934MB hwm=3934MB
RSS_SAMPLE t=136.6s rss=3934MB hwm=3934MB
RSS_SAMPLE t=136.9s rss=3935MB hwm=3935MB
RSS_SAMPLE t=137.1s rss=3937MB hwm=3937MB
RSS_SAMPLE t=137.4s rss=3938MB hwm=3938MB
RSS_SAMPLE t=137.6s rss=3939MB hwm=3939MB
RSS_SAMPLE t=137.9s rss=3939MB hwm=3939MB
RSS_SAMPLE t=138.1s rss=3940MB hwm=3940MB
RSS_SAMPLE t=138.4s rss=3941MB hwm=3941MB
RSS_SAMPLE t=138.6s rss=3941MB hwm=3941MB
RSS_SAMPLE t=138.9s rss=3942MB hwm=3942MB
RSS_SAMPLE t=139.1s rss=3943MB hwm=3943MB
RSS_SAMPLE t=139.4s rss=3943MB hwm=3943MB
RSS_SAMPLE t=139.6s rss=3944MB hwm=3944MB
RSS_SAMPLE t=139.9s rss=3947MB hwm=3947MB
RSS_SAMPLE t=140.1s rss=3948MB hwm=3948MB
RSS_SAMPLE t=140.4s rss=3949MB hwm=3949MB
RSS_SAMPLE t=140.6s rss=3949MB hwm=3949MB
RSS_SAMPLE t=140.9s rss=3950MB hwm=3950MB
RSS_SAMPLE t=141.1s rss=3950MB hwm=3950MB
RSS_SAMPLE t=141.4s rss=3951MB hwm=3951MB
RSS_SAMPLE t=141.6s rss=3951MB hwm=3951MB
RSS_SAMPLE t=141.9s rss=3952MB hwm=3952MB
RSS_SAMPLE t=142.1s rss=3952MB hwm=3952MB
RSS_SAMPLE t=142.4s rss=3953MB hwm=3953MB
RSS_SAMPLE t=142.6s rss=3953MB hwm=3953MB
RSS_SAMPLE t=142.9s rss=3954MB hwm=3954MB
RSS_SAMPLE t=143.1s rss=3955MB hwm=3955MB
RSS_SAMPLE t=143.4s rss=3956MB hwm=3956MB
RSS_SAMPLE t=143.6s rss=3957MB hwm=3957MB
RSS_SAMPLE t=143.9s rss=3957MB hwm=3957MB
RSS_SAMPLE t=144.1s rss=3958MB hwm=3958MB
RSS_SAMPLE t=144.4s rss=3960MB hwm=3960MB
RSS_SAMPLE t=144.6s rss=3960MB hwm=3960MB
RSS_SAMPLE t=144.9s rss=3961MB hwm=3961MB
RSS_SAMPLE t=145.1s rss=3961MB hwm=3961MB
RSS_SAMPLE t=145.4s rss=3962MB hwm=3962MB
RSS_SAMPLE t=145.6s rss=3963MB hwm=3963MB
RSS_SAMPLE t=145.9s rss=3963MB hwm=3963MB
RSS_SAMPLE t=146.1s rss=3965MB hwm=3965MB
RSS_SAMPLE t=146.4s rss=3965MB hwm=3965MB
RSS_SAMPLE t=146.6s rss=3966MB hwm=3966MB
RSS_SAMPLE t=146.9s rss=3966MB hwm=3966MB
RSS_SAMPLE t=147.1s rss=3967MB hwm=3967MB
RSS_SAMPLE t=147.4s rss=3967MB hwm=3967MB
RSS_SAMPLE t=147.6s rss=3968MB hwm=3968MB
RSS_SAMPLE t=147.9s rss=3969MB hwm=3969MB
RSS_SAMPLE t=148.1s rss=3970MB hwm=3970MB
RSS_SAMPLE t=148.4s rss=3970MB hwm=3970MB
RSS_SAMPLE t=148.6s rss=3971MB hwm=3971MB
RSS_SAMPLE t=148.9s rss=3972MB hwm=3972MB
RSS_SAMPLE t=149.1s rss=3973MB hwm=3973MB
RSS_SAMPLE t=149.4s rss=3974MB hwm=3974MB
RSS_SAMPLE t=149.6s rss=3975MB hwm=3975MB
RSS_SAMPLE t=149.9s rss=3975MB hwm=3975MB
RSS_SAMPLE t=150.1s rss=3977MB hwm=3977MB
RSS_SAMPLE t=150.4s rss=3977MB hwm=3977MB
RSS_SAMPLE t=150.6s rss=3978MB hwm=3978MB
RSS_SAMPLE t=150.9s rss=3978MB hwm=3978MB
RSS_SAMPLE t=151.1s rss=3979MB hwm=3979MB
RSS_SAMPLE t=151.4s rss=3979MB hwm=3979MB
RSS_SAMPLE t=151.6s rss=3981MB hwm=3981MB
RSS_SAMPLE t=151.9s rss=3981MB hwm=3981MB
RSS_SAMPLE t=152.1s rss=3982MB hwm=3982MB
RSS_SAMPLE t=152.4s rss=3983MB hwm=3983MB
RSS_SAMPLE t=152.6s rss=3983MB hwm=3983MB
RSS_SAMPLE t=152.9s rss=3985MB hwm=3985MB
RSS_SAMPLE t=153.1s rss=3985MB hwm=3985MB
RSS_SAMPLE t=153.4s rss=3987MB hwm=3987MB
RSS_SAMPLE t=153.6s rss=3987MB hwm=3987MB
RSS_SAMPLE t=153.9s rss=3988MB hwm=3988MB
RSS_SAMPLE t=154.1s rss=3989MB hwm=3989MB
RSS_SAMPLE t=154.4s rss=3990MB hwm=3990MB
RSS_SAMPLE t=154.6s rss=3990MB hwm=3990MB
RSS_SAMPLE t=154.9s rss=3991MB hwm=3991MB
RSS_SAMPLE t=155.1s rss=3991MB hwm=3991MB
RSS_SAMPLE t=155.4s rss=3992MB hwm=3992MB
RSS_SAMPLE t=155.6s rss=3992MB hwm=3992MB
RSS_SAMPLE t=155.9s rss=3993MB hwm=3993MB
RSS_SAMPLE t=156.1s rss=3994MB hwm=3994MB
RSS_SAMPLE t=156.4s rss=3994MB hwm=3994MB
RSS_SAMPLE t=156.6s rss=3995MB hwm=3995MB
RSS_SAMPLE t=156.9s rss=3996MB hwm=3996MB
RSS_SAMPLE t=157.1s rss=3997MB hwm=3997MB
RSS_SAMPLE t=157.4s rss=3997MB hwm=3997MB
RSS_SAMPLE t=157.6s rss=3998MB hwm=3998MB
RSS_SAMPLE t=157.9s rss=3998MB hwm=3998MB
RSS_SAMPLE t=158.1s rss=3998MB hwm=3998MB
RSS_SAMPLE t=158.4s rss=3999MB hwm=3999MB
RSS_SAMPLE t=158.6s rss=4000MB hwm=4000MB
RSS_SAMPLE t=158.9s rss=4001MB hwm=4001MB
RSS_SAMPLE t=159.1s rss=4001MB hwm=4001MB
RSS_SAMPLE t=159.4s rss=4002MB hwm=4002MB
RSS_SAMPLE t=159.6s rss=4002MB hwm=4002MB
RSS_SAMPLE t=159.9s rss=4002MB hwm=4002MB
RSS_SAMPLE t=160.1s rss=4003MB hwm=4003MB
RSS_SAMPLE t=160.4s rss=4003MB hwm=4003MB
RSS_SAMPLE t=160.6s rss=4004MB hwm=4004MB
RSS_SAMPLE t=160.9s rss=4005MB hwm=4005MB
RSS_SAMPLE t=161.1s rss=4005MB hwm=4005MB
RSS_SAMPLE t=161.4s rss=4005MB hwm=4005MB
RSS_SAMPLE t=161.6s rss=4006MB hwm=4006MB
RSS_SAMPLE t=161.9s rss=4006MB hwm=4006MB
RSS_SAMPLE t=162.1s rss=4007MB hwm=4007MB
RSS_SAMPLE t=162.4s rss=4007MB hwm=4007MB
RSS_SAMPLE t=162.6s rss=4008MB hwm=4008MB
RSS_SAMPLE t=162.9s rss=4008MB hwm=4008MB
RSS_SAMPLE t=163.1s rss=4008MB hwm=4008MB
RSS_SAMPLE t=163.4s rss=4009MB hwm=4009MB
RSS_SAMPLE t=163.6s rss=4010MB hwm=4010MB
RSS_SAMPLE t=163.9s rss=4010MB hwm=4010MB
RSS_SAMPLE t=164.1s rss=4011MB hwm=4011MB
RSS_SAMPLE t=164.4s rss=4012MB hwm=4012MB
RSS_SAMPLE t=164.6s rss=4012MB hwm=4012MB
RSS_SAMPLE t=164.9s rss=4013MB hwm=4013MB
RSS_SAMPLE t=165.1s rss=4013MB hwm=4013MB
RSS_SAMPLE t=165.4s rss=4013MB hwm=4013MB
RSS_SAMPLE t=165.6s rss=4014MB hwm=4014MB
RSS_SAMPLE t=165.9s rss=4014MB hwm=4014MB
RSS_SAMPLE t=166.1s rss=4014MB hwm=4014MB
RSS_SAMPLE t=166.4s rss=4015MB hwm=4015MB
RSS_SAMPLE t=166.6s rss=4016MB hwm=4016MB
RSS_SAMPLE t=166.9s rss=4016MB hwm=4016MB
RSS_SAMPLE t=167.1s rss=4017MB hwm=4017MB
RSS_SAMPLE t=167.4s rss=4017MB hwm=4017MB
RSS_SAMPLE t=167.6s rss=4018MB hwm=4018MB
RSS_SAMPLE t=167.9s rss=4018MB hwm=4018MB
RSS_SAMPLE t=168.1s rss=4019MB hwm=4019MB
RSS_SAMPLE t=168.4s rss=4019MB hwm=4019MB
RSS_SAMPLE t=168.6s rss=4020MB hwm=4020MB
RSS_SAMPLE t=168.9s rss=4020MB hwm=4020MB
RSS_SAMPLE t=169.1s rss=4020MB hwm=4020MB
RSS_SAMPLE t=169.4s rss=4021MB hwm=4021MB
RSS_SAMPLE t=169.6s rss=4022MB hwm=4022MB
RSS_SAMPLE t=169.9s rss=4022MB hwm=4022MB
RSS_SAMPLE t=170.1s rss=4023MB hwm=4023MB
RSS_SAMPLE t=170.4s rss=4023MB hwm=4023MB
RSS_SAMPLE t=170.6s rss=4024MB hwm=4024MB
RSS_SAMPLE t=170.9s rss=4025MB hwm=4025MB
RSS_SAMPLE t=171.1s rss=4025MB hwm=4025MB
RSS_SAMPLE t=171.4s rss=4025MB hwm=4025MB
RSS_SAMPLE t=171.6s rss=4026MB hwm=4026MB
RSS_SAMPLE t=171.9s rss=4026MB hwm=4026MB
RSS_SAMPLE t=172.1s rss=4027MB hwm=4027MB
RSS_SAMPLE t=172.4s rss=4028MB hwm=4028MB
RSS_SAMPLE t=172.6s rss=4029MB hwm=4029MB
RSS_SAMPLE t=172.9s rss=4029MB hwm=4029MB
RSS_SAMPLE t=173.1s rss=4029MB hwm=4029MB
RSS_SAMPLE t=173.4s rss=4030MB hwm=4030MB
RSS_SAMPLE t=173.6s rss=4031MB hwm=4031MB
RSS_SAMPLE t=173.9s rss=4032MB hwm=4032MB
RSS_SAMPLE t=174.1s rss=4033MB hwm=4033MB
RSS_SAMPLE t=174.4s rss=4033MB hwm=4033MB
RSS_SAMPLE t=174.6s rss=4034MB hwm=4034MB
RSS_SAMPLE t=174.9s rss=4034MB hwm=4034MB
RSS_SAMPLE t=175.1s rss=4035MB hwm=4035MB
RSS_SAMPLE t=175.4s rss=4035MB hwm=4035MB
RSS_SAMPLE t=175.6s rss=4036MB hwm=4036MB
RSS_SAMPLE t=175.9s rss=4036MB hwm=4036MB
RSS_SAMPLE t=176.2s rss=4037MB hwm=4037MB
RSS_SAMPLE t=176.4s rss=4038MB hwm=4038MB
RSS_SAMPLE t=176.7s rss=4039MB hwm=4039MB
RSS_SAMPLE t=176.9s rss=4040MB hwm=4040MB
RSS_SAMPLE t=177.2s rss=4041MB hwm=4041MB
RSS_SAMPLE t=177.4s rss=4041MB hwm=4041MB
RSS_SAMPLE t=177.7s rss=4042MB hwm=4042MB
RSS_SAMPLE t=177.9s rss=4043MB hwm=4043MB
RSS_SAMPLE t=178.2s rss=4044MB hwm=4044MB
RSS_SAMPLE t=178.4s rss=4045MB hwm=4045MB
RSS_SAMPLE t=178.7s rss=4045MB hwm=4045MB
RSS_SAMPLE t=178.9s rss=4046MB hwm=4046MB
RSS_SAMPLE t=179.2s rss=4046MB hwm=4046MB
RSS_SAMPLE t=179.4s rss=4047MB hwm=4047MB
RSS_SAMPLE t=179.7s rss=4047MB hwm=4047MB
RSS_SAMPLE t=179.9s rss=4048MB hwm=4048MB
RSS_SAMPLE t=180.2s rss=4049MB hwm=4049MB
RSS_SAMPLE t=180.4s rss=4049MB hwm=4049MB
RSS_SAMPLE t=180.7s rss=4050MB hwm=4050MB
RSS_SAMPLE t=180.9s rss=4050MB hwm=4050MB
RSS_SAMPLE t=181.2s rss=4051MB hwm=4051MB
RSS_SAMPLE t=181.4s rss=4052MB hwm=4052MB
RSS_SAMPLE t=181.7s rss=4053MB hwm=4053MB
RSS_SAMPLE t=181.9s rss=4053MB hwm=4053MB
RSS_SAMPLE t=182.2s rss=4053MB hwm=4053MB
RSS_SAMPLE t=182.4s rss=4054MB hwm=4054MB
RSS_SAMPLE t=182.7s rss=4054MB hwm=4054MB
RSS_SAMPLE t=182.9s rss=4054MB hwm=4054MB
RSS_SAMPLE t=183.2s rss=4054MB hwm=4054MB
RSS_SAMPLE t=183.4s rss=4054MB hwm=4054MB
RSS_SAMPLE t=183.7s rss=4054MB hwm=4054MB
RSS_SAMPLE t=183.9s rss=4054MB hwm=4054MB
RSS_SAMPLE t=184.2s rss=4054MB hwm=4054MB
RSS_SAMPLE t=184.4s rss=4054MB hwm=4054MB
RSS_SAMPLE t=184.7s rss=4054MB hwm=4054MB
RSS_SAMPLE t=184.9s rss=4054MB hwm=4054MB
RSS_SAMPLE t=185.2s rss=4054MB hwm=4054MB
RSS_SAMPLE t=185.4s rss=4054MB hwm=4054MB
RSS_SAMPLE t=185.7s rss=4054MB hwm=4054MB
RSS_SAMPLE t=185.9s rss=4054MB hwm=4054MB
RSS_SAMPLE t=186.2s rss=4054MB hwm=4054MB
RSS_SAMPLE t=186.4s rss=4054MB hwm=4054MB
RSS_SAMPLE t=186.7s rss=4054MB hwm=4054MB
RSS_SAMPLE t=186.9s rss=4055MB hwm=4055MB
RSS_SAMPLE t=187.2s rss=4055MB hwm=4055MB
RSS_SAMPLE t=187.4s rss=4055MB hwm=4055MB
RSS_SAMPLE t=187.7s rss=4055MB hwm=4055MB
RSS_SAMPLE t=187.9s rss=4055MB hwm=4055MB
RSS_SAMPLE t=188.2s rss=4055MB hwm=4055MB
RSS_SAMPLE t=188.4s rss=4055MB hwm=4055MB
RSS_SAMPLE t=188.7s rss=4055MB hwm=4055MB
RSS_SAMPLE t=188.9s rss=4055MB hwm=4055MB
RSS_SAMPLE t=189.2s rss=4055MB hwm=4055MB
RSS_SAMPLE t=189.4s rss=4056MB hwm=4056MB
RSS_SAMPLE t=189.7s rss=4056MB hwm=4056MB
RSS_SAMPLE t=189.9s rss=4056MB hwm=4056MB
RSS_SAMPLE t=190.2s rss=4056MB hwm=4056MB
RSS_SAMPLE t=190.4s rss=4056MB hwm=4056MB
RSS_SAMPLE t=190.7s rss=4056MB hwm=4056MB
RSS_SAMPLE t=190.9s rss=4056MB hwm=4056MB
RSS_SAMPLE t=191.2s rss=4056MB hwm=4056MB
RSS_SAMPLE t=191.4s rss=4056MB hwm=4056MB
RSS_SAMPLE t=191.7s rss=4056MB hwm=4056MB
RSS_SAMPLE t=191.9s rss=4056MB hwm=4056MB
RSS_SAMPLE t=192.2s rss=4056MB hwm=4056MB
RSS_SAMPLE t=192.4s rss=4056MB hwm=4056MB
RSS_SAMPLE t=192.7s rss=4056MB hwm=4056MB
RSS_SAMPLE t=192.9s rss=4056MB hwm=4056MB
RSS_SAMPLE t=193.2s rss=4056MB hwm=4056MB
RSS_SAMPLE t=193.4s rss=4056MB hwm=4056MB
RSS_SAMPLE t=193.7s rss=4056MB hwm=4056MB
RSS_SAMPLE t=193.9s rss=4056MB hwm=4056MB
RSS_SAMPLE t=194.2s rss=4057MB hwm=4057MB
RSS_SAMPLE t=194.4s rss=4057MB hwm=4057MB
RSS_SAMPLE t=194.7s rss=4057MB hwm=4057MB
RSS_SAMPLE t=194.9s rss=4057MB hwm=4057MB
RSS_SAMPLE t=195.2s rss=4057MB hwm=4057MB
RSS_SAMPLE t=195.4s rss=4057MB hwm=4057MB
RSS_SAMPLE t=195.7s rss=4057MB hwm=4057MB
RSS_SAMPLE t=195.9s rss=4057MB hwm=4057MB
RSS_SAMPLE t=196.2s rss=4057MB hwm=4057MB
RSS_SAMPLE t=196.4s rss=4057MB hwm=4057MB
RSS_SAMPLE t=196.7s rss=4057MB hwm=4057MB
RSS_SAMPLE t=196.9s rss=4057MB hwm=4057MB
RSS_SAMPLE t=197.2s rss=4057MB hwm=4057MB
RSS_SAMPLE t=197.4s rss=4057MB hwm=4057MB
RSS_SAMPLE t=197.7s rss=4057MB hwm=4057MB
RSS_SAMPLE t=197.9s rss=4057MB hwm=4057MB
RSS_SAMPLE t=198.2s rss=4057MB hwm=4057MB
RSS_SAMPLE t=198.4s rss=4057MB hwm=4057MB
RSS_SAMPLE t=198.7s rss=4057MB hwm=4057MB
RSS_SAMPLE t=198.9s rss=4057MB hwm=4057MB
RSS_SAMPLE t=199.2s rss=4057MB hwm=4057MB
RSS_SAMPLE t=199.4s rss=4057MB hwm=4057MB
RSS_SAMPLE t=199.7s rss=4058MB hwm=4058MB
RSS_SAMPLE t=199.9s rss=4058MB hwm=4058MB
RSS_SAMPLE t=200.2s rss=4058MB hwm=4058MB
RSS_SAMPLE t=200.4s rss=4058MB hwm=4058MB
RSS_SAMPLE t=200.7s rss=4058MB hwm=4058MB
RSS_SAMPLE t=200.9s rss=4058MB hwm=4058MB
RSS_SAMPLE t=201.2s rss=4058MB hwm=4058MB
RSS_SAMPLE t=201.4s rss=4058MB hwm=4058MB
RSS_SAMPLE t=201.7s rss=4058MB hwm=4058MB
RSS_SAMPLE t=201.9s rss=4058MB hwm=4058MB
RSS_SAMPLE t=202.2s rss=4058MB hwm=4058MB
RSS_SAMPLE t=202.4s rss=4058MB hwm=4058MB
RSS_SAMPLE t=202.7s rss=4058MB hwm=4058MB
RSS_SAMPLE t=202.9s rss=4059MB hwm=4059MB
RSS_SAMPLE t=203.2s rss=4059MB hwm=4059MB
RSS_SAMPLE t=203.4s rss=4059MB hwm=4059MB
RSS_SAMPLE t=203.7s rss=4059MB hwm=4059MB
RSS_SAMPLE t=203.9s rss=4059MB hwm=4059MB
RSS_SAMPLE t=204.2s rss=4059MB hwm=4059MB
RSS_SAMPLE t=204.4s rss=4059MB hwm=4059MB
RSS_SAMPLE t=204.7s rss=4059MB hwm=4059MB
RSS_SAMPLE t=204.9s rss=4059MB hwm=4059MB
RSS_SAMPLE t=205.2s rss=4059MB hwm=4059MB
RSS_SAMPLE t=205.4s rss=4059MB hwm=4059MB
RSS_SAMPLE t=205.7s rss=4059MB hwm=4059MB
RSS_SAMPLE t=205.9s rss=4059MB hwm=4059MB
RSS_SAMPLE t=206.2s rss=4059MB hwm=4059MB
RSS_SAMPLE t=206.4s rss=4059MB hwm=4059MB
RSS_SAMPLE t=206.7s rss=4059MB hwm=4059MB
RSS_SAMPLE t=206.9s rss=4059MB hwm=4059MB
RSS_SAMPLE t=207.2s rss=4079MB hwm=4079MB
MEM_POOL: workspaces=32 dense_usage_mb=1251 n_pipes=2562403
RSS_SAMPLE t=207.4s rss=4080MB hwm=4080MB
RSS_SAMPLE t=207.7s rss=4081MB hwm=4081MB
RSS_SAMPLE t=207.9s rss=4081MB hwm=4081MB
RSS_SAMPLE t=208.2s rss=4082MB hwm=4082MB
RSS_SAMPLE t=208.4s rss=4082MB hwm=4082MB
RSS_SAMPLE t=208.7s rss=4082MB hwm=4082MB
RSS_SAMPLE t=208.9s rss=4082MB hwm=4082MB
RSS_SAMPLE t=209.2s rss=4083MB hwm=4083MB
RSS_SAMPLE t=209.4s rss=4083MB hwm=4083MB
RSS_SAMPLE t=209.7s rss=4083MB hwm=4083MB
RSS_SAMPLE t=209.9s rss=4084MB hwm=4084MB
RSS_SAMPLE t=210.2s rss=4084MB hwm=4084MB
RSS_SAMPLE t=210.4s rss=4085MB hwm=4085MB
RSS_SAMPLE t=210.7s rss=4085MB hwm=4085MB
RSS_SAMPLE t=210.9s rss=4085MB hwm=4085MB
RSS_SAMPLE t=211.2s rss=4086MB hwm=4086MB
RSS_SAMPLE t=211.4s rss=4086MB hwm=4086MB
RSS_SAMPLE t=211.7s rss=4087MB hwm=4087MB
RSS_SAMPLE t=211.9s rss=4087MB hwm=4087MB
RSS_SAMPLE t=212.2s rss=4087MB hwm=4087MB
RSS_SAMPLE t=212.4s rss=4088MB hwm=4088MB
RSS_SAMPLE t=212.7s rss=4088MB hwm=4088MB
RSS_SAMPLE t=212.9s rss=4088MB hwm=4088MB
RSS_SAMPLE t=213.2s rss=4089MB hwm=4089MB
RSS_SAMPLE t=213.4s rss=4089MB hwm=4089MB
RSS_SAMPLE t=213.7s rss=4090MB hwm=4090MB
RSS_SAMPLE t=213.9s rss=4090MB hwm=4090MB
RSS_SAMPLE t=214.2s rss=4091MB hwm=4091MB
RSS_SAMPLE t=214.4s rss=4091MB hwm=4091MB
RSS_SAMPLE t=214.7s rss=4092MB hwm=4092MB
RSS_SAMPLE t=214.9s rss=4092MB hwm=4092MB
RSS_SAMPLE t=215.2s rss=4093MB hwm=4093MB
RSS_SAMPLE t=215.4s rss=4093MB hwm=4093MB
RSS_SAMPLE t=215.7s rss=4094MB hwm=4094MB
RSS_SAMPLE t=215.9s rss=4094MB hwm=4094MB
RSS_SAMPLE t=216.2s rss=4095MB hwm=4095MB
RSS_SAMPLE t=216.4s rss=4095MB hwm=4095MB
RSS_SAMPLE t=216.7s rss=4096MB hwm=4096MB
RSS_SAMPLE t=216.9s rss=4096MB hwm=4096MB
RSS_SAMPLE t=217.2s rss=4097MB hwm=4097MB
RSS_SAMPLE t=217.4s rss=4097MB hwm=4097MB
RSS_SAMPLE t=217.7s rss=4097MB hwm=4097MB
RSS_SAMPLE t=217.9s rss=4097MB hwm=4097MB
RSS_SAMPLE t=218.2s rss=4098MB hwm=4098MB
RSS_SAMPLE t=218.4s rss=4098MB hwm=4098MB
RSS_SAMPLE t=218.7s rss=4099MB hwm=4099MB
RSS_SAMPLE t=218.9s rss=4099MB hwm=4099MB
RSS_SAMPLE t=219.2s rss=4100MB hwm=4100MB
RSS_SAMPLE t=219.4s rss=4100MB hwm=4100MB
RSS_SAMPLE t=219.7s rss=4101MB hwm=4101MB
RSS_SAMPLE t=219.9s rss=4101MB hwm=4101MB
RSS_SAMPLE t=220.2s rss=4101MB hwm=4101MB
RSS_SAMPLE t=220.4s rss=4102MB hwm=4102MB
RSS_SAMPLE t=220.7s rss=4102MB hwm=4102MB
RSS_SAMPLE t=220.9s rss=4103MB hwm=4103MB
RSS_SAMPLE t=221.2s rss=4103MB hwm=4103MB
RSS_SAMPLE t=221.4s rss=4104MB hwm=4104MB
RSS_SAMPLE t=221.7s rss=4104MB hwm=4104MB
RSS_SAMPLE t=221.9s rss=4104MB hwm=4104MB
RSS_SAMPLE t=222.2s rss=4105MB hwm=4105MB
RSS_SAMPLE t=222.4s rss=4105MB hwm=4105MB
RSS_SAMPLE t=222.7s rss=4106MB hwm=4106MB
RSS_SAMPLE t=222.9s rss=4107MB hwm=4107MB
RSS_SAMPLE t=223.2s rss=4108MB hwm=4108MB
RSS_SAMPLE t=223.4s rss=4108MB hwm=4108MB
RSS_SAMPLE t=223.7s rss=4108MB hwm=4108MB
RSS_SAMPLE t=223.9s rss=4108MB hwm=4108MB
RSS_SAMPLE t=224.2s rss=4109MB hwm=4109MB
RSS_SAMPLE t=224.4s rss=4110MB hwm=4110MB
RSS_SAMPLE t=224.7s rss=4110MB hwm=4110MB
RSS_SAMPLE t=224.9s rss=4111MB hwm=4111MB
RSS_SAMPLE t=225.2s rss=4111MB hwm=4111MB
RSS_SAMPLE t=225.4s rss=4112MB hwm=4112MB
RSS_SAMPLE t=225.7s rss=4112MB hwm=4112MB
RSS_SAMPLE t=225.9s rss=4113MB hwm=4113MB
RSS_SAMPLE t=226.2s rss=4113MB hwm=4113MB
RSS_SAMPLE t=226.4s rss=4114MB hwm=4114MB
RSS_SAMPLE t=226.7s rss=4114MB hwm=4114MB
RSS_SAMPLE t=226.9s rss=4115MB hwm=4115MB
RSS_SAMPLE t=227.2s rss=4116MB hwm=4116MB
RSS_SAMPLE t=227.5s rss=4116MB hwm=4116MB
RSS_SAMPLE t=227.7s rss=4117MB hwm=4117MB
RSS_SAMPLE t=228.0s rss=4117MB hwm=4117MB
RSS_SAMPLE t=228.2s rss=4118MB hwm=4118MB
RSS_SAMPLE t=228.5s rss=4118MB hwm=4118MB
RSS_SAMPLE t=228.7s rss=4119MB hwm=4119MB
RSS_SAMPLE t=229.0s rss=4119MB hwm=4119MB
RSS_SAMPLE t=229.2s rss=4120MB hwm=4120MB
RSS_SAMPLE t=229.5s rss=4120MB hwm=4120MB
RSS_SAMPLE t=229.7s rss=4120MB hwm=4120MB
RSS_SAMPLE t=230.0s rss=4121MB hwm=4121MB
RSS_SAMPLE t=230.2s rss=4122MB hwm=4122MB
RSS_SAMPLE t=230.5s rss=4122MB hwm=4122MB
RSS_SAMPLE t=230.7s rss=4122MB hwm=4122MB
RSS_SAMPLE t=231.0s rss=4123MB hwm=4123MB
RSS_SAMPLE t=231.2s rss=4123MB hwm=4123MB
RSS_SAMPLE t=231.5s rss=4124MB hwm=4124MB
RSS_SAMPLE t=231.7s rss=4124MB hwm=4124MB
RSS_SAMPLE t=232.0s rss=4124MB hwm=4124MB
RSS_SAMPLE t=232.2s rss=4124MB hwm=4124MB
RSS_SAMPLE t=232.5s rss=4124MB hwm=4124MB
RSS_SAMPLE t=232.7s rss=4125MB hwm=4125MB
RSS_SAMPLE t=233.0s rss=4125MB hwm=4125MB
RSS_SAMPLE t=233.2s rss=4125MB hwm=4125MB
RSS_SAMPLE t=233.5s rss=4125MB hwm=4125MB
RSS_SAMPLE t=233.7s rss=4125MB hwm=4125MB
RSS_SAMPLE t=234.0s rss=4126MB hwm=4126MB
RSS_SAMPLE t=234.2s rss=4126MB hwm=4126MB
RSS_SAMPLE t=234.5s rss=4126MB hwm=4126MB
RSS_SAMPLE t=234.7s rss=4126MB hwm=4126MB
RSS_SAMPLE t=235.0s rss=4126MB hwm=4126MB
RSS_SAMPLE t=235.2s rss=4127MB hwm=4127MB
RSS_SAMPLE t=235.5s rss=4127MB hwm=4127MB
RSS_SAMPLE t=235.7s rss=4128MB hwm=4128MB
RSS_SAMPLE t=236.0s rss=4128MB hwm=4128MB
RSS_SAMPLE t=236.2s rss=4128MB hwm=4128MB
RSS_SAMPLE t=236.5s rss=4128MB hwm=4128MB
RSS_SAMPLE t=236.7s rss=4128MB hwm=4128MB
RSS_SAMPLE t=237.0s rss=4128MB hwm=4128MB
RSS_SAMPLE t=237.2s rss=4128MB hwm=4128MB
RSS_SAMPLE t=237.5s rss=4129MB hwm=4129MB
RSS_SAMPLE t=237.7s rss=4129MB hwm=4129MB
RSS_SAMPLE t=238.0s rss=4129MB hwm=4129MB
RSS_SAMPLE t=238.2s rss=4129MB hwm=4129MB
RSS_SAMPLE t=238.5s rss=4129MB hwm=4129MB
RSS_SAMPLE t=238.7s rss=4129MB hwm=4129MB
RSS_SAMPLE t=239.0s rss=4130MB hwm=4130MB
RSS_SAMPLE t=239.2s rss=4130MB hwm=4130MB
RSS_SAMPLE t=239.5s rss=4130MB hwm=4130MB
RSS_SAMPLE t=239.7s rss=4130MB hwm=4130MB
RSS_SAMPLE t=240.0s rss=4131MB hwm=4131MB
RSS_SAMPLE t=240.2s rss=4131MB hwm=4131MB
RSS_SAMPLE t=240.5s rss=4131MB hwm=4131MB
RSS_SAMPLE t=240.7s rss=4132MB hwm=4132MB
RSS_SAMPLE t=241.0s rss=4132MB hwm=4132MB
RSS_SAMPLE t=241.2s rss=4132MB hwm=4132MB
RSS_SAMPLE t=241.5s rss=4132MB hwm=4132MB
RSS_SAMPLE t=241.7s rss=4132MB hwm=4132MB
RSS_SAMPLE t=242.0s rss=4133MB hwm=4133MB
RSS_SAMPLE t=242.2s rss=4133MB hwm=4133MB
RSS_SAMPLE t=242.5s rss=4133MB hwm=4133MB
RSS_SAMPLE t=242.7s rss=4133MB hwm=4133MB
RSS_SAMPLE t=243.0s rss=4134MB hwm=4134MB
RSS_SAMPLE t=243.2s rss=4134MB hwm=4134MB
RSS_SAMPLE t=243.5s rss=4134MB hwm=4134MB
RSS_SAMPLE t=243.7s rss=4134MB hwm=4134MB
RSS_SAMPLE t=244.0s rss=4135MB hwm=4135MB
RSS_SAMPLE t=244.2s rss=4135MB hwm=4135MB
RSS_SAMPLE t=244.5s rss=4135MB hwm=4135MB
RSS_SAMPLE t=244.7s rss=4135MB hwm=4135MB
RSS_SAMPLE t=245.0s rss=4135MB hwm=4135MB
RSS_SAMPLE t=245.2s rss=4135MB hwm=4135MB
RSS_SAMPLE t=245.5s rss=4136MB hwm=4136MB
RSS_SAMPLE t=245.7s rss=4136MB hwm=4136MB
RSS_SAMPLE t=246.0s rss=4136MB hwm=4136MB
RSS_SAMPLE t=246.2s rss=4136MB hwm=4136MB
RSS_SAMPLE t=246.5s rss=4136MB hwm=4136MB
RSS_SAMPLE t=246.7s rss=4136MB hwm=4136MB
RSS_SAMPLE t=247.0s rss=4137MB hwm=4137MB
RSS_SAMPLE t=247.2s rss=4137MB hwm=4137MB
RSS_SAMPLE t=247.5s rss=4137MB hwm=4137MB
RSS_SAMPLE t=247.7s rss=4137MB hwm=4137MB
RSS_SAMPLE t=248.0s rss=4137MB hwm=4137MB
RSS_SAMPLE t=248.3s rss=4137MB hwm=4137MB
RSS_SAMPLE t=248.5s rss=4138MB hwm=4138MB
RSS_SAMPLE t=248.8s rss=4138MB hwm=4138MB
RSS_SAMPLE t=249.0s rss=4138MB hwm=4138MB
RSS_SAMPLE t=249.3s rss=4138MB hwm=4138MB
RSS_SAMPLE t=249.5s rss=4138MB hwm=4138MB
RSS_SAMPLE t=249.8s rss=4138MB hwm=4138MB
RSS_SAMPLE t=250.0s rss=4138MB hwm=4138MB
RSS_SAMPLE t=250.3s rss=4138MB hwm=4138MB
RSS_SAMPLE t=250.5s rss=4138MB hwm=4138MB
RSS_SAMPLE t=250.8s rss=4138MB hwm=4138MB
RSS_SAMPLE t=251.0s rss=4139MB hwm=4139MB
RSS_SAMPLE t=251.3s rss=4139MB hwm=4139MB
RSS_SAMPLE t=251.5s rss=4139MB hwm=4139MB
RSS_SAMPLE t=251.8s rss=4139MB hwm=4139MB
RSS_SAMPLE t=252.0s rss=4139MB hwm=4139MB
RSS_SAMPLE t=252.3s rss=4139MB hwm=4139MB
RSS_SAMPLE t=252.5s rss=4139MB hwm=4139MB
RSS_SAMPLE t=252.8s rss=4140MB hwm=4140MB
RSS_SAMPLE t=253.0s rss=4140MB hwm=4140MB
RSS_SAMPLE t=253.3s rss=4140MB hwm=4140MB
RSS_SAMPLE t=253.5s rss=4141MB hwm=4141MB
RSS_SAMPLE t=253.8s rss=4141MB hwm=4141MB
RSS_SAMPLE t=254.0s rss=4141MB hwm=4141MB
RSS_SAMPLE t=254.3s rss=4141MB hwm=4141MB
RSS_SAMPLE t=254.5s rss=4141MB hwm=4141MB
RSS_SAMPLE t=254.8s rss=4141MB hwm=4141MB
RSS_SAMPLE t=255.0s rss=4142MB hwm=4142MB
RSS_SAMPLE t=255.3s rss=4142MB hwm=4142MB
RSS_SAMPLE t=255.5s rss=4142MB hwm=4142MB
RSS_SAMPLE t=255.8s rss=4142MB hwm=4142MB
RSS_SAMPLE t=256.0s rss=4142MB hwm=4142MB
RSS_SAMPLE t=256.3s rss=4142MB hwm=4142MB
RSS_SAMPLE t=256.5s rss=4142MB hwm=4142MB
RSS_SAMPLE t=256.8s rss=4142MB hwm=4142MB
RSS_SAMPLE t=257.0s rss=4142MB hwm=4142MB
RSS_SAMPLE t=257.3s rss=4143MB hwm=4143MB
RSS_SAMPLE t=257.5s rss=4143MB hwm=4143MB
RSS_SAMPLE t=257.8s rss=4143MB hwm=4143MB
RSS_SAMPLE t=258.0s rss=4143MB hwm=4143MB
RSS_SAMPLE t=258.3s rss=4143MB hwm=4143MB
RSS_SAMPLE t=258.5s rss=4143MB hwm=4143MB
RSS_SAMPLE t=258.8s rss=4143MB hwm=4143MB
RSS_SAMPLE t=259.0s rss=4143MB hwm=4143MB
RSS_SAMPLE t=259.3s rss=4143MB hwm=4143MB
RSS_SAMPLE t=259.5s rss=4144MB hwm=4144MB
RSS_SAMPLE t=259.8s rss=4144MB hwm=4144MB
RSS_SAMPLE t=260.0s rss=4144MB hwm=4144MB
RSS_SAMPLE t=260.3s rss=4144MB hwm=4144MB
RSS_SAMPLE t=260.5s rss=4144MB hwm=4144MB
RSS_SAMPLE t=260.8s rss=4144MB hwm=4144MB
RSS_SAMPLE t=261.0s rss=4144MB hwm=4144MB
RSS_SAMPLE t=261.3s rss=4144MB hwm=4144MB
RSS_SAMPLE t=261.5s rss=4144MB hwm=4144MB
RSS_SAMPLE t=261.8s rss=4144MB hwm=4144MB
RSS_SAMPLE t=262.0s rss=4144MB hwm=4144MB
RSS_SAMPLE t=262.3s rss=4144MB hwm=4144MB
RSS_SAMPLE t=262.5s rss=4145MB hwm=4145MB
RSS_SAMPLE t=262.8s rss=4145MB hwm=4145MB
RSS_SAMPLE t=263.0s rss=4145MB hwm=4145MB
RSS_SAMPLE t=263.3s rss=4145MB hwm=4145MB
RSS_SAMPLE t=263.5s rss=4145MB hwm=4145MB
RSS_SAMPLE t=263.8s rss=4145MB hwm=4145MB
RSS_SAMPLE t=264.0s rss=4145MB hwm=4145MB
RSS_SAMPLE t=264.3s rss=4146MB hwm=4146MB
RSS_SAMPLE t=264.5s rss=4146MB hwm=4146MB
RSS_SAMPLE t=264.8s rss=4146MB hwm=4146MB
RSS_SAMPLE t=265.0s rss=4146MB hwm=4146MB
RSS_SAMPLE t=265.3s rss=4146MB hwm=4146MB
RSS_SAMPLE t=265.5s rss=4146MB hwm=4146MB
RSS_SAMPLE t=265.8s rss=4146MB hwm=4146MB
RSS_SAMPLE t=266.0s rss=4147MB hwm=4147MB
RSS_SAMPLE t=266.3s rss=4147MB hwm=4147MB
RSS_SAMPLE t=266.5s rss=4147MB hwm=4147MB
RSS_SAMPLE t=266.8s rss=4147MB hwm=4147MB
RSS_SAMPLE t=267.0s rss=4147MB hwm=4147MB
RSS_SAMPLE t=267.3s rss=4148MB hwm=4148MB
RSS_SAMPLE t=267.5s rss=4148MB hwm=4148MB
RSS_SAMPLE t=267.8s rss=4148MB hwm=4148MB
RSS_SAMPLE t=268.0s rss=4148MB hwm=4148MB
RSS_SAMPLE t=268.3s rss=4148MB hwm=4148MB
RSS_SAMPLE t=268.5s rss=4148MB hwm=4148MB
RSS_SAMPLE t=268.8s rss=4148MB hwm=4148MB
RSS_SAMPLE t=269.0s rss=4148MB hwm=4148MB
RSS_SAMPLE t=269.3s rss=4148MB hwm=4148MB
RSS_SAMPLE t=269.5s rss=4148MB hwm=4148MB
RSS_SAMPLE t=269.8s rss=4148MB hwm=4148MB
RSS_SAMPLE t=270.0s rss=4148MB hwm=4148MB
RSS_SAMPLE t=270.3s rss=4148MB hwm=4148MB
RSS_SAMPLE t=270.5s rss=4148MB hwm=4148MB
RSS_SAMPLE t=270.8s rss=4148MB hwm=4148MB
RSS_SAMPLE t=271.0s rss=4148MB hwm=4148MB
RSS_SAMPLE t=271.3s rss=4148MB hwm=4148MB
RSS_SAMPLE t=271.5s rss=4148MB hwm=4148MB
RSS_SAMPLE t=271.8s rss=4148MB hwm=4148MB
RSS_SAMPLE t=272.0s rss=4148MB hwm=4148MB
RSS_SAMPLE t=272.3s rss=4148MB hwm=4148MB
RSS_SAMPLE t=272.5s rss=4148MB hwm=4148MB
RSS_SAMPLE t=272.8s rss=4148MB hwm=4148MB
RSS_SAMPLE t=273.0s rss=4148MB hwm=4148MB
RSS_SAMPLE t=273.3s rss=4148MB hwm=4148MB
RSS_SAMPLE t=273.5s rss=4148MB hwm=4148MB
RSS_SAMPLE t=273.8s rss=4148MB hwm=4148MB
RSS_SAMPLE t=274.0s rss=4148MB hwm=4148MB
RSS_SAMPLE t=274.3s rss=4148MB hwm=4148MB
RSS_SAMPLE t=274.5s rss=4148MB hwm=4148MB
RSS_SAMPLE t=274.8s rss=4148MB hwm=4148MB
RSS_SAMPLE t=275.0s rss=4148MB hwm=4148MB
RSS_SAMPLE t=275.3s rss=4148MB hwm=4148MB
RSS_SAMPLE t=275.5s rss=4148MB hwm=4148MB
RSS_SAMPLE t=275.8s rss=4148MB hwm=4148MB
RSS_SAMPLE t=276.0s rss=4148MB hwm=4148MB
RSS_SAMPLE t=276.3s rss=4148MB hwm=4148MB
RSS_SAMPLE t=276.5s rss=4148MB hwm=4148MB
RSS_SAMPLE t=276.8s rss=4148MB hwm=4148MB
RSS_SAMPLE t=277.0s rss=4148MB hwm=4148MB
RSS_SAMPLE t=277.3s rss=4148MB hwm=4148MB
RSS_SAMPLE t=277.5s rss=4148MB hwm=4148MB
RSS_SAMPLE t=277.8s rss=4148MB hwm=4148MB
RSS_SAMPLE t=278.0s rss=4148MB hwm=4148MB
RSS_SAMPLE t=278.3s rss=4148MB hwm=4148MB
RSS_SAMPLE t=278.5s rss=4148MB hwm=4148MB
RSS_SAMPLE t=278.8s rss=4148MB hwm=4148MB
RSS_SAMPLE t=279.0s rss=4148MB hwm=4148MB
RSS_SAMPLE t=279.3s rss=4148MB hwm=4148MB
RSS_SAMPLE t=279.5s rss=4148MB hwm=4148MB
RSS_SAMPLE t=279.8s rss=4148MB hwm=4148MB
RSS_SAMPLE t=280.0s rss=4148MB hwm=4148MB
RSS_SAMPLE t=280.3s rss=4148MB hwm=4148MB
RSS_SAMPLE t=280.5s rss=4148MB hwm=4148MB
RSS_SAMPLE t=280.8s rss=4148MB hwm=4148MB
RSS_SAMPLE t=281.0s rss=4148MB hwm=4148MB
RSS_SAMPLE t=281.3s rss=4148MB hwm=4148MB
RSS_SAMPLE t=281.5s rss=4148MB hwm=4148MB
RSS_SAMPLE t=281.8s rss=4148MB hwm=4148MB
RSS_SAMPLE t=282.0s rss=4148MB hwm=4148MB
RSS_SAMPLE t=282.3s rss=4148MB hwm=4148MB
RSS_SAMPLE t=282.5s rss=4148MB hwm=4148MB
RSS_SAMPLE t=282.8s rss=4148MB hwm=4148MB
RSS_SAMPLE t=283.0s rss=4148MB hwm=4148MB
RSS_SAMPLE t=283.3s rss=4148MB hwm=4148MB
RSS_SAMPLE t=283.5s rss=4148MB hwm=4148MB
RSS_SAMPLE t=283.8s rss=4148MB hwm=4148MB
RSS_SAMPLE t=284.0s rss=4148MB hwm=4148MB
RSS_SAMPLE t=284.3s rss=4148MB hwm=4148MB
RSS_SAMPLE t=284.5s rss=4148MB hwm=4148MB
RSS_SAMPLE t=284.8s rss=4148MB hwm=4148MB
RSS_SAMPLE t=285.0s rss=4148MB hwm=4148MB
RSS_SAMPLE t=285.3s rss=4148MB hwm=4148MB
RSS_SAMPLE t=285.5s rss=4148MB hwm=4148MB
RSS_SAMPLE t=285.8s rss=4148MB hwm=4148MB
RSS_SAMPLE t=286.0s rss=4148MB hwm=4148MB
RSS_SAMPLE t=286.3s rss=4148MB hwm=4148MB
RSS_SAMPLE t=286.5s rss=4148MB hwm=4148MB
RSS_SAMPLE t=286.8s rss=4148MB hwm=4148MB
RSS_SAMPLE t=287.0s rss=4148MB hwm=4148MB
RSS_SAMPLE t=287.3s rss=4148MB hwm=4148MB
RSS_SAMPLE t=287.5s rss=4148MB hwm=4148MB
RSS_SAMPLE t=287.8s rss=4148MB hwm=4148MB
RSS_SAMPLE t=288.0s rss=4148MB hwm=4148MB
RSS_SAMPLE t=288.3s rss=4148MB hwm=4148MB
RSS_SAMPLE t=288.5s rss=4148MB hwm=4148MB
RSS_SAMPLE t=288.8s rss=4148MB hwm=4148MB
RSS_SAMPLE t=289.0s rss=4148MB hwm=4148MB
RSS_SAMPLE t=289.3s rss=4148MB hwm=4148MB
RSS_SAMPLE t=289.5s rss=4148MB hwm=4148MB
RSS_SAMPLE t=289.8s rss=4148MB hwm=4148MB
RSS_SAMPLE t=290.0s rss=4148MB hwm=4148MB
RSS_SAMPLE t=290.3s rss=4148MB hwm=4148MB
RSS_SAMPLE t=290.5s rss=4148MB hwm=4148MB
RSS_SAMPLE t=290.8s rss=4148MB hwm=4148MB
RSS_SAMPLE t=291.0s rss=4148MB hwm=4148MB
RSS_SAMPLE t=291.3s rss=4148MB hwm=4148MB
RSS_SAMPLE t=291.5s rss=4148MB hwm=4148MB
RSS_SAMPLE t=291.8s rss=4148MB hwm=4148MB
RSS_SAMPLE t=292.0s rss=4148MB hwm=4148MB
RSS_SAMPLE t=292.3s rss=4148MB hwm=4148MB
RSS_SAMPLE t=292.5s rss=4148MB hwm=4148MB
RSS_SAMPLE t=292.8s rss=4148MB hwm=4148MB
RSS_SAMPLE t=293.0s rss=4148MB hwm=4148MB
RSS_SAMPLE t=293.3s rss=4148MB hwm=4148MB
RSS_SAMPLE t=293.5s rss=4148MB hwm=4148MB
RSS_SAMPLE t=293.8s rss=4148MB hwm=4148MB
RSS_SAMPLE t=294.0s rss=4148MB hwm=4148MB
RSS_SAMPLE t=294.3s rss=4148MB hwm=4148MB
RSS_SAMPLE t=294.5s rss=4148MB hwm=4148MB
MEM_POOL: workspaces=32 dense_usage_mb=1251 n_pipes=2562403
    strata[outer=0]: REFRESH slow=60236 fast=44881 slow_energy=2351981.4
    post_solve_diag[outer=0]: solves=105117 cap_armed=105117 (100.0%) settle_avg=9914 above_sink_avg=225 (2.3%) settle_max=69353
    settle_hist[outer=0]: <100: 26051nets/0.1%work  <1k: 19451nets/0.6%work  <5k: 24659nets/6.3%work  <20k: 14305nets/15.0%work  <60k: 18013nets/61.1%work  >=60k: 2638nets/16.8%work
    fanout_hist[outer=0]: fan1: 43710nets/15.0%work  fan2-4: 48279nets/50.3%work  fan5-16: 12974nets/33.9%work  fan17-64: 154nets/0.8%work  fan65-256: 0nets/0.0%work  fan>256: 0nets/0.0%work
    rss_probe[outer=0]: pre_post_solve=1941MB post_post_solve=4168MB after_apply=4168MB
MuxSlotTracker[sweep 0 LEAK]: populated_cells=59659, overflow_tiles=3, at_cap_tiles=1782, peak_excess=10, capacity_hist={16:67346}
RSS_SAMPLE t=294.8s rss=4152MB hwm=4164MB
    E_decomp: base=21372751.6 eff=22464555.0 cong=1091803.4 cong_share=4.9% sat_pipes=354851 max_util=1934.55  R_buckets: 1-2x=2562403 2-10x=0 10-100x=0 >=100x=0
    E_potential: beckmann=231085855416845.5 history_total=0.0
    SpanCache: epoch=1 entries=110 lookups=2562403 hits=2562293 misses=110 hit_rate=100.0%
  DCD   0: nets=105117 line=17512180 energy=4791461.413 dE=+0.000 friction=15053125.1 bins=2.7x(1230) excess=679.6 moved=59495 disp=inf solves=210234 skip=0 pops=2129446308 theta=0.250 refresh=226199ms dcd=7627ms total=236402ms
    cache_stats: entries=50941168 capacity=85611736 est_mb=740 rss_mb=4152
RSS_SAMPLE t=295.0s rss=4153MB hwm=4164MB
RSS_SAMPLE t=295.3s rss=4153MB hwm=4164MB
RSS_SAMPLE t=295.5s rss=4153MB hwm=4164MB
RSS_SAMPLE t=295.8s rss=4153MB hwm=4164MB
RSS_SAMPLE t=296.0s rss=4153MB hwm=4164MB
RSS_SAMPLE t=296.3s rss=4153MB hwm=4164MB
RSS_SAMPLE t=296.5s rss=4153MB hwm=4164MB
RSS_SAMPLE t=296.8s rss=4153MB hwm=4164MB
RSS_SAMPLE t=297.0s rss=4153MB hwm=4164MB
RSS_SAMPLE t=297.3s rss=4153MB hwm=4164MB
    SwitchMatrix: type_usage_pairs=1428 lookups=4264 hits=2836 dijkstra_calls=1428 avg_us=13.2 total_ms=18.8
PHASE_MARK outer=1 enter=pre_solve rss=4153MB
    rss_probe[outer=1]: pre_refresh_rss=4153MB post_pre_solve_rss=4153MB cache_entries=50941168 cache_cap=85611736 cache_est_mb=740
    pre_solve_diag[outer=1]: solves=0 fallback=0 (0.0%) cap_armed=0 (0.0%) settle_avg=0 settle_max=0 init_count=254
    Overflow: over=316269 (12.3% of used) avg_excess=5.82 max_excess=2690.87 (nc=2714.87 cap=24 span=1)  excess_buckets: <=1=110181 1-5=119827 5-20=66367 >20=19894  by_cap: cap1=136364 cap2=109755 cap3-5=612 cap>5=69538  by_span: s1=3761 s2-3=7126 s4-6=33243 s7-12=128865 s>12=143274  le1_cross: cap1=69068 cap2-5=34342 cap>5=6771
    Congestion: pipes=2562403 used=2562403 congested(>50%)=683724 saturated(>90%)=354851 max_util=1934.55 avg_util=0.5938
PHASE_MARK outer=1 enter=dcd_sweep rss=4153MB
RSS_SAMPLE t=297.5s rss=4153MB hwm=4164MB
RSS_SAMPLE t=297.8s rss=4153MB hwm=4164MB
RSS_SAMPLE t=298.0s rss=4153MB hwm=4164MB
RSS_SAMPLE t=298.3s rss=4153MB hwm=4164MB
RSS_SAMPLE t=298.6s rss=4153MB hwm=4164MB
RSS_SAMPLE t=298.8s rss=4153MB hwm=4164MB
RSS_SAMPLE t=299.1s rss=4153MB hwm=4164MB
RSS_SAMPLE t=299.3s rss=4153MB hwm=4164MB
RSS_SAMPLE t=299.6s rss=4153MB hwm=4164MB
RSS_SAMPLE t=299.8s rss=4153MB hwm=4164MB
RSS_SAMPLE t=300.1s rss=4153MB hwm=4164MB
RSS_SAMPLE t=300.3s rss=4153MB hwm=4164MB
RSS_SAMPLE t=300.6s rss=4153MB hwm=4164MB
RSS_SAMPLE t=300.8s rss=4153MB hwm=4164MB
RSS_SAMPLE t=301.1s rss=4153MB hwm=4164MB
RSS_SAMPLE t=301.3s rss=4153MB hwm=4164MB
RSS_SAMPLE t=301.6s rss=4153MB hwm=4164MB
RSS_SAMPLE t=301.8s rss=4153MB hwm=4164MB
RSS_SAMPLE t=302.1s rss=4153MB hwm=4164MB
RSS_SAMPLE t=302.3s rss=4153MB hwm=4164MB
RSS_SAMPLE t=302.6s rss=4153MB hwm=4164MB
RSS_SAMPLE t=302.8s rss=4153MB hwm=4164MB
RSS_SAMPLE t=303.1s rss=4153MB hwm=4164MB
RSS_SAMPLE t=303.3s rss=4153MB hwm=4164MB
RSS_SAMPLE t=303.6s rss=4153MB hwm=4164MB
RSS_SAMPLE t=303.8s rss=4153MB hwm=4164MB
RSS_SAMPLE t=304.1s rss=4153MB hwm=4164MB
RSS_SAMPLE t=304.3s rss=4153MB hwm=4164MB
RSS_SAMPLE t=304.6s rss=4153MB hwm=4164MB
RSS_SAMPLE t=304.8s rss=4153MB hwm=4164MB
RSS_SAMPLE t=305.1s rss=4153MB hwm=4164MB
PHASE_MARK outer=1 leave=dcd_sweep rss=4153MB
PHASE_MARK outer=1 enter=post_refresh rss=4153MB
RSS_SAMPLE t=305.3s rss=4163MB hwm=4164MB
RSS_SAMPLE t=305.6s rss=4163MB hwm=4164MB
RSS_SAMPLE t=305.8s rss=4163MB hwm=4164MB
RSS_SAMPLE t=306.1s rss=4163MB hwm=4164MB
RSS_SAMPLE t=306.3s rss=4163MB hwm=4164MB
RSS_SAMPLE t=306.6s rss=4163MB hwm=4164MB
RSS_SAMPLE t=306.8s rss=4163MB hwm=4164MB
RSS_SAMPLE t=307.1s rss=4163MB hwm=4164MB
RSS_SAMPLE t=307.3s rss=4163MB hwm=4164MB
RSS_SAMPLE t=307.6s rss=4163MB hwm=4164MB
MEM_POOL: workspaces=32 dense_usage_mb=1251 n_pipes=2562403
    strata[outer=1]: carry slow_energy=2351981.4
    post_solve_diag[outer=1]: solves=46909 cap_armed=46867 (99.9%) settle_avg=130 above_sink_avg=24 (18.3%) settle_max=1650
    settle_hist[outer=1]: <100: 29502nets/10.5%work  <1k: 17180nets/85.2%work  <5k: 227nets/4.3%work  <20k: 0nets/0.0%work  <60k: 0nets/0.0%work  >=60k: 0nets/0.0%work
    fanout_hist[outer=1]: fan1: 30660nets/48.5%work  fan2-4: 15560nets/48.3%work  fan5-16: 689nets/3.2%work  fan17-64: 0nets/0.0%work  fan65-256: 0nets/0.0%work  fan>256: 0nets/0.0%work
    rss_probe[outer=1]: pre_post_solve=4163MB post_post_solve=4183MB after_apply=4183MB
MuxSlotTracker[sweep 1 LEAK]: populated_cells=64150, overflow_tiles=1, at_cap_tiles=1128, peak_excess=3, capacity_hist={16:67346}
RSS_SAMPLE t=307.8s rss=4184MB hwm=4184MB
    E_decomp: base=21480688.9 eff=1439257621962105.8 cong=1439257600481416.8 cong_share=100.0% sat_pipes=354937 max_util=1783.80  R_buckets: 1-2x=128366 2-10x=4692 10-100x=2244 >=100x=2427101
    E_potential: beckmann=164027228728798.6 history_total=0.0
    SpanCache: epoch=2 entries=4264 lookups=2562403 hits=2558139 misses=4264 hit_rate=99.8%
  DCD   1: nets=105117 line=17058878 energy=84900281682.515 dE=+84895490221.102 friction=14352818.6 bins=2.0x(1090) excess=427.6 moved=63943 disp=14.031 solves=46909 skip=105117 pops=6110322 theta=0.455 refresh=2673ms dcd=7773ms total=12989ms
    cache_stats: entries=48203655 capacity=82348078 est_mb=712 rss_mb=4184
RSS_SAMPLE t=308.1s rss=4184MB hwm=4184MB
RSS_SAMPLE t=308.3s rss=4184MB hwm=4184MB
RSS_SAMPLE t=308.6s rss=4184MB hwm=4184MB
RSS_SAMPLE t=308.8s rss=4184MB hwm=4184MB
RSS_SAMPLE t=309.1s rss=4184MB hwm=4184MB
RSS_SAMPLE t=309.3s rss=4184MB hwm=4184MB
RSS_SAMPLE t=309.6s rss=4184MB hwm=4184MB
RSS_SAMPLE t=309.8s rss=4184MB hwm=4184MB
RSS_SAMPLE t=310.1s rss=4184MB hwm=4184MB
RSS_SAMPLE t=310.3s rss=4184MB hwm=4184MB
    SwitchMatrix: type_usage_pairs=1516 lookups=4457 hits=2941 dijkstra_calls=1516 avg_us=12.7 total_ms=19.3
PHASE_MARK outer=2 enter=pre_solve rss=4184MB
    rss_probe[outer=2]: pre_refresh_rss=4184MB post_pre_solve_rss=4197MB cache_entries=48203655 cache_cap=82348078 cache_est_mb=712
    pre_solve_diag[outer=2]: solves=0 fallback=0 (0.0%) cap_armed=0 (0.0%) settle_avg=0 settle_max=0 init_count=239
    Overflow: over=316103 (12.3% of used) avg_excess=5.90 max_excess=3166.06 (nc=3190.06 cap=24 span=1)  excess_buckets: <=1=109872 1-5=119546 5-20=66687 >20=19998  by_cap: cap1=135764 cap2=110296 cap3-5=613 cap>5=69430  by_span: s1=3800 s2-3=7359 s4-6=33114 s7-12=129312 s>12=142518  le1_cross: cap1=69123 cap2-5=33991 cap>5=6758
    Congestion: pipes=2562403 used=2562403 congested(>50%)=684865 saturated(>90%)=354937 max_util=1783.80 avg_util=0.5981
PHASE_MARK outer=2 enter=dcd_sweep rss=4197MB
RSS_SAMPLE t=310.6s rss=4198MB hwm=4198MB
RSS_SAMPLE t=310.8s rss=4198MB hwm=4198MB
RSS_SAMPLE t=311.1s rss=4198MB hwm=4198MB
RSS_SAMPLE t=311.3s rss=4198MB hwm=4198MB
RSS_SAMPLE t=311.6s rss=4198MB hwm=4198MB
RSS_SAMPLE t=311.8s rss=4198MB hwm=4198MB
RSS_SAMPLE t=312.1s rss=4198MB hwm=4198MB
RSS_SAMPLE t=312.3s rss=4199MB hwm=4199MB
RSS_SAMPLE t=312.6s rss=4199MB hwm=4199MB
RSS_SAMPLE t=312.8s rss=4199MB hwm=4199MB
RSS_SAMPLE t=313.1s rss=4199MB hwm=4199MB
RSS_SAMPLE t=313.3s rss=4199MB hwm=4199MB
RSS_SAMPLE t=313.6s rss=4199MB hwm=4199MB
RSS_SAMPLE t=313.8s rss=4200MB hwm=4200MB
RSS_SAMPLE t=314.1s rss=4200MB hwm=4200MB
RSS_SAMPLE t=314.3s rss=4200MB hwm=4200MB
RSS_SAMPLE t=314.6s rss=4200MB hwm=4200MB
RSS_SAMPLE t=314.8s rss=4200MB hwm=4200MB
RSS_SAMPLE t=315.1s rss=4200MB hwm=4200MB
RSS_SAMPLE t=315.3s rss=4200MB hwm=4200MB
RSS_SAMPLE t=315.6s rss=4201MB hwm=4201MB
RSS_SAMPLE t=315.8s rss=4201MB hwm=4201MB
RSS_SAMPLE t=316.1s rss=4201MB hwm=4201MB
RSS_SAMPLE t=316.3s rss=4201MB hwm=4201MB
RSS_SAMPLE t=316.6s rss=4201MB hwm=4201MB
RSS_SAMPLE t=316.8s rss=4201MB hwm=4201MB
RSS_SAMPLE t=317.1s rss=4202MB hwm=4202MB
RSS_SAMPLE t=317.3s rss=4202MB hwm=4202MB
RSS_SAMPLE t=317.6s rss=4202MB hwm=4202MB
RSS_SAMPLE t=317.8s rss=4202MB hwm=4202MB
PHASE_MARK outer=2 leave=dcd_sweep rss=4202MB
PHASE_MARK outer=2 enter=post_refresh rss=4202MB
RSS_SAMPLE t=318.1s rss=4206MB hwm=4206MB
RSS_SAMPLE t=318.3s rss=4206MB hwm=4206MB
RSS_SAMPLE t=318.6s rss=4206MB hwm=4206MB
RSS_SAMPLE t=318.8s rss=4206MB hwm=4206MB
RSS_SAMPLE t=319.1s rss=4206MB hwm=4206MB
RSS_SAMPLE t=319.3s rss=4206MB hwm=4206MB
RSS_SAMPLE t=319.6s rss=4206MB hwm=4206MB
RSS_SAMPLE t=319.8s rss=4206MB hwm=4206MB
RSS_SAMPLE t=320.1s rss=4206MB hwm=4206MB
RSS_SAMPLE t=320.3s rss=4206MB hwm=4206MB
RSS_SAMPLE t=320.6s rss=4206MB hwm=4206MB
MEM_POOL: workspaces=32 dense_usage_mb=1251 n_pipes=2562403
    strata[outer=2]: carry slow_energy=2351981.4
    post_solve_diag[outer=2]: solves=47144 cap_armed=47116 (99.9%) settle_avg=108 above_sink_avg=14 (12.8%) settle_max=1625
    settle_hist[outer=2]: <100: 32347nets/13.2%work  <1k: 14658nets/83.7%work  <5k: 139nets/3.1%work  <20k: 0nets/0.0%work  <60k: 0nets/0.0%work  >=60k: 0nets/0.0%work
    fanout_hist[outer=2]: fan1: 30708nets/47.6%work  fan2-4: 15726nets/48.6%work  fan5-16: 710nets/3.8%work  fan17-64: 0nets/0.0%work  fan65-256: 0nets/0.0%work  fan>256: 0nets/0.0%work
    rss_probe[outer=2]: pre_post_solve=4206MB post_post_solve=4206MB after_apply=4206MB
    E_decomp: base=21569562.5 eff=1149270561239618.0 cong=1149270539670055.5 cong_share=100.0% sat_pipes=355078 max_util=1708.43  R_buckets: 1-2x=128657 2-10x=3372 10-100x=2792 >=100x=2427582
    E_potential: beckmann=137278030122467.7 history_total=0.0
    SpanCache: epoch=3 entries=4457 lookups=2562403 hits=2557946 misses=4457 hit_rate=99.8%
  DCD   2: nets=105117 line=17132731 energy=90799819269.935 dE=+5899537587.421 friction=13632903.8 bins=2.0x(1053) excess=363.3 moved=63396 disp=4.131 solves=47144 skip=105117 pops=5097654 theta=0.829 refresh=2720ms dcd=7608ms total=12928ms
    cache_stats: entries=47259949 capacity=80918056 est_mb=699 rss_mb=4207
RSS_SAMPLE t=320.8s rss=4207MB hwm=4207MB
RSS_SAMPLE t=321.1s rss=4207MB hwm=4207MB
RSS_SAMPLE t=321.3s rss=4207MB hwm=4207MB
RSS_SAMPLE t=321.6s rss=4207MB hwm=4207MB
RSS_SAMPLE t=321.8s rss=4207MB hwm=4207MB
RSS_SAMPLE t=322.1s rss=4207MB hwm=4207MB
RSS_SAMPLE t=322.3s rss=4207MB hwm=4207MB
RSS_SAMPLE t=322.6s rss=4207MB hwm=4207MB
RSS_SAMPLE t=322.8s rss=4207MB hwm=4207MB
RSS_SAMPLE t=323.1s rss=4207MB hwm=4207MB
RSS_SAMPLE t=323.3s rss=4207MB hwm=4207MB
    SwitchMatrix: type_usage_pairs=1550 lookups=4492 hits=2942 dijkstra_calls=1550 avg_us=13.1 total_ms=20.3
PHASE_MARK outer=3 enter=pre_solve rss=4207MB
    rss_probe[outer=3]: pre_refresh_rss=4207MB post_pre_solve_rss=4207MB cache_entries=47259949 cache_cap=80918056 cache_est_mb=699
    pre_solve_diag[outer=3]: solves=0 fallback=0 (0.0%) cap_armed=0 (0.0%) settle_avg=0 settle_max=0 init_count=254
    Overflow: over=316168 (12.3% of used) avg_excess=5.95 max_excess=3373.84 (nc=3397.84 cap=24 span=1)  excess_buckets: <=1=109816 1-5=119234 5-20=66954 >20=20164  by_cap: cap1=135477 cap2=110554 cap3-5=613 cap>5=69524  by_span: s1=3764 s2-3=7634 s4-6=33039 s7-12=129547 s>12=142184  le1_cross: cap1=69185 cap2-5=33877 cap>5=6754
    Congestion: pipes=2562403 used=2562403 congested(>50%)=685894 saturated(>90%)=355078 max_util=1708.43 avg_util=0.5983
PHASE_MARK outer=3 enter=dcd_sweep rss=4207MB
RSS_SAMPLE t=323.6s rss=4207MB hwm=4207MB
RSS_SAMPLE t=323.8s rss=4207MB hwm=4207MB
RSS_SAMPLE t=324.1s rss=4207MB hwm=4207MB
RSS_SAMPLE t=324.3s rss=4207MB hwm=4207MB
RSS_SAMPLE t=324.6s rss=4207MB hwm=4207MB
RSS_SAMPLE t=324.8s rss=4207MB hwm=4207MB
RSS_SAMPLE t=325.1s rss=4207MB hwm=4207MB
RSS_SAMPLE t=325.3s rss=4207MB hwm=4207MB
RSS_SAMPLE t=325.6s rss=4207MB hwm=4207MB
RSS_SAMPLE t=325.8s rss=4207MB hwm=4207MB
RSS_SAMPLE t=326.1s rss=4207MB hwm=4207MB
RSS_SAMPLE t=326.3s rss=4207MB hwm=4207MB
RSS_SAMPLE t=326.6s rss=4207MB hwm=4207MB
RSS_SAMPLE t=326.8s rss=4207MB hwm=4207MB
RSS_SAMPLE t=327.1s rss=4207MB hwm=4207MB
RSS_SAMPLE t=327.3s rss=4207MB hwm=4207MB
RSS_SAMPLE t=327.6s rss=4207MB hwm=4207MB
RSS_SAMPLE t=327.8s rss=4207MB hwm=4207MB
RSS_SAMPLE t=328.1s rss=4207MB hwm=4207MB
RSS_SAMPLE t=328.3s rss=4207MB hwm=4207MB
RSS_SAMPLE t=328.6s rss=4207MB hwm=4207MB
RSS_SAMPLE t=328.8s rss=4207MB hwm=4207MB
RSS_SAMPLE t=329.1s rss=4207MB hwm=4207MB
RSS_SAMPLE t=329.3s rss=4207MB hwm=4207MB
RSS_SAMPLE t=329.6s rss=4207MB hwm=4207MB
RSS_SAMPLE t=329.8s rss=4207MB hwm=4207MB
RSS_SAMPLE t=330.1s rss=4207MB hwm=4207MB
RSS_SAMPLE t=330.3s rss=4207MB hwm=4207MB
RSS_SAMPLE t=330.6s rss=4207MB hwm=4207MB
RSS_SAMPLE t=330.8s rss=4207MB hwm=4207MB
PHASE_MARK outer=3 leave=dcd_sweep rss=4207MB
PHASE_MARK outer=3 enter=post_refresh rss=4207MB
RSS_SAMPLE t=331.1s rss=4210MB hwm=4210MB
RSS_SAMPLE t=331.3s rss=4210MB hwm=4210MB
RSS_SAMPLE t=331.6s rss=4210MB hwm=4210MB
RSS_SAMPLE t=331.8s rss=4210MB hwm=4210MB
RSS_SAMPLE t=332.1s rss=4210MB hwm=4210MB
RSS_SAMPLE t=332.3s rss=4210MB hwm=4210MB
RSS_SAMPLE t=332.6s rss=4210MB hwm=4210MB
RSS_SAMPLE t=332.8s rss=4210MB hwm=4210MB
RSS_SAMPLE t=333.1s rss=4210MB hwm=4210MB
RSS_SAMPLE t=333.3s rss=4210MB hwm=4210MB
RSS_SAMPLE t=333.6s rss=4210MB hwm=4210MB
RSS_SAMPLE t=333.8s rss=4268MB hwm=4268MB
RSS_SAMPLE t=334.1s rss=4277MB hwm=4277MB
RSS_SAMPLE t=334.3s rss=4284MB hwm=4284MB
RSS_SAMPLE t=334.6s rss=4292MB hwm=4292MB
RSS_SAMPLE t=334.8s rss=4295MB hwm=4295MB
RSS_SAMPLE t=335.1s rss=4297MB hwm=4297MB
RSS_SAMPLE t=335.3s rss=4297MB hwm=4297MB
RSS_SAMPLE t=335.6s rss=4298MB hwm=4298MB
RSS_SAMPLE t=335.8s rss=4298MB hwm=4298MB
RSS_SAMPLE t=336.1s rss=4299MB hwm=4299MB
RSS_SAMPLE t=336.3s rss=4299MB hwm=4299MB
RSS_SAMPLE t=336.6s rss=4300MB hwm=4300MB
RSS_SAMPLE t=336.8s rss=4300MB hwm=4300MB
RSS_SAMPLE t=337.1s rss=4300MB hwm=4300MB
RSS_SAMPLE t=337.3s rss=4300MB hwm=4300MB
RSS_SAMPLE t=337.6s rss=4300MB hwm=4300MB
RSS_SAMPLE t=337.8s rss=4300MB hwm=4300MB
RSS_SAMPLE t=338.1s rss=4300MB hwm=4300MB
RSS_SAMPLE t=338.3s rss=4300MB hwm=4300MB
RSS_SAMPLE t=338.6s rss=4301MB hwm=4301MB
RSS_SAMPLE t=338.8s rss=4301MB hwm=4301MB
RSS_SAMPLE t=339.1s rss=4301MB hwm=4301MB
RSS_SAMPLE t=339.3s rss=4301MB hwm=4301MB
RSS_SAMPLE t=339.6s rss=4301MB hwm=4301MB
RSS_SAMPLE t=339.8s rss=4301MB hwm=4301MB
RSS_SAMPLE t=340.1s rss=4301MB hwm=4301MB
RSS_SAMPLE t=340.3s rss=4301MB hwm=4301MB
RSS_SAMPLE t=340.6s rss=4301MB hwm=4301MB
RSS_SAMPLE t=340.8s rss=4302MB hwm=4302MB
RSS_SAMPLE t=341.1s rss=4302MB hwm=4302MB
RSS_SAMPLE t=341.3s rss=4303MB hwm=4303MB
RSS_SAMPLE t=341.6s rss=4303MB hwm=4303MB
RSS_SAMPLE t=341.8s rss=4303MB hwm=4303MB
RSS_SAMPLE t=342.1s rss=4303MB hwm=4303MB
RSS_SAMPLE t=342.3s rss=4303MB hwm=4303MB
RSS_SAMPLE t=342.6s rss=4303MB hwm=4303MB
RSS_SAMPLE t=342.8s rss=4303MB hwm=4303MB
RSS_SAMPLE t=343.1s rss=4304MB hwm=4304MB
RSS_SAMPLE t=343.3s rss=4304MB hwm=4304MB
RSS_SAMPLE t=343.6s rss=4304MB hwm=4304MB
RSS_SAMPLE t=343.8s rss=4304MB hwm=4304MB
RSS_SAMPLE t=344.1s rss=4304MB hwm=4304MB
RSS_SAMPLE t=344.3s rss=4305MB hwm=4305MB
RSS_SAMPLE t=344.6s rss=4305MB hwm=4305MB
RSS_SAMPLE t=344.8s rss=4305MB hwm=4305MB
RSS_SAMPLE t=345.1s rss=4305MB hwm=4305MB
RSS_SAMPLE t=345.3s rss=4305MB hwm=4305MB
RSS_SAMPLE t=345.6s rss=4305MB hwm=4305MB
RSS_SAMPLE t=345.8s rss=4305MB hwm=4305MB
RSS_SAMPLE t=346.1s rss=4305MB hwm=4305MB
RSS_SAMPLE t=346.3s rss=4305MB hwm=4305MB
RSS_SAMPLE t=346.6s rss=4306MB hwm=4306MB
RSS_SAMPLE t=346.8s rss=4306MB hwm=4306MB
RSS_SAMPLE t=347.1s rss=4306MB hwm=4306MB
RSS_SAMPLE t=347.3s rss=4306MB hwm=4306MB
RSS_SAMPLE t=347.6s rss=4307MB hwm=4307MB
RSS_SAMPLE t=347.8s rss=4307MB hwm=4307MB
RSS_SAMPLE t=348.1s rss=4307MB hwm=4307MB
RSS_SAMPLE t=348.3s rss=4307MB hwm=4307MB
RSS_SAMPLE t=348.6s rss=4307MB hwm=4307MB
RSS_SAMPLE t=348.8s rss=4307MB hwm=4307MB
RSS_SAMPLE t=349.1s rss=4307MB hwm=4307MB
RSS_SAMPLE t=349.3s rss=4307MB hwm=4307MB
RSS_SAMPLE t=349.6s rss=4307MB hwm=4307MB
RSS_SAMPLE t=349.8s rss=4308MB hwm=4308MB
RSS_SAMPLE t=350.1s rss=4308MB hwm=4308MB
RSS_SAMPLE t=350.3s rss=4308MB hwm=4308MB
RSS_SAMPLE t=350.6s rss=4308MB hwm=4308MB
RSS_SAMPLE t=350.8s rss=4308MB hwm=4308MB
RSS_SAMPLE t=351.1s rss=4308MB hwm=4308MB
RSS_SAMPLE t=351.3s rss=4308MB hwm=4308MB
RSS_SAMPLE t=351.6s rss=4308MB hwm=4308MB
RSS_SAMPLE t=351.8s rss=4308MB hwm=4308MB
RSS_SAMPLE t=352.1s rss=4308MB hwm=4308MB
RSS_SAMPLE t=352.3s rss=4308MB hwm=4308MB
RSS_SAMPLE t=352.6s rss=4308MB hwm=4308MB
RSS_SAMPLE t=352.8s rss=4308MB hwm=4308MB
RSS_SAMPLE t=353.1s rss=4308MB hwm=4308MB
RSS_SAMPLE t=353.4s rss=4308MB hwm=4308MB
RSS_SAMPLE t=353.6s rss=4308MB hwm=4308MB
RSS_SAMPLE t=353.9s rss=4308MB hwm=4308MB
RSS_SAMPLE t=354.1s rss=4308MB hwm=4308MB
RSS_SAMPLE t=354.4s rss=4308MB hwm=4308MB
RSS_SAMPLE t=354.6s rss=4308MB hwm=4308MB
RSS_SAMPLE t=354.9s rss=4309MB hwm=4309MB
RSS_SAMPLE t=355.1s rss=4309MB hwm=4309MB
RSS_SAMPLE t=355.4s rss=4309MB hwm=4309MB
RSS_SAMPLE t=355.6s rss=4309MB hwm=4309MB
RSS_SAMPLE t=355.9s rss=4309MB hwm=4309MB
RSS_SAMPLE t=356.1s rss=4309MB hwm=4309MB
RSS_SAMPLE t=356.4s rss=4309MB hwm=4309MB
RSS_SAMPLE t=356.6s rss=4309MB hwm=4309MB
RSS_SAMPLE t=356.9s rss=4309MB hwm=4309MB
RSS_SAMPLE t=357.1s rss=4309MB hwm=4309MB
RSS_SAMPLE t=357.4s rss=4309MB hwm=4309MB
RSS_SAMPLE t=357.6s rss=4309MB hwm=4309MB
RSS_SAMPLE t=357.9s rss=4309MB hwm=4309MB
RSS_SAMPLE t=358.1s rss=4309MB hwm=4309MB
RSS_SAMPLE t=358.4s rss=4310MB hwm=4310MB
RSS_SAMPLE t=358.6s rss=4310MB hwm=4310MB
RSS_SAMPLE t=358.9s rss=4310MB hwm=4310MB
RSS_SAMPLE t=359.1s rss=4310MB hwm=4310MB
RSS_SAMPLE t=359.4s rss=4310MB hwm=4310MB
RSS_SAMPLE t=359.6s rss=4310MB hwm=4310MB
RSS_SAMPLE t=359.9s rss=4311MB hwm=4311MB
RSS_SAMPLE t=360.1s rss=4311MB hwm=4311MB
RSS_SAMPLE t=360.4s rss=4311MB hwm=4311MB
RSS_SAMPLE t=360.6s rss=4311MB hwm=4311MB
RSS_SAMPLE t=360.9s rss=4311MB hwm=4311MB
RSS_SAMPLE t=361.1s rss=4311MB hwm=4311MB
RSS_SAMPLE t=361.4s rss=4311MB hwm=4311MB
RSS_SAMPLE t=361.6s rss=4311MB hwm=4311MB
RSS_SAMPLE t=361.9s rss=4311MB hwm=4311MB
RSS_SAMPLE t=362.1s rss=4312MB hwm=4312MB
RSS_SAMPLE t=362.4s rss=4312MB hwm=4312MB
RSS_SAMPLE t=362.6s rss=4312MB hwm=4312MB
RSS_SAMPLE t=362.9s rss=4312MB hwm=4312MB
RSS_SAMPLE t=363.1s rss=4312MB hwm=4312MB
RSS_SAMPLE t=363.4s rss=4312MB hwm=4312MB
RSS_SAMPLE t=363.6s rss=4312MB hwm=4312MB
RSS_SAMPLE t=363.9s rss=4312MB hwm=4312MB
RSS_SAMPLE t=364.1s rss=4312MB hwm=4312MB
RSS_SAMPLE t=364.4s rss=4312MB hwm=4312MB
RSS_SAMPLE t=364.6s rss=4312MB hwm=4312MB
RSS_SAMPLE t=364.9s rss=4312MB hwm=4312MB
RSS_SAMPLE t=365.1s rss=4312MB hwm=4312MB
RSS_SAMPLE t=365.4s rss=4312MB hwm=4312MB
RSS_SAMPLE t=365.6s rss=4312MB hwm=4312MB
RSS_SAMPLE t=365.9s rss=4312MB hwm=4312MB
RSS_SAMPLE t=366.1s rss=4312MB hwm=4312MB
RSS_SAMPLE t=366.4s rss=4312MB hwm=4312MB
RSS_SAMPLE t=366.6s rss=4312MB hwm=4312MB
RSS_SAMPLE t=366.9s rss=4312MB hwm=4312MB
RSS_SAMPLE t=367.1s rss=4312MB hwm=4312MB
RSS_SAMPLE t=367.4s rss=4312MB hwm=4312MB
RSS_SAMPLE t=367.6s rss=4312MB hwm=4312MB
RSS_SAMPLE t=367.9s rss=4312MB hwm=4312MB
RSS_SAMPLE t=368.1s rss=4312MB hwm=4312MB
RSS_SAMPLE t=368.4s rss=4313MB hwm=4313MB
RSS_SAMPLE t=368.6s rss=4313MB hwm=4313MB
RSS_SAMPLE t=368.9s rss=4313MB hwm=4313MB
RSS_SAMPLE t=369.1s rss=4313MB hwm=4313MB
RSS_SAMPLE t=369.4s rss=4313MB hwm=4313MB
RSS_SAMPLE t=369.6s rss=4313MB hwm=4313MB
RSS_SAMPLE t=369.9s rss=4313MB hwm=4313MB
RSS_SAMPLE t=370.1s rss=4313MB hwm=4313MB
RSS_SAMPLE t=370.4s rss=4313MB hwm=4313MB
RSS_SAMPLE t=370.6s rss=4313MB hwm=4313MB
RSS_SAMPLE t=370.9s rss=4313MB hwm=4313MB
RSS_SAMPLE t=371.1s rss=4313MB hwm=4313MB
RSS_SAMPLE t=371.4s rss=4313MB hwm=4313MB
RSS_SAMPLE t=371.6s rss=4313MB hwm=4313MB
RSS_SAMPLE t=371.9s rss=4313MB hwm=4313MB
RSS_SAMPLE t=372.1s rss=4313MB hwm=4313MB
RSS_SAMPLE t=372.4s rss=4313MB hwm=4313MB
RSS_SAMPLE t=372.6s rss=4313MB hwm=4313MB
RSS_SAMPLE t=372.9s rss=4313MB hwm=4313MB
RSS_SAMPLE t=373.1s rss=4313MB hwm=4313MB
RSS_SAMPLE t=373.4s rss=4313MB hwm=4313MB
RSS_SAMPLE t=373.6s rss=4313MB hwm=4313MB
RSS_SAMPLE t=373.9s rss=4313MB hwm=4313MB
RSS_SAMPLE t=374.1s rss=4313MB hwm=4313MB
RSS_SAMPLE t=374.4s rss=4313MB hwm=4313MB
RSS_SAMPLE t=374.6s rss=4313MB hwm=4313MB
RSS_SAMPLE t=374.9s rss=4313MB hwm=4313MB
RSS_SAMPLE t=375.1s rss=4313MB hwm=4313MB
RSS_SAMPLE t=375.4s rss=4313MB hwm=4313MB
RSS_SAMPLE t=375.6s rss=4313MB hwm=4313MB
RSS_SAMPLE t=375.9s rss=4313MB hwm=4313MB
RSS_SAMPLE t=376.1s rss=4313MB hwm=4313MB
RSS_SAMPLE t=376.4s rss=4313MB hwm=4313MB
RSS_SAMPLE t=376.6s rss=4313MB hwm=4313MB
RSS_SAMPLE t=376.9s rss=4313MB hwm=4313MB
RSS_SAMPLE t=377.1s rss=4313MB hwm=4313MB
RSS_SAMPLE t=377.4s rss=4313MB hwm=4313MB
RSS_SAMPLE t=377.6s rss=4313MB hwm=4313MB
RSS_SAMPLE t=377.9s rss=4314MB hwm=4314MB
RSS_SAMPLE t=378.1s rss=4314MB hwm=4314MB
RSS_SAMPLE t=378.4s rss=4314MB hwm=4314MB
RSS_SAMPLE t=378.6s rss=4314MB hwm=4314MB
RSS_SAMPLE t=378.9s rss=4314MB hwm=4314MB
RSS_SAMPLE t=379.1s rss=4314MB hwm=4314MB
RSS_SAMPLE t=379.4s rss=4314MB hwm=4314MB
RSS_SAMPLE t=379.6s rss=4314MB hwm=4314MB
RSS_SAMPLE t=379.9s rss=4314MB hwm=4314MB
RSS_SAMPLE t=380.1s rss=4314MB hwm=4314MB
RSS_SAMPLE t=380.4s rss=4314MB hwm=4314MB
RSS_SAMPLE t=380.6s rss=4314MB hwm=4314MB
RSS_SAMPLE t=380.9s rss=4314MB hwm=4314MB
RSS_SAMPLE t=381.1s rss=4314MB hwm=4314MB
RSS_SAMPLE t=381.4s rss=4314MB hwm=4314MB
RSS_SAMPLE t=381.6s rss=4315MB hwm=4315MB
RSS_SAMPLE t=381.9s rss=4315MB hwm=4315MB
RSS_SAMPLE t=382.1s rss=4315MB hwm=4315MB
RSS_SAMPLE t=382.4s rss=4315MB hwm=4315MB
RSS_SAMPLE t=382.6s rss=4315MB hwm=4315MB
MEM_POOL: workspaces=32 dense_usage_mb=1251 n_pipes=2562403
RSS_SAMPLE t=382.9s rss=4315MB hwm=4315MB
RSS_SAMPLE t=383.1s rss=4315MB hwm=4315MB
RSS_SAMPLE t=383.4s rss=4315MB hwm=4315MB
RSS_SAMPLE t=383.6s rss=4315MB hwm=4315MB
RSS_SAMPLE t=383.9s rss=4315MB hwm=4315MB
RSS_SAMPLE t=384.1s rss=4315MB hwm=4315MB
RSS_SAMPLE t=384.4s rss=4315MB hwm=4315MB
RSS_SAMPLE t=384.6s rss=4315MB hwm=4315MB
RSS_SAMPLE t=384.9s rss=4315MB hwm=4315MB
RSS_SAMPLE t=385.1s rss=4315MB hwm=4315MB
RSS_SAMPLE t=385.4s rss=4316MB hwm=4316MB
RSS_SAMPLE t=385.6s rss=4316MB hwm=4316MB
RSS_SAMPLE t=385.9s rss=4316MB hwm=4316MB
RSS_SAMPLE t=386.1s rss=4316MB hwm=4316MB
RSS_SAMPLE t=386.4s rss=4316MB hwm=4316MB
RSS_SAMPLE t=386.6s rss=4316MB hwm=4316MB
RSS_SAMPLE t=386.9s rss=4316MB hwm=4316MB
RSS_SAMPLE t=387.1s rss=4316MB hwm=4316MB
RSS_SAMPLE t=387.4s rss=4316MB hwm=4316MB
RSS_SAMPLE t=387.6s rss=4317MB hwm=4317MB
RSS_SAMPLE t=387.9s rss=4317MB hwm=4317MB
RSS_SAMPLE t=388.1s rss=4317MB hwm=4317MB
RSS_SAMPLE t=388.4s rss=4317MB hwm=4317MB
RSS_SAMPLE t=388.6s rss=4317MB hwm=4317MB
RSS_SAMPLE t=388.9s rss=4317MB hwm=4317MB
RSS_SAMPLE t=389.1s rss=4317MB hwm=4317MB
RSS_SAMPLE t=389.4s rss=4317MB hwm=4317MB
RSS_SAMPLE t=389.6s rss=4317MB hwm=4317MB
RSS_SAMPLE t=389.9s rss=4317MB hwm=4317MB
RSS_SAMPLE t=390.1s rss=4317MB hwm=4317MB
RSS_SAMPLE t=390.4s rss=4317MB hwm=4317MB
RSS_SAMPLE t=390.6s rss=4317MB hwm=4317MB
RSS_SAMPLE t=390.9s rss=4317MB hwm=4317MB
RSS_SAMPLE t=391.1s rss=4317MB hwm=4317MB
RSS_SAMPLE t=391.4s rss=4317MB hwm=4317MB
RSS_SAMPLE t=391.6s rss=4317MB hwm=4317MB
RSS_SAMPLE t=391.9s rss=4317MB hwm=4317MB
RSS_SAMPLE t=392.1s rss=4317MB hwm=4317MB
RSS_SAMPLE t=392.4s rss=4318MB hwm=4318MB
RSS_SAMPLE t=392.6s rss=4318MB hwm=4318MB
RSS_SAMPLE t=392.9s rss=4318MB hwm=4318MB
RSS_SAMPLE t=393.1s rss=4318MB hwm=4318MB
RSS_SAMPLE t=393.4s rss=4318MB hwm=4318MB
RSS_SAMPLE t=393.6s rss=4318MB hwm=4318MB
RSS_SAMPLE t=393.9s rss=4318MB hwm=4318MB
RSS_SAMPLE t=394.1s rss=4318MB hwm=4318MB
RSS_SAMPLE t=394.4s rss=4318MB hwm=4318MB
RSS_SAMPLE t=394.6s rss=4318MB hwm=4318MB
RSS_SAMPLE t=394.9s rss=4318MB hwm=4318MB
RSS_SAMPLE t=395.1s rss=4318MB hwm=4318MB
RSS_SAMPLE t=395.4s rss=4318MB hwm=4318MB
RSS_SAMPLE t=395.6s rss=4318MB hwm=4318MB
RSS_SAMPLE t=395.9s rss=4318MB hwm=4318MB
RSS_SAMPLE t=396.1s rss=4318MB hwm=4318MB
RSS_SAMPLE t=396.4s rss=4318MB hwm=4318MB
RSS_SAMPLE t=396.6s rss=4318MB hwm=4318MB
RSS_SAMPLE t=396.9s rss=4318MB hwm=4318MB
RSS_SAMPLE t=397.1s rss=4319MB hwm=4319MB
RSS_SAMPLE t=397.4s rss=4319MB hwm=4319MB
RSS_SAMPLE t=397.6s rss=4319MB hwm=4319MB
RSS_SAMPLE t=397.9s rss=4320MB hwm=4320MB
RSS_SAMPLE t=398.1s rss=4320MB hwm=4320MB
RSS_SAMPLE t=398.4s rss=4320MB hwm=4320MB
RSS_SAMPLE t=398.6s rss=4321MB hwm=4321MB
RSS_SAMPLE t=398.9s rss=4321MB hwm=4321MB
RSS_SAMPLE t=399.1s rss=4321MB hwm=4321MB
RSS_SAMPLE t=399.4s rss=4321MB hwm=4321MB
RSS_SAMPLE t=399.6s rss=4321MB hwm=4321MB
RSS_SAMPLE t=399.9s rss=4321MB hwm=4321MB
RSS_SAMPLE t=400.1s rss=4322MB hwm=4322MB
RSS_SAMPLE t=400.4s rss=4322MB hwm=4322MB
RSS_SAMPLE t=400.6s rss=4322MB hwm=4322MB
RSS_SAMPLE t=400.9s rss=4322MB hwm=4322MB
RSS_SAMPLE t=401.1s rss=4322MB hwm=4322MB
RSS_SAMPLE t=401.4s rss=4322MB hwm=4322MB
RSS_SAMPLE t=401.6s rss=4322MB hwm=4322MB
RSS_SAMPLE t=401.9s rss=4322MB hwm=4322MB
RSS_SAMPLE t=402.1s rss=4322MB hwm=4322MB
RSS_SAMPLE t=402.4s rss=4322MB hwm=4322MB
RSS_SAMPLE t=402.6s rss=4322MB hwm=4322MB
RSS_SAMPLE t=402.9s rss=4322MB hwm=4322MB
RSS_SAMPLE t=403.1s rss=4322MB hwm=4322MB
RSS_SAMPLE t=403.4s rss=4322MB hwm=4322MB
RSS_SAMPLE t=403.6s rss=4322MB hwm=4322MB
RSS_SAMPLE t=403.9s rss=4322MB hwm=4322MB
RSS_SAMPLE t=404.1s rss=4322MB hwm=4322MB
RSS_SAMPLE t=404.4s rss=4322MB hwm=4322MB
RSS_SAMPLE t=404.6s rss=4322MB hwm=4322MB
RSS_SAMPLE t=404.9s rss=4322MB hwm=4322MB
RSS_SAMPLE t=405.1s rss=4322MB hwm=4322MB
RSS_SAMPLE t=405.4s rss=4322MB hwm=4322MB
RSS_SAMPLE t=405.6s rss=4322MB hwm=4322MB
RSS_SAMPLE t=405.9s rss=4322MB hwm=4322MB
RSS_SAMPLE t=406.1s rss=4322MB hwm=4322MB
RSS_SAMPLE t=406.4s rss=4322MB hwm=4322MB
RSS_SAMPLE t=406.6s rss=4322MB hwm=4322MB
RSS_SAMPLE t=406.9s rss=4322MB hwm=4322MB
RSS_SAMPLE t=407.1s rss=4323MB hwm=4323MB
RSS_SAMPLE t=407.4s rss=4323MB hwm=4323MB
RSS_SAMPLE t=407.6s rss=4323MB hwm=4323MB
RSS_SAMPLE t=407.9s rss=4323MB hwm=4323MB
RSS_SAMPLE t=408.1s rss=4324MB hwm=4324MB
RSS_SAMPLE t=408.4s rss=4324MB hwm=4324MB
RSS_SAMPLE t=408.6s rss=4325MB hwm=4325MB
RSS_SAMPLE t=408.9s rss=4325MB hwm=4325MB
RSS_SAMPLE t=409.1s rss=4326MB hwm=4326MB
RSS_SAMPLE t=409.4s rss=4326MB hwm=4326MB
RSS_SAMPLE t=409.6s rss=4326MB hwm=4326MB
RSS_SAMPLE t=409.9s rss=4326MB hwm=4326MB
RSS_SAMPLE t=410.1s rss=4327MB hwm=4327MB
RSS_SAMPLE t=410.4s rss=4327MB hwm=4327MB
RSS_SAMPLE t=410.6s rss=4327MB hwm=4327MB
RSS_SAMPLE t=410.9s rss=4327MB hwm=4327MB
RSS_SAMPLE t=411.1s rss=4327MB hwm=4327MB
RSS_SAMPLE t=411.4s rss=4327MB hwm=4327MB
RSS_SAMPLE t=411.6s rss=4327MB hwm=4327MB
RSS_SAMPLE t=411.9s rss=4327MB hwm=4327MB
RSS_SAMPLE t=412.1s rss=4327MB hwm=4327MB
RSS_SAMPLE t=412.4s rss=4327MB hwm=4327MB
RSS_SAMPLE t=412.6s rss=4327MB hwm=4327MB
RSS_SAMPLE t=412.9s rss=4327MB hwm=4327MB
RSS_SAMPLE t=413.1s rss=4327MB hwm=4327MB
RSS_SAMPLE t=413.4s rss=4327MB hwm=4327MB
RSS_SAMPLE t=413.6s rss=4327MB hwm=4327MB
RSS_SAMPLE t=413.9s rss=4327MB hwm=4327MB
RSS_SAMPLE t=414.1s rss=4327MB hwm=4327MB
RSS_SAMPLE t=414.4s rss=4327MB hwm=4327MB
RSS_SAMPLE t=414.6s rss=4327MB hwm=4327MB
RSS_SAMPLE t=414.9s rss=4327MB hwm=4327MB
RSS_SAMPLE t=415.1s rss=4327MB hwm=4327MB
RSS_SAMPLE t=415.4s rss=4327MB hwm=4327MB
RSS_SAMPLE t=415.6s rss=4327MB hwm=4327MB
RSS_SAMPLE t=415.9s rss=4327MB hwm=4327MB
RSS_SAMPLE t=416.1s rss=4327MB hwm=4327MB
RSS_SAMPLE t=416.4s rss=4327MB hwm=4327MB
RSS_SAMPLE t=416.6s rss=4327MB hwm=4327MB
RSS_SAMPLE t=416.9s rss=4327MB hwm=4327MB
RSS_SAMPLE t=417.1s rss=4327MB hwm=4327MB
RSS_SAMPLE t=417.4s rss=4327MB hwm=4327MB
RSS_SAMPLE t=417.6s rss=4327MB hwm=4327MB
RSS_SAMPLE t=417.9s rss=4327MB hwm=4327MB
RSS_SAMPLE t=418.1s rss=4327MB hwm=4327MB
RSS_SAMPLE t=418.4s rss=4327MB hwm=4327MB
RSS_SAMPLE t=418.6s rss=4327MB hwm=4327MB
RSS_SAMPLE t=418.9s rss=4327MB hwm=4327MB
RSS_SAMPLE t=419.1s rss=4327MB hwm=4327MB
RSS_SAMPLE t=419.4s rss=4327MB hwm=4327MB
RSS_SAMPLE t=419.6s rss=4327MB hwm=4327MB
RSS_SAMPLE t=419.9s rss=4327MB hwm=4327MB
RSS_SAMPLE t=420.1s rss=4327MB hwm=4327MB
RSS_SAMPLE t=420.4s rss=4327MB hwm=4327MB
RSS_SAMPLE t=420.6s rss=4327MB hwm=4327MB
RSS_SAMPLE t=420.9s rss=4327MB hwm=4327MB
RSS_SAMPLE t=421.1s rss=4327MB hwm=4327MB
RSS_SAMPLE t=421.4s rss=4327MB hwm=4327MB
RSS_SAMPLE t=421.6s rss=4327MB hwm=4327MB
RSS_SAMPLE t=421.9s rss=4327MB hwm=4327MB
RSS_SAMPLE t=422.1s rss=4327MB hwm=4327MB
RSS_SAMPLE t=422.4s rss=4327MB hwm=4327MB
RSS_SAMPLE t=422.6s rss=4327MB hwm=4327MB
RSS_SAMPLE t=422.9s rss=4327MB hwm=4327MB
RSS_SAMPLE t=423.2s rss=4327MB hwm=4327MB
RSS_SAMPLE t=423.4s rss=4327MB hwm=4327MB
RSS_SAMPLE t=423.7s rss=4327MB hwm=4327MB
RSS_SAMPLE t=423.9s rss=4327MB hwm=4327MB
RSS_SAMPLE t=424.2s rss=4327MB hwm=4327MB
RSS_SAMPLE t=424.4s rss=4327MB hwm=4327MB
RSS_SAMPLE t=424.7s rss=4327MB hwm=4327MB
RSS_SAMPLE t=424.9s rss=4327MB hwm=4327MB
RSS_SAMPLE t=425.2s rss=4327MB hwm=4327MB
RSS_SAMPLE t=425.4s rss=4327MB hwm=4327MB
RSS_SAMPLE t=425.7s rss=4327MB hwm=4327MB
RSS_SAMPLE t=425.9s rss=4327MB hwm=4327MB
RSS_SAMPLE t=426.2s rss=4327MB hwm=4327MB
RSS_SAMPLE t=426.4s rss=4327MB hwm=4327MB
RSS_SAMPLE t=426.7s rss=4327MB hwm=4327MB
RSS_SAMPLE t=426.9s rss=4327MB hwm=4327MB
RSS_SAMPLE t=427.2s rss=4327MB hwm=4327MB
RSS_SAMPLE t=427.4s rss=4327MB hwm=4327MB
RSS_SAMPLE t=427.7s rss=4327MB hwm=4327MB
RSS_SAMPLE t=427.9s rss=4327MB hwm=4327MB
RSS_SAMPLE t=428.2s rss=4327MB hwm=4327MB
RSS_SAMPLE t=428.4s rss=4327MB hwm=4327MB
RSS_SAMPLE t=428.7s rss=4327MB hwm=4327MB
RSS_SAMPLE t=428.9s rss=4327MB hwm=4327MB
RSS_SAMPLE t=429.2s rss=4327MB hwm=4327MB
RSS_SAMPLE t=429.4s rss=4327MB hwm=4327MB
RSS_SAMPLE t=429.7s rss=4327MB hwm=4327MB
RSS_SAMPLE t=429.9s rss=4327MB hwm=4327MB
RSS_SAMPLE t=430.2s rss=4327MB hwm=4327MB
RSS_SAMPLE t=430.4s rss=4327MB hwm=4327MB
RSS_SAMPLE t=430.7s rss=4327MB hwm=4327MB
RSS_SAMPLE t=430.9s rss=4327MB hwm=4327MB
RSS_SAMPLE t=431.2s rss=4327MB hwm=4327MB
MEM_POOL: workspaces=32 dense_usage_mb=1251 n_pipes=2562403
    strata[outer=3]: REFRESH slow=57848 fast=47269 slow_energy=43491721393.2
    post_solve_diag[outer=3]: solves=105117 cap_armed=105079 (100.0%) settle_avg=8950 above_sink_avg=109 (1.2%) settle_max=69353
    settle_hist[outer=3]: <100: 33525nets/0.1%work  <1k: 16009nets/0.6%work  <5k: 23122nets/6.5%work  <20k: 13878nets/16.3%work  <60k: 16398nets/61.3%work  >=60k: 2185nets/15.3%work
    fanout_hist[outer=3]: fan1: 43710nets/14.0%work  fan2-4: 48279nets/50.0%work  fan5-16: 12974nets/35.2%work  fan17-64: 154nets/0.8%work  fan65-256: 0nets/0.0%work  fan>256: 0nets/0.0%work
    rss_probe[outer=3]: pre_post_solve=4210MB post_post_solve=4326MB after_apply=4326MB
    E_decomp: base=19705522.6 eff=523365784713503.4 cong=523365765007980.8 cong_share=100.0% sat_pipes=237021 max_util=2053.03  R_buckets: 1-2x=127785 2-10x=3658 10-100x=3271 >=100x=2427689
    E_potential: beckmann=5160629910586409.0 history_total=0.0
    SpanCache: epoch=4 entries=4492 lookups=2562403 hits=2557911 misses=4492 hit_rate=99.8%
  DCD   3: nets=105117 line=17140048 energy=185181765738.718 dE=+94381946468.783 friction=44417299.3 bins=2.0x(1038) excess=365.0 moved=62773 disp=3.609 solves=105117 skip=105117 pops=940804249 theta=1.509 refresh=100252ms dcd=7648ms total=110503ms
    cache_stats: entries=45577426 capacity=80215571 est_mb=693 rss_mb=4327
RSS_SAMPLE t=431.4s rss=4327MB hwm=4341MB
RSS_SAMPLE t=431.7s rss=4327MB hwm=4341MB
RSS_SAMPLE t=431.9s rss=4327MB hwm=4341MB
RSS_SAMPLE t=432.2s rss=4327MB hwm=4341MB
RSS_SAMPLE t=432.4s rss=4327MB hwm=4341MB
RSS_SAMPLE t=432.7s rss=4327MB hwm=4341MB
RSS_SAMPLE t=432.9s rss=4327MB hwm=4341MB
RSS_SAMPLE t=433.2s rss=4327MB hwm=4341MB
RSS_SAMPLE t=433.4s rss=4327MB hwm=4341MB
RSS_SAMPLE t=433.7s rss=4327MB hwm=4341MB
RSS_SAMPLE t=433.9s rss=4327MB hwm=4341MB
    SwitchMatrix: type_usage_pairs=1947 lookups=4625 hits=2678 dijkstra_calls=1947 avg_us=12.2 total_ms=23.8
PHASE_MARK outer=4 enter=pre_solve rss=4327MB
    rss_probe[outer=4]: pre_refresh_rss=4327MB post_pre_solve_rss=4327MB cache_entries=45577426 cache_cap=80215571 cache_est_mb=693
    pre_solve_diag[outer=4]: solves=0 fallback=0 (0.0%) cap_armed=0 (0.0%) settle_avg=0 settle_max=0 init_count=242
    Overflow: over=218618 (8.5% of used) avg_excess=15.54 max_excess=5598.43 (nc=5622.43 cap=24 span=1)  excess_buckets: <=1=60122 1-5=76421 5-20=58720 >20=23355  by_cap: cap1=66333 cap2=113631 cap3-5=181 cap>5=38473  by_span: s1=1772 s2-3=11512 s4-6=18011 s7-12=118288 s>12=69035  le1_cross: cap1=32944 cap2-5=23878 cap>5=3300
    Congestion: pipes=2562403 used=2562403 congested(>50%)=396483 saturated(>90%)=237021 max_util=2053.03 avg_util=0.5529
PHASE_MARK outer=4 enter=dcd_sweep rss=4327MB
RSS_SAMPLE t=434.2s rss=4327MB hwm=4341MB
RSS_SAMPLE t=434.4s rss=4327MB hwm=4341MB
RSS_SAMPLE t=434.7s rss=4327MB hwm=4341MB
RSS_SAMPLE t=434.9s rss=4327MB hwm=4341MB
RSS_SAMPLE t=435.2s rss=4327MB hwm=4341MB
RSS_SAMPLE t=435.4s rss=4327MB hwm=4341MB
RSS_SAMPLE t=435.7s rss=4327MB hwm=4341MB
RSS_SAMPLE t=435.9s rss=4327MB hwm=4341MB
RSS_SAMPLE t=436.2s rss=4327MB hwm=4341MB
RSS_SAMPLE t=436.4s rss=4327MB hwm=4341MB
RSS_SAMPLE t=436.7s rss=4327MB hwm=4341MB
RSS_SAMPLE t=436.9s rss=4327MB hwm=4341MB
RSS_SAMPLE t=437.2s rss=4327MB hwm=4341MB
RSS_SAMPLE t=437.4s rss=4327MB hwm=4341MB
RSS_SAMPLE t=437.7s rss=4327MB hwm=4341MB
RSS_SAMPLE t=437.9s rss=4327MB hwm=4341MB
RSS_SAMPLE t=438.2s rss=4327MB hwm=4341MB
RSS_SAMPLE t=438.4s rss=4327MB hwm=4341MB
RSS_SAMPLE t=438.7s rss=4327MB hwm=4341MB
RSS_SAMPLE t=438.9s rss=4327MB hwm=4341MB
RSS_SAMPLE t=439.2s rss=4327MB hwm=4341MB
RSS_SAMPLE t=439.4s rss=4327MB hwm=4341MB
RSS_SAMPLE t=439.7s rss=4327MB hwm=4341MB
RSS_SAMPLE t=439.9s rss=4327MB hwm=4341MB
RSS_SAMPLE t=440.2s rss=4327MB hwm=4341MB
RSS_SAMPLE t=440.4s rss=4327MB hwm=4341MB
RSS_SAMPLE t=440.7s rss=4327MB hwm=4341MB
RSS_SAMPLE t=440.9s rss=4327MB hwm=4341MB
RSS_SAMPLE t=441.2s rss=4327MB hwm=4341MB
PHASE_MARK outer=4 leave=dcd_sweep rss=4327MB
PHASE_MARK outer=4 enter=post_refresh rss=4327MB
RSS_SAMPLE t=441.4s rss=4328MB hwm=4341MB
RSS_SAMPLE t=441.7s rss=4328MB hwm=4341MB
RSS_SAMPLE t=441.9s rss=4328MB hwm=4341MB
RSS_SAMPLE t=442.2s rss=4328MB hwm=4341MB
RSS_SAMPLE t=442.4s rss=4328MB hwm=4341MB
RSS_SAMPLE t=442.7s rss=4328MB hwm=4341MB
RSS_SAMPLE t=442.9s rss=4328MB hwm=4341MB
RSS_SAMPLE t=443.2s rss=4328MB hwm=4341MB
RSS_SAMPLE t=443.4s rss=4328MB hwm=4341MB
RSS_SAMPLE t=443.7s rss=4328MB hwm=4341MB
RSS_SAMPLE t=443.9s rss=4328MB hwm=4341MB
MEM_POOL: workspaces=32 dense_usage_mb=1251 n_pipes=2562403
    strata[outer=4]: carry slow_energy=43491721393.2
    post_solve_diag[outer=4]: solves=48591 cap_armed=46885 (96.5%) settle_avg=117 above_sink_avg=15 (12.8%) settle_max=1613
    settle_hist[outer=4]: <100: 32861nets/9.2%work  <1k: 15576nets/87.7%work  <5k: 154nets/3.1%work  <20k: 0nets/0.0%work  <60k: 0nets/0.0%work  >=60k: 0nets/0.0%work
    fanout_hist[outer=4]: fan1: 31368nets/47.0%work  fan2-4: 16474nets/49.1%work  fan5-16: 749nets/3.9%work  fan17-64: 0nets/0.0%work  fan65-256: 0nets/0.0%work  fan>256: 0nets/0.0%work
    rss_probe[outer=4]: pre_post_solve=4328MB post_post_solve=4328MB after_apply=4328MB
    E_decomp: base=14442338.9 eff=24718870387399404.0 cong=24718870372957064.0 cong_share=100.0% sat_pipes=141785 max_util=1922.23  R_buckets: 1-2x=71287 2-10x=9230 10-100x=27682 >=100x=2454204
    E_potential: beckmann=4145694003898077.0 history_total=0.0
    SpanCache: epoch=5 entries=4625 lookups=2562403 hits=2557778 misses=4625 hit_rate=99.8%
  DCD   4: nets=105117 line=16888336 energy=71250364211.172 dE=-113931401527.547 friction=40300353.3 bins=2.0x(890) excess=328.5 moved=65900 disp=11.496 solves=48591 skip=105117 pops=5691159 theta=2.746 refresh=2798ms dcd=7266ms total=12698ms
    cache_stats: entries=45280020 capacity=79437392 est_mb=687 rss_mb=4328
RSS_SAMPLE t=444.2s rss=4328MB hwm=4341MB
RSS_SAMPLE t=444.4s rss=4328MB hwm=4341MB
RSS_SAMPLE t=444.7s rss=4328MB hwm=4341MB
RSS_SAMPLE t=444.9s rss=4328MB hwm=4341MB
RSS_SAMPLE t=445.2s rss=4328MB hwm=4341MB
RSS_SAMPLE t=445.4s rss=4328MB hwm=4341MB
RSS_SAMPLE t=445.7s rss=4328MB hwm=4341MB
RSS_SAMPLE t=445.9s rss=4328MB hwm=4341MB
RSS_SAMPLE t=446.2s rss=4328MB hwm=4341MB
RSS_SAMPLE t=446.4s rss=4328MB hwm=4341MB
RSS_SAMPLE t=446.7s rss=4328MB hwm=4341MB
    SwitchMatrix: type_usage_pairs=1747 lookups=3843 hits=2096 dijkstra_calls=1747 avg_us=13.1 total_ms=22.8
PHASE_MARK outer=5 enter=pre_solve rss=4328MB
    rss_probe[outer=5]: pre_refresh_rss=4328MB post_pre_solve_rss=4328MB cache_entries=45280020 cache_cap=79437392 cache_est_mb=687
    pre_solve_diag[outer=5]: solves=0 fallback=0 (0.0%) cap_armed=0 (0.0%) settle_avg=0 settle_max=0 init_count=254
    Overflow: over=129461 (5.1% of used) avg_excess=23.19 max_excess=4451.59 (nc=4475.59 cap=24 span=1)  excess_buckets: <=1=38034 1-5=28992 5-20=40968 >20=21467  by_cap: cap1=33417 cap2=79108 cap3-5=30 cap>5=16906  by_span: s1=636 s2-3=9635 s4-6=5769 s7-12=79472 s>12=33949  le1_cross: cap1=23465 cap2-5=12635 cap>5=1934
    Congestion: pipes=2562403 used=2562403 congested(>50%)=238047 saturated(>90%)=141785 max_util=1922.23 avg_util=0.4074
PHASE_MARK outer=5 enter=dcd_sweep rss=4328MB
RSS_SAMPLE t=446.9s rss=4328MB hwm=4341MB
RSS_SAMPLE t=447.2s rss=4328MB hwm=4341MB
RSS_SAMPLE t=447.4s rss=4328MB hwm=4341MB
RSS_SAMPLE t=447.7s rss=4328MB hwm=4341MB
RSS_SAMPLE t=447.9s rss=4328MB hwm=4341MB
RSS_SAMPLE t=448.2s rss=4328MB hwm=4341MB
RSS_SAMPLE t=448.4s rss=4328MB hwm=4341MB
RSS_SAMPLE t=448.7s rss=4328MB hwm=4341MB
RSS_SAMPLE t=448.9s rss=4328MB hwm=4341MB
RSS_SAMPLE t=449.2s rss=4328MB hwm=4341MB
RSS_SAMPLE t=449.4s rss=4328MB hwm=4341MB
RSS_SAMPLE t=449.7s rss=4328MB hwm=4341MB
RSS_SAMPLE t=449.9s rss=4328MB hwm=4341MB
RSS_SAMPLE t=450.2s rss=4328MB hwm=4341MB
RSS_SAMPLE t=450.4s rss=4328MB hwm=4341MB
RSS_SAMPLE t=450.7s rss=4328MB hwm=4341MB
RSS_SAMPLE t=450.9s rss=4328MB hwm=4341MB
RSS_SAMPLE t=451.2s rss=4328MB hwm=4341MB
RSS_SAMPLE t=451.4s rss=4328MB hwm=4341MB
RSS_SAMPLE t=451.7s rss=4328MB hwm=4341MB
RSS_SAMPLE t=451.9s rss=4328MB hwm=4341MB
RSS_SAMPLE t=452.2s rss=4328MB hwm=4341MB
RSS_SAMPLE t=452.4s rss=4328MB hwm=4341MB
RSS_SAMPLE t=452.7s rss=4328MB hwm=4341MB
RSS_SAMPLE t=452.9s rss=4328MB hwm=4341MB
RSS_SAMPLE t=453.2s rss=4328MB hwm=4341MB
RSS_SAMPLE t=453.4s rss=4328MB hwm=4341MB
RSS_SAMPLE t=453.7s rss=4328MB hwm=4341MB
RSS_SAMPLE t=453.9s rss=4328MB hwm=4341MB
PHASE_MARK outer=5 leave=dcd_sweep rss=4328MB
PHASE_MARK outer=5 enter=post_refresh rss=4328MB
RSS_SAMPLE t=454.2s rss=4328MB hwm=4341MB
RSS_SAMPLE t=454.4s rss=4328MB hwm=4341MB
RSS_SAMPLE t=454.7s rss=4328MB hwm=4341MB
RSS_SAMPLE t=454.9s rss=4328MB hwm=4341MB
RSS_SAMPLE t=455.2s rss=4328MB hwm=4341MB
RSS_SAMPLE t=455.4s rss=4328MB hwm=4341MB
RSS_SAMPLE t=455.7s rss=4328MB hwm=4341MB
RSS_SAMPLE t=455.9s rss=4328MB hwm=4341MB
RSS_SAMPLE t=456.2s rss=4328MB hwm=4341MB
RSS_SAMPLE t=456.4s rss=4328MB hwm=4341MB
MEM_POOL: workspaces=32 dense_usage_mb=1251 n_pipes=2562403
    strata[outer=5]: carry slow_energy=43491721393.2
    post_solve_diag[outer=5]: solves=48700 cap_armed=48700 (100.0%) settle_avg=103 above_sink_avg=7 (6.4%) settle_max=1553
    settle_hist[outer=5]: <100: 35209nets/10.3%work  <1k: 13372nets/87.0%work  <5k: 119nets/2.7%work  <20k: 0nets/0.0%work  <60k: 0nets/0.0%work  >=60k: 0nets/0.0%work
    fanout_hist[outer=5]: fan1: 31384nets/44.6%work  fan2-4: 16547nets/50.7%work  fan5-16: 769nets/4.7%work  fan17-64: 0nets/0.0%work  fan65-256: 0nets/0.0%work  fan>256: 0nets/0.0%work
    rss_probe[outer=5]: pre_post_solve=4328MB post_post_solve=4348MB after_apply=4348MB
RSS_SAMPLE t=456.7s rss=4348MB hwm=4348MB
    E_decomp: base=11786674.6 eff=20283431979212228.0 cong=20283431967425552.0 cong_share=100.0% sat_pipes=90266 max_util=1856.82  R_buckets: 1-2x=72545 2-10x=12035 10-100x=23984 >=100x=2453839
    E_potential: beckmann=3713840128044372.0 history_total=0.0
    SpanCache: epoch=6 entries=3843 lookups=2562403 hits=2558560 misses=3843 hit_rate=99.9%
  DCD   5: nets=105117 line=16821978 energy=98822182459.934 dE=+27571818248.762 friction=39063238.2 bins=2.0x(897) excess=313.0 moved=63759 disp=3.948 solves=48700 skip=105117 pops=5006845 theta=5.000 refresh=2683ms dcd=7320ms total=12642ms
    cache_stats: entries=44628388 capacity=78520617 est_mb=679 rss_mb=4348
DCD done: energy=98822182459.934 line=16821978 friction=39063238.2 bins=2.0x(897) excess=313.0
MuxSlotTracker: 44737 commit rejections over entire DCD
MuxSlotTracker[post-DCD]: populated_cells=66957, overflow_tiles=0, at_cap_tiles=712, peak_excess=0, capacity_hist={16:67346}
RSS_SAMPLE t=456.9s rss=2471MB hwm=4343MB
Pre-legalization: HPWL=13387781
  type DFF: 302 valid columns, 1077536 total BELs
  type LUT6: 302 valid columns, 538768 total BELs
TypeAwarePlacement: 2 cell types
RSS_SAMPLE t=457.2s rss=2473MB hwm=4343MB
RSS_SAMPLE t=457.4s rss=2473MB hwm=4343MB
RSS_SAMPLE t=457.7s rss=2473MB hwm=4343MB
RSS_SAMPLE t=457.9s rss=2473MB hwm=4343MB
RSS_SAMPLE t=458.2s rss=2473MB hwm=4343MB
RSS_SAMPLE t=458.4s rss=2473MB hwm=4343MB
RSS_SAMPLE t=458.7s rss=2473MB hwm=4343MB
RSS_SAMPLE t=458.9s rss=2473MB hwm=4343MB
RSS_SAMPLE t=459.2s rss=2473MB hwm=4343MB
RSS_SAMPLE t=459.4s rss=2473MB hwm=4343MB
RSS_SAMPLE t=459.7s rss=2473MB hwm=4343MB
RSS_SAMPLE t=459.9s rss=2473MB hwm=4343MB
RSS_SAMPLE t=460.2s rss=2473MB hwm=4343MB
RSS_SAMPLE t=460.4s rss=2473MB hwm=4343MB
RSS_SAMPLE t=460.7s rss=2473MB hwm=4343MB
RSS_SAMPLE t=460.9s rss=2473MB hwm=4343MB
RSS_SAMPLE t=461.2s rss=2478MB hwm=4343MB
RSS_SAMPLE t=461.4s rss=2478MB hwm=4343MB
RSS_SAMPLE t=461.7s rss=2478MB hwm=4343MB
RSS_SAMPLE t=461.9s rss=2478MB hwm=4343MB
  SortedLegalizer: cluster_rejects=475026 shared_mux_rejects=17169509 arch_validity_rejects=0
RSS_SAMPLE t=462.2s rss=2463MB hwm=4343MB
Post-legalization: HPWL=13152450, line=16776056
Per-net HPWL: 105118 nets, total=13152450
  #0: hpwl=531 fanout=93000 (0.0%)
  #1: hpwl=526 fanout=13 (0.0%)
  #2: hpwl=526 fanout=10 (0.0%)
  #3: hpwl=525 fanout=9 (0.0%)
  #4: hpwl=524 fanout=5 (0.0%)
  #5: hpwl=524 fanout=5 (0.0%)
  #6: hpwl=524 fanout=6 (0.0%)
  #7: hpwl=524 fanout=11 (0.0%)
  #8: hpwl=523 fanout=5 (0.0%)
  #9: hpwl=523 fanout=6 (0.0%)
  50% of HPWL from top 16723 nets (of 105118)
