Running scope as unit: run-r5ea8f9550bc449eeb38954cf4c30084f.scope
chipdb: /home/kelvin/side-project/eisenjoch/chip_database/xc7_large.bin
design: /home/kelvin/side-project/eisenjoch/benchmark/ispd/generated/2016/FPGA01/FPGA01.json
RSS_SAMPLE t=0.0s rss=3MB hwm=3MB
RSS_SAMPLE t=0.3s rss=432MB hwm=432MB
RSS_SAMPLE t=0.5s rss=712MB hwm=712MB
RSS_SAMPLE t=0.8s rss=806MB hwm=806MB
RSS_SAMPLE t=1.0s rss=819MB hwm=823MB
RSS_SAMPLE t=1.3s rss=819MB hwm=823MB
RSS_SAMPLE t=1.5s rss=819MB hwm=823MB
cfg: max_outer_iters=3 blend_alpha=0.5 hardening_step=0 graph_model=TwoLevelPip
RSS_SAMPLE t=1.8s rss=820MB hwm=823MB
  topological compress: density=0.60 target_tiles=15971 final_tiles=15777 scale=1.851 center=(205.1,111.0)
  topological init: n_movable=76660, n_edges=229053, max_layer=26775, back_edges=54022, n_anchored=0
RSS_SAMPLE t=2.0s rss=820MB hwm=823MB
RSS_SAMPLE t=2.3s rss=820MB hwm=823MB
RSS_SAMPLE t=2.5s rss=820MB hwm=823MB
RSS_SAMPLE t=2.8s rss=820MB hwm=823MB
RSS_SAMPLE t=3.0s rss=820MB hwm=823MB
RSS_SAMPLE t=3.3s rss=820MB hwm=823MB
RSS_SAMPLE t=3.5s rss=820MB hwm=823MB
RSS_SAMPLE t=3.8s rss=820MB hwm=823MB
RSS_SAMPLE t=4.0s rss=820MB hwm=823MB
RSS_SAMPLE t=4.3s rss=820MB hwm=823MB
RSS_SAMPLE t=4.5s rss=820MB hwm=823MB
RSS_SAMPLE t=4.8s rss=820MB hwm=823MB
RSS_SAMPLE t=5.0s rss=820MB hwm=823MB
RSS_SAMPLE t=5.3s rss=820MB hwm=823MB
RSS_SAMPLE t=5.5s rss=820MB hwm=823MB
RSS_SAMPLE t=5.8s rss=820MB hwm=823MB
RSS_SAMPLE t=6.0s rss=820MB hwm=823MB
RSS_SAMPLE t=6.3s rss=820MB hwm=823MB
RSS_SAMPLE t=6.5s rss=820MB hwm=823MB
RSS_SAMPLE t=6.8s rss=820MB hwm=823MB
RSS_SAMPLE t=7.0s rss=820MB hwm=823MB
RSS_SAMPLE t=7.3s rss=820MB hwm=823MB
RSS_SAMPLE t=7.5s rss=820MB hwm=823MB
RSS_SAMPLE t=7.8s rss=820MB hwm=823MB
RSS_SAMPLE t=8.0s rss=820MB hwm=823MB
RSS_SAMPLE t=8.3s rss=820MB hwm=823MB
RSS_SAMPLE t=8.5s rss=820MB hwm=823MB
RSS_SAMPLE t=8.8s rss=820MB hwm=823MB
RSS_SAMPLE t=9.0s rss=820MB hwm=823MB
RSS_SAMPLE t=9.3s rss=820MB hwm=823MB
RSS_SAMPLE t=9.5s rss=820MB hwm=823MB
RSS_SAMPLE t=9.8s rss=820MB hwm=823MB
RSS_SAMPLE t=10.0s rss=820MB hwm=823MB
RSS_SAMPLE t=10.3s rss=820MB hwm=823MB
RSS_SAMPLE t=10.5s rss=820MB hwm=823MB
RSS_SAMPLE t=10.8s rss=820MB hwm=823MB
RSS_SAMPLE t=11.0s rss=820MB hwm=823MB
RSS_SAMPLE t=11.3s rss=820MB hwm=823MB
RSS_SAMPLE t=11.5s rss=820MB hwm=823MB
RSS_SAMPLE t=11.8s rss=820MB hwm=823MB
RSS_SAMPLE t=12.0s rss=820MB hwm=823MB
RSS_SAMPLE t=12.3s rss=820MB hwm=823MB
RSS_SAMPLE t=12.5s rss=820MB hwm=823MB
RSS_SAMPLE t=12.8s rss=820MB hwm=823MB
RSS_SAMPLE t=13.0s rss=820MB hwm=823MB
RSS_SAMPLE t=13.3s rss=820MB hwm=823MB
RSS_SAMPLE t=13.5s rss=820MB hwm=823MB
RSS_SAMPLE t=13.8s rss=820MB hwm=823MB
RSS_SAMPLE t=14.0s rss=820MB hwm=823MB
RSS_SAMPLE t=14.3s rss=820MB hwm=823MB
RSS_SAMPLE t=14.5s rss=820MB hwm=823MB
RSS_SAMPLE t=14.8s rss=820MB hwm=823MB
RSS_SAMPLE t=15.0s rss=820MB hwm=823MB
RSS_SAMPLE t=15.3s rss=820MB hwm=823MB
RSS_SAMPLE t=15.5s rss=820MB hwm=823MB
RSS_SAMPLE t=15.8s rss=820MB hwm=823MB
RSS_SAMPLE t=16.0s rss=820MB hwm=823MB
RSS_SAMPLE t=16.3s rss=820MB hwm=823MB
RSS_SAMPLE t=16.5s rss=820MB hwm=823MB
RSS_SAMPLE t=16.8s rss=820MB hwm=823MB
RSS_SAMPLE t=17.0s rss=820MB hwm=823MB
RSS_SAMPLE t=17.3s rss=820MB hwm=823MB
RSS_SAMPLE t=17.5s rss=820MB hwm=823MB
RSS_SAMPLE t=17.8s rss=820MB hwm=823MB
RSS_SAMPLE t=18.0s rss=820MB hwm=823MB
RSS_SAMPLE t=18.3s rss=820MB hwm=823MB
RSS_SAMPLE t=18.5s rss=820MB hwm=823MB
RSS_SAMPLE t=18.8s rss=820MB hwm=823MB
RSS_SAMPLE t=19.0s rss=820MB hwm=823MB
RSS_SAMPLE t=19.3s rss=820MB hwm=823MB
RSS_SAMPLE t=19.5s rss=820MB hwm=823MB
RSS_SAMPLE t=19.8s rss=820MB hwm=823MB
RSS_SAMPLE t=20.0s rss=820MB hwm=823MB
RSS_SAMPLE t=20.3s rss=820MB hwm=823MB
RSS_SAMPLE t=20.5s rss=820MB hwm=823MB
RSS_SAMPLE t=20.8s rss=820MB hwm=823MB
RSS_SAMPLE t=21.0s rss=820MB hwm=823MB
RSS_SAMPLE t=21.3s rss=820MB hwm=823MB
RSS_SAMPLE t=21.5s rss=820MB hwm=823MB
RSS_SAMPLE t=21.8s rss=820MB hwm=823MB
RSS_SAMPLE t=22.0s rss=820MB hwm=823MB
RSS_SAMPLE t=22.3s rss=820MB hwm=823MB
RSS_SAMPLE t=22.5s rss=820MB hwm=823MB
RSS_SAMPLE t=22.8s rss=820MB hwm=823MB
RSS_SAMPLE t=23.0s rss=820MB hwm=823MB
RSS_SAMPLE t=23.3s rss=820MB hwm=823MB
RSS_SAMPLE t=23.5s rss=820MB hwm=823MB
RSS_SAMPLE t=23.8s rss=820MB hwm=823MB
RSS_SAMPLE t=24.0s rss=820MB hwm=823MB
RSS_SAMPLE t=24.3s rss=820MB hwm=823MB
RSS_SAMPLE t=24.5s rss=820MB hwm=823MB
RSS_SAMPLE t=24.8s rss=820MB hwm=823MB
RSS_SAMPLE t=25.0s rss=820MB hwm=823MB
RSS_SAMPLE t=25.3s rss=820MB hwm=823MB
RSS_SAMPLE t=25.5s rss=820MB hwm=823MB
RSS_SAMPLE t=25.8s rss=820MB hwm=823MB
RSS_SAMPLE t=26.0s rss=820MB hwm=823MB
RSS_SAMPLE t=26.3s rss=820MB hwm=823MB
RSS_SAMPLE t=26.5s rss=820MB hwm=823MB
RSS_SAMPLE t=26.8s rss=820MB hwm=823MB
RSS_SAMPLE t=27.0s rss=820MB hwm=823MB
RSS_SAMPLE t=27.3s rss=820MB hwm=823MB
RSS_SAMPLE t=27.5s rss=820MB hwm=823MB
RSS_SAMPLE t=27.8s rss=820MB hwm=823MB
RSS_SAMPLE t=28.0s rss=820MB hwm=823MB
RSS_SAMPLE t=28.3s rss=820MB hwm=823MB
RSS_SAMPLE t=28.5s rss=820MB hwm=823MB
RSS_SAMPLE t=28.8s rss=820MB hwm=823MB
RSS_SAMPLE t=29.0s rss=820MB hwm=823MB
RSS_SAMPLE t=29.3s rss=820MB hwm=823MB
RSS_SAMPLE t=29.5s rss=820MB hwm=823MB
RSS_SAMPLE t=29.8s rss=820MB hwm=823MB
RSS_SAMPLE t=30.0s rss=820MB hwm=823MB
RSS_SAMPLE t=30.3s rss=820MB hwm=823MB
RSS_SAMPLE t=30.5s rss=820MB hwm=823MB
RSS_SAMPLE t=30.8s rss=820MB hwm=823MB
RSS_SAMPLE t=31.0s rss=820MB hwm=823MB
RSS_SAMPLE t=31.3s rss=820MB hwm=823MB
RSS_SAMPLE t=31.5s rss=820MB hwm=823MB
RSS_SAMPLE t=31.8s rss=820MB hwm=823MB
RSS_SAMPLE t=32.0s rss=820MB hwm=823MB
RSS_SAMPLE t=32.3s rss=820MB hwm=823MB
RSS_SAMPLE t=32.5s rss=820MB hwm=823MB
RSS_SAMPLE t=32.8s rss=820MB hwm=823MB
RSS_SAMPLE t=33.0s rss=820MB hwm=823MB
RSS_SAMPLE t=33.3s rss=820MB hwm=823MB
RSS_SAMPLE t=33.5s rss=820MB hwm=823MB
RSS_SAMPLE t=33.8s rss=820MB hwm=823MB
RSS_SAMPLE t=34.0s rss=820MB hwm=823MB
RSS_SAMPLE t=34.3s rss=820MB hwm=823MB
RSS_SAMPLE t=34.5s rss=820MB hwm=823MB
RSS_SAMPLE t=34.8s rss=820MB hwm=823MB
RSS_SAMPLE t=35.0s rss=820MB hwm=823MB
RSS_SAMPLE t=35.3s rss=820MB hwm=823MB
RSS_SAMPLE t=35.5s rss=820MB hwm=823MB
RSS_SAMPLE t=35.8s rss=820MB hwm=823MB
RSS_SAMPLE t=36.0s rss=820MB hwm=823MB
RSS_SAMPLE t=36.3s rss=820MB hwm=823MB
RSS_SAMPLE t=36.5s rss=820MB hwm=823MB
RSS_SAMPLE t=36.8s rss=820MB hwm=823MB
RSS_SAMPLE t=37.0s rss=820MB hwm=823MB
RSS_SAMPLE t=37.3s rss=820MB hwm=823MB
RSS_SAMPLE t=37.5s rss=820MB hwm=823MB
RSS_SAMPLE t=37.8s rss=820MB hwm=823MB
RSS_SAMPLE t=38.0s rss=820MB hwm=823MB
RSS_SAMPLE t=38.3s rss=820MB hwm=823MB
RSS_SAMPLE t=38.5s rss=820MB hwm=823MB
RSS_SAMPLE t=38.8s rss=820MB hwm=823MB
RSS_SAMPLE t=39.0s rss=820MB hwm=823MB
RSS_SAMPLE t=39.3s rss=820MB hwm=823MB
RSS_SAMPLE t=39.5s rss=820MB hwm=823MB
RSS_SAMPLE t=39.8s rss=820MB hwm=823MB
RSS_SAMPLE t=40.0s rss=820MB hwm=823MB
RSS_SAMPLE t=40.3s rss=820MB hwm=823MB
RSS_SAMPLE t=40.5s rss=820MB hwm=823MB
RSS_SAMPLE t=40.8s rss=820MB hwm=823MB
RSS_SAMPLE t=41.0s rss=820MB hwm=823MB
RSS_SAMPLE t=41.3s rss=820MB hwm=823MB
RSS_SAMPLE t=41.5s rss=820MB hwm=823MB
RSS_SAMPLE t=41.8s rss=820MB hwm=823MB
RSS_SAMPLE t=42.0s rss=820MB hwm=823MB
RSS_SAMPLE t=42.3s rss=820MB hwm=823MB
RSS_SAMPLE t=42.5s rss=820MB hwm=823MB
RSS_SAMPLE t=42.8s rss=820MB hwm=823MB
RSS_SAMPLE t=43.0s rss=820MB hwm=823MB
RSS_SAMPLE t=43.3s rss=820MB hwm=823MB
RSS_SAMPLE t=43.5s rss=820MB hwm=823MB
RSS_SAMPLE t=43.8s rss=820MB hwm=823MB
RSS_SAMPLE t=44.0s rss=820MB hwm=823MB
RSS_SAMPLE t=44.3s rss=820MB hwm=823MB
RSS_SAMPLE t=44.5s rss=820MB hwm=823MB
RSS_SAMPLE t=44.8s rss=820MB hwm=823MB
RSS_SAMPLE t=45.0s rss=820MB hwm=823MB
RSS_SAMPLE t=45.3s rss=820MB hwm=823MB
RSS_SAMPLE t=45.5s rss=820MB hwm=823MB
RSS_SAMPLE t=45.8s rss=820MB hwm=823MB
RSS_SAMPLE t=46.0s rss=820MB hwm=823MB
RSS_SAMPLE t=46.3s rss=820MB hwm=823MB
RSS_SAMPLE t=46.5s rss=820MB hwm=823MB
RSS_SAMPLE t=46.8s rss=820MB hwm=823MB
RSS_SAMPLE t=47.0s rss=820MB hwm=823MB
RSS_SAMPLE t=47.3s rss=820MB hwm=823MB
RSS_SAMPLE t=47.5s rss=820MB hwm=823MB
RSS_SAMPLE t=47.8s rss=820MB hwm=823MB
RSS_SAMPLE t=48.0s rss=820MB hwm=823MB
RSS_SAMPLE t=48.3s rss=820MB hwm=823MB
RSS_SAMPLE t=48.5s rss=820MB hwm=823MB
RSS_SAMPLE t=48.8s rss=820MB hwm=823MB
RSS_SAMPLE t=49.0s rss=820MB hwm=823MB
RSS_SAMPLE t=49.3s rss=820MB hwm=823MB
RSS_SAMPLE t=49.5s rss=820MB hwm=823MB
RSS_SAMPLE t=49.8s rss=820MB hwm=823MB
RSS_SAMPLE t=50.0s rss=820MB hwm=823MB
RSS_SAMPLE t=50.3s rss=820MB hwm=823MB
RSS_SAMPLE t=50.5s rss=820MB hwm=823MB
RSS_SAMPLE t=50.8s rss=820MB hwm=823MB
RSS_SAMPLE t=51.0s rss=820MB hwm=823MB
RSS_SAMPLE t=51.3s rss=820MB hwm=823MB
RSS_SAMPLE t=51.5s rss=820MB hwm=823MB
RSS_SAMPLE t=51.8s rss=820MB hwm=823MB
RSS_SAMPLE t=52.0s rss=820MB hwm=823MB
RSS_SAMPLE t=52.3s rss=820MB hwm=823MB
RSS_SAMPLE t=52.5s rss=820MB hwm=823MB
RSS_SAMPLE t=52.8s rss=820MB hwm=823MB
RSS_SAMPLE t=53.0s rss=820MB hwm=823MB
RSS_SAMPLE t=53.3s rss=820MB hwm=823MB
RSS_SAMPLE t=53.5s rss=820MB hwm=823MB
RSS_SAMPLE t=53.8s rss=820MB hwm=823MB
RSS_SAMPLE t=54.0s rss=820MB hwm=823MB
RSS_SAMPLE t=54.3s rss=853MB hwm=853MB
RSS_SAMPLE t=54.5s rss=895MB hwm=895MB
RSS_SAMPLE t=54.8s rss=930MB hwm=930MB
RSS_SAMPLE t=55.0s rss=933MB hwm=933MB
RSS_SAMPLE t=55.3s rss=933MB hwm=933MB
RSS_SAMPLE t=55.5s rss=933MB hwm=933MB
RSS_SAMPLE t=55.8s rss=933MB hwm=933MB
RSS_SAMPLE t=56.0s rss=933MB hwm=933MB
RSS_SAMPLE t=56.3s rss=934MB hwm=934MB
  Skipped truly-null coarse cells: 0 (of 69353 total); pruned pipes: src_null=0 dst_null=0
  Pipe capacity by span:
    span=  1: 138172 pipes, cap min=1 avg=134.5 max=432
    span=  2: 136455 pipes, cap min=2 avg=50.7 max=118
    span=  3: 135619 pipes, cap min=2 avg=26.1 max=52
    span=  4: 136319 pipes, cap min=2 avg=22.7 max=140
    span=  5: 135918 pipes, cap min=2 avg=66.1 max=124
    span=  6: 201217 pipes, cap min=2 avg=15.2 max=28
    span=  7: 200933 pipes, cap min=1 avg=7.3 max=20
    span=  8: 132748 pipes, cap min=2 avg=6.0 max=10
    span=  9: 130848 pipes, cap min=2 avg=6.0 max=10
    span= 10: 131090 pipes, cap min=2 avg=2.2 max=31
    span= 11: 129628 pipes, cap min=2 avg=2.0 max=4
    span= 12: 129018 pipes, cap min=2 avg=2.0 max=4
    span= 13: 128408 pipes, cap min=1 avg=1.5 max=4
    span= 14: 127798 pipes, cap min=1 avg=1.0 max=2
    span= 15: 127188 pipes, cap min=1 avg=1.0 max=2
    span= 16: 126578 pipes, cap min=1 avg=1.0 max=2
    span= 17: 125968 pipes, cap min=1 avg=1.0 max=2
    span= 18: 125358 pipes, cap min=1 avg=1.0 max=2
    span= 19: 63140 pipes, cap min=1 avg=1.0 max=2
  Thin span-1 pipes (cap<=2): 222 total, by tile-type pair (top 20):
    NULL <-> NULL: 220
    CLK_BUFG <-> NULL: 2
  Pipe cost: span^0.50 model (r1=1), span-1=1.000, span-12=3.464, 2×span-6=4.899, 12×span-1=12.000
RSS_SAMPLE t=56.5s rss=1022MB hwm=1022MB
  topological compress: density=0.60 target_tiles=15971 final_tiles=15777 scale=1.851 center=(205.1,111.0)
  topological init: n_movable=76660, n_edges=229053, max_layer=26775, back_edges=54022, n_anchored=0
  type DFF: 302 valid columns, 1077536 total BELs
  type LUT6: 302 valid columns, 538768 total BELs
TypeAwarePlacement: 2 cell types
Coordinate descent mode: 76660 cells, scale 1.00
CellValidityMask: 76660 cells, 311x223 grid, 2 bucket masks, per-cell valid positions: min=67346 avg=67346.0 max=67346, unmapped cells=0
MuxSlotTracker: 76660 cells (76660 with external fanout), 67346 tiles, total_cap=1077536, active_buckets=[DFF,LUT6], built in 65.3ms
MuxSlotTracker[post-seed]: populated_cells=27114, overflow_tiles=518, at_cap_tiles=50, peak_excess=41, capacity_hist={16:67346}
DCD placer: 76660 cells, 69353 nodes, outer_iters=3, dcd_iters_per_cell=8, graph_model=TwoLevelPip
MEM_STATIC: pipes=352MB nodes=1MB adjacency=78MB pipe_cost_vecs=59MB validity_mask=0MB n_pipes=2562403 n_edges=5124806 rss=1038MB
Softmin position update: enabled, theta 0.250 -> 5.000 (anneal over 3 iters)
RSS_SAMPLE t=56.8s rss=1065MB hwm=1065MB
RSS_SAMPLE t=57.0s rss=1065MB hwm=1065MB
RSS_SAMPLE t=57.3s rss=1065MB hwm=1065MB
RSS_SAMPLE t=57.5s rss=1065MB hwm=1065MB
RSS_SAMPLE t=57.8s rss=1065MB hwm=1065MB
RSS_SAMPLE t=58.0s rss=1065MB hwm=1065MB
RSS_SAMPLE t=58.3s rss=1065MB hwm=1065MB
RSS_SAMPLE t=58.5s rss=1065MB hwm=1065MB
RSS_SAMPLE t=58.8s rss=1065MB hwm=1065MB
RSS_SAMPLE t=59.0s rss=1065MB hwm=1065MB
    SwitchMatrix: type_usage_pairs=7 lookups=110 hits=103 dijkstra_calls=7 avg_us=11.0 total_ms=0.1
PHASE_MARK outer=0 enter=pre_solve rss=1068MB
RSS_SAMPLE t=59.3s rss=1195MB hwm=1195MB
RSS_SAMPLE t=59.5s rss=1218MB hwm=1218MB
RSS_SAMPLE t=59.8s rss=1225MB hwm=1225MB
RSS_SAMPLE t=60.0s rss=1234MB hwm=1234MB
RSS_SAMPLE t=60.3s rss=1242MB hwm=1242MB
RSS_SAMPLE t=60.5s rss=1247MB hwm=1247MB
RSS_SAMPLE t=60.8s rss=1253MB hwm=1253MB
RSS_SAMPLE t=61.0s rss=1258MB hwm=1258MB
RSS_SAMPLE t=61.3s rss=1262MB hwm=1262MB
RSS_SAMPLE t=61.5s rss=1267MB hwm=1267MB
RSS_SAMPLE t=61.8s rss=1272MB hwm=1272MB
RSS_SAMPLE t=62.0s rss=1278MB hwm=1278MB
RSS_SAMPLE t=62.3s rss=1284MB hwm=1284MB
RSS_SAMPLE t=62.5s rss=1290MB hwm=1290MB
RSS_SAMPLE t=62.8s rss=1298MB hwm=1298MB
RSS_SAMPLE t=63.0s rss=1305MB hwm=1305MB
RSS_SAMPLE t=63.3s rss=1310MB hwm=1310MB
RSS_SAMPLE t=63.5s rss=1316MB hwm=1316MB
RSS_SAMPLE t=63.8s rss=1323MB hwm=1323MB
RSS_SAMPLE t=64.0s rss=1329MB hwm=1329MB
RSS_SAMPLE t=64.3s rss=1335MB hwm=1335MB
RSS_SAMPLE t=64.5s rss=1342MB hwm=1342MB
RSS_SAMPLE t=64.8s rss=1349MB hwm=1349MB
RSS_SAMPLE t=65.0s rss=1356MB hwm=1356MB
RSS_SAMPLE t=65.3s rss=1362MB hwm=1362MB
RSS_SAMPLE t=65.5s rss=1370MB hwm=1370MB
RSS_SAMPLE t=65.8s rss=1377MB hwm=1377MB
RSS_SAMPLE t=66.0s rss=1384MB hwm=1384MB
RSS_SAMPLE t=66.3s rss=1390MB hwm=1390MB
RSS_SAMPLE t=66.5s rss=1398MB hwm=1398MB
RSS_SAMPLE t=66.8s rss=1404MB hwm=1404MB
RSS_SAMPLE t=67.0s rss=1411MB hwm=1411MB
RSS_SAMPLE t=67.3s rss=1417MB hwm=1417MB
RSS_SAMPLE t=67.5s rss=1425MB hwm=1425MB
RSS_SAMPLE t=67.8s rss=1432MB hwm=1432MB
RSS_SAMPLE t=68.0s rss=1438MB hwm=1438MB
RSS_SAMPLE t=68.3s rss=1445MB hwm=1445MB
RSS_SAMPLE t=68.5s rss=1451MB hwm=1451MB
RSS_SAMPLE t=68.8s rss=1457MB hwm=1457MB
RSS_SAMPLE t=69.0s rss=1464MB hwm=1464MB
RSS_SAMPLE t=69.3s rss=1470MB hwm=1470MB
RSS_SAMPLE t=69.5s rss=1476MB hwm=1476MB
RSS_SAMPLE t=69.8s rss=1483MB hwm=1483MB
RSS_SAMPLE t=70.0s rss=1487MB hwm=1487MB
RSS_SAMPLE t=70.3s rss=1493MB hwm=1493MB
RSS_SAMPLE t=70.5s rss=1499MB hwm=1499MB
RSS_SAMPLE t=70.8s rss=1505MB hwm=1505MB
RSS_SAMPLE t=71.0s rss=1511MB hwm=1511MB
RSS_SAMPLE t=71.3s rss=1518MB hwm=1518MB
RSS_SAMPLE t=71.5s rss=1525MB hwm=1525MB
RSS_SAMPLE t=71.8s rss=1530MB hwm=1530MB
RSS_SAMPLE t=72.0s rss=1537MB hwm=1537MB
RSS_SAMPLE t=72.3s rss=1543MB hwm=1543MB
RSS_SAMPLE t=72.5s rss=1549MB hwm=1549MB
RSS_SAMPLE t=72.8s rss=1555MB hwm=1555MB
RSS_SAMPLE t=73.0s rss=1562MB hwm=1562MB
RSS_SAMPLE t=73.3s rss=1568MB hwm=1568MB
RSS_SAMPLE t=73.5s rss=1573MB hwm=1573MB
RSS_SAMPLE t=73.8s rss=1579MB hwm=1579MB
RSS_SAMPLE t=74.0s rss=1585MB hwm=1585MB
RSS_SAMPLE t=74.3s rss=1591MB hwm=1591MB
RSS_SAMPLE t=74.6s rss=1596MB hwm=1596MB
RSS_SAMPLE t=74.8s rss=1601MB hwm=1601MB
RSS_SAMPLE t=75.1s rss=1607MB hwm=1607MB
RSS_SAMPLE t=75.3s rss=1613MB hwm=1613MB
RSS_SAMPLE t=75.6s rss=1619MB hwm=1619MB
RSS_SAMPLE t=75.8s rss=1625MB hwm=1625MB
RSS_SAMPLE t=76.1s rss=1631MB hwm=1631MB
RSS_SAMPLE t=76.3s rss=1638MB hwm=1638MB
RSS_SAMPLE t=76.6s rss=1644MB hwm=1644MB
RSS_SAMPLE t=76.8s rss=1651MB hwm=1651MB
RSS_SAMPLE t=77.1s rss=1658MB hwm=1658MB
RSS_SAMPLE t=77.3s rss=1664MB hwm=1664MB
RSS_SAMPLE t=77.6s rss=1670MB hwm=1670MB
RSS_SAMPLE t=77.8s rss=1677MB hwm=1677MB
RSS_SAMPLE t=78.1s rss=1682MB hwm=1682MB
RSS_SAMPLE t=78.3s rss=1689MB hwm=1689MB
RSS_SAMPLE t=78.6s rss=1695MB hwm=1695MB
RSS_SAMPLE t=78.8s rss=1702MB hwm=1702MB
RSS_SAMPLE t=79.1s rss=1708MB hwm=1708MB
RSS_SAMPLE t=79.3s rss=1714MB hwm=1714MB
RSS_SAMPLE t=79.6s rss=1720MB hwm=1720MB
RSS_SAMPLE t=79.8s rss=1726MB hwm=1726MB
RSS_SAMPLE t=80.1s rss=1733MB hwm=1733MB
RSS_SAMPLE t=80.3s rss=1739MB hwm=1739MB
RSS_SAMPLE t=80.6s rss=1745MB hwm=1745MB
RSS_SAMPLE t=80.8s rss=1750MB hwm=1750MB
RSS_SAMPLE t=81.1s rss=1756MB hwm=1756MB
RSS_SAMPLE t=81.3s rss=1763MB hwm=1763MB
RSS_SAMPLE t=81.6s rss=1770MB hwm=1770MB
RSS_SAMPLE t=81.8s rss=1777MB hwm=1777MB
RSS_SAMPLE t=82.1s rss=1784MB hwm=1784MB
RSS_SAMPLE t=82.3s rss=1790MB hwm=1790MB
RSS_SAMPLE t=82.6s rss=1797MB hwm=1797MB
RSS_SAMPLE t=82.8s rss=1802MB hwm=1802MB
RSS_SAMPLE t=83.1s rss=1808MB hwm=1808MB
RSS_SAMPLE t=83.3s rss=1814MB hwm=1814MB
RSS_SAMPLE t=83.6s rss=1820MB hwm=1820MB
RSS_SAMPLE t=83.8s rss=1827MB hwm=1827MB
RSS_SAMPLE t=84.1s rss=1832MB hwm=1832MB
RSS_SAMPLE t=84.3s rss=1839MB hwm=1839MB
RSS_SAMPLE t=84.6s rss=1844MB hwm=1844MB
RSS_SAMPLE t=84.8s rss=1849MB hwm=1849MB
RSS_SAMPLE t=85.1s rss=1854MB hwm=1854MB
RSS_SAMPLE t=85.3s rss=1857MB hwm=1857MB
RSS_SAMPLE t=85.6s rss=1860MB hwm=1860MB
RSS_SAMPLE t=85.8s rss=1863MB hwm=1863MB
RSS_SAMPLE t=86.1s rss=1865MB hwm=1865MB
RSS_SAMPLE t=86.3s rss=1867MB hwm=1867MB
RSS_SAMPLE t=86.6s rss=1869MB hwm=1869MB
RSS_SAMPLE t=86.8s rss=1871MB hwm=1871MB
RSS_SAMPLE t=87.1s rss=1872MB hwm=1872MB
RSS_SAMPLE t=87.3s rss=1873MB hwm=1873MB
RSS_SAMPLE t=87.6s rss=1874MB hwm=1874MB
RSS_SAMPLE t=87.8s rss=1874MB hwm=1874MB
RSS_SAMPLE t=88.1s rss=1875MB hwm=1875MB
RSS_SAMPLE t=88.3s rss=1876MB hwm=1876MB
RSS_SAMPLE t=88.6s rss=1877MB hwm=1877MB
RSS_SAMPLE t=88.8s rss=1878MB hwm=1878MB
RSS_SAMPLE t=89.1s rss=1879MB hwm=1879MB
RSS_SAMPLE t=89.3s rss=1880MB hwm=1880MB
RSS_SAMPLE t=89.6s rss=1881MB hwm=1881MB
RSS_SAMPLE t=89.8s rss=1882MB hwm=1882MB
RSS_SAMPLE t=90.1s rss=1883MB hwm=1883MB
RSS_SAMPLE t=90.3s rss=1883MB hwm=1883MB
RSS_SAMPLE t=90.6s rss=1883MB hwm=1883MB
RSS_SAMPLE t=90.8s rss=1884MB hwm=1884MB
RSS_SAMPLE t=91.1s rss=1884MB hwm=1884MB
RSS_SAMPLE t=91.3s rss=1884MB hwm=1884MB
RSS_SAMPLE t=91.6s rss=1884MB hwm=1884MB
RSS_SAMPLE t=91.8s rss=1885MB hwm=1885MB
RSS_SAMPLE t=92.1s rss=1885MB hwm=1885MB
RSS_SAMPLE t=92.3s rss=1885MB hwm=1885MB
RSS_SAMPLE t=92.6s rss=1886MB hwm=1886MB
RSS_SAMPLE t=92.8s rss=1886MB hwm=1886MB
RSS_SAMPLE t=93.1s rss=1886MB hwm=1886MB
RSS_SAMPLE t=93.3s rss=1886MB hwm=1886MB
RSS_SAMPLE t=93.6s rss=1887MB hwm=1887MB
RSS_SAMPLE t=93.8s rss=1887MB hwm=1887MB
RSS_SAMPLE t=94.1s rss=1887MB hwm=1887MB
RSS_SAMPLE t=94.3s rss=1887MB hwm=1887MB
RSS_SAMPLE t=94.6s rss=1888MB hwm=1888MB
RSS_SAMPLE t=94.8s rss=1888MB hwm=1888MB
RSS_SAMPLE t=95.1s rss=1889MB hwm=1889MB
RSS_SAMPLE t=95.3s rss=1889MB hwm=1889MB
RSS_SAMPLE t=95.6s rss=1889MB hwm=1889MB
RSS_SAMPLE t=95.8s rss=1889MB hwm=1889MB
RSS_SAMPLE t=96.1s rss=1890MB hwm=1890MB
RSS_SAMPLE t=96.3s rss=1890MB hwm=1890MB
RSS_SAMPLE t=96.6s rss=1890MB hwm=1890MB
RSS_SAMPLE t=96.8s rss=1891MB hwm=1891MB
RSS_SAMPLE t=97.1s rss=1891MB hwm=1891MB
RSS_SAMPLE t=97.3s rss=1891MB hwm=1891MB
RSS_SAMPLE t=97.6s rss=1891MB hwm=1891MB
RSS_SAMPLE t=97.8s rss=1892MB hwm=1892MB
RSS_SAMPLE t=98.1s rss=1892MB hwm=1892MB
RSS_SAMPLE t=98.3s rss=1892MB hwm=1892MB
RSS_SAMPLE t=98.6s rss=1892MB hwm=1892MB
RSS_SAMPLE t=98.8s rss=1892MB hwm=1892MB
RSS_SAMPLE t=99.1s rss=1893MB hwm=1893MB
RSS_SAMPLE t=99.3s rss=1893MB hwm=1893MB
RSS_SAMPLE t=99.6s rss=1893MB hwm=1893MB
RSS_SAMPLE t=99.8s rss=1893MB hwm=1893MB
RSS_SAMPLE t=100.1s rss=1894MB hwm=1894MB
RSS_SAMPLE t=100.3s rss=1894MB hwm=1894MB
RSS_SAMPLE t=100.6s rss=1895MB hwm=1895MB
RSS_SAMPLE t=100.8s rss=1895MB hwm=1895MB
RSS_SAMPLE t=101.1s rss=1895MB hwm=1895MB
RSS_SAMPLE t=101.3s rss=1896MB hwm=1896MB
RSS_SAMPLE t=101.6s rss=1896MB hwm=1896MB
RSS_SAMPLE t=101.8s rss=1896MB hwm=1896MB
RSS_SAMPLE t=102.1s rss=1897MB hwm=1897MB
RSS_SAMPLE t=102.3s rss=1897MB hwm=1897MB
RSS_SAMPLE t=102.6s rss=1897MB hwm=1897MB
RSS_SAMPLE t=102.8s rss=1898MB hwm=1898MB
RSS_SAMPLE t=103.1s rss=1898MB hwm=1898MB
RSS_SAMPLE t=103.3s rss=1898MB hwm=1898MB
RSS_SAMPLE t=103.6s rss=1899MB hwm=1899MB
RSS_SAMPLE t=103.8s rss=1899MB hwm=1899MB
RSS_SAMPLE t=104.1s rss=1899MB hwm=1899MB
RSS_SAMPLE t=104.3s rss=1900MB hwm=1900MB
RSS_SAMPLE t=104.6s rss=1900MB hwm=1900MB
RSS_SAMPLE t=104.8s rss=1900MB hwm=1900MB
RSS_SAMPLE t=105.1s rss=1900MB hwm=1900MB
RSS_SAMPLE t=105.3s rss=1901MB hwm=1901MB
RSS_SAMPLE t=105.6s rss=1901MB hwm=1901MB
RSS_SAMPLE t=105.8s rss=1901MB hwm=1901MB
RSS_SAMPLE t=106.1s rss=1902MB hwm=1902MB
RSS_SAMPLE t=106.3s rss=1902MB hwm=1902MB
RSS_SAMPLE t=106.6s rss=1902MB hwm=1902MB
RSS_SAMPLE t=106.8s rss=1902MB hwm=1902MB
    rss_probe[outer=0]: pre_refresh_rss=1068MB post_pre_solve_rss=1903MB cache_entries=42424857 cache_cap=69325648 cache_est_mb=600
    pre_solve_diag[outer=0]: solves=105117 fallback=0 (0.0%) cap_armed=105117 (100.0%) settle_avg=10344 settle_max=69353 init_count=254
  Cell placement by tile type (iter 0, 76660 cells):
    NULL: 31596
    CLB: 27114
    IOB_W: 15019
    CLK_BUFG: 2320
    BRAM: 351
    DSP: 182
    IOB_E: 78
    Overflow: over=0 (0.0% of used) avg_excess=0.00 max_excess=0.00 (nc=0.00 cap=0 span=0)  excess_buckets: <=1=0 1-5=0 5-20=0 >20=0  by_cap: cap1=0 cap2=0 cap3-5=0 cap>5=0  by_span: s1=0 s2-3=0 s4-6=0 s7-12=0 s>12=0  le1_cross: cap1=0 cap2-5=0 cap>5=0
    Congestion: pipes=2562403 used=0 congested(>50%)=0 saturated(>90%)=0 max_util=0.00 avg_util=0.0000
PHASE_MARK outer=0 enter=dcd_sweep rss=1903MB
RSS_SAMPLE t=107.1s rss=1903MB hwm=1903MB
RSS_SAMPLE t=107.3s rss=1903MB hwm=1903MB
RSS_SAMPLE t=107.6s rss=1903MB hwm=1903MB
RSS_SAMPLE t=107.8s rss=1903MB hwm=1903MB
RSS_SAMPLE t=108.1s rss=1903MB hwm=1903MB
RSS_SAMPLE t=108.3s rss=1904MB hwm=1904MB
RSS_SAMPLE t=108.6s rss=1904MB hwm=1904MB
RSS_SAMPLE t=108.8s rss=1904MB hwm=1904MB
RSS_SAMPLE t=109.1s rss=1904MB hwm=1904MB
RSS_SAMPLE t=109.3s rss=1904MB hwm=1904MB
RSS_SAMPLE t=109.6s rss=1904MB hwm=1904MB
RSS_SAMPLE t=109.8s rss=1904MB hwm=1904MB
RSS_SAMPLE t=110.1s rss=1905MB hwm=1905MB
RSS_SAMPLE t=110.3s rss=1905MB hwm=1905MB
RSS_SAMPLE t=110.6s rss=1905MB hwm=1905MB
RSS_SAMPLE t=110.8s rss=1905MB hwm=1905MB
RSS_SAMPLE t=111.1s rss=1905MB hwm=1905MB
RSS_SAMPLE t=111.3s rss=1905MB hwm=1905MB
RSS_SAMPLE t=111.6s rss=1906MB hwm=1906MB
RSS_SAMPLE t=111.8s rss=1906MB hwm=1906MB
RSS_SAMPLE t=112.1s rss=1906MB hwm=1906MB
RSS_SAMPLE t=112.3s rss=1906MB hwm=1906MB
RSS_SAMPLE t=112.6s rss=1906MB hwm=1906MB
RSS_SAMPLE t=112.8s rss=1906MB hwm=1906MB
RSS_SAMPLE t=113.1s rss=1907MB hwm=1907MB
RSS_SAMPLE t=113.3s rss=1907MB hwm=1907MB
RSS_SAMPLE t=113.6s rss=1907MB hwm=1907MB
RSS_SAMPLE t=113.8s rss=1907MB hwm=1907MB
RSS_SAMPLE t=114.1s rss=1907MB hwm=1907MB
PHASE_MARK outer=0 leave=dcd_sweep rss=1903MB
PHASE_MARK outer=0 enter=post_refresh rss=1903MB
RSS_SAMPLE t=114.3s rss=1903MB hwm=1903MB
RSS_SAMPLE t=114.6s rss=1936MB hwm=1936MB
RSS_SAMPLE t=114.8s rss=1937MB hwm=1937MB
RSS_SAMPLE t=115.1s rss=1937MB hwm=1937MB
RSS_SAMPLE t=115.3s rss=1937MB hwm=1937MB
RSS_SAMPLE t=115.6s rss=1937MB hwm=1937MB
RSS_SAMPLE t=115.8s rss=1937MB hwm=1937MB
RSS_SAMPLE t=116.1s rss=1937MB hwm=1937MB
RSS_SAMPLE t=116.3s rss=1937MB hwm=1937MB
RSS_SAMPLE t=116.6s rss=1937MB hwm=1937MB
RSS_SAMPLE t=116.8s rss=2345MB hwm=2345MB
RSS_SAMPLE t=117.1s rss=3262MB hwm=3262MB
RSS_SAMPLE t=117.3s rss=3555MB hwm=3555MB
RSS_SAMPLE t=117.6s rss=3661MB hwm=3661MB
RSS_SAMPLE t=117.8s rss=3729MB hwm=3729MB
RSS_SAMPLE t=118.1s rss=3759MB hwm=3759MB
RSS_SAMPLE t=118.3s rss=3768MB hwm=3768MB
RSS_SAMPLE t=118.6s rss=3782MB hwm=3782MB
RSS_SAMPLE t=118.8s rss=3794MB hwm=3794MB
RSS_SAMPLE t=119.1s rss=3803MB hwm=3803MB
RSS_SAMPLE t=119.3s rss=3828MB hwm=3828MB
RSS_SAMPLE t=119.6s rss=3834MB hwm=3834MB
RSS_SAMPLE t=119.8s rss=3846MB hwm=3846MB
RSS_SAMPLE t=120.1s rss=3848MB hwm=3848MB
RSS_SAMPLE t=120.3s rss=3856MB hwm=3856MB
RSS_SAMPLE t=120.6s rss=3857MB hwm=3857MB
RSS_SAMPLE t=120.8s rss=3872MB hwm=3872MB
RSS_SAMPLE t=121.1s rss=3874MB hwm=3874MB
RSS_SAMPLE t=121.3s rss=3875MB hwm=3875MB
RSS_SAMPLE t=121.6s rss=3875MB hwm=3875MB
RSS_SAMPLE t=121.8s rss=3883MB hwm=3883MB
RSS_SAMPLE t=122.1s rss=3889MB hwm=3889MB
RSS_SAMPLE t=122.3s rss=3891MB hwm=3891MB
RSS_SAMPLE t=122.6s rss=3893MB hwm=3893MB
RSS_SAMPLE t=122.8s rss=3893MB hwm=3893MB
RSS_SAMPLE t=123.1s rss=3896MB hwm=3896MB
RSS_SAMPLE t=123.3s rss=3896MB hwm=3896MB
RSS_SAMPLE t=123.6s rss=3902MB hwm=3902MB
RSS_SAMPLE t=123.8s rss=3902MB hwm=3902MB
RSS_SAMPLE t=124.1s rss=3904MB hwm=3904MB
RSS_SAMPLE t=124.3s rss=3904MB hwm=3904MB
RSS_SAMPLE t=124.6s rss=3907MB hwm=3907MB
RSS_SAMPLE t=124.8s rss=3907MB hwm=3907MB
RSS_SAMPLE t=125.1s rss=3916MB hwm=3916MB
RSS_SAMPLE t=125.3s rss=3921MB hwm=3921MB
RSS_SAMPLE t=125.6s rss=3921MB hwm=3921MB
RSS_SAMPLE t=125.8s rss=3923MB hwm=3923MB
RSS_SAMPLE t=126.1s rss=3925MB hwm=3925MB
RSS_SAMPLE t=126.3s rss=3925MB hwm=3925MB
RSS_SAMPLE t=126.6s rss=3925MB hwm=3925MB
RSS_SAMPLE t=126.8s rss=3926MB hwm=3926MB
RSS_SAMPLE t=127.1s rss=3926MB hwm=3926MB
RSS_SAMPLE t=127.3s rss=3926MB hwm=3926MB
RSS_SAMPLE t=127.6s rss=3927MB hwm=3927MB
RSS_SAMPLE t=127.8s rss=3928MB hwm=3928MB
RSS_SAMPLE t=128.1s rss=3931MB hwm=3931MB
RSS_SAMPLE t=128.3s rss=3932MB hwm=3932MB
RSS_SAMPLE t=128.6s rss=3932MB hwm=3932MB
RSS_SAMPLE t=128.8s rss=3932MB hwm=3932MB
RSS_SAMPLE t=129.1s rss=3933MB hwm=3933MB
RSS_SAMPLE t=129.3s rss=3933MB hwm=3933MB
RSS_SAMPLE t=129.6s rss=3933MB hwm=3933MB
RSS_SAMPLE t=129.8s rss=3933MB hwm=3933MB
RSS_SAMPLE t=130.1s rss=3934MB hwm=3934MB
RSS_SAMPLE t=130.3s rss=3934MB hwm=3934MB
RSS_SAMPLE t=130.6s rss=3935MB hwm=3935MB
RSS_SAMPLE t=130.8s rss=3935MB hwm=3935MB
RSS_SAMPLE t=131.1s rss=3936MB hwm=3936MB
RSS_SAMPLE t=131.3s rss=3936MB hwm=3936MB
RSS_SAMPLE t=131.6s rss=3937MB hwm=3937MB
RSS_SAMPLE t=131.8s rss=3937MB hwm=3937MB
RSS_SAMPLE t=132.1s rss=3938MB hwm=3938MB
RSS_SAMPLE t=132.3s rss=3942MB hwm=3942MB
RSS_SAMPLE t=132.6s rss=3945MB hwm=3945MB
RSS_SAMPLE t=132.8s rss=3945MB hwm=3945MB
RSS_SAMPLE t=133.1s rss=3945MB hwm=3945MB
RSS_SAMPLE t=133.4s rss=3946MB hwm=3946MB
RSS_SAMPLE t=133.6s rss=3947MB hwm=3947MB
RSS_SAMPLE t=133.9s rss=3947MB hwm=3947MB
RSS_SAMPLE t=134.1s rss=3948MB hwm=3948MB
RSS_SAMPLE t=134.4s rss=3949MB hwm=3949MB
RSS_SAMPLE t=134.6s rss=3950MB hwm=3950MB
RSS_SAMPLE t=134.9s rss=3951MB hwm=3951MB
RSS_SAMPLE t=135.1s rss=3953MB hwm=3953MB
RSS_SAMPLE t=135.4s rss=3953MB hwm=3953MB
RSS_SAMPLE t=135.6s rss=3953MB hwm=3953MB
RSS_SAMPLE t=135.9s rss=3954MB hwm=3954MB
RSS_SAMPLE t=136.1s rss=3955MB hwm=3955MB
RSS_SAMPLE t=136.4s rss=3955MB hwm=3955MB
RSS_SAMPLE t=136.6s rss=3956MB hwm=3956MB
RSS_SAMPLE t=136.9s rss=3957MB hwm=3957MB
RSS_SAMPLE t=137.1s rss=3958MB hwm=3958MB
RSS_SAMPLE t=137.4s rss=3959MB hwm=3959MB
RSS_SAMPLE t=137.6s rss=3960MB hwm=3960MB
RSS_SAMPLE t=137.9s rss=3962MB hwm=3962MB
RSS_SAMPLE t=138.1s rss=3962MB hwm=3962MB
RSS_SAMPLE t=138.4s rss=3963MB hwm=3963MB
RSS_SAMPLE t=138.6s rss=3964MB hwm=3964MB
RSS_SAMPLE t=138.9s rss=3965MB hwm=3965MB
RSS_SAMPLE t=139.1s rss=3965MB hwm=3965MB
RSS_SAMPLE t=139.4s rss=3966MB hwm=3966MB
RSS_SAMPLE t=139.6s rss=3967MB hwm=3967MB
RSS_SAMPLE t=139.9s rss=3968MB hwm=3968MB
RSS_SAMPLE t=140.1s rss=3968MB hwm=3968MB
RSS_SAMPLE t=140.4s rss=3969MB hwm=3969MB
RSS_SAMPLE t=140.6s rss=3970MB hwm=3970MB
RSS_SAMPLE t=140.9s rss=3970MB hwm=3970MB
RSS_SAMPLE t=141.1s rss=3970MB hwm=3970MB
RSS_SAMPLE t=141.4s rss=3971MB hwm=3971MB
RSS_SAMPLE t=141.6s rss=3972MB hwm=3972MB
RSS_SAMPLE t=141.9s rss=3973MB hwm=3973MB
RSS_SAMPLE t=142.1s rss=3973MB hwm=3973MB
RSS_SAMPLE t=142.4s rss=3974MB hwm=3974MB
RSS_SAMPLE t=142.6s rss=3974MB hwm=3974MB
RSS_SAMPLE t=142.9s rss=3974MB hwm=3974MB
RSS_SAMPLE t=143.1s rss=3975MB hwm=3975MB
RSS_SAMPLE t=143.4s rss=3976MB hwm=3976MB
RSS_SAMPLE t=143.6s rss=3977MB hwm=3977MB
RSS_SAMPLE t=143.9s rss=3977MB hwm=3977MB
RSS_SAMPLE t=144.1s rss=3977MB hwm=3977MB
RSS_SAMPLE t=144.4s rss=3978MB hwm=3978MB
RSS_SAMPLE t=144.6s rss=3979MB hwm=3979MB
RSS_SAMPLE t=144.9s rss=3979MB hwm=3979MB
RSS_SAMPLE t=145.1s rss=3979MB hwm=3979MB
RSS_SAMPLE t=145.4s rss=3979MB hwm=3979MB
RSS_SAMPLE t=145.6s rss=3980MB hwm=3980MB
RSS_SAMPLE t=145.9s rss=3980MB hwm=3980MB
RSS_SAMPLE t=146.1s rss=3981MB hwm=3981MB
RSS_SAMPLE t=146.4s rss=3981MB hwm=3981MB
RSS_SAMPLE t=146.6s rss=3981MB hwm=3981MB
RSS_SAMPLE t=146.9s rss=3981MB hwm=3981MB
RSS_SAMPLE t=147.1s rss=3982MB hwm=3982MB
RSS_SAMPLE t=147.4s rss=3982MB hwm=3982MB
RSS_SAMPLE t=147.6s rss=3982MB hwm=3982MB
RSS_SAMPLE t=147.9s rss=3982MB hwm=3982MB
RSS_SAMPLE t=148.1s rss=3982MB hwm=3982MB
RSS_SAMPLE t=148.4s rss=3983MB hwm=3983MB
RSS_SAMPLE t=148.6s rss=3983MB hwm=3983MB
RSS_SAMPLE t=148.9s rss=3983MB hwm=3983MB
RSS_SAMPLE t=149.1s rss=3984MB hwm=3984MB
RSS_SAMPLE t=149.4s rss=3984MB hwm=3984MB
RSS_SAMPLE t=149.6s rss=3985MB hwm=3985MB
RSS_SAMPLE t=149.9s rss=3986MB hwm=3986MB
RSS_SAMPLE t=150.1s rss=3986MB hwm=3986MB
RSS_SAMPLE t=150.4s rss=3986MB hwm=3986MB
RSS_SAMPLE t=150.6s rss=3987MB hwm=3987MB
RSS_SAMPLE t=150.9s rss=3987MB hwm=3987MB
RSS_SAMPLE t=151.1s rss=3988MB hwm=3988MB
RSS_SAMPLE t=151.4s rss=3988MB hwm=3988MB
RSS_SAMPLE t=151.6s rss=3989MB hwm=3989MB
RSS_SAMPLE t=151.9s rss=3989MB hwm=3989MB
RSS_SAMPLE t=152.1s rss=3989MB hwm=3989MB
RSS_SAMPLE t=152.4s rss=3989MB hwm=3989MB
RSS_SAMPLE t=152.6s rss=3990MB hwm=3990MB
RSS_SAMPLE t=152.9s rss=3990MB hwm=3990MB
RSS_SAMPLE t=153.1s rss=3990MB hwm=3990MB
RSS_SAMPLE t=153.4s rss=3991MB hwm=3991MB
RSS_SAMPLE t=153.6s rss=3991MB hwm=3991MB
RSS_SAMPLE t=153.9s rss=3991MB hwm=3991MB
RSS_SAMPLE t=154.1s rss=3992MB hwm=3992MB
RSS_SAMPLE t=154.4s rss=3992MB hwm=3992MB
RSS_SAMPLE t=154.6s rss=3992MB hwm=3992MB
RSS_SAMPLE t=154.9s rss=3993MB hwm=3993MB
RSS_SAMPLE t=155.1s rss=3994MB hwm=3994MB
RSS_SAMPLE t=155.4s rss=3994MB hwm=3994MB
RSS_SAMPLE t=155.6s rss=3994MB hwm=3994MB
RSS_SAMPLE t=155.9s rss=3995MB hwm=3995MB
RSS_SAMPLE t=156.1s rss=3995MB hwm=3995MB
RSS_SAMPLE t=156.4s rss=3997MB hwm=3997MB
RSS_SAMPLE t=156.6s rss=3997MB hwm=3997MB
RSS_SAMPLE t=156.9s rss=3997MB hwm=3997MB
RSS_SAMPLE t=157.1s rss=3997MB hwm=3997MB
RSS_SAMPLE t=157.4s rss=3998MB hwm=3998MB
RSS_SAMPLE t=157.6s rss=3999MB hwm=3999MB
RSS_SAMPLE t=157.9s rss=3999MB hwm=3999MB
RSS_SAMPLE t=158.1s rss=3999MB hwm=3999MB
RSS_SAMPLE t=158.4s rss=4000MB hwm=4000MB
RSS_SAMPLE t=158.6s rss=4000MB hwm=4000MB
RSS_SAMPLE t=158.9s rss=4001MB hwm=4001MB
RSS_SAMPLE t=159.1s rss=4001MB hwm=4001MB
RSS_SAMPLE t=159.4s rss=4001MB hwm=4001MB
RSS_SAMPLE t=159.6s rss=4002MB hwm=4002MB
RSS_SAMPLE t=159.9s rss=4002MB hwm=4002MB
RSS_SAMPLE t=160.1s rss=4003MB hwm=4003MB
RSS_SAMPLE t=160.4s rss=4003MB hwm=4003MB
RSS_SAMPLE t=160.6s rss=4003MB hwm=4003MB
RSS_SAMPLE t=160.9s rss=4004MB hwm=4004MB
RSS_SAMPLE t=161.1s rss=4004MB hwm=4004MB
RSS_SAMPLE t=161.4s rss=4005MB hwm=4005MB
RSS_SAMPLE t=161.6s rss=4005MB hwm=4005MB
RSS_SAMPLE t=161.9s rss=4006MB hwm=4006MB
RSS_SAMPLE t=162.1s rss=4006MB hwm=4006MB
RSS_SAMPLE t=162.4s rss=4007MB hwm=4007MB
RSS_SAMPLE t=162.6s rss=4007MB hwm=4007MB
RSS_SAMPLE t=162.9s rss=4008MB hwm=4008MB
RSS_SAMPLE t=163.1s rss=4009MB hwm=4009MB
RSS_SAMPLE t=163.4s rss=4009MB hwm=4009MB
RSS_SAMPLE t=163.6s rss=4010MB hwm=4010MB
RSS_SAMPLE t=163.9s rss=4011MB hwm=4011MB
RSS_SAMPLE t=164.1s rss=4011MB hwm=4011MB
RSS_SAMPLE t=164.4s rss=4011MB hwm=4011MB
RSS_SAMPLE t=164.6s rss=4012MB hwm=4012MB
RSS_SAMPLE t=164.9s rss=4012MB hwm=4012MB
RSS_SAMPLE t=165.1s rss=4012MB hwm=4012MB
RSS_SAMPLE t=165.4s rss=4013MB hwm=4013MB
RSS_SAMPLE t=165.6s rss=4013MB hwm=4013MB
RSS_SAMPLE t=165.9s rss=4014MB hwm=4014MB
RSS_SAMPLE t=166.2s rss=4014MB hwm=4014MB
RSS_SAMPLE t=166.4s rss=4015MB hwm=4015MB
RSS_SAMPLE t=166.7s rss=4015MB hwm=4015MB
RSS_SAMPLE t=166.9s rss=4017MB hwm=4017MB
RSS_SAMPLE t=167.2s rss=4018MB hwm=4018MB
RSS_SAMPLE t=167.4s rss=4019MB hwm=4019MB
RSS_SAMPLE t=167.7s rss=4019MB hwm=4019MB
RSS_SAMPLE t=167.9s rss=4020MB hwm=4020MB
RSS_SAMPLE t=168.2s rss=4021MB hwm=4021MB
RSS_SAMPLE t=168.4s rss=4021MB hwm=4021MB
RSS_SAMPLE t=168.7s rss=4022MB hwm=4022MB
RSS_SAMPLE t=168.9s rss=4023MB hwm=4023MB
RSS_SAMPLE t=169.2s rss=4024MB hwm=4024MB
RSS_SAMPLE t=169.4s rss=4024MB hwm=4024MB
RSS_SAMPLE t=169.7s rss=4025MB hwm=4025MB
RSS_SAMPLE t=169.9s rss=4025MB hwm=4025MB
RSS_SAMPLE t=170.2s rss=4026MB hwm=4026MB
RSS_SAMPLE t=170.4s rss=4027MB hwm=4027MB
RSS_SAMPLE t=170.7s rss=4028MB hwm=4028MB
RSS_SAMPLE t=170.9s rss=4029MB hwm=4029MB
RSS_SAMPLE t=171.2s rss=4030MB hwm=4030MB
RSS_SAMPLE t=171.4s rss=4031MB hwm=4031MB
RSS_SAMPLE t=171.7s rss=4032MB hwm=4032MB
RSS_SAMPLE t=171.9s rss=4033MB hwm=4033MB
RSS_SAMPLE t=172.2s rss=4034MB hwm=4034MB
RSS_SAMPLE t=172.4s rss=4035MB hwm=4035MB
RSS_SAMPLE t=172.7s rss=4035MB hwm=4035MB
RSS_SAMPLE t=172.9s rss=4036MB hwm=4036MB
RSS_SAMPLE t=173.2s rss=4036MB hwm=4036MB
RSS_SAMPLE t=173.4s rss=4037MB hwm=4037MB
RSS_SAMPLE t=173.7s rss=4038MB hwm=4038MB
RSS_SAMPLE t=173.9s rss=4039MB hwm=4039MB
RSS_SAMPLE t=174.2s rss=4039MB hwm=4039MB
RSS_SAMPLE t=174.4s rss=4040MB hwm=4040MB
RSS_SAMPLE t=174.7s rss=4040MB hwm=4040MB
RSS_SAMPLE t=174.9s rss=4040MB hwm=4040MB
RSS_SAMPLE t=175.2s rss=4040MB hwm=4040MB
RSS_SAMPLE t=175.4s rss=4041MB hwm=4041MB
RSS_SAMPLE t=175.7s rss=4041MB hwm=4041MB
RSS_SAMPLE t=175.9s rss=4041MB hwm=4041MB
RSS_SAMPLE t=176.2s rss=4041MB hwm=4041MB
RSS_SAMPLE t=176.4s rss=4041MB hwm=4041MB
RSS_SAMPLE t=176.7s rss=4041MB hwm=4041MB
RSS_SAMPLE t=176.9s rss=4041MB hwm=4041MB
RSS_SAMPLE t=177.2s rss=4041MB hwm=4041MB
RSS_SAMPLE t=177.4s rss=4041MB hwm=4041MB
RSS_SAMPLE t=177.7s rss=4041MB hwm=4041MB
RSS_SAMPLE t=177.9s rss=4041MB hwm=4041MB
RSS_SAMPLE t=178.2s rss=4041MB hwm=4041MB
RSS_SAMPLE t=178.4s rss=4041MB hwm=4041MB
RSS_SAMPLE t=178.7s rss=4041MB hwm=4041MB
RSS_SAMPLE t=178.9s rss=4041MB hwm=4041MB
RSS_SAMPLE t=179.2s rss=4041MB hwm=4041MB
RSS_SAMPLE t=179.4s rss=4041MB hwm=4041MB
RSS_SAMPLE t=179.7s rss=4041MB hwm=4041MB
RSS_SAMPLE t=179.9s rss=4041MB hwm=4041MB
RSS_SAMPLE t=180.2s rss=4042MB hwm=4042MB
RSS_SAMPLE t=180.4s rss=4042MB hwm=4042MB
RSS_SAMPLE t=180.7s rss=4042MB hwm=4042MB
RSS_SAMPLE t=180.9s rss=4042MB hwm=4042MB
RSS_SAMPLE t=181.2s rss=4042MB hwm=4042MB
RSS_SAMPLE t=181.4s rss=4042MB hwm=4042MB
RSS_SAMPLE t=181.7s rss=4042MB hwm=4042MB
RSS_SAMPLE t=181.9s rss=4042MB hwm=4042MB
RSS_SAMPLE t=182.2s rss=4042MB hwm=4042MB
RSS_SAMPLE t=182.4s rss=4042MB hwm=4042MB
RSS_SAMPLE t=182.7s rss=4042MB hwm=4042MB
RSS_SAMPLE t=182.9s rss=4042MB hwm=4042MB
RSS_SAMPLE t=183.2s rss=4043MB hwm=4043MB
RSS_SAMPLE t=183.4s rss=4043MB hwm=4043MB
RSS_SAMPLE t=183.7s rss=4043MB hwm=4043MB
RSS_SAMPLE t=183.9s rss=4043MB hwm=4043MB
RSS_SAMPLE t=184.2s rss=4043MB hwm=4043MB
RSS_SAMPLE t=184.4s rss=4043MB hwm=4043MB
RSS_SAMPLE t=184.7s rss=4043MB hwm=4043MB
RSS_SAMPLE t=184.9s rss=4043MB hwm=4043MB
RSS_SAMPLE t=185.2s rss=4043MB hwm=4043MB
RSS_SAMPLE t=185.4s rss=4043MB hwm=4043MB
RSS_SAMPLE t=185.7s rss=4043MB hwm=4043MB
RSS_SAMPLE t=185.9s rss=4043MB hwm=4043MB
RSS_SAMPLE t=186.2s rss=4043MB hwm=4043MB
RSS_SAMPLE t=186.4s rss=4043MB hwm=4043MB
RSS_SAMPLE t=186.7s rss=4043MB hwm=4043MB
RSS_SAMPLE t=186.9s rss=4043MB hwm=4043MB
RSS_SAMPLE t=187.2s rss=4043MB hwm=4043MB
RSS_SAMPLE t=187.4s rss=4044MB hwm=4044MB
RSS_SAMPLE t=187.7s rss=4044MB hwm=4044MB
RSS_SAMPLE t=187.9s rss=4044MB hwm=4044MB
RSS_SAMPLE t=188.2s rss=4044MB hwm=4044MB
RSS_SAMPLE t=188.4s rss=4044MB hwm=4044MB
RSS_SAMPLE t=188.7s rss=4044MB hwm=4044MB
RSS_SAMPLE t=188.9s rss=4044MB hwm=4044MB
RSS_SAMPLE t=189.2s rss=4044MB hwm=4044MB
RSS_SAMPLE t=189.4s rss=4044MB hwm=4044MB
RSS_SAMPLE t=189.7s rss=4044MB hwm=4044MB
RSS_SAMPLE t=189.9s rss=4044MB hwm=4044MB
RSS_SAMPLE t=190.2s rss=4044MB hwm=4044MB
RSS_SAMPLE t=190.4s rss=4044MB hwm=4044MB
RSS_SAMPLE t=190.7s rss=4044MB hwm=4044MB
RSS_SAMPLE t=190.9s rss=4045MB hwm=4045MB
RSS_SAMPLE t=191.2s rss=4045MB hwm=4045MB
RSS_SAMPLE t=191.4s rss=4045MB hwm=4045MB
RSS_SAMPLE t=191.7s rss=4045MB hwm=4045MB
RSS_SAMPLE t=191.9s rss=4045MB hwm=4045MB
RSS_SAMPLE t=192.2s rss=4045MB hwm=4045MB
RSS_SAMPLE t=192.4s rss=4045MB hwm=4045MB
RSS_SAMPLE t=192.7s rss=4045MB hwm=4045MB
RSS_SAMPLE t=192.9s rss=4045MB hwm=4045MB
RSS_SAMPLE t=193.2s rss=4045MB hwm=4045MB
RSS_SAMPLE t=193.4s rss=4045MB hwm=4045MB
RSS_SAMPLE t=193.7s rss=4045MB hwm=4045MB
RSS_SAMPLE t=193.9s rss=4045MB hwm=4045MB
RSS_SAMPLE t=194.2s rss=4045MB hwm=4045MB
RSS_SAMPLE t=194.4s rss=4045MB hwm=4045MB
RSS_SAMPLE t=194.7s rss=4045MB hwm=4045MB
RSS_SAMPLE t=194.9s rss=4045MB hwm=4045MB
RSS_SAMPLE t=195.2s rss=4045MB hwm=4045MB
RSS_SAMPLE t=195.4s rss=4045MB hwm=4045MB
RSS_SAMPLE t=195.7s rss=4045MB hwm=4045MB
RSS_SAMPLE t=195.9s rss=4046MB hwm=4046MB
RSS_SAMPLE t=196.2s rss=4046MB hwm=4046MB
RSS_SAMPLE t=196.4s rss=4046MB hwm=4046MB
RSS_SAMPLE t=196.7s rss=4046MB hwm=4046MB
RSS_SAMPLE t=196.9s rss=4046MB hwm=4046MB
RSS_SAMPLE t=197.2s rss=4046MB hwm=4046MB
RSS_SAMPLE t=197.4s rss=4046MB hwm=4046MB
RSS_SAMPLE t=197.7s rss=4046MB hwm=4046MB
RSS_SAMPLE t=197.9s rss=4046MB hwm=4046MB
RSS_SAMPLE t=198.2s rss=4046MB hwm=4046MB
RSS_SAMPLE t=198.4s rss=4046MB hwm=4046MB
RSS_SAMPLE t=198.7s rss=4046MB hwm=4046MB
RSS_SAMPLE t=198.9s rss=4046MB hwm=4046MB
RSS_SAMPLE t=199.2s rss=4046MB hwm=4046MB
RSS_SAMPLE t=199.4s rss=4046MB hwm=4046MB
RSS_SAMPLE t=199.7s rss=4046MB hwm=4046MB
RSS_SAMPLE t=199.9s rss=4046MB hwm=4046MB
MEM_POOL: workspaces=32 dense_usage_mb=1251 n_pipes=2562403
    rss_probe[outer=0]: pre_post_solve=1937MB post_post_solve=4066MB after_apply=4066MB
MuxSlotTracker[sweep 0 LEAK]: populated_cells=59706, overflow_tiles=4, at_cap_tiles=1782, peak_excess=13, capacity_hist={16:67346}
    E_decomp: base=10817723.6 eff=11370794.4 cong=553070.7 cong_share=4.9% sat_pipes=171849 max_util=1123.37  R_buckets: 1-2x=2562403 2-10x=0 10-100x=0 >=100x=0
    E_potential: beckmann=13810431122079.4 history_total=0.0
    SpanCache: epoch=1 entries=110 lookups=2562403 hits=2562293 misses=110 hit_rate=100.0%
  DCD   0: nets=105117 line=17492391 energy=2436167.351 dE=+0.000 friction=4612799.6 bins=2.7x(1246) excess=680.3 moved=59514 disp=inf solves=210234 skip=0 pops=2128481266 theta=0.250 refresh=133664ms dcd=7273ms total=143402ms
    cache_stats: entries=50884426 capacity=85303036 est_mb=737 rss_mb=4050
RSS_SAMPLE t=200.2s rss=4044MB hwm=4061MB
RSS_SAMPLE t=200.4s rss=4050MB hwm=4061MB
RSS_SAMPLE t=200.7s rss=4050MB hwm=4061MB
RSS_SAMPLE t=200.9s rss=4050MB hwm=4061MB
RSS_SAMPLE t=201.2s rss=4050MB hwm=4061MB
RSS_SAMPLE t=201.4s rss=4050MB hwm=4061MB
RSS_SAMPLE t=201.7s rss=4050MB hwm=4061MB
RSS_SAMPLE t=201.9s rss=4050MB hwm=4061MB
RSS_SAMPLE t=202.2s rss=4050MB hwm=4061MB
RSS_SAMPLE t=202.4s rss=4050MB hwm=4061MB
RSS_SAMPLE t=202.7s rss=4050MB hwm=4061MB
    SwitchMatrix: type_usage_pairs=929 lookups=2627 hits=1698 dijkstra_calls=929 avg_us=12.5 total_ms=11.6
PHASE_MARK outer=1 enter=pre_solve rss=4050MB
    rss_probe[outer=1]: pre_refresh_rss=4050MB post_pre_solve_rss=4050MB cache_entries=50884426 cache_cap=85303036 cache_est_mb=737
    pre_solve_diag[outer=1]: solves=0 fallback=0 (0.0%) cap_armed=0 (0.0%) settle_avg=0 settle_max=0 init_count=251
    Overflow: over=153772 (6.0% of used) avg_excess=3.08 max_excess=1536.00 (nc=1560.00 cap=24 span=1)  excess_buckets: <=1=63261 1-5=66847 5-20=20957 >20=2707  by_cap: cap1=68422 cap2=55802 cap3-5=188 cap>5=29360  by_span: s1=1822 s2-3=2107 s4-6=17229 s7-12=61312 s>12=71302  le1_cross: cap1=34654 cap2-5=25465 cap>5=3142
    Congestion: pipes=2562403 used=2562403 congested(>50%)=317823 saturated(>90%)=171849 max_util=1123.37 avg_util=0.3002
PHASE_MARK outer=1 enter=dcd_sweep rss=4050MB
RSS_SAMPLE t=202.9s rss=4050MB hwm=4061MB
RSS_SAMPLE t=203.2s rss=4050MB hwm=4061MB
RSS_SAMPLE t=203.4s rss=4050MB hwm=4061MB
RSS_SAMPLE t=203.7s rss=4050MB hwm=4061MB
RSS_SAMPLE t=203.9s rss=4050MB hwm=4061MB
RSS_SAMPLE t=204.2s rss=4050MB hwm=4061MB
RSS_SAMPLE t=204.4s rss=4050MB hwm=4061MB
RSS_SAMPLE t=204.7s rss=4050MB hwm=4061MB
RSS_SAMPLE t=204.9s rss=4050MB hwm=4061MB
RSS_SAMPLE t=205.2s rss=4050MB hwm=4061MB
RSS_SAMPLE t=205.4s rss=4050MB hwm=4061MB
RSS_SAMPLE t=205.7s rss=4050MB hwm=4061MB
RSS_SAMPLE t=205.9s rss=4050MB hwm=4061MB
RSS_SAMPLE t=206.2s rss=4050MB hwm=4061MB
RSS_SAMPLE t=206.4s rss=4050MB hwm=4061MB
RSS_SAMPLE t=206.7s rss=4050MB hwm=4061MB
RSS_SAMPLE t=206.9s rss=4050MB hwm=4061MB
RSS_SAMPLE t=207.2s rss=4050MB hwm=4061MB
RSS_SAMPLE t=207.4s rss=4050MB hwm=4061MB
RSS_SAMPLE t=207.7s rss=4050MB hwm=4061MB
RSS_SAMPLE t=207.9s rss=4050MB hwm=4061MB
RSS_SAMPLE t=208.2s rss=4050MB hwm=4061MB
RSS_SAMPLE t=208.4s rss=4050MB hwm=4061MB
RSS_SAMPLE t=208.7s rss=4050MB hwm=4061MB
RSS_SAMPLE t=208.9s rss=4050MB hwm=4061MB
RSS_SAMPLE t=209.2s rss=4050MB hwm=4061MB
RSS_SAMPLE t=209.4s rss=4050MB hwm=4061MB
PHASE_MARK outer=1 leave=dcd_sweep rss=4050MB
PHASE_MARK outer=1 enter=post_refresh rss=4050MB
RSS_SAMPLE t=209.7s rss=4061MB hwm=4061MB
RSS_SAMPLE t=209.9s rss=4061MB hwm=4061MB
RSS_SAMPLE t=210.2s rss=4061MB hwm=4061MB
RSS_SAMPLE t=210.4s rss=4061MB hwm=4061MB
RSS_SAMPLE t=210.7s rss=4061MB hwm=4061MB
RSS_SAMPLE t=210.9s rss=4061MB hwm=4061MB
RSS_SAMPLE t=211.2s rss=4061MB hwm=4061MB
RSS_SAMPLE t=211.4s rss=4061MB hwm=4061MB
RSS_SAMPLE t=211.7s rss=4061MB hwm=4061MB
RSS_SAMPLE t=211.9s rss=4062MB hwm=4062MB
RSS_SAMPLE t=212.2s rss=4145MB hwm=4145MB
RSS_SAMPLE t=212.4s rss=4179MB hwm=4179MB
RSS_SAMPLE t=212.7s rss=4192MB hwm=4192MB
RSS_SAMPLE t=212.9s rss=4203MB hwm=4203MB
RSS_SAMPLE t=213.2s rss=4222MB hwm=4222MB
RSS_SAMPLE t=213.4s rss=4226MB hwm=4226MB
RSS_SAMPLE t=213.7s rss=4229MB hwm=4229MB
RSS_SAMPLE t=213.9s rss=4232MB hwm=4232MB
RSS_SAMPLE t=214.2s rss=4233MB hwm=4233MB
RSS_SAMPLE t=214.4s rss=4235MB hwm=4235MB
RSS_SAMPLE t=214.7s rss=4241MB hwm=4241MB
RSS_SAMPLE t=214.9s rss=4243MB hwm=4243MB
RSS_SAMPLE t=215.2s rss=4244MB hwm=4244MB
RSS_SAMPLE t=215.4s rss=4244MB hwm=4244MB
RSS_SAMPLE t=215.7s rss=4245MB hwm=4245MB
RSS_SAMPLE t=215.9s rss=4247MB hwm=4247MB
RSS_SAMPLE t=216.2s rss=4247MB hwm=4247MB
RSS_SAMPLE t=216.4s rss=4247MB hwm=4247MB
RSS_SAMPLE t=216.7s rss=4248MB hwm=4248MB
RSS_SAMPLE t=216.9s rss=4249MB hwm=4249MB
RSS_SAMPLE t=217.2s rss=4249MB hwm=4249MB
RSS_SAMPLE t=217.4s rss=4249MB hwm=4249MB
RSS_SAMPLE t=217.7s rss=4250MB hwm=4250MB
RSS_SAMPLE t=217.9s rss=4251MB hwm=4251MB
RSS_SAMPLE t=218.2s rss=4252MB hwm=4252MB
RSS_SAMPLE t=218.4s rss=4253MB hwm=4253MB
RSS_SAMPLE t=218.7s rss=4253MB hwm=4253MB
RSS_SAMPLE t=218.9s rss=4253MB hwm=4253MB
RSS_SAMPLE t=219.2s rss=4254MB hwm=4254MB
RSS_SAMPLE t=219.4s rss=4254MB hwm=4254MB
RSS_SAMPLE t=219.7s rss=4255MB hwm=4255MB
RSS_SAMPLE t=219.9s rss=4255MB hwm=4255MB
RSS_SAMPLE t=220.2s rss=4255MB hwm=4255MB
RSS_SAMPLE t=220.4s rss=4256MB hwm=4256MB
RSS_SAMPLE t=220.7s rss=4256MB hwm=4256MB
RSS_SAMPLE t=220.9s rss=4257MB hwm=4257MB
RSS_SAMPLE t=221.2s rss=4257MB hwm=4257MB
RSS_SAMPLE t=221.4s rss=4257MB hwm=4257MB
RSS_SAMPLE t=221.7s rss=4257MB hwm=4257MB
RSS_SAMPLE t=221.9s rss=4257MB hwm=4257MB
RSS_SAMPLE t=222.2s rss=4257MB hwm=4257MB
RSS_SAMPLE t=222.4s rss=4258MB hwm=4258MB
RSS_SAMPLE t=222.7s rss=4258MB hwm=4258MB
RSS_SAMPLE t=222.9s rss=4259MB hwm=4259MB
RSS_SAMPLE t=223.2s rss=4259MB hwm=4259MB
RSS_SAMPLE t=223.4s rss=4259MB hwm=4259MB
RSS_SAMPLE t=223.7s rss=4260MB hwm=4260MB
RSS_SAMPLE t=223.9s rss=4260MB hwm=4260MB
RSS_SAMPLE t=224.2s rss=4260MB hwm=4260MB
RSS_SAMPLE t=224.5s rss=4260MB hwm=4260MB
RSS_SAMPLE t=224.7s rss=4261MB hwm=4261MB
RSS_SAMPLE t=225.0s rss=4261MB hwm=4261MB
RSS_SAMPLE t=225.2s rss=4261MB hwm=4261MB
RSS_SAMPLE t=225.5s rss=4262MB hwm=4262MB
RSS_SAMPLE t=225.7s rss=4262MB hwm=4262MB
RSS_SAMPLE t=226.0s rss=4262MB hwm=4262MB
RSS_SAMPLE t=226.2s rss=4263MB hwm=4263MB
RSS_SAMPLE t=226.5s rss=4263MB hwm=4263MB
RSS_SAMPLE t=226.7s rss=4264MB hwm=4264MB
RSS_SAMPLE t=227.0s rss=4264MB hwm=4264MB
RSS_SAMPLE t=227.2s rss=4264MB hwm=4264MB
RSS_SAMPLE t=227.5s rss=4265MB hwm=4265MB
RSS_SAMPLE t=227.7s rss=4265MB hwm=4265MB
RSS_SAMPLE t=228.0s rss=4265MB hwm=4265MB
RSS_SAMPLE t=228.2s rss=4265MB hwm=4265MB
RSS_SAMPLE t=228.5s rss=4265MB hwm=4265MB
RSS_SAMPLE t=228.7s rss=4265MB hwm=4265MB
RSS_SAMPLE t=229.0s rss=4266MB hwm=4266MB
RSS_SAMPLE t=229.2s rss=4266MB hwm=4266MB
RSS_SAMPLE t=229.5s rss=4267MB hwm=4267MB
RSS_SAMPLE t=229.7s rss=4267MB hwm=4267MB
RSS_SAMPLE t=230.0s rss=4267MB hwm=4267MB
RSS_SAMPLE t=230.2s rss=4267MB hwm=4267MB
RSS_SAMPLE t=230.5s rss=4268MB hwm=4268MB
RSS_SAMPLE t=230.7s rss=4268MB hwm=4268MB
RSS_SAMPLE t=231.0s rss=4268MB hwm=4268MB
RSS_SAMPLE t=231.2s rss=4268MB hwm=4268MB
RSS_SAMPLE t=231.5s rss=4269MB hwm=4269MB
RSS_SAMPLE t=231.7s rss=4269MB hwm=4269MB
RSS_SAMPLE t=232.0s rss=4269MB hwm=4269MB
RSS_SAMPLE t=232.2s rss=4270MB hwm=4270MB
RSS_SAMPLE t=232.5s rss=4271MB hwm=4271MB
RSS_SAMPLE t=232.7s rss=4271MB hwm=4271MB
RSS_SAMPLE t=233.0s rss=4271MB hwm=4271MB
RSS_SAMPLE t=233.2s rss=4272MB hwm=4272MB
RSS_SAMPLE t=233.5s rss=4272MB hwm=4272MB
RSS_SAMPLE t=233.7s rss=4272MB hwm=4272MB
RSS_SAMPLE t=234.0s rss=4273MB hwm=4273MB
RSS_SAMPLE t=234.2s rss=4273MB hwm=4273MB
RSS_SAMPLE t=234.5s rss=4273MB hwm=4273MB
RSS_SAMPLE t=234.7s rss=4274MB hwm=4274MB
RSS_SAMPLE t=235.0s rss=4274MB hwm=4274MB
RSS_SAMPLE t=235.2s rss=4275MB hwm=4275MB
RSS_SAMPLE t=235.5s rss=4275MB hwm=4275MB
RSS_SAMPLE t=235.7s rss=4276MB hwm=4276MB
RSS_SAMPLE t=236.0s rss=4277MB hwm=4277MB
RSS_SAMPLE t=236.2s rss=4277MB hwm=4277MB
RSS_SAMPLE t=236.5s rss=4277MB hwm=4277MB
RSS_SAMPLE t=236.7s rss=4277MB hwm=4277MB
RSS_SAMPLE t=237.0s rss=4278MB hwm=4278MB
RSS_SAMPLE t=237.2s rss=4278MB hwm=4278MB
RSS_SAMPLE t=237.5s rss=4278MB hwm=4278MB
RSS_SAMPLE t=237.7s rss=4278MB hwm=4278MB
RSS_SAMPLE t=238.0s rss=4278MB hwm=4278MB
RSS_SAMPLE t=238.2s rss=4278MB hwm=4278MB
RSS_SAMPLE t=238.5s rss=4278MB hwm=4278MB
RSS_SAMPLE t=238.7s rss=4278MB hwm=4278MB
RSS_SAMPLE t=239.0s rss=4278MB hwm=4278MB
RSS_SAMPLE t=239.2s rss=4278MB hwm=4278MB
RSS_SAMPLE t=239.5s rss=4278MB hwm=4278MB
RSS_SAMPLE t=239.7s rss=4278MB hwm=4278MB
RSS_SAMPLE t=240.0s rss=4278MB hwm=4278MB
RSS_SAMPLE t=240.2s rss=4278MB hwm=4278MB
RSS_SAMPLE t=240.5s rss=4278MB hwm=4278MB
RSS_SAMPLE t=240.7s rss=4279MB hwm=4279MB
RSS_SAMPLE t=241.0s rss=4279MB hwm=4279MB
RSS_SAMPLE t=241.2s rss=4279MB hwm=4279MB
RSS_SAMPLE t=241.5s rss=4279MB hwm=4279MB
RSS_SAMPLE t=241.7s rss=4279MB hwm=4279MB
RSS_SAMPLE t=242.0s rss=4279MB hwm=4279MB
RSS_SAMPLE t=242.2s rss=4279MB hwm=4279MB
RSS_SAMPLE t=242.5s rss=4279MB hwm=4279MB
RSS_SAMPLE t=242.7s rss=4279MB hwm=4279MB
RSS_SAMPLE t=243.0s rss=4279MB hwm=4279MB
RSS_SAMPLE t=243.2s rss=4279MB hwm=4279MB
RSS_SAMPLE t=243.5s rss=4279MB hwm=4279MB
RSS_SAMPLE t=243.7s rss=4279MB hwm=4279MB
RSS_SAMPLE t=244.0s rss=4279MB hwm=4279MB
RSS_SAMPLE t=244.2s rss=4279MB hwm=4279MB
RSS_SAMPLE t=244.5s rss=4279MB hwm=4279MB
RSS_SAMPLE t=244.7s rss=4279MB hwm=4279MB
RSS_SAMPLE t=245.0s rss=4279MB hwm=4279MB
RSS_SAMPLE t=245.2s rss=4279MB hwm=4279MB
RSS_SAMPLE t=245.5s rss=4279MB hwm=4279MB
RSS_SAMPLE t=245.7s rss=4279MB hwm=4279MB
RSS_SAMPLE t=246.0s rss=4279MB hwm=4279MB
RSS_SAMPLE t=246.2s rss=4279MB hwm=4279MB
RSS_SAMPLE t=246.5s rss=4279MB hwm=4279MB
RSS_SAMPLE t=246.7s rss=4279MB hwm=4279MB
RSS_SAMPLE t=247.0s rss=4279MB hwm=4279MB
RSS_SAMPLE t=247.2s rss=4279MB hwm=4279MB
RSS_SAMPLE t=247.5s rss=4279MB hwm=4279MB
RSS_SAMPLE t=247.7s rss=4279MB hwm=4279MB
RSS_SAMPLE t=248.0s rss=4279MB hwm=4279MB
RSS_SAMPLE t=248.2s rss=4279MB hwm=4279MB
RSS_SAMPLE t=248.5s rss=4279MB hwm=4279MB
RSS_SAMPLE t=248.7s rss=4279MB hwm=4279MB
RSS_SAMPLE t=249.0s rss=4279MB hwm=4279MB
RSS_SAMPLE t=249.2s rss=4279MB hwm=4279MB
RSS_SAMPLE t=249.5s rss=4279MB hwm=4279MB
RSS_SAMPLE t=249.7s rss=4279MB hwm=4279MB
RSS_SAMPLE t=250.0s rss=4279MB hwm=4279MB
RSS_SAMPLE t=250.2s rss=4279MB hwm=4279MB
RSS_SAMPLE t=250.5s rss=4279MB hwm=4279MB
RSS_SAMPLE t=250.7s rss=4279MB hwm=4279MB
RSS_SAMPLE t=251.0s rss=4279MB hwm=4279MB
RSS_SAMPLE t=251.2s rss=4279MB hwm=4279MB
RSS_SAMPLE t=251.5s rss=4279MB hwm=4279MB
RSS_SAMPLE t=251.7s rss=4279MB hwm=4279MB
RSS_SAMPLE t=252.0s rss=4279MB hwm=4279MB
RSS_SAMPLE t=252.2s rss=4279MB hwm=4279MB
RSS_SAMPLE t=252.5s rss=4279MB hwm=4279MB
RSS_SAMPLE t=252.7s rss=4279MB hwm=4279MB
RSS_SAMPLE t=253.0s rss=4279MB hwm=4279MB
RSS_SAMPLE t=253.2s rss=4279MB hwm=4279MB
RSS_SAMPLE t=253.5s rss=4279MB hwm=4279MB
RSS_SAMPLE t=253.7s rss=4279MB hwm=4279MB
RSS_SAMPLE t=254.0s rss=4279MB hwm=4279MB
RSS_SAMPLE t=254.2s rss=4279MB hwm=4279MB
RSS_SAMPLE t=254.5s rss=4279MB hwm=4279MB
RSS_SAMPLE t=254.7s rss=4279MB hwm=4279MB
RSS_SAMPLE t=255.0s rss=4279MB hwm=4279MB
RSS_SAMPLE t=255.2s rss=4279MB hwm=4279MB
RSS_SAMPLE t=255.5s rss=4279MB hwm=4279MB
RSS_SAMPLE t=255.7s rss=4279MB hwm=4279MB
RSS_SAMPLE t=256.0s rss=4279MB hwm=4279MB
RSS_SAMPLE t=256.2s rss=4279MB hwm=4279MB
RSS_SAMPLE t=256.5s rss=4279MB hwm=4279MB
RSS_SAMPLE t=256.7s rss=4279MB hwm=4279MB
MEM_POOL: workspaces=32 dense_usage_mb=1251 n_pipes=2562403
    rss_probe[outer=1]: pre_post_solve=4062MB post_post_solve=4299MB after_apply=4299MB
MuxSlotTracker[sweep 1 LEAK]: populated_cells=63929, overflow_tiles=1, at_cap_tiles=1260, peak_excess=2, capacity_hist={16:67346}
    E_decomp: base=9169577.2 eff=80570976243632.2 cong=80570967074055.0 cong_share=100.0% sat_pipes=134251 max_util=2846.15  R_buckets: 1-2x=134341 2-10x=1112 10-100x=609 >=100x=2426341
    E_potential: beckmann=16264062125143836.0 history_total=0.0
    SpanCache: epoch=2 entries=2627 lookups=2562403 hits=2559776 misses=2627 hit_rate=99.9%
  DCD   1: nets=105117 line=17039249 energy=8728226248.554 dE=+8725790081.202 friction=311406217.7 bins=2.0x(1071) excess=359.7 moved=63530 disp=14.496 solves=105117 skip=105117 pops=947629325 theta=1.118 refresh=47272ms dcd=6837ms total=56711ms
    cache_stats: entries=48123380 capacity=83375925 est_mb=720 rss_mb=4300
RSS_SAMPLE t=257.0s rss=4300MB hwm=4300MB
RSS_SAMPLE t=257.2s rss=4300MB hwm=4300MB
RSS_SAMPLE t=257.5s rss=4300MB hwm=4300MB
RSS_SAMPLE t=257.7s rss=4300MB hwm=4300MB
RSS_SAMPLE t=258.0s rss=4300MB hwm=4300MB
RSS_SAMPLE t=258.2s rss=4300MB hwm=4300MB
RSS_SAMPLE t=258.5s rss=4300MB hwm=4300MB
RSS_SAMPLE t=258.7s rss=4300MB hwm=4300MB
RSS_SAMPLE t=259.0s rss=4300MB hwm=4300MB
RSS_SAMPLE t=259.2s rss=4300MB hwm=4300MB
    SwitchMatrix: type_usage_pairs=1423 lookups=3408 hits=1985 dijkstra_calls=1423 avg_us=9.1 total_ms=12.9
PHASE_MARK outer=2 enter=pre_solve rss=4300MB
    rss_probe[outer=2]: pre_refresh_rss=4300MB post_pre_solve_rss=4313MB cache_entries=48123380 cache_cap=83375925 cache_est_mb=720
    pre_solve_diag[outer=2]: solves=0 fallback=0 (0.0%) cap_armed=0 (0.0%) settle_avg=0 settle_max=0 init_count=242
    Overflow: over=122134 (4.8% of used) avg_excess=11.40 max_excess=3456.54 (nc=3480.54 cap=24 span=1)  excess_buckets: <=1=44183 1-5=56274 5-20=16312 >20=5365  by_cap: cap1=33938 cap2=78462 cap3-5=34 cap>5=9700  by_span: s1=697 s2-3=1724 s4-6=6014 s7-12=79204 s>12=34495  le1_cross: cap1=23591 cap2-5=18666 cap>5=1926
    Congestion: pipes=2562403 used=2562403 congested(>50%)=218321 saturated(>90%)=134251 max_util=2846.15 avg_util=0.3304
PHASE_MARK outer=2 enter=dcd_sweep rss=4313MB
RSS_SAMPLE t=259.5s rss=4313MB hwm=4313MB
RSS_SAMPLE t=259.7s rss=4313MB hwm=4313MB
RSS_SAMPLE t=260.0s rss=4314MB hwm=4314MB
RSS_SAMPLE t=260.2s rss=4314MB hwm=4314MB
RSS_SAMPLE t=260.5s rss=4314MB hwm=4314MB
RSS_SAMPLE t=260.7s rss=4314MB hwm=4314MB
RSS_SAMPLE t=261.0s rss=4314MB hwm=4314MB
RSS_SAMPLE t=261.2s rss=4314MB hwm=4314MB
RSS_SAMPLE t=261.5s rss=4315MB hwm=4315MB
RSS_SAMPLE t=261.7s rss=4315MB hwm=4315MB
RSS_SAMPLE t=262.0s rss=4315MB hwm=4315MB
RSS_SAMPLE t=262.2s rss=4315MB hwm=4315MB
RSS_SAMPLE t=262.5s rss=4315MB hwm=4315MB
RSS_SAMPLE t=262.7s rss=4315MB hwm=4315MB
RSS_SAMPLE t=263.0s rss=4316MB hwm=4316MB
RSS_SAMPLE t=263.2s rss=4316MB hwm=4316MB
RSS_SAMPLE t=263.5s rss=4316MB hwm=4316MB
RSS_SAMPLE t=263.7s rss=4316MB hwm=4316MB
RSS_SAMPLE t=264.0s rss=4316MB hwm=4316MB
RSS_SAMPLE t=264.2s rss=4316MB hwm=4316MB
RSS_SAMPLE t=264.5s rss=4317MB hwm=4317MB
RSS_SAMPLE t=264.7s rss=4317MB hwm=4317MB
RSS_SAMPLE t=265.0s rss=4317MB hwm=4317MB
RSS_SAMPLE t=265.2s rss=4317MB hwm=4317MB
RSS_SAMPLE t=265.5s rss=4317MB hwm=4317MB
RSS_SAMPLE t=265.7s rss=4317MB hwm=4317MB
RSS_SAMPLE t=266.0s rss=4318MB hwm=4318MB
RSS_SAMPLE t=266.2s rss=4318MB hwm=4318MB
PHASE_MARK outer=2 leave=dcd_sweep rss=4318MB
PHASE_MARK outer=2 enter=post_refresh rss=4318MB
RSS_SAMPLE t=266.5s rss=4321MB hwm=4321MB
RSS_SAMPLE t=266.7s rss=4321MB hwm=4321MB
RSS_SAMPLE t=267.0s rss=4321MB hwm=4321MB
RSS_SAMPLE t=267.2s rss=4321MB hwm=4321MB
RSS_SAMPLE t=267.5s rss=4321MB hwm=4321MB
RSS_SAMPLE t=267.7s rss=4321MB hwm=4321MB
RSS_SAMPLE t=268.0s rss=4321MB hwm=4321MB
RSS_SAMPLE t=268.2s rss=4321MB hwm=4321MB
RSS_SAMPLE t=268.5s rss=4321MB hwm=4321MB
RSS_SAMPLE t=268.7s rss=4321MB hwm=4321MB
RSS_SAMPLE t=269.0s rss=4321MB hwm=4321MB
RSS_SAMPLE t=269.2s rss=4322MB hwm=4322MB
RSS_SAMPLE t=269.5s rss=4322MB hwm=4322MB
RSS_SAMPLE t=269.7s rss=4322MB hwm=4322MB
RSS_SAMPLE t=270.0s rss=4322MB hwm=4322MB
RSS_SAMPLE t=270.2s rss=4323MB hwm=4323MB
RSS_SAMPLE t=270.5s rss=4323MB hwm=4323MB
RSS_SAMPLE t=270.7s rss=4323MB hwm=4323MB
RSS_SAMPLE t=271.0s rss=4324MB hwm=4324MB
RSS_SAMPLE t=271.2s rss=4324MB hwm=4324MB
RSS_SAMPLE t=271.5s rss=4324MB hwm=4324MB
RSS_SAMPLE t=271.7s rss=4324MB hwm=4324MB
RSS_SAMPLE t=272.0s rss=4324MB hwm=4324MB
RSS_SAMPLE t=272.2s rss=4324MB hwm=4324MB
RSS_SAMPLE t=272.5s rss=4324MB hwm=4324MB
RSS_SAMPLE t=272.7s rss=4325MB hwm=4325MB
RSS_SAMPLE t=273.0s rss=4325MB hwm=4325MB
RSS_SAMPLE t=273.3s rss=4325MB hwm=4325MB
RSS_SAMPLE t=273.5s rss=4325MB hwm=4325MB
RSS_SAMPLE t=273.8s rss=4325MB hwm=4325MB
RSS_SAMPLE t=274.0s rss=4325MB hwm=4325MB
RSS_SAMPLE t=274.3s rss=4326MB hwm=4326MB
RSS_SAMPLE t=274.5s rss=4326MB hwm=4326MB
RSS_SAMPLE t=274.8s rss=4326MB hwm=4326MB
RSS_SAMPLE t=275.0s rss=4326MB hwm=4326MB
RSS_SAMPLE t=275.3s rss=4326MB hwm=4326MB
RSS_SAMPLE t=275.5s rss=4326MB hwm=4326MB
RSS_SAMPLE t=275.8s rss=4326MB hwm=4326MB
RSS_SAMPLE t=276.0s rss=4327MB hwm=4327MB
RSS_SAMPLE t=276.3s rss=4327MB hwm=4327MB
RSS_SAMPLE t=276.5s rss=4327MB hwm=4327MB
RSS_SAMPLE t=276.8s rss=4327MB hwm=4327MB
RSS_SAMPLE t=277.0s rss=4328MB hwm=4328MB
RSS_SAMPLE t=277.3s rss=4328MB hwm=4328MB
RSS_SAMPLE t=277.5s rss=4328MB hwm=4328MB
RSS_SAMPLE t=277.8s rss=4329MB hwm=4329MB
RSS_SAMPLE t=278.0s rss=4329MB hwm=4329MB
RSS_SAMPLE t=278.3s rss=4329MB hwm=4329MB
RSS_SAMPLE t=278.5s rss=4330MB hwm=4330MB
RSS_SAMPLE t=278.8s rss=4330MB hwm=4330MB
RSS_SAMPLE t=279.0s rss=4331MB hwm=4331MB
RSS_SAMPLE t=279.3s rss=4331MB hwm=4331MB
RSS_SAMPLE t=279.5s rss=4332MB hwm=4332MB
RSS_SAMPLE t=279.8s rss=4332MB hwm=4332MB
RSS_SAMPLE t=280.0s rss=4332MB hwm=4332MB
RSS_SAMPLE t=280.3s rss=4333MB hwm=4333MB
RSS_SAMPLE t=280.5s rss=4333MB hwm=4333MB
RSS_SAMPLE t=280.8s rss=4333MB hwm=4333MB
RSS_SAMPLE t=281.0s rss=4334MB hwm=4334MB
RSS_SAMPLE t=281.3s rss=4334MB hwm=4334MB
RSS_SAMPLE t=281.5s rss=4334MB hwm=4334MB
RSS_SAMPLE t=281.8s rss=4334MB hwm=4334MB
RSS_SAMPLE t=282.0s rss=4335MB hwm=4335MB
RSS_SAMPLE t=282.3s rss=4335MB hwm=4335MB
RSS_SAMPLE t=282.5s rss=4335MB hwm=4335MB
RSS_SAMPLE t=282.8s rss=4335MB hwm=4335MB
RSS_SAMPLE t=283.0s rss=4335MB hwm=4335MB
RSS_SAMPLE t=283.3s rss=4336MB hwm=4336MB
RSS_SAMPLE t=283.5s rss=4336MB hwm=4336MB
RSS_SAMPLE t=283.8s rss=4336MB hwm=4336MB
RSS_SAMPLE t=284.0s rss=4336MB hwm=4336MB
RSS_SAMPLE t=284.3s rss=4336MB hwm=4336MB
RSS_SAMPLE t=284.5s rss=4336MB hwm=4336MB
RSS_SAMPLE t=284.8s rss=4337MB hwm=4337MB
RSS_SAMPLE t=285.0s rss=4337MB hwm=4337MB
RSS_SAMPLE t=285.3s rss=4337MB hwm=4337MB
RSS_SAMPLE t=285.5s rss=4338MB hwm=4338MB
RSS_SAMPLE t=285.8s rss=4338MB hwm=4338MB
RSS_SAMPLE t=286.0s rss=4338MB hwm=4338MB
RSS_SAMPLE t=286.3s rss=4338MB hwm=4338MB
RSS_SAMPLE t=286.5s rss=4338MB hwm=4338MB
RSS_SAMPLE t=286.8s rss=4338MB hwm=4338MB
RSS_SAMPLE t=287.0s rss=4338MB hwm=4338MB
RSS_SAMPLE t=287.3s rss=4339MB hwm=4339MB
RSS_SAMPLE t=287.5s rss=4339MB hwm=4339MB
RSS_SAMPLE t=287.8s rss=4339MB hwm=4339MB
RSS_SAMPLE t=288.0s rss=4339MB hwm=4339MB
RSS_SAMPLE t=288.3s rss=4339MB hwm=4339MB
RSS_SAMPLE t=288.5s rss=4339MB hwm=4339MB
RSS_SAMPLE t=288.8s rss=4339MB hwm=4339MB
RSS_SAMPLE t=289.0s rss=4339MB hwm=4339MB
RSS_SAMPLE t=289.3s rss=4339MB hwm=4339MB
RSS_SAMPLE t=289.5s rss=4339MB hwm=4339MB
RSS_SAMPLE t=289.8s rss=4339MB hwm=4339MB
RSS_SAMPLE t=290.0s rss=4339MB hwm=4339MB
RSS_SAMPLE t=290.3s rss=4339MB hwm=4339MB
RSS_SAMPLE t=290.5s rss=4339MB hwm=4339MB
RSS_SAMPLE t=290.8s rss=4339MB hwm=4339MB
RSS_SAMPLE t=291.0s rss=4339MB hwm=4339MB
RSS_SAMPLE t=291.3s rss=4339MB hwm=4339MB
RSS_SAMPLE t=291.5s rss=4339MB hwm=4339MB
RSS_SAMPLE t=291.8s rss=4339MB hwm=4339MB
RSS_SAMPLE t=292.0s rss=4339MB hwm=4339MB
RSS_SAMPLE t=292.3s rss=4339MB hwm=4339MB
RSS_SAMPLE t=292.5s rss=4339MB hwm=4339MB
RSS_SAMPLE t=292.8s rss=4339MB hwm=4339MB
RSS_SAMPLE t=293.0s rss=4339MB hwm=4339MB
RSS_SAMPLE t=293.3s rss=4339MB hwm=4339MB
RSS_SAMPLE t=293.5s rss=4339MB hwm=4339MB
RSS_SAMPLE t=293.8s rss=4339MB hwm=4339MB
RSS_SAMPLE t=294.0s rss=4339MB hwm=4339MB
RSS_SAMPLE t=294.3s rss=4339MB hwm=4339MB
RSS_SAMPLE t=294.5s rss=4339MB hwm=4339MB
RSS_SAMPLE t=294.8s rss=4339MB hwm=4339MB
RSS_SAMPLE t=295.0s rss=4340MB hwm=4340MB
RSS_SAMPLE t=295.3s rss=4340MB hwm=4340MB
RSS_SAMPLE t=295.5s rss=4340MB hwm=4340MB
RSS_SAMPLE t=295.8s rss=4340MB hwm=4340MB
RSS_SAMPLE t=296.0s rss=4340MB hwm=4340MB
RSS_SAMPLE t=296.3s rss=4341MB hwm=4341MB
RSS_SAMPLE t=296.5s rss=4341MB hwm=4341MB
RSS_SAMPLE t=296.8s rss=4341MB hwm=4341MB
RSS_SAMPLE t=297.0s rss=4341MB hwm=4341MB
RSS_SAMPLE t=297.3s rss=4342MB hwm=4342MB
RSS_SAMPLE t=297.5s rss=4342MB hwm=4342MB
RSS_SAMPLE t=297.8s rss=4342MB hwm=4342MB
RSS_SAMPLE t=298.0s rss=4342MB hwm=4342MB
RSS_SAMPLE t=298.3s rss=4342MB hwm=4342MB
RSS_SAMPLE t=298.5s rss=4342MB hwm=4342MB
RSS_SAMPLE t=298.8s rss=4342MB hwm=4342MB
RSS_SAMPLE t=299.0s rss=4342MB hwm=4342MB
RSS_SAMPLE t=299.3s rss=4342MB hwm=4342MB
RSS_SAMPLE t=299.5s rss=4342MB hwm=4342MB
RSS_SAMPLE t=299.8s rss=4342MB hwm=4342MB
RSS_SAMPLE t=300.0s rss=4342MB hwm=4342MB
RSS_SAMPLE t=300.3s rss=4342MB hwm=4342MB
RSS_SAMPLE t=300.5s rss=4342MB hwm=4342MB
RSS_SAMPLE t=300.8s rss=4342MB hwm=4342MB
RSS_SAMPLE t=301.0s rss=4342MB hwm=4342MB
RSS_SAMPLE t=301.3s rss=4342MB hwm=4342MB
RSS_SAMPLE t=301.5s rss=4342MB hwm=4342MB
RSS_SAMPLE t=301.8s rss=4342MB hwm=4342MB
RSS_SAMPLE t=302.0s rss=4342MB hwm=4342MB
RSS_SAMPLE t=302.3s rss=4342MB hwm=4342MB
RSS_SAMPLE t=302.5s rss=4342MB hwm=4342MB
RSS_SAMPLE t=302.8s rss=4342MB hwm=4342MB
RSS_SAMPLE t=303.0s rss=4342MB hwm=4342MB
RSS_SAMPLE t=303.3s rss=4342MB hwm=4342MB
RSS_SAMPLE t=303.5s rss=4342MB hwm=4342MB
RSS_SAMPLE t=303.8s rss=4342MB hwm=4342MB
RSS_SAMPLE t=304.0s rss=4342MB hwm=4342MB
RSS_SAMPLE t=304.3s rss=4342MB hwm=4342MB
RSS_SAMPLE t=304.5s rss=4342MB hwm=4342MB
RSS_SAMPLE t=304.8s rss=4342MB hwm=4342MB
RSS_SAMPLE t=305.0s rss=4342MB hwm=4342MB
RSS_SAMPLE t=305.3s rss=4342MB hwm=4342MB
RSS_SAMPLE t=305.5s rss=4342MB hwm=4342MB
RSS_SAMPLE t=305.8s rss=4342MB hwm=4342MB
RSS_SAMPLE t=306.0s rss=4342MB hwm=4342MB
RSS_SAMPLE t=306.3s rss=4342MB hwm=4342MB
RSS_SAMPLE t=306.5s rss=4342MB hwm=4342MB
RSS_SAMPLE t=306.8s rss=4342MB hwm=4342MB
RSS_SAMPLE t=307.0s rss=4342MB hwm=4342MB
RSS_SAMPLE t=307.3s rss=4342MB hwm=4342MB
RSS_SAMPLE t=307.5s rss=4342MB hwm=4342MB
RSS_SAMPLE t=307.8s rss=4342MB hwm=4342MB
RSS_SAMPLE t=308.0s rss=4342MB hwm=4342MB
RSS_SAMPLE t=308.3s rss=4342MB hwm=4342MB
RSS_SAMPLE t=308.5s rss=4342MB hwm=4342MB
RSS_SAMPLE t=308.8s rss=4342MB hwm=4342MB
RSS_SAMPLE t=309.0s rss=4342MB hwm=4342MB
RSS_SAMPLE t=309.3s rss=4342MB hwm=4342MB
RSS_SAMPLE t=309.5s rss=4342MB hwm=4342MB
RSS_SAMPLE t=309.8s rss=4342MB hwm=4342MB
RSS_SAMPLE t=310.0s rss=4342MB hwm=4342MB
RSS_SAMPLE t=310.3s rss=4342MB hwm=4342MB
RSS_SAMPLE t=310.5s rss=4342MB hwm=4342MB
RSS_SAMPLE t=310.8s rss=4342MB hwm=4342MB
RSS_SAMPLE t=311.0s rss=4342MB hwm=4342MB
RSS_SAMPLE t=311.3s rss=4342MB hwm=4342MB
RSS_SAMPLE t=311.5s rss=4342MB hwm=4342MB
RSS_SAMPLE t=311.8s rss=4342MB hwm=4342MB
RSS_SAMPLE t=312.0s rss=4342MB hwm=4342MB
RSS_SAMPLE t=312.3s rss=4342MB hwm=4342MB
RSS_SAMPLE t=312.5s rss=4342MB hwm=4342MB
RSS_SAMPLE t=312.8s rss=4342MB hwm=4342MB
RSS_SAMPLE t=313.0s rss=4342MB hwm=4342MB
RSS_SAMPLE t=313.3s rss=4342MB hwm=4342MB
RSS_SAMPLE t=313.5s rss=4342MB hwm=4342MB
RSS_SAMPLE t=313.8s rss=4342MB hwm=4342MB
RSS_SAMPLE t=314.0s rss=4342MB hwm=4342MB
RSS_SAMPLE t=314.3s rss=4342MB hwm=4342MB
RSS_SAMPLE t=314.5s rss=4342MB hwm=4342MB
RSS_SAMPLE t=314.8s rss=4342MB hwm=4342MB
RSS_SAMPLE t=315.0s rss=4343MB hwm=4343MB
RSS_SAMPLE t=315.3s rss=4343MB hwm=4343MB
RSS_SAMPLE t=315.5s rss=4343MB hwm=4343MB
RSS_SAMPLE t=315.8s rss=4343MB hwm=4343MB
RSS_SAMPLE t=316.0s rss=4343MB hwm=4343MB
RSS_SAMPLE t=316.3s rss=4343MB hwm=4343MB
RSS_SAMPLE t=316.5s rss=4343MB hwm=4343MB
RSS_SAMPLE t=316.8s rss=4343MB hwm=4343MB
RSS_SAMPLE t=317.0s rss=4343MB hwm=4343MB
RSS_SAMPLE t=317.3s rss=4343MB hwm=4343MB
RSS_SAMPLE t=317.5s rss=4343MB hwm=4343MB
RSS_SAMPLE t=317.8s rss=4343MB hwm=4343MB
RSS_SAMPLE t=318.0s rss=4343MB hwm=4343MB
RSS_SAMPLE t=318.3s rss=4343MB hwm=4343MB
RSS_SAMPLE t=318.5s rss=4343MB hwm=4343MB
RSS_SAMPLE t=318.8s rss=4343MB hwm=4343MB
RSS_SAMPLE t=319.0s rss=4343MB hwm=4343MB
RSS_SAMPLE t=319.3s rss=4343MB hwm=4343MB
RSS_SAMPLE t=319.5s rss=4343MB hwm=4343MB
RSS_SAMPLE t=319.8s rss=4343MB hwm=4343MB
RSS_SAMPLE t=320.0s rss=4343MB hwm=4343MB
RSS_SAMPLE t=320.3s rss=4343MB hwm=4343MB
RSS_SAMPLE t=320.5s rss=4343MB hwm=4343MB
RSS_SAMPLE t=320.8s rss=4343MB hwm=4343MB
RSS_SAMPLE t=321.0s rss=4343MB hwm=4343MB
RSS_SAMPLE t=321.3s rss=4343MB hwm=4343MB
RSS_SAMPLE t=321.5s rss=4343MB hwm=4343MB
RSS_SAMPLE t=321.8s rss=4343MB hwm=4343MB
RSS_SAMPLE t=322.0s rss=4343MB hwm=4343MB
RSS_SAMPLE t=322.3s rss=4343MB hwm=4343MB
RSS_SAMPLE t=322.5s rss=4343MB hwm=4343MB
RSS_SAMPLE t=322.8s rss=4343MB hwm=4343MB
RSS_SAMPLE t=323.0s rss=4343MB hwm=4343MB
RSS_SAMPLE t=323.3s rss=4343MB hwm=4343MB
RSS_SAMPLE t=323.5s rss=4343MB hwm=4343MB
RSS_SAMPLE t=323.8s rss=4343MB hwm=4343MB
RSS_SAMPLE t=324.0s rss=4343MB hwm=4343MB
RSS_SAMPLE t=324.3s rss=4343MB hwm=4343MB
RSS_SAMPLE t=324.5s rss=4343MB hwm=4343MB
RSS_SAMPLE t=324.8s rss=4343MB hwm=4343MB
RSS_SAMPLE t=325.0s rss=4343MB hwm=4343MB
RSS_SAMPLE t=325.3s rss=4343MB hwm=4343MB
RSS_SAMPLE t=325.5s rss=4343MB hwm=4343MB
RSS_SAMPLE t=325.8s rss=4343MB hwm=4343MB
RSS_SAMPLE t=326.0s rss=4343MB hwm=4343MB
RSS_SAMPLE t=326.3s rss=4343MB hwm=4343MB
RSS_SAMPLE t=326.5s rss=4343MB hwm=4343MB
RSS_SAMPLE t=326.8s rss=4343MB hwm=4343MB
RSS_SAMPLE t=327.0s rss=4343MB hwm=4343MB
MEM_POOL: workspaces=32 dense_usage_mb=1251 n_pipes=2562403
    rss_probe[outer=2]: pre_post_solve=4321MB post_post_solve=4344MB after_apply=4344MB
    E_decomp: base=9407935.5 eff=40670629290053576.0 cong=40670629280645640.0 cong_share=100.0% sat_pipes=92966 max_util=2452.80  R_buckets: 1-2x=100830 2-10x=19030 10-100x=8997 >=100x=2433546
    E_potential: beckmann=2382230364103378.0 history_total=0.0
    SpanCache: epoch=3 entries=3408 lookups=2562403 hits=2558995 misses=3408 hit_rate=99.9%
  DCD   2: nets=105117 line=16841340 energy=37698555945.651 dE=+28970329697.098 friction=135261828.0 bins=2.0x(1178) excess=518.3 moved=65181 disp=10.984 solves=105117 skip=105117 pops=864025351 theta=5.000 refresh=60939ms dcd=6902ms total=70373ms
    cache_stats: entries=44178234 capacity=77975504 est_mb=674 rss_mb=4344
RSS_SAMPLE t=327.3s rss=4344MB hwm=4344MB
DCD done: energy=37698555945.651 line=16841340 friction=135261828.0 bins=2.0x(1178) excess=518.3
MuxSlotTracker: 29033 commit rejections over entire DCD
MuxSlotTracker[post-DCD]: populated_cells=65790, overflow_tiles=0, at_cap_tiles=1189, peak_excess=0, capacity_hist={16:67346}
Pre-legalization: HPWL=13463919
  type DFF: 302 valid columns, 1077536 total BELs
  type LUT6: 302 valid columns, 538768 total BELs
TypeAwarePlacement: 2 cell types
RSS_SAMPLE t=327.5s rss=2543MB hwm=4340MB
RSS_SAMPLE t=327.8s rss=2543MB hwm=4340MB
RSS_SAMPLE t=328.0s rss=2543MB hwm=4340MB
RSS_SAMPLE t=328.3s rss=2543MB hwm=4340MB
RSS_SAMPLE t=328.5s rss=2543MB hwm=4340MB
RSS_SAMPLE t=328.8s rss=2543MB hwm=4340MB
RSS_SAMPLE t=329.0s rss=2543MB hwm=4340MB
RSS_SAMPLE t=329.3s rss=2543MB hwm=4340MB
RSS_SAMPLE t=329.5s rss=2543MB hwm=4340MB
RSS_SAMPLE t=329.8s rss=2543MB hwm=4340MB
RSS_SAMPLE t=330.0s rss=2543MB hwm=4340MB
RSS_SAMPLE t=330.3s rss=2543MB hwm=4340MB
RSS_SAMPLE t=330.5s rss=2543MB hwm=4340MB
RSS_SAMPLE t=330.8s rss=2543MB hwm=4340MB
RSS_SAMPLE t=331.0s rss=2543MB hwm=4340MB
RSS_SAMPLE t=331.3s rss=2543MB hwm=4340MB
RSS_SAMPLE t=331.5s rss=2543MB hwm=4340MB
RSS_SAMPLE t=331.8s rss=2543MB hwm=4340MB
RSS_SAMPLE t=332.0s rss=2543MB hwm=4340MB
RSS_SAMPLE t=332.3s rss=2543MB hwm=4340MB
RSS_SAMPLE t=332.5s rss=2543MB hwm=4340MB
RSS_SAMPLE t=332.8s rss=2543MB hwm=4340MB
RSS_SAMPLE t=333.0s rss=2543MB hwm=4340MB
  SortedLegalizer: cluster_rejects=265316 shared_mux_rejects=20689887 arch_validity_rejects=0
RSS_SAMPLE t=333.3s rss=2486MB hwm=4340MB
Post-legalization: HPWL=13226952, line=16823164
Per-net HPWL: 105118 nets, total=13226952
  #0: hpwl=531 fanout=93000 (0.0%)
  #1: hpwl=528 fanout=4 (0.0%)
  #2: hpwl=527 fanout=9 (0.0%)
  #3: hpwl=525 fanout=6 (0.0%)
  #4: hpwl=524 fanout=12 (0.0%)
  #5: hpwl=524 fanout=9 (0.0%)
  #6: hpwl=524 fanout=13 (0.0%)
  #7: hpwl=524 fanout=11 (0.0%)
  #8: hpwl=523 fanout=15 (0.0%)
  #9: hpwl=523 fanout=12 (0.0%)
  50% of HPWL from top 16801 nets (of 105118)
