Running scope as unit: run-r686fe2218f0f47a288f90e3483d28335.scope
chipdb: /home/kelvin/side-project/eisenjoch/chip_database/xc7_large.bin
design: /home/kelvin/side-project/eisenjoch/benchmark/ispd/generated/2016/FPGA01/FPGA01.json
RSS_SAMPLE t=0.0s rss=3MB hwm=3MB
RSS_SAMPLE t=0.3s rss=438MB hwm=438MB
RSS_SAMPLE t=0.5s rss=711MB hwm=711MB
RSS_SAMPLE t=0.8s rss=808MB hwm=808MB
RSS_SAMPLE t=1.0s rss=819MB hwm=823MB
RSS_SAMPLE t=1.3s rss=819MB hwm=823MB
RSS_SAMPLE t=1.5s rss=819MB hwm=823MB
cfg: max_outer_iters=3 blend_alpha=0.5 hardening_step=0 graph_model=TwoLevelPip
RSS_SAMPLE t=1.8s rss=820MB hwm=823MB
  topological compress: density=0.60 target_tiles=15971 final_tiles=15777 scale=1.851 center=(205.1,111.0)
  topological init: n_movable=76660, n_edges=229053, max_layer=26775, back_edges=54022, n_anchored=0
RSS_SAMPLE t=2.0s rss=820MB hwm=823MB
RSS_SAMPLE t=2.3s rss=820MB hwm=823MB
RSS_SAMPLE t=2.5s rss=820MB hwm=823MB
RSS_SAMPLE t=2.8s rss=820MB hwm=823MB
RSS_SAMPLE t=3.0s rss=820MB hwm=823MB
RSS_SAMPLE t=3.3s rss=820MB hwm=823MB
RSS_SAMPLE t=3.5s rss=820MB hwm=823MB
RSS_SAMPLE t=3.8s rss=820MB hwm=823MB
RSS_SAMPLE t=4.0s rss=820MB hwm=823MB
RSS_SAMPLE t=4.3s rss=820MB hwm=823MB
RSS_SAMPLE t=4.5s rss=820MB hwm=823MB
RSS_SAMPLE t=4.8s rss=820MB hwm=823MB
RSS_SAMPLE t=5.0s rss=820MB hwm=823MB
RSS_SAMPLE t=5.3s rss=820MB hwm=823MB
RSS_SAMPLE t=5.5s rss=820MB hwm=823MB
RSS_SAMPLE t=5.8s rss=820MB hwm=823MB
RSS_SAMPLE t=6.0s rss=820MB hwm=823MB
RSS_SAMPLE t=6.3s rss=820MB hwm=823MB
RSS_SAMPLE t=6.5s rss=820MB hwm=823MB
RSS_SAMPLE t=6.8s rss=820MB hwm=823MB
RSS_SAMPLE t=7.0s rss=820MB hwm=823MB
RSS_SAMPLE t=7.3s rss=820MB hwm=823MB
RSS_SAMPLE t=7.5s rss=820MB hwm=823MB
RSS_SAMPLE t=7.8s rss=820MB hwm=823MB
RSS_SAMPLE t=8.0s rss=820MB hwm=823MB
RSS_SAMPLE t=8.3s rss=820MB hwm=823MB
RSS_SAMPLE t=8.5s rss=820MB hwm=823MB
RSS_SAMPLE t=8.8s rss=820MB hwm=823MB
RSS_SAMPLE t=9.0s rss=820MB hwm=823MB
RSS_SAMPLE t=9.3s rss=820MB hwm=823MB
RSS_SAMPLE t=9.5s rss=820MB hwm=823MB
RSS_SAMPLE t=9.8s rss=820MB hwm=823MB
RSS_SAMPLE t=10.0s rss=820MB hwm=823MB
RSS_SAMPLE t=10.3s rss=820MB hwm=823MB
RSS_SAMPLE t=10.5s rss=820MB hwm=823MB
RSS_SAMPLE t=10.8s rss=820MB hwm=823MB
RSS_SAMPLE t=11.0s rss=820MB hwm=823MB
RSS_SAMPLE t=11.3s rss=820MB hwm=823MB
RSS_SAMPLE t=11.5s rss=820MB hwm=823MB
RSS_SAMPLE t=11.8s rss=820MB hwm=823MB
RSS_SAMPLE t=12.0s rss=820MB hwm=823MB
RSS_SAMPLE t=12.3s rss=820MB hwm=823MB
RSS_SAMPLE t=12.5s rss=820MB hwm=823MB
RSS_SAMPLE t=12.8s rss=820MB hwm=823MB
RSS_SAMPLE t=13.0s rss=820MB hwm=823MB
RSS_SAMPLE t=13.3s rss=820MB hwm=823MB
RSS_SAMPLE t=13.5s rss=820MB hwm=823MB
RSS_SAMPLE t=13.8s rss=820MB hwm=823MB
RSS_SAMPLE t=14.0s rss=820MB hwm=823MB
RSS_SAMPLE t=14.3s rss=820MB hwm=823MB
RSS_SAMPLE t=14.5s rss=820MB hwm=823MB
RSS_SAMPLE t=14.8s rss=820MB hwm=823MB
RSS_SAMPLE t=15.0s rss=820MB hwm=823MB
RSS_SAMPLE t=15.3s rss=820MB hwm=823MB
RSS_SAMPLE t=15.5s rss=820MB hwm=823MB
RSS_SAMPLE t=15.8s rss=820MB hwm=823MB
RSS_SAMPLE t=16.0s rss=820MB hwm=823MB
RSS_SAMPLE t=16.3s rss=820MB hwm=823MB
RSS_SAMPLE t=16.5s rss=820MB hwm=823MB
RSS_SAMPLE t=16.8s rss=820MB hwm=823MB
RSS_SAMPLE t=17.0s rss=820MB hwm=823MB
RSS_SAMPLE t=17.3s rss=820MB hwm=823MB
RSS_SAMPLE t=17.5s rss=820MB hwm=823MB
RSS_SAMPLE t=17.8s rss=820MB hwm=823MB
RSS_SAMPLE t=18.0s rss=820MB hwm=823MB
RSS_SAMPLE t=18.3s rss=820MB hwm=823MB
RSS_SAMPLE t=18.5s rss=820MB hwm=823MB
RSS_SAMPLE t=18.8s rss=820MB hwm=823MB
RSS_SAMPLE t=19.0s rss=820MB hwm=823MB
RSS_SAMPLE t=19.3s rss=820MB hwm=823MB
RSS_SAMPLE t=19.5s rss=820MB hwm=823MB
RSS_SAMPLE t=19.8s rss=820MB hwm=823MB
RSS_SAMPLE t=20.0s rss=820MB hwm=823MB
RSS_SAMPLE t=20.3s rss=820MB hwm=823MB
RSS_SAMPLE t=20.5s rss=820MB hwm=823MB
RSS_SAMPLE t=20.8s rss=820MB hwm=823MB
RSS_SAMPLE t=21.0s rss=820MB hwm=823MB
RSS_SAMPLE t=21.3s rss=820MB hwm=823MB
RSS_SAMPLE t=21.5s rss=820MB hwm=823MB
RSS_SAMPLE t=21.8s rss=820MB hwm=823MB
RSS_SAMPLE t=22.0s rss=820MB hwm=823MB
RSS_SAMPLE t=22.3s rss=820MB hwm=823MB
RSS_SAMPLE t=22.5s rss=820MB hwm=823MB
RSS_SAMPLE t=22.8s rss=820MB hwm=823MB
RSS_SAMPLE t=23.0s rss=820MB hwm=823MB
RSS_SAMPLE t=23.3s rss=820MB hwm=823MB
RSS_SAMPLE t=23.5s rss=820MB hwm=823MB
RSS_SAMPLE t=23.8s rss=820MB hwm=823MB
RSS_SAMPLE t=24.0s rss=820MB hwm=823MB
RSS_SAMPLE t=24.3s rss=820MB hwm=823MB
RSS_SAMPLE t=24.5s rss=820MB hwm=823MB
RSS_SAMPLE t=24.8s rss=820MB hwm=823MB
RSS_SAMPLE t=25.0s rss=820MB hwm=823MB
RSS_SAMPLE t=25.3s rss=820MB hwm=823MB
RSS_SAMPLE t=25.5s rss=820MB hwm=823MB
RSS_SAMPLE t=25.8s rss=820MB hwm=823MB
RSS_SAMPLE t=26.0s rss=820MB hwm=823MB
RSS_SAMPLE t=26.3s rss=820MB hwm=823MB
RSS_SAMPLE t=26.5s rss=820MB hwm=823MB
RSS_SAMPLE t=26.8s rss=820MB hwm=823MB
RSS_SAMPLE t=27.0s rss=820MB hwm=823MB
RSS_SAMPLE t=27.3s rss=820MB hwm=823MB
RSS_SAMPLE t=27.5s rss=820MB hwm=823MB
RSS_SAMPLE t=27.8s rss=820MB hwm=823MB
RSS_SAMPLE t=28.0s rss=820MB hwm=823MB
RSS_SAMPLE t=28.3s rss=820MB hwm=823MB
RSS_SAMPLE t=28.5s rss=820MB hwm=823MB
RSS_SAMPLE t=28.8s rss=820MB hwm=823MB
RSS_SAMPLE t=29.0s rss=820MB hwm=823MB
RSS_SAMPLE t=29.3s rss=820MB hwm=823MB
RSS_SAMPLE t=29.5s rss=820MB hwm=823MB
RSS_SAMPLE t=29.8s rss=820MB hwm=823MB
RSS_SAMPLE t=30.0s rss=820MB hwm=823MB
RSS_SAMPLE t=30.3s rss=820MB hwm=823MB
RSS_SAMPLE t=30.5s rss=820MB hwm=823MB
RSS_SAMPLE t=30.8s rss=820MB hwm=823MB
RSS_SAMPLE t=31.0s rss=820MB hwm=823MB
RSS_SAMPLE t=31.3s rss=820MB hwm=823MB
RSS_SAMPLE t=31.5s rss=820MB hwm=823MB
RSS_SAMPLE t=31.8s rss=820MB hwm=823MB
RSS_SAMPLE t=32.0s rss=820MB hwm=823MB
RSS_SAMPLE t=32.3s rss=820MB hwm=823MB
RSS_SAMPLE t=32.5s rss=820MB hwm=823MB
RSS_SAMPLE t=32.8s rss=820MB hwm=823MB
RSS_SAMPLE t=33.0s rss=820MB hwm=823MB
RSS_SAMPLE t=33.3s rss=820MB hwm=823MB
RSS_SAMPLE t=33.5s rss=820MB hwm=823MB
RSS_SAMPLE t=33.8s rss=820MB hwm=823MB
RSS_SAMPLE t=34.0s rss=820MB hwm=823MB
RSS_SAMPLE t=34.3s rss=820MB hwm=823MB
RSS_SAMPLE t=34.5s rss=820MB hwm=823MB
RSS_SAMPLE t=34.8s rss=820MB hwm=823MB
RSS_SAMPLE t=35.0s rss=820MB hwm=823MB
RSS_SAMPLE t=35.3s rss=820MB hwm=823MB
RSS_SAMPLE t=35.5s rss=820MB hwm=823MB
RSS_SAMPLE t=35.8s rss=820MB hwm=823MB
RSS_SAMPLE t=36.0s rss=820MB hwm=823MB
RSS_SAMPLE t=36.3s rss=820MB hwm=823MB
RSS_SAMPLE t=36.5s rss=820MB hwm=823MB
RSS_SAMPLE t=36.8s rss=820MB hwm=823MB
RSS_SAMPLE t=37.0s rss=820MB hwm=823MB
RSS_SAMPLE t=37.3s rss=820MB hwm=823MB
RSS_SAMPLE t=37.5s rss=820MB hwm=823MB
RSS_SAMPLE t=37.8s rss=820MB hwm=823MB
RSS_SAMPLE t=38.0s rss=820MB hwm=823MB
RSS_SAMPLE t=38.3s rss=820MB hwm=823MB
RSS_SAMPLE t=38.5s rss=820MB hwm=823MB
RSS_SAMPLE t=38.8s rss=820MB hwm=823MB
RSS_SAMPLE t=39.0s rss=820MB hwm=823MB
RSS_SAMPLE t=39.3s rss=820MB hwm=823MB
RSS_SAMPLE t=39.5s rss=820MB hwm=823MB
RSS_SAMPLE t=39.8s rss=820MB hwm=823MB
RSS_SAMPLE t=40.0s rss=820MB hwm=823MB
RSS_SAMPLE t=40.3s rss=820MB hwm=823MB
RSS_SAMPLE t=40.5s rss=820MB hwm=823MB
RSS_SAMPLE t=40.8s rss=820MB hwm=823MB
RSS_SAMPLE t=41.0s rss=820MB hwm=823MB
RSS_SAMPLE t=41.3s rss=820MB hwm=823MB
RSS_SAMPLE t=41.5s rss=820MB hwm=823MB
RSS_SAMPLE t=41.8s rss=820MB hwm=823MB
RSS_SAMPLE t=42.0s rss=820MB hwm=823MB
RSS_SAMPLE t=42.3s rss=820MB hwm=823MB
RSS_SAMPLE t=42.5s rss=820MB hwm=823MB
RSS_SAMPLE t=42.8s rss=820MB hwm=823MB
RSS_SAMPLE t=43.0s rss=820MB hwm=823MB
RSS_SAMPLE t=43.3s rss=820MB hwm=823MB
RSS_SAMPLE t=43.5s rss=820MB hwm=823MB
RSS_SAMPLE t=43.8s rss=820MB hwm=823MB
RSS_SAMPLE t=44.0s rss=820MB hwm=823MB
RSS_SAMPLE t=44.3s rss=820MB hwm=823MB
RSS_SAMPLE t=44.5s rss=820MB hwm=823MB
RSS_SAMPLE t=44.8s rss=820MB hwm=823MB
RSS_SAMPLE t=45.0s rss=820MB hwm=823MB
RSS_SAMPLE t=45.3s rss=820MB hwm=823MB
RSS_SAMPLE t=45.5s rss=820MB hwm=823MB
RSS_SAMPLE t=45.8s rss=820MB hwm=823MB
RSS_SAMPLE t=46.0s rss=820MB hwm=823MB
RSS_SAMPLE t=46.3s rss=820MB hwm=823MB
RSS_SAMPLE t=46.5s rss=820MB hwm=823MB
RSS_SAMPLE t=46.8s rss=820MB hwm=823MB
RSS_SAMPLE t=47.0s rss=820MB hwm=823MB
RSS_SAMPLE t=47.3s rss=820MB hwm=823MB
RSS_SAMPLE t=47.5s rss=820MB hwm=823MB
RSS_SAMPLE t=47.8s rss=820MB hwm=823MB
RSS_SAMPLE t=48.0s rss=820MB hwm=823MB
RSS_SAMPLE t=48.3s rss=820MB hwm=823MB
RSS_SAMPLE t=48.5s rss=820MB hwm=823MB
RSS_SAMPLE t=48.8s rss=820MB hwm=823MB
RSS_SAMPLE t=49.0s rss=820MB hwm=823MB
RSS_SAMPLE t=49.3s rss=820MB hwm=823MB
RSS_SAMPLE t=49.5s rss=820MB hwm=823MB
RSS_SAMPLE t=49.8s rss=820MB hwm=823MB
RSS_SAMPLE t=50.0s rss=820MB hwm=823MB
RSS_SAMPLE t=50.3s rss=820MB hwm=823MB
RSS_SAMPLE t=50.5s rss=820MB hwm=823MB
RSS_SAMPLE t=50.8s rss=820MB hwm=823MB
RSS_SAMPLE t=51.0s rss=820MB hwm=823MB
RSS_SAMPLE t=51.3s rss=820MB hwm=823MB
RSS_SAMPLE t=51.5s rss=820MB hwm=823MB
RSS_SAMPLE t=51.8s rss=820MB hwm=823MB
RSS_SAMPLE t=52.0s rss=820MB hwm=823MB
RSS_SAMPLE t=52.3s rss=820MB hwm=823MB
RSS_SAMPLE t=52.5s rss=820MB hwm=823MB
RSS_SAMPLE t=52.8s rss=820MB hwm=823MB
RSS_SAMPLE t=53.0s rss=820MB hwm=823MB
RSS_SAMPLE t=53.3s rss=820MB hwm=823MB
RSS_SAMPLE t=53.5s rss=820MB hwm=823MB
RSS_SAMPLE t=53.8s rss=820MB hwm=823MB
RSS_SAMPLE t=54.0s rss=820MB hwm=823MB
RSS_SAMPLE t=54.3s rss=820MB hwm=823MB
RSS_SAMPLE t=54.5s rss=820MB hwm=823MB
RSS_SAMPLE t=54.8s rss=866MB hwm=866MB
RSS_SAMPLE t=55.0s rss=910MB hwm=910MB
RSS_SAMPLE t=55.3s rss=933MB hwm=933MB
RSS_SAMPLE t=55.5s rss=933MB hwm=933MB
RSS_SAMPLE t=55.8s rss=933MB hwm=933MB
RSS_SAMPLE t=56.0s rss=933MB hwm=933MB
RSS_SAMPLE t=56.3s rss=933MB hwm=933MB
RSS_SAMPLE t=56.5s rss=934MB hwm=934MB
  Skipped truly-null coarse cells: 0 (of 69353 total); pruned pipes: src_null=0 dst_null=0
  Pipe capacity by span:
    span=  1: 138172 pipes, cap min=1 avg=134.5 max=432
    span=  2: 136455 pipes, cap min=2 avg=50.7 max=118
    span=  3: 135619 pipes, cap min=2 avg=26.1 max=52
    span=  4: 136319 pipes, cap min=2 avg=22.7 max=140
    span=  5: 135918 pipes, cap min=2 avg=66.1 max=124
    span=  6: 201217 pipes, cap min=2 avg=15.2 max=28
    span=  7: 200933 pipes, cap min=1 avg=7.3 max=20
    span=  8: 132748 pipes, cap min=2 avg=6.0 max=10
    span=  9: 130848 pipes, cap min=2 avg=6.0 max=10
    span= 10: 131090 pipes, cap min=2 avg=2.2 max=31
    span= 11: 129628 pipes, cap min=2 avg=2.0 max=4
    span= 12: 129018 pipes, cap min=2 avg=2.0 max=4
    span= 13: 128408 pipes, cap min=1 avg=1.5 max=4
    span= 14: 127798 pipes, cap min=1 avg=1.0 max=2
    span= 15: 127188 pipes, cap min=1 avg=1.0 max=2
    span= 16: 126578 pipes, cap min=1 avg=1.0 max=2
    span= 17: 125968 pipes, cap min=1 avg=1.0 max=2
    span= 18: 125358 pipes, cap min=1 avg=1.0 max=2
    span= 19: 63140 pipes, cap min=1 avg=1.0 max=2
  Thin span-1 pipes (cap<=2): 222 total, by tile-type pair (top 20):
    NULL <-> NULL: 220
    CLK_BUFG <-> NULL: 2
  Pipe cost: span^0.50 model (r1=1), span-1=1.000, span-12=3.464, 2×span-6=4.899, 12×span-1=12.000
RSS_SAMPLE t=56.8s rss=972MB hwm=972MB
  topological compress: density=0.60 target_tiles=15971 final_tiles=15777 scale=1.851 center=(205.1,111.0)
  topological init: n_movable=76660, n_edges=229053, max_layer=26775, back_edges=54022, n_anchored=0
  type DFF: 302 valid columns, 1077536 total BELs
  type LUT6: 302 valid columns, 538768 total BELs
TypeAwarePlacement: 2 cell types
Coordinate descent mode: 76660 cells, scale 1.00
CellValidityMask: 76660 cells, 311x223 grid, 2 bucket masks, per-cell valid positions: min=67346 avg=67346.0 max=67346, unmapped cells=0
RSS_SAMPLE t=57.0s rss=1034MB hwm=1034MB
MuxSlotTracker: 76660 cells (76660 with external fanout), 67346 tiles, total_cap=1077536, active_buckets=[DFF,LUT6], built in 83.2ms
MuxSlotTracker[post-seed]: populated_cells=27114, overflow_tiles=518, at_cap_tiles=50, peak_excess=41, capacity_hist={16:67346}
DCD placer: 76660 cells, 69353 nodes, outer_iters=3, dcd_iters_per_cell=8, graph_model=TwoLevelPip
MEM_STATIC: pipes=352MB nodes=1MB adjacency=78MB pipe_cost_vecs=59MB validity_mask=0MB n_pipes=2562403 n_edges=5124806 rss=1044MB
Softmin position update: enabled, theta 0.250 -> 5.000 (anneal over 3 iters)
RSS_SAMPLE t=57.3s rss=1071MB hwm=1071MB
RSS_SAMPLE t=57.5s rss=1071MB hwm=1071MB
RSS_SAMPLE t=57.8s rss=1071MB hwm=1071MB
RSS_SAMPLE t=58.0s rss=1071MB hwm=1071MB
RSS_SAMPLE t=58.3s rss=1071MB hwm=1071MB
RSS_SAMPLE t=58.5s rss=1071MB hwm=1071MB
RSS_SAMPLE t=58.8s rss=1071MB hwm=1071MB
RSS_SAMPLE t=59.0s rss=1071MB hwm=1071MB
RSS_SAMPLE t=59.3s rss=1071MB hwm=1071MB
    SwitchMatrix: type_usage_pairs=7 lookups=110 hits=103 dijkstra_calls=7 avg_us=10.0 total_ms=0.1
PHASE_MARK outer=0 enter=pre_solve rss=1074MB
RSS_SAMPLE t=59.5s rss=1111MB hwm=1111MB
RSS_SAMPLE t=59.8s rss=1207MB hwm=1207MB
RSS_SAMPLE t=60.0s rss=1220MB hwm=1220MB
RSS_SAMPLE t=60.3s rss=1226MB hwm=1226MB
RSS_SAMPLE t=60.5s rss=1234MB hwm=1234MB
RSS_SAMPLE t=60.8s rss=1240MB hwm=1240MB
RSS_SAMPLE t=61.0s rss=1242MB hwm=1242MB
RSS_SAMPLE t=61.3s rss=1245MB hwm=1245MB
RSS_SAMPLE t=61.5s rss=1248MB hwm=1248MB
RSS_SAMPLE t=61.8s rss=1253MB hwm=1253MB
RSS_SAMPLE t=62.0s rss=1259MB hwm=1259MB
RSS_SAMPLE t=62.3s rss=1263MB hwm=1263MB
RSS_SAMPLE t=62.5s rss=1266MB hwm=1266MB
RSS_SAMPLE t=62.8s rss=1270MB hwm=1270MB
RSS_SAMPLE t=63.0s rss=1273MB hwm=1273MB
RSS_SAMPLE t=63.3s rss=1277MB hwm=1277MB
RSS_SAMPLE t=63.5s rss=1280MB hwm=1280MB
RSS_SAMPLE t=63.8s rss=1285MB hwm=1285MB
RSS_SAMPLE t=64.0s rss=1288MB hwm=1288MB
RSS_SAMPLE t=64.3s rss=1292MB hwm=1292MB
RSS_SAMPLE t=64.5s rss=1296MB hwm=1296MB
RSS_SAMPLE t=64.8s rss=1300MB hwm=1300MB
RSS_SAMPLE t=65.0s rss=1303MB hwm=1303MB
RSS_SAMPLE t=65.3s rss=1308MB hwm=1308MB
RSS_SAMPLE t=65.5s rss=1312MB hwm=1312MB
RSS_SAMPLE t=65.8s rss=1318MB hwm=1318MB
RSS_SAMPLE t=66.0s rss=1322MB hwm=1322MB
RSS_SAMPLE t=66.3s rss=1327MB hwm=1327MB
RSS_SAMPLE t=66.5s rss=1332MB hwm=1332MB
RSS_SAMPLE t=66.8s rss=1336MB hwm=1336MB
RSS_SAMPLE t=67.0s rss=1340MB hwm=1340MB
RSS_SAMPLE t=67.3s rss=1345MB hwm=1345MB
RSS_SAMPLE t=67.5s rss=1349MB hwm=1349MB
RSS_SAMPLE t=67.8s rss=1353MB hwm=1353MB
RSS_SAMPLE t=68.0s rss=1358MB hwm=1358MB
RSS_SAMPLE t=68.3s rss=1364MB hwm=1364MB
RSS_SAMPLE t=68.5s rss=1368MB hwm=1368MB
RSS_SAMPLE t=68.8s rss=1372MB hwm=1372MB
RSS_SAMPLE t=69.0s rss=1376MB hwm=1376MB
RSS_SAMPLE t=69.3s rss=1381MB hwm=1381MB
RSS_SAMPLE t=69.5s rss=1385MB hwm=1385MB
RSS_SAMPLE t=69.8s rss=1390MB hwm=1390MB
RSS_SAMPLE t=70.0s rss=1393MB hwm=1393MB
RSS_SAMPLE t=70.3s rss=1398MB hwm=1398MB
RSS_SAMPLE t=70.5s rss=1401MB hwm=1401MB
RSS_SAMPLE t=70.8s rss=1407MB hwm=1407MB
RSS_SAMPLE t=71.0s rss=1410MB hwm=1410MB
RSS_SAMPLE t=71.3s rss=1415MB hwm=1415MB
RSS_SAMPLE t=71.6s rss=1419MB hwm=1419MB
RSS_SAMPLE t=71.8s rss=1422MB hwm=1422MB
RSS_SAMPLE t=72.1s rss=1426MB hwm=1426MB
RSS_SAMPLE t=72.3s rss=1429MB hwm=1429MB
RSS_SAMPLE t=72.6s rss=1433MB hwm=1433MB
RSS_SAMPLE t=72.8s rss=1437MB hwm=1437MB
RSS_SAMPLE t=73.1s rss=1440MB hwm=1440MB
RSS_SAMPLE t=73.3s rss=1444MB hwm=1444MB
RSS_SAMPLE t=73.6s rss=1448MB hwm=1448MB
RSS_SAMPLE t=73.8s rss=1453MB hwm=1453MB
RSS_SAMPLE t=74.1s rss=1457MB hwm=1457MB
RSS_SAMPLE t=74.3s rss=1461MB hwm=1461MB
RSS_SAMPLE t=74.6s rss=1464MB hwm=1464MB
RSS_SAMPLE t=74.8s rss=1468MB hwm=1468MB
RSS_SAMPLE t=75.1s rss=1471MB hwm=1471MB
RSS_SAMPLE t=75.3s rss=1475MB hwm=1475MB
RSS_SAMPLE t=75.6s rss=1479MB hwm=1479MB
RSS_SAMPLE t=75.8s rss=1484MB hwm=1484MB
RSS_SAMPLE t=76.1s rss=1487MB hwm=1487MB
RSS_SAMPLE t=76.3s rss=1492MB hwm=1492MB
RSS_SAMPLE t=76.6s rss=1495MB hwm=1495MB
RSS_SAMPLE t=76.8s rss=1500MB hwm=1500MB
RSS_SAMPLE t=77.1s rss=1503MB hwm=1503MB
RSS_SAMPLE t=77.3s rss=1508MB hwm=1508MB
RSS_SAMPLE t=77.6s rss=1512MB hwm=1512MB
RSS_SAMPLE t=77.8s rss=1516MB hwm=1516MB
RSS_SAMPLE t=78.1s rss=1521MB hwm=1521MB
RSS_SAMPLE t=78.3s rss=1526MB hwm=1526MB
RSS_SAMPLE t=78.6s rss=1530MB hwm=1530MB
RSS_SAMPLE t=78.8s rss=1534MB hwm=1534MB
RSS_SAMPLE t=79.1s rss=1540MB hwm=1540MB
RSS_SAMPLE t=79.3s rss=1543MB hwm=1543MB
RSS_SAMPLE t=79.6s rss=1547MB hwm=1547MB
RSS_SAMPLE t=79.8s rss=1552MB hwm=1552MB
RSS_SAMPLE t=80.1s rss=1556MB hwm=1556MB
RSS_SAMPLE t=80.3s rss=1559MB hwm=1559MB
RSS_SAMPLE t=80.6s rss=1564MB hwm=1564MB
RSS_SAMPLE t=80.8s rss=1568MB hwm=1568MB
RSS_SAMPLE t=81.1s rss=1571MB hwm=1571MB
RSS_SAMPLE t=81.3s rss=1575MB hwm=1575MB
RSS_SAMPLE t=81.6s rss=1579MB hwm=1579MB
RSS_SAMPLE t=81.8s rss=1582MB hwm=1582MB
RSS_SAMPLE t=82.1s rss=1586MB hwm=1586MB
RSS_SAMPLE t=82.3s rss=1589MB hwm=1589MB
RSS_SAMPLE t=82.6s rss=1591MB hwm=1591MB
RSS_SAMPLE t=82.8s rss=1594MB hwm=1594MB
RSS_SAMPLE t=83.1s rss=1596MB hwm=1596MB
RSS_SAMPLE t=83.3s rss=1597MB hwm=1597MB
RSS_SAMPLE t=83.6s rss=1597MB hwm=1597MB
RSS_SAMPLE t=83.8s rss=1597MB hwm=1597MB
RSS_SAMPLE t=84.1s rss=1598MB hwm=1598MB
RSS_SAMPLE t=84.3s rss=1598MB hwm=1598MB
RSS_SAMPLE t=84.6s rss=1598MB hwm=1598MB
RSS_SAMPLE t=84.8s rss=1599MB hwm=1599MB
RSS_SAMPLE t=85.1s rss=1599MB hwm=1599MB
RSS_SAMPLE t=85.3s rss=1599MB hwm=1599MB
RSS_SAMPLE t=85.6s rss=1600MB hwm=1600MB
RSS_SAMPLE t=85.8s rss=1600MB hwm=1600MB
RSS_SAMPLE t=86.1s rss=1600MB hwm=1600MB
RSS_SAMPLE t=86.3s rss=1601MB hwm=1601MB
RSS_SAMPLE t=86.6s rss=1601MB hwm=1601MB
RSS_SAMPLE t=86.8s rss=1601MB hwm=1601MB
RSS_SAMPLE t=87.1s rss=1601MB hwm=1601MB
RSS_SAMPLE t=87.3s rss=1602MB hwm=1602MB
RSS_SAMPLE t=87.6s rss=1602MB hwm=1602MB
RSS_SAMPLE t=87.8s rss=1602MB hwm=1602MB
RSS_SAMPLE t=88.1s rss=1603MB hwm=1603MB
RSS_SAMPLE t=88.3s rss=1603MB hwm=1603MB
RSS_SAMPLE t=88.6s rss=1604MB hwm=1604MB
RSS_SAMPLE t=88.8s rss=1604MB hwm=1604MB
RSS_SAMPLE t=89.1s rss=1604MB hwm=1604MB
RSS_SAMPLE t=89.3s rss=1605MB hwm=1605MB
RSS_SAMPLE t=89.6s rss=1605MB hwm=1605MB
RSS_SAMPLE t=89.8s rss=1605MB hwm=1605MB
RSS_SAMPLE t=90.1s rss=1605MB hwm=1605MB
RSS_SAMPLE t=90.3s rss=1606MB hwm=1606MB
RSS_SAMPLE t=90.6s rss=1606MB hwm=1606MB
RSS_SAMPLE t=90.8s rss=1606MB hwm=1606MB
RSS_SAMPLE t=91.1s rss=1607MB hwm=1607MB
RSS_SAMPLE t=91.3s rss=1607MB hwm=1607MB
RSS_SAMPLE t=91.6s rss=1607MB hwm=1607MB
RSS_SAMPLE t=91.8s rss=1608MB hwm=1608MB
RSS_SAMPLE t=92.1s rss=1608MB hwm=1608MB
RSS_SAMPLE t=92.3s rss=1608MB hwm=1608MB
RSS_SAMPLE t=92.6s rss=1609MB hwm=1609MB
RSS_SAMPLE t=92.8s rss=1609MB hwm=1609MB
RSS_SAMPLE t=93.1s rss=1609MB hwm=1609MB
RSS_SAMPLE t=93.3s rss=1609MB hwm=1609MB
RSS_SAMPLE t=93.6s rss=1609MB hwm=1609MB
RSS_SAMPLE t=93.8s rss=1610MB hwm=1610MB
RSS_SAMPLE t=94.1s rss=1610MB hwm=1610MB
RSS_SAMPLE t=94.3s rss=1610MB hwm=1610MB
RSS_SAMPLE t=94.6s rss=1611MB hwm=1611MB
RSS_SAMPLE t=94.8s rss=1611MB hwm=1611MB
RSS_SAMPLE t=95.1s rss=1611MB hwm=1611MB
RSS_SAMPLE t=95.3s rss=1612MB hwm=1612MB
RSS_SAMPLE t=95.6s rss=1612MB hwm=1612MB
RSS_SAMPLE t=95.8s rss=1613MB hwm=1613MB
RSS_SAMPLE t=96.1s rss=1613MB hwm=1613MB
RSS_SAMPLE t=96.3s rss=1613MB hwm=1613MB
RSS_SAMPLE t=96.6s rss=1613MB hwm=1613MB
RSS_SAMPLE t=96.8s rss=1614MB hwm=1614MB
RSS_SAMPLE t=97.1s rss=1614MB hwm=1614MB
RSS_SAMPLE t=97.3s rss=1615MB hwm=1615MB
RSS_SAMPLE t=97.6s rss=1615MB hwm=1615MB
RSS_SAMPLE t=97.8s rss=1615MB hwm=1615MB
RSS_SAMPLE t=98.1s rss=1615MB hwm=1615MB
RSS_SAMPLE t=98.3s rss=1616MB hwm=1616MB
RSS_SAMPLE t=98.6s rss=1616MB hwm=1616MB
RSS_SAMPLE t=98.8s rss=1616MB hwm=1616MB
RSS_SAMPLE t=99.1s rss=1616MB hwm=1616MB
RSS_SAMPLE t=99.3s rss=1617MB hwm=1617MB
RSS_SAMPLE t=99.6s rss=1617MB hwm=1617MB
RSS_SAMPLE t=99.8s rss=1617MB hwm=1617MB
RSS_SAMPLE t=100.1s rss=1618MB hwm=1618MB
    rss_probe[outer=0]: pre_refresh_rss=1074MB post_pre_solve_rss=1618MB cache_entries=25409644 cache_cap=40488140 cache_est_mb=352
    pre_solve_diag[outer=0]: solves=105117 fallback=0 (0.0%) cap_armed=105117 (100.0%) settle_avg=7937 settle_max=69353 init_count=254
  Cell placement by tile type (iter 0, 76660 cells):
    NULL: 31596
    CLB: 27114
    IOB_W: 15019
    CLK_BUFG: 2320
    BRAM: 351
    DSP: 182
    IOB_E: 78
    Overflow: over=0 (0.0% of used) avg_excess=0.00 max_excess=0.00 (nc=0.00 cap=0 span=0)  excess_buckets: <=1=0 1-5=0 5-20=0 >20=0  by_cap: cap1=0 cap2=0 cap3-5=0 cap>5=0  by_span: s1=0 s2-3=0 s4-6=0 s7-12=0 s>12=0  le1_cross: cap1=0 cap2-5=0 cap>5=0
    Congestion: pipes=2562403 used=0 congested(>50%)=0 saturated(>90%)=0 max_util=0.00 avg_util=0.0000
PHASE_MARK outer=0 enter=dcd_sweep rss=1618MB
RSS_SAMPLE t=100.3s rss=1618MB hwm=1618MB
RSS_SAMPLE t=100.6s rss=1618MB hwm=1618MB
RSS_SAMPLE t=100.8s rss=1618MB hwm=1618MB
RSS_SAMPLE t=101.1s rss=1618MB hwm=1618MB
RSS_SAMPLE t=101.3s rss=1619MB hwm=1619MB
RSS_SAMPLE t=101.6s rss=1619MB hwm=1619MB
RSS_SAMPLE t=101.8s rss=1619MB hwm=1619MB
RSS_SAMPLE t=102.1s rss=1619MB hwm=1619MB
RSS_SAMPLE t=102.3s rss=1619MB hwm=1619MB
RSS_SAMPLE t=102.6s rss=1619MB hwm=1619MB
RSS_SAMPLE t=102.8s rss=1620MB hwm=1620MB
RSS_SAMPLE t=103.1s rss=1620MB hwm=1620MB
RSS_SAMPLE t=103.3s rss=1620MB hwm=1620MB
RSS_SAMPLE t=103.6s rss=1620MB hwm=1620MB
RSS_SAMPLE t=103.8s rss=1620MB hwm=1620MB
RSS_SAMPLE t=104.1s rss=1620MB hwm=1620MB
RSS_SAMPLE t=104.3s rss=1620MB hwm=1620MB
RSS_SAMPLE t=104.6s rss=1621MB hwm=1621MB
RSS_SAMPLE t=104.8s rss=1621MB hwm=1621MB
RSS_SAMPLE t=105.1s rss=1621MB hwm=1621MB
RSS_SAMPLE t=105.3s rss=1621MB hwm=1621MB
RSS_SAMPLE t=105.6s rss=1621MB hwm=1621MB
RSS_SAMPLE t=105.8s rss=1621MB hwm=1621MB
RSS_SAMPLE t=106.1s rss=1622MB hwm=1622MB
RSS_SAMPLE t=106.3s rss=1622MB hwm=1622MB
RSS_SAMPLE t=106.6s rss=1622MB hwm=1622MB
RSS_SAMPLE t=106.8s rss=1622MB hwm=1622MB
RSS_SAMPLE t=107.1s rss=1622MB hwm=1622MB
PHASE_MARK outer=0 leave=dcd_sweep rss=1623MB
PHASE_MARK outer=0 enter=post_refresh rss=1623MB
RSS_SAMPLE t=107.3s rss=1646MB hwm=1646MB
RSS_SAMPLE t=107.6s rss=1652MB hwm=1652MB
RSS_SAMPLE t=107.8s rss=1652MB hwm=1652MB
RSS_SAMPLE t=108.1s rss=1652MB hwm=1652MB
RSS_SAMPLE t=108.3s rss=1652MB hwm=1652MB
RSS_SAMPLE t=108.6s rss=1652MB hwm=1652MB
RSS_SAMPLE t=108.8s rss=1652MB hwm=1652MB
RSS_SAMPLE t=109.1s rss=1652MB hwm=1652MB
RSS_SAMPLE t=109.3s rss=1653MB hwm=1653MB
RSS_SAMPLE t=109.6s rss=1653MB hwm=1653MB
RSS_SAMPLE t=109.8s rss=1653MB hwm=1653MB
RSS_SAMPLE t=110.1s rss=2633MB hwm=2633MB
RSS_SAMPLE t=110.3s rss=3104MB hwm=3104MB
RSS_SAMPLE t=110.6s rss=3332MB hwm=3332MB
RSS_SAMPLE t=110.8s rss=3446MB hwm=3446MB
RSS_SAMPLE t=111.1s rss=3501MB hwm=3501MB
RSS_SAMPLE t=111.3s rss=3527MB hwm=3527MB
RSS_SAMPLE t=111.6s rss=3540MB hwm=3540MB
RSS_SAMPLE t=111.8s rss=3557MB hwm=3557MB
RSS_SAMPLE t=112.1s rss=3571MB hwm=3571MB
RSS_SAMPLE t=112.3s rss=3583MB hwm=3583MB
RSS_SAMPLE t=112.6s rss=3584MB hwm=3584MB
RSS_SAMPLE t=112.8s rss=3586MB hwm=3586MB
RSS_SAMPLE t=113.1s rss=3586MB hwm=3586MB
RSS_SAMPLE t=113.3s rss=3593MB hwm=3593MB
RSS_SAMPLE t=113.6s rss=3596MB hwm=3596MB
RSS_SAMPLE t=113.8s rss=3602MB hwm=3602MB
RSS_SAMPLE t=114.1s rss=3606MB hwm=3606MB
RSS_SAMPLE t=114.3s rss=3608MB hwm=3608MB
RSS_SAMPLE t=114.6s rss=3611MB hwm=3611MB
RSS_SAMPLE t=114.8s rss=3613MB hwm=3613MB
RSS_SAMPLE t=115.1s rss=3619MB hwm=3619MB
RSS_SAMPLE t=115.3s rss=3620MB hwm=3620MB
RSS_SAMPLE t=115.6s rss=3620MB hwm=3620MB
RSS_SAMPLE t=115.8s rss=3620MB hwm=3620MB
RSS_SAMPLE t=116.1s rss=3628MB hwm=3628MB
RSS_SAMPLE t=116.3s rss=3628MB hwm=3628MB
RSS_SAMPLE t=116.6s rss=3629MB hwm=3629MB
RSS_SAMPLE t=116.8s rss=3630MB hwm=3630MB
RSS_SAMPLE t=117.1s rss=3630MB hwm=3630MB
RSS_SAMPLE t=117.3s rss=3630MB hwm=3630MB
RSS_SAMPLE t=117.6s rss=3630MB hwm=3630MB
RSS_SAMPLE t=117.8s rss=3630MB hwm=3630MB
RSS_SAMPLE t=118.1s rss=3630MB hwm=3630MB
RSS_SAMPLE t=118.3s rss=3632MB hwm=3632MB
RSS_SAMPLE t=118.6s rss=3634MB hwm=3634MB
RSS_SAMPLE t=118.8s rss=3634MB hwm=3634MB
RSS_SAMPLE t=119.1s rss=3634MB hwm=3634MB
RSS_SAMPLE t=119.3s rss=3634MB hwm=3634MB
RSS_SAMPLE t=119.6s rss=3635MB hwm=3635MB
RSS_SAMPLE t=119.8s rss=3637MB hwm=3637MB
RSS_SAMPLE t=120.1s rss=3637MB hwm=3637MB
RSS_SAMPLE t=120.3s rss=3637MB hwm=3637MB
RSS_SAMPLE t=120.6s rss=3637MB hwm=3637MB
RSS_SAMPLE t=120.8s rss=3637MB hwm=3637MB
RSS_SAMPLE t=121.1s rss=3638MB hwm=3638MB
RSS_SAMPLE t=121.3s rss=3638MB hwm=3638MB
RSS_SAMPLE t=121.6s rss=3638MB hwm=3638MB
RSS_SAMPLE t=121.8s rss=3639MB hwm=3639MB
RSS_SAMPLE t=122.1s rss=3639MB hwm=3639MB
RSS_SAMPLE t=122.3s rss=3639MB hwm=3639MB
RSS_SAMPLE t=122.6s rss=3639MB hwm=3639MB
RSS_SAMPLE t=122.8s rss=3640MB hwm=3640MB
RSS_SAMPLE t=123.1s rss=3641MB hwm=3641MB
RSS_SAMPLE t=123.3s rss=3642MB hwm=3642MB
RSS_SAMPLE t=123.6s rss=3642MB hwm=3642MB
RSS_SAMPLE t=123.8s rss=3642MB hwm=3642MB
RSS_SAMPLE t=124.1s rss=3642MB hwm=3642MB
RSS_SAMPLE t=124.3s rss=3642MB hwm=3642MB
RSS_SAMPLE t=124.6s rss=3643MB hwm=3643MB
RSS_SAMPLE t=124.8s rss=3644MB hwm=3644MB
RSS_SAMPLE t=125.1s rss=3644MB hwm=3644MB
RSS_SAMPLE t=125.4s rss=3644MB hwm=3644MB
RSS_SAMPLE t=125.6s rss=3644MB hwm=3644MB
RSS_SAMPLE t=125.9s rss=3644MB hwm=3644MB
RSS_SAMPLE t=126.1s rss=3644MB hwm=3644MB
RSS_SAMPLE t=126.4s rss=3644MB hwm=3644MB
RSS_SAMPLE t=126.6s rss=3645MB hwm=3645MB
RSS_SAMPLE t=126.9s rss=3645MB hwm=3645MB
RSS_SAMPLE t=127.1s rss=3646MB hwm=3646MB
RSS_SAMPLE t=127.4s rss=3646MB hwm=3646MB
RSS_SAMPLE t=127.6s rss=3646MB hwm=3646MB
RSS_SAMPLE t=127.9s rss=3646MB hwm=3646MB
RSS_SAMPLE t=128.1s rss=3646MB hwm=3646MB
RSS_SAMPLE t=128.4s rss=3646MB hwm=3646MB
RSS_SAMPLE t=128.6s rss=3646MB hwm=3646MB
RSS_SAMPLE t=128.9s rss=3646MB hwm=3646MB
RSS_SAMPLE t=129.1s rss=3646MB hwm=3646MB
RSS_SAMPLE t=129.4s rss=3646MB hwm=3646MB
RSS_SAMPLE t=129.6s rss=3646MB hwm=3646MB
RSS_SAMPLE t=129.9s rss=3646MB hwm=3646MB
RSS_SAMPLE t=130.1s rss=3647MB hwm=3647MB
RSS_SAMPLE t=130.4s rss=3647MB hwm=3647MB
RSS_SAMPLE t=130.6s rss=3647MB hwm=3647MB
RSS_SAMPLE t=130.9s rss=3647MB hwm=3647MB
RSS_SAMPLE t=131.1s rss=3647MB hwm=3647MB
RSS_SAMPLE t=131.4s rss=3647MB hwm=3647MB
RSS_SAMPLE t=131.6s rss=3648MB hwm=3648MB
RSS_SAMPLE t=131.9s rss=3648MB hwm=3648MB
RSS_SAMPLE t=132.1s rss=3648MB hwm=3648MB
RSS_SAMPLE t=132.4s rss=3650MB hwm=3650MB
RSS_SAMPLE t=132.6s rss=3650MB hwm=3650MB
RSS_SAMPLE t=132.9s rss=3650MB hwm=3650MB
RSS_SAMPLE t=133.1s rss=3650MB hwm=3650MB
RSS_SAMPLE t=133.4s rss=3651MB hwm=3651MB
RSS_SAMPLE t=133.6s rss=3651MB hwm=3651MB
RSS_SAMPLE t=133.9s rss=3651MB hwm=3651MB
RSS_SAMPLE t=134.1s rss=3651MB hwm=3651MB
RSS_SAMPLE t=134.4s rss=3651MB hwm=3651MB
RSS_SAMPLE t=134.6s rss=3653MB hwm=3653MB
RSS_SAMPLE t=134.9s rss=3653MB hwm=3653MB
RSS_SAMPLE t=135.1s rss=3653MB hwm=3653MB
RSS_SAMPLE t=135.4s rss=3653MB hwm=3653MB
RSS_SAMPLE t=135.6s rss=3653MB hwm=3653MB
RSS_SAMPLE t=135.9s rss=3653MB hwm=3653MB
RSS_SAMPLE t=136.1s rss=3654MB hwm=3654MB
RSS_SAMPLE t=136.4s rss=3654MB hwm=3654MB
RSS_SAMPLE t=136.6s rss=3654MB hwm=3654MB
RSS_SAMPLE t=136.9s rss=3654MB hwm=3654MB
RSS_SAMPLE t=137.1s rss=3654MB hwm=3654MB
RSS_SAMPLE t=137.4s rss=3654MB hwm=3654MB
RSS_SAMPLE t=137.6s rss=3655MB hwm=3655MB
RSS_SAMPLE t=137.9s rss=3655MB hwm=3655MB
RSS_SAMPLE t=138.1s rss=3655MB hwm=3655MB
RSS_SAMPLE t=138.4s rss=3655MB hwm=3655MB
RSS_SAMPLE t=138.6s rss=3655MB hwm=3655MB
RSS_SAMPLE t=138.9s rss=3656MB hwm=3656MB
RSS_SAMPLE t=139.1s rss=3656MB hwm=3656MB
RSS_SAMPLE t=139.4s rss=3656MB hwm=3656MB
RSS_SAMPLE t=139.6s rss=3656MB hwm=3656MB
RSS_SAMPLE t=139.9s rss=3657MB hwm=3657MB
RSS_SAMPLE t=140.1s rss=3657MB hwm=3657MB
RSS_SAMPLE t=140.4s rss=3657MB hwm=3657MB
RSS_SAMPLE t=140.6s rss=3657MB hwm=3657MB
RSS_SAMPLE t=140.9s rss=3658MB hwm=3658MB
RSS_SAMPLE t=141.1s rss=3658MB hwm=3658MB
RSS_SAMPLE t=141.4s rss=3659MB hwm=3659MB
RSS_SAMPLE t=141.6s rss=3660MB hwm=3660MB
RSS_SAMPLE t=141.9s rss=3660MB hwm=3660MB
RSS_SAMPLE t=142.1s rss=3660MB hwm=3660MB
RSS_SAMPLE t=142.4s rss=3660MB hwm=3660MB
RSS_SAMPLE t=142.6s rss=3660MB hwm=3660MB
RSS_SAMPLE t=142.9s rss=3661MB hwm=3661MB
RSS_SAMPLE t=143.1s rss=3663MB hwm=3663MB
RSS_SAMPLE t=143.4s rss=3663MB hwm=3663MB
RSS_SAMPLE t=143.6s rss=3663MB hwm=3663MB
RSS_SAMPLE t=143.9s rss=3663MB hwm=3663MB
RSS_SAMPLE t=144.1s rss=3663MB hwm=3663MB
RSS_SAMPLE t=144.4s rss=3664MB hwm=3664MB
RSS_SAMPLE t=144.6s rss=3664MB hwm=3664MB
RSS_SAMPLE t=144.9s rss=3664MB hwm=3664MB
RSS_SAMPLE t=145.1s rss=3665MB hwm=3665MB
RSS_SAMPLE t=145.4s rss=3665MB hwm=3665MB
RSS_SAMPLE t=145.6s rss=3665MB hwm=3665MB
RSS_SAMPLE t=145.9s rss=3665MB hwm=3665MB
RSS_SAMPLE t=146.1s rss=3665MB hwm=3665MB
RSS_SAMPLE t=146.4s rss=3666MB hwm=3666MB
RSS_SAMPLE t=146.6s rss=3666MB hwm=3666MB
RSS_SAMPLE t=146.9s rss=3666MB hwm=3666MB
RSS_SAMPLE t=147.1s rss=3666MB hwm=3666MB
RSS_SAMPLE t=147.4s rss=3667MB hwm=3667MB
RSS_SAMPLE t=147.6s rss=3667MB hwm=3667MB
RSS_SAMPLE t=147.9s rss=3667MB hwm=3667MB
RSS_SAMPLE t=148.1s rss=3668MB hwm=3668MB
RSS_SAMPLE t=148.4s rss=3668MB hwm=3668MB
RSS_SAMPLE t=148.6s rss=3668MB hwm=3668MB
RSS_SAMPLE t=148.9s rss=3668MB hwm=3668MB
RSS_SAMPLE t=149.1s rss=3668MB hwm=3668MB
RSS_SAMPLE t=149.4s rss=3668MB hwm=3668MB
RSS_SAMPLE t=149.6s rss=3668MB hwm=3668MB
RSS_SAMPLE t=149.9s rss=3668MB hwm=3668MB
RSS_SAMPLE t=150.1s rss=3668MB hwm=3668MB
RSS_SAMPLE t=150.4s rss=3669MB hwm=3669MB
RSS_SAMPLE t=150.6s rss=3669MB hwm=3669MB
RSS_SAMPLE t=150.9s rss=3669MB hwm=3669MB
RSS_SAMPLE t=151.1s rss=3669MB hwm=3669MB
RSS_SAMPLE t=151.4s rss=3669MB hwm=3669MB
RSS_SAMPLE t=151.6s rss=3669MB hwm=3669MB
RSS_SAMPLE t=151.9s rss=3669MB hwm=3669MB
RSS_SAMPLE t=152.1s rss=3669MB hwm=3669MB
RSS_SAMPLE t=152.4s rss=3669MB hwm=3669MB
RSS_SAMPLE t=152.6s rss=3669MB hwm=3669MB
RSS_SAMPLE t=152.9s rss=3670MB hwm=3670MB
RSS_SAMPLE t=153.1s rss=3670MB hwm=3670MB
RSS_SAMPLE t=153.4s rss=3670MB hwm=3670MB
RSS_SAMPLE t=153.6s rss=3670MB hwm=3670MB
RSS_SAMPLE t=153.9s rss=3670MB hwm=3670MB
RSS_SAMPLE t=154.1s rss=3670MB hwm=3670MB
RSS_SAMPLE t=154.4s rss=3670MB hwm=3670MB
RSS_SAMPLE t=154.6s rss=3671MB hwm=3671MB
RSS_SAMPLE t=154.9s rss=3671MB hwm=3671MB
RSS_SAMPLE t=155.1s rss=3671MB hwm=3671MB
RSS_SAMPLE t=155.4s rss=3671MB hwm=3671MB
RSS_SAMPLE t=155.6s rss=3671MB hwm=3671MB
RSS_SAMPLE t=155.9s rss=3671MB hwm=3671MB
RSS_SAMPLE t=156.1s rss=3671MB hwm=3671MB
RSS_SAMPLE t=156.4s rss=3672MB hwm=3672MB
RSS_SAMPLE t=156.6s rss=3672MB hwm=3672MB
RSS_SAMPLE t=156.9s rss=3672MB hwm=3672MB
RSS_SAMPLE t=157.1s rss=3672MB hwm=3672MB
RSS_SAMPLE t=157.4s rss=3672MB hwm=3672MB
RSS_SAMPLE t=157.6s rss=3672MB hwm=3672MB
RSS_SAMPLE t=157.9s rss=3672MB hwm=3672MB
RSS_SAMPLE t=158.1s rss=3672MB hwm=3672MB
RSS_SAMPLE t=158.4s rss=3673MB hwm=3673MB
RSS_SAMPLE t=158.6s rss=3673MB hwm=3673MB
RSS_SAMPLE t=158.9s rss=3673MB hwm=3673MB
RSS_SAMPLE t=159.1s rss=3673MB hwm=3673MB
RSS_SAMPLE t=159.4s rss=3673MB hwm=3673MB
RSS_SAMPLE t=159.6s rss=3674MB hwm=3674MB
RSS_SAMPLE t=159.9s rss=3674MB hwm=3674MB
RSS_SAMPLE t=160.1s rss=3674MB hwm=3674MB
RSS_SAMPLE t=160.4s rss=3674MB hwm=3674MB
RSS_SAMPLE t=160.6s rss=3674MB hwm=3674MB
RSS_SAMPLE t=160.9s rss=3675MB hwm=3675MB
RSS_SAMPLE t=161.1s rss=3675MB hwm=3675MB
RSS_SAMPLE t=161.4s rss=3675MB hwm=3675MB
RSS_SAMPLE t=161.6s rss=3675MB hwm=3675MB
RSS_SAMPLE t=161.9s rss=3676MB hwm=3676MB
RSS_SAMPLE t=162.1s rss=3676MB hwm=3676MB
RSS_SAMPLE t=162.4s rss=3676MB hwm=3676MB
RSS_SAMPLE t=162.6s rss=3676MB hwm=3676MB
RSS_SAMPLE t=162.9s rss=3677MB hwm=3677MB
RSS_SAMPLE t=163.1s rss=3677MB hwm=3677MB
RSS_SAMPLE t=163.4s rss=3677MB hwm=3677MB
RSS_SAMPLE t=163.6s rss=3677MB hwm=3677MB
RSS_SAMPLE t=163.9s rss=3677MB hwm=3677MB
RSS_SAMPLE t=164.1s rss=3677MB hwm=3677MB
RSS_SAMPLE t=164.4s rss=3677MB hwm=3677MB
RSS_SAMPLE t=164.6s rss=3677MB hwm=3677MB
RSS_SAMPLE t=164.9s rss=3677MB hwm=3677MB
RSS_SAMPLE t=165.1s rss=3677MB hwm=3677MB
RSS_SAMPLE t=165.4s rss=3677MB hwm=3677MB
RSS_SAMPLE t=165.7s rss=3677MB hwm=3677MB
RSS_SAMPLE t=165.9s rss=3677MB hwm=3677MB
RSS_SAMPLE t=166.2s rss=3677MB hwm=3677MB
RSS_SAMPLE t=166.4s rss=3677MB hwm=3677MB
RSS_SAMPLE t=166.7s rss=3677MB hwm=3677MB
RSS_SAMPLE t=166.9s rss=3677MB hwm=3677MB
RSS_SAMPLE t=167.2s rss=3677MB hwm=3677MB
RSS_SAMPLE t=167.4s rss=3677MB hwm=3677MB
RSS_SAMPLE t=167.7s rss=3677MB hwm=3677MB
RSS_SAMPLE t=167.9s rss=3677MB hwm=3677MB
RSS_SAMPLE t=168.2s rss=3677MB hwm=3677MB
RSS_SAMPLE t=168.4s rss=3677MB hwm=3677MB
RSS_SAMPLE t=168.7s rss=3677MB hwm=3677MB
RSS_SAMPLE t=168.9s rss=3677MB hwm=3677MB
RSS_SAMPLE t=169.2s rss=3677MB hwm=3677MB
RSS_SAMPLE t=169.4s rss=3677MB hwm=3677MB
RSS_SAMPLE t=169.7s rss=3677MB hwm=3677MB
RSS_SAMPLE t=169.9s rss=3677MB hwm=3677MB
RSS_SAMPLE t=170.2s rss=3677MB hwm=3677MB
RSS_SAMPLE t=170.4s rss=3677MB hwm=3677MB
RSS_SAMPLE t=170.7s rss=3677MB hwm=3677MB
RSS_SAMPLE t=170.9s rss=3677MB hwm=3677MB
RSS_SAMPLE t=171.2s rss=3677MB hwm=3677MB
RSS_SAMPLE t=171.4s rss=3677MB hwm=3677MB
RSS_SAMPLE t=171.7s rss=3677MB hwm=3677MB
RSS_SAMPLE t=171.9s rss=3677MB hwm=3677MB
RSS_SAMPLE t=172.2s rss=3677MB hwm=3677MB
RSS_SAMPLE t=172.4s rss=3677MB hwm=3677MB
RSS_SAMPLE t=172.7s rss=3677MB hwm=3677MB
RSS_SAMPLE t=172.9s rss=3677MB hwm=3677MB
RSS_SAMPLE t=173.2s rss=3677MB hwm=3677MB
RSS_SAMPLE t=173.4s rss=3677MB hwm=3677MB
RSS_SAMPLE t=173.7s rss=3677MB hwm=3677MB
RSS_SAMPLE t=173.9s rss=3677MB hwm=3677MB
RSS_SAMPLE t=174.2s rss=3677MB hwm=3677MB
RSS_SAMPLE t=174.4s rss=3677MB hwm=3677MB
RSS_SAMPLE t=174.7s rss=3677MB hwm=3677MB
RSS_SAMPLE t=174.9s rss=3677MB hwm=3677MB
RSS_SAMPLE t=175.2s rss=3677MB hwm=3677MB
RSS_SAMPLE t=175.4s rss=3677MB hwm=3677MB
RSS_SAMPLE t=175.7s rss=3677MB hwm=3677MB
RSS_SAMPLE t=175.9s rss=3677MB hwm=3677MB
RSS_SAMPLE t=176.2s rss=3677MB hwm=3677MB
RSS_SAMPLE t=176.4s rss=3677MB hwm=3677MB
RSS_SAMPLE t=176.7s rss=3677MB hwm=3677MB
RSS_SAMPLE t=176.9s rss=3677MB hwm=3677MB
RSS_SAMPLE t=177.2s rss=3677MB hwm=3677MB
RSS_SAMPLE t=177.4s rss=3677MB hwm=3677MB
RSS_SAMPLE t=177.7s rss=3677MB hwm=3677MB
RSS_SAMPLE t=177.9s rss=3677MB hwm=3677MB
RSS_SAMPLE t=178.2s rss=3677MB hwm=3677MB
RSS_SAMPLE t=178.4s rss=3677MB hwm=3677MB
RSS_SAMPLE t=178.7s rss=3677MB hwm=3677MB
RSS_SAMPLE t=178.9s rss=3677MB hwm=3677MB
RSS_SAMPLE t=179.2s rss=3677MB hwm=3677MB
RSS_SAMPLE t=179.4s rss=3677MB hwm=3677MB
RSS_SAMPLE t=179.7s rss=3677MB hwm=3677MB
RSS_SAMPLE t=179.9s rss=3677MB hwm=3677MB
RSS_SAMPLE t=180.2s rss=3677MB hwm=3677MB
RSS_SAMPLE t=180.4s rss=3677MB hwm=3677MB
RSS_SAMPLE t=180.7s rss=3677MB hwm=3677MB
RSS_SAMPLE t=180.9s rss=3677MB hwm=3677MB
RSS_SAMPLE t=181.2s rss=3677MB hwm=3677MB
RSS_SAMPLE t=181.4s rss=3677MB hwm=3677MB
RSS_SAMPLE t=181.7s rss=3677MB hwm=3677MB
RSS_SAMPLE t=181.9s rss=3677MB hwm=3677MB
RSS_SAMPLE t=182.2s rss=3677MB hwm=3677MB
RSS_SAMPLE t=182.4s rss=3678MB hwm=3678MB
RSS_SAMPLE t=182.7s rss=3678MB hwm=3678MB
RSS_SAMPLE t=182.9s rss=3678MB hwm=3678MB
RSS_SAMPLE t=183.2s rss=3678MB hwm=3678MB
RSS_SAMPLE t=183.4s rss=3678MB hwm=3678MB
RSS_SAMPLE t=183.7s rss=3678MB hwm=3678MB
RSS_SAMPLE t=183.9s rss=3678MB hwm=3678MB
RSS_SAMPLE t=184.2s rss=3678MB hwm=3678MB
RSS_SAMPLE t=184.4s rss=3678MB hwm=3678MB
RSS_SAMPLE t=184.7s rss=3678MB hwm=3678MB
RSS_SAMPLE t=184.9s rss=3678MB hwm=3678MB
RSS_SAMPLE t=185.2s rss=3678MB hwm=3678MB
RSS_SAMPLE t=185.4s rss=3678MB hwm=3678MB
RSS_SAMPLE t=185.7s rss=3678MB hwm=3678MB
RSS_SAMPLE t=185.9s rss=3678MB hwm=3678MB
RSS_SAMPLE t=186.2s rss=3697MB hwm=3697MB
MEM_POOL: workspaces=32 dense_usage_mb=1251 n_pipes=2562403
    post_solve_diag[outer=0]: solves=105117 cap_armed=105117 (100.0%) settle_avg=7528 above_sink_avg=24 (0.3%) settle_max=69353
    settle_hist[outer=0]: <100: 40376nets/0.1%work  <1k: 23197nets/1.5%work  <5k: 12443nets/3.4%work  <20k: 12690nets/19.0%work  <60k: 14846nets/62.9%work  >=60k: 1565nets/13.0%work
    rss_probe[outer=0]: pre_post_solve=1653MB post_post_solve=3697MB after_apply=3698MB
MuxSlotTracker[sweep 0 LEAK]: populated_cells=48598, overflow_tiles=3, at_cap_tiles=1087, peak_excess=15, capacity_hist={16:67346}
    E_decomp: base=9114934.4 eff=9610486.1 cong=495551.6 cong_share=5.2% sat_pipes=91143 max_util=1395.28  R_buckets: 1-2x=2562403 2-10x=0 10-100x=0 >=100x=0
    E_potential: beckmann=27559585444112.5 history_total=0.0
    SpanCache: epoch=1 entries=110 lookups=2562403 hits=2562293 misses=110 hit_rate=100.0%
  DCD   0: nets=105117 line=17364705 energy=2608182.139 dE=+0.000 friction=5966935.0 bins=2.9x(772) excess=344.3 moved=48368 disp=inf solves=210234 skip=0 pops=1625565855 theta=0.250 refresh=119532ms dcd=7160ms total=129180ms
    cache_stats: entries=28831550 capacity=47069491 est_mb=409 rss_mb=3682
RSS_SAMPLE t=186.4s rss=3682MB hwm=3693MB
RSS_SAMPLE t=186.7s rss=3682MB hwm=3693MB
RSS_SAMPLE t=186.9s rss=3682MB hwm=3693MB
RSS_SAMPLE t=187.2s rss=3682MB hwm=3693MB
RSS_SAMPLE t=187.4s rss=3682MB hwm=3693MB
RSS_SAMPLE t=187.7s rss=3682MB hwm=3693MB
RSS_SAMPLE t=187.9s rss=3682MB hwm=3693MB
RSS_SAMPLE t=188.2s rss=3682MB hwm=3693MB
RSS_SAMPLE t=188.4s rss=3682MB hwm=3693MB
RSS_SAMPLE t=188.7s rss=3682MB hwm=3693MB
    SwitchMatrix: type_usage_pairs=1024 lookups=2920 hits=1896 dijkstra_calls=1024 avg_us=11.2 total_ms=11.4
PHASE_MARK outer=1 enter=pre_solve rss=3682MB
    rss_probe[outer=1]: pre_refresh_rss=3682MB post_pre_solve_rss=3682MB cache_entries=28831550 cache_cap=47069491 cache_est_mb=409
    pre_solve_diag[outer=1]: solves=0 fallback=0 (0.0%) cap_armed=0 (0.0%) settle_avg=0 settle_max=0 init_count=242
    Overflow: over=77289 (3.0% of used) avg_excess=5.06 max_excess=1591.11 (nc=1615.11 cap=24 span=1)  excess_buckets: <=1=32263 1-5=28111 5-20=13346 >20=3569  by_cap: cap1=12564 cap2=39438 cap3-5=161 cap>5=25126  by_span: s1=1332 s2-3=2297 s4-6=15115 s7-12=46214 s>12=12331  le1_cross: cap1=9849 cap2-5=19040 cap>5=3374
    Congestion: pipes=2562403 used=2562403 congested(>50%)=196200 saturated(>90%)=91143 max_util=1395.28 avg_util=0.1911
PHASE_MARK outer=1 enter=dcd_sweep rss=3682MB
RSS_SAMPLE t=188.9s rss=3682MB hwm=3693MB
RSS_SAMPLE t=189.2s rss=3682MB hwm=3693MB
RSS_SAMPLE t=189.4s rss=3682MB hwm=3693MB
RSS_SAMPLE t=189.7s rss=3682MB hwm=3693MB
RSS_SAMPLE t=189.9s rss=3682MB hwm=3693MB
RSS_SAMPLE t=190.2s rss=3682MB hwm=3693MB
RSS_SAMPLE t=190.4s rss=3682MB hwm=3693MB
RSS_SAMPLE t=190.7s rss=3682MB hwm=3693MB
RSS_SAMPLE t=190.9s rss=3682MB hwm=3693MB
RSS_SAMPLE t=191.2s rss=3682MB hwm=3693MB
RSS_SAMPLE t=191.4s rss=3682MB hwm=3693MB
RSS_SAMPLE t=191.7s rss=3682MB hwm=3693MB
RSS_SAMPLE t=191.9s rss=3682MB hwm=3693MB
RSS_SAMPLE t=192.2s rss=3682MB hwm=3693MB
RSS_SAMPLE t=192.4s rss=3682MB hwm=3693MB
RSS_SAMPLE t=192.7s rss=3682MB hwm=3693MB
RSS_SAMPLE t=192.9s rss=3682MB hwm=3693MB
RSS_SAMPLE t=193.2s rss=3682MB hwm=3693MB
RSS_SAMPLE t=193.4s rss=3682MB hwm=3693MB
RSS_SAMPLE t=193.7s rss=3682MB hwm=3693MB
RSS_SAMPLE t=193.9s rss=3682MB hwm=3693MB
RSS_SAMPLE t=194.2s rss=3682MB hwm=3693MB
RSS_SAMPLE t=194.4s rss=3682MB hwm=3693MB
RSS_SAMPLE t=194.7s rss=3682MB hwm=3693MB
RSS_SAMPLE t=194.9s rss=3682MB hwm=3693MB
RSS_SAMPLE t=195.2s rss=3682MB hwm=3693MB
RSS_SAMPLE t=195.4s rss=3682MB hwm=3693MB
RSS_SAMPLE t=195.7s rss=3682MB hwm=3693MB
PHASE_MARK outer=1 leave=dcd_sweep rss=3682MB
PHASE_MARK outer=1 enter=post_refresh rss=3682MB
RSS_SAMPLE t=195.9s rss=3691MB hwm=3693MB
RSS_SAMPLE t=196.2s rss=3691MB hwm=3693MB
RSS_SAMPLE t=196.4s rss=3691MB hwm=3693MB
RSS_SAMPLE t=196.7s rss=3691MB hwm=3693MB
RSS_SAMPLE t=196.9s rss=3691MB hwm=3693MB
RSS_SAMPLE t=197.2s rss=3691MB hwm=3693MB
RSS_SAMPLE t=197.4s rss=3691MB hwm=3693MB
RSS_SAMPLE t=197.7s rss=3691MB hwm=3693MB
RSS_SAMPLE t=197.9s rss=3691MB hwm=3693MB
RSS_SAMPLE t=198.2s rss=3691MB hwm=3693MB
RSS_SAMPLE t=198.4s rss=3691MB hwm=3693MB
RSS_SAMPLE t=198.7s rss=3746MB hwm=3746MB
RSS_SAMPLE t=198.9s rss=3765MB hwm=3765MB
RSS_SAMPLE t=199.2s rss=3780MB hwm=3780MB
RSS_SAMPLE t=199.4s rss=3787MB hwm=3787MB
RSS_SAMPLE t=199.7s rss=3791MB hwm=3791MB
RSS_SAMPLE t=199.9s rss=3798MB hwm=3798MB
RSS_SAMPLE t=200.2s rss=3806MB hwm=3806MB
RSS_SAMPLE t=200.4s rss=3813MB hwm=3813MB
RSS_SAMPLE t=200.7s rss=3814MB hwm=3814MB
RSS_SAMPLE t=200.9s rss=3814MB hwm=3814MB
RSS_SAMPLE t=201.2s rss=3815MB hwm=3815MB
RSS_SAMPLE t=201.4s rss=3815MB hwm=3815MB
RSS_SAMPLE t=201.7s rss=3816MB hwm=3816MB
RSS_SAMPLE t=201.9s rss=3817MB hwm=3817MB
RSS_SAMPLE t=202.2s rss=3818MB hwm=3818MB
RSS_SAMPLE t=202.4s rss=3819MB hwm=3819MB
RSS_SAMPLE t=202.7s rss=3819MB hwm=3819MB
RSS_SAMPLE t=202.9s rss=3820MB hwm=3820MB
RSS_SAMPLE t=203.2s rss=3821MB hwm=3821MB
RSS_SAMPLE t=203.4s rss=3828MB hwm=3828MB
RSS_SAMPLE t=203.7s rss=3828MB hwm=3828MB
RSS_SAMPLE t=203.9s rss=3829MB hwm=3829MB
RSS_SAMPLE t=204.2s rss=3831MB hwm=3831MB
RSS_SAMPLE t=204.4s rss=3832MB hwm=3832MB
RSS_SAMPLE t=204.7s rss=3833MB hwm=3833MB
RSS_SAMPLE t=204.9s rss=3838MB hwm=3838MB
RSS_SAMPLE t=205.2s rss=3839MB hwm=3839MB
RSS_SAMPLE t=205.4s rss=3840MB hwm=3840MB
RSS_SAMPLE t=205.7s rss=3841MB hwm=3841MB
RSS_SAMPLE t=205.9s rss=3842MB hwm=3842MB
RSS_SAMPLE t=206.2s rss=3843MB hwm=3843MB
RSS_SAMPLE t=206.4s rss=3848MB hwm=3848MB
RSS_SAMPLE t=206.7s rss=3848MB hwm=3848MB
RSS_SAMPLE t=206.9s rss=3849MB hwm=3849MB
RSS_SAMPLE t=207.2s rss=3850MB hwm=3850MB
RSS_SAMPLE t=207.4s rss=3850MB hwm=3850MB
RSS_SAMPLE t=207.7s rss=3851MB hwm=3851MB
RSS_SAMPLE t=207.9s rss=3852MB hwm=3852MB
RSS_SAMPLE t=208.2s rss=3852MB hwm=3852MB
RSS_SAMPLE t=208.4s rss=3853MB hwm=3853MB
RSS_SAMPLE t=208.7s rss=3853MB hwm=3853MB
RSS_SAMPLE t=208.9s rss=3854MB hwm=3854MB
RSS_SAMPLE t=209.2s rss=3854MB hwm=3854MB
RSS_SAMPLE t=209.4s rss=3855MB hwm=3855MB
RSS_SAMPLE t=209.7s rss=3855MB hwm=3855MB
RSS_SAMPLE t=209.9s rss=3859MB hwm=3859MB
RSS_SAMPLE t=210.2s rss=3860MB hwm=3860MB
RSS_SAMPLE t=210.4s rss=3861MB hwm=3861MB
RSS_SAMPLE t=210.7s rss=3861MB hwm=3861MB
RSS_SAMPLE t=210.9s rss=3861MB hwm=3861MB
RSS_SAMPLE t=211.2s rss=3865MB hwm=3865MB
RSS_SAMPLE t=211.4s rss=3866MB hwm=3866MB
RSS_SAMPLE t=211.7s rss=3866MB hwm=3866MB
RSS_SAMPLE t=211.9s rss=3866MB hwm=3866MB
RSS_SAMPLE t=212.2s rss=3866MB hwm=3866MB
RSS_SAMPLE t=212.4s rss=3866MB hwm=3866MB
RSS_SAMPLE t=212.7s rss=3866MB hwm=3866MB
RSS_SAMPLE t=212.9s rss=3868MB hwm=3868MB
RSS_SAMPLE t=213.2s rss=3868MB hwm=3868MB
RSS_SAMPLE t=213.4s rss=3868MB hwm=3868MB
RSS_SAMPLE t=213.7s rss=3869MB hwm=3869MB
RSS_SAMPLE t=213.9s rss=3869MB hwm=3869MB
RSS_SAMPLE t=214.2s rss=3869MB hwm=3869MB
RSS_SAMPLE t=214.4s rss=3869MB hwm=3869MB
RSS_SAMPLE t=214.7s rss=3869MB hwm=3869MB
RSS_SAMPLE t=214.9s rss=3870MB hwm=3870MB
RSS_SAMPLE t=215.2s rss=3870MB hwm=3870MB
RSS_SAMPLE t=215.4s rss=3870MB hwm=3870MB
RSS_SAMPLE t=215.7s rss=3870MB hwm=3870MB
RSS_SAMPLE t=215.9s rss=3870MB hwm=3870MB
RSS_SAMPLE t=216.2s rss=3870MB hwm=3870MB
RSS_SAMPLE t=216.4s rss=3871MB hwm=3871MB
RSS_SAMPLE t=216.7s rss=3871MB hwm=3871MB
RSS_SAMPLE t=216.9s rss=3872MB hwm=3872MB
RSS_SAMPLE t=217.2s rss=3873MB hwm=3873MB
RSS_SAMPLE t=217.4s rss=3873MB hwm=3873MB
RSS_SAMPLE t=217.7s rss=3874MB hwm=3874MB
RSS_SAMPLE t=217.9s rss=3874MB hwm=3874MB
RSS_SAMPLE t=218.2s rss=3875MB hwm=3875MB
RSS_SAMPLE t=218.4s rss=3875MB hwm=3875MB
RSS_SAMPLE t=218.7s rss=3875MB hwm=3875MB
RSS_SAMPLE t=218.9s rss=3876MB hwm=3876MB
RSS_SAMPLE t=219.2s rss=3876MB hwm=3876MB
RSS_SAMPLE t=219.4s rss=3876MB hwm=3876MB
RSS_SAMPLE t=219.7s rss=3876MB hwm=3876MB
RSS_SAMPLE t=219.9s rss=3876MB hwm=3876MB
RSS_SAMPLE t=220.2s rss=3876MB hwm=3876MB
RSS_SAMPLE t=220.4s rss=3876MB hwm=3876MB
RSS_SAMPLE t=220.7s rss=3876MB hwm=3876MB
RSS_SAMPLE t=220.9s rss=3876MB hwm=3876MB
RSS_SAMPLE t=221.2s rss=3876MB hwm=3876MB
RSS_SAMPLE t=221.4s rss=3876MB hwm=3876MB
RSS_SAMPLE t=221.7s rss=3876MB hwm=3876MB
RSS_SAMPLE t=221.9s rss=3876MB hwm=3876MB
RSS_SAMPLE t=222.2s rss=3876MB hwm=3876MB
RSS_SAMPLE t=222.4s rss=3876MB hwm=3876MB
RSS_SAMPLE t=222.7s rss=3876MB hwm=3876MB
RSS_SAMPLE t=222.9s rss=3876MB hwm=3876MB
RSS_SAMPLE t=223.2s rss=3876MB hwm=3876MB
RSS_SAMPLE t=223.4s rss=3876MB hwm=3876MB
RSS_SAMPLE t=223.7s rss=3876MB hwm=3876MB
RSS_SAMPLE t=223.9s rss=3876MB hwm=3876MB
RSS_SAMPLE t=224.2s rss=3876MB hwm=3876MB
RSS_SAMPLE t=224.4s rss=3876MB hwm=3876MB
RSS_SAMPLE t=224.7s rss=3876MB hwm=3876MB
RSS_SAMPLE t=224.9s rss=3876MB hwm=3876MB
RSS_SAMPLE t=225.2s rss=3876MB hwm=3876MB
RSS_SAMPLE t=225.4s rss=3876MB hwm=3876MB
RSS_SAMPLE t=225.7s rss=3876MB hwm=3876MB
RSS_SAMPLE t=225.9s rss=3876MB hwm=3876MB
RSS_SAMPLE t=226.2s rss=3876MB hwm=3876MB
RSS_SAMPLE t=226.4s rss=3876MB hwm=3876MB
RSS_SAMPLE t=226.7s rss=3876MB hwm=3876MB
RSS_SAMPLE t=226.9s rss=3876MB hwm=3876MB
RSS_SAMPLE t=227.2s rss=3876MB hwm=3876MB
RSS_SAMPLE t=227.4s rss=3876MB hwm=3876MB
RSS_SAMPLE t=227.7s rss=3876MB hwm=3876MB
RSS_SAMPLE t=227.9s rss=3876MB hwm=3876MB
RSS_SAMPLE t=228.2s rss=3876MB hwm=3876MB
RSS_SAMPLE t=228.4s rss=3876MB hwm=3876MB
RSS_SAMPLE t=228.7s rss=3876MB hwm=3876MB
RSS_SAMPLE t=228.9s rss=3876MB hwm=3876MB
RSS_SAMPLE t=229.2s rss=3876MB hwm=3876MB
RSS_SAMPLE t=229.4s rss=3876MB hwm=3876MB
RSS_SAMPLE t=229.7s rss=3876MB hwm=3876MB
RSS_SAMPLE t=229.9s rss=3876MB hwm=3876MB
RSS_SAMPLE t=230.2s rss=3876MB hwm=3876MB
RSS_SAMPLE t=230.4s rss=3876MB hwm=3876MB
RSS_SAMPLE t=230.7s rss=3876MB hwm=3876MB
RSS_SAMPLE t=230.9s rss=3876MB hwm=3876MB
RSS_SAMPLE t=231.2s rss=3876MB hwm=3876MB
RSS_SAMPLE t=231.4s rss=3876MB hwm=3876MB
RSS_SAMPLE t=231.7s rss=3876MB hwm=3876MB
RSS_SAMPLE t=231.9s rss=3876MB hwm=3876MB
RSS_SAMPLE t=232.2s rss=3876MB hwm=3876MB
RSS_SAMPLE t=232.4s rss=3876MB hwm=3876MB
RSS_SAMPLE t=232.7s rss=3876MB hwm=3876MB
RSS_SAMPLE t=232.9s rss=3876MB hwm=3876MB
RSS_SAMPLE t=233.2s rss=3876MB hwm=3876MB
RSS_SAMPLE t=233.4s rss=3876MB hwm=3876MB
RSS_SAMPLE t=233.7s rss=3876MB hwm=3876MB
RSS_SAMPLE t=233.9s rss=3876MB hwm=3876MB
RSS_SAMPLE t=234.2s rss=3876MB hwm=3876MB
RSS_SAMPLE t=234.4s rss=3876MB hwm=3876MB
RSS_SAMPLE t=234.7s rss=3876MB hwm=3876MB
RSS_SAMPLE t=234.9s rss=3876MB hwm=3876MB
RSS_SAMPLE t=235.2s rss=3876MB hwm=3876MB
RSS_SAMPLE t=235.4s rss=3876MB hwm=3876MB
RSS_SAMPLE t=235.7s rss=3876MB hwm=3876MB
RSS_SAMPLE t=235.9s rss=3876MB hwm=3876MB
RSS_SAMPLE t=236.2s rss=3876MB hwm=3876MB
RSS_SAMPLE t=236.4s rss=3876MB hwm=3876MB
RSS_SAMPLE t=236.7s rss=3876MB hwm=3876MB
RSS_SAMPLE t=236.9s rss=3876MB hwm=3876MB
RSS_SAMPLE t=237.2s rss=3876MB hwm=3876MB
RSS_SAMPLE t=237.4s rss=3876MB hwm=3876MB
RSS_SAMPLE t=237.7s rss=3876MB hwm=3876MB
RSS_SAMPLE t=237.9s rss=3876MB hwm=3876MB
RSS_SAMPLE t=238.2s rss=3876MB hwm=3876MB
RSS_SAMPLE t=238.4s rss=3896MB hwm=3896MB
MEM_POOL: workspaces=32 dense_usage_mb=1251 n_pipes=2562403
    post_solve_diag[outer=1]: solves=105117 cap_armed=104952 (99.8%) settle_avg=6762 above_sink_avg=49 (0.7%) settle_max=69353
    settle_hist[outer=1]: <100: 41861nets/0.1%work  <1k: 22741nets/1.6%work  <5k: 13349nets/4.1%work  <20k: 12700nets/20.8%work  <60k: 13233nets/62.1%work  >=60k: 1233nets/11.3%work
    rss_probe[outer=1]: pre_post_solve=3691MB post_post_solve=3896MB after_apply=3896MB
MuxSlotTracker[sweep 1 LEAK]: populated_cells=54390, overflow_tiles=3, at_cap_tiles=1059, peak_excess=12, capacity_hist={16:67346}
    E_decomp: base=8509505.3 eff=103754997343619.4 cong=103754988834114.0 cong_share=100.0% sat_pipes=91802 max_util=704.74  R_buckets: 1-2x=130347 2-10x=3972 10-100x=1250 >=100x=2426834
    E_potential: beckmann=12867512148716.4 history_total=0.0
    SpanCache: epoch=2 entries=2920 lookups=2562403 hits=2559483 misses=2920 hit_rate=99.9%
  DCD   1: nets=105117 line=17011808 energy=21482971753.867 dE=+21480363571.728 friction=10031879.9 bins=2.8x(713) excess=258.2 moved=53476 disp=12.223 solves=105117 skip=105117 pops=710767307 theta=1.118 refresh=42633ms dcd=7109ms total=52240ms
    cache_stats: entries=27527610 capacity=46546164 est_mb=404 rss_mb=3897
RSS_SAMPLE t=238.7s rss=3897MB hwm=3897MB
RSS_SAMPLE t=238.9s rss=3897MB hwm=3897MB
RSS_SAMPLE t=239.2s rss=3897MB hwm=3897MB
RSS_SAMPLE t=239.4s rss=3897MB hwm=3897MB
RSS_SAMPLE t=239.7s rss=3897MB hwm=3897MB
RSS_SAMPLE t=239.9s rss=3897MB hwm=3897MB
RSS_SAMPLE t=240.2s rss=3897MB hwm=3897MB
RSS_SAMPLE t=240.4s rss=3897MB hwm=3897MB
RSS_SAMPLE t=240.7s rss=3897MB hwm=3897MB
RSS_SAMPLE t=240.9s rss=3897MB hwm=3897MB
    SwitchMatrix: type_usage_pairs=1283 lookups=3259 hits=1976 dijkstra_calls=1283 avg_us=10.5 total_ms=13.4
PHASE_MARK outer=2 enter=pre_solve rss=3897MB
    rss_probe[outer=2]: pre_refresh_rss=3897MB post_pre_solve_rss=3915MB cache_entries=27527610 cache_cap=46546164 cache_est_mb=404
    pre_solve_diag[outer=2]: solves=0 fallback=0 (0.0%) cap_armed=0 (0.0%) settle_avg=0 settle_max=0 init_count=254
    Overflow: over=85934 (3.4% of used) avg_excess=13.35 max_excess=3511.54 (nc=3535.54 cap=24 span=1)  excess_buckets: <=1=14191 1-5=42707 5-20=22888 >20=6148  by_cap: cap1=2747 cap2=72759 cap3-5=29 cap>5=10399  by_span: s1=909 s2-3=3602 s4-6=5159 s7-12=73780 s>12=2484  le1_cross: cap1=2258 cap2-5=10505 cap>5=1428
    Congestion: pipes=2562403 used=2562403 congested(>50%)=143057 saturated(>90%)=91802 max_util=704.74 avg_util=0.2189
PHASE_MARK outer=2 enter=dcd_sweep rss=3915MB
RSS_SAMPLE t=241.2s rss=3915MB hwm=3915MB
RSS_SAMPLE t=241.4s rss=3915MB hwm=3915MB
RSS_SAMPLE t=241.7s rss=3915MB hwm=3915MB
RSS_SAMPLE t=241.9s rss=3915MB hwm=3915MB
RSS_SAMPLE t=242.2s rss=3915MB hwm=3915MB
RSS_SAMPLE t=242.4s rss=3915MB hwm=3915MB
RSS_SAMPLE t=242.7s rss=3915MB hwm=3915MB
RSS_SAMPLE t=242.9s rss=3915MB hwm=3915MB
RSS_SAMPLE t=243.2s rss=3915MB hwm=3915MB
RSS_SAMPLE t=243.4s rss=3915MB hwm=3915MB
RSS_SAMPLE t=243.7s rss=3915MB hwm=3915MB
RSS_SAMPLE t=243.9s rss=3915MB hwm=3915MB
RSS_SAMPLE t=244.2s rss=3915MB hwm=3915MB
RSS_SAMPLE t=244.4s rss=3915MB hwm=3915MB
RSS_SAMPLE t=244.7s rss=3915MB hwm=3915MB
RSS_SAMPLE t=244.9s rss=3915MB hwm=3915MB
RSS_SAMPLE t=245.2s rss=3915MB hwm=3915MB
RSS_SAMPLE t=245.4s rss=3915MB hwm=3915MB
RSS_SAMPLE t=245.7s rss=3915MB hwm=3915MB
RSS_SAMPLE t=246.0s rss=3915MB hwm=3915MB
RSS_SAMPLE t=246.2s rss=3915MB hwm=3915MB
RSS_SAMPLE t=246.5s rss=3915MB hwm=3915MB
RSS_SAMPLE t=246.7s rss=3915MB hwm=3915MB
RSS_SAMPLE t=247.0s rss=3915MB hwm=3915MB
RSS_SAMPLE t=247.2s rss=3915MB hwm=3915MB
RSS_SAMPLE t=247.5s rss=3915MB hwm=3915MB
RSS_SAMPLE t=247.7s rss=3915MB hwm=3915MB
RSS_SAMPLE t=248.0s rss=3915MB hwm=3915MB
RSS_SAMPLE t=248.2s rss=3915MB hwm=3915MB
PHASE_MARK outer=2 leave=dcd_sweep rss=3915MB
PHASE_MARK outer=2 enter=post_refresh rss=3915MB
RSS_SAMPLE t=248.5s rss=3917MB hwm=3917MB
RSS_SAMPLE t=248.7s rss=3917MB hwm=3917MB
RSS_SAMPLE t=249.0s rss=3917MB hwm=3917MB
RSS_SAMPLE t=249.2s rss=3917MB hwm=3917MB
RSS_SAMPLE t=249.5s rss=3917MB hwm=3917MB
RSS_SAMPLE t=249.7s rss=3917MB hwm=3917MB
RSS_SAMPLE t=250.0s rss=3917MB hwm=3917MB
RSS_SAMPLE t=250.2s rss=3917MB hwm=3917MB
RSS_SAMPLE t=250.5s rss=3917MB hwm=3917MB
RSS_SAMPLE t=250.7s rss=3917MB hwm=3917MB
RSS_SAMPLE t=251.0s rss=3917MB hwm=3917MB
RSS_SAMPLE t=251.2s rss=3917MB hwm=3917MB
RSS_SAMPLE t=251.5s rss=3917MB hwm=3917MB
RSS_SAMPLE t=251.7s rss=3917MB hwm=3917MB
RSS_SAMPLE t=252.0s rss=3917MB hwm=3917MB
RSS_SAMPLE t=252.2s rss=3917MB hwm=3917MB
RSS_SAMPLE t=252.5s rss=3917MB hwm=3917MB
RSS_SAMPLE t=252.7s rss=3917MB hwm=3917MB
RSS_SAMPLE t=253.0s rss=3917MB hwm=3917MB
RSS_SAMPLE t=253.2s rss=3917MB hwm=3917MB
RSS_SAMPLE t=253.5s rss=3917MB hwm=3917MB
RSS_SAMPLE t=253.7s rss=3917MB hwm=3917MB
RSS_SAMPLE t=254.0s rss=3917MB hwm=3917MB
RSS_SAMPLE t=254.2s rss=3917MB hwm=3917MB
RSS_SAMPLE t=254.5s rss=3917MB hwm=3917MB
RSS_SAMPLE t=254.7s rss=3917MB hwm=3917MB
RSS_SAMPLE t=255.0s rss=3917MB hwm=3917MB
RSS_SAMPLE t=255.2s rss=3917MB hwm=3917MB
RSS_SAMPLE t=255.5s rss=3917MB hwm=3917MB
RSS_SAMPLE t=255.7s rss=3917MB hwm=3917MB
RSS_SAMPLE t=256.0s rss=3917MB hwm=3917MB
RSS_SAMPLE t=256.2s rss=3917MB hwm=3917MB
RSS_SAMPLE t=256.5s rss=3917MB hwm=3917MB
RSS_SAMPLE t=256.7s rss=3917MB hwm=3917MB
RSS_SAMPLE t=257.0s rss=3917MB hwm=3917MB
RSS_SAMPLE t=257.2s rss=3917MB hwm=3917MB
RSS_SAMPLE t=257.5s rss=3917MB hwm=3917MB
RSS_SAMPLE t=257.7s rss=3917MB hwm=3917MB
RSS_SAMPLE t=258.0s rss=3917MB hwm=3917MB
RSS_SAMPLE t=258.2s rss=3918MB hwm=3918MB
RSS_SAMPLE t=258.5s rss=3918MB hwm=3918MB
RSS_SAMPLE t=258.7s rss=3918MB hwm=3918MB
RSS_SAMPLE t=259.0s rss=3918MB hwm=3918MB
RSS_SAMPLE t=259.2s rss=3918MB hwm=3918MB
RSS_SAMPLE t=259.5s rss=3918MB hwm=3918MB
RSS_SAMPLE t=259.7s rss=3918MB hwm=3918MB
RSS_SAMPLE t=260.0s rss=3918MB hwm=3918MB
RSS_SAMPLE t=260.2s rss=3919MB hwm=3919MB
RSS_SAMPLE t=260.5s rss=3919MB hwm=3919MB
RSS_SAMPLE t=260.7s rss=3919MB hwm=3919MB
RSS_SAMPLE t=261.0s rss=3919MB hwm=3919MB
RSS_SAMPLE t=261.2s rss=3919MB hwm=3919MB
RSS_SAMPLE t=261.5s rss=3919MB hwm=3919MB
RSS_SAMPLE t=261.7s rss=3919MB hwm=3919MB
RSS_SAMPLE t=262.0s rss=3919MB hwm=3919MB
RSS_SAMPLE t=262.2s rss=3919MB hwm=3919MB
RSS_SAMPLE t=262.5s rss=3919MB hwm=3919MB
RSS_SAMPLE t=262.7s rss=3919MB hwm=3919MB
RSS_SAMPLE t=263.0s rss=3919MB hwm=3919MB
RSS_SAMPLE t=263.2s rss=3919MB hwm=3919MB
RSS_SAMPLE t=263.5s rss=3920MB hwm=3920MB
RSS_SAMPLE t=263.7s rss=3920MB hwm=3920MB
RSS_SAMPLE t=264.0s rss=3920MB hwm=3920MB
RSS_SAMPLE t=264.2s rss=3920MB hwm=3920MB
RSS_SAMPLE t=264.5s rss=3921MB hwm=3921MB
RSS_SAMPLE t=264.7s rss=3921MB hwm=3921MB
RSS_SAMPLE t=265.0s rss=3921MB hwm=3921MB
RSS_SAMPLE t=265.2s rss=3921MB hwm=3921MB
RSS_SAMPLE t=265.5s rss=3921MB hwm=3921MB
RSS_SAMPLE t=265.7s rss=3921MB hwm=3921MB
RSS_SAMPLE t=266.0s rss=3922MB hwm=3922MB
RSS_SAMPLE t=266.2s rss=3922MB hwm=3922MB
RSS_SAMPLE t=266.5s rss=3922MB hwm=3922MB
RSS_SAMPLE t=266.7s rss=3922MB hwm=3922MB
RSS_SAMPLE t=267.0s rss=3922MB hwm=3922MB
RSS_SAMPLE t=267.2s rss=3922MB hwm=3922MB
RSS_SAMPLE t=267.5s rss=3922MB hwm=3922MB
RSS_SAMPLE t=267.7s rss=3923MB hwm=3923MB
RSS_SAMPLE t=268.0s rss=3923MB hwm=3923MB
RSS_SAMPLE t=268.2s rss=3923MB hwm=3923MB
RSS_SAMPLE t=268.5s rss=3923MB hwm=3923MB
RSS_SAMPLE t=268.7s rss=3923MB hwm=3923MB
RSS_SAMPLE t=269.0s rss=3923MB hwm=3923MB
RSS_SAMPLE t=269.2s rss=3923MB hwm=3923MB
RSS_SAMPLE t=269.5s rss=3923MB hwm=3923MB
RSS_SAMPLE t=269.7s rss=3923MB hwm=3923MB
RSS_SAMPLE t=270.0s rss=3923MB hwm=3923MB
RSS_SAMPLE t=270.2s rss=3923MB hwm=3923MB
RSS_SAMPLE t=270.5s rss=3923MB hwm=3923MB
RSS_SAMPLE t=270.7s rss=3923MB hwm=3923MB
RSS_SAMPLE t=271.0s rss=3923MB hwm=3923MB
RSS_SAMPLE t=271.2s rss=3923MB hwm=3923MB
RSS_SAMPLE t=271.5s rss=3923MB hwm=3923MB
RSS_SAMPLE t=271.7s rss=3923MB hwm=3923MB
RSS_SAMPLE t=272.0s rss=3923MB hwm=3923MB
RSS_SAMPLE t=272.2s rss=3923MB hwm=3923MB
RSS_SAMPLE t=272.5s rss=3923MB hwm=3923MB
RSS_SAMPLE t=272.7s rss=3924MB hwm=3924MB
RSS_SAMPLE t=273.0s rss=3924MB hwm=3924MB
RSS_SAMPLE t=273.2s rss=3924MB hwm=3924MB
RSS_SAMPLE t=273.5s rss=3924MB hwm=3924MB
RSS_SAMPLE t=273.7s rss=3924MB hwm=3924MB
RSS_SAMPLE t=274.0s rss=3924MB hwm=3924MB
RSS_SAMPLE t=274.2s rss=3924MB hwm=3924MB
RSS_SAMPLE t=274.5s rss=3924MB hwm=3924MB
RSS_SAMPLE t=274.7s rss=3924MB hwm=3924MB
RSS_SAMPLE t=275.0s rss=3925MB hwm=3925MB
RSS_SAMPLE t=275.2s rss=3925MB hwm=3925MB
RSS_SAMPLE t=275.5s rss=3925MB hwm=3925MB
RSS_SAMPLE t=275.7s rss=3925MB hwm=3925MB
RSS_SAMPLE t=276.0s rss=3925MB hwm=3925MB
RSS_SAMPLE t=276.2s rss=3925MB hwm=3925MB
RSS_SAMPLE t=276.5s rss=3925MB hwm=3925MB
RSS_SAMPLE t=276.7s rss=3925MB hwm=3925MB
RSS_SAMPLE t=277.0s rss=3925MB hwm=3925MB
RSS_SAMPLE t=277.2s rss=3925MB hwm=3925MB
RSS_SAMPLE t=277.5s rss=3925MB hwm=3925MB
RSS_SAMPLE t=277.7s rss=3925MB hwm=3925MB
RSS_SAMPLE t=278.0s rss=3925MB hwm=3925MB
RSS_SAMPLE t=278.2s rss=3925MB hwm=3925MB
RSS_SAMPLE t=278.5s rss=3925MB hwm=3925MB
RSS_SAMPLE t=278.7s rss=3925MB hwm=3925MB
RSS_SAMPLE t=279.0s rss=3925MB hwm=3925MB
RSS_SAMPLE t=279.2s rss=3925MB hwm=3925MB
RSS_SAMPLE t=279.5s rss=3925MB hwm=3925MB
RSS_SAMPLE t=279.7s rss=3925MB hwm=3925MB
RSS_SAMPLE t=280.0s rss=3925MB hwm=3925MB
RSS_SAMPLE t=280.2s rss=3925MB hwm=3925MB
RSS_SAMPLE t=280.5s rss=3925MB hwm=3925MB
RSS_SAMPLE t=280.7s rss=3925MB hwm=3925MB
RSS_SAMPLE t=281.0s rss=3925MB hwm=3925MB
RSS_SAMPLE t=281.2s rss=3925MB hwm=3925MB
RSS_SAMPLE t=281.5s rss=3925MB hwm=3925MB
RSS_SAMPLE t=281.7s rss=3925MB hwm=3925MB
RSS_SAMPLE t=282.0s rss=3925MB hwm=3925MB
RSS_SAMPLE t=282.2s rss=3925MB hwm=3925MB
RSS_SAMPLE t=282.5s rss=3925MB hwm=3925MB
RSS_SAMPLE t=282.7s rss=3925MB hwm=3925MB
RSS_SAMPLE t=283.0s rss=3925MB hwm=3925MB
RSS_SAMPLE t=283.2s rss=3925MB hwm=3925MB
RSS_SAMPLE t=283.5s rss=3925MB hwm=3925MB
RSS_SAMPLE t=283.7s rss=3925MB hwm=3925MB
RSS_SAMPLE t=284.0s rss=3925MB hwm=3925MB
RSS_SAMPLE t=284.2s rss=3925MB hwm=3925MB
RSS_SAMPLE t=284.5s rss=3925MB hwm=3925MB
RSS_SAMPLE t=284.7s rss=3926MB hwm=3926MB
RSS_SAMPLE t=285.0s rss=3926MB hwm=3926MB
RSS_SAMPLE t=285.2s rss=3926MB hwm=3926MB
RSS_SAMPLE t=285.5s rss=3926MB hwm=3926MB
RSS_SAMPLE t=285.7s rss=3926MB hwm=3926MB
RSS_SAMPLE t=286.0s rss=3926MB hwm=3926MB
RSS_SAMPLE t=286.2s rss=3926MB hwm=3926MB
RSS_SAMPLE t=286.5s rss=3926MB hwm=3926MB
RSS_SAMPLE t=286.7s rss=3926MB hwm=3926MB
RSS_SAMPLE t=287.0s rss=3926MB hwm=3926MB
RSS_SAMPLE t=287.2s rss=3926MB hwm=3926MB
RSS_SAMPLE t=287.5s rss=3926MB hwm=3926MB
RSS_SAMPLE t=287.7s rss=3926MB hwm=3926MB
RSS_SAMPLE t=288.0s rss=3926MB hwm=3926MB
RSS_SAMPLE t=288.2s rss=3926MB hwm=3926MB
RSS_SAMPLE t=288.5s rss=3926MB hwm=3926MB
RSS_SAMPLE t=288.7s rss=3926MB hwm=3926MB
RSS_SAMPLE t=289.0s rss=3926MB hwm=3926MB
RSS_SAMPLE t=289.2s rss=3926MB hwm=3926MB
RSS_SAMPLE t=289.5s rss=3926MB hwm=3926MB
RSS_SAMPLE t=289.7s rss=3926MB hwm=3926MB
RSS_SAMPLE t=290.0s rss=3926MB hwm=3926MB
RSS_SAMPLE t=290.2s rss=3926MB hwm=3926MB
RSS_SAMPLE t=290.5s rss=3926MB hwm=3926MB
RSS_SAMPLE t=290.7s rss=3926MB hwm=3926MB
RSS_SAMPLE t=291.0s rss=3926MB hwm=3926MB
RSS_SAMPLE t=291.2s rss=3926MB hwm=3926MB
RSS_SAMPLE t=291.5s rss=3926MB hwm=3926MB
RSS_SAMPLE t=291.7s rss=3926MB hwm=3926MB
RSS_SAMPLE t=292.0s rss=3926MB hwm=3926MB
RSS_SAMPLE t=292.2s rss=3926MB hwm=3926MB
RSS_SAMPLE t=292.5s rss=3926MB hwm=3926MB
RSS_SAMPLE t=292.7s rss=3926MB hwm=3926MB
RSS_SAMPLE t=293.0s rss=3926MB hwm=3926MB
RSS_SAMPLE t=293.2s rss=3926MB hwm=3926MB
RSS_SAMPLE t=293.5s rss=3926MB hwm=3926MB
RSS_SAMPLE t=293.7s rss=3926MB hwm=3926MB
RSS_SAMPLE t=294.0s rss=3926MB hwm=3926MB
RSS_SAMPLE t=294.2s rss=3926MB hwm=3926MB
RSS_SAMPLE t=294.5s rss=3926MB hwm=3926MB
RSS_SAMPLE t=294.7s rss=3926MB hwm=3926MB
RSS_SAMPLE t=295.0s rss=3926MB hwm=3926MB
RSS_SAMPLE t=295.2s rss=3926MB hwm=3926MB
RSS_SAMPLE t=295.5s rss=3926MB hwm=3926MB
RSS_SAMPLE t=295.7s rss=3926MB hwm=3926MB
RSS_SAMPLE t=296.0s rss=3926MB hwm=3926MB
RSS_SAMPLE t=296.2s rss=3926MB hwm=3926MB
RSS_SAMPLE t=296.5s rss=3926MB hwm=3926MB
RSS_SAMPLE t=296.7s rss=3926MB hwm=3926MB
RSS_SAMPLE t=297.0s rss=3926MB hwm=3926MB
RSS_SAMPLE t=297.2s rss=3926MB hwm=3926MB
RSS_SAMPLE t=297.5s rss=3926MB hwm=3926MB
RSS_SAMPLE t=297.7s rss=3926MB hwm=3926MB
RSS_SAMPLE t=298.0s rss=3926MB hwm=3926MB
RSS_SAMPLE t=298.2s rss=3926MB hwm=3926MB
RSS_SAMPLE t=298.5s rss=3926MB hwm=3926MB
RSS_SAMPLE t=298.7s rss=3926MB hwm=3926MB
RSS_SAMPLE t=299.0s rss=3926MB hwm=3926MB
RSS_SAMPLE t=299.2s rss=3926MB hwm=3926MB
RSS_SAMPLE t=299.5s rss=3926MB hwm=3926MB
RSS_SAMPLE t=299.7s rss=3926MB hwm=3926MB
RSS_SAMPLE t=300.0s rss=3926MB hwm=3926MB
RSS_SAMPLE t=300.2s rss=3926MB hwm=3926MB
MEM_POOL: workspaces=32 dense_usage_mb=1251 n_pipes=2562403
    post_solve_diag[outer=2]: solves=105117 cap_armed=104941 (99.8%) settle_avg=6295 above_sink_avg=33 (0.5%) settle_max=69353
    settle_hist[outer=2]: <100: 42926nets/0.1%work  <1k: 21725nets/1.6%work  <5k: 14488nets/4.8%work  <20k: 12690nets/22.3%work  <60k: 12365nets/62.1%work  >=60k: 923nets/9.1%work
    rss_probe[outer=2]: pre_post_solve=3917MB post_post_solve=3927MB after_apply=3927MB
MuxSlotTracker[sweep 2 LEAK]: populated_cells=57884, overflow_tiles=3, at_cap_tiles=1066, peak_excess=11, capacity_hist={16:67346}
    E_decomp: base=8843137.0 eff=42602233451669.3 cong=42602224608532.4 cong_share=100.0% sat_pipes=81100 max_util=1307.02  R_buckets: 1-2x=79663 2-10x=36016 10-100x=12879 >=100x=2433845
    E_potential: beckmann=483419007432360.0 history_total=0.0
    SpanCache: epoch=3 entries=3259 lookups=2562403 hits=2559144 misses=3259 hit_rate=99.9%
  DCD   2: nets=105117 line=16826525 energy=82681948302.939 dE=+61198976549.071 friction=91828229.8 bins=2.6x(709) excess=245.8 moved=55646 disp=9.038 solves=105117 skip=105117 pops=661720861 theta=5.000 refresh=52218ms dcd=7163ms total=61900ms
    cache_stats: entries=27464281 capacity=47128046 est_mb=409 rss_mb=3927
RSS_SAMPLE t=300.5s rss=3927MB hwm=3927MB
DCD done: energy=82681948302.939 line=16826525 friction=91828229.8 bins=2.6x(709) excess=245.8
MuxSlotTracker: 15332 commit rejections over entire DCD
MuxSlotTracker[post-DCD]: populated_cells=57884, overflow_tiles=3, at_cap_tiles=1066, peak_excess=11, capacity_hist={16:67346}
Pre-legalization: HPWL=13655275
  type DFF: 302 valid columns, 1077536 total BELs
  type LUT6: 302 valid columns, 538768 total BELs
TypeAwarePlacement: 2 cell types
RSS_SAMPLE t=300.7s rss=2132MB hwm=3923MB
RSS_SAMPLE t=301.0s rss=2126MB hwm=3923MB
RSS_SAMPLE t=301.2s rss=2126MB hwm=3923MB
RSS_SAMPLE t=301.5s rss=2126MB hwm=3923MB
RSS_SAMPLE t=301.7s rss=2126MB hwm=3923MB
RSS_SAMPLE t=302.0s rss=2126MB hwm=3923MB
RSS_SAMPLE t=302.2s rss=2126MB hwm=3923MB
RSS_SAMPLE t=302.5s rss=2126MB hwm=3923MB
RSS_SAMPLE t=302.7s rss=2126MB hwm=3923MB
RSS_SAMPLE t=303.0s rss=2126MB hwm=3923MB
RSS_SAMPLE t=303.2s rss=2126MB hwm=3923MB
RSS_SAMPLE t=303.5s rss=2126MB hwm=3923MB
RSS_SAMPLE t=303.7s rss=2126MB hwm=3923MB
RSS_SAMPLE t=304.0s rss=2126MB hwm=3923MB
RSS_SAMPLE t=304.2s rss=2126MB hwm=3923MB
RSS_SAMPLE t=304.5s rss=2126MB hwm=3923MB
RSS_SAMPLE t=304.7s rss=2126MB hwm=3923MB
RSS_SAMPLE t=305.0s rss=2126MB hwm=3923MB
RSS_SAMPLE t=305.3s rss=2126MB hwm=3923MB
RSS_SAMPLE t=305.5s rss=2126MB hwm=3923MB
RSS_SAMPLE t=305.8s rss=2126MB hwm=3923MB
RSS_SAMPLE t=306.0s rss=2126MB hwm=3923MB
RSS_SAMPLE t=306.3s rss=2126MB hwm=3923MB
RSS_SAMPLE t=306.5s rss=2126MB hwm=3923MB
RSS_SAMPLE t=306.8s rss=2126MB hwm=3923MB
RSS_SAMPLE t=307.0s rss=2126MB hwm=3923MB
RSS_SAMPLE t=307.3s rss=2126MB hwm=3923MB
RSS_SAMPLE t=307.5s rss=2126MB hwm=3923MB
RSS_SAMPLE t=307.8s rss=2126MB hwm=3923MB
  SortedLegalizer: cluster_rejects=301093 shared_mux_rejects=26022352 arch_validity_rejects=0
RSS_SAMPLE t=308.0s rss=2056MB hwm=3923MB
Post-legalization: HPWL=13367946, line=16834267
Per-net HPWL: 105118 nets, total=13367946
  #0: hpwl=531 fanout=93000 (0.0%)
  #1: hpwl=528 fanout=9 (0.0%)
  #2: hpwl=528 fanout=5 (0.0%)
  #3: hpwl=528 fanout=17 (0.0%)
  #4: hpwl=528 fanout=3 (0.0%)
  #5: hpwl=527 fanout=6 (0.0%)
  #6: hpwl=527 fanout=5 (0.0%)
  #7: hpwl=526 fanout=9 (0.0%)
  #8: hpwl=525 fanout=11 (0.0%)
  #9: hpwl=525 fanout=12 (0.0%)
  50% of HPWL from top 16855 nets (of 105118)
