Running scope as unit: run-r9493cde936504e3ea58c3632c43388bc.scope
chipdb: /home/kelvin/side-project/eisenjoch/chip_database/xc7_large.bin
design: /home/kelvin/side-project/eisenjoch/benchmark/ispd/generated/2016/FPGA01/FPGA01.json
RSS_SAMPLE t=0.0s rss=3MB hwm=3MB
RSS_SAMPLE t=0.3s rss=430MB hwm=430MB
RSS_SAMPLE t=0.5s rss=711MB hwm=711MB
RSS_SAMPLE t=0.8s rss=810MB hwm=810MB
RSS_SAMPLE t=1.0s rss=818MB hwm=824MB
RSS_SAMPLE t=1.3s rss=819MB hwm=824MB
RSS_SAMPLE t=1.5s rss=819MB hwm=824MB
cfg: max_outer_iters=6 blend_alpha=0.5 hardening_step=0 graph_model=TwoLevelPip
RSS_SAMPLE t=1.8s rss=820MB hwm=824MB
  topological compress: density=0.60 target_tiles=15971 final_tiles=15777 scale=1.851 center=(205.1,111.0)
  topological init: n_movable=76660, n_edges=229053, max_layer=26775, back_edges=54022, n_anchored=0
RSS_SAMPLE t=2.0s rss=820MB hwm=824MB
RSS_SAMPLE t=2.3s rss=820MB hwm=824MB
RSS_SAMPLE t=2.5s rss=820MB hwm=824MB
RSS_SAMPLE t=2.8s rss=820MB hwm=824MB
RSS_SAMPLE t=3.0s rss=820MB hwm=824MB
RSS_SAMPLE t=3.3s rss=820MB hwm=824MB
RSS_SAMPLE t=3.5s rss=820MB hwm=824MB
RSS_SAMPLE t=3.8s rss=820MB hwm=824MB
RSS_SAMPLE t=4.0s rss=820MB hwm=824MB
RSS_SAMPLE t=4.3s rss=820MB hwm=824MB
RSS_SAMPLE t=4.5s rss=820MB hwm=824MB
RSS_SAMPLE t=4.8s rss=820MB hwm=824MB
RSS_SAMPLE t=5.0s rss=820MB hwm=824MB
RSS_SAMPLE t=5.3s rss=820MB hwm=824MB
RSS_SAMPLE t=5.5s rss=820MB hwm=824MB
RSS_SAMPLE t=5.8s rss=820MB hwm=824MB
RSS_SAMPLE t=6.0s rss=820MB hwm=824MB
RSS_SAMPLE t=6.3s rss=820MB hwm=824MB
RSS_SAMPLE t=6.5s rss=820MB hwm=824MB
RSS_SAMPLE t=6.8s rss=820MB hwm=824MB
RSS_SAMPLE t=7.0s rss=820MB hwm=824MB
RSS_SAMPLE t=7.3s rss=820MB hwm=824MB
RSS_SAMPLE t=7.5s rss=820MB hwm=824MB
RSS_SAMPLE t=7.8s rss=820MB hwm=824MB
RSS_SAMPLE t=8.0s rss=820MB hwm=824MB
RSS_SAMPLE t=8.3s rss=820MB hwm=824MB
RSS_SAMPLE t=8.5s rss=820MB hwm=824MB
RSS_SAMPLE t=8.8s rss=820MB hwm=824MB
RSS_SAMPLE t=9.0s rss=820MB hwm=824MB
RSS_SAMPLE t=9.3s rss=820MB hwm=824MB
RSS_SAMPLE t=9.5s rss=820MB hwm=824MB
RSS_SAMPLE t=9.8s rss=820MB hwm=824MB
RSS_SAMPLE t=10.0s rss=820MB hwm=824MB
RSS_SAMPLE t=10.3s rss=820MB hwm=824MB
RSS_SAMPLE t=10.5s rss=820MB hwm=824MB
RSS_SAMPLE t=10.8s rss=820MB hwm=824MB
RSS_SAMPLE t=11.0s rss=820MB hwm=824MB
RSS_SAMPLE t=11.3s rss=820MB hwm=824MB
RSS_SAMPLE t=11.5s rss=820MB hwm=824MB
RSS_SAMPLE t=11.8s rss=820MB hwm=824MB
RSS_SAMPLE t=12.0s rss=820MB hwm=824MB
RSS_SAMPLE t=12.3s rss=820MB hwm=824MB
RSS_SAMPLE t=12.5s rss=820MB hwm=824MB
RSS_SAMPLE t=12.8s rss=820MB hwm=824MB
RSS_SAMPLE t=13.0s rss=820MB hwm=824MB
RSS_SAMPLE t=13.3s rss=820MB hwm=824MB
RSS_SAMPLE t=13.5s rss=820MB hwm=824MB
RSS_SAMPLE t=13.8s rss=820MB hwm=824MB
RSS_SAMPLE t=14.0s rss=820MB hwm=824MB
RSS_SAMPLE t=14.3s rss=820MB hwm=824MB
RSS_SAMPLE t=14.5s rss=820MB hwm=824MB
RSS_SAMPLE t=14.8s rss=820MB hwm=824MB
RSS_SAMPLE t=15.0s rss=820MB hwm=824MB
RSS_SAMPLE t=15.3s rss=820MB hwm=824MB
RSS_SAMPLE t=15.5s rss=820MB hwm=824MB
RSS_SAMPLE t=15.8s rss=820MB hwm=824MB
RSS_SAMPLE t=16.0s rss=820MB hwm=824MB
RSS_SAMPLE t=16.3s rss=820MB hwm=824MB
RSS_SAMPLE t=16.5s rss=820MB hwm=824MB
RSS_SAMPLE t=16.8s rss=820MB hwm=824MB
RSS_SAMPLE t=17.0s rss=820MB hwm=824MB
RSS_SAMPLE t=17.3s rss=820MB hwm=824MB
RSS_SAMPLE t=17.5s rss=820MB hwm=824MB
RSS_SAMPLE t=17.8s rss=820MB hwm=824MB
RSS_SAMPLE t=18.0s rss=820MB hwm=824MB
RSS_SAMPLE t=18.3s rss=820MB hwm=824MB
RSS_SAMPLE t=18.5s rss=820MB hwm=824MB
RSS_SAMPLE t=18.8s rss=820MB hwm=824MB
RSS_SAMPLE t=19.0s rss=820MB hwm=824MB
RSS_SAMPLE t=19.3s rss=820MB hwm=824MB
RSS_SAMPLE t=19.5s rss=820MB hwm=824MB
RSS_SAMPLE t=19.8s rss=820MB hwm=824MB
RSS_SAMPLE t=20.0s rss=820MB hwm=824MB
RSS_SAMPLE t=20.3s rss=820MB hwm=824MB
RSS_SAMPLE t=20.5s rss=820MB hwm=824MB
RSS_SAMPLE t=20.8s rss=820MB hwm=824MB
RSS_SAMPLE t=21.0s rss=820MB hwm=824MB
RSS_SAMPLE t=21.3s rss=820MB hwm=824MB
RSS_SAMPLE t=21.5s rss=820MB hwm=824MB
RSS_SAMPLE t=21.8s rss=820MB hwm=824MB
RSS_SAMPLE t=22.0s rss=820MB hwm=824MB
RSS_SAMPLE t=22.3s rss=820MB hwm=824MB
RSS_SAMPLE t=22.5s rss=820MB hwm=824MB
RSS_SAMPLE t=22.8s rss=820MB hwm=824MB
RSS_SAMPLE t=23.0s rss=820MB hwm=824MB
RSS_SAMPLE t=23.3s rss=820MB hwm=824MB
RSS_SAMPLE t=23.5s rss=820MB hwm=824MB
RSS_SAMPLE t=23.8s rss=820MB hwm=824MB
RSS_SAMPLE t=24.0s rss=820MB hwm=824MB
RSS_SAMPLE t=24.3s rss=820MB hwm=824MB
RSS_SAMPLE t=24.5s rss=820MB hwm=824MB
RSS_SAMPLE t=24.8s rss=820MB hwm=824MB
RSS_SAMPLE t=25.0s rss=820MB hwm=824MB
RSS_SAMPLE t=25.3s rss=820MB hwm=824MB
RSS_SAMPLE t=25.5s rss=820MB hwm=824MB
RSS_SAMPLE t=25.8s rss=820MB hwm=824MB
RSS_SAMPLE t=26.0s rss=820MB hwm=824MB
RSS_SAMPLE t=26.3s rss=820MB hwm=824MB
RSS_SAMPLE t=26.5s rss=820MB hwm=824MB
RSS_SAMPLE t=26.8s rss=820MB hwm=824MB
RSS_SAMPLE t=27.0s rss=820MB hwm=824MB
RSS_SAMPLE t=27.3s rss=820MB hwm=824MB
RSS_SAMPLE t=27.5s rss=820MB hwm=824MB
RSS_SAMPLE t=27.8s rss=820MB hwm=824MB
RSS_SAMPLE t=28.0s rss=820MB hwm=824MB
RSS_SAMPLE t=28.3s rss=820MB hwm=824MB
RSS_SAMPLE t=28.5s rss=820MB hwm=824MB
RSS_SAMPLE t=28.8s rss=820MB hwm=824MB
RSS_SAMPLE t=29.0s rss=820MB hwm=824MB
RSS_SAMPLE t=29.3s rss=820MB hwm=824MB
RSS_SAMPLE t=29.5s rss=820MB hwm=824MB
RSS_SAMPLE t=29.8s rss=820MB hwm=824MB
RSS_SAMPLE t=30.0s rss=820MB hwm=824MB
RSS_SAMPLE t=30.3s rss=820MB hwm=824MB
RSS_SAMPLE t=30.5s rss=820MB hwm=824MB
RSS_SAMPLE t=30.8s rss=820MB hwm=824MB
RSS_SAMPLE t=31.0s rss=820MB hwm=824MB
RSS_SAMPLE t=31.3s rss=820MB hwm=824MB
RSS_SAMPLE t=31.5s rss=820MB hwm=824MB
RSS_SAMPLE t=31.8s rss=820MB hwm=824MB
RSS_SAMPLE t=32.0s rss=820MB hwm=824MB
RSS_SAMPLE t=32.3s rss=820MB hwm=824MB
RSS_SAMPLE t=32.5s rss=820MB hwm=824MB
RSS_SAMPLE t=32.8s rss=820MB hwm=824MB
RSS_SAMPLE t=33.0s rss=820MB hwm=824MB
RSS_SAMPLE t=33.3s rss=820MB hwm=824MB
RSS_SAMPLE t=33.5s rss=820MB hwm=824MB
RSS_SAMPLE t=33.8s rss=820MB hwm=824MB
RSS_SAMPLE t=34.0s rss=820MB hwm=824MB
RSS_SAMPLE t=34.3s rss=820MB hwm=824MB
RSS_SAMPLE t=34.5s rss=820MB hwm=824MB
RSS_SAMPLE t=34.8s rss=820MB hwm=824MB
RSS_SAMPLE t=35.0s rss=820MB hwm=824MB
RSS_SAMPLE t=35.3s rss=820MB hwm=824MB
RSS_SAMPLE t=35.5s rss=820MB hwm=824MB
RSS_SAMPLE t=35.8s rss=820MB hwm=824MB
RSS_SAMPLE t=36.0s rss=820MB hwm=824MB
RSS_SAMPLE t=36.3s rss=820MB hwm=824MB
RSS_SAMPLE t=36.5s rss=820MB hwm=824MB
RSS_SAMPLE t=36.8s rss=820MB hwm=824MB
RSS_SAMPLE t=37.0s rss=820MB hwm=824MB
RSS_SAMPLE t=37.3s rss=820MB hwm=824MB
RSS_SAMPLE t=37.5s rss=820MB hwm=824MB
RSS_SAMPLE t=37.8s rss=820MB hwm=824MB
RSS_SAMPLE t=38.0s rss=820MB hwm=824MB
RSS_SAMPLE t=38.3s rss=820MB hwm=824MB
RSS_SAMPLE t=38.5s rss=820MB hwm=824MB
RSS_SAMPLE t=38.8s rss=820MB hwm=824MB
RSS_SAMPLE t=39.0s rss=820MB hwm=824MB
RSS_SAMPLE t=39.3s rss=820MB hwm=824MB
RSS_SAMPLE t=39.5s rss=820MB hwm=824MB
RSS_SAMPLE t=39.8s rss=820MB hwm=824MB
RSS_SAMPLE t=40.0s rss=820MB hwm=824MB
RSS_SAMPLE t=40.3s rss=820MB hwm=824MB
RSS_SAMPLE t=40.5s rss=820MB hwm=824MB
RSS_SAMPLE t=40.8s rss=820MB hwm=824MB
RSS_SAMPLE t=41.0s rss=820MB hwm=824MB
RSS_SAMPLE t=41.3s rss=820MB hwm=824MB
RSS_SAMPLE t=41.5s rss=820MB hwm=824MB
RSS_SAMPLE t=41.8s rss=820MB hwm=824MB
RSS_SAMPLE t=42.0s rss=820MB hwm=824MB
RSS_SAMPLE t=42.3s rss=820MB hwm=824MB
RSS_SAMPLE t=42.5s rss=820MB hwm=824MB
RSS_SAMPLE t=42.8s rss=820MB hwm=824MB
RSS_SAMPLE t=43.0s rss=820MB hwm=824MB
RSS_SAMPLE t=43.3s rss=820MB hwm=824MB
RSS_SAMPLE t=43.5s rss=820MB hwm=824MB
RSS_SAMPLE t=43.8s rss=820MB hwm=824MB
RSS_SAMPLE t=44.0s rss=820MB hwm=824MB
RSS_SAMPLE t=44.3s rss=820MB hwm=824MB
RSS_SAMPLE t=44.5s rss=820MB hwm=824MB
RSS_SAMPLE t=44.8s rss=820MB hwm=824MB
RSS_SAMPLE t=45.0s rss=820MB hwm=824MB
RSS_SAMPLE t=45.3s rss=820MB hwm=824MB
RSS_SAMPLE t=45.5s rss=820MB hwm=824MB
RSS_SAMPLE t=45.8s rss=820MB hwm=824MB
RSS_SAMPLE t=46.0s rss=820MB hwm=824MB
RSS_SAMPLE t=46.3s rss=820MB hwm=824MB
RSS_SAMPLE t=46.5s rss=820MB hwm=824MB
RSS_SAMPLE t=46.8s rss=820MB hwm=824MB
RSS_SAMPLE t=47.0s rss=820MB hwm=824MB
RSS_SAMPLE t=47.3s rss=820MB hwm=824MB
RSS_SAMPLE t=47.5s rss=820MB hwm=824MB
RSS_SAMPLE t=47.8s rss=820MB hwm=824MB
RSS_SAMPLE t=48.0s rss=820MB hwm=824MB
RSS_SAMPLE t=48.3s rss=820MB hwm=824MB
RSS_SAMPLE t=48.5s rss=820MB hwm=824MB
RSS_SAMPLE t=48.8s rss=820MB hwm=824MB
RSS_SAMPLE t=49.0s rss=820MB hwm=824MB
RSS_SAMPLE t=49.3s rss=820MB hwm=824MB
RSS_SAMPLE t=49.5s rss=820MB hwm=824MB
RSS_SAMPLE t=49.8s rss=820MB hwm=824MB
RSS_SAMPLE t=50.0s rss=820MB hwm=824MB
RSS_SAMPLE t=50.3s rss=820MB hwm=824MB
RSS_SAMPLE t=50.5s rss=820MB hwm=824MB
RSS_SAMPLE t=50.8s rss=820MB hwm=824MB
RSS_SAMPLE t=51.0s rss=820MB hwm=824MB
RSS_SAMPLE t=51.3s rss=820MB hwm=824MB
RSS_SAMPLE t=51.5s rss=820MB hwm=824MB
RSS_SAMPLE t=51.8s rss=820MB hwm=824MB
RSS_SAMPLE t=52.0s rss=820MB hwm=824MB
RSS_SAMPLE t=52.3s rss=820MB hwm=824MB
RSS_SAMPLE t=52.5s rss=820MB hwm=824MB
RSS_SAMPLE t=52.8s rss=820MB hwm=824MB
RSS_SAMPLE t=53.0s rss=820MB hwm=824MB
RSS_SAMPLE t=53.3s rss=820MB hwm=824MB
RSS_SAMPLE t=53.5s rss=820MB hwm=824MB
RSS_SAMPLE t=53.8s rss=820MB hwm=824MB
RSS_SAMPLE t=54.0s rss=820MB hwm=824MB
RSS_SAMPLE t=54.3s rss=820MB hwm=824MB
RSS_SAMPLE t=54.5s rss=820MB hwm=824MB
RSS_SAMPLE t=54.8s rss=820MB hwm=824MB
RSS_SAMPLE t=55.0s rss=820MB hwm=824MB
RSS_SAMPLE t=55.3s rss=820MB hwm=824MB
RSS_SAMPLE t=55.5s rss=820MB hwm=824MB
RSS_SAMPLE t=55.8s rss=865MB hwm=865MB
RSS_SAMPLE t=56.0s rss=906MB hwm=906MB
RSS_SAMPLE t=56.3s rss=933MB hwm=933MB
RSS_SAMPLE t=56.5s rss=933MB hwm=933MB
RSS_SAMPLE t=56.8s rss=933MB hwm=933MB
RSS_SAMPLE t=57.0s rss=933MB hwm=933MB
RSS_SAMPLE t=57.3s rss=933MB hwm=933MB
RSS_SAMPLE t=57.5s rss=933MB hwm=933MB
  Skipped truly-null coarse cells: 0 (of 69353 total); pruned pipes: src_null=0 dst_null=0
  Pipe capacity by span:
    span=  1: 138172 pipes, cap min=1 avg=134.5 max=432
    span=  2: 136455 pipes, cap min=2 avg=50.7 max=118
    span=  3: 135619 pipes, cap min=2 avg=26.1 max=52
    span=  4: 136319 pipes, cap min=2 avg=22.7 max=140
    span=  5: 135918 pipes, cap min=2 avg=66.1 max=124
    span=  6: 201217 pipes, cap min=2 avg=15.2 max=28
    span=  7: 200933 pipes, cap min=1 avg=7.3 max=20
    span=  8: 132748 pipes, cap min=2 avg=6.0 max=10
    span=  9: 130848 pipes, cap min=2 avg=6.0 max=10
    span= 10: 131090 pipes, cap min=2 avg=2.2 max=31
    span= 11: 129628 pipes, cap min=2 avg=2.0 max=4
    span= 12: 129018 pipes, cap min=2 avg=2.0 max=4
    span= 13: 128408 pipes, cap min=1 avg=1.5 max=4
    span= 14: 127798 pipes, cap min=1 avg=1.0 max=2
    span= 15: 127188 pipes, cap min=1 avg=1.0 max=2
    span= 16: 126578 pipes, cap min=1 avg=1.0 max=2
    span= 17: 125968 pipes, cap min=1 avg=1.0 max=2
    span= 18: 125358 pipes, cap min=1 avg=1.0 max=2
    span= 19: 63140 pipes, cap min=1 avg=1.0 max=2
  Thin span-1 pipes (cap<=2): 222 total, by tile-type pair (top 20):
    NULL <-> NULL: 220
    CLK_BUFG <-> NULL: 2
  Pipe cost: span^0.50 model (r1=1), span-1=1.000, span-12=3.464, 2×span-6=4.899, 12×span-1=12.000
RSS_SAMPLE t=57.8s rss=934MB hwm=934MB
  topological compress: density=0.60 target_tiles=15971 final_tiles=15777 scale=1.851 center=(205.1,111.0)
  topological init: n_movable=76660, n_edges=229053, max_layer=26775, back_edges=54022, n_anchored=0
RSS_SAMPLE t=58.0s rss=1032MB hwm=1032MB
  type DFF: 302 valid columns, 1077536 total BELs
  type LUT6: 302 valid columns, 538768 total BELs
TypeAwarePlacement: 2 cell types
Coordinate descent mode: 76660 cells, scale 1.00
CellValidityMask: 76660 cells, 311x223 grid, 2 bucket masks, per-cell valid positions: min=67346 avg=67346.0 max=67346, unmapped cells=0
MuxSlotTracker: 76660 cells (76660 with external fanout), 67346 tiles, total_cap=1077536, active_buckets=[DFF,LUT6], built in 73.4ms
MuxSlotTracker[post-seed]: populated_cells=27114, overflow_tiles=518, at_cap_tiles=50, peak_excess=41, capacity_hist={16:67346}
DCD placer: 76660 cells, 69353 nodes, outer_iters=6, dcd_iters_per_cell=8, graph_model=TwoLevelPip
MEM_STATIC: pipes=352MB nodes=1MB adjacency=78MB pipe_cost_vecs=59MB validity_mask=0MB n_pipes=2562403 n_edges=5124806 rss=1044MB
Softmin position update: enabled, theta 0.250 -> 5.000 (anneal over 6 iters)
RSS_SAMPLE t=58.3s rss=1072MB hwm=1072MB
RSS_SAMPLE t=58.5s rss=1072MB hwm=1072MB
RSS_SAMPLE t=58.8s rss=1072MB hwm=1072MB
RSS_SAMPLE t=59.0s rss=1072MB hwm=1072MB
RSS_SAMPLE t=59.3s rss=1072MB hwm=1072MB
RSS_SAMPLE t=59.5s rss=1072MB hwm=1072MB
RSS_SAMPLE t=59.8s rss=1072MB hwm=1072MB
RSS_SAMPLE t=60.0s rss=1072MB hwm=1072MB
RSS_SAMPLE t=60.3s rss=1072MB hwm=1072MB
RSS_SAMPLE t=60.5s rss=1072MB hwm=1072MB
    SwitchMatrix: type_usage_pairs=7 lookups=110 hits=103 dijkstra_calls=7 avg_us=11.0 total_ms=0.1
PHASE_MARK outer=0 enter=pre_solve rss=1075MB
RSS_SAMPLE t=60.8s rss=1214MB hwm=1214MB
RSS_SAMPLE t=61.0s rss=1231MB hwm=1231MB
RSS_SAMPLE t=61.3s rss=1237MB hwm=1237MB
RSS_SAMPLE t=61.5s rss=1244MB hwm=1244MB
RSS_SAMPLE t=61.8s rss=1249MB hwm=1249MB
RSS_SAMPLE t=62.0s rss=1252MB hwm=1252MB
RSS_SAMPLE t=62.3s rss=1255MB hwm=1255MB
RSS_SAMPLE t=62.5s rss=1258MB hwm=1258MB
RSS_SAMPLE t=62.8s rss=1262MB hwm=1262MB
RSS_SAMPLE t=63.0s rss=1267MB hwm=1267MB
RSS_SAMPLE t=63.3s rss=1270MB hwm=1270MB
RSS_SAMPLE t=63.5s rss=1276MB hwm=1276MB
RSS_SAMPLE t=63.8s rss=1280MB hwm=1280MB
RSS_SAMPLE t=64.0s rss=1286MB hwm=1286MB
RSS_SAMPLE t=64.3s rss=1292MB hwm=1292MB
RSS_SAMPLE t=64.5s rss=1299MB hwm=1299MB
RSS_SAMPLE t=64.8s rss=1304MB hwm=1304MB
RSS_SAMPLE t=65.0s rss=1310MB hwm=1310MB
RSS_SAMPLE t=65.3s rss=1316MB hwm=1316MB
RSS_SAMPLE t=65.5s rss=1321MB hwm=1321MB
RSS_SAMPLE t=65.8s rss=1327MB hwm=1327MB
RSS_SAMPLE t=66.0s rss=1331MB hwm=1331MB
RSS_SAMPLE t=66.3s rss=1335MB hwm=1335MB
RSS_SAMPLE t=66.5s rss=1342MB hwm=1342MB
RSS_SAMPLE t=66.8s rss=1346MB hwm=1346MB
RSS_SAMPLE t=67.0s rss=1351MB hwm=1351MB
RSS_SAMPLE t=67.3s rss=1357MB hwm=1357MB
RSS_SAMPLE t=67.5s rss=1362MB hwm=1362MB
RSS_SAMPLE t=67.8s rss=1368MB hwm=1368MB
RSS_SAMPLE t=68.0s rss=1374MB hwm=1374MB
RSS_SAMPLE t=68.3s rss=1378MB hwm=1378MB
RSS_SAMPLE t=68.5s rss=1384MB hwm=1384MB
RSS_SAMPLE t=68.8s rss=1390MB hwm=1390MB
RSS_SAMPLE t=69.0s rss=1397MB hwm=1397MB
RSS_SAMPLE t=69.3s rss=1402MB hwm=1402MB
RSS_SAMPLE t=69.5s rss=1409MB hwm=1409MB
RSS_SAMPLE t=69.8s rss=1414MB hwm=1414MB
RSS_SAMPLE t=70.0s rss=1422MB hwm=1422MB
RSS_SAMPLE t=70.3s rss=1426MB hwm=1426MB
RSS_SAMPLE t=70.5s rss=1432MB hwm=1432MB
RSS_SAMPLE t=70.8s rss=1437MB hwm=1437MB
RSS_SAMPLE t=71.0s rss=1443MB hwm=1443MB
RSS_SAMPLE t=71.3s rss=1449MB hwm=1449MB
RSS_SAMPLE t=71.5s rss=1455MB hwm=1455MB
RSS_SAMPLE t=71.8s rss=1460MB hwm=1460MB
RSS_SAMPLE t=72.0s rss=1464MB hwm=1464MB
RSS_SAMPLE t=72.3s rss=1469MB hwm=1469MB
RSS_SAMPLE t=72.5s rss=1475MB hwm=1475MB
RSS_SAMPLE t=72.8s rss=1480MB hwm=1480MB
RSS_SAMPLE t=73.0s rss=1486MB hwm=1486MB
RSS_SAMPLE t=73.3s rss=1493MB hwm=1493MB
RSS_SAMPLE t=73.5s rss=1498MB hwm=1498MB
RSS_SAMPLE t=73.8s rss=1505MB hwm=1505MB
RSS_SAMPLE t=74.0s rss=1511MB hwm=1511MB
RSS_SAMPLE t=74.3s rss=1518MB hwm=1518MB
RSS_SAMPLE t=74.5s rss=1524MB hwm=1524MB
RSS_SAMPLE t=74.8s rss=1530MB hwm=1530MB
RSS_SAMPLE t=75.0s rss=1535MB hwm=1535MB
RSS_SAMPLE t=75.3s rss=1542MB hwm=1542MB
RSS_SAMPLE t=75.5s rss=1548MB hwm=1548MB
RSS_SAMPLE t=75.8s rss=1554MB hwm=1554MB
RSS_SAMPLE t=76.0s rss=1560MB hwm=1560MB
RSS_SAMPLE t=76.3s rss=1567MB hwm=1567MB
RSS_SAMPLE t=76.5s rss=1573MB hwm=1573MB
RSS_SAMPLE t=76.8s rss=1579MB hwm=1579MB
RSS_SAMPLE t=77.0s rss=1585MB hwm=1585MB
RSS_SAMPLE t=77.3s rss=1592MB hwm=1592MB
RSS_SAMPLE t=77.5s rss=1599MB hwm=1599MB
RSS_SAMPLE t=77.8s rss=1607MB hwm=1607MB
RSS_SAMPLE t=78.0s rss=1615MB hwm=1615MB
RSS_SAMPLE t=78.3s rss=1622MB hwm=1622MB
RSS_SAMPLE t=78.5s rss=1629MB hwm=1629MB
RSS_SAMPLE t=78.8s rss=1635MB hwm=1635MB
RSS_SAMPLE t=79.0s rss=1640MB hwm=1640MB
RSS_SAMPLE t=79.3s rss=1647MB hwm=1647MB
RSS_SAMPLE t=79.5s rss=1654MB hwm=1654MB
RSS_SAMPLE t=79.8s rss=1660MB hwm=1660MB
RSS_SAMPLE t=80.0s rss=1666MB hwm=1666MB
RSS_SAMPLE t=80.3s rss=1673MB hwm=1673MB
RSS_SAMPLE t=80.5s rss=1679MB hwm=1679MB
RSS_SAMPLE t=80.8s rss=1686MB hwm=1686MB
RSS_SAMPLE t=81.0s rss=1694MB hwm=1694MB
RSS_SAMPLE t=81.3s rss=1700MB hwm=1700MB
RSS_SAMPLE t=81.5s rss=1707MB hwm=1707MB
RSS_SAMPLE t=81.8s rss=1715MB hwm=1715MB
RSS_SAMPLE t=82.0s rss=1721MB hwm=1721MB
RSS_SAMPLE t=82.3s rss=1727MB hwm=1727MB
RSS_SAMPLE t=82.5s rss=1734MB hwm=1734MB
RSS_SAMPLE t=82.8s rss=1739MB hwm=1739MB
RSS_SAMPLE t=83.0s rss=1746MB hwm=1746MB
RSS_SAMPLE t=83.3s rss=1751MB hwm=1751MB
RSS_SAMPLE t=83.5s rss=1757MB hwm=1757MB
RSS_SAMPLE t=83.8s rss=1764MB hwm=1764MB
RSS_SAMPLE t=84.0s rss=1771MB hwm=1771MB
RSS_SAMPLE t=84.3s rss=1777MB hwm=1777MB
RSS_SAMPLE t=84.5s rss=1782MB hwm=1782MB
RSS_SAMPLE t=84.8s rss=1787MB hwm=1787MB
RSS_SAMPLE t=85.0s rss=1794MB hwm=1794MB
RSS_SAMPLE t=85.3s rss=1800MB hwm=1800MB
RSS_SAMPLE t=85.5s rss=1806MB hwm=1806MB
RSS_SAMPLE t=85.8s rss=1813MB hwm=1813MB
RSS_SAMPLE t=86.0s rss=1820MB hwm=1820MB
RSS_SAMPLE t=86.3s rss=1827MB hwm=1827MB
RSS_SAMPLE t=86.6s rss=1833MB hwm=1833MB
RSS_SAMPLE t=86.8s rss=1839MB hwm=1839MB
RSS_SAMPLE t=87.1s rss=1846MB hwm=1846MB
RSS_SAMPLE t=87.3s rss=1852MB hwm=1852MB
RSS_SAMPLE t=87.6s rss=1857MB hwm=1857MB
RSS_SAMPLE t=87.8s rss=1862MB hwm=1862MB
RSS_SAMPLE t=88.1s rss=1868MB hwm=1868MB
RSS_SAMPLE t=88.3s rss=1871MB hwm=1871MB
RSS_SAMPLE t=88.6s rss=1873MB hwm=1873MB
RSS_SAMPLE t=88.8s rss=1875MB hwm=1875MB
RSS_SAMPLE t=89.1s rss=1878MB hwm=1878MB
RSS_SAMPLE t=89.3s rss=1879MB hwm=1879MB
RSS_SAMPLE t=89.6s rss=1881MB hwm=1881MB
RSS_SAMPLE t=89.8s rss=1882MB hwm=1882MB
RSS_SAMPLE t=90.1s rss=1884MB hwm=1884MB
RSS_SAMPLE t=90.3s rss=1884MB hwm=1884MB
RSS_SAMPLE t=90.6s rss=1885MB hwm=1885MB
RSS_SAMPLE t=90.8s rss=1886MB hwm=1886MB
RSS_SAMPLE t=91.1s rss=1886MB hwm=1886MB
RSS_SAMPLE t=91.3s rss=1886MB hwm=1886MB
RSS_SAMPLE t=91.6s rss=1886MB hwm=1886MB
RSS_SAMPLE t=91.8s rss=1886MB hwm=1886MB
RSS_SAMPLE t=92.1s rss=1887MB hwm=1887MB
RSS_SAMPLE t=92.3s rss=1887MB hwm=1887MB
RSS_SAMPLE t=92.6s rss=1888MB hwm=1888MB
RSS_SAMPLE t=92.8s rss=1888MB hwm=1888MB
RSS_SAMPLE t=93.1s rss=1888MB hwm=1888MB
RSS_SAMPLE t=93.3s rss=1888MB hwm=1888MB
RSS_SAMPLE t=93.6s rss=1889MB hwm=1889MB
RSS_SAMPLE t=93.8s rss=1889MB hwm=1889MB
RSS_SAMPLE t=94.1s rss=1889MB hwm=1889MB
RSS_SAMPLE t=94.3s rss=1890MB hwm=1890MB
RSS_SAMPLE t=94.6s rss=1890MB hwm=1890MB
RSS_SAMPLE t=94.8s rss=1890MB hwm=1890MB
RSS_SAMPLE t=95.1s rss=1891MB hwm=1891MB
RSS_SAMPLE t=95.3s rss=1891MB hwm=1891MB
RSS_SAMPLE t=95.6s rss=1891MB hwm=1891MB
RSS_SAMPLE t=95.8s rss=1892MB hwm=1892MB
RSS_SAMPLE t=96.1s rss=1892MB hwm=1892MB
RSS_SAMPLE t=96.3s rss=1892MB hwm=1892MB
RSS_SAMPLE t=96.6s rss=1892MB hwm=1892MB
RSS_SAMPLE t=96.8s rss=1893MB hwm=1893MB
RSS_SAMPLE t=97.1s rss=1893MB hwm=1893MB
RSS_SAMPLE t=97.3s rss=1894MB hwm=1894MB
RSS_SAMPLE t=97.6s rss=1894MB hwm=1894MB
RSS_SAMPLE t=97.8s rss=1894MB hwm=1894MB
RSS_SAMPLE t=98.1s rss=1894MB hwm=1894MB
RSS_SAMPLE t=98.3s rss=1894MB hwm=1894MB
RSS_SAMPLE t=98.6s rss=1895MB hwm=1895MB
RSS_SAMPLE t=98.8s rss=1895MB hwm=1895MB
RSS_SAMPLE t=99.1s rss=1895MB hwm=1895MB
RSS_SAMPLE t=99.3s rss=1895MB hwm=1895MB
RSS_SAMPLE t=99.6s rss=1896MB hwm=1896MB
RSS_SAMPLE t=99.8s rss=1896MB hwm=1896MB
RSS_SAMPLE t=100.1s rss=1896MB hwm=1896MB
RSS_SAMPLE t=100.3s rss=1897MB hwm=1897MB
RSS_SAMPLE t=100.6s rss=1897MB hwm=1897MB
RSS_SAMPLE t=100.8s rss=1897MB hwm=1897MB
RSS_SAMPLE t=101.1s rss=1897MB hwm=1897MB
RSS_SAMPLE t=101.3s rss=1897MB hwm=1897MB
RSS_SAMPLE t=101.6s rss=1897MB hwm=1897MB
RSS_SAMPLE t=101.8s rss=1898MB hwm=1898MB
RSS_SAMPLE t=102.1s rss=1898MB hwm=1898MB
RSS_SAMPLE t=102.3s rss=1898MB hwm=1898MB
RSS_SAMPLE t=102.6s rss=1899MB hwm=1899MB
RSS_SAMPLE t=102.8s rss=1899MB hwm=1899MB
RSS_SAMPLE t=103.1s rss=1899MB hwm=1899MB
RSS_SAMPLE t=103.3s rss=1900MB hwm=1900MB
RSS_SAMPLE t=103.6s rss=1900MB hwm=1900MB
RSS_SAMPLE t=103.8s rss=1901MB hwm=1901MB
RSS_SAMPLE t=104.1s rss=1901MB hwm=1901MB
RSS_SAMPLE t=104.3s rss=1901MB hwm=1901MB
RSS_SAMPLE t=104.6s rss=1902MB hwm=1902MB
RSS_SAMPLE t=104.8s rss=1902MB hwm=1902MB
RSS_SAMPLE t=105.1s rss=1902MB hwm=1902MB
RSS_SAMPLE t=105.3s rss=1903MB hwm=1903MB
RSS_SAMPLE t=105.6s rss=1903MB hwm=1903MB
RSS_SAMPLE t=105.8s rss=1903MB hwm=1903MB
RSS_SAMPLE t=106.1s rss=1904MB hwm=1904MB
RSS_SAMPLE t=106.3s rss=1904MB hwm=1904MB
RSS_SAMPLE t=106.6s rss=1904MB hwm=1904MB
RSS_SAMPLE t=106.8s rss=1904MB hwm=1904MB
RSS_SAMPLE t=107.1s rss=1905MB hwm=1905MB
RSS_SAMPLE t=107.3s rss=1905MB hwm=1905MB
RSS_SAMPLE t=107.6s rss=1906MB hwm=1906MB
RSS_SAMPLE t=107.8s rss=1906MB hwm=1906MB
RSS_SAMPLE t=108.1s rss=1906MB hwm=1906MB
RSS_SAMPLE t=108.3s rss=1906MB hwm=1906MB
RSS_SAMPLE t=108.6s rss=1907MB hwm=1907MB
RSS_SAMPLE t=108.8s rss=1907MB hwm=1907MB
RSS_SAMPLE t=109.1s rss=1907MB hwm=1907MB
RSS_SAMPLE t=109.3s rss=1907MB hwm=1907MB
    rss_probe[outer=0]: pre_refresh_rss=1075MB post_pre_solve_rss=1907MB cache_entries=42424857 cache_cap=69325648 cache_est_mb=600
    pre_solve_diag[outer=0]: solves=105117 fallback=0 (0.0%) cap_armed=105117 (100.0%) settle_avg=10344 settle_max=69353 init_count=254
  Cell placement by tile type (iter 0, 76660 cells):
    NULL: 31596
    CLB: 27114
    IOB_W: 15019
    CLK_BUFG: 2320
    BRAM: 351
    DSP: 182
    IOB_E: 78
    Overflow: over=0 (0.0% of used) avg_excess=0.00 max_excess=0.00 (nc=0.00 cap=0 span=0)  excess_buckets: <=1=0 1-5=0 5-20=0 >20=0  by_cap: cap1=0 cap2=0 cap3-5=0 cap>5=0  by_span: s1=0 s2-3=0 s4-6=0 s7-12=0 s>12=0  le1_cross: cap1=0 cap2-5=0 cap>5=0
    Congestion: pipes=2562403 used=0 congested(>50%)=0 saturated(>90%)=0 max_util=0.00 avg_util=0.0000
PHASE_MARK outer=0 enter=dcd_sweep rss=1907MB
RSS_SAMPLE t=109.6s rss=1908MB hwm=1908MB
RSS_SAMPLE t=109.8s rss=1908MB hwm=1908MB
RSS_SAMPLE t=110.1s rss=1908MB hwm=1908MB
RSS_SAMPLE t=110.3s rss=1908MB hwm=1908MB
RSS_SAMPLE t=110.6s rss=1908MB hwm=1908MB
RSS_SAMPLE t=110.8s rss=1908MB hwm=1908MB
RSS_SAMPLE t=111.1s rss=1909MB hwm=1909MB
RSS_SAMPLE t=111.3s rss=1909MB hwm=1909MB
RSS_SAMPLE t=111.6s rss=1909MB hwm=1909MB
RSS_SAMPLE t=111.8s rss=1909MB hwm=1909MB
RSS_SAMPLE t=112.1s rss=1909MB hwm=1909MB
RSS_SAMPLE t=112.3s rss=1909MB hwm=1909MB
RSS_SAMPLE t=112.6s rss=1910MB hwm=1910MB
RSS_SAMPLE t=112.8s rss=1910MB hwm=1910MB
RSS_SAMPLE t=113.1s rss=1910MB hwm=1910MB
RSS_SAMPLE t=113.3s rss=1910MB hwm=1910MB
RSS_SAMPLE t=113.6s rss=1910MB hwm=1910MB
RSS_SAMPLE t=113.8s rss=1910MB hwm=1910MB
RSS_SAMPLE t=114.1s rss=1911MB hwm=1911MB
RSS_SAMPLE t=114.3s rss=1911MB hwm=1911MB
RSS_SAMPLE t=114.6s rss=1911MB hwm=1911MB
RSS_SAMPLE t=114.8s rss=1911MB hwm=1911MB
RSS_SAMPLE t=115.1s rss=1911MB hwm=1911MB
RSS_SAMPLE t=115.3s rss=1911MB hwm=1911MB
RSS_SAMPLE t=115.6s rss=1912MB hwm=1912MB
RSS_SAMPLE t=115.8s rss=1912MB hwm=1912MB
RSS_SAMPLE t=116.1s rss=1912MB hwm=1912MB
RSS_SAMPLE t=116.3s rss=1912MB hwm=1912MB
RSS_SAMPLE t=116.6s rss=1912MB hwm=1912MB
PHASE_MARK outer=0 leave=dcd_sweep rss=1912MB
PHASE_MARK outer=0 enter=post_refresh rss=1912MB
RSS_SAMPLE t=116.8s rss=1941MB hwm=1941MB
RSS_SAMPLE t=117.1s rss=1941MB hwm=1941MB
RSS_SAMPLE t=117.3s rss=1941MB hwm=1941MB
RSS_SAMPLE t=117.6s rss=1942MB hwm=1942MB
RSS_SAMPLE t=117.8s rss=1942MB hwm=1942MB
RSS_SAMPLE t=118.1s rss=1942MB hwm=1942MB
RSS_SAMPLE t=118.3s rss=1942MB hwm=1942MB
RSS_SAMPLE t=118.6s rss=1942MB hwm=1942MB
RSS_SAMPLE t=118.8s rss=1942MB hwm=1942MB
RSS_SAMPLE t=119.1s rss=1942MB hwm=1942MB
RSS_SAMPLE t=119.3s rss=2212MB hwm=2212MB
RSS_SAMPLE t=119.6s rss=3224MB hwm=3224MB
RSS_SAMPLE t=119.8s rss=3532MB hwm=3532MB
RSS_SAMPLE t=120.1s rss=3689MB hwm=3689MB
RSS_SAMPLE t=120.3s rss=3768MB hwm=3768MB
RSS_SAMPLE t=120.6s rss=3791MB hwm=3791MB
RSS_SAMPLE t=120.8s rss=3807MB hwm=3807MB
RSS_SAMPLE t=121.1s rss=3818MB hwm=3818MB
RSS_SAMPLE t=121.3s rss=3829MB hwm=3829MB
RSS_SAMPLE t=121.6s rss=3832MB hwm=3832MB
RSS_SAMPLE t=121.8s rss=3846MB hwm=3846MB
RSS_SAMPLE t=122.1s rss=3850MB hwm=3850MB
RSS_SAMPLE t=122.3s rss=3864MB hwm=3864MB
RSS_SAMPLE t=122.6s rss=3867MB hwm=3867MB
RSS_SAMPLE t=122.8s rss=3870MB hwm=3870MB
RSS_SAMPLE t=123.1s rss=3870MB hwm=3870MB
RSS_SAMPLE t=123.3s rss=3870MB hwm=3870MB
RSS_SAMPLE t=123.6s rss=3872MB hwm=3872MB
RSS_SAMPLE t=123.8s rss=3882MB hwm=3882MB
RSS_SAMPLE t=124.1s rss=3888MB hwm=3888MB
RSS_SAMPLE t=124.3s rss=3894MB hwm=3894MB
RSS_SAMPLE t=124.6s rss=3896MB hwm=3896MB
RSS_SAMPLE t=124.8s rss=3899MB hwm=3899MB
RSS_SAMPLE t=125.1s rss=3900MB hwm=3900MB
RSS_SAMPLE t=125.3s rss=3900MB hwm=3900MB
RSS_SAMPLE t=125.6s rss=3901MB hwm=3901MB
RSS_SAMPLE t=125.8s rss=3901MB hwm=3901MB
RSS_SAMPLE t=126.1s rss=3906MB hwm=3906MB
RSS_SAMPLE t=126.3s rss=3906MB hwm=3906MB
RSS_SAMPLE t=126.6s rss=3906MB hwm=3906MB
RSS_SAMPLE t=126.8s rss=3906MB hwm=3906MB
RSS_SAMPLE t=127.1s rss=3907MB hwm=3907MB
RSS_SAMPLE t=127.3s rss=3907MB hwm=3907MB
RSS_SAMPLE t=127.6s rss=3907MB hwm=3907MB
RSS_SAMPLE t=127.8s rss=3908MB hwm=3908MB
RSS_SAMPLE t=128.1s rss=3908MB hwm=3908MB
RSS_SAMPLE t=128.3s rss=3912MB hwm=3912MB
RSS_SAMPLE t=128.6s rss=3912MB hwm=3912MB
RSS_SAMPLE t=128.8s rss=3912MB hwm=3912MB
RSS_SAMPLE t=129.1s rss=3913MB hwm=3913MB
RSS_SAMPLE t=129.3s rss=3915MB hwm=3915MB
RSS_SAMPLE t=129.6s rss=3915MB hwm=3915MB
RSS_SAMPLE t=129.8s rss=3918MB hwm=3918MB
RSS_SAMPLE t=130.1s rss=3918MB hwm=3918MB
RSS_SAMPLE t=130.3s rss=3920MB hwm=3920MB
RSS_SAMPLE t=130.6s rss=3921MB hwm=3921MB
RSS_SAMPLE t=130.8s rss=3921MB hwm=3921MB
RSS_SAMPLE t=131.1s rss=3921MB hwm=3921MB
RSS_SAMPLE t=131.3s rss=3924MB hwm=3924MB
RSS_SAMPLE t=131.6s rss=3925MB hwm=3925MB
RSS_SAMPLE t=131.8s rss=3926MB hwm=3926MB
RSS_SAMPLE t=132.1s rss=3931MB hwm=3931MB
RSS_SAMPLE t=132.3s rss=3932MB hwm=3932MB
RSS_SAMPLE t=132.6s rss=3932MB hwm=3932MB
RSS_SAMPLE t=132.8s rss=3932MB hwm=3932MB
RSS_SAMPLE t=133.1s rss=3937MB hwm=3937MB
RSS_SAMPLE t=133.3s rss=3938MB hwm=3938MB
RSS_SAMPLE t=133.6s rss=3938MB hwm=3938MB
RSS_SAMPLE t=133.8s rss=3938MB hwm=3938MB
RSS_SAMPLE t=134.1s rss=3939MB hwm=3939MB
RSS_SAMPLE t=134.3s rss=3939MB hwm=3939MB
RSS_SAMPLE t=134.6s rss=3940MB hwm=3940MB
RSS_SAMPLE t=134.8s rss=3941MB hwm=3941MB
RSS_SAMPLE t=135.1s rss=3941MB hwm=3941MB
RSS_SAMPLE t=135.3s rss=3943MB hwm=3943MB
RSS_SAMPLE t=135.6s rss=3944MB hwm=3944MB
RSS_SAMPLE t=135.8s rss=3945MB hwm=3945MB
RSS_SAMPLE t=136.1s rss=3945MB hwm=3945MB
RSS_SAMPLE t=136.3s rss=3945MB hwm=3945MB
RSS_SAMPLE t=136.6s rss=3945MB hwm=3945MB
RSS_SAMPLE t=136.8s rss=3946MB hwm=3946MB
RSS_SAMPLE t=137.1s rss=3947MB hwm=3947MB
RSS_SAMPLE t=137.3s rss=3947MB hwm=3947MB
RSS_SAMPLE t=137.6s rss=3948MB hwm=3948MB
RSS_SAMPLE t=137.8s rss=3948MB hwm=3948MB
RSS_SAMPLE t=138.1s rss=3948MB hwm=3948MB
RSS_SAMPLE t=138.3s rss=3949MB hwm=3949MB
RSS_SAMPLE t=138.6s rss=3949MB hwm=3949MB
RSS_SAMPLE t=138.8s rss=3950MB hwm=3950MB
RSS_SAMPLE t=139.1s rss=3951MB hwm=3951MB
RSS_SAMPLE t=139.3s rss=3952MB hwm=3952MB
RSS_SAMPLE t=139.6s rss=3952MB hwm=3952MB
RSS_SAMPLE t=139.9s rss=3953MB hwm=3953MB
RSS_SAMPLE t=140.1s rss=3954MB hwm=3954MB
RSS_SAMPLE t=140.4s rss=3954MB hwm=3954MB
RSS_SAMPLE t=140.6s rss=3956MB hwm=3956MB
RSS_SAMPLE t=140.9s rss=3957MB hwm=3957MB
RSS_SAMPLE t=141.1s rss=3958MB hwm=3958MB
RSS_SAMPLE t=141.4s rss=3958MB hwm=3958MB
RSS_SAMPLE t=141.6s rss=3959MB hwm=3959MB
RSS_SAMPLE t=141.9s rss=3959MB hwm=3959MB
RSS_SAMPLE t=142.1s rss=3959MB hwm=3959MB
RSS_SAMPLE t=142.4s rss=3960MB hwm=3960MB
RSS_SAMPLE t=142.6s rss=3960MB hwm=3960MB
RSS_SAMPLE t=142.9s rss=3961MB hwm=3961MB
RSS_SAMPLE t=143.1s rss=3961MB hwm=3961MB
RSS_SAMPLE t=143.4s rss=3961MB hwm=3961MB
RSS_SAMPLE t=143.6s rss=3962MB hwm=3962MB
RSS_SAMPLE t=143.9s rss=3962MB hwm=3962MB
RSS_SAMPLE t=144.1s rss=3964MB hwm=3964MB
RSS_SAMPLE t=144.4s rss=3964MB hwm=3964MB
RSS_SAMPLE t=144.6s rss=3965MB hwm=3965MB
RSS_SAMPLE t=144.9s rss=3965MB hwm=3965MB
RSS_SAMPLE t=145.1s rss=3965MB hwm=3965MB
RSS_SAMPLE t=145.4s rss=3966MB hwm=3966MB
RSS_SAMPLE t=145.6s rss=3966MB hwm=3966MB
RSS_SAMPLE t=145.9s rss=3967MB hwm=3967MB
RSS_SAMPLE t=146.1s rss=3967MB hwm=3967MB
RSS_SAMPLE t=146.4s rss=3967MB hwm=3967MB
RSS_SAMPLE t=146.6s rss=3969MB hwm=3969MB
RSS_SAMPLE t=146.9s rss=3969MB hwm=3969MB
RSS_SAMPLE t=147.1s rss=3969MB hwm=3969MB
RSS_SAMPLE t=147.4s rss=3970MB hwm=3970MB
RSS_SAMPLE t=147.6s rss=3970MB hwm=3970MB
RSS_SAMPLE t=147.9s rss=3970MB hwm=3970MB
RSS_SAMPLE t=148.1s rss=3971MB hwm=3971MB
RSS_SAMPLE t=148.4s rss=3971MB hwm=3971MB
RSS_SAMPLE t=148.6s rss=3971MB hwm=3971MB
RSS_SAMPLE t=148.9s rss=3971MB hwm=3971MB
RSS_SAMPLE t=149.1s rss=3971MB hwm=3971MB
RSS_SAMPLE t=149.4s rss=3971MB hwm=3971MB
RSS_SAMPLE t=149.6s rss=3971MB hwm=3971MB
RSS_SAMPLE t=149.9s rss=3972MB hwm=3972MB
RSS_SAMPLE t=150.1s rss=3972MB hwm=3972MB
RSS_SAMPLE t=150.4s rss=3974MB hwm=3974MB
RSS_SAMPLE t=150.6s rss=3974MB hwm=3974MB
RSS_SAMPLE t=150.9s rss=3974MB hwm=3974MB
RSS_SAMPLE t=151.1s rss=3974MB hwm=3974MB
RSS_SAMPLE t=151.4s rss=3974MB hwm=3974MB
RSS_SAMPLE t=151.6s rss=3974MB hwm=3974MB
RSS_SAMPLE t=151.9s rss=3975MB hwm=3975MB
RSS_SAMPLE t=152.1s rss=3975MB hwm=3975MB
RSS_SAMPLE t=152.4s rss=3975MB hwm=3975MB
RSS_SAMPLE t=152.6s rss=3976MB hwm=3976MB
RSS_SAMPLE t=152.9s rss=3976MB hwm=3976MB
RSS_SAMPLE t=153.1s rss=3977MB hwm=3977MB
RSS_SAMPLE t=153.4s rss=3978MB hwm=3978MB
RSS_SAMPLE t=153.6s rss=3978MB hwm=3978MB
RSS_SAMPLE t=153.9s rss=3979MB hwm=3979MB
RSS_SAMPLE t=154.1s rss=3979MB hwm=3979MB
RSS_SAMPLE t=154.4s rss=3980MB hwm=3980MB
RSS_SAMPLE t=154.6s rss=3981MB hwm=3981MB
RSS_SAMPLE t=154.9s rss=3981MB hwm=3981MB
RSS_SAMPLE t=155.1s rss=3981MB hwm=3981MB
RSS_SAMPLE t=155.4s rss=3982MB hwm=3982MB
RSS_SAMPLE t=155.6s rss=3982MB hwm=3982MB
RSS_SAMPLE t=155.9s rss=3983MB hwm=3983MB
RSS_SAMPLE t=156.1s rss=3983MB hwm=3983MB
RSS_SAMPLE t=156.4s rss=3983MB hwm=3983MB
RSS_SAMPLE t=156.6s rss=3984MB hwm=3984MB
RSS_SAMPLE t=156.9s rss=3985MB hwm=3985MB
RSS_SAMPLE t=157.1s rss=3985MB hwm=3985MB
RSS_SAMPLE t=157.4s rss=3986MB hwm=3986MB
RSS_SAMPLE t=157.6s rss=3986MB hwm=3986MB
RSS_SAMPLE t=157.9s rss=3986MB hwm=3986MB
RSS_SAMPLE t=158.1s rss=3987MB hwm=3987MB
RSS_SAMPLE t=158.4s rss=3988MB hwm=3988MB
RSS_SAMPLE t=158.6s rss=3988MB hwm=3988MB
RSS_SAMPLE t=158.9s rss=3988MB hwm=3988MB
RSS_SAMPLE t=159.1s rss=3989MB hwm=3989MB
RSS_SAMPLE t=159.4s rss=3989MB hwm=3989MB
RSS_SAMPLE t=159.6s rss=3989MB hwm=3989MB
RSS_SAMPLE t=159.9s rss=3990MB hwm=3990MB
RSS_SAMPLE t=160.1s rss=3991MB hwm=3991MB
RSS_SAMPLE t=160.4s rss=3991MB hwm=3991MB
RSS_SAMPLE t=160.6s rss=3992MB hwm=3992MB
RSS_SAMPLE t=160.9s rss=3992MB hwm=3992MB
RSS_SAMPLE t=161.1s rss=3992MB hwm=3992MB
RSS_SAMPLE t=161.4s rss=3992MB hwm=3992MB
RSS_SAMPLE t=161.6s rss=3992MB hwm=3992MB
RSS_SAMPLE t=161.9s rss=3993MB hwm=3993MB
RSS_SAMPLE t=162.1s rss=3993MB hwm=3993MB
RSS_SAMPLE t=162.4s rss=3994MB hwm=3994MB
RSS_SAMPLE t=162.6s rss=3994MB hwm=3994MB
RSS_SAMPLE t=162.9s rss=3995MB hwm=3995MB
RSS_SAMPLE t=163.1s rss=3995MB hwm=3995MB
RSS_SAMPLE t=163.4s rss=3995MB hwm=3995MB
RSS_SAMPLE t=163.6s rss=3996MB hwm=3996MB
RSS_SAMPLE t=163.9s rss=3996MB hwm=3996MB
RSS_SAMPLE t=164.1s rss=3997MB hwm=3997MB
RSS_SAMPLE t=164.4s rss=3997MB hwm=3997MB
RSS_SAMPLE t=164.6s rss=3998MB hwm=3998MB
RSS_SAMPLE t=164.9s rss=3998MB hwm=3998MB
RSS_SAMPLE t=165.1s rss=3999MB hwm=3999MB
RSS_SAMPLE t=165.4s rss=3999MB hwm=3999MB
RSS_SAMPLE t=165.6s rss=4000MB hwm=4000MB
RSS_SAMPLE t=165.9s rss=4000MB hwm=4000MB
RSS_SAMPLE t=166.1s rss=4000MB hwm=4000MB
RSS_SAMPLE t=166.4s rss=4001MB hwm=4001MB
RSS_SAMPLE t=166.6s rss=4001MB hwm=4001MB
RSS_SAMPLE t=166.9s rss=4002MB hwm=4002MB
RSS_SAMPLE t=167.1s rss=4003MB hwm=4003MB
RSS_SAMPLE t=167.4s rss=4003MB hwm=4003MB
RSS_SAMPLE t=167.6s rss=4004MB hwm=4004MB
RSS_SAMPLE t=167.9s rss=4005MB hwm=4005MB
RSS_SAMPLE t=168.1s rss=4006MB hwm=4006MB
RSS_SAMPLE t=168.4s rss=4006MB hwm=4006MB
RSS_SAMPLE t=168.6s rss=4006MB hwm=4006MB
RSS_SAMPLE t=168.9s rss=4008MB hwm=4008MB
RSS_SAMPLE t=169.1s rss=4008MB hwm=4008MB
RSS_SAMPLE t=169.4s rss=4009MB hwm=4009MB
RSS_SAMPLE t=169.6s rss=4009MB hwm=4009MB
RSS_SAMPLE t=169.9s rss=4010MB hwm=4010MB
RSS_SAMPLE t=170.1s rss=4011MB hwm=4011MB
RSS_SAMPLE t=170.4s rss=4011MB hwm=4011MB
RSS_SAMPLE t=170.6s rss=4012MB hwm=4012MB
RSS_SAMPLE t=170.9s rss=4013MB hwm=4013MB
RSS_SAMPLE t=171.1s rss=4014MB hwm=4014MB
RSS_SAMPLE t=171.4s rss=4014MB hwm=4014MB
RSS_SAMPLE t=171.6s rss=4015MB hwm=4015MB
RSS_SAMPLE t=171.9s rss=4016MB hwm=4016MB
RSS_SAMPLE t=172.1s rss=4017MB hwm=4017MB
RSS_SAMPLE t=172.4s rss=4019MB hwm=4019MB
RSS_SAMPLE t=172.6s rss=4020MB hwm=4020MB
RSS_SAMPLE t=172.9s rss=4021MB hwm=4021MB
RSS_SAMPLE t=173.1s rss=4021MB hwm=4021MB
RSS_SAMPLE t=173.4s rss=4023MB hwm=4023MB
RSS_SAMPLE t=173.6s rss=4024MB hwm=4024MB
RSS_SAMPLE t=173.9s rss=4025MB hwm=4025MB
RSS_SAMPLE t=174.1s rss=4026MB hwm=4026MB
RSS_SAMPLE t=174.4s rss=4027MB hwm=4027MB
RSS_SAMPLE t=174.6s rss=4028MB hwm=4028MB
RSS_SAMPLE t=174.9s rss=4029MB hwm=4029MB
RSS_SAMPLE t=175.1s rss=4030MB hwm=4030MB
RSS_SAMPLE t=175.4s rss=4031MB hwm=4031MB
RSS_SAMPLE t=175.7s rss=4031MB hwm=4031MB
RSS_SAMPLE t=175.9s rss=4032MB hwm=4032MB
RSS_SAMPLE t=176.2s rss=4033MB hwm=4033MB
RSS_SAMPLE t=176.4s rss=4033MB hwm=4033MB
RSS_SAMPLE t=176.7s rss=4034MB hwm=4034MB
RSS_SAMPLE t=176.9s rss=4035MB hwm=4035MB
RSS_SAMPLE t=177.2s rss=4035MB hwm=4035MB
RSS_SAMPLE t=177.4s rss=4036MB hwm=4036MB
RSS_SAMPLE t=177.7s rss=4036MB hwm=4036MB
RSS_SAMPLE t=177.9s rss=4036MB hwm=4036MB
RSS_SAMPLE t=178.2s rss=4037MB hwm=4037MB
RSS_SAMPLE t=178.4s rss=4037MB hwm=4037MB
RSS_SAMPLE t=178.7s rss=4037MB hwm=4037MB
RSS_SAMPLE t=178.9s rss=4037MB hwm=4037MB
RSS_SAMPLE t=179.2s rss=4038MB hwm=4038MB
RSS_SAMPLE t=179.4s rss=4038MB hwm=4038MB
RSS_SAMPLE t=179.7s rss=4038MB hwm=4038MB
RSS_SAMPLE t=179.9s rss=4038MB hwm=4038MB
RSS_SAMPLE t=180.2s rss=4038MB hwm=4038MB
RSS_SAMPLE t=180.4s rss=4038MB hwm=4038MB
RSS_SAMPLE t=180.7s rss=4038MB hwm=4038MB
RSS_SAMPLE t=180.9s rss=4038MB hwm=4038MB
RSS_SAMPLE t=181.2s rss=4038MB hwm=4038MB
RSS_SAMPLE t=181.4s rss=4039MB hwm=4039MB
RSS_SAMPLE t=181.7s rss=4039MB hwm=4039MB
RSS_SAMPLE t=181.9s rss=4039MB hwm=4039MB
RSS_SAMPLE t=182.2s rss=4039MB hwm=4039MB
RSS_SAMPLE t=182.4s rss=4039MB hwm=4039MB
RSS_SAMPLE t=182.7s rss=4039MB hwm=4039MB
RSS_SAMPLE t=182.9s rss=4039MB hwm=4039MB
RSS_SAMPLE t=183.2s rss=4039MB hwm=4039MB
RSS_SAMPLE t=183.4s rss=4039MB hwm=4039MB
RSS_SAMPLE t=183.7s rss=4039MB hwm=4039MB
RSS_SAMPLE t=183.9s rss=4039MB hwm=4039MB
RSS_SAMPLE t=184.2s rss=4039MB hwm=4039MB
RSS_SAMPLE t=184.4s rss=4039MB hwm=4039MB
RSS_SAMPLE t=184.7s rss=4039MB hwm=4039MB
RSS_SAMPLE t=184.9s rss=4039MB hwm=4039MB
RSS_SAMPLE t=185.2s rss=4040MB hwm=4040MB
RSS_SAMPLE t=185.4s rss=4040MB hwm=4040MB
RSS_SAMPLE t=185.7s rss=4040MB hwm=4040MB
RSS_SAMPLE t=185.9s rss=4040MB hwm=4040MB
RSS_SAMPLE t=186.2s rss=4040MB hwm=4040MB
RSS_SAMPLE t=186.4s rss=4040MB hwm=4040MB
RSS_SAMPLE t=186.7s rss=4040MB hwm=4040MB
RSS_SAMPLE t=186.9s rss=4040MB hwm=4040MB
RSS_SAMPLE t=187.2s rss=4040MB hwm=4040MB
RSS_SAMPLE t=187.4s rss=4040MB hwm=4040MB
RSS_SAMPLE t=187.7s rss=4040MB hwm=4040MB
RSS_SAMPLE t=187.9s rss=4040MB hwm=4040MB
RSS_SAMPLE t=188.2s rss=4040MB hwm=4040MB
RSS_SAMPLE t=188.4s rss=4040MB hwm=4040MB
RSS_SAMPLE t=188.7s rss=4040MB hwm=4040MB
RSS_SAMPLE t=188.9s rss=4040MB hwm=4040MB
RSS_SAMPLE t=189.2s rss=4040MB hwm=4040MB
RSS_SAMPLE t=189.4s rss=4040MB hwm=4040MB
RSS_SAMPLE t=189.7s rss=4041MB hwm=4041MB
RSS_SAMPLE t=189.9s rss=4041MB hwm=4041MB
RSS_SAMPLE t=190.2s rss=4041MB hwm=4041MB
RSS_SAMPLE t=190.4s rss=4041MB hwm=4041MB
RSS_SAMPLE t=190.7s rss=4041MB hwm=4041MB
RSS_SAMPLE t=190.9s rss=4041MB hwm=4041MB
RSS_SAMPLE t=191.2s rss=4041MB hwm=4041MB
RSS_SAMPLE t=191.4s rss=4041MB hwm=4041MB
RSS_SAMPLE t=191.7s rss=4041MB hwm=4041MB
RSS_SAMPLE t=191.9s rss=4041MB hwm=4041MB
RSS_SAMPLE t=192.2s rss=4041MB hwm=4041MB
RSS_SAMPLE t=192.4s rss=4041MB hwm=4041MB
RSS_SAMPLE t=192.7s rss=4041MB hwm=4041MB
RSS_SAMPLE t=192.9s rss=4041MB hwm=4041MB
RSS_SAMPLE t=193.2s rss=4041MB hwm=4041MB
RSS_SAMPLE t=193.4s rss=4041MB hwm=4041MB
RSS_SAMPLE t=193.7s rss=4041MB hwm=4041MB
RSS_SAMPLE t=193.9s rss=4041MB hwm=4041MB
RSS_SAMPLE t=194.2s rss=4041MB hwm=4041MB
RSS_SAMPLE t=194.4s rss=4042MB hwm=4042MB
RSS_SAMPLE t=194.7s rss=4042MB hwm=4042MB
RSS_SAMPLE t=194.9s rss=4042MB hwm=4042MB
RSS_SAMPLE t=195.2s rss=4042MB hwm=4042MB
RSS_SAMPLE t=195.4s rss=4042MB hwm=4042MB
RSS_SAMPLE t=195.7s rss=4042MB hwm=4042MB
RSS_SAMPLE t=195.9s rss=4042MB hwm=4042MB
RSS_SAMPLE t=196.2s rss=4042MB hwm=4042MB
RSS_SAMPLE t=196.4s rss=4042MB hwm=4042MB
RSS_SAMPLE t=196.7s rss=4042MB hwm=4042MB
RSS_SAMPLE t=196.9s rss=4042MB hwm=4042MB
RSS_SAMPLE t=197.2s rss=4043MB hwm=4043MB
RSS_SAMPLE t=197.4s rss=4043MB hwm=4043MB
RSS_SAMPLE t=197.7s rss=4043MB hwm=4043MB
RSS_SAMPLE t=197.9s rss=4043MB hwm=4043MB
RSS_SAMPLE t=198.2s rss=4043MB hwm=4043MB
RSS_SAMPLE t=198.4s rss=4043MB hwm=4043MB
RSS_SAMPLE t=198.7s rss=4043MB hwm=4043MB
RSS_SAMPLE t=198.9s rss=4043MB hwm=4043MB
RSS_SAMPLE t=199.2s rss=4043MB hwm=4043MB
RSS_SAMPLE t=199.4s rss=4043MB hwm=4043MB
RSS_SAMPLE t=199.7s rss=4043MB hwm=4043MB
RSS_SAMPLE t=199.9s rss=4043MB hwm=4043MB
RSS_SAMPLE t=200.2s rss=4043MB hwm=4043MB
RSS_SAMPLE t=200.4s rss=4043MB hwm=4043MB
RSS_SAMPLE t=200.7s rss=4043MB hwm=4043MB
RSS_SAMPLE t=200.9s rss=4043MB hwm=4043MB
MEM_POOL: workspaces=32 dense_usage_mb=1251 n_pipes=2562403
RSS_SAMPLE t=201.2s rss=4063MB hwm=4063MB
RSS_SAMPLE t=201.4s rss=4064MB hwm=4064MB
RSS_SAMPLE t=201.7s rss=4064MB hwm=4064MB
RSS_SAMPLE t=201.9s rss=4064MB hwm=4064MB
RSS_SAMPLE t=202.2s rss=4064MB hwm=4064MB
RSS_SAMPLE t=202.4s rss=4065MB hwm=4065MB
RSS_SAMPLE t=202.7s rss=4065MB hwm=4065MB
RSS_SAMPLE t=202.9s rss=4065MB hwm=4065MB
RSS_SAMPLE t=203.2s rss=4066MB hwm=4066MB
RSS_SAMPLE t=203.4s rss=4066MB hwm=4066MB
RSS_SAMPLE t=203.7s rss=4067MB hwm=4067MB
RSS_SAMPLE t=203.9s rss=4067MB hwm=4067MB
RSS_SAMPLE t=204.2s rss=4067MB hwm=4067MB
RSS_SAMPLE t=204.4s rss=4067MB hwm=4067MB
RSS_SAMPLE t=204.7s rss=4068MB hwm=4068MB
RSS_SAMPLE t=204.9s rss=4068MB hwm=4068MB
RSS_SAMPLE t=205.2s rss=4068MB hwm=4068MB
RSS_SAMPLE t=205.4s rss=4068MB hwm=4068MB
RSS_SAMPLE t=205.7s rss=4068MB hwm=4068MB
RSS_SAMPLE t=205.9s rss=4068MB hwm=4068MB
RSS_SAMPLE t=206.2s rss=4068MB hwm=4068MB
RSS_SAMPLE t=206.4s rss=4068MB hwm=4068MB
RSS_SAMPLE t=206.7s rss=4069MB hwm=4069MB
RSS_SAMPLE t=206.9s rss=4069MB hwm=4069MB
RSS_SAMPLE t=207.2s rss=4069MB hwm=4069MB
RSS_SAMPLE t=207.4s rss=4069MB hwm=4069MB
RSS_SAMPLE t=207.7s rss=4070MB hwm=4070MB
RSS_SAMPLE t=207.9s rss=4070MB hwm=4070MB
RSS_SAMPLE t=208.2s rss=4070MB hwm=4070MB
RSS_SAMPLE t=208.4s rss=4071MB hwm=4071MB
RSS_SAMPLE t=208.7s rss=4071MB hwm=4071MB
RSS_SAMPLE t=208.9s rss=4071MB hwm=4071MB
RSS_SAMPLE t=209.2s rss=4071MB hwm=4071MB
RSS_SAMPLE t=209.4s rss=4071MB hwm=4071MB
RSS_SAMPLE t=209.7s rss=4071MB hwm=4071MB
RSS_SAMPLE t=209.9s rss=4071MB hwm=4071MB
RSS_SAMPLE t=210.2s rss=4072MB hwm=4072MB
RSS_SAMPLE t=210.4s rss=4072MB hwm=4072MB
RSS_SAMPLE t=210.7s rss=4072MB hwm=4072MB
RSS_SAMPLE t=210.9s rss=4072MB hwm=4072MB
RSS_SAMPLE t=211.2s rss=4072MB hwm=4072MB
RSS_SAMPLE t=211.4s rss=4072MB hwm=4072MB
RSS_SAMPLE t=211.7s rss=4072MB hwm=4072MB
RSS_SAMPLE t=211.9s rss=4073MB hwm=4073MB
RSS_SAMPLE t=212.2s rss=4073MB hwm=4073MB
RSS_SAMPLE t=212.4s rss=4073MB hwm=4073MB
RSS_SAMPLE t=212.7s rss=4074MB hwm=4074MB
RSS_SAMPLE t=212.9s rss=4074MB hwm=4074MB
RSS_SAMPLE t=213.2s rss=4074MB hwm=4074MB
RSS_SAMPLE t=213.4s rss=4074MB hwm=4074MB
RSS_SAMPLE t=213.7s rss=4075MB hwm=4075MB
RSS_SAMPLE t=213.9s rss=4075MB hwm=4075MB
RSS_SAMPLE t=214.2s rss=4075MB hwm=4075MB
RSS_SAMPLE t=214.4s rss=4075MB hwm=4075MB
RSS_SAMPLE t=214.7s rss=4076MB hwm=4076MB
RSS_SAMPLE t=214.9s rss=4076MB hwm=4076MB
RSS_SAMPLE t=215.2s rss=4077MB hwm=4077MB
RSS_SAMPLE t=215.4s rss=4077MB hwm=4077MB
RSS_SAMPLE t=215.7s rss=4077MB hwm=4077MB
RSS_SAMPLE t=215.9s rss=4077MB hwm=4077MB
RSS_SAMPLE t=216.2s rss=4077MB hwm=4077MB
RSS_SAMPLE t=216.4s rss=4078MB hwm=4078MB
RSS_SAMPLE t=216.7s rss=4078MB hwm=4078MB
RSS_SAMPLE t=216.9s rss=4078MB hwm=4078MB
RSS_SAMPLE t=217.2s rss=4078MB hwm=4078MB
RSS_SAMPLE t=217.4s rss=4079MB hwm=4079MB
RSS_SAMPLE t=217.7s rss=4079MB hwm=4079MB
RSS_SAMPLE t=217.9s rss=4079MB hwm=4079MB
RSS_SAMPLE t=218.2s rss=4079MB hwm=4079MB
RSS_SAMPLE t=218.4s rss=4080MB hwm=4080MB
RSS_SAMPLE t=218.7s rss=4080MB hwm=4080MB
RSS_SAMPLE t=218.9s rss=4080MB hwm=4080MB
RSS_SAMPLE t=219.2s rss=4080MB hwm=4080MB
RSS_SAMPLE t=219.4s rss=4081MB hwm=4081MB
RSS_SAMPLE t=219.7s rss=4081MB hwm=4081MB
RSS_SAMPLE t=219.9s rss=4082MB hwm=4082MB
RSS_SAMPLE t=220.2s rss=4082MB hwm=4082MB
RSS_SAMPLE t=220.4s rss=4082MB hwm=4082MB
RSS_SAMPLE t=220.7s rss=4082MB hwm=4082MB
RSS_SAMPLE t=220.9s rss=4082MB hwm=4082MB
RSS_SAMPLE t=221.2s rss=4083MB hwm=4083MB
RSS_SAMPLE t=221.4s rss=4083MB hwm=4083MB
RSS_SAMPLE t=221.7s rss=4083MB hwm=4083MB
RSS_SAMPLE t=221.9s rss=4084MB hwm=4084MB
RSS_SAMPLE t=222.2s rss=4084MB hwm=4084MB
RSS_SAMPLE t=222.4s rss=4084MB hwm=4084MB
RSS_SAMPLE t=222.7s rss=4085MB hwm=4085MB
RSS_SAMPLE t=222.9s rss=4085MB hwm=4085MB
RSS_SAMPLE t=223.2s rss=4085MB hwm=4085MB
RSS_SAMPLE t=223.4s rss=4086MB hwm=4086MB
RSS_SAMPLE t=223.7s rss=4086MB hwm=4086MB
RSS_SAMPLE t=223.9s rss=4086MB hwm=4086MB
RSS_SAMPLE t=224.2s rss=4086MB hwm=4086MB
RSS_SAMPLE t=224.4s rss=4086MB hwm=4086MB
RSS_SAMPLE t=224.7s rss=4087MB hwm=4087MB
RSS_SAMPLE t=225.0s rss=4087MB hwm=4087MB
RSS_SAMPLE t=225.2s rss=4087MB hwm=4087MB
RSS_SAMPLE t=225.5s rss=4088MB hwm=4088MB
RSS_SAMPLE t=225.7s rss=4089MB hwm=4089MB
RSS_SAMPLE t=226.0s rss=4089MB hwm=4089MB
RSS_SAMPLE t=226.2s rss=4089MB hwm=4089MB
RSS_SAMPLE t=226.5s rss=4089MB hwm=4089MB
RSS_SAMPLE t=226.7s rss=4089MB hwm=4089MB
RSS_SAMPLE t=227.0s rss=4090MB hwm=4090MB
RSS_SAMPLE t=227.2s rss=4090MB hwm=4090MB
RSS_SAMPLE t=227.5s rss=4090MB hwm=4090MB
RSS_SAMPLE t=227.7s rss=4090MB hwm=4090MB
RSS_SAMPLE t=228.0s rss=4091MB hwm=4091MB
RSS_SAMPLE t=228.2s rss=4091MB hwm=4091MB
RSS_SAMPLE t=228.5s rss=4091MB hwm=4091MB
RSS_SAMPLE t=228.7s rss=4092MB hwm=4092MB
RSS_SAMPLE t=229.0s rss=4092MB hwm=4092MB
RSS_SAMPLE t=229.2s rss=4092MB hwm=4092MB
RSS_SAMPLE t=229.5s rss=4092MB hwm=4092MB
RSS_SAMPLE t=229.7s rss=4092MB hwm=4092MB
RSS_SAMPLE t=230.0s rss=4092MB hwm=4092MB
RSS_SAMPLE t=230.2s rss=4092MB hwm=4092MB
RSS_SAMPLE t=230.5s rss=4092MB hwm=4092MB
RSS_SAMPLE t=230.7s rss=4093MB hwm=4093MB
RSS_SAMPLE t=231.0s rss=4093MB hwm=4093MB
RSS_SAMPLE t=231.2s rss=4093MB hwm=4093MB
RSS_SAMPLE t=231.5s rss=4094MB hwm=4094MB
RSS_SAMPLE t=231.7s rss=4094MB hwm=4094MB
RSS_SAMPLE t=232.0s rss=4094MB hwm=4094MB
RSS_SAMPLE t=232.2s rss=4094MB hwm=4094MB
RSS_SAMPLE t=232.5s rss=4094MB hwm=4094MB
RSS_SAMPLE t=232.7s rss=4095MB hwm=4095MB
RSS_SAMPLE t=233.0s rss=4095MB hwm=4095MB
RSS_SAMPLE t=233.2s rss=4095MB hwm=4095MB
RSS_SAMPLE t=233.5s rss=4095MB hwm=4095MB
RSS_SAMPLE t=233.7s rss=4096MB hwm=4096MB
RSS_SAMPLE t=234.0s rss=4096MB hwm=4096MB
RSS_SAMPLE t=234.2s rss=4096MB hwm=4096MB
RSS_SAMPLE t=234.5s rss=4097MB hwm=4097MB
RSS_SAMPLE t=234.7s rss=4097MB hwm=4097MB
RSS_SAMPLE t=235.0s rss=4097MB hwm=4097MB
RSS_SAMPLE t=235.2s rss=4097MB hwm=4097MB
RSS_SAMPLE t=235.5s rss=4097MB hwm=4097MB
RSS_SAMPLE t=235.7s rss=4098MB hwm=4098MB
RSS_SAMPLE t=236.0s rss=4098MB hwm=4098MB
RSS_SAMPLE t=236.2s rss=4099MB hwm=4099MB
RSS_SAMPLE t=236.5s rss=4099MB hwm=4099MB
RSS_SAMPLE t=236.7s rss=4099MB hwm=4099MB
RSS_SAMPLE t=237.0s rss=4099MB hwm=4099MB
RSS_SAMPLE t=237.2s rss=4099MB hwm=4099MB
RSS_SAMPLE t=237.5s rss=4100MB hwm=4100MB
RSS_SAMPLE t=237.7s rss=4101MB hwm=4101MB
RSS_SAMPLE t=238.0s rss=4101MB hwm=4101MB
RSS_SAMPLE t=238.2s rss=4102MB hwm=4102MB
RSS_SAMPLE t=238.5s rss=4102MB hwm=4102MB
RSS_SAMPLE t=238.7s rss=4102MB hwm=4102MB
RSS_SAMPLE t=239.0s rss=4102MB hwm=4102MB
RSS_SAMPLE t=239.2s rss=4102MB hwm=4102MB
RSS_SAMPLE t=239.5s rss=4102MB hwm=4102MB
RSS_SAMPLE t=239.7s rss=4103MB hwm=4103MB
RSS_SAMPLE t=240.0s rss=4103MB hwm=4103MB
RSS_SAMPLE t=240.2s rss=4103MB hwm=4103MB
RSS_SAMPLE t=240.5s rss=4103MB hwm=4103MB
RSS_SAMPLE t=240.7s rss=4103MB hwm=4103MB
RSS_SAMPLE t=241.0s rss=4103MB hwm=4103MB
RSS_SAMPLE t=241.2s rss=4104MB hwm=4104MB
RSS_SAMPLE t=241.5s rss=4104MB hwm=4104MB
RSS_SAMPLE t=241.7s rss=4104MB hwm=4104MB
RSS_SAMPLE t=242.0s rss=4104MB hwm=4104MB
RSS_SAMPLE t=242.2s rss=4105MB hwm=4105MB
RSS_SAMPLE t=242.5s rss=4105MB hwm=4105MB
RSS_SAMPLE t=242.7s rss=4105MB hwm=4105MB
RSS_SAMPLE t=243.0s rss=4105MB hwm=4105MB
RSS_SAMPLE t=243.2s rss=4106MB hwm=4106MB
RSS_SAMPLE t=243.5s rss=4106MB hwm=4106MB
RSS_SAMPLE t=243.7s rss=4106MB hwm=4106MB
RSS_SAMPLE t=244.0s rss=4106MB hwm=4106MB
RSS_SAMPLE t=244.2s rss=4106MB hwm=4106MB
RSS_SAMPLE t=244.5s rss=4107MB hwm=4107MB
RSS_SAMPLE t=244.7s rss=4107MB hwm=4107MB
RSS_SAMPLE t=245.0s rss=4107MB hwm=4107MB
RSS_SAMPLE t=245.2s rss=4108MB hwm=4108MB
RSS_SAMPLE t=245.5s rss=4108MB hwm=4108MB
RSS_SAMPLE t=245.7s rss=4108MB hwm=4108MB
RSS_SAMPLE t=246.0s rss=4109MB hwm=4109MB
RSS_SAMPLE t=246.2s rss=4109MB hwm=4109MB
RSS_SAMPLE t=246.5s rss=4109MB hwm=4109MB
RSS_SAMPLE t=246.7s rss=4109MB hwm=4109MB
RSS_SAMPLE t=247.0s rss=4109MB hwm=4109MB
RSS_SAMPLE t=247.2s rss=4110MB hwm=4110MB
RSS_SAMPLE t=247.5s rss=4110MB hwm=4110MB
RSS_SAMPLE t=247.7s rss=4110MB hwm=4110MB
RSS_SAMPLE t=248.0s rss=4110MB hwm=4110MB
RSS_SAMPLE t=248.2s rss=4110MB hwm=4110MB
RSS_SAMPLE t=248.5s rss=4111MB hwm=4111MB
RSS_SAMPLE t=248.7s rss=4111MB hwm=4111MB
RSS_SAMPLE t=249.0s rss=4111MB hwm=4111MB
RSS_SAMPLE t=249.2s rss=4111MB hwm=4111MB
RSS_SAMPLE t=249.5s rss=4111MB hwm=4111MB
RSS_SAMPLE t=249.7s rss=4112MB hwm=4112MB
RSS_SAMPLE t=250.0s rss=4112MB hwm=4112MB
RSS_SAMPLE t=250.2s rss=4112MB hwm=4112MB
RSS_SAMPLE t=250.5s rss=4112MB hwm=4112MB
RSS_SAMPLE t=250.7s rss=4112MB hwm=4112MB
RSS_SAMPLE t=251.0s rss=4112MB hwm=4112MB
RSS_SAMPLE t=251.2s rss=4112MB hwm=4112MB
RSS_SAMPLE t=251.5s rss=4113MB hwm=4113MB
RSS_SAMPLE t=251.7s rss=4113MB hwm=4113MB
RSS_SAMPLE t=252.0s rss=4113MB hwm=4113MB
RSS_SAMPLE t=252.2s rss=4113MB hwm=4113MB
RSS_SAMPLE t=252.5s rss=4114MB hwm=4114MB
RSS_SAMPLE t=252.7s rss=4114MB hwm=4114MB
RSS_SAMPLE t=253.0s rss=4114MB hwm=4114MB
RSS_SAMPLE t=253.2s rss=4114MB hwm=4114MB
RSS_SAMPLE t=253.5s rss=4114MB hwm=4114MB
RSS_SAMPLE t=253.7s rss=4114MB hwm=4114MB
RSS_SAMPLE t=254.0s rss=4114MB hwm=4114MB
RSS_SAMPLE t=254.2s rss=4114MB hwm=4114MB
RSS_SAMPLE t=254.5s rss=4115MB hwm=4115MB
RSS_SAMPLE t=254.7s rss=4115MB hwm=4115MB
RSS_SAMPLE t=255.0s rss=4115MB hwm=4115MB
RSS_SAMPLE t=255.2s rss=4115MB hwm=4115MB
RSS_SAMPLE t=255.5s rss=4116MB hwm=4116MB
RSS_SAMPLE t=255.7s rss=4116MB hwm=4116MB
RSS_SAMPLE t=256.0s rss=4116MB hwm=4116MB
RSS_SAMPLE t=256.2s rss=4116MB hwm=4116MB
RSS_SAMPLE t=256.5s rss=4116MB hwm=4116MB
RSS_SAMPLE t=256.7s rss=4116MB hwm=4116MB
RSS_SAMPLE t=257.0s rss=4116MB hwm=4116MB
RSS_SAMPLE t=257.2s rss=4116MB hwm=4116MB
RSS_SAMPLE t=257.5s rss=4116MB hwm=4116MB
RSS_SAMPLE t=257.7s rss=4117MB hwm=4117MB
RSS_SAMPLE t=258.0s rss=4117MB hwm=4117MB
RSS_SAMPLE t=258.2s rss=4117MB hwm=4117MB
RSS_SAMPLE t=258.5s rss=4117MB hwm=4117MB
RSS_SAMPLE t=258.7s rss=4117MB hwm=4117MB
RSS_SAMPLE t=259.0s rss=4117MB hwm=4117MB
RSS_SAMPLE t=259.2s rss=4118MB hwm=4118MB
RSS_SAMPLE t=259.5s rss=4118MB hwm=4118MB
RSS_SAMPLE t=259.8s rss=4118MB hwm=4118MB
RSS_SAMPLE t=260.0s rss=4119MB hwm=4119MB
RSS_SAMPLE t=260.3s rss=4119MB hwm=4119MB
RSS_SAMPLE t=260.5s rss=4120MB hwm=4120MB
RSS_SAMPLE t=260.8s rss=4120MB hwm=4120MB
RSS_SAMPLE t=261.0s rss=4120MB hwm=4120MB
RSS_SAMPLE t=261.3s rss=4120MB hwm=4120MB
RSS_SAMPLE t=261.5s rss=4120MB hwm=4120MB
RSS_SAMPLE t=261.8s rss=4120MB hwm=4120MB
RSS_SAMPLE t=262.0s rss=4120MB hwm=4120MB
RSS_SAMPLE t=262.3s rss=4120MB hwm=4120MB
RSS_SAMPLE t=262.5s rss=4120MB hwm=4120MB
RSS_SAMPLE t=262.8s rss=4120MB hwm=4120MB
RSS_SAMPLE t=263.0s rss=4120MB hwm=4120MB
RSS_SAMPLE t=263.3s rss=4120MB hwm=4120MB
RSS_SAMPLE t=263.5s rss=4120MB hwm=4120MB
RSS_SAMPLE t=263.8s rss=4120MB hwm=4120MB
RSS_SAMPLE t=264.0s rss=4120MB hwm=4120MB
RSS_SAMPLE t=264.3s rss=4120MB hwm=4120MB
RSS_SAMPLE t=264.5s rss=4120MB hwm=4120MB
RSS_SAMPLE t=264.8s rss=4120MB hwm=4120MB
RSS_SAMPLE t=265.0s rss=4120MB hwm=4120MB
RSS_SAMPLE t=265.3s rss=4120MB hwm=4120MB
RSS_SAMPLE t=265.5s rss=4120MB hwm=4120MB
RSS_SAMPLE t=265.8s rss=4120MB hwm=4120MB
RSS_SAMPLE t=266.0s rss=4120MB hwm=4120MB
RSS_SAMPLE t=266.3s rss=4120MB hwm=4120MB
RSS_SAMPLE t=266.5s rss=4120MB hwm=4120MB
RSS_SAMPLE t=266.8s rss=4120MB hwm=4120MB
RSS_SAMPLE t=267.0s rss=4120MB hwm=4120MB
RSS_SAMPLE t=267.3s rss=4120MB hwm=4120MB
RSS_SAMPLE t=267.5s rss=4120MB hwm=4120MB
RSS_SAMPLE t=267.8s rss=4120MB hwm=4120MB
RSS_SAMPLE t=268.0s rss=4120MB hwm=4120MB
RSS_SAMPLE t=268.3s rss=4120MB hwm=4120MB
RSS_SAMPLE t=268.5s rss=4120MB hwm=4120MB
RSS_SAMPLE t=268.8s rss=4120MB hwm=4120MB
RSS_SAMPLE t=269.0s rss=4120MB hwm=4120MB
RSS_SAMPLE t=269.3s rss=4120MB hwm=4120MB
RSS_SAMPLE t=269.5s rss=4120MB hwm=4120MB
RSS_SAMPLE t=269.8s rss=4120MB hwm=4120MB
RSS_SAMPLE t=270.0s rss=4120MB hwm=4120MB
RSS_SAMPLE t=270.3s rss=4120MB hwm=4120MB
RSS_SAMPLE t=270.5s rss=4120MB hwm=4120MB
RSS_SAMPLE t=270.8s rss=4120MB hwm=4120MB
RSS_SAMPLE t=271.0s rss=4120MB hwm=4120MB
RSS_SAMPLE t=271.3s rss=4120MB hwm=4120MB
RSS_SAMPLE t=271.5s rss=4120MB hwm=4120MB
RSS_SAMPLE t=271.8s rss=4120MB hwm=4120MB
RSS_SAMPLE t=272.0s rss=4120MB hwm=4120MB
RSS_SAMPLE t=272.3s rss=4120MB hwm=4120MB
RSS_SAMPLE t=272.5s rss=4120MB hwm=4120MB
RSS_SAMPLE t=272.8s rss=4120MB hwm=4120MB
RSS_SAMPLE t=273.0s rss=4120MB hwm=4120MB
RSS_SAMPLE t=273.3s rss=4120MB hwm=4120MB
RSS_SAMPLE t=273.5s rss=4120MB hwm=4120MB
RSS_SAMPLE t=273.8s rss=4120MB hwm=4120MB
RSS_SAMPLE t=274.0s rss=4120MB hwm=4120MB
RSS_SAMPLE t=274.3s rss=4120MB hwm=4120MB
RSS_SAMPLE t=274.5s rss=4120MB hwm=4120MB
RSS_SAMPLE t=274.8s rss=4120MB hwm=4120MB
RSS_SAMPLE t=275.0s rss=4120MB hwm=4120MB
RSS_SAMPLE t=275.3s rss=4120MB hwm=4120MB
RSS_SAMPLE t=275.5s rss=4120MB hwm=4120MB
RSS_SAMPLE t=275.8s rss=4120MB hwm=4120MB
RSS_SAMPLE t=276.0s rss=4120MB hwm=4120MB
RSS_SAMPLE t=276.3s rss=4120MB hwm=4120MB
RSS_SAMPLE t=276.5s rss=4120MB hwm=4120MB
RSS_SAMPLE t=276.8s rss=4120MB hwm=4120MB
RSS_SAMPLE t=277.0s rss=4120MB hwm=4120MB
RSS_SAMPLE t=277.3s rss=4120MB hwm=4120MB
RSS_SAMPLE t=277.5s rss=4120MB hwm=4120MB
RSS_SAMPLE t=277.8s rss=4120MB hwm=4120MB
RSS_SAMPLE t=278.0s rss=4120MB hwm=4120MB
RSS_SAMPLE t=278.3s rss=4120MB hwm=4120MB
RSS_SAMPLE t=278.5s rss=4120MB hwm=4120MB
RSS_SAMPLE t=278.8s rss=4120MB hwm=4120MB
RSS_SAMPLE t=279.0s rss=4120MB hwm=4120MB
RSS_SAMPLE t=279.3s rss=4120MB hwm=4120MB
RSS_SAMPLE t=279.5s rss=4120MB hwm=4120MB
RSS_SAMPLE t=279.8s rss=4120MB hwm=4120MB
RSS_SAMPLE t=280.0s rss=4120MB hwm=4120MB
RSS_SAMPLE t=280.3s rss=4120MB hwm=4120MB
RSS_SAMPLE t=280.5s rss=4120MB hwm=4120MB
RSS_SAMPLE t=280.8s rss=4120MB hwm=4120MB
RSS_SAMPLE t=281.0s rss=4120MB hwm=4120MB
RSS_SAMPLE t=281.3s rss=4120MB hwm=4120MB
RSS_SAMPLE t=281.5s rss=4120MB hwm=4120MB
RSS_SAMPLE t=281.8s rss=4120MB hwm=4120MB
RSS_SAMPLE t=282.0s rss=4120MB hwm=4120MB
RSS_SAMPLE t=282.3s rss=4120MB hwm=4120MB
RSS_SAMPLE t=282.5s rss=4120MB hwm=4120MB
RSS_SAMPLE t=282.8s rss=4120MB hwm=4120MB
RSS_SAMPLE t=283.0s rss=4120MB hwm=4120MB
RSS_SAMPLE t=283.3s rss=4120MB hwm=4120MB
RSS_SAMPLE t=283.5s rss=4120MB hwm=4120MB
RSS_SAMPLE t=283.8s rss=4120MB hwm=4120MB
RSS_SAMPLE t=284.0s rss=4120MB hwm=4120MB
RSS_SAMPLE t=284.3s rss=4120MB hwm=4120MB
RSS_SAMPLE t=284.5s rss=4120MB hwm=4120MB
RSS_SAMPLE t=284.8s rss=4120MB hwm=4120MB
RSS_SAMPLE t=285.0s rss=4120MB hwm=4120MB
RSS_SAMPLE t=285.3s rss=4120MB hwm=4120MB
RSS_SAMPLE t=285.5s rss=4120MB hwm=4120MB
RSS_SAMPLE t=285.8s rss=4120MB hwm=4120MB
RSS_SAMPLE t=286.0s rss=4120MB hwm=4120MB
RSS_SAMPLE t=286.3s rss=4120MB hwm=4120MB
RSS_SAMPLE t=286.5s rss=4120MB hwm=4120MB
RSS_SAMPLE t=286.8s rss=4120MB hwm=4120MB
RSS_SAMPLE t=287.0s rss=4120MB hwm=4120MB
RSS_SAMPLE t=287.3s rss=4120MB hwm=4120MB
RSS_SAMPLE t=287.5s rss=4120MB hwm=4120MB
RSS_SAMPLE t=287.8s rss=4120MB hwm=4120MB
RSS_SAMPLE t=288.0s rss=4120MB hwm=4120MB
MEM_POOL: workspaces=32 dense_usage_mb=1251 n_pipes=2562403
    strata[outer=0]: REFRESH slow=54686 fast=50431 slow_energy=2288394.6
    post_solve_diag[outer=0]: solves=105117 cap_armed=105117 (100.0%) settle_avg=9926 above_sink_avg=225 (2.3%) settle_max=69353
    settle_hist[outer=0]: <100: 26014nets/0.1%work  <1k: 19490nets/0.6%work  <5k: 24647nets/6.3%work  <20k: 14304nets/15.0%work  <60k: 18002nets/61.0%work  >=60k: 2660nets/16.9%work
    fanout_hist[outer=0]: fan1: 43710nets/15.0%work  fan2-4: 48279nets/50.3%work  fan5-16: 12974nets/33.9%work  fan17-64: 154nets/0.8%work  fan65-256: 0nets/0.0%work  fan>256: 0nets/0.0%work
    rss_probe[outer=0]: pre_post_solve=1942MB post_post_solve=4140MB after_apply=4140MB
RSS_SAMPLE t=288.3s rss=4129MB hwm=4135MB
MuxSlotTracker[sweep 0 LEAK]: populated_cells=59701, overflow_tiles=4, at_cap_tiles=1775, peak_excess=10, capacity_hist={16:67346}
    E_decomp: base=21163218.5 eff=22243682.9 cong=1080464.4 cong_share=4.9% sat_pipes=350651 max_util=1864.37  R_buckets: 1-2x=2562403 2-10x=0 10-100x=0 >=100x=0
    E_potential: beckmann=194309447584043.4 history_total=0.0
    SpanCache: epoch=1 entries=110 lookups=2562403 hits=2562293 misses=110 hit_rate=100.0%
  DCD   0: nets=105117 line=17505977 energy=4728875.155 dE=+0.000 friction=14259986.5 bins=2.7x(1236) excess=682.9 moved=59514 disp=inf solves=210234 skip=0 pops=2130674473 theta=0.250 refresh=220453ms dcd=7225ms total=230189ms
    cache_stats: entries=50901755 capacity=85445500 est_mb=738 rss_mb=4124
RSS_SAMPLE t=288.5s rss=4125MB hwm=4135MB
RSS_SAMPLE t=288.8s rss=4125MB hwm=4135MB
RSS_SAMPLE t=289.0s rss=4125MB hwm=4135MB
RSS_SAMPLE t=289.3s rss=4125MB hwm=4135MB
RSS_SAMPLE t=289.5s rss=4125MB hwm=4135MB
RSS_SAMPLE t=289.8s rss=4125MB hwm=4135MB
RSS_SAMPLE t=290.0s rss=4125MB hwm=4135MB
RSS_SAMPLE t=290.3s rss=4125MB hwm=4135MB
RSS_SAMPLE t=290.5s rss=4125MB hwm=4135MB
RSS_SAMPLE t=290.8s rss=4125MB hwm=4135MB
    SwitchMatrix: type_usage_pairs=1423 lookups=4225 hits=2802 dijkstra_calls=1423 avg_us=13.3 total_ms=18.9
PHASE_MARK outer=1 enter=pre_solve rss=4125MB
    rss_probe[outer=1]: pre_refresh_rss=4125MB post_pre_solve_rss=4125MB cache_entries=50901755 cache_cap=85445500 cache_est_mb=738
    pre_solve_diag[outer=1]: solves=0 fallback=0 (0.0%) cap_armed=0 (0.0%) settle_avg=0 settle_max=0 init_count=248
    Overflow: over=311589 (12.2% of used) avg_excess=5.71 max_excess=2570.79 (nc=2594.79 cap=24 span=1)  excess_buckets: <=1=108391 1-5=118471 5-20=65457 >20=19270  by_cap: cap1=133605 cap2=108606 cap3-5=607 cap>5=68771  by_span: s1=3725 s2-3=6987 s4-6=32932 s7-12=127520 s>12=140425  le1_cross: cap1=67320 cap2-5=34333 cap>5=6738
    Congestion: pipes=2562403 used=2562403 congested(>50%)=678759 saturated(>90%)=350651 max_util=1864.37 avg_util=0.5890
PHASE_MARK outer=1 enter=dcd_sweep rss=4125MB
RSS_SAMPLE t=291.0s rss=4125MB hwm=4135MB
RSS_SAMPLE t=291.3s rss=4125MB hwm=4135MB
RSS_SAMPLE t=291.5s rss=4125MB hwm=4135MB
RSS_SAMPLE t=291.8s rss=4125MB hwm=4135MB
RSS_SAMPLE t=292.0s rss=4125MB hwm=4135MB
RSS_SAMPLE t=292.3s rss=4125MB hwm=4135MB
RSS_SAMPLE t=292.5s rss=4125MB hwm=4135MB
RSS_SAMPLE t=292.8s rss=4125MB hwm=4135MB
RSS_SAMPLE t=293.0s rss=4125MB hwm=4135MB
RSS_SAMPLE t=293.3s rss=4125MB hwm=4135MB
RSS_SAMPLE t=293.5s rss=4125MB hwm=4135MB
RSS_SAMPLE t=293.8s rss=4125MB hwm=4135MB
RSS_SAMPLE t=294.0s rss=4125MB hwm=4135MB
RSS_SAMPLE t=294.3s rss=4125MB hwm=4135MB
RSS_SAMPLE t=294.5s rss=4125MB hwm=4135MB
RSS_SAMPLE t=294.8s rss=4125MB hwm=4135MB
RSS_SAMPLE t=295.0s rss=4125MB hwm=4135MB
RSS_SAMPLE t=295.3s rss=4125MB hwm=4135MB
RSS_SAMPLE t=295.5s rss=4125MB hwm=4135MB
RSS_SAMPLE t=295.8s rss=4125MB hwm=4135MB
RSS_SAMPLE t=296.0s rss=4125MB hwm=4135MB
RSS_SAMPLE t=296.3s rss=4125MB hwm=4135MB
RSS_SAMPLE t=296.5s rss=4125MB hwm=4135MB
RSS_SAMPLE t=296.8s rss=4125MB hwm=4135MB
RSS_SAMPLE t=297.0s rss=4125MB hwm=4135MB
RSS_SAMPLE t=297.3s rss=4125MB hwm=4135MB
RSS_SAMPLE t=297.5s rss=4125MB hwm=4135MB
RSS_SAMPLE t=297.8s rss=4125MB hwm=4135MB
RSS_SAMPLE t=298.0s rss=4125MB hwm=4135MB
RSS_SAMPLE t=298.3s rss=4125MB hwm=4135MB
PHASE_MARK outer=1 leave=dcd_sweep rss=4125MB
PHASE_MARK outer=1 enter=post_refresh rss=4125MB
RSS_SAMPLE t=298.5s rss=4133MB hwm=4135MB
RSS_SAMPLE t=298.8s rss=4133MB hwm=4135MB
RSS_SAMPLE t=299.0s rss=4133MB hwm=4135MB
RSS_SAMPLE t=299.3s rss=4133MB hwm=4135MB
RSS_SAMPLE t=299.5s rss=4133MB hwm=4135MB
RSS_SAMPLE t=299.8s rss=4133MB hwm=4135MB
RSS_SAMPLE t=300.0s rss=4133MB hwm=4135MB
RSS_SAMPLE t=300.3s rss=4133MB hwm=4135MB
RSS_SAMPLE t=300.5s rss=4133MB hwm=4135MB
RSS_SAMPLE t=300.8s rss=4133MB hwm=4135MB
RSS_SAMPLE t=301.0s rss=4133MB hwm=4135MB
RSS_SAMPLE t=301.3s rss=4133MB hwm=4135MB
MEM_POOL: workspaces=32 dense_usage_mb=1251 n_pipes=2562403
    strata[outer=1]: carry slow_energy=2288394.6
    post_solve_diag[outer=1]: solves=52024 cap_armed=52002 (100.0%) settle_avg=240 above_sink_avg=29 (12.1%) settle_max=3043
    settle_hist[outer=1]: <100: 29885nets/5.3%work  <1k: 18080nets/49.5%work  <5k: 4059nets/45.1%work  <20k: 0nets/0.0%work  <60k: 0nets/0.0%work  >=60k: 0nets/0.0%work
    fanout_hist[outer=1]: fan1: 32570nets/42.3%work  fan2-4: 18406nets/52.6%work  fan5-16: 1048nets/5.1%work  fan17-64: 0nets/0.0%work  fan65-256: 0nets/0.0%work  fan>256: 0nets/0.0%work
    rss_probe[outer=1]: pre_post_solve=4133MB post_post_solve=4153MB after_apply=4153MB
MuxSlotTracker[sweep 1 LEAK]: populated_cells=63933, overflow_tiles=1, at_cap_tiles=1104, peak_excess=5, capacity_hist={16:67346}
    E_decomp: base=21288398.4 eff=1235585004628670.2 cong=1235584983340271.8 cong_share=100.0% sat_pipes=349715 max_util=1663.36  R_buckets: 1-2x=128577 2-10x=5171 10-100x=1608 >=100x=2427047
    E_potential: beckmann=119500802921783.7 history_total=0.0
    SpanCache: epoch=2 entries=4225 lookups=2562403 hits=2558178 misses=4225 hit_rate=99.8%
  DCD   1: nets=105117 line=17014641 energy=112733030225.623 dE=+112728301350.468 friction=16207459.0 bins=2.0x(1079) excess=417.4 moved=63731 disp=13.621 solves=52024 skip=105117 pops=12494829 theta=0.455 refresh=2931ms dcd=7504ms total=13073ms
    cache_stats: entries=47947660 capacity=82183417 est_mb=710 rss_mb=4154
RSS_SAMPLE t=301.5s rss=4154MB hwm=4154MB
RSS_SAMPLE t=301.8s rss=4154MB hwm=4154MB
RSS_SAMPLE t=302.0s rss=4154MB hwm=4154MB
RSS_SAMPLE t=302.3s rss=4154MB hwm=4154MB
RSS_SAMPLE t=302.5s rss=4154MB hwm=4154MB
RSS_SAMPLE t=302.8s rss=4154MB hwm=4154MB
RSS_SAMPLE t=303.0s rss=4154MB hwm=4154MB
RSS_SAMPLE t=303.3s rss=4154MB hwm=4154MB
RSS_SAMPLE t=303.5s rss=4154MB hwm=4154MB
RSS_SAMPLE t=303.8s rss=4154MB hwm=4154MB
RSS_SAMPLE t=304.0s rss=4154MB hwm=4154MB
    SwitchMatrix: type_usage_pairs=1614 lookups=4496 hits=2882 dijkstra_calls=1614 avg_us=12.9 total_ms=20.9
PHASE_MARK outer=2 enter=pre_solve rss=4154MB
    rss_probe[outer=2]: pre_refresh_rss=4154MB post_pre_solve_rss=4172MB cache_entries=47947660 cache_cap=82183417 cache_est_mb=710
    pre_solve_diag[outer=2]: solves=0 fallback=0 (0.0%) cap_armed=0 (0.0%) settle_avg=0 settle_max=0 init_count=248
    Overflow: over=310348 (12.1% of used) avg_excess=5.85 max_excess=3186.61 (nc=3210.61 cap=24 span=1)  excess_buckets: <=1=107198 1-5=118193 5-20=65786 >20=19171  by_cap: cap1=132157 cap2=109231 cap3-5=605 cap>5=68355  by_span: s1=3801 s2-3=7275 s4-6=32668 s7-12=127877 s>12=138727  le1_cross: cap1=66924 cap2-5=33600 cap>5=6674
    Congestion: pipes=2562403 used=2562403 congested(>50%)=679287 saturated(>90%)=349715 max_util=1663.36 avg_util=0.5973
PHASE_MARK outer=2 enter=dcd_sweep rss=4172MB
RSS_SAMPLE t=304.3s rss=4172MB hwm=4172MB
RSS_SAMPLE t=304.5s rss=4172MB hwm=4172MB
RSS_SAMPLE t=304.8s rss=4172MB hwm=4172MB
RSS_SAMPLE t=305.0s rss=4172MB hwm=4172MB
RSS_SAMPLE t=305.3s rss=4172MB hwm=4172MB
RSS_SAMPLE t=305.5s rss=4172MB hwm=4172MB
RSS_SAMPLE t=305.8s rss=4172MB hwm=4172MB
RSS_SAMPLE t=306.0s rss=4172MB hwm=4172MB
RSS_SAMPLE t=306.3s rss=4172MB hwm=4172MB
RSS_SAMPLE t=306.5s rss=4172MB hwm=4172MB
RSS_SAMPLE t=306.8s rss=4172MB hwm=4172MB
RSS_SAMPLE t=307.0s rss=4172MB hwm=4172MB
RSS_SAMPLE t=307.3s rss=4172MB hwm=4172MB
RSS_SAMPLE t=307.5s rss=4172MB hwm=4172MB
RSS_SAMPLE t=307.8s rss=4172MB hwm=4172MB
RSS_SAMPLE t=308.0s rss=4172MB hwm=4172MB
RSS_SAMPLE t=308.3s rss=4172MB hwm=4172MB
RSS_SAMPLE t=308.5s rss=4172MB hwm=4172MB
RSS_SAMPLE t=308.8s rss=4172MB hwm=4172MB
RSS_SAMPLE t=309.0s rss=4172MB hwm=4172MB
RSS_SAMPLE t=309.3s rss=4172MB hwm=4172MB
RSS_SAMPLE t=309.5s rss=4172MB hwm=4172MB
RSS_SAMPLE t=309.8s rss=4172MB hwm=4172MB
RSS_SAMPLE t=310.0s rss=4172MB hwm=4172MB
RSS_SAMPLE t=310.3s rss=4172MB hwm=4172MB
RSS_SAMPLE t=310.5s rss=4172MB hwm=4172MB
RSS_SAMPLE t=310.8s rss=4172MB hwm=4172MB
RSS_SAMPLE t=311.0s rss=4172MB hwm=4172MB
RSS_SAMPLE t=311.3s rss=4172MB hwm=4172MB
RSS_SAMPLE t=311.5s rss=4172MB hwm=4172MB
PHASE_MARK outer=2 leave=dcd_sweep rss=4172MB
PHASE_MARK outer=2 enter=post_refresh rss=4172MB
RSS_SAMPLE t=311.8s rss=4175MB hwm=4175MB
RSS_SAMPLE t=312.0s rss=4175MB hwm=4175MB
RSS_SAMPLE t=312.3s rss=4175MB hwm=4175MB
RSS_SAMPLE t=312.5s rss=4175MB hwm=4175MB
RSS_SAMPLE t=312.8s rss=4175MB hwm=4175MB
RSS_SAMPLE t=313.0s rss=4175MB hwm=4175MB
RSS_SAMPLE t=313.3s rss=4175MB hwm=4175MB
RSS_SAMPLE t=313.5s rss=4175MB hwm=4175MB
RSS_SAMPLE t=313.8s rss=4175MB hwm=4175MB
RSS_SAMPLE t=314.0s rss=4175MB hwm=4175MB
RSS_SAMPLE t=314.3s rss=4175MB hwm=4175MB
MEM_POOL: workspaces=32 dense_usage_mb=1251 n_pipes=2562403
    strata[outer=2]: carry slow_energy=2288394.6
    post_solve_diag[outer=2]: solves=52238 cap_armed=52231 (100.0%) settle_avg=201 above_sink_avg=17 (8.4%) settle_max=3136
    settle_hist[outer=2]: <100: 32804nets/6.4%work  <1k: 16313nets/52.6%work  <5k: 3121nets/41.0%work  <20k: 0nets/0.0%work  <60k: 0nets/0.0%work  >=60k: 0nets/0.0%work
    fanout_hist[outer=2]: fan1: 32592nets/41.0%work  fan2-4: 18566nets/53.4%work  fan5-16: 1080nets/5.6%work  fan17-64: 0nets/0.0%work  fan65-256: 0nets/0.0%work  fan>256: 0nets/0.0%work
    rss_probe[outer=2]: pre_post_solve=4175MB post_post_solve=4176MB after_apply=4176MB
RSS_SAMPLE t=314.5s rss=4177MB hwm=4177MB
    E_decomp: base=21418278.6 eff=920929123619550.5 cong=920929102201271.9 cong_share=100.0% sat_pipes=350001 max_util=1562.85  R_buckets: 1-2x=125581 2-10x=7000 10-100x=2025 >=100x=2427797
    E_potential: beckmann=92358371655125.2 history_total=0.0
    SpanCache: epoch=3 entries=4496 lookups=2562403 hits=2557907 misses=4496 hit_rate=99.8%
  DCD   2: nets=105117 line=17072474 energy=123623701442.305 dE=+10890671216.682 friction=13446541.0 bins=2.0x(1059) excess=360.2 moved=63428 disp=4.468 solves=52238 skip=105117 pops=10490968 theta=0.829 refresh=2910ms dcd=7518ms total=13089ms
    cache_stats: entries=46592266 capacity=80290584 est_mb=694 rss_mb=4177
RSS_SAMPLE t=314.8s rss=4177MB hwm=4177MB
RSS_SAMPLE t=315.0s rss=4177MB hwm=4177MB
RSS_SAMPLE t=315.3s rss=4177MB hwm=4177MB
RSS_SAMPLE t=315.5s rss=4177MB hwm=4177MB
RSS_SAMPLE t=315.8s rss=4177MB hwm=4177MB
RSS_SAMPLE t=316.0s rss=4177MB hwm=4177MB
RSS_SAMPLE t=316.3s rss=4177MB hwm=4177MB
RSS_SAMPLE t=316.5s rss=4177MB hwm=4177MB
RSS_SAMPLE t=316.8s rss=4177MB hwm=4177MB
RSS_SAMPLE t=317.0s rss=4177MB hwm=4177MB
    SwitchMatrix: type_usage_pairs=1609 lookups=4517 hits=2908 dijkstra_calls=1609 avg_us=12.8 total_ms=20.6
PHASE_MARK outer=3 enter=pre_solve rss=4177MB
    rss_probe[outer=3]: pre_refresh_rss=4177MB post_pre_solve_rss=4177MB cache_entries=46592266 cache_cap=80290584 cache_est_mb=694
    pre_solve_diag[outer=3]: solves=0 fallback=0 (0.0%) cap_armed=0 (0.0%) settle_avg=0 settle_max=0 init_count=254
    Overflow: over=310521 (12.1% of used) avg_excess=5.90 max_excess=3458.22 (nc=3482.22 cap=24 span=1)  excess_buckets: <=1=106463 1-5=118412 5-20=66488 >20=19158  by_cap: cap1=131461 cap2=109987 cap3-5=609 cap>5=68464  by_span: s1=3710 s2-3=7800 s4-6=32511 s7-12=128615 s>12=137885  le1_cross: cap1=66683 cap2-5=33071 cap>5=6709
    Congestion: pipes=2562403 used=2562403 congested(>50%)=680644 saturated(>90%)=350001 max_util=1562.85 avg_util=0.5963
PHASE_MARK outer=3 enter=dcd_sweep rss=4177MB
RSS_SAMPLE t=317.3s rss=4177MB hwm=4177MB
RSS_SAMPLE t=317.5s rss=4177MB hwm=4177MB
RSS_SAMPLE t=317.8s rss=4177MB hwm=4177MB
RSS_SAMPLE t=318.0s rss=4177MB hwm=4177MB
RSS_SAMPLE t=318.3s rss=4177MB hwm=4177MB
RSS_SAMPLE t=318.5s rss=4177MB hwm=4177MB
RSS_SAMPLE t=318.8s rss=4177MB hwm=4177MB
RSS_SAMPLE t=319.0s rss=4177MB hwm=4177MB
RSS_SAMPLE t=319.3s rss=4177MB hwm=4177MB
RSS_SAMPLE t=319.5s rss=4177MB hwm=4177MB
RSS_SAMPLE t=319.8s rss=4177MB hwm=4177MB
RSS_SAMPLE t=320.0s rss=4177MB hwm=4177MB
RSS_SAMPLE t=320.3s rss=4177MB hwm=4177MB
RSS_SAMPLE t=320.5s rss=4177MB hwm=4177MB
RSS_SAMPLE t=320.8s rss=4177MB hwm=4177MB
RSS_SAMPLE t=321.0s rss=4177MB hwm=4177MB
RSS_SAMPLE t=321.3s rss=4177MB hwm=4177MB
RSS_SAMPLE t=321.5s rss=4177MB hwm=4177MB
RSS_SAMPLE t=321.8s rss=4177MB hwm=4177MB
RSS_SAMPLE t=322.0s rss=4177MB hwm=4177MB
RSS_SAMPLE t=322.3s rss=4177MB hwm=4177MB
RSS_SAMPLE t=322.5s rss=4177MB hwm=4177MB
RSS_SAMPLE t=322.8s rss=4177MB hwm=4177MB
RSS_SAMPLE t=323.0s rss=4177MB hwm=4177MB
RSS_SAMPLE t=323.3s rss=4177MB hwm=4177MB
RSS_SAMPLE t=323.5s rss=4177MB hwm=4177MB
RSS_SAMPLE t=323.8s rss=4177MB hwm=4177MB
RSS_SAMPLE t=324.0s rss=4177MB hwm=4177MB
RSS_SAMPLE t=324.3s rss=4177MB hwm=4177MB
PHASE_MARK outer=3 leave=dcd_sweep rss=4177MB
PHASE_MARK outer=3 enter=post_refresh rss=4177MB
RSS_SAMPLE t=324.5s rss=4178MB hwm=4178MB
RSS_SAMPLE t=324.8s rss=4178MB hwm=4178MB
RSS_SAMPLE t=325.0s rss=4178MB hwm=4178MB
RSS_SAMPLE t=325.3s rss=4178MB hwm=4178MB
RSS_SAMPLE t=325.5s rss=4178MB hwm=4178MB
RSS_SAMPLE t=325.8s rss=4178MB hwm=4178MB
RSS_SAMPLE t=326.0s rss=4178MB hwm=4178MB
RSS_SAMPLE t=326.3s rss=4178MB hwm=4178MB
RSS_SAMPLE t=326.5s rss=4178MB hwm=4178MB
RSS_SAMPLE t=326.8s rss=4178MB hwm=4178MB
RSS_SAMPLE t=327.0s rss=4178MB hwm=4178MB
RSS_SAMPLE t=327.3s rss=4236MB hwm=4236MB
RSS_SAMPLE t=327.6s rss=4250MB hwm=4250MB
RSS_SAMPLE t=327.8s rss=4254MB hwm=4254MB
RSS_SAMPLE t=328.1s rss=4258MB hwm=4258MB
RSS_SAMPLE t=328.3s rss=4263MB hwm=4263MB
RSS_SAMPLE t=328.6s rss=4266MB hwm=4266MB
RSS_SAMPLE t=328.8s rss=4268MB hwm=4268MB
RSS_SAMPLE t=329.1s rss=4269MB hwm=4269MB
RSS_SAMPLE t=329.3s rss=4270MB hwm=4270MB
RSS_SAMPLE t=329.6s rss=4270MB hwm=4270MB
RSS_SAMPLE t=329.8s rss=4272MB hwm=4272MB
RSS_SAMPLE t=330.1s rss=4273MB hwm=4273MB
RSS_SAMPLE t=330.3s rss=4273MB hwm=4273MB
RSS_SAMPLE t=330.6s rss=4274MB hwm=4274MB
RSS_SAMPLE t=330.8s rss=4274MB hwm=4274MB
RSS_SAMPLE t=331.1s rss=4274MB hwm=4274MB
RSS_SAMPLE t=331.3s rss=4275MB hwm=4275MB
RSS_SAMPLE t=331.6s rss=4275MB hwm=4275MB
RSS_SAMPLE t=331.8s rss=4275MB hwm=4275MB
RSS_SAMPLE t=332.1s rss=4275MB hwm=4275MB
RSS_SAMPLE t=332.3s rss=4276MB hwm=4276MB
RSS_SAMPLE t=332.6s rss=4276MB hwm=4276MB
RSS_SAMPLE t=332.8s rss=4276MB hwm=4276MB
RSS_SAMPLE t=333.1s rss=4276MB hwm=4276MB
RSS_SAMPLE t=333.3s rss=4276MB hwm=4276MB
RSS_SAMPLE t=333.6s rss=4277MB hwm=4277MB
RSS_SAMPLE t=333.8s rss=4277MB hwm=4277MB
RSS_SAMPLE t=334.1s rss=4277MB hwm=4277MB
RSS_SAMPLE t=334.3s rss=4277MB hwm=4277MB
RSS_SAMPLE t=334.6s rss=4277MB hwm=4277MB
RSS_SAMPLE t=334.8s rss=4278MB hwm=4278MB
RSS_SAMPLE t=335.1s rss=4278MB hwm=4278MB
RSS_SAMPLE t=335.3s rss=4278MB hwm=4278MB
RSS_SAMPLE t=335.6s rss=4278MB hwm=4278MB
RSS_SAMPLE t=335.8s rss=4278MB hwm=4278MB
RSS_SAMPLE t=336.1s rss=4279MB hwm=4279MB
RSS_SAMPLE t=336.3s rss=4279MB hwm=4279MB
RSS_SAMPLE t=336.6s rss=4279MB hwm=4279MB
RSS_SAMPLE t=336.8s rss=4279MB hwm=4279MB
RSS_SAMPLE t=337.1s rss=4279MB hwm=4279MB
RSS_SAMPLE t=337.3s rss=4280MB hwm=4280MB
RSS_SAMPLE t=337.6s rss=4280MB hwm=4280MB
RSS_SAMPLE t=337.8s rss=4280MB hwm=4280MB
RSS_SAMPLE t=338.1s rss=4280MB hwm=4280MB
RSS_SAMPLE t=338.3s rss=4280MB hwm=4280MB
RSS_SAMPLE t=338.6s rss=4280MB hwm=4280MB
RSS_SAMPLE t=338.8s rss=4281MB hwm=4281MB
RSS_SAMPLE t=339.1s rss=4281MB hwm=4281MB
RSS_SAMPLE t=339.3s rss=4282MB hwm=4282MB
RSS_SAMPLE t=339.6s rss=4282MB hwm=4282MB
RSS_SAMPLE t=339.8s rss=4282MB hwm=4282MB
RSS_SAMPLE t=340.1s rss=4282MB hwm=4282MB
RSS_SAMPLE t=340.3s rss=4282MB hwm=4282MB
RSS_SAMPLE t=340.6s rss=4283MB hwm=4283MB
RSS_SAMPLE t=340.8s rss=4283MB hwm=4283MB
RSS_SAMPLE t=341.1s rss=4283MB hwm=4283MB
RSS_SAMPLE t=341.3s rss=4283MB hwm=4283MB
RSS_SAMPLE t=341.6s rss=4283MB hwm=4283MB
RSS_SAMPLE t=341.8s rss=4283MB hwm=4283MB
RSS_SAMPLE t=342.1s rss=4283MB hwm=4283MB
RSS_SAMPLE t=342.3s rss=4284MB hwm=4284MB
RSS_SAMPLE t=342.6s rss=4284MB hwm=4284MB
RSS_SAMPLE t=342.8s rss=4284MB hwm=4284MB
RSS_SAMPLE t=343.1s rss=4284MB hwm=4284MB
RSS_SAMPLE t=343.3s rss=4284MB hwm=4284MB
RSS_SAMPLE t=343.6s rss=4284MB hwm=4284MB
RSS_SAMPLE t=343.8s rss=4284MB hwm=4284MB
RSS_SAMPLE t=344.1s rss=4285MB hwm=4285MB
RSS_SAMPLE t=344.3s rss=4285MB hwm=4285MB
RSS_SAMPLE t=344.6s rss=4285MB hwm=4285MB
RSS_SAMPLE t=344.8s rss=4285MB hwm=4285MB
RSS_SAMPLE t=345.1s rss=4285MB hwm=4285MB
RSS_SAMPLE t=345.3s rss=4286MB hwm=4286MB
RSS_SAMPLE t=345.6s rss=4286MB hwm=4286MB
RSS_SAMPLE t=345.8s rss=4286MB hwm=4286MB
RSS_SAMPLE t=346.1s rss=4287MB hwm=4287MB
RSS_SAMPLE t=346.3s rss=4287MB hwm=4287MB
RSS_SAMPLE t=346.6s rss=4287MB hwm=4287MB
RSS_SAMPLE t=346.8s rss=4287MB hwm=4287MB
RSS_SAMPLE t=347.1s rss=4287MB hwm=4287MB
RSS_SAMPLE t=347.3s rss=4287MB hwm=4287MB
RSS_SAMPLE t=347.6s rss=4287MB hwm=4287MB
RSS_SAMPLE t=347.8s rss=4288MB hwm=4288MB
RSS_SAMPLE t=348.1s rss=4288MB hwm=4288MB
RSS_SAMPLE t=348.3s rss=4288MB hwm=4288MB
RSS_SAMPLE t=348.6s rss=4288MB hwm=4288MB
RSS_SAMPLE t=348.8s rss=4288MB hwm=4288MB
RSS_SAMPLE t=349.1s rss=4288MB hwm=4288MB
RSS_SAMPLE t=349.3s rss=4288MB hwm=4288MB
RSS_SAMPLE t=349.6s rss=4288MB hwm=4288MB
RSS_SAMPLE t=349.8s rss=4288MB hwm=4288MB
RSS_SAMPLE t=350.1s rss=4288MB hwm=4288MB
RSS_SAMPLE t=350.3s rss=4289MB hwm=4289MB
RSS_SAMPLE t=350.6s rss=4289MB hwm=4289MB
RSS_SAMPLE t=350.8s rss=4289MB hwm=4289MB
RSS_SAMPLE t=351.1s rss=4289MB hwm=4289MB
RSS_SAMPLE t=351.3s rss=4289MB hwm=4289MB
RSS_SAMPLE t=351.6s rss=4289MB hwm=4289MB
RSS_SAMPLE t=351.8s rss=4289MB hwm=4289MB
RSS_SAMPLE t=352.1s rss=4289MB hwm=4289MB
RSS_SAMPLE t=352.3s rss=4289MB hwm=4289MB
RSS_SAMPLE t=352.6s rss=4289MB hwm=4289MB
RSS_SAMPLE t=352.8s rss=4289MB hwm=4289MB
RSS_SAMPLE t=353.1s rss=4289MB hwm=4289MB
RSS_SAMPLE t=353.3s rss=4289MB hwm=4289MB
RSS_SAMPLE t=353.6s rss=4289MB hwm=4289MB
RSS_SAMPLE t=353.8s rss=4289MB hwm=4289MB
RSS_SAMPLE t=354.1s rss=4290MB hwm=4290MB
RSS_SAMPLE t=354.3s rss=4290MB hwm=4290MB
RSS_SAMPLE t=354.6s rss=4290MB hwm=4290MB
RSS_SAMPLE t=354.8s rss=4290MB hwm=4290MB
RSS_SAMPLE t=355.1s rss=4290MB hwm=4290MB
RSS_SAMPLE t=355.3s rss=4290MB hwm=4290MB
RSS_SAMPLE t=355.6s rss=4290MB hwm=4290MB
RSS_SAMPLE t=355.8s rss=4290MB hwm=4290MB
RSS_SAMPLE t=356.1s rss=4290MB hwm=4290MB
RSS_SAMPLE t=356.3s rss=4290MB hwm=4290MB
RSS_SAMPLE t=356.6s rss=4290MB hwm=4290MB
RSS_SAMPLE t=356.8s rss=4290MB hwm=4290MB
RSS_SAMPLE t=357.1s rss=4290MB hwm=4290MB
RSS_SAMPLE t=357.3s rss=4290MB hwm=4290MB
RSS_SAMPLE t=357.6s rss=4290MB hwm=4290MB
RSS_SAMPLE t=357.8s rss=4290MB hwm=4290MB
RSS_SAMPLE t=358.1s rss=4290MB hwm=4290MB
RSS_SAMPLE t=358.3s rss=4290MB hwm=4290MB
RSS_SAMPLE t=358.6s rss=4290MB hwm=4290MB
RSS_SAMPLE t=358.8s rss=4290MB hwm=4290MB
RSS_SAMPLE t=359.1s rss=4290MB hwm=4290MB
RSS_SAMPLE t=359.3s rss=4290MB hwm=4290MB
RSS_SAMPLE t=359.6s rss=4290MB hwm=4290MB
RSS_SAMPLE t=359.8s rss=4290MB hwm=4290MB
RSS_SAMPLE t=360.1s rss=4290MB hwm=4290MB
RSS_SAMPLE t=360.3s rss=4290MB hwm=4290MB
RSS_SAMPLE t=360.6s rss=4290MB hwm=4290MB
RSS_SAMPLE t=360.8s rss=4291MB hwm=4291MB
RSS_SAMPLE t=361.1s rss=4291MB hwm=4291MB
RSS_SAMPLE t=361.3s rss=4291MB hwm=4291MB
RSS_SAMPLE t=361.6s rss=4291MB hwm=4291MB
RSS_SAMPLE t=361.8s rss=4291MB hwm=4291MB
RSS_SAMPLE t=362.1s rss=4291MB hwm=4291MB
RSS_SAMPLE t=362.3s rss=4291MB hwm=4291MB
RSS_SAMPLE t=362.6s rss=4291MB hwm=4291MB
RSS_SAMPLE t=362.8s rss=4291MB hwm=4291MB
RSS_SAMPLE t=363.1s rss=4291MB hwm=4291MB
RSS_SAMPLE t=363.3s rss=4291MB hwm=4291MB
RSS_SAMPLE t=363.6s rss=4291MB hwm=4291MB
RSS_SAMPLE t=363.8s rss=4291MB hwm=4291MB
RSS_SAMPLE t=364.1s rss=4291MB hwm=4291MB
RSS_SAMPLE t=364.3s rss=4291MB hwm=4291MB
RSS_SAMPLE t=364.6s rss=4291MB hwm=4291MB
RSS_SAMPLE t=364.8s rss=4291MB hwm=4291MB
RSS_SAMPLE t=365.1s rss=4291MB hwm=4291MB
RSS_SAMPLE t=365.3s rss=4291MB hwm=4291MB
RSS_SAMPLE t=365.6s rss=4291MB hwm=4291MB
RSS_SAMPLE t=365.8s rss=4291MB hwm=4291MB
RSS_SAMPLE t=366.1s rss=4291MB hwm=4291MB
RSS_SAMPLE t=366.3s rss=4291MB hwm=4291MB
RSS_SAMPLE t=366.6s rss=4291MB hwm=4291MB
RSS_SAMPLE t=366.8s rss=4291MB hwm=4291MB
RSS_SAMPLE t=367.1s rss=4291MB hwm=4291MB
RSS_SAMPLE t=367.3s rss=4291MB hwm=4291MB
RSS_SAMPLE t=367.6s rss=4291MB hwm=4291MB
RSS_SAMPLE t=367.8s rss=4291MB hwm=4291MB
RSS_SAMPLE t=368.1s rss=4291MB hwm=4291MB
RSS_SAMPLE t=368.3s rss=4291MB hwm=4291MB
RSS_SAMPLE t=368.6s rss=4291MB hwm=4291MB
RSS_SAMPLE t=368.8s rss=4291MB hwm=4291MB
RSS_SAMPLE t=369.1s rss=4291MB hwm=4291MB
RSS_SAMPLE t=369.3s rss=4291MB hwm=4291MB
RSS_SAMPLE t=369.6s rss=4291MB hwm=4291MB
RSS_SAMPLE t=369.8s rss=4291MB hwm=4291MB
RSS_SAMPLE t=370.1s rss=4291MB hwm=4291MB
RSS_SAMPLE t=370.3s rss=4292MB hwm=4292MB
RSS_SAMPLE t=370.6s rss=4292MB hwm=4292MB
RSS_SAMPLE t=370.8s rss=4292MB hwm=4292MB
RSS_SAMPLE t=371.1s rss=4292MB hwm=4292MB
RSS_SAMPLE t=371.3s rss=4292MB hwm=4292MB
RSS_SAMPLE t=371.6s rss=4292MB hwm=4292MB
RSS_SAMPLE t=371.8s rss=4292MB hwm=4292MB
RSS_SAMPLE t=372.1s rss=4292MB hwm=4292MB
RSS_SAMPLE t=372.3s rss=4292MB hwm=4292MB
RSS_SAMPLE t=372.6s rss=4292MB hwm=4292MB
RSS_SAMPLE t=372.8s rss=4292MB hwm=4292MB
RSS_SAMPLE t=373.1s rss=4292MB hwm=4292MB
RSS_SAMPLE t=373.3s rss=4292MB hwm=4292MB
RSS_SAMPLE t=373.6s rss=4292MB hwm=4292MB
RSS_SAMPLE t=373.8s rss=4292MB hwm=4292MB
RSS_SAMPLE t=374.1s rss=4292MB hwm=4292MB
RSS_SAMPLE t=374.3s rss=4292MB hwm=4292MB
RSS_SAMPLE t=374.6s rss=4292MB hwm=4292MB
RSS_SAMPLE t=374.8s rss=4292MB hwm=4292MB
RSS_SAMPLE t=375.1s rss=4292MB hwm=4292MB
RSS_SAMPLE t=375.3s rss=4292MB hwm=4292MB
RSS_SAMPLE t=375.6s rss=4292MB hwm=4292MB
RSS_SAMPLE t=375.8s rss=4292MB hwm=4292MB
RSS_SAMPLE t=376.1s rss=4292MB hwm=4292MB
RSS_SAMPLE t=376.3s rss=4292MB hwm=4292MB
RSS_SAMPLE t=376.6s rss=4292MB hwm=4292MB
RSS_SAMPLE t=376.8s rss=4292MB hwm=4292MB
RSS_SAMPLE t=377.1s rss=4292MB hwm=4292MB
RSS_SAMPLE t=377.3s rss=4292MB hwm=4292MB
RSS_SAMPLE t=377.6s rss=4292MB hwm=4292MB
RSS_SAMPLE t=377.8s rss=4292MB hwm=4292MB
MEM_POOL: workspaces=32 dense_usage_mb=1251 n_pipes=2562403
RSS_SAMPLE t=378.1s rss=4292MB hwm=4292MB
RSS_SAMPLE t=378.3s rss=4292MB hwm=4292MB
RSS_SAMPLE t=378.6s rss=4292MB hwm=4292MB
RSS_SAMPLE t=378.8s rss=4292MB hwm=4292MB
RSS_SAMPLE t=379.1s rss=4292MB hwm=4292MB
RSS_SAMPLE t=379.3s rss=4292MB hwm=4292MB
RSS_SAMPLE t=379.6s rss=4292MB hwm=4292MB
RSS_SAMPLE t=379.8s rss=4292MB hwm=4292MB
RSS_SAMPLE t=380.1s rss=4292MB hwm=4292MB
RSS_SAMPLE t=380.3s rss=4293MB hwm=4293MB
RSS_SAMPLE t=380.6s rss=4293MB hwm=4293MB
RSS_SAMPLE t=380.8s rss=4293MB hwm=4293MB
RSS_SAMPLE t=381.1s rss=4293MB hwm=4293MB
RSS_SAMPLE t=381.3s rss=4293MB hwm=4293MB
RSS_SAMPLE t=381.6s rss=4293MB hwm=4293MB
RSS_SAMPLE t=381.8s rss=4293MB hwm=4293MB
RSS_SAMPLE t=382.1s rss=4293MB hwm=4293MB
RSS_SAMPLE t=382.3s rss=4293MB hwm=4293MB
RSS_SAMPLE t=382.6s rss=4293MB hwm=4293MB
RSS_SAMPLE t=382.8s rss=4293MB hwm=4293MB
RSS_SAMPLE t=383.1s rss=4294MB hwm=4294MB
RSS_SAMPLE t=383.3s rss=4294MB hwm=4294MB
RSS_SAMPLE t=383.6s rss=4294MB hwm=4294MB
RSS_SAMPLE t=383.8s rss=4294MB hwm=4294MB
RSS_SAMPLE t=384.1s rss=4294MB hwm=4294MB
RSS_SAMPLE t=384.3s rss=4294MB hwm=4294MB
RSS_SAMPLE t=384.6s rss=4294MB hwm=4294MB
RSS_SAMPLE t=384.8s rss=4294MB hwm=4294MB
RSS_SAMPLE t=385.1s rss=4295MB hwm=4295MB
RSS_SAMPLE t=385.3s rss=4295MB hwm=4295MB
RSS_SAMPLE t=385.6s rss=4295MB hwm=4295MB
RSS_SAMPLE t=385.8s rss=4295MB hwm=4295MB
RSS_SAMPLE t=386.1s rss=4295MB hwm=4295MB
RSS_SAMPLE t=386.3s rss=4295MB hwm=4295MB
RSS_SAMPLE t=386.6s rss=4295MB hwm=4295MB
RSS_SAMPLE t=386.8s rss=4295MB hwm=4295MB
RSS_SAMPLE t=387.1s rss=4295MB hwm=4295MB
RSS_SAMPLE t=387.3s rss=4295MB hwm=4295MB
RSS_SAMPLE t=387.6s rss=4295MB hwm=4295MB
RSS_SAMPLE t=387.8s rss=4295MB hwm=4295MB
RSS_SAMPLE t=388.1s rss=4295MB hwm=4295MB
RSS_SAMPLE t=388.3s rss=4295MB hwm=4295MB
RSS_SAMPLE t=388.6s rss=4295MB hwm=4295MB
RSS_SAMPLE t=388.8s rss=4295MB hwm=4295MB
RSS_SAMPLE t=389.1s rss=4295MB hwm=4295MB
RSS_SAMPLE t=389.3s rss=4296MB hwm=4296MB
RSS_SAMPLE t=389.6s rss=4296MB hwm=4296MB
RSS_SAMPLE t=389.8s rss=4296MB hwm=4296MB
RSS_SAMPLE t=390.1s rss=4296MB hwm=4296MB
RSS_SAMPLE t=390.3s rss=4296MB hwm=4296MB
RSS_SAMPLE t=390.6s rss=4296MB hwm=4296MB
RSS_SAMPLE t=390.8s rss=4296MB hwm=4296MB
RSS_SAMPLE t=391.1s rss=4296MB hwm=4296MB
RSS_SAMPLE t=391.3s rss=4296MB hwm=4296MB
RSS_SAMPLE t=391.6s rss=4296MB hwm=4296MB
RSS_SAMPLE t=391.9s rss=4296MB hwm=4296MB
RSS_SAMPLE t=392.1s rss=4296MB hwm=4296MB
RSS_SAMPLE t=392.4s rss=4296MB hwm=4296MB
RSS_SAMPLE t=392.6s rss=4296MB hwm=4296MB
RSS_SAMPLE t=392.9s rss=4296MB hwm=4296MB
RSS_SAMPLE t=393.1s rss=4297MB hwm=4297MB
RSS_SAMPLE t=393.4s rss=4297MB hwm=4297MB
RSS_SAMPLE t=393.6s rss=4297MB hwm=4297MB
RSS_SAMPLE t=393.9s rss=4297MB hwm=4297MB
RSS_SAMPLE t=394.1s rss=4297MB hwm=4297MB
RSS_SAMPLE t=394.4s rss=4297MB hwm=4297MB
RSS_SAMPLE t=394.6s rss=4297MB hwm=4297MB
RSS_SAMPLE t=394.9s rss=4297MB hwm=4297MB
RSS_SAMPLE t=395.1s rss=4297MB hwm=4297MB
RSS_SAMPLE t=395.4s rss=4297MB hwm=4297MB
RSS_SAMPLE t=395.6s rss=4298MB hwm=4298MB
RSS_SAMPLE t=395.9s rss=4298MB hwm=4298MB
RSS_SAMPLE t=396.1s rss=4298MB hwm=4298MB
RSS_SAMPLE t=396.4s rss=4298MB hwm=4298MB
RSS_SAMPLE t=396.6s rss=4298MB hwm=4298MB
RSS_SAMPLE t=396.9s rss=4298MB hwm=4298MB
RSS_SAMPLE t=397.1s rss=4298MB hwm=4298MB
RSS_SAMPLE t=397.4s rss=4298MB hwm=4298MB
RSS_SAMPLE t=397.6s rss=4298MB hwm=4298MB
RSS_SAMPLE t=397.9s rss=4299MB hwm=4299MB
RSS_SAMPLE t=398.1s rss=4299MB hwm=4299MB
RSS_SAMPLE t=398.4s rss=4299MB hwm=4299MB
RSS_SAMPLE t=398.6s rss=4299MB hwm=4299MB
RSS_SAMPLE t=398.9s rss=4299MB hwm=4299MB
RSS_SAMPLE t=399.1s rss=4299MB hwm=4299MB
RSS_SAMPLE t=399.4s rss=4299MB hwm=4299MB
RSS_SAMPLE t=399.6s rss=4299MB hwm=4299MB
RSS_SAMPLE t=399.9s rss=4300MB hwm=4300MB
RSS_SAMPLE t=400.1s rss=4300MB hwm=4300MB
RSS_SAMPLE t=400.4s rss=4300MB hwm=4300MB
RSS_SAMPLE t=400.6s rss=4300MB hwm=4300MB
RSS_SAMPLE t=400.9s rss=4301MB hwm=4301MB
RSS_SAMPLE t=401.1s rss=4301MB hwm=4301MB
RSS_SAMPLE t=401.4s rss=4301MB hwm=4301MB
RSS_SAMPLE t=401.6s rss=4301MB hwm=4301MB
RSS_SAMPLE t=401.9s rss=4301MB hwm=4301MB
RSS_SAMPLE t=402.1s rss=4301MB hwm=4301MB
RSS_SAMPLE t=402.4s rss=4301MB hwm=4301MB
RSS_SAMPLE t=402.6s rss=4301MB hwm=4301MB
RSS_SAMPLE t=402.9s rss=4301MB hwm=4301MB
RSS_SAMPLE t=403.1s rss=4301MB hwm=4301MB
RSS_SAMPLE t=403.4s rss=4301MB hwm=4301MB
RSS_SAMPLE t=403.6s rss=4301MB hwm=4301MB
RSS_SAMPLE t=403.9s rss=4301MB hwm=4301MB
RSS_SAMPLE t=404.1s rss=4301MB hwm=4301MB
RSS_SAMPLE t=404.4s rss=4301MB hwm=4301MB
RSS_SAMPLE t=404.6s rss=4301MB hwm=4301MB
RSS_SAMPLE t=404.9s rss=4301MB hwm=4301MB
RSS_SAMPLE t=405.1s rss=4301MB hwm=4301MB
RSS_SAMPLE t=405.4s rss=4301MB hwm=4301MB
RSS_SAMPLE t=405.6s rss=4301MB hwm=4301MB
RSS_SAMPLE t=405.9s rss=4301MB hwm=4301MB
RSS_SAMPLE t=406.1s rss=4301MB hwm=4301MB
RSS_SAMPLE t=406.4s rss=4301MB hwm=4301MB
RSS_SAMPLE t=406.6s rss=4301MB hwm=4301MB
RSS_SAMPLE t=406.9s rss=4301MB hwm=4301MB
RSS_SAMPLE t=407.1s rss=4301MB hwm=4301MB
RSS_SAMPLE t=407.4s rss=4301MB hwm=4301MB
RSS_SAMPLE t=407.6s rss=4301MB hwm=4301MB
RSS_SAMPLE t=407.9s rss=4301MB hwm=4301MB
RSS_SAMPLE t=408.1s rss=4301MB hwm=4301MB
RSS_SAMPLE t=408.4s rss=4301MB hwm=4301MB
RSS_SAMPLE t=408.6s rss=4301MB hwm=4301MB
RSS_SAMPLE t=408.9s rss=4301MB hwm=4301MB
RSS_SAMPLE t=409.1s rss=4301MB hwm=4301MB
RSS_SAMPLE t=409.4s rss=4301MB hwm=4301MB
RSS_SAMPLE t=409.6s rss=4301MB hwm=4301MB
RSS_SAMPLE t=409.9s rss=4301MB hwm=4301MB
RSS_SAMPLE t=410.1s rss=4301MB hwm=4301MB
RSS_SAMPLE t=410.4s rss=4301MB hwm=4301MB
RSS_SAMPLE t=410.6s rss=4301MB hwm=4301MB
RSS_SAMPLE t=410.9s rss=4301MB hwm=4301MB
RSS_SAMPLE t=411.1s rss=4301MB hwm=4301MB
RSS_SAMPLE t=411.4s rss=4301MB hwm=4301MB
RSS_SAMPLE t=411.6s rss=4301MB hwm=4301MB
RSS_SAMPLE t=411.9s rss=4301MB hwm=4301MB
RSS_SAMPLE t=412.1s rss=4301MB hwm=4301MB
RSS_SAMPLE t=412.4s rss=4301MB hwm=4301MB
RSS_SAMPLE t=412.6s rss=4301MB hwm=4301MB
RSS_SAMPLE t=412.9s rss=4301MB hwm=4301MB
RSS_SAMPLE t=413.1s rss=4301MB hwm=4301MB
RSS_SAMPLE t=413.4s rss=4301MB hwm=4301MB
RSS_SAMPLE t=413.6s rss=4301MB hwm=4301MB
RSS_SAMPLE t=413.9s rss=4301MB hwm=4301MB
RSS_SAMPLE t=414.1s rss=4301MB hwm=4301MB
RSS_SAMPLE t=414.4s rss=4301MB hwm=4301MB
RSS_SAMPLE t=414.6s rss=4301MB hwm=4301MB
RSS_SAMPLE t=414.9s rss=4301MB hwm=4301MB
RSS_SAMPLE t=415.1s rss=4301MB hwm=4301MB
RSS_SAMPLE t=415.4s rss=4301MB hwm=4301MB
RSS_SAMPLE t=415.6s rss=4301MB hwm=4301MB
RSS_SAMPLE t=415.9s rss=4301MB hwm=4301MB
RSS_SAMPLE t=416.1s rss=4301MB hwm=4301MB
RSS_SAMPLE t=416.4s rss=4301MB hwm=4301MB
RSS_SAMPLE t=416.6s rss=4301MB hwm=4301MB
RSS_SAMPLE t=416.9s rss=4301MB hwm=4301MB
RSS_SAMPLE t=417.1s rss=4301MB hwm=4301MB
RSS_SAMPLE t=417.4s rss=4301MB hwm=4301MB
RSS_SAMPLE t=417.6s rss=4301MB hwm=4301MB
RSS_SAMPLE t=417.9s rss=4301MB hwm=4301MB
RSS_SAMPLE t=418.1s rss=4301MB hwm=4301MB
RSS_SAMPLE t=418.4s rss=4301MB hwm=4301MB
RSS_SAMPLE t=418.6s rss=4301MB hwm=4301MB
RSS_SAMPLE t=418.9s rss=4301MB hwm=4301MB
RSS_SAMPLE t=419.1s rss=4301MB hwm=4301MB
RSS_SAMPLE t=419.4s rss=4301MB hwm=4301MB
RSS_SAMPLE t=419.6s rss=4301MB hwm=4301MB
RSS_SAMPLE t=419.9s rss=4301MB hwm=4301MB
RSS_SAMPLE t=420.1s rss=4301MB hwm=4301MB
RSS_SAMPLE t=420.4s rss=4301MB hwm=4301MB
RSS_SAMPLE t=420.6s rss=4301MB hwm=4301MB
RSS_SAMPLE t=420.9s rss=4301MB hwm=4301MB
RSS_SAMPLE t=421.1s rss=4301MB hwm=4301MB
RSS_SAMPLE t=421.4s rss=4301MB hwm=4301MB
RSS_SAMPLE t=421.6s rss=4301MB hwm=4301MB
RSS_SAMPLE t=421.9s rss=4301MB hwm=4301MB
RSS_SAMPLE t=422.1s rss=4301MB hwm=4301MB
RSS_SAMPLE t=422.4s rss=4301MB hwm=4301MB
RSS_SAMPLE t=422.6s rss=4301MB hwm=4301MB
RSS_SAMPLE t=422.9s rss=4301MB hwm=4301MB
RSS_SAMPLE t=423.1s rss=4301MB hwm=4301MB
RSS_SAMPLE t=423.4s rss=4301MB hwm=4301MB
RSS_SAMPLE t=423.6s rss=4301MB hwm=4301MB
RSS_SAMPLE t=423.9s rss=4301MB hwm=4301MB
RSS_SAMPLE t=424.1s rss=4301MB hwm=4301MB
RSS_SAMPLE t=424.4s rss=4301MB hwm=4301MB
RSS_SAMPLE t=424.6s rss=4301MB hwm=4301MB
RSS_SAMPLE t=424.9s rss=4301MB hwm=4301MB
RSS_SAMPLE t=425.1s rss=4301MB hwm=4301MB
RSS_SAMPLE t=425.4s rss=4301MB hwm=4301MB
RSS_SAMPLE t=425.6s rss=4301MB hwm=4301MB
RSS_SAMPLE t=425.9s rss=4301MB hwm=4301MB
RSS_SAMPLE t=426.1s rss=4301MB hwm=4301MB
RSS_SAMPLE t=426.4s rss=4301MB hwm=4301MB
RSS_SAMPLE t=426.6s rss=4301MB hwm=4301MB
RSS_SAMPLE t=426.9s rss=4301MB hwm=4301MB
RSS_SAMPLE t=427.1s rss=4301MB hwm=4301MB
RSS_SAMPLE t=427.4s rss=4301MB hwm=4301MB
MEM_POOL: workspaces=32 dense_usage_mb=1251 n_pipes=2562403
    strata[outer=3]: REFRESH slow=52839 fast=52278 slow_energy=42828281773.6
    post_solve_diag[outer=3]: solves=105117 cap_armed=105116 (100.0%) settle_avg=8934 above_sink_avg=103 (1.2%) settle_max=69353
    settle_hist[outer=3]: <100: 34037nets/0.1%work  <1k: 16252nets/0.6%work  <5k: 22521nets/6.4%work  <20k: 13730nets/16.1%work  <60k: 16376nets/61.4%work  >=60k: 2201nets/15.4%work
    fanout_hist[outer=3]: fan1: 43710nets/13.8%work  fan2-4: 48279nets/50.0%work  fan5-16: 12974nets/35.3%work  fan17-64: 154nets/0.8%work  fan65-256: 0nets/0.0%work  fan>256: 0nets/0.0%work
    rss_probe[outer=3]: pre_post_solve=4178MB post_post_solve=4300MB after_apply=4300MB
    E_decomp: base=19626861.4 eff=408827357272160.4 cong=408827337645299.0 cong_share=100.0% sat_pipes=234656 max_util=1955.19  R_buckets: 1-2x=123685 2-10x=8074 10-100x=2693 >=100x=2427951
    E_potential: beckmann=2482790932200594.5 history_total=0.0
    SpanCache: epoch=4 entries=4517 lookups=2562403 hits=2557886 misses=4517 hit_rate=99.8%
  DCD   3: nets=105117 line=17079114 energy=203375537884.328 dE=+79751836442.023 friction=33267135.2 bins=2.0x(1038) excess=350.2 moved=62831 disp=3.780 solves=105117 skip=105117 pops=939086407 theta=1.509 refresh=103006ms dcd=7301ms total=112978ms
    cache_stats: entries=44702832 capacity=78764344 est_mb=681 rss_mb=4301
RSS_SAMPLE t=427.6s rss=4301MB hwm=4315MB
RSS_SAMPLE t=427.9s rss=4301MB hwm=4315MB
RSS_SAMPLE t=428.1s rss=4301MB hwm=4315MB
RSS_SAMPLE t=428.4s rss=4301MB hwm=4315MB
RSS_SAMPLE t=428.6s rss=4301MB hwm=4315MB
RSS_SAMPLE t=428.9s rss=4301MB hwm=4315MB
RSS_SAMPLE t=429.1s rss=4301MB hwm=4315MB
RSS_SAMPLE t=429.4s rss=4301MB hwm=4315MB
RSS_SAMPLE t=429.6s rss=4301MB hwm=4315MB
RSS_SAMPLE t=429.9s rss=4301MB hwm=4315MB
    SwitchMatrix: type_usage_pairs=1917 lookups=4437 hits=2520 dijkstra_calls=1917 avg_us=12.0 total_ms=23.0
PHASE_MARK outer=4 enter=pre_solve rss=4301MB
    rss_probe[outer=4]: pre_refresh_rss=4301MB post_pre_solve_rss=4301MB cache_entries=44702832 cache_cap=78764344 cache_est_mb=681
    pre_solve_diag[outer=4]: solves=0 fallback=0 (0.0%) cap_armed=0 (0.0%) settle_avg=0 settle_max=0 init_count=248
    Overflow: over=216816 (8.5% of used) avg_excess=15.40 max_excess=5460.51 (nc=5484.51 cap=24 span=1)  excess_buckets: <=1=58414 1-5=73543 5-20=60746 >20=24113  by_cap: cap1=64905 cap2=113458 cap3-5=180 cap>5=38273  by_span: s1=1470 s2-3=12531 s4-6=17514 s7-12=117793 s>12=67508  le1_cross: cap1=32018 cap2-5=23095 cap>5=3301
    Congestion: pipes=2562403 used=2562403 congested(>50%)=391061 saturated(>90%)=234656 max_util=1955.19 avg_util=0.5433
PHASE_MARK outer=4 enter=dcd_sweep rss=4301MB
RSS_SAMPLE t=430.1s rss=4301MB hwm=4315MB
RSS_SAMPLE t=430.4s rss=4301MB hwm=4315MB
RSS_SAMPLE t=430.6s rss=4301MB hwm=4315MB
RSS_SAMPLE t=430.9s rss=4301MB hwm=4315MB
RSS_SAMPLE t=431.1s rss=4301MB hwm=4315MB
RSS_SAMPLE t=431.4s rss=4301MB hwm=4315MB
RSS_SAMPLE t=431.6s rss=4301MB hwm=4315MB
RSS_SAMPLE t=431.9s rss=4301MB hwm=4315MB
RSS_SAMPLE t=432.1s rss=4301MB hwm=4315MB
RSS_SAMPLE t=432.4s rss=4301MB hwm=4315MB
RSS_SAMPLE t=432.6s rss=4301MB hwm=4315MB
RSS_SAMPLE t=432.9s rss=4301MB hwm=4315MB
RSS_SAMPLE t=433.1s rss=4301MB hwm=4315MB
RSS_SAMPLE t=433.4s rss=4301MB hwm=4315MB
RSS_SAMPLE t=433.6s rss=4301MB hwm=4315MB
RSS_SAMPLE t=433.9s rss=4301MB hwm=4315MB
RSS_SAMPLE t=434.1s rss=4301MB hwm=4315MB
RSS_SAMPLE t=434.4s rss=4301MB hwm=4315MB
RSS_SAMPLE t=434.6s rss=4301MB hwm=4315MB
RSS_SAMPLE t=434.9s rss=4301MB hwm=4315MB
RSS_SAMPLE t=435.1s rss=4301MB hwm=4315MB
RSS_SAMPLE t=435.4s rss=4301MB hwm=4315MB
RSS_SAMPLE t=435.6s rss=4301MB hwm=4315MB
RSS_SAMPLE t=435.9s rss=4301MB hwm=4315MB
RSS_SAMPLE t=436.1s rss=4301MB hwm=4315MB
RSS_SAMPLE t=436.4s rss=4301MB hwm=4315MB
RSS_SAMPLE t=436.6s rss=4301MB hwm=4315MB
RSS_SAMPLE t=436.9s rss=4301MB hwm=4315MB
RSS_SAMPLE t=437.1s rss=4301MB hwm=4315MB
PHASE_MARK outer=4 leave=dcd_sweep rss=4301MB
PHASE_MARK outer=4 enter=post_refresh rss=4301MB
RSS_SAMPLE t=437.4s rss=4303MB hwm=4315MB
RSS_SAMPLE t=437.6s rss=4303MB hwm=4315MB
RSS_SAMPLE t=437.9s rss=4303MB hwm=4315MB
RSS_SAMPLE t=438.1s rss=4303MB hwm=4315MB
RSS_SAMPLE t=438.4s rss=4303MB hwm=4315MB
RSS_SAMPLE t=438.6s rss=4303MB hwm=4315MB
RSS_SAMPLE t=438.9s rss=4303MB hwm=4315MB
RSS_SAMPLE t=439.1s rss=4303MB hwm=4315MB
RSS_SAMPLE t=439.4s rss=4303MB hwm=4315MB
RSS_SAMPLE t=439.6s rss=4303MB hwm=4315MB
RSS_SAMPLE t=439.9s rss=4303MB hwm=4315MB
RSS_SAMPLE t=440.1s rss=4322MB hwm=4322MB
MEM_POOL: workspaces=32 dense_usage_mb=1251 n_pipes=2562403
    strata[outer=4]: carry slow_energy=42828281773.6
    post_solve_diag[outer=4]: solves=53631 cap_armed=53432 (99.6%) settle_avg=209 above_sink_avg=9 (4.4%) settle_max=3253
    settle_hist[outer=4]: <100: 32893nets/4.8%work  <1k: 17652nets/57.5%work  <5k: 3086nets/37.7%work  <20k: 0nets/0.0%work  <60k: 0nets/0.0%work  >=60k: 0nets/0.0%work
    fanout_hist[outer=4]: fan1: 33139nets/40.2%work  fan2-4: 19335nets/53.4%work  fan5-16: 1157nets/6.4%work  fan17-64: 0nets/0.0%work  fan65-256: 0nets/0.0%work  fan>256: 0nets/0.0%work
    rss_probe[outer=4]: pre_post_solve=4303MB post_post_solve=4322MB after_apply=4322MB
    E_decomp: base=14512974.7 eff=11627284942745208.0 cong=11627284928232234.0 cong_share=100.0% sat_pipes=142462 max_util=1781.57  R_buckets: 1-2x=68678 2-10x=12314 10-100x=26712 >=100x=2454699
    E_potential: beckmann=1777668339301710.5 history_total=0.0
    SpanCache: epoch=5 entries=4437 lookups=2562403 hits=2557966 misses=4437 hit_rate=99.8%
  DCD   4: nets=105117 line=16869289 energy=133745732522.161 dE=-69629805362.167 friction=29313102.4 bins=2.0x(894) excess=357.0 moved=65808 disp=11.130 solves=53631 skip=105117 pops=11234789 theta=2.746 refresh=2897ms dcd=7285ms total=12661ms
    cache_stats: entries=44786447 capacity=78408026 est_mb=678 rss_mb=4323
RSS_SAMPLE t=440.4s rss=4323MB hwm=4323MB
RSS_SAMPLE t=440.6s rss=4323MB hwm=4323MB
RSS_SAMPLE t=440.9s rss=4323MB hwm=4323MB
RSS_SAMPLE t=441.1s rss=4323MB hwm=4323MB
RSS_SAMPLE t=441.4s rss=4323MB hwm=4323MB
RSS_SAMPLE t=441.6s rss=4323MB hwm=4323MB
RSS_SAMPLE t=441.9s rss=4323MB hwm=4323MB
RSS_SAMPLE t=442.1s rss=4323MB hwm=4323MB
RSS_SAMPLE t=442.4s rss=4323MB hwm=4323MB
RSS_SAMPLE t=442.6s rss=4323MB hwm=4323MB
    SwitchMatrix: type_usage_pairs=1706 lookups=3641 hits=1935 dijkstra_calls=1706 avg_us=11.8 total_ms=20.1
PHASE_MARK outer=5 enter=pre_solve rss=4323MB
    rss_probe[outer=5]: pre_refresh_rss=4323MB post_pre_solve_rss=4323MB cache_entries=44786447 cache_cap=78408026 cache_est_mb=678
    pre_solve_diag[outer=5]: solves=0 fallback=0 (0.0%) cap_armed=0 (0.0%) settle_avg=0 settle_max=0 init_count=245
    Overflow: over=130530 (5.1% of used) avg_excess=22.89 max_excess=4717.57 (nc=4741.57 cap=24 span=1)  excess_buckets: <=1=36305 1-5=27449 5-20=43912 >20=22864  by_cap: cap1=33185 cap2=79483 cap3-5=33 cap>5=17829  by_span: s1=619 s2-3=11023 s4-6=5752 s7-12=79436 s>12=33700  le1_cross: cap1=23202 cap2-5=11282 cap>5=1821
    Congestion: pipes=2562403 used=2562403 congested(>50%)=237807 saturated(>90%)=142462 max_util=1781.57 avg_util=0.4005
PHASE_MARK outer=5 enter=dcd_sweep rss=4323MB
RSS_SAMPLE t=442.9s rss=4323MB hwm=4323MB
RSS_SAMPLE t=443.1s rss=4323MB hwm=4323MB
RSS_SAMPLE t=443.4s rss=4323MB hwm=4323MB
RSS_SAMPLE t=443.6s rss=4323MB hwm=4323MB
RSS_SAMPLE t=443.9s rss=4323MB hwm=4323MB
RSS_SAMPLE t=444.1s rss=4323MB hwm=4323MB
RSS_SAMPLE t=444.4s rss=4323MB hwm=4323MB
RSS_SAMPLE t=444.6s rss=4323MB hwm=4323MB
RSS_SAMPLE t=444.9s rss=4323MB hwm=4323MB
RSS_SAMPLE t=445.1s rss=4323MB hwm=4323MB
RSS_SAMPLE t=445.4s rss=4323MB hwm=4323MB
RSS_SAMPLE t=445.6s rss=4323MB hwm=4323MB
RSS_SAMPLE t=445.9s rss=4323MB hwm=4323MB
RSS_SAMPLE t=446.1s rss=4323MB hwm=4323MB
RSS_SAMPLE t=446.4s rss=4323MB hwm=4323MB
RSS_SAMPLE t=446.6s rss=4323MB hwm=4323MB
RSS_SAMPLE t=446.9s rss=4323MB hwm=4323MB
RSS_SAMPLE t=447.1s rss=4323MB hwm=4323MB
RSS_SAMPLE t=447.4s rss=4323MB hwm=4323MB
RSS_SAMPLE t=447.6s rss=4323MB hwm=4323MB
RSS_SAMPLE t=447.9s rss=4323MB hwm=4323MB
RSS_SAMPLE t=448.1s rss=4323MB hwm=4323MB
RSS_SAMPLE t=448.4s rss=4323MB hwm=4323MB
RSS_SAMPLE t=448.6s rss=4323MB hwm=4323MB
RSS_SAMPLE t=448.9s rss=4323MB hwm=4323MB
RSS_SAMPLE t=449.1s rss=4323MB hwm=4323MB
RSS_SAMPLE t=449.4s rss=4323MB hwm=4323MB
RSS_SAMPLE t=449.6s rss=4323MB hwm=4323MB
RSS_SAMPLE t=449.9s rss=4323MB hwm=4323MB
RSS_SAMPLE t=450.1s rss=4323MB hwm=4323MB
PHASE_MARK outer=5 leave=dcd_sweep rss=4323MB
PHASE_MARK outer=5 enter=post_refresh rss=4323MB
RSS_SAMPLE t=450.4s rss=4324MB hwm=4324MB
RSS_SAMPLE t=450.6s rss=4324MB hwm=4324MB
RSS_SAMPLE t=450.9s rss=4324MB hwm=4324MB
RSS_SAMPLE t=451.1s rss=4324MB hwm=4324MB
RSS_SAMPLE t=451.4s rss=4324MB hwm=4324MB
RSS_SAMPLE t=451.6s rss=4324MB hwm=4324MB
RSS_SAMPLE t=451.9s rss=4324MB hwm=4324MB
RSS_SAMPLE t=452.1s rss=4324MB hwm=4324MB
RSS_SAMPLE t=452.4s rss=4324MB hwm=4324MB
RSS_SAMPLE t=452.6s rss=4324MB hwm=4324MB
RSS_SAMPLE t=452.9s rss=4324MB hwm=4324MB
MEM_POOL: workspaces=32 dense_usage_mb=1251 n_pipes=2562403
    strata[outer=5]: carry slow_energy=42828281773.6
    post_solve_diag[outer=5]: solves=53698 cap_armed=51584 (96.1%) settle_avg=182 above_sink_avg=19 (10.4%) settle_max=3044
    settle_hist[outer=5]: <100: 35593nets/5.2%work  <1k: 15593nets/59.6%work  <5k: 2512nets/35.2%work  <20k: 0nets/0.0%work  <60k: 0nets/0.0%work  >=60k: 0nets/0.0%work
    fanout_hist[outer=5]: fan1: 33125nets/39.6%work  fan2-4: 19393nets/54.1%work  fan5-16: 1180nets/6.3%work  fan17-64: 0nets/0.0%work  fan65-256: 0nets/0.0%work  fan>256: 0nets/0.0%work
    rss_probe[outer=5]: pre_post_solve=4324MB post_post_solve=4324MB after_apply=4324MB
    E_decomp: base=11865459.1 eff=8597384429393152.0 cong=8597384417527693.0 cong_share=100.0% sat_pipes=92728 max_util=1694.76  R_buckets: 1-2x=69418 2-10x=11906 10-100x=26746 >=100x=2454333
    E_potential: beckmann=1502907718065526.8 history_total=0.0
    SpanCache: epoch=6 entries=3641 lookups=2562403 hits=2558762 misses=3641 hit_rate=99.9%
  DCD   5: nets=105117 line=16777868 energy=72509164093.513 dE=-61236568428.648 friction=27348215.7 bins=2.0x(888) excess=319.7 moved=64543 disp=4.305 solves=53698 skip=105117 pops=9784962 theta=5.000 refresh=2819ms dcd=7300ms total=12725ms
    cache_stats: entries=43833951 capacity=77128340 est_mb=667 rss_mb=4324
DCD done: energy=72509164093.513 line=16777868 friction=27348215.7 bins=2.0x(888) excess=319.7
MuxSlotTracker: 42895 commit rejections over entire DCD
MuxSlotTracker[post-DCD]: populated_cells=66955, overflow_tiles=0, at_cap_tiles=736, peak_excess=0, capacity_hist={16:67346}
RSS_SAMPLE t=453.1s rss=3327MB hwm=4319MB
Pre-legalization: HPWL=13362055
  type DFF: 302 valid columns, 1077536 total BELs
  type LUT6: 302 valid columns, 538768 total BELs
TypeAwarePlacement: 2 cell types
RSS_SAMPLE t=453.4s rss=2463MB hwm=4319MB
RSS_SAMPLE t=453.6s rss=2463MB hwm=4319MB
RSS_SAMPLE t=453.9s rss=2463MB hwm=4319MB
RSS_SAMPLE t=454.1s rss=2463MB hwm=4319MB
RSS_SAMPLE t=454.4s rss=2463MB hwm=4319MB
RSS_SAMPLE t=454.6s rss=2463MB hwm=4319MB
RSS_SAMPLE t=454.9s rss=2463MB hwm=4319MB
RSS_SAMPLE t=455.1s rss=2463MB hwm=4319MB
RSS_SAMPLE t=455.4s rss=2463MB hwm=4319MB
RSS_SAMPLE t=455.6s rss=2463MB hwm=4319MB
RSS_SAMPLE t=455.9s rss=2463MB hwm=4319MB
RSS_SAMPLE t=456.1s rss=2463MB hwm=4319MB
RSS_SAMPLE t=456.4s rss=2463MB hwm=4319MB
RSS_SAMPLE t=456.6s rss=2463MB hwm=4319MB
RSS_SAMPLE t=456.9s rss=2463MB hwm=4319MB
RSS_SAMPLE t=457.1s rss=2463MB hwm=4319MB
RSS_SAMPLE t=457.4s rss=2463MB hwm=4319MB
RSS_SAMPLE t=457.6s rss=2463MB hwm=4319MB
RSS_SAMPLE t=457.9s rss=2463MB hwm=4319MB
RSS_SAMPLE t=458.1s rss=2463MB hwm=4319MB
RSS_SAMPLE t=458.4s rss=2463MB hwm=4319MB
RSS_SAMPLE t=458.6s rss=2463MB hwm=4319MB
  SortedLegalizer: cluster_rejects=468706 shared_mux_rejects=17101345 arch_validity_rejects=0
RSS_SAMPLE t=458.9s rss=2423MB hwm=4319MB
Post-legalization: HPWL=13121420, line=16745930
Per-net HPWL: 105118 nets, total=13121420
  #0: hpwl=531 fanout=93000 (0.0%)
  #1: hpwl=526 fanout=5 (0.0%)
  #2: hpwl=526 fanout=23 (0.0%)
  #3: hpwl=523 fanout=7 (0.0%)
  #4: hpwl=522 fanout=13 (0.0%)
  #5: hpwl=522 fanout=12 (0.0%)
  #6: hpwl=522 fanout=10 (0.0%)
  #7: hpwl=522 fanout=21 (0.0%)
  #8: hpwl=521 fanout=9 (0.0%)
  #9: hpwl=521 fanout=12 (0.0%)
  50% of HPWL from top 16683 nets (of 105118)
