Running scope as unit: run-r2e9329e0c5ef4eb6a905478a6b5b94fb.scope
chipdb: /home/kelvin/side-project/eisenjoch/chip_database/xc7_large.bin
design: /home/kelvin/side-project/eisenjoch/benchmark/ispd/generated/2016/FPGA01/FPGA01.json
RSS_SAMPLE t=0.0s rss=3MB hwm=3MB
RSS_SAMPLE t=0.3s rss=438MB hwm=438MB
RSS_SAMPLE t=0.5s rss=712MB hwm=712MB
RSS_SAMPLE t=0.8s rss=803MB hwm=803MB
RSS_SAMPLE t=1.0s rss=819MB hwm=824MB
RSS_SAMPLE t=1.3s rss=819MB hwm=824MB
RSS_SAMPLE t=1.5s rss=819MB hwm=824MB
cfg: max_outer_iters=6 blend_alpha=0.5 hardening_step=0 graph_model=TwoLevelPip
RSS_SAMPLE t=1.8s rss=821MB hwm=824MB
  topological compress: density=0.60 target_tiles=15971 final_tiles=15777 scale=1.851 center=(205.1,111.0)
  topological init: n_movable=76660, n_edges=229053, max_layer=26775, back_edges=54022, n_anchored=0
RSS_SAMPLE t=2.0s rss=821MB hwm=824MB
RSS_SAMPLE t=2.3s rss=821MB hwm=824MB
RSS_SAMPLE t=2.5s rss=821MB hwm=824MB
RSS_SAMPLE t=2.8s rss=821MB hwm=824MB
RSS_SAMPLE t=3.0s rss=821MB hwm=824MB
RSS_SAMPLE t=3.3s rss=821MB hwm=824MB
RSS_SAMPLE t=3.5s rss=821MB hwm=824MB
RSS_SAMPLE t=3.8s rss=821MB hwm=824MB
RSS_SAMPLE t=4.0s rss=821MB hwm=824MB
RSS_SAMPLE t=4.3s rss=821MB hwm=824MB
RSS_SAMPLE t=4.5s rss=821MB hwm=824MB
RSS_SAMPLE t=4.8s rss=821MB hwm=824MB
RSS_SAMPLE t=5.0s rss=821MB hwm=824MB
RSS_SAMPLE t=5.3s rss=821MB hwm=824MB
RSS_SAMPLE t=5.5s rss=821MB hwm=824MB
RSS_SAMPLE t=5.8s rss=821MB hwm=824MB
RSS_SAMPLE t=6.0s rss=821MB hwm=824MB
RSS_SAMPLE t=6.3s rss=821MB hwm=824MB
RSS_SAMPLE t=6.5s rss=821MB hwm=824MB
RSS_SAMPLE t=6.8s rss=821MB hwm=824MB
RSS_SAMPLE t=7.0s rss=821MB hwm=824MB
RSS_SAMPLE t=7.3s rss=821MB hwm=824MB
RSS_SAMPLE t=7.5s rss=821MB hwm=824MB
RSS_SAMPLE t=7.8s rss=821MB hwm=824MB
RSS_SAMPLE t=8.0s rss=821MB hwm=824MB
RSS_SAMPLE t=8.3s rss=821MB hwm=824MB
RSS_SAMPLE t=8.5s rss=821MB hwm=824MB
RSS_SAMPLE t=8.8s rss=821MB hwm=824MB
RSS_SAMPLE t=9.0s rss=821MB hwm=824MB
RSS_SAMPLE t=9.3s rss=821MB hwm=824MB
RSS_SAMPLE t=9.5s rss=821MB hwm=824MB
RSS_SAMPLE t=9.8s rss=821MB hwm=824MB
RSS_SAMPLE t=10.0s rss=821MB hwm=824MB
RSS_SAMPLE t=10.3s rss=821MB hwm=824MB
RSS_SAMPLE t=10.5s rss=821MB hwm=824MB
RSS_SAMPLE t=10.8s rss=821MB hwm=824MB
RSS_SAMPLE t=11.0s rss=821MB hwm=824MB
RSS_SAMPLE t=11.3s rss=821MB hwm=824MB
RSS_SAMPLE t=11.5s rss=821MB hwm=824MB
RSS_SAMPLE t=11.8s rss=821MB hwm=824MB
RSS_SAMPLE t=12.0s rss=821MB hwm=824MB
RSS_SAMPLE t=12.3s rss=821MB hwm=824MB
RSS_SAMPLE t=12.5s rss=821MB hwm=824MB
RSS_SAMPLE t=12.8s rss=821MB hwm=824MB
RSS_SAMPLE t=13.0s rss=821MB hwm=824MB
RSS_SAMPLE t=13.3s rss=821MB hwm=824MB
RSS_SAMPLE t=13.5s rss=821MB hwm=824MB
RSS_SAMPLE t=13.8s rss=821MB hwm=824MB
RSS_SAMPLE t=14.0s rss=821MB hwm=824MB
RSS_SAMPLE t=14.3s rss=821MB hwm=824MB
RSS_SAMPLE t=14.5s rss=821MB hwm=824MB
RSS_SAMPLE t=14.8s rss=821MB hwm=824MB
RSS_SAMPLE t=15.0s rss=821MB hwm=824MB
RSS_SAMPLE t=15.3s rss=821MB hwm=824MB
RSS_SAMPLE t=15.5s rss=821MB hwm=824MB
RSS_SAMPLE t=15.8s rss=821MB hwm=824MB
RSS_SAMPLE t=16.0s rss=821MB hwm=824MB
RSS_SAMPLE t=16.3s rss=821MB hwm=824MB
RSS_SAMPLE t=16.5s rss=821MB hwm=824MB
RSS_SAMPLE t=16.8s rss=821MB hwm=824MB
RSS_SAMPLE t=17.0s rss=821MB hwm=824MB
RSS_SAMPLE t=17.3s rss=821MB hwm=824MB
RSS_SAMPLE t=17.5s rss=821MB hwm=824MB
RSS_SAMPLE t=17.8s rss=821MB hwm=824MB
RSS_SAMPLE t=18.0s rss=821MB hwm=824MB
RSS_SAMPLE t=18.3s rss=821MB hwm=824MB
RSS_SAMPLE t=18.5s rss=821MB hwm=824MB
RSS_SAMPLE t=18.8s rss=821MB hwm=824MB
RSS_SAMPLE t=19.0s rss=821MB hwm=824MB
RSS_SAMPLE t=19.3s rss=821MB hwm=824MB
RSS_SAMPLE t=19.5s rss=821MB hwm=824MB
RSS_SAMPLE t=19.8s rss=821MB hwm=824MB
RSS_SAMPLE t=20.0s rss=821MB hwm=824MB
RSS_SAMPLE t=20.3s rss=821MB hwm=824MB
RSS_SAMPLE t=20.5s rss=821MB hwm=824MB
RSS_SAMPLE t=20.8s rss=821MB hwm=824MB
RSS_SAMPLE t=21.0s rss=821MB hwm=824MB
RSS_SAMPLE t=21.3s rss=821MB hwm=824MB
RSS_SAMPLE t=21.5s rss=821MB hwm=824MB
RSS_SAMPLE t=21.8s rss=821MB hwm=824MB
RSS_SAMPLE t=22.0s rss=821MB hwm=824MB
RSS_SAMPLE t=22.3s rss=821MB hwm=824MB
RSS_SAMPLE t=22.5s rss=821MB hwm=824MB
RSS_SAMPLE t=22.8s rss=821MB hwm=824MB
RSS_SAMPLE t=23.0s rss=821MB hwm=824MB
RSS_SAMPLE t=23.3s rss=821MB hwm=824MB
RSS_SAMPLE t=23.5s rss=821MB hwm=824MB
RSS_SAMPLE t=23.8s rss=821MB hwm=824MB
RSS_SAMPLE t=24.0s rss=821MB hwm=824MB
RSS_SAMPLE t=24.3s rss=821MB hwm=824MB
RSS_SAMPLE t=24.5s rss=821MB hwm=824MB
RSS_SAMPLE t=24.8s rss=821MB hwm=824MB
RSS_SAMPLE t=25.0s rss=821MB hwm=824MB
RSS_SAMPLE t=25.3s rss=821MB hwm=824MB
RSS_SAMPLE t=25.5s rss=821MB hwm=824MB
RSS_SAMPLE t=25.8s rss=821MB hwm=824MB
RSS_SAMPLE t=26.0s rss=821MB hwm=824MB
RSS_SAMPLE t=26.3s rss=821MB hwm=824MB
RSS_SAMPLE t=26.5s rss=821MB hwm=824MB
RSS_SAMPLE t=26.8s rss=821MB hwm=824MB
RSS_SAMPLE t=27.0s rss=821MB hwm=824MB
RSS_SAMPLE t=27.3s rss=821MB hwm=824MB
RSS_SAMPLE t=27.5s rss=821MB hwm=824MB
RSS_SAMPLE t=27.8s rss=821MB hwm=824MB
RSS_SAMPLE t=28.0s rss=821MB hwm=824MB
RSS_SAMPLE t=28.3s rss=821MB hwm=824MB
RSS_SAMPLE t=28.5s rss=821MB hwm=824MB
RSS_SAMPLE t=28.8s rss=821MB hwm=824MB
RSS_SAMPLE t=29.0s rss=821MB hwm=824MB
RSS_SAMPLE t=29.3s rss=821MB hwm=824MB
RSS_SAMPLE t=29.5s rss=821MB hwm=824MB
RSS_SAMPLE t=29.8s rss=821MB hwm=824MB
RSS_SAMPLE t=30.0s rss=821MB hwm=824MB
RSS_SAMPLE t=30.3s rss=821MB hwm=824MB
RSS_SAMPLE t=30.5s rss=821MB hwm=824MB
RSS_SAMPLE t=30.8s rss=821MB hwm=824MB
RSS_SAMPLE t=31.0s rss=821MB hwm=824MB
RSS_SAMPLE t=31.3s rss=821MB hwm=824MB
RSS_SAMPLE t=31.5s rss=821MB hwm=824MB
RSS_SAMPLE t=31.8s rss=821MB hwm=824MB
RSS_SAMPLE t=32.0s rss=821MB hwm=824MB
RSS_SAMPLE t=32.3s rss=821MB hwm=824MB
RSS_SAMPLE t=32.5s rss=821MB hwm=824MB
RSS_SAMPLE t=32.8s rss=821MB hwm=824MB
RSS_SAMPLE t=33.0s rss=821MB hwm=824MB
RSS_SAMPLE t=33.3s rss=821MB hwm=824MB
RSS_SAMPLE t=33.5s rss=821MB hwm=824MB
RSS_SAMPLE t=33.8s rss=821MB hwm=824MB
RSS_SAMPLE t=34.0s rss=821MB hwm=824MB
RSS_SAMPLE t=34.3s rss=821MB hwm=824MB
RSS_SAMPLE t=34.5s rss=821MB hwm=824MB
RSS_SAMPLE t=34.8s rss=821MB hwm=824MB
RSS_SAMPLE t=35.0s rss=821MB hwm=824MB
RSS_SAMPLE t=35.3s rss=821MB hwm=824MB
RSS_SAMPLE t=35.5s rss=821MB hwm=824MB
RSS_SAMPLE t=35.8s rss=821MB hwm=824MB
RSS_SAMPLE t=36.0s rss=821MB hwm=824MB
RSS_SAMPLE t=36.3s rss=821MB hwm=824MB
RSS_SAMPLE t=36.5s rss=821MB hwm=824MB
RSS_SAMPLE t=36.8s rss=821MB hwm=824MB
RSS_SAMPLE t=37.0s rss=821MB hwm=824MB
RSS_SAMPLE t=37.3s rss=821MB hwm=824MB
RSS_SAMPLE t=37.5s rss=821MB hwm=824MB
RSS_SAMPLE t=37.8s rss=821MB hwm=824MB
RSS_SAMPLE t=38.0s rss=821MB hwm=824MB
RSS_SAMPLE t=38.3s rss=821MB hwm=824MB
RSS_SAMPLE t=38.5s rss=821MB hwm=824MB
RSS_SAMPLE t=38.8s rss=821MB hwm=824MB
RSS_SAMPLE t=39.0s rss=821MB hwm=824MB
RSS_SAMPLE t=39.3s rss=821MB hwm=824MB
RSS_SAMPLE t=39.5s rss=821MB hwm=824MB
RSS_SAMPLE t=39.8s rss=821MB hwm=824MB
RSS_SAMPLE t=40.0s rss=821MB hwm=824MB
RSS_SAMPLE t=40.3s rss=821MB hwm=824MB
RSS_SAMPLE t=40.5s rss=821MB hwm=824MB
RSS_SAMPLE t=40.8s rss=821MB hwm=824MB
RSS_SAMPLE t=41.0s rss=821MB hwm=824MB
RSS_SAMPLE t=41.3s rss=821MB hwm=824MB
RSS_SAMPLE t=41.5s rss=821MB hwm=824MB
RSS_SAMPLE t=41.8s rss=821MB hwm=824MB
RSS_SAMPLE t=42.0s rss=821MB hwm=824MB
RSS_SAMPLE t=42.3s rss=821MB hwm=824MB
RSS_SAMPLE t=42.5s rss=821MB hwm=824MB
RSS_SAMPLE t=42.8s rss=821MB hwm=824MB
RSS_SAMPLE t=43.0s rss=821MB hwm=824MB
RSS_SAMPLE t=43.3s rss=821MB hwm=824MB
RSS_SAMPLE t=43.5s rss=821MB hwm=824MB
RSS_SAMPLE t=43.8s rss=821MB hwm=824MB
RSS_SAMPLE t=44.0s rss=821MB hwm=824MB
RSS_SAMPLE t=44.3s rss=821MB hwm=824MB
RSS_SAMPLE t=44.5s rss=821MB hwm=824MB
RSS_SAMPLE t=44.8s rss=821MB hwm=824MB
RSS_SAMPLE t=45.0s rss=821MB hwm=824MB
RSS_SAMPLE t=45.3s rss=821MB hwm=824MB
RSS_SAMPLE t=45.5s rss=821MB hwm=824MB
RSS_SAMPLE t=45.8s rss=821MB hwm=824MB
RSS_SAMPLE t=46.0s rss=821MB hwm=824MB
RSS_SAMPLE t=46.3s rss=821MB hwm=824MB
RSS_SAMPLE t=46.5s rss=821MB hwm=824MB
RSS_SAMPLE t=46.8s rss=821MB hwm=824MB
RSS_SAMPLE t=47.0s rss=821MB hwm=824MB
RSS_SAMPLE t=47.3s rss=821MB hwm=824MB
RSS_SAMPLE t=47.5s rss=821MB hwm=824MB
RSS_SAMPLE t=47.8s rss=821MB hwm=824MB
RSS_SAMPLE t=48.0s rss=821MB hwm=824MB
RSS_SAMPLE t=48.3s rss=821MB hwm=824MB
RSS_SAMPLE t=48.5s rss=821MB hwm=824MB
RSS_SAMPLE t=48.8s rss=821MB hwm=824MB
RSS_SAMPLE t=49.0s rss=821MB hwm=824MB
RSS_SAMPLE t=49.3s rss=821MB hwm=824MB
RSS_SAMPLE t=49.5s rss=821MB hwm=824MB
RSS_SAMPLE t=49.8s rss=821MB hwm=824MB
RSS_SAMPLE t=50.0s rss=821MB hwm=824MB
RSS_SAMPLE t=50.3s rss=821MB hwm=824MB
RSS_SAMPLE t=50.5s rss=821MB hwm=824MB
RSS_SAMPLE t=50.8s rss=821MB hwm=824MB
RSS_SAMPLE t=51.0s rss=821MB hwm=824MB
RSS_SAMPLE t=51.3s rss=821MB hwm=824MB
RSS_SAMPLE t=51.5s rss=821MB hwm=824MB
RSS_SAMPLE t=51.8s rss=821MB hwm=824MB
RSS_SAMPLE t=52.0s rss=821MB hwm=824MB
RSS_SAMPLE t=52.3s rss=821MB hwm=824MB
RSS_SAMPLE t=52.5s rss=821MB hwm=824MB
RSS_SAMPLE t=52.8s rss=821MB hwm=824MB
RSS_SAMPLE t=53.0s rss=821MB hwm=824MB
RSS_SAMPLE t=53.3s rss=821MB hwm=824MB
RSS_SAMPLE t=53.5s rss=821MB hwm=824MB
RSS_SAMPLE t=53.8s rss=821MB hwm=824MB
RSS_SAMPLE t=54.0s rss=821MB hwm=824MB
RSS_SAMPLE t=54.3s rss=821MB hwm=824MB
RSS_SAMPLE t=54.5s rss=865MB hwm=865MB
RSS_SAMPLE t=54.8s rss=908MB hwm=908MB
RSS_SAMPLE t=55.0s rss=933MB hwm=933MB
RSS_SAMPLE t=55.3s rss=934MB hwm=934MB
RSS_SAMPLE t=55.5s rss=934MB hwm=934MB
RSS_SAMPLE t=55.8s rss=934MB hwm=934MB
RSS_SAMPLE t=56.0s rss=934MB hwm=934MB
RSS_SAMPLE t=56.3s rss=934MB hwm=934MB
  Skipped truly-null coarse cells: 0 (of 69353 total); pruned pipes: src_null=0 dst_null=0
  Pipe capacity by span:
    span=  1: 138172 pipes, cap min=1 avg=134.5 max=432
    span=  2: 136455 pipes, cap min=2 avg=50.7 max=118
    span=  3: 135619 pipes, cap min=2 avg=26.1 max=52
    span=  4: 136319 pipes, cap min=2 avg=22.7 max=140
    span=  5: 135918 pipes, cap min=2 avg=66.1 max=124
    span=  6: 201217 pipes, cap min=2 avg=15.2 max=28
    span=  7: 200933 pipes, cap min=1 avg=7.3 max=20
    span=  8: 132748 pipes, cap min=2 avg=6.0 max=10
    span=  9: 130848 pipes, cap min=2 avg=6.0 max=10
    span= 10: 131090 pipes, cap min=2 avg=2.2 max=31
    span= 11: 129628 pipes, cap min=2 avg=2.0 max=4
    span= 12: 129018 pipes, cap min=2 avg=2.0 max=4
    span= 13: 128408 pipes, cap min=1 avg=1.5 max=4
    span= 14: 127798 pipes, cap min=1 avg=1.0 max=2
    span= 15: 127188 pipes, cap min=1 avg=1.0 max=2
    span= 16: 126578 pipes, cap min=1 avg=1.0 max=2
    span= 17: 125968 pipes, cap min=1 avg=1.0 max=2
    span= 18: 125358 pipes, cap min=1 avg=1.0 max=2
    span= 19: 63140 pipes, cap min=1 avg=1.0 max=2
  Thin span-1 pipes (cap<=2): 222 total, by tile-type pair (top 20):
    NULL <-> NULL: 220
    CLK_BUFG <-> NULL: 2
  Pipe cost: span^0.50 model (r1=1), span-1=1.000, span-12=3.464, 2×span-6=4.899, 12×span-1=12.000
RSS_SAMPLE t=56.5s rss=988MB hwm=988MB
  topological compress: density=0.60 target_tiles=15971 final_tiles=15777 scale=1.851 center=(205.1,111.0)
  topological init: n_movable=76660, n_edges=229053, max_layer=26775, back_edges=54022, n_anchored=0
  type DFF: 302 valid columns, 1077536 total BELs
  type LUT6: 302 valid columns, 538768 total BELs
TypeAwarePlacement: 2 cell types
Coordinate descent mode: 76660 cells, scale 1.00
CellValidityMask: 76660 cells, 311x223 grid, 2 bucket masks, per-cell valid positions: min=67346 avg=67346.0 max=67346, unmapped cells=0
MuxSlotTracker: 76660 cells (76660 with external fanout), 67346 tiles, total_cap=1077536, active_buckets=[DFF,LUT6], built in 69.4ms
MuxSlotTracker[post-seed]: populated_cells=27114, overflow_tiles=518, at_cap_tiles=50, peak_excess=41, capacity_hist={16:67346}
DCD placer: 76660 cells, 69353 nodes, outer_iters=6, dcd_iters_per_cell=8, graph_model=TwoLevelPip
MEM_STATIC: pipes=352MB nodes=1MB adjacency=78MB pipe_cost_vecs=59MB validity_mask=0MB n_pipes=2562403 n_edges=5124806 rss=1038MB
Softmin position update: enabled, theta 0.250 -> 5.000 (anneal over 6 iters)
RSS_SAMPLE t=56.8s rss=1038MB hwm=1038MB
RSS_SAMPLE t=57.0s rss=1064MB hwm=1064MB
RSS_SAMPLE t=57.3s rss=1064MB hwm=1064MB
RSS_SAMPLE t=57.5s rss=1064MB hwm=1064MB
RSS_SAMPLE t=57.8s rss=1064MB hwm=1064MB
RSS_SAMPLE t=58.0s rss=1064MB hwm=1064MB
RSS_SAMPLE t=58.3s rss=1064MB hwm=1064MB
RSS_SAMPLE t=58.5s rss=1064MB hwm=1064MB
RSS_SAMPLE t=58.8s rss=1064MB hwm=1064MB
RSS_SAMPLE t=59.0s rss=1064MB hwm=1064MB
    SwitchMatrix: type_usage_pairs=7 lookups=110 hits=103 dijkstra_calls=7 avg_us=11.6 total_ms=0.1
PHASE_MARK outer=0 enter=pre_solve rss=1067MB
RSS_SAMPLE t=59.3s rss=1180MB hwm=1180MB
RSS_SAMPLE t=59.5s rss=1213MB hwm=1213MB
RSS_SAMPLE t=59.8s rss=1226MB hwm=1226MB
RSS_SAMPLE t=60.0s rss=1236MB hwm=1236MB
RSS_SAMPLE t=60.3s rss=1243MB hwm=1243MB
RSS_SAMPLE t=60.5s rss=1246MB hwm=1246MB
RSS_SAMPLE t=60.8s rss=1250MB hwm=1250MB
RSS_SAMPLE t=61.0s rss=1256MB hwm=1256MB
RSS_SAMPLE t=61.3s rss=1260MB hwm=1260MB
RSS_SAMPLE t=61.5s rss=1264MB hwm=1264MB
RSS_SAMPLE t=61.8s rss=1272MB hwm=1272MB
RSS_SAMPLE t=62.0s rss=1277MB hwm=1277MB
RSS_SAMPLE t=62.3s rss=1283MB hwm=1283MB
RSS_SAMPLE t=62.5s rss=1289MB hwm=1289MB
RSS_SAMPLE t=62.8s rss=1296MB hwm=1296MB
RSS_SAMPLE t=63.0s rss=1303MB hwm=1303MB
RSS_SAMPLE t=63.3s rss=1310MB hwm=1310MB
RSS_SAMPLE t=63.5s rss=1316MB hwm=1316MB
RSS_SAMPLE t=63.8s rss=1322MB hwm=1322MB
RSS_SAMPLE t=64.0s rss=1329MB hwm=1329MB
RSS_SAMPLE t=64.3s rss=1335MB hwm=1335MB
RSS_SAMPLE t=64.5s rss=1341MB hwm=1341MB
RSS_SAMPLE t=64.8s rss=1347MB hwm=1347MB
RSS_SAMPLE t=65.0s rss=1354MB hwm=1354MB
RSS_SAMPLE t=65.3s rss=1358MB hwm=1358MB
RSS_SAMPLE t=65.5s rss=1365MB hwm=1365MB
RSS_SAMPLE t=65.8s rss=1370MB hwm=1370MB
RSS_SAMPLE t=66.0s rss=1378MB hwm=1378MB
RSS_SAMPLE t=66.3s rss=1383MB hwm=1383MB
RSS_SAMPLE t=66.5s rss=1391MB hwm=1391MB
RSS_SAMPLE t=66.8s rss=1397MB hwm=1397MB
RSS_SAMPLE t=67.0s rss=1404MB hwm=1404MB
RSS_SAMPLE t=67.3s rss=1409MB hwm=1409MB
RSS_SAMPLE t=67.5s rss=1417MB hwm=1417MB
RSS_SAMPLE t=67.8s rss=1424MB hwm=1424MB
RSS_SAMPLE t=68.0s rss=1431MB hwm=1431MB
RSS_SAMPLE t=68.3s rss=1437MB hwm=1437MB
RSS_SAMPLE t=68.5s rss=1444MB hwm=1444MB
RSS_SAMPLE t=68.8s rss=1450MB hwm=1450MB
RSS_SAMPLE t=69.0s rss=1457MB hwm=1457MB
RSS_SAMPLE t=69.3s rss=1462MB hwm=1462MB
RSS_SAMPLE t=69.5s rss=1469MB hwm=1469MB
RSS_SAMPLE t=69.8s rss=1475MB hwm=1475MB
RSS_SAMPLE t=70.0s rss=1482MB hwm=1482MB
RSS_SAMPLE t=70.3s rss=1488MB hwm=1488MB
RSS_SAMPLE t=70.5s rss=1495MB hwm=1495MB
RSS_SAMPLE t=70.8s rss=1502MB hwm=1502MB
RSS_SAMPLE t=71.0s rss=1509MB hwm=1509MB
RSS_SAMPLE t=71.3s rss=1516MB hwm=1516MB
RSS_SAMPLE t=71.5s rss=1522MB hwm=1522MB
RSS_SAMPLE t=71.8s rss=1527MB hwm=1527MB
RSS_SAMPLE t=72.0s rss=1534MB hwm=1534MB
RSS_SAMPLE t=72.3s rss=1543MB hwm=1543MB
RSS_SAMPLE t=72.5s rss=1548MB hwm=1548MB
RSS_SAMPLE t=72.8s rss=1554MB hwm=1554MB
RSS_SAMPLE t=73.0s rss=1560MB hwm=1560MB
RSS_SAMPLE t=73.3s rss=1565MB hwm=1565MB
RSS_SAMPLE t=73.5s rss=1570MB hwm=1570MB
RSS_SAMPLE t=73.8s rss=1578MB hwm=1578MB
RSS_SAMPLE t=74.0s rss=1584MB hwm=1584MB
RSS_SAMPLE t=74.3s rss=1590MB hwm=1590MB
RSS_SAMPLE t=74.5s rss=1597MB hwm=1597MB
RSS_SAMPLE t=74.8s rss=1603MB hwm=1603MB
RSS_SAMPLE t=75.0s rss=1611MB hwm=1611MB
RSS_SAMPLE t=75.3s rss=1618MB hwm=1618MB
RSS_SAMPLE t=75.5s rss=1625MB hwm=1625MB
RSS_SAMPLE t=75.8s rss=1631MB hwm=1631MB
RSS_SAMPLE t=76.0s rss=1637MB hwm=1637MB
RSS_SAMPLE t=76.3s rss=1643MB hwm=1643MB
RSS_SAMPLE t=76.5s rss=1650MB hwm=1650MB
RSS_SAMPLE t=76.8s rss=1657MB hwm=1657MB
RSS_SAMPLE t=77.0s rss=1663MB hwm=1663MB
RSS_SAMPLE t=77.3s rss=1669MB hwm=1669MB
RSS_SAMPLE t=77.5s rss=1675MB hwm=1675MB
RSS_SAMPLE t=77.8s rss=1681MB hwm=1681MB
RSS_SAMPLE t=78.0s rss=1687MB hwm=1687MB
RSS_SAMPLE t=78.3s rss=1692MB hwm=1692MB
RSS_SAMPLE t=78.5s rss=1699MB hwm=1699MB
RSS_SAMPLE t=78.8s rss=1705MB hwm=1705MB
RSS_SAMPLE t=79.0s rss=1711MB hwm=1711MB
RSS_SAMPLE t=79.3s rss=1718MB hwm=1718MB
RSS_SAMPLE t=79.5s rss=1725MB hwm=1725MB
RSS_SAMPLE t=79.8s rss=1730MB hwm=1730MB
RSS_SAMPLE t=80.1s rss=1736MB hwm=1736MB
RSS_SAMPLE t=80.3s rss=1743MB hwm=1743MB
RSS_SAMPLE t=80.6s rss=1749MB hwm=1749MB
RSS_SAMPLE t=80.8s rss=1754MB hwm=1754MB
RSS_SAMPLE t=81.1s rss=1760MB hwm=1760MB
RSS_SAMPLE t=81.3s rss=1766MB hwm=1766MB
RSS_SAMPLE t=81.6s rss=1772MB hwm=1772MB
RSS_SAMPLE t=81.8s rss=1778MB hwm=1778MB
RSS_SAMPLE t=82.1s rss=1784MB hwm=1784MB
RSS_SAMPLE t=82.3s rss=1790MB hwm=1790MB
RSS_SAMPLE t=82.6s rss=1796MB hwm=1796MB
RSS_SAMPLE t=82.8s rss=1802MB hwm=1802MB
RSS_SAMPLE t=83.1s rss=1808MB hwm=1808MB
RSS_SAMPLE t=83.3s rss=1815MB hwm=1815MB
RSS_SAMPLE t=83.6s rss=1821MB hwm=1821MB
RSS_SAMPLE t=83.8s rss=1827MB hwm=1827MB
RSS_SAMPLE t=84.1s rss=1833MB hwm=1833MB
RSS_SAMPLE t=84.3s rss=1839MB hwm=1839MB
RSS_SAMPLE t=84.6s rss=1845MB hwm=1845MB
RSS_SAMPLE t=84.8s rss=1850MB hwm=1850MB
RSS_SAMPLE t=85.1s rss=1855MB hwm=1855MB
RSS_SAMPLE t=85.3s rss=1861MB hwm=1861MB
RSS_SAMPLE t=85.6s rss=1865MB hwm=1865MB
RSS_SAMPLE t=85.8s rss=1868MB hwm=1868MB
RSS_SAMPLE t=86.1s rss=1870MB hwm=1870MB
RSS_SAMPLE t=86.3s rss=1872MB hwm=1872MB
RSS_SAMPLE t=86.6s rss=1873MB hwm=1873MB
RSS_SAMPLE t=86.8s rss=1875MB hwm=1875MB
RSS_SAMPLE t=87.1s rss=1877MB hwm=1877MB
RSS_SAMPLE t=87.3s rss=1878MB hwm=1878MB
RSS_SAMPLE t=87.6s rss=1879MB hwm=1879MB
RSS_SAMPLE t=87.8s rss=1879MB hwm=1879MB
RSS_SAMPLE t=88.1s rss=1881MB hwm=1881MB
RSS_SAMPLE t=88.3s rss=1881MB hwm=1881MB
RSS_SAMPLE t=88.6s rss=1882MB hwm=1882MB
RSS_SAMPLE t=88.8s rss=1882MB hwm=1882MB
RSS_SAMPLE t=89.1s rss=1883MB hwm=1883MB
RSS_SAMPLE t=89.3s rss=1884MB hwm=1884MB
RSS_SAMPLE t=89.6s rss=1884MB hwm=1884MB
RSS_SAMPLE t=89.8s rss=1885MB hwm=1885MB
RSS_SAMPLE t=90.1s rss=1885MB hwm=1885MB
RSS_SAMPLE t=90.3s rss=1885MB hwm=1885MB
RSS_SAMPLE t=90.6s rss=1886MB hwm=1886MB
RSS_SAMPLE t=90.8s rss=1886MB hwm=1886MB
RSS_SAMPLE t=91.1s rss=1886MB hwm=1886MB
RSS_SAMPLE t=91.3s rss=1887MB hwm=1887MB
RSS_SAMPLE t=91.6s rss=1887MB hwm=1887MB
RSS_SAMPLE t=91.8s rss=1887MB hwm=1887MB
RSS_SAMPLE t=92.1s rss=1888MB hwm=1888MB
RSS_SAMPLE t=92.3s rss=1888MB hwm=1888MB
RSS_SAMPLE t=92.6s rss=1888MB hwm=1888MB
RSS_SAMPLE t=92.8s rss=1888MB hwm=1888MB
RSS_SAMPLE t=93.1s rss=1889MB hwm=1889MB
RSS_SAMPLE t=93.3s rss=1889MB hwm=1889MB
RSS_SAMPLE t=93.6s rss=1890MB hwm=1890MB
RSS_SAMPLE t=93.8s rss=1890MB hwm=1890MB
RSS_SAMPLE t=94.1s rss=1890MB hwm=1890MB
RSS_SAMPLE t=94.3s rss=1890MB hwm=1890MB
RSS_SAMPLE t=94.6s rss=1891MB hwm=1891MB
RSS_SAMPLE t=94.8s rss=1891MB hwm=1891MB
RSS_SAMPLE t=95.1s rss=1891MB hwm=1891MB
RSS_SAMPLE t=95.3s rss=1892MB hwm=1892MB
RSS_SAMPLE t=95.6s rss=1892MB hwm=1892MB
RSS_SAMPLE t=95.8s rss=1892MB hwm=1892MB
RSS_SAMPLE t=96.1s rss=1892MB hwm=1892MB
RSS_SAMPLE t=96.3s rss=1893MB hwm=1893MB
RSS_SAMPLE t=96.6s rss=1893MB hwm=1893MB
RSS_SAMPLE t=96.8s rss=1893MB hwm=1893MB
RSS_SAMPLE t=97.1s rss=1893MB hwm=1893MB
RSS_SAMPLE t=97.3s rss=1894MB hwm=1894MB
RSS_SAMPLE t=97.6s rss=1894MB hwm=1894MB
RSS_SAMPLE t=97.8s rss=1894MB hwm=1894MB
RSS_SAMPLE t=98.1s rss=1894MB hwm=1894MB
RSS_SAMPLE t=98.3s rss=1895MB hwm=1895MB
RSS_SAMPLE t=98.6s rss=1895MB hwm=1895MB
RSS_SAMPLE t=98.8s rss=1896MB hwm=1896MB
RSS_SAMPLE t=99.1s rss=1896MB hwm=1896MB
RSS_SAMPLE t=99.3s rss=1897MB hwm=1897MB
RSS_SAMPLE t=99.6s rss=1897MB hwm=1897MB
RSS_SAMPLE t=99.8s rss=1897MB hwm=1897MB
RSS_SAMPLE t=100.1s rss=1898MB hwm=1898MB
RSS_SAMPLE t=100.3s rss=1898MB hwm=1898MB
RSS_SAMPLE t=100.6s rss=1898MB hwm=1898MB
RSS_SAMPLE t=100.8s rss=1899MB hwm=1899MB
RSS_SAMPLE t=101.1s rss=1899MB hwm=1899MB
RSS_SAMPLE t=101.3s rss=1900MB hwm=1900MB
RSS_SAMPLE t=101.6s rss=1900MB hwm=1900MB
RSS_SAMPLE t=101.8s rss=1900MB hwm=1900MB
RSS_SAMPLE t=102.1s rss=1900MB hwm=1900MB
RSS_SAMPLE t=102.3s rss=1901MB hwm=1901MB
RSS_SAMPLE t=102.6s rss=1901MB hwm=1901MB
RSS_SAMPLE t=102.8s rss=1901MB hwm=1901MB
RSS_SAMPLE t=103.1s rss=1902MB hwm=1902MB
RSS_SAMPLE t=103.3s rss=1902MB hwm=1902MB
RSS_SAMPLE t=103.6s rss=1902MB hwm=1902MB
RSS_SAMPLE t=103.8s rss=1903MB hwm=1903MB
RSS_SAMPLE t=104.1s rss=1903MB hwm=1903MB
RSS_SAMPLE t=104.3s rss=1903MB hwm=1903MB
    rss_probe[outer=0]: pre_refresh_rss=1067MB post_pre_solve_rss=1903MB cache_entries=42424857 cache_cap=69325648 cache_est_mb=600
    pre_solve_diag[outer=0]: solves=105117 fallback=0 (0.0%) cap_armed=105117 (100.0%) settle_avg=10344 settle_max=69353 init_count=254
  Cell placement by tile type (iter 0, 76660 cells):
    NULL: 31596
    CLB: 27114
    IOB_W: 15019
    CLK_BUFG: 2320
    BRAM: 351
    DSP: 182
    IOB_E: 78
    Overflow: over=0 (0.0% of used) avg_excess=0.00 max_excess=0.00 (nc=0.00 cap=0 span=0)  excess_buckets: <=1=0 1-5=0 5-20=0 >20=0  by_cap: cap1=0 cap2=0 cap3-5=0 cap>5=0  by_span: s1=0 s2-3=0 s4-6=0 s7-12=0 s>12=0  le1_cross: cap1=0 cap2-5=0 cap>5=0
    Congestion: pipes=2562403 used=0 congested(>50%)=0 saturated(>90%)=0 max_util=0.00 avg_util=0.0000
PHASE_MARK outer=0 enter=dcd_sweep rss=1903MB
RSS_SAMPLE t=104.6s rss=1904MB hwm=1904MB
RSS_SAMPLE t=104.8s rss=1904MB hwm=1904MB
RSS_SAMPLE t=105.1s rss=1904MB hwm=1904MB
RSS_SAMPLE t=105.3s rss=1904MB hwm=1904MB
RSS_SAMPLE t=105.6s rss=1904MB hwm=1904MB
RSS_SAMPLE t=105.8s rss=1904MB hwm=1904MB
RSS_SAMPLE t=106.1s rss=1905MB hwm=1905MB
RSS_SAMPLE t=106.3s rss=1905MB hwm=1905MB
RSS_SAMPLE t=106.6s rss=1905MB hwm=1905MB
RSS_SAMPLE t=106.8s rss=1905MB hwm=1905MB
RSS_SAMPLE t=107.1s rss=1905MB hwm=1905MB
RSS_SAMPLE t=107.3s rss=1906MB hwm=1906MB
RSS_SAMPLE t=107.6s rss=1906MB hwm=1906MB
RSS_SAMPLE t=107.8s rss=1906MB hwm=1906MB
RSS_SAMPLE t=108.1s rss=1906MB hwm=1906MB
RSS_SAMPLE t=108.3s rss=1906MB hwm=1906MB
RSS_SAMPLE t=108.6s rss=1906MB hwm=1906MB
RSS_SAMPLE t=108.8s rss=1907MB hwm=1907MB
RSS_SAMPLE t=109.1s rss=1907MB hwm=1907MB
RSS_SAMPLE t=109.3s rss=1907MB hwm=1907MB
RSS_SAMPLE t=109.6s rss=1907MB hwm=1907MB
RSS_SAMPLE t=109.8s rss=1907MB hwm=1907MB
RSS_SAMPLE t=110.1s rss=1907MB hwm=1907MB
RSS_SAMPLE t=110.3s rss=1908MB hwm=1908MB
RSS_SAMPLE t=110.6s rss=1908MB hwm=1908MB
RSS_SAMPLE t=110.8s rss=1908MB hwm=1908MB
RSS_SAMPLE t=111.1s rss=1908MB hwm=1908MB
PHASE_MARK outer=0 leave=dcd_sweep rss=1904MB
PHASE_MARK outer=0 enter=post_refresh rss=1904MB
RSS_SAMPLE t=111.3s rss=1927MB hwm=1928MB
RSS_SAMPLE t=111.6s rss=1939MB hwm=1939MB
RSS_SAMPLE t=111.8s rss=1939MB hwm=1939MB
RSS_SAMPLE t=112.1s rss=1939MB hwm=1939MB
RSS_SAMPLE t=112.3s rss=1939MB hwm=1939MB
RSS_SAMPLE t=112.6s rss=1939MB hwm=1939MB
RSS_SAMPLE t=112.8s rss=1939MB hwm=1939MB
RSS_SAMPLE t=113.1s rss=1939MB hwm=1939MB
RSS_SAMPLE t=113.3s rss=1939MB hwm=1939MB
RSS_SAMPLE t=113.6s rss=1939MB hwm=1939MB
RSS_SAMPLE t=113.8s rss=2158MB hwm=2158MB
RSS_SAMPLE t=114.1s rss=2644MB hwm=2644MB
MEM_POOL: workspaces=32 dense_usage_mb=1251 n_pipes=2562403
RSS_SAMPLE t=114.3s rss=2834MB hwm=2834MB
RSS_SAMPLE t=114.6s rss=3540MB hwm=3540MB
RSS_SAMPLE t=114.8s rss=3677MB hwm=3677MB
RSS_SAMPLE t=115.1s rss=3726MB hwm=3726MB
RSS_SAMPLE t=115.3s rss=3789MB hwm=3789MB
RSS_SAMPLE t=115.6s rss=3826MB hwm=3826MB
RSS_SAMPLE t=115.8s rss=3839MB hwm=3839MB
RSS_SAMPLE t=116.1s rss=3852MB hwm=3852MB
RSS_SAMPLE t=116.3s rss=3870MB hwm=3870MB
RSS_SAMPLE t=116.6s rss=3881MB hwm=3881MB
RSS_SAMPLE t=116.8s rss=3895MB hwm=3895MB
RSS_SAMPLE t=117.1s rss=3898MB hwm=3898MB
RSS_SAMPLE t=117.3s rss=3904MB hwm=3904MB
RSS_SAMPLE t=117.6s rss=3918MB hwm=3918MB
RSS_SAMPLE t=117.8s rss=3918MB hwm=3918MB
RSS_SAMPLE t=118.1s rss=3925MB hwm=3925MB
RSS_SAMPLE t=118.3s rss=3933MB hwm=3933MB
RSS_SAMPLE t=118.6s rss=3936MB hwm=3936MB
RSS_SAMPLE t=118.8s rss=3936MB hwm=3936MB
RSS_SAMPLE t=119.1s rss=3936MB hwm=3936MB
RSS_SAMPLE t=119.3s rss=3936MB hwm=3936MB
RSS_SAMPLE t=119.6s rss=3936MB hwm=3936MB
RSS_SAMPLE t=119.8s rss=3937MB hwm=3937MB
RSS_SAMPLE t=120.1s rss=3939MB hwm=3939MB
RSS_SAMPLE t=120.3s rss=3939MB hwm=3939MB
RSS_SAMPLE t=120.6s rss=3942MB hwm=3942MB
RSS_SAMPLE t=120.8s rss=3948MB hwm=3948MB
RSS_SAMPLE t=121.1s rss=3948MB hwm=3948MB
RSS_SAMPLE t=121.3s rss=3948MB hwm=3948MB
RSS_SAMPLE t=121.6s rss=3948MB hwm=3948MB
RSS_SAMPLE t=121.8s rss=3952MB hwm=3952MB
RSS_SAMPLE t=122.1s rss=3952MB hwm=3952MB
RSS_SAMPLE t=122.3s rss=3956MB hwm=3956MB
RSS_SAMPLE t=122.6s rss=3956MB hwm=3956MB
RSS_SAMPLE t=122.8s rss=3956MB hwm=3956MB
RSS_SAMPLE t=123.1s rss=3957MB hwm=3957MB
RSS_SAMPLE t=123.3s rss=3957MB hwm=3957MB
RSS_SAMPLE t=123.6s rss=3958MB hwm=3958MB
RSS_SAMPLE t=123.8s rss=3958MB hwm=3958MB
RSS_SAMPLE t=124.1s rss=3958MB hwm=3958MB
RSS_SAMPLE t=124.3s rss=3958MB hwm=3958MB
RSS_SAMPLE t=124.6s rss=3958MB hwm=3958MB
RSS_SAMPLE t=124.8s rss=3958MB hwm=3958MB
RSS_SAMPLE t=125.1s rss=3959MB hwm=3959MB
RSS_SAMPLE t=125.3s rss=3965MB hwm=3965MB
RSS_SAMPLE t=125.6s rss=3965MB hwm=3965MB
RSS_SAMPLE t=125.8s rss=3965MB hwm=3965MB
RSS_SAMPLE t=126.1s rss=3965MB hwm=3965MB
RSS_SAMPLE t=126.3s rss=3966MB hwm=3966MB
RSS_SAMPLE t=126.6s rss=3966MB hwm=3966MB
RSS_SAMPLE t=126.8s rss=3966MB hwm=3966MB
RSS_SAMPLE t=127.1s rss=3966MB hwm=3966MB
RSS_SAMPLE t=127.3s rss=3971MB hwm=3971MB
RSS_SAMPLE t=127.6s rss=3972MB hwm=3972MB
RSS_SAMPLE t=127.8s rss=3972MB hwm=3972MB
RSS_SAMPLE t=128.1s rss=3972MB hwm=3972MB
RSS_SAMPLE t=128.3s rss=3975MB hwm=3975MB
RSS_SAMPLE t=128.6s rss=3976MB hwm=3976MB
RSS_SAMPLE t=128.8s rss=3976MB hwm=3976MB
RSS_SAMPLE t=129.1s rss=3976MB hwm=3976MB
RSS_SAMPLE t=129.3s rss=3977MB hwm=3977MB
RSS_SAMPLE t=129.6s rss=3977MB hwm=3977MB
RSS_SAMPLE t=129.8s rss=3979MB hwm=3979MB
RSS_SAMPLE t=130.1s rss=3980MB hwm=3980MB
RSS_SAMPLE t=130.3s rss=3981MB hwm=3981MB
RSS_SAMPLE t=130.6s rss=3981MB hwm=3981MB
RSS_SAMPLE t=130.8s rss=3982MB hwm=3982MB
RSS_SAMPLE t=131.1s rss=3983MB hwm=3983MB
RSS_SAMPLE t=131.3s rss=3983MB hwm=3983MB
RSS_SAMPLE t=131.6s rss=3984MB hwm=3984MB
RSS_SAMPLE t=131.8s rss=3985MB hwm=3985MB
RSS_SAMPLE t=132.1s rss=3985MB hwm=3985MB
RSS_SAMPLE t=132.3s rss=3986MB hwm=3986MB
RSS_SAMPLE t=132.6s rss=3987MB hwm=3987MB
RSS_SAMPLE t=132.8s rss=3987MB hwm=3987MB
RSS_SAMPLE t=133.1s rss=3987MB hwm=3987MB
RSS_SAMPLE t=133.3s rss=3988MB hwm=3988MB
RSS_SAMPLE t=133.6s rss=3988MB hwm=3988MB
RSS_SAMPLE t=133.8s rss=3990MB hwm=3990MB
RSS_SAMPLE t=134.1s rss=3990MB hwm=3990MB
RSS_SAMPLE t=134.3s rss=3991MB hwm=3991MB
RSS_SAMPLE t=134.6s rss=3992MB hwm=3992MB
RSS_SAMPLE t=134.8s rss=3992MB hwm=3992MB
RSS_SAMPLE t=135.1s rss=3993MB hwm=3993MB
RSS_SAMPLE t=135.3s rss=3994MB hwm=3994MB
RSS_SAMPLE t=135.6s rss=3995MB hwm=3995MB
RSS_SAMPLE t=135.9s rss=3995MB hwm=3995MB
RSS_SAMPLE t=136.1s rss=3996MB hwm=3996MB
RSS_SAMPLE t=136.4s rss=3997MB hwm=3997MB
RSS_SAMPLE t=136.6s rss=3997MB hwm=3997MB
RSS_SAMPLE t=136.9s rss=3999MB hwm=3999MB
RSS_SAMPLE t=137.1s rss=3999MB hwm=3999MB
RSS_SAMPLE t=137.4s rss=3999MB hwm=3999MB
RSS_SAMPLE t=137.6s rss=4001MB hwm=4001MB
RSS_SAMPLE t=137.9s rss=4001MB hwm=4001MB
RSS_SAMPLE t=138.1s rss=4001MB hwm=4001MB
RSS_SAMPLE t=138.4s rss=4002MB hwm=4002MB
RSS_SAMPLE t=138.6s rss=4003MB hwm=4003MB
RSS_SAMPLE t=138.9s rss=4003MB hwm=4003MB
RSS_SAMPLE t=139.1s rss=4004MB hwm=4004MB
RSS_SAMPLE t=139.4s rss=4004MB hwm=4004MB
RSS_SAMPLE t=139.6s rss=4004MB hwm=4004MB
RSS_SAMPLE t=139.9s rss=4005MB hwm=4005MB
RSS_SAMPLE t=140.1s rss=4006MB hwm=4006MB
RSS_SAMPLE t=140.4s rss=4006MB hwm=4006MB
RSS_SAMPLE t=140.6s rss=4007MB hwm=4007MB
RSS_SAMPLE t=140.9s rss=4008MB hwm=4008MB
RSS_SAMPLE t=141.1s rss=4008MB hwm=4008MB
RSS_SAMPLE t=141.4s rss=4008MB hwm=4008MB
RSS_SAMPLE t=141.6s rss=4009MB hwm=4009MB
RSS_SAMPLE t=141.9s rss=4009MB hwm=4009MB
RSS_SAMPLE t=142.1s rss=4010MB hwm=4010MB
RSS_SAMPLE t=142.4s rss=4011MB hwm=4011MB
RSS_SAMPLE t=142.6s rss=4011MB hwm=4011MB
RSS_SAMPLE t=142.9s rss=4012MB hwm=4012MB
RSS_SAMPLE t=143.1s rss=4012MB hwm=4012MB
RSS_SAMPLE t=143.4s rss=4013MB hwm=4013MB
RSS_SAMPLE t=143.6s rss=4014MB hwm=4014MB
RSS_SAMPLE t=143.9s rss=4014MB hwm=4014MB
RSS_SAMPLE t=144.1s rss=4015MB hwm=4015MB
RSS_SAMPLE t=144.4s rss=4015MB hwm=4015MB
RSS_SAMPLE t=144.6s rss=4016MB hwm=4016MB
RSS_SAMPLE t=144.9s rss=4016MB hwm=4016MB
RSS_SAMPLE t=145.1s rss=4017MB hwm=4017MB
RSS_SAMPLE t=145.4s rss=4018MB hwm=4018MB
RSS_SAMPLE t=145.6s rss=4019MB hwm=4019MB
RSS_SAMPLE t=145.9s rss=4020MB hwm=4020MB
RSS_SAMPLE t=146.1s rss=4021MB hwm=4021MB
RSS_SAMPLE t=146.4s rss=4022MB hwm=4022MB
RSS_SAMPLE t=146.6s rss=4022MB hwm=4022MB
RSS_SAMPLE t=146.9s rss=4023MB hwm=4023MB
RSS_SAMPLE t=147.1s rss=4023MB hwm=4023MB
RSS_SAMPLE t=147.4s rss=4023MB hwm=4023MB
RSS_SAMPLE t=147.6s rss=4024MB hwm=4024MB
RSS_SAMPLE t=147.9s rss=4024MB hwm=4024MB
RSS_SAMPLE t=148.1s rss=4025MB hwm=4025MB
RSS_SAMPLE t=148.4s rss=4026MB hwm=4026MB
RSS_SAMPLE t=148.6s rss=4026MB hwm=4026MB
RSS_SAMPLE t=148.9s rss=4026MB hwm=4026MB
RSS_SAMPLE t=149.1s rss=4027MB hwm=4027MB
RSS_SAMPLE t=149.4s rss=4028MB hwm=4028MB
RSS_SAMPLE t=149.6s rss=4029MB hwm=4029MB
RSS_SAMPLE t=149.9s rss=4029MB hwm=4029MB
RSS_SAMPLE t=150.1s rss=4030MB hwm=4030MB
RSS_SAMPLE t=150.4s rss=4031MB hwm=4031MB
RSS_SAMPLE t=150.6s rss=4032MB hwm=4032MB
RSS_SAMPLE t=150.9s rss=4032MB hwm=4032MB
RSS_SAMPLE t=151.1s rss=4034MB hwm=4034MB
RSS_SAMPLE t=151.4s rss=4034MB hwm=4034MB
RSS_SAMPLE t=151.6s rss=4035MB hwm=4035MB
RSS_SAMPLE t=151.9s rss=4036MB hwm=4036MB
RSS_SAMPLE t=152.1s rss=4036MB hwm=4036MB
RSS_SAMPLE t=152.4s rss=4037MB hwm=4037MB
RSS_SAMPLE t=152.6s rss=4038MB hwm=4038MB
RSS_SAMPLE t=152.9s rss=4038MB hwm=4038MB
RSS_SAMPLE t=153.1s rss=4039MB hwm=4039MB
RSS_SAMPLE t=153.4s rss=4040MB hwm=4040MB
RSS_SAMPLE t=153.6s rss=4041MB hwm=4041MB
RSS_SAMPLE t=153.9s rss=4041MB hwm=4041MB
RSS_SAMPLE t=154.1s rss=4042MB hwm=4042MB
RSS_SAMPLE t=154.4s rss=4043MB hwm=4043MB
RSS_SAMPLE t=154.6s rss=4043MB hwm=4043MB
RSS_SAMPLE t=154.9s rss=4043MB hwm=4043MB
RSS_SAMPLE t=155.1s rss=4045MB hwm=4045MB
RSS_SAMPLE t=155.4s rss=4045MB hwm=4045MB
RSS_SAMPLE t=155.6s rss=4047MB hwm=4047MB
RSS_SAMPLE t=155.9s rss=4047MB hwm=4047MB
RSS_SAMPLE t=156.1s rss=4047MB hwm=4047MB
RSS_SAMPLE t=156.4s rss=4048MB hwm=4048MB
RSS_SAMPLE t=156.6s rss=4048MB hwm=4048MB
RSS_SAMPLE t=156.9s rss=4048MB hwm=4048MB
RSS_SAMPLE t=157.1s rss=4049MB hwm=4049MB
RSS_SAMPLE t=157.4s rss=4050MB hwm=4050MB
RSS_SAMPLE t=157.6s rss=4050MB hwm=4050MB
RSS_SAMPLE t=157.9s rss=4051MB hwm=4051MB
RSS_SAMPLE t=158.1s rss=4051MB hwm=4051MB
RSS_SAMPLE t=158.4s rss=4052MB hwm=4052MB
RSS_SAMPLE t=158.6s rss=4052MB hwm=4052MB
RSS_SAMPLE t=158.9s rss=4052MB hwm=4052MB
RSS_SAMPLE t=159.1s rss=4053MB hwm=4053MB
RSS_SAMPLE t=159.4s rss=4053MB hwm=4053MB
RSS_SAMPLE t=159.6s rss=4053MB hwm=4053MB
RSS_SAMPLE t=159.9s rss=4054MB hwm=4054MB
RSS_SAMPLE t=160.1s rss=4054MB hwm=4054MB
RSS_SAMPLE t=160.4s rss=4055MB hwm=4055MB
RSS_SAMPLE t=160.6s rss=4055MB hwm=4055MB
RSS_SAMPLE t=160.9s rss=4055MB hwm=4055MB
RSS_SAMPLE t=161.1s rss=4056MB hwm=4056MB
RSS_SAMPLE t=161.4s rss=4056MB hwm=4056MB
RSS_SAMPLE t=161.6s rss=4057MB hwm=4057MB
RSS_SAMPLE t=161.9s rss=4057MB hwm=4057MB
RSS_SAMPLE t=162.1s rss=4058MB hwm=4058MB
RSS_SAMPLE t=162.4s rss=4058MB hwm=4058MB
RSS_SAMPLE t=162.6s rss=4059MB hwm=4059MB
RSS_SAMPLE t=162.9s rss=4060MB hwm=4060MB
RSS_SAMPLE t=163.1s rss=4060MB hwm=4060MB
RSS_SAMPLE t=163.4s rss=4061MB hwm=4061MB
RSS_SAMPLE t=163.6s rss=4061MB hwm=4061MB
RSS_SAMPLE t=163.9s rss=4062MB hwm=4062MB
RSS_SAMPLE t=164.1s rss=4063MB hwm=4063MB
RSS_SAMPLE t=164.4s rss=4064MB hwm=4064MB
RSS_SAMPLE t=164.6s rss=4065MB hwm=4065MB
RSS_SAMPLE t=164.9s rss=4066MB hwm=4066MB
RSS_SAMPLE t=165.1s rss=4067MB hwm=4067MB
RSS_SAMPLE t=165.4s rss=4068MB hwm=4068MB
RSS_SAMPLE t=165.6s rss=4068MB hwm=4068MB
RSS_SAMPLE t=165.9s rss=4069MB hwm=4069MB
RSS_SAMPLE t=166.1s rss=4069MB hwm=4069MB
RSS_SAMPLE t=166.4s rss=4070MB hwm=4070MB
RSS_SAMPLE t=166.6s rss=4070MB hwm=4070MB
RSS_SAMPLE t=166.9s rss=4071MB hwm=4071MB
RSS_SAMPLE t=167.1s rss=4072MB hwm=4072MB
RSS_SAMPLE t=167.4s rss=4072MB hwm=4072MB
RSS_SAMPLE t=167.6s rss=4072MB hwm=4072MB
RSS_SAMPLE t=167.9s rss=4073MB hwm=4073MB
RSS_SAMPLE t=168.1s rss=4073MB hwm=4073MB
RSS_SAMPLE t=168.4s rss=4074MB hwm=4074MB
RSS_SAMPLE t=168.6s rss=4075MB hwm=4075MB
RSS_SAMPLE t=168.9s rss=4075MB hwm=4075MB
RSS_SAMPLE t=169.1s rss=4075MB hwm=4075MB
RSS_SAMPLE t=169.4s rss=4075MB hwm=4075MB
RSS_SAMPLE t=169.6s rss=4076MB hwm=4076MB
RSS_SAMPLE t=169.9s rss=4076MB hwm=4076MB
RSS_SAMPLE t=170.1s rss=4077MB hwm=4077MB
RSS_SAMPLE t=170.4s rss=4077MB hwm=4077MB
RSS_SAMPLE t=170.6s rss=4077MB hwm=4077MB
RSS_SAMPLE t=170.9s rss=4077MB hwm=4077MB
RSS_SAMPLE t=171.1s rss=4077MB hwm=4077MB
RSS_SAMPLE t=171.4s rss=4077MB hwm=4077MB
RSS_SAMPLE t=171.6s rss=4077MB hwm=4077MB
RSS_SAMPLE t=171.9s rss=4077MB hwm=4077MB
RSS_SAMPLE t=172.1s rss=4077MB hwm=4077MB
RSS_SAMPLE t=172.4s rss=4077MB hwm=4077MB
RSS_SAMPLE t=172.6s rss=4077MB hwm=4077MB
RSS_SAMPLE t=172.9s rss=4077MB hwm=4077MB
RSS_SAMPLE t=173.1s rss=4077MB hwm=4077MB
RSS_SAMPLE t=173.4s rss=4077MB hwm=4077MB
RSS_SAMPLE t=173.6s rss=4077MB hwm=4077MB
RSS_SAMPLE t=173.9s rss=4078MB hwm=4078MB
RSS_SAMPLE t=174.1s rss=4078MB hwm=4078MB
RSS_SAMPLE t=174.4s rss=4078MB hwm=4078MB
RSS_SAMPLE t=174.6s rss=4078MB hwm=4078MB
RSS_SAMPLE t=174.9s rss=4078MB hwm=4078MB
RSS_SAMPLE t=175.1s rss=4078MB hwm=4078MB
RSS_SAMPLE t=175.4s rss=4078MB hwm=4078MB
RSS_SAMPLE t=175.6s rss=4078MB hwm=4078MB
RSS_SAMPLE t=175.9s rss=4078MB hwm=4078MB
RSS_SAMPLE t=176.1s rss=4078MB hwm=4078MB
RSS_SAMPLE t=176.4s rss=4078MB hwm=4078MB
RSS_SAMPLE t=176.6s rss=4079MB hwm=4079MB
RSS_SAMPLE t=176.9s rss=4079MB hwm=4079MB
RSS_SAMPLE t=177.1s rss=4079MB hwm=4079MB
RSS_SAMPLE t=177.4s rss=4079MB hwm=4079MB
RSS_SAMPLE t=177.6s rss=4079MB hwm=4079MB
RSS_SAMPLE t=177.9s rss=4079MB hwm=4079MB
RSS_SAMPLE t=178.1s rss=4079MB hwm=4079MB
RSS_SAMPLE t=178.4s rss=4079MB hwm=4079MB
RSS_SAMPLE t=178.6s rss=4079MB hwm=4079MB
RSS_SAMPLE t=178.9s rss=4079MB hwm=4079MB
RSS_SAMPLE t=179.1s rss=4079MB hwm=4079MB
RSS_SAMPLE t=179.4s rss=4079MB hwm=4079MB
RSS_SAMPLE t=179.6s rss=4079MB hwm=4079MB
RSS_SAMPLE t=179.9s rss=4079MB hwm=4079MB
RSS_SAMPLE t=180.1s rss=4079MB hwm=4079MB
RSS_SAMPLE t=180.4s rss=4079MB hwm=4079MB
RSS_SAMPLE t=180.6s rss=4079MB hwm=4079MB
RSS_SAMPLE t=180.9s rss=4079MB hwm=4079MB
RSS_SAMPLE t=181.1s rss=4079MB hwm=4079MB
RSS_SAMPLE t=181.4s rss=4079MB hwm=4079MB
RSS_SAMPLE t=181.6s rss=4080MB hwm=4080MB
RSS_SAMPLE t=181.9s rss=4080MB hwm=4080MB
RSS_SAMPLE t=182.1s rss=4080MB hwm=4080MB
RSS_SAMPLE t=182.4s rss=4080MB hwm=4080MB
RSS_SAMPLE t=182.6s rss=4080MB hwm=4080MB
RSS_SAMPLE t=182.9s rss=4080MB hwm=4080MB
RSS_SAMPLE t=183.1s rss=4080MB hwm=4080MB
RSS_SAMPLE t=183.4s rss=4080MB hwm=4080MB
RSS_SAMPLE t=183.6s rss=4080MB hwm=4080MB
RSS_SAMPLE t=183.9s rss=4080MB hwm=4080MB
RSS_SAMPLE t=184.1s rss=4080MB hwm=4080MB
RSS_SAMPLE t=184.4s rss=4080MB hwm=4080MB
RSS_SAMPLE t=184.6s rss=4080MB hwm=4080MB
RSS_SAMPLE t=184.9s rss=4080MB hwm=4080MB
RSS_SAMPLE t=185.1s rss=4080MB hwm=4080MB
RSS_SAMPLE t=185.4s rss=4080MB hwm=4080MB
RSS_SAMPLE t=185.6s rss=4080MB hwm=4080MB
RSS_SAMPLE t=185.9s rss=4080MB hwm=4080MB
RSS_SAMPLE t=186.1s rss=4080MB hwm=4080MB
RSS_SAMPLE t=186.4s rss=4081MB hwm=4081MB
RSS_SAMPLE t=186.6s rss=4081MB hwm=4081MB
RSS_SAMPLE t=186.9s rss=4081MB hwm=4081MB
RSS_SAMPLE t=187.1s rss=4081MB hwm=4081MB
RSS_SAMPLE t=187.4s rss=4081MB hwm=4081MB
RSS_SAMPLE t=187.6s rss=4081MB hwm=4081MB
RSS_SAMPLE t=187.9s rss=4081MB hwm=4081MB
RSS_SAMPLE t=188.2s rss=4081MB hwm=4081MB
RSS_SAMPLE t=188.4s rss=4081MB hwm=4081MB
RSS_SAMPLE t=188.7s rss=4081MB hwm=4081MB
RSS_SAMPLE t=188.9s rss=4082MB hwm=4082MB
RSS_SAMPLE t=189.2s rss=4082MB hwm=4082MB
RSS_SAMPLE t=189.4s rss=4082MB hwm=4082MB
RSS_SAMPLE t=189.7s rss=4082MB hwm=4082MB
RSS_SAMPLE t=189.9s rss=4082MB hwm=4082MB
RSS_SAMPLE t=190.2s rss=4082MB hwm=4082MB
RSS_SAMPLE t=190.4s rss=4082MB hwm=4082MB
RSS_SAMPLE t=190.7s rss=4082MB hwm=4082MB
RSS_SAMPLE t=190.9s rss=4082MB hwm=4082MB
RSS_SAMPLE t=191.2s rss=4082MB hwm=4082MB
RSS_SAMPLE t=191.4s rss=4082MB hwm=4082MB
RSS_SAMPLE t=191.7s rss=4082MB hwm=4082MB
RSS_SAMPLE t=191.9s rss=4082MB hwm=4082MB
RSS_SAMPLE t=192.2s rss=4082MB hwm=4082MB
MEM_POOL: workspaces=32 dense_usage_mb=1251 n_pipes=2562403
    strata[outer=0]: REFRESH slow=54744 fast=50373 slow_energy=2288361.2
    post_solve_diag[outer=0]: solves=50373 cap_armed=50373 (100.0%) settle_avg=293 above_sink_avg=103 (35.0%) settle_max=3347
    settle_hist[outer=0]: <100: 26057nets/10.1%work  <1k: 19468nets/42.5%work  <5k: 4848nets/47.3%work  <20k: 0nets/0.0%work  <60k: 0nets/0.0%work  >=60k: 0nets/0.0%work
    fanout_hist[outer=0]: fan1: 32166nets/48.4%work  fan2-4: 17311nets/47.8%work  fan5-16: 896nets/3.9%work  fan17-64: 0nets/0.0%work  fan65-256: 0nets/0.0%work  fan>256: 0nets/0.0%work
    rss_probe[outer=0]: pre_post_solve=1939MB post_post_solve=4102MB after_apply=4102MB
MuxSlotTracker[sweep 0 LEAK]: populated_cells=59696, overflow_tiles=3, at_cap_tiles=1766, peak_excess=10, capacity_hist={16:67346}
    E_decomp: base=10834552.3 eff=11388494.3 cong=553941.9 cong_share=4.9% sat_pipes=172687 max_util=1123.91  R_buckets: 1-2x=2562403 2-10x=0 10-100x=0 >=100x=0
    E_potential: beckmann=14288209212654.3 history_total=0.0
    SpanCache: epoch=1 entries=110 lookups=2562403 hits=2562293 misses=110 hit_rate=100.0%
  DCD   0: nets=105117 line=17507951 energy=2439869.593 dE=+0.000 friction=4585366.2 bins=2.6x(1247) excess=675.8 moved=59497 disp=inf solves=155490 skip=0 pops=1102088543 theta=0.250 refresh=126341ms dcd=6815ms total=135622ms
    cache_stats: entries=50917801 capacity=85407420 est_mb=738 rss_mb=4086
RSS_SAMPLE t=192.4s rss=4086MB hwm=4097MB
RSS_SAMPLE t=192.7s rss=4086MB hwm=4097MB
RSS_SAMPLE t=192.9s rss=4086MB hwm=4097MB
RSS_SAMPLE t=193.2s rss=4086MB hwm=4097MB
RSS_SAMPLE t=193.4s rss=4086MB hwm=4097MB
RSS_SAMPLE t=193.7s rss=4086MB hwm=4097MB
RSS_SAMPLE t=193.9s rss=4086MB hwm=4097MB
RSS_SAMPLE t=194.2s rss=4086MB hwm=4097MB
RSS_SAMPLE t=194.4s rss=4086MB hwm=4097MB
RSS_SAMPLE t=194.7s rss=4086MB hwm=4097MB
    SwitchMatrix: type_usage_pairs=908 lookups=2625 hits=1717 dijkstra_calls=908 avg_us=12.1 total_ms=11.0
RSS_SAMPLE t=194.9s rss=4086MB hwm=4097MB
PHASE_MARK outer=1 enter=pre_solve rss=4086MB
    rss_probe[outer=1]: pre_refresh_rss=4086MB post_pre_solve_rss=4086MB cache_entries=50917801 cache_cap=85407420 cache_est_mb=738
    pre_solve_diag[outer=1]: solves=0 fallback=0 (0.0%) cap_armed=0 (0.0%) settle_avg=0 settle_max=0 init_count=239
    Overflow: over=154136 (6.0% of used) avg_excess=3.08 max_excess=1513.97 (nc=1537.97 cap=24 span=1)  excess_buckets: <=1=63588 1-5=66896 5-20=20929 >20=2723  by_cap: cap1=68545 cap2=56154 cap3-5=190 cap>5=29247  by_span: s1=1790 s2-3=2101 s4-6=17326 s7-12=61442 s>12=71477  le1_cross: cap1=34636 cap2-5=25900 cap>5=3052
    Congestion: pipes=2562403 used=2562403 congested(>50%)=320456 saturated(>90%)=172687 max_util=1123.91 avg_util=0.3007
PHASE_MARK outer=1 enter=dcd_sweep rss=4086MB
RSS_SAMPLE t=195.2s rss=4086MB hwm=4097MB
RSS_SAMPLE t=195.4s rss=4086MB hwm=4097MB
RSS_SAMPLE t=195.7s rss=4086MB hwm=4097MB
RSS_SAMPLE t=195.9s rss=4086MB hwm=4097MB
RSS_SAMPLE t=196.2s rss=4086MB hwm=4097MB
RSS_SAMPLE t=196.4s rss=4086MB hwm=4097MB
RSS_SAMPLE t=196.7s rss=4086MB hwm=4097MB
RSS_SAMPLE t=196.9s rss=4086MB hwm=4097MB
RSS_SAMPLE t=197.2s rss=4086MB hwm=4097MB
RSS_SAMPLE t=197.4s rss=4086MB hwm=4097MB
RSS_SAMPLE t=197.7s rss=4086MB hwm=4097MB
RSS_SAMPLE t=197.9s rss=4086MB hwm=4097MB
RSS_SAMPLE t=198.2s rss=4086MB hwm=4097MB
RSS_SAMPLE t=198.4s rss=4086MB hwm=4097MB
RSS_SAMPLE t=198.7s rss=4086MB hwm=4097MB
RSS_SAMPLE t=198.9s rss=4086MB hwm=4097MB
RSS_SAMPLE t=199.2s rss=4086MB hwm=4097MB
RSS_SAMPLE t=199.4s rss=4086MB hwm=4097MB
RSS_SAMPLE t=199.7s rss=4086MB hwm=4097MB
RSS_SAMPLE t=199.9s rss=4086MB hwm=4097MB
RSS_SAMPLE t=200.2s rss=4086MB hwm=4097MB
RSS_SAMPLE t=200.4s rss=4086MB hwm=4097MB
RSS_SAMPLE t=200.7s rss=4086MB hwm=4097MB
RSS_SAMPLE t=200.9s rss=4086MB hwm=4097MB
RSS_SAMPLE t=201.2s rss=4086MB hwm=4097MB
RSS_SAMPLE t=201.4s rss=4086MB hwm=4097MB
RSS_SAMPLE t=201.7s rss=4086MB hwm=4097MB
PHASE_MARK outer=1 leave=dcd_sweep rss=4086MB
PHASE_MARK outer=1 enter=post_refresh rss=4086MB
RSS_SAMPLE t=201.9s rss=4095MB hwm=4097MB
RSS_SAMPLE t=202.2s rss=4095MB hwm=4097MB
RSS_SAMPLE t=202.4s rss=4095MB hwm=4097MB
RSS_SAMPLE t=202.7s rss=4095MB hwm=4097MB
RSS_SAMPLE t=202.9s rss=4095MB hwm=4097MB
RSS_SAMPLE t=203.2s rss=4095MB hwm=4097MB
RSS_SAMPLE t=203.4s rss=4095MB hwm=4097MB
RSS_SAMPLE t=203.7s rss=4095MB hwm=4097MB
RSS_SAMPLE t=203.9s rss=4095MB hwm=4097MB
RSS_SAMPLE t=204.2s rss=4095MB hwm=4097MB
RSS_SAMPLE t=204.4s rss=4096MB hwm=4097MB
MEM_POOL: workspaces=32 dense_usage_mb=1251 n_pipes=2562403
    strata[outer=1]: carry slow_energy=2288361.2
    post_solve_diag[outer=1]: solves=52104 cap_armed=52104 (100.0%) settle_avg=247 above_sink_avg=35 (14.2%) settle_max=3140
    settle_hist[outer=1]: <100: 28817nets/5.0%work  <1k: 19167nets/50.2%work  <5k: 4120nets/44.8%work  <20k: 0nets/0.0%work  <60k: 0nets/0.0%work  >=60k: 0nets/0.0%work
    fanout_hist[outer=1]: fan1: 32586nets/42.6%work  fan2-4: 18446nets/52.2%work  fan5-16: 1072nets/5.2%work  fan17-64: 0nets/0.0%work  fan65-256: 0nets/0.0%work  fan>256: 0nets/0.0%work
    rss_probe[outer=1]: pre_post_solve=4095MB post_post_solve=4116MB after_apply=4116MB
MuxSlotTracker[sweep 1 LEAK]: populated_cells=64285, overflow_tiles=1, at_cap_tiles=1072, peak_excess=5, capacity_hist={16:67346}
RSS_SAMPLE t=204.7s rss=4117MB hwm=4117MB
    E_decomp: base=16096823.2 eff=210584847680420.4 cong=210584831583597.2 cong_share=100.0% sat_pipes=255488 max_util=1299.57  R_buckets: 1-2x=133529 2-10x=1955 10-100x=567 >=100x=2426352
    E_potential: beckmann=34459646066569.9 history_total=0.0
    SpanCache: epoch=2 entries=2625 lookups=2562403 hits=2559778 misses=2625 hit_rate=99.9%
  DCD   1: nets=105117 line=17066968 energy=9569421455.051 dE=+9566981585.458 friction=12295560.9 bins=2.1x(1095) excess=438.9 moved=64021 disp=14.051 solves=52104 skip=105117 pops=12861694 theta=0.455 refresh=2838ms dcd=6906ms total=12279ms
    cache_stats: entries=48258045 capacity=82569720 est_mb=714 rss_mb=4117
RSS_SAMPLE t=204.9s rss=4117MB hwm=4117MB
RSS_SAMPLE t=205.2s rss=4117MB hwm=4117MB
RSS_SAMPLE t=205.4s rss=4117MB hwm=4117MB
RSS_SAMPLE t=205.7s rss=4117MB hwm=4117MB
RSS_SAMPLE t=205.9s rss=4117MB hwm=4117MB
RSS_SAMPLE t=206.2s rss=4117MB hwm=4117MB
RSS_SAMPLE t=206.4s rss=4117MB hwm=4117MB
RSS_SAMPLE t=206.7s rss=4117MB hwm=4117MB
RSS_SAMPLE t=206.9s rss=4117MB hwm=4117MB
RSS_SAMPLE t=207.2s rss=4117MB hwm=4117MB
    SwitchMatrix: type_usage_pairs=1419 lookups=3751 hits=2332 dijkstra_calls=1419 avg_us=12.0 total_ms=17.1
PHASE_MARK outer=2 enter=pre_solve rss=4117MB
    rss_probe[outer=2]: pre_refresh_rss=4117MB post_pre_solve_rss=4130MB cache_entries=48258045 cache_cap=82569720 cache_est_mb=714
    pre_solve_diag[outer=2]: solves=0 fallback=0 (0.0%) cap_armed=0 (0.0%) settle_avg=0 settle_max=0 init_count=248
    Overflow: over=228460 (8.9% of used) avg_excess=4.89 max_excess=2712.00 (nc=2736.00 cap=24 span=1)  excess_buckets: <=1=78939 1-5=96360 5-20=43734 >20=9427  by_cap: cap1=96064 cap2=85646 cap3-5=388 cap>5=46362  by_span: s1=2713 s2-3=4372 s4-6=24969 s7-12=95607 s>12=100799  le1_cross: cap1=44906 cap2-5=29839 cap>5=4194
    Congestion: pipes=2562403 used=2562403 congested(>50%)=494113 saturated(>90%)=255488 max_util=1299.57 avg_util=0.4550
PHASE_MARK outer=2 enter=dcd_sweep rss=4130MB
RSS_SAMPLE t=207.4s rss=4131MB hwm=4131MB
RSS_SAMPLE t=207.7s rss=4131MB hwm=4131MB
RSS_SAMPLE t=207.9s rss=4131MB hwm=4131MB
RSS_SAMPLE t=208.2s rss=4131MB hwm=4131MB
RSS_SAMPLE t=208.4s rss=4131MB hwm=4131MB
RSS_SAMPLE t=208.7s rss=4131MB hwm=4131MB
RSS_SAMPLE t=208.9s rss=4132MB hwm=4132MB
RSS_SAMPLE t=209.2s rss=4132MB hwm=4132MB
RSS_SAMPLE t=209.4s rss=4132MB hwm=4132MB
RSS_SAMPLE t=209.7s rss=4132MB hwm=4132MB
RSS_SAMPLE t=209.9s rss=4132MB hwm=4132MB
RSS_SAMPLE t=210.2s rss=4132MB hwm=4132MB
RSS_SAMPLE t=210.4s rss=4133MB hwm=4133MB
RSS_SAMPLE t=210.7s rss=4133MB hwm=4133MB
RSS_SAMPLE t=210.9s rss=4133MB hwm=4133MB
RSS_SAMPLE t=211.2s rss=4133MB hwm=4133MB
RSS_SAMPLE t=211.4s rss=4133MB hwm=4133MB
RSS_SAMPLE t=211.7s rss=4133MB hwm=4133MB
RSS_SAMPLE t=211.9s rss=4134MB hwm=4134MB
RSS_SAMPLE t=212.2s rss=4134MB hwm=4134MB
RSS_SAMPLE t=212.4s rss=4134MB hwm=4134MB
RSS_SAMPLE t=212.7s rss=4134MB hwm=4134MB
RSS_SAMPLE t=212.9s rss=4134MB hwm=4134MB
RSS_SAMPLE t=213.2s rss=4134MB hwm=4134MB
RSS_SAMPLE t=213.4s rss=4135MB hwm=4135MB
RSS_SAMPLE t=213.7s rss=4135MB hwm=4135MB
RSS_SAMPLE t=213.9s rss=4135MB hwm=4135MB
RSS_SAMPLE t=214.2s rss=4135MB hwm=4135MB
PHASE_MARK outer=2 leave=dcd_sweep rss=4135MB
PHASE_MARK outer=2 enter=post_refresh rss=4135MB
RSS_SAMPLE t=214.4s rss=4138MB hwm=4138MB
RSS_SAMPLE t=214.7s rss=4138MB hwm=4138MB
RSS_SAMPLE t=214.9s rss=4138MB hwm=4138MB
RSS_SAMPLE t=215.2s rss=4138MB hwm=4138MB
RSS_SAMPLE t=215.4s rss=4138MB hwm=4138MB
RSS_SAMPLE t=215.7s rss=4138MB hwm=4138MB
RSS_SAMPLE t=215.9s rss=4138MB hwm=4138MB
RSS_SAMPLE t=216.2s rss=4138MB hwm=4138MB
RSS_SAMPLE t=216.4s rss=4138MB hwm=4138MB
RSS_SAMPLE t=216.7s rss=4138MB hwm=4138MB
RSS_SAMPLE t=216.9s rss=4139MB hwm=4139MB
MEM_POOL: workspaces=32 dense_usage_mb=1251 n_pipes=2562403
RSS_SAMPLE t=217.2s rss=4214MB hwm=4214MB
RSS_SAMPLE t=217.4s rss=4224MB hwm=4224MB
RSS_SAMPLE t=217.7s rss=4230MB hwm=4230MB
RSS_SAMPLE t=217.9s rss=4233MB hwm=4233MB
RSS_SAMPLE t=218.2s rss=4234MB hwm=4234MB
RSS_SAMPLE t=218.4s rss=4235MB hwm=4235MB
RSS_SAMPLE t=218.7s rss=4235MB hwm=4235MB
RSS_SAMPLE t=218.9s rss=4235MB hwm=4235MB
RSS_SAMPLE t=219.2s rss=4237MB hwm=4237MB
RSS_SAMPLE t=219.4s rss=4237MB hwm=4237MB
RSS_SAMPLE t=219.7s rss=4237MB hwm=4237MB
RSS_SAMPLE t=219.9s rss=4238MB hwm=4238MB
RSS_SAMPLE t=220.2s rss=4238MB hwm=4238MB
RSS_SAMPLE t=220.4s rss=4239MB hwm=4239MB
RSS_SAMPLE t=220.7s rss=4239MB hwm=4239MB
RSS_SAMPLE t=220.9s rss=4240MB hwm=4240MB
RSS_SAMPLE t=221.2s rss=4240MB hwm=4240MB
RSS_SAMPLE t=221.4s rss=4241MB hwm=4241MB
RSS_SAMPLE t=221.7s rss=4241MB hwm=4241MB
RSS_SAMPLE t=221.9s rss=4242MB hwm=4242MB
RSS_SAMPLE t=222.2s rss=4243MB hwm=4243MB
RSS_SAMPLE t=222.4s rss=4243MB hwm=4243MB
RSS_SAMPLE t=222.7s rss=4243MB hwm=4243MB
RSS_SAMPLE t=222.9s rss=4244MB hwm=4244MB
RSS_SAMPLE t=223.2s rss=4245MB hwm=4245MB
RSS_SAMPLE t=223.4s rss=4246MB hwm=4246MB
RSS_SAMPLE t=223.7s rss=4247MB hwm=4247MB
RSS_SAMPLE t=223.9s rss=4247MB hwm=4247MB
RSS_SAMPLE t=224.2s rss=4248MB hwm=4248MB
RSS_SAMPLE t=224.4s rss=4248MB hwm=4248MB
RSS_SAMPLE t=224.7s rss=4249MB hwm=4249MB
RSS_SAMPLE t=224.9s rss=4249MB hwm=4249MB
RSS_SAMPLE t=225.2s rss=4250MB hwm=4250MB
RSS_SAMPLE t=225.4s rss=4250MB hwm=4250MB
RSS_SAMPLE t=225.7s rss=4251MB hwm=4251MB
RSS_SAMPLE t=225.9s rss=4251MB hwm=4251MB
RSS_SAMPLE t=226.2s rss=4252MB hwm=4252MB
RSS_SAMPLE t=226.4s rss=4252MB hwm=4252MB
RSS_SAMPLE t=226.7s rss=4253MB hwm=4253MB
RSS_SAMPLE t=226.9s rss=4253MB hwm=4253MB
RSS_SAMPLE t=227.2s rss=4254MB hwm=4254MB
RSS_SAMPLE t=227.4s rss=4255MB hwm=4255MB
RSS_SAMPLE t=227.7s rss=4256MB hwm=4256MB
RSS_SAMPLE t=227.9s rss=4257MB hwm=4257MB
RSS_SAMPLE t=228.2s rss=4257MB hwm=4257MB
RSS_SAMPLE t=228.4s rss=4259MB hwm=4259MB
RSS_SAMPLE t=228.7s rss=4259MB hwm=4259MB
RSS_SAMPLE t=228.9s rss=4260MB hwm=4260MB
RSS_SAMPLE t=229.2s rss=4260MB hwm=4260MB
RSS_SAMPLE t=229.4s rss=4260MB hwm=4260MB
RSS_SAMPLE t=229.7s rss=4262MB hwm=4262MB
RSS_SAMPLE t=229.9s rss=4262MB hwm=4262MB
RSS_SAMPLE t=230.2s rss=4263MB hwm=4263MB
RSS_SAMPLE t=230.4s rss=4263MB hwm=4263MB
RSS_SAMPLE t=230.7s rss=4263MB hwm=4263MB
RSS_SAMPLE t=230.9s rss=4263MB hwm=4263MB
RSS_SAMPLE t=231.2s rss=4264MB hwm=4264MB
RSS_SAMPLE t=231.4s rss=4264MB hwm=4264MB
RSS_SAMPLE t=231.7s rss=4265MB hwm=4265MB
RSS_SAMPLE t=231.9s rss=4265MB hwm=4265MB
RSS_SAMPLE t=232.2s rss=4265MB hwm=4265MB
RSS_SAMPLE t=232.4s rss=4265MB hwm=4265MB
RSS_SAMPLE t=232.7s rss=4265MB hwm=4265MB
RSS_SAMPLE t=232.9s rss=4265MB hwm=4265MB
RSS_SAMPLE t=233.2s rss=4265MB hwm=4265MB
RSS_SAMPLE t=233.4s rss=4266MB hwm=4266MB
RSS_SAMPLE t=233.7s rss=4266MB hwm=4266MB
RSS_SAMPLE t=233.9s rss=4266MB hwm=4266MB
RSS_SAMPLE t=234.2s rss=4267MB hwm=4267MB
RSS_SAMPLE t=234.4s rss=4267MB hwm=4267MB
RSS_SAMPLE t=234.7s rss=4267MB hwm=4267MB
RSS_SAMPLE t=234.9s rss=4267MB hwm=4267MB
RSS_SAMPLE t=235.2s rss=4267MB hwm=4267MB
RSS_SAMPLE t=235.4s rss=4267MB hwm=4267MB
RSS_SAMPLE t=235.7s rss=4267MB hwm=4267MB
RSS_SAMPLE t=235.9s rss=4267MB hwm=4267MB
RSS_SAMPLE t=236.2s rss=4267MB hwm=4267MB
RSS_SAMPLE t=236.5s rss=4267MB hwm=4267MB
RSS_SAMPLE t=236.7s rss=4267MB hwm=4267MB
RSS_SAMPLE t=237.0s rss=4267MB hwm=4267MB
RSS_SAMPLE t=237.2s rss=4267MB hwm=4267MB
RSS_SAMPLE t=237.5s rss=4267MB hwm=4267MB
RSS_SAMPLE t=237.7s rss=4267MB hwm=4267MB
RSS_SAMPLE t=238.0s rss=4267MB hwm=4267MB
RSS_SAMPLE t=238.2s rss=4268MB hwm=4268MB
RSS_SAMPLE t=238.5s rss=4268MB hwm=4268MB
RSS_SAMPLE t=238.7s rss=4268MB hwm=4268MB
RSS_SAMPLE t=239.0s rss=4268MB hwm=4268MB
RSS_SAMPLE t=239.2s rss=4268MB hwm=4268MB
RSS_SAMPLE t=239.5s rss=4268MB hwm=4268MB
RSS_SAMPLE t=239.7s rss=4268MB hwm=4268MB
RSS_SAMPLE t=240.0s rss=4268MB hwm=4268MB
RSS_SAMPLE t=240.2s rss=4268MB hwm=4268MB
RSS_SAMPLE t=240.5s rss=4268MB hwm=4268MB
RSS_SAMPLE t=240.7s rss=4268MB hwm=4268MB
RSS_SAMPLE t=241.0s rss=4268MB hwm=4268MB
RSS_SAMPLE t=241.2s rss=4268MB hwm=4268MB
RSS_SAMPLE t=241.5s rss=4268MB hwm=4268MB
RSS_SAMPLE t=241.7s rss=4268MB hwm=4268MB
RSS_SAMPLE t=242.0s rss=4268MB hwm=4268MB
RSS_SAMPLE t=242.2s rss=4269MB hwm=4269MB
RSS_SAMPLE t=242.5s rss=4269MB hwm=4269MB
RSS_SAMPLE t=242.7s rss=4269MB hwm=4269MB
RSS_SAMPLE t=243.0s rss=4269MB hwm=4269MB
RSS_SAMPLE t=243.2s rss=4269MB hwm=4269MB
RSS_SAMPLE t=243.5s rss=4269MB hwm=4269MB
RSS_SAMPLE t=243.7s rss=4269MB hwm=4269MB
RSS_SAMPLE t=244.0s rss=4269MB hwm=4269MB
RSS_SAMPLE t=244.2s rss=4269MB hwm=4269MB
RSS_SAMPLE t=244.5s rss=4269MB hwm=4269MB
RSS_SAMPLE t=244.7s rss=4269MB hwm=4269MB
RSS_SAMPLE t=245.0s rss=4269MB hwm=4269MB
RSS_SAMPLE t=245.2s rss=4269MB hwm=4269MB
RSS_SAMPLE t=245.5s rss=4269MB hwm=4269MB
RSS_SAMPLE t=245.7s rss=4269MB hwm=4269MB
RSS_SAMPLE t=246.0s rss=4269MB hwm=4269MB
RSS_SAMPLE t=246.2s rss=4269MB hwm=4269MB
RSS_SAMPLE t=246.5s rss=4269MB hwm=4269MB
RSS_SAMPLE t=246.7s rss=4269MB hwm=4269MB
RSS_SAMPLE t=247.0s rss=4269MB hwm=4269MB
RSS_SAMPLE t=247.2s rss=4269MB hwm=4269MB
RSS_SAMPLE t=247.5s rss=4269MB hwm=4269MB
RSS_SAMPLE t=247.7s rss=4269MB hwm=4269MB
RSS_SAMPLE t=248.0s rss=4269MB hwm=4269MB
RSS_SAMPLE t=248.2s rss=4270MB hwm=4270MB
RSS_SAMPLE t=248.5s rss=4270MB hwm=4270MB
RSS_SAMPLE t=248.7s rss=4270MB hwm=4270MB
RSS_SAMPLE t=249.0s rss=4270MB hwm=4270MB
RSS_SAMPLE t=249.2s rss=4270MB hwm=4270MB
RSS_SAMPLE t=249.5s rss=4270MB hwm=4270MB
RSS_SAMPLE t=249.7s rss=4270MB hwm=4270MB
RSS_SAMPLE t=250.0s rss=4270MB hwm=4270MB
RSS_SAMPLE t=250.2s rss=4270MB hwm=4270MB
RSS_SAMPLE t=250.5s rss=4270MB hwm=4270MB
RSS_SAMPLE t=250.7s rss=4270MB hwm=4270MB
RSS_SAMPLE t=251.0s rss=4270MB hwm=4270MB
RSS_SAMPLE t=251.2s rss=4270MB hwm=4270MB
RSS_SAMPLE t=251.5s rss=4270MB hwm=4270MB
RSS_SAMPLE t=251.7s rss=4270MB hwm=4270MB
RSS_SAMPLE t=252.0s rss=4270MB hwm=4270MB
RSS_SAMPLE t=252.2s rss=4270MB hwm=4270MB
RSS_SAMPLE t=252.5s rss=4270MB hwm=4270MB
RSS_SAMPLE t=252.7s rss=4270MB hwm=4270MB
RSS_SAMPLE t=253.0s rss=4270MB hwm=4270MB
RSS_SAMPLE t=253.2s rss=4270MB hwm=4270MB
RSS_SAMPLE t=253.5s rss=4270MB hwm=4270MB
RSS_SAMPLE t=253.7s rss=4270MB hwm=4270MB
RSS_SAMPLE t=254.0s rss=4270MB hwm=4270MB
RSS_SAMPLE t=254.2s rss=4270MB hwm=4270MB
RSS_SAMPLE t=254.5s rss=4270MB hwm=4270MB
RSS_SAMPLE t=254.7s rss=4270MB hwm=4270MB
RSS_SAMPLE t=255.0s rss=4270MB hwm=4270MB
RSS_SAMPLE t=255.2s rss=4270MB hwm=4270MB
RSS_SAMPLE t=255.5s rss=4270MB hwm=4270MB
RSS_SAMPLE t=255.7s rss=4270MB hwm=4270MB
RSS_SAMPLE t=256.0s rss=4271MB hwm=4271MB
RSS_SAMPLE t=256.2s rss=4271MB hwm=4271MB
RSS_SAMPLE t=256.5s rss=4271MB hwm=4271MB
RSS_SAMPLE t=256.7s rss=4271MB hwm=4271MB
RSS_SAMPLE t=257.0s rss=4271MB hwm=4271MB
RSS_SAMPLE t=257.2s rss=4271MB hwm=4271MB
RSS_SAMPLE t=257.5s rss=4271MB hwm=4271MB
RSS_SAMPLE t=257.7s rss=4271MB hwm=4271MB
RSS_SAMPLE t=258.0s rss=4271MB hwm=4271MB
RSS_SAMPLE t=258.2s rss=4271MB hwm=4271MB
RSS_SAMPLE t=258.5s rss=4271MB hwm=4271MB
RSS_SAMPLE t=258.7s rss=4271MB hwm=4271MB
RSS_SAMPLE t=259.0s rss=4271MB hwm=4271MB
RSS_SAMPLE t=259.2s rss=4271MB hwm=4271MB
RSS_SAMPLE t=259.5s rss=4271MB hwm=4271MB
RSS_SAMPLE t=259.7s rss=4271MB hwm=4271MB
RSS_SAMPLE t=260.0s rss=4271MB hwm=4271MB
RSS_SAMPLE t=260.2s rss=4271MB hwm=4271MB
RSS_SAMPLE t=260.5s rss=4271MB hwm=4271MB
RSS_SAMPLE t=260.7s rss=4271MB hwm=4271MB
RSS_SAMPLE t=261.0s rss=4271MB hwm=4271MB
RSS_SAMPLE t=261.2s rss=4271MB hwm=4271MB
MEM_POOL: workspaces=32 dense_usage_mb=1251 n_pipes=2562403
    strata[outer=2]: REFRESH slow=52830 fast=52287 slow_energy=15462774652.3
    post_solve_diag[outer=2]: solves=52287 cap_armed=52287 (100.0%) settle_avg=194 above_sink_avg=15 (7.9%) settle_max=2935
    settle_hist[outer=2]: <100: 32314nets/6.8%work  <1k: 17217nets/55.7%work  <5k: 2756nets/37.5%work  <20k: 0nets/0.0%work  <60k: 0nets/0.0%work  >=60k: 0nets/0.0%work
    fanout_hist[outer=2]: fan1: 32601nets/40.4%work  fan2-4: 18596nets/53.6%work  fan5-16: 1090nets/5.9%work  fan17-64: 0nets/0.0%work  fan65-256: 0nets/0.0%work  fan>256: 0nets/0.0%work
    rss_probe[outer=2]: pre_post_solve=4138MB post_post_solve=4271MB after_apply=4271MB
RSS_SAMPLE t=261.5s rss=4272MB hwm=4286MB
MuxSlotTracker[sweep 2 LEAK]: populated_cells=65390, overflow_tiles=1, at_cap_tiles=1074, peak_excess=4, capacity_hist={16:67346}
    E_decomp: base=12771237.9 eff=190043558295801.8 cong=190043545524564.0 cong_share=100.0% sat_pipes=185360 max_util=1193.82  R_buckets: 1-2x=128495 2-10x=4442 10-100x=2035 >=100x=2427431
    E_potential: beckmann=327385808774519.8 history_total=0.0
    SpanCache: epoch=3 entries=3751 lookups=2562403 hits=2558652 misses=3751 hit_rate=99.9%
  DCD   2: nets=105117 line=17113659 energy=58480768073.505 dE=+48911346618.454 friction=16328705.5 bins=2.0x(1095) excess=386.7 moved=63549 disp=4.755 solves=52287 skip=105117 pops=10125826 theta=0.829 refresh=47243ms dcd=6957ms total=56807ms
    cache_stats: entries=44582135 capacity=78102384 est_mb=675 rss_mb=4272
RSS_SAMPLE t=261.7s rss=4272MB hwm=4286MB
RSS_SAMPLE t=262.0s rss=4272MB hwm=4286MB
RSS_SAMPLE t=262.2s rss=4272MB hwm=4286MB
RSS_SAMPLE t=262.5s rss=4272MB hwm=4286MB
RSS_SAMPLE t=262.7s rss=4272MB hwm=4286MB
RSS_SAMPLE t=263.0s rss=4272MB hwm=4286MB
RSS_SAMPLE t=263.2s rss=4272MB hwm=4286MB
RSS_SAMPLE t=263.5s rss=4272MB hwm=4286MB
RSS_SAMPLE t=263.7s rss=4272MB hwm=4286MB
    SwitchMatrix: type_usage_pairs=1540 lookups=3610 hits=2070 dijkstra_calls=1540 avg_us=11.9 total_ms=18.3
RSS_SAMPLE t=264.0s rss=4272MB hwm=4286MB
PHASE_MARK outer=3 enter=pre_solve rss=4272MB
    rss_probe[outer=3]: pre_refresh_rss=4272MB post_pre_solve_rss=4272MB cache_entries=44582135 cache_cap=78102384 cache_est_mb=675
    pre_solve_diag[outer=3]: solves=0 fallback=0 (0.0%) cap_armed=0 (0.0%) settle_avg=0 settle_max=0 init_count=245
    Overflow: over=170202 (6.6% of used) avg_excess=9.26 max_excess=3709.25 (nc=3733.25 cap=24 span=1)  excess_buckets: <=1=53690 1-5=75837 5-20=30327 >20=10348  by_cap: cap1=51230 cap2=95415 cap3-5=113 cap>5=23444  by_span: s1=667 s2-3=6672 s4-6=12253 s7-12=97937 s>12=52673  le1_cross: cap1=29281 cap2-5=21423 cap>5=2986
    Congestion: pipes=2562403 used=2562403 congested(>50%)=292847 saturated(>90%)=185360 max_util=1193.82 avg_util=0.3601
PHASE_MARK outer=3 enter=dcd_sweep rss=4272MB
RSS_SAMPLE t=264.2s rss=4272MB hwm=4286MB
RSS_SAMPLE t=264.5s rss=4272MB hwm=4286MB
RSS_SAMPLE t=264.7s rss=4272MB hwm=4286MB
RSS_SAMPLE t=265.0s rss=4272MB hwm=4286MB
RSS_SAMPLE t=265.2s rss=4272MB hwm=4286MB
RSS_SAMPLE t=265.5s rss=4272MB hwm=4286MB
RSS_SAMPLE t=265.7s rss=4272MB hwm=4286MB
RSS_SAMPLE t=266.0s rss=4272MB hwm=4286MB
RSS_SAMPLE t=266.2s rss=4272MB hwm=4286MB
RSS_SAMPLE t=266.5s rss=4272MB hwm=4286MB
RSS_SAMPLE t=266.7s rss=4272MB hwm=4286MB
RSS_SAMPLE t=267.0s rss=4272MB hwm=4286MB
RSS_SAMPLE t=267.2s rss=4272MB hwm=4286MB
RSS_SAMPLE t=267.5s rss=4272MB hwm=4286MB
RSS_SAMPLE t=267.7s rss=4272MB hwm=4286MB
RSS_SAMPLE t=268.0s rss=4272MB hwm=4286MB
RSS_SAMPLE t=268.2s rss=4272MB hwm=4286MB
RSS_SAMPLE t=268.5s rss=4272MB hwm=4286MB
RSS_SAMPLE t=268.7s rss=4272MB hwm=4286MB
RSS_SAMPLE t=269.0s rss=4272MB hwm=4286MB
RSS_SAMPLE t=269.2s rss=4272MB hwm=4286MB
RSS_SAMPLE t=269.5s rss=4272MB hwm=4286MB
RSS_SAMPLE t=269.7s rss=4272MB hwm=4286MB
RSS_SAMPLE t=270.0s rss=4272MB hwm=4286MB
RSS_SAMPLE t=270.2s rss=4272MB hwm=4286MB
RSS_SAMPLE t=270.5s rss=4272MB hwm=4286MB
RSS_SAMPLE t=270.7s rss=4272MB hwm=4286MB
RSS_SAMPLE t=271.0s rss=4272MB hwm=4286MB
PHASE_MARK outer=3 leave=dcd_sweep rss=4272MB
PHASE_MARK outer=3 enter=post_refresh rss=4272MB
RSS_SAMPLE t=271.2s rss=4272MB hwm=4286MB
RSS_SAMPLE t=271.5s rss=4272MB hwm=4286MB
RSS_SAMPLE t=271.7s rss=4272MB hwm=4286MB
RSS_SAMPLE t=272.0s rss=4272MB hwm=4286MB
RSS_SAMPLE t=272.2s rss=4272MB hwm=4286MB
RSS_SAMPLE t=272.5s rss=4272MB hwm=4286MB
RSS_SAMPLE t=272.7s rss=4272MB hwm=4286MB
RSS_SAMPLE t=273.0s rss=4272MB hwm=4286MB
RSS_SAMPLE t=273.2s rss=4272MB hwm=4286MB
RSS_SAMPLE t=273.5s rss=4272MB hwm=4286MB
RSS_SAMPLE t=273.7s rss=4292MB hwm=4292MB
MEM_POOL: workspaces=32 dense_usage_mb=1251 n_pipes=2562403
    strata[outer=3]: carry slow_energy=15462774652.3
    post_solve_diag[outer=3]: solves=53505 cap_armed=53505 (100.0%) settle_avg=211 above_sink_avg=11 (5.3%) settle_max=3139
    settle_hist[outer=3]: <100: 32031nets/5.2%work  <1k: 18475nets/57.4%work  <5k: 2999nets/37.3%work  <20k: 0nets/0.0%work  <60k: 0nets/0.0%work  >=60k: 0nets/0.0%work
    fanout_hist[outer=3]: fan1: 33080nets/40.4%work  fan2-4: 19277nets/53.6%work  fan5-16: 1148nets/6.1%work  fan17-64: 0nets/0.0%work  fan65-256: 0nets/0.0%work  fan>256: 0nets/0.0%work
    rss_probe[outer=3]: pre_post_solve=4272MB post_post_solve=4292MB after_apply=4292MB
    E_decomp: base=11106930.5 eff=1979950023361990.8 cong=1979950012255060.2 cong_share=100.0% sat_pipes=113072 max_util=1414.75  R_buckets: 1-2x=77608 2-10x=28378 10-100x=19517 >=100x=2436900
    E_potential: beckmann=825669555333259.8 history_total=0.0
    SpanCache: epoch=4 entries=3610 lookups=2562403 hits=2558793 misses=3610 hit_rate=99.9%
  DCD   3: nets=105117 line=16929518 energy=41542944898.744 dE=-16937823174.761 friction=23143284.7 bins=2.0x(976) excess=370.7 moved=66084 disp=11.432 solves=53505 skip=105117 pops=11298909 theta=1.509 refresh=2798ms dcd=7042ms total=12281ms
    cache_stats: entries=44591250 capacity=77405587 est_mb=669 rss_mb=4292
RSS_SAMPLE t=274.0s rss=4292MB hwm=4292MB
RSS_SAMPLE t=274.2s rss=4292MB hwm=4292MB
RSS_SAMPLE t=274.5s rss=4292MB hwm=4292MB
RSS_SAMPLE t=274.7s rss=4292MB hwm=4292MB
RSS_SAMPLE t=275.0s rss=4292MB hwm=4292MB
RSS_SAMPLE t=275.2s rss=4292MB hwm=4292MB
RSS_SAMPLE t=275.5s rss=4292MB hwm=4292MB
RSS_SAMPLE t=275.7s rss=4292MB hwm=4292MB
RSS_SAMPLE t=276.0s rss=4292MB hwm=4292MB
RSS_SAMPLE t=276.2s rss=4292MB hwm=4292MB
    SwitchMatrix: type_usage_pairs=1555 lookups=3333 hits=1778 dijkstra_calls=1555 avg_us=12.5 total_ms=19.5
PHASE_MARK outer=4 enter=pre_solve rss=4292MB
    rss_probe[outer=4]: pre_refresh_rss=4292MB post_pre_solve_rss=4292MB cache_entries=44591250 cache_cap=77405587 cache_est_mb=669
    pre_solve_diag[outer=4]: solves=0 fallback=0 (0.0%) cap_armed=0 (0.0%) settle_avg=0 settle_max=0 init_count=248
    Overflow: over=104512 (4.1% of used) avg_excess=21.18 max_excess=3943.52 (nc=3967.52 cap=24 span=1)  excess_buckets: <=1=26198 1-5=26245 5-20=36121 >20=15948  by_cap: cap1=21961 cap2=71396 cap3-5=26 cap>5=11129  by_span: s1=553 s2-3=7962 s4-6=3160 s7-12=70677 s>12=22160  le1_cross: cap1=16904 cap2-5=8326 cap>5=968
    Congestion: pipes=2562403 used=2562403 congested(>50%)=184013 saturated(>90%)=113072 max_util=1414.75 avg_util=0.3125
PHASE_MARK outer=4 enter=dcd_sweep rss=4292MB
RSS_SAMPLE t=276.5s rss=4292MB hwm=4292MB
RSS_SAMPLE t=276.7s rss=4292MB hwm=4292MB
RSS_SAMPLE t=277.0s rss=4292MB hwm=4292MB
RSS_SAMPLE t=277.2s rss=4292MB hwm=4292MB
RSS_SAMPLE t=277.5s rss=4292MB hwm=4292MB
RSS_SAMPLE t=277.7s rss=4292MB hwm=4292MB
RSS_SAMPLE t=278.0s rss=4292MB hwm=4292MB
RSS_SAMPLE t=278.2s rss=4292MB hwm=4292MB
RSS_SAMPLE t=278.5s rss=4292MB hwm=4292MB
RSS_SAMPLE t=278.7s rss=4292MB hwm=4292MB
RSS_SAMPLE t=279.0s rss=4292MB hwm=4292MB
RSS_SAMPLE t=279.2s rss=4292MB hwm=4292MB
RSS_SAMPLE t=279.5s rss=4292MB hwm=4292MB
RSS_SAMPLE t=279.7s rss=4292MB hwm=4292MB
RSS_SAMPLE t=280.0s rss=4292MB hwm=4292MB
RSS_SAMPLE t=280.2s rss=4292MB hwm=4292MB
RSS_SAMPLE t=280.5s rss=4292MB hwm=4292MB
RSS_SAMPLE t=280.7s rss=4292MB hwm=4292MB
RSS_SAMPLE t=281.0s rss=4292MB hwm=4292MB
RSS_SAMPLE t=281.2s rss=4292MB hwm=4292MB
RSS_SAMPLE t=281.5s rss=4292MB hwm=4292MB
RSS_SAMPLE t=281.7s rss=4292MB hwm=4292MB
RSS_SAMPLE t=282.0s rss=4292MB hwm=4292MB
RSS_SAMPLE t=282.2s rss=4292MB hwm=4292MB
RSS_SAMPLE t=282.5s rss=4292MB hwm=4292MB
RSS_SAMPLE t=282.7s rss=4292MB hwm=4292MB
RSS_SAMPLE t=283.0s rss=4292MB hwm=4292MB
RSS_SAMPLE t=283.2s rss=4292MB hwm=4292MB
PHASE_MARK outer=4 leave=dcd_sweep rss=4292MB
PHASE_MARK outer=4 enter=post_refresh rss=4292MB
RSS_SAMPLE t=283.5s rss=4293MB hwm=4293MB
RSS_SAMPLE t=283.7s rss=4293MB hwm=4293MB
RSS_SAMPLE t=284.0s rss=4293MB hwm=4293MB
RSS_SAMPLE t=284.2s rss=4293MB hwm=4293MB
RSS_SAMPLE t=284.5s rss=4293MB hwm=4293MB
RSS_SAMPLE t=284.7s rss=4293MB hwm=4293MB
RSS_SAMPLE t=285.0s rss=4293MB hwm=4293MB
RSS_SAMPLE t=285.2s rss=4293MB hwm=4293MB
RSS_SAMPLE t=285.5s rss=4293MB hwm=4293MB
RSS_SAMPLE t=285.7s rss=4293MB hwm=4293MB
MEM_POOL: workspaces=32 dense_usage_mb=1251 n_pipes=2562403
RSS_SAMPLE t=286.0s rss=4293MB hwm=4293MB
RSS_SAMPLE t=286.2s rss=4295MB hwm=4295MB
RSS_SAMPLE t=286.5s rss=4296MB hwm=4296MB
RSS_SAMPLE t=286.7s rss=4297MB hwm=4297MB
RSS_SAMPLE t=287.0s rss=4298MB hwm=4298MB
RSS_SAMPLE t=287.2s rss=4298MB hwm=4298MB
RSS_SAMPLE t=287.5s rss=4299MB hwm=4299MB
RSS_SAMPLE t=287.7s rss=4299MB hwm=4299MB
RSS_SAMPLE t=288.0s rss=4300MB hwm=4300MB
RSS_SAMPLE t=288.2s rss=4300MB hwm=4300MB
RSS_SAMPLE t=288.5s rss=4301MB hwm=4301MB
RSS_SAMPLE t=288.7s rss=4301MB hwm=4301MB
RSS_SAMPLE t=289.0s rss=4301MB hwm=4301MB
RSS_SAMPLE t=289.2s rss=4302MB hwm=4302MB
RSS_SAMPLE t=289.5s rss=4303MB hwm=4303MB
RSS_SAMPLE t=289.7s rss=4303MB hwm=4303MB
RSS_SAMPLE t=290.0s rss=4303MB hwm=4303MB
RSS_SAMPLE t=290.2s rss=4304MB hwm=4304MB
RSS_SAMPLE t=290.5s rss=4304MB hwm=4304MB
RSS_SAMPLE t=290.7s rss=4304MB hwm=4304MB
RSS_SAMPLE t=291.0s rss=4304MB hwm=4304MB
RSS_SAMPLE t=291.2s rss=4305MB hwm=4305MB
RSS_SAMPLE t=291.5s rss=4305MB hwm=4305MB
RSS_SAMPLE t=291.7s rss=4305MB hwm=4305MB
RSS_SAMPLE t=292.0s rss=4305MB hwm=4305MB
RSS_SAMPLE t=292.2s rss=4306MB hwm=4306MB
RSS_SAMPLE t=292.5s rss=4306MB hwm=4306MB
RSS_SAMPLE t=292.7s rss=4306MB hwm=4306MB
RSS_SAMPLE t=293.0s rss=4307MB hwm=4307MB
RSS_SAMPLE t=293.2s rss=4307MB hwm=4307MB
RSS_SAMPLE t=293.5s rss=4307MB hwm=4307MB
RSS_SAMPLE t=293.7s rss=4307MB hwm=4307MB
RSS_SAMPLE t=294.0s rss=4307MB hwm=4307MB
RSS_SAMPLE t=294.2s rss=4307MB hwm=4307MB
RSS_SAMPLE t=294.5s rss=4307MB hwm=4307MB
RSS_SAMPLE t=294.7s rss=4307MB hwm=4307MB
RSS_SAMPLE t=295.0s rss=4307MB hwm=4307MB
RSS_SAMPLE t=295.2s rss=4307MB hwm=4307MB
RSS_SAMPLE t=295.5s rss=4308MB hwm=4308MB
RSS_SAMPLE t=295.7s rss=4308MB hwm=4308MB
RSS_SAMPLE t=296.0s rss=4308MB hwm=4308MB
RSS_SAMPLE t=296.2s rss=4308MB hwm=4308MB
RSS_SAMPLE t=296.5s rss=4308MB hwm=4308MB
RSS_SAMPLE t=296.7s rss=4308MB hwm=4308MB
RSS_SAMPLE t=297.0s rss=4308MB hwm=4308MB
RSS_SAMPLE t=297.2s rss=4308MB hwm=4308MB
RSS_SAMPLE t=297.5s rss=4308MB hwm=4308MB
RSS_SAMPLE t=297.7s rss=4308MB hwm=4308MB
RSS_SAMPLE t=298.0s rss=4308MB hwm=4308MB
RSS_SAMPLE t=298.2s rss=4308MB hwm=4308MB
RSS_SAMPLE t=298.5s rss=4308MB hwm=4308MB
RSS_SAMPLE t=298.7s rss=4308MB hwm=4308MB
RSS_SAMPLE t=299.0s rss=4308MB hwm=4308MB
RSS_SAMPLE t=299.3s rss=4308MB hwm=4308MB
RSS_SAMPLE t=299.5s rss=4308MB hwm=4308MB
RSS_SAMPLE t=299.8s rss=4308MB hwm=4308MB
RSS_SAMPLE t=300.0s rss=4308MB hwm=4308MB
RSS_SAMPLE t=300.3s rss=4308MB hwm=4308MB
RSS_SAMPLE t=300.5s rss=4308MB hwm=4308MB
RSS_SAMPLE t=300.8s rss=4308MB hwm=4308MB
RSS_SAMPLE t=301.0s rss=4308MB hwm=4308MB
RSS_SAMPLE t=301.3s rss=4308MB hwm=4308MB
RSS_SAMPLE t=301.5s rss=4308MB hwm=4308MB
RSS_SAMPLE t=301.8s rss=4309MB hwm=4309MB
RSS_SAMPLE t=302.0s rss=4309MB hwm=4309MB
RSS_SAMPLE t=302.3s rss=4309MB hwm=4309MB
RSS_SAMPLE t=302.5s rss=4309MB hwm=4309MB
RSS_SAMPLE t=302.8s rss=4309MB hwm=4309MB
RSS_SAMPLE t=303.0s rss=4309MB hwm=4309MB
RSS_SAMPLE t=303.3s rss=4310MB hwm=4310MB
RSS_SAMPLE t=303.5s rss=4310MB hwm=4310MB
RSS_SAMPLE t=303.8s rss=4311MB hwm=4311MB
RSS_SAMPLE t=304.0s rss=4311MB hwm=4311MB
RSS_SAMPLE t=304.3s rss=4311MB hwm=4311MB
RSS_SAMPLE t=304.5s rss=4311MB hwm=4311MB
RSS_SAMPLE t=304.8s rss=4311MB hwm=4311MB
RSS_SAMPLE t=305.0s rss=4312MB hwm=4312MB
RSS_SAMPLE t=305.3s rss=4312MB hwm=4312MB
RSS_SAMPLE t=305.5s rss=4313MB hwm=4313MB
RSS_SAMPLE t=305.8s rss=4313MB hwm=4313MB
RSS_SAMPLE t=306.0s rss=4313MB hwm=4313MB
RSS_SAMPLE t=306.3s rss=4313MB hwm=4313MB
RSS_SAMPLE t=306.5s rss=4313MB hwm=4313MB
RSS_SAMPLE t=306.8s rss=4314MB hwm=4314MB
RSS_SAMPLE t=307.0s rss=4314MB hwm=4314MB
RSS_SAMPLE t=307.3s rss=4314MB hwm=4314MB
RSS_SAMPLE t=307.5s rss=4314MB hwm=4314MB
RSS_SAMPLE t=307.8s rss=4314MB hwm=4314MB
RSS_SAMPLE t=308.0s rss=4314MB hwm=4314MB
RSS_SAMPLE t=308.3s rss=4315MB hwm=4315MB
RSS_SAMPLE t=308.5s rss=4315MB hwm=4315MB
RSS_SAMPLE t=308.8s rss=4315MB hwm=4315MB
RSS_SAMPLE t=309.0s rss=4315MB hwm=4315MB
RSS_SAMPLE t=309.3s rss=4315MB hwm=4315MB
RSS_SAMPLE t=309.5s rss=4315MB hwm=4315MB
RSS_SAMPLE t=309.8s rss=4315MB hwm=4315MB
RSS_SAMPLE t=310.0s rss=4315MB hwm=4315MB
RSS_SAMPLE t=310.3s rss=4315MB hwm=4315MB
RSS_SAMPLE t=310.5s rss=4315MB hwm=4315MB
RSS_SAMPLE t=310.8s rss=4315MB hwm=4315MB
RSS_SAMPLE t=311.0s rss=4315MB hwm=4315MB
RSS_SAMPLE t=311.3s rss=4315MB hwm=4315MB
RSS_SAMPLE t=311.5s rss=4316MB hwm=4316MB
RSS_SAMPLE t=311.8s rss=4316MB hwm=4316MB
RSS_SAMPLE t=312.0s rss=4316MB hwm=4316MB
RSS_SAMPLE t=312.3s rss=4317MB hwm=4317MB
RSS_SAMPLE t=312.5s rss=4317MB hwm=4317MB
RSS_SAMPLE t=312.8s rss=4317MB hwm=4317MB
RSS_SAMPLE t=313.0s rss=4318MB hwm=4318MB
RSS_SAMPLE t=313.3s rss=4318MB hwm=4318MB
RSS_SAMPLE t=313.5s rss=4318MB hwm=4318MB
RSS_SAMPLE t=313.8s rss=4318MB hwm=4318MB
RSS_SAMPLE t=314.0s rss=4318MB hwm=4318MB
RSS_SAMPLE t=314.3s rss=4319MB hwm=4319MB
RSS_SAMPLE t=314.5s rss=4319MB hwm=4319MB
RSS_SAMPLE t=314.8s rss=4319MB hwm=4319MB
RSS_SAMPLE t=315.0s rss=4319MB hwm=4319MB
RSS_SAMPLE t=315.3s rss=4319MB hwm=4319MB
RSS_SAMPLE t=315.5s rss=4319MB hwm=4319MB
RSS_SAMPLE t=315.8s rss=4319MB hwm=4319MB
RSS_SAMPLE t=316.0s rss=4319MB hwm=4319MB
RSS_SAMPLE t=316.3s rss=4319MB hwm=4319MB
RSS_SAMPLE t=316.5s rss=4319MB hwm=4319MB
RSS_SAMPLE t=316.8s rss=4319MB hwm=4319MB
RSS_SAMPLE t=317.0s rss=4319MB hwm=4319MB
RSS_SAMPLE t=317.3s rss=4319MB hwm=4319MB
RSS_SAMPLE t=317.5s rss=4319MB hwm=4319MB
RSS_SAMPLE t=317.8s rss=4319MB hwm=4319MB
RSS_SAMPLE t=318.0s rss=4319MB hwm=4319MB
RSS_SAMPLE t=318.3s rss=4319MB hwm=4319MB
RSS_SAMPLE t=318.5s rss=4319MB hwm=4319MB
RSS_SAMPLE t=318.8s rss=4319MB hwm=4319MB
RSS_SAMPLE t=319.0s rss=4319MB hwm=4319MB
RSS_SAMPLE t=319.3s rss=4319MB hwm=4319MB
RSS_SAMPLE t=319.5s rss=4319MB hwm=4319MB
RSS_SAMPLE t=319.8s rss=4319MB hwm=4319MB
RSS_SAMPLE t=320.0s rss=4319MB hwm=4319MB
RSS_SAMPLE t=320.3s rss=4319MB hwm=4319MB
RSS_SAMPLE t=320.5s rss=4319MB hwm=4319MB
RSS_SAMPLE t=320.8s rss=4319MB hwm=4319MB
RSS_SAMPLE t=321.0s rss=4319MB hwm=4319MB
RSS_SAMPLE t=321.3s rss=4319MB hwm=4319MB
RSS_SAMPLE t=321.5s rss=4319MB hwm=4319MB
RSS_SAMPLE t=321.8s rss=4319MB hwm=4319MB
RSS_SAMPLE t=322.0s rss=4319MB hwm=4319MB
RSS_SAMPLE t=322.3s rss=4319MB hwm=4319MB
RSS_SAMPLE t=322.5s rss=4319MB hwm=4319MB
RSS_SAMPLE t=322.8s rss=4319MB hwm=4319MB
RSS_SAMPLE t=323.0s rss=4319MB hwm=4319MB
RSS_SAMPLE t=323.3s rss=4319MB hwm=4319MB
RSS_SAMPLE t=323.5s rss=4319MB hwm=4319MB
RSS_SAMPLE t=323.8s rss=4319MB hwm=4319MB
RSS_SAMPLE t=324.0s rss=4319MB hwm=4319MB
RSS_SAMPLE t=324.3s rss=4319MB hwm=4319MB
RSS_SAMPLE t=324.5s rss=4319MB hwm=4319MB
RSS_SAMPLE t=324.8s rss=4319MB hwm=4319MB
RSS_SAMPLE t=325.0s rss=4319MB hwm=4319MB
RSS_SAMPLE t=325.3s rss=4319MB hwm=4319MB
RSS_SAMPLE t=325.5s rss=4319MB hwm=4319MB
RSS_SAMPLE t=325.8s rss=4320MB hwm=4320MB
RSS_SAMPLE t=326.0s rss=4320MB hwm=4320MB
RSS_SAMPLE t=326.3s rss=4320MB hwm=4320MB
RSS_SAMPLE t=326.5s rss=4320MB hwm=4320MB
RSS_SAMPLE t=326.8s rss=4320MB hwm=4320MB
RSS_SAMPLE t=327.0s rss=4320MB hwm=4320MB
RSS_SAMPLE t=327.3s rss=4320MB hwm=4320MB
RSS_SAMPLE t=327.5s rss=4320MB hwm=4320MB
RSS_SAMPLE t=327.8s rss=4320MB hwm=4320MB
RSS_SAMPLE t=328.0s rss=4320MB hwm=4320MB
RSS_SAMPLE t=328.3s rss=4320MB hwm=4320MB
RSS_SAMPLE t=328.5s rss=4320MB hwm=4320MB
RSS_SAMPLE t=328.8s rss=4320MB hwm=4320MB
RSS_SAMPLE t=329.0s rss=4320MB hwm=4320MB
RSS_SAMPLE t=329.3s rss=4320MB hwm=4320MB
RSS_SAMPLE t=329.5s rss=4320MB hwm=4320MB
RSS_SAMPLE t=329.8s rss=4320MB hwm=4320MB
RSS_SAMPLE t=330.0s rss=4320MB hwm=4320MB
RSS_SAMPLE t=330.3s rss=4320MB hwm=4320MB
RSS_SAMPLE t=330.5s rss=4320MB hwm=4320MB
RSS_SAMPLE t=330.8s rss=4320MB hwm=4320MB
RSS_SAMPLE t=331.0s rss=4320MB hwm=4320MB
RSS_SAMPLE t=331.3s rss=4320MB hwm=4320MB
RSS_SAMPLE t=331.5s rss=4320MB hwm=4320MB
RSS_SAMPLE t=331.8s rss=4320MB hwm=4320MB
RSS_SAMPLE t=332.0s rss=4321MB hwm=4321MB
RSS_SAMPLE t=332.3s rss=4321MB hwm=4321MB
RSS_SAMPLE t=332.5s rss=4321MB hwm=4321MB
RSS_SAMPLE t=332.8s rss=4321MB hwm=4321MB
RSS_SAMPLE t=333.0s rss=4321MB hwm=4321MB
RSS_SAMPLE t=333.3s rss=4321MB hwm=4321MB
RSS_SAMPLE t=333.5s rss=4321MB hwm=4321MB
RSS_SAMPLE t=333.8s rss=4321MB hwm=4321MB
RSS_SAMPLE t=334.0s rss=4321MB hwm=4321MB
RSS_SAMPLE t=334.3s rss=4321MB hwm=4321MB
RSS_SAMPLE t=334.5s rss=4321MB hwm=4321MB
RSS_SAMPLE t=334.8s rss=4321MB hwm=4321MB
RSS_SAMPLE t=335.0s rss=4321MB hwm=4321MB
RSS_SAMPLE t=335.3s rss=4321MB hwm=4321MB
RSS_SAMPLE t=335.5s rss=4321MB hwm=4321MB
RSS_SAMPLE t=335.8s rss=4321MB hwm=4321MB
RSS_SAMPLE t=336.0s rss=4321MB hwm=4321MB
RSS_SAMPLE t=336.3s rss=4321MB hwm=4321MB
RSS_SAMPLE t=336.5s rss=4321MB hwm=4321MB
RSS_SAMPLE t=336.8s rss=4321MB hwm=4321MB
RSS_SAMPLE t=337.0s rss=4321MB hwm=4321MB
RSS_SAMPLE t=337.3s rss=4321MB hwm=4321MB
RSS_SAMPLE t=337.5s rss=4321MB hwm=4321MB
RSS_SAMPLE t=337.8s rss=4321MB hwm=4321MB
RSS_SAMPLE t=338.0s rss=4321MB hwm=4321MB
RSS_SAMPLE t=338.3s rss=4321MB hwm=4321MB
RSS_SAMPLE t=338.5s rss=4321MB hwm=4321MB
RSS_SAMPLE t=338.8s rss=4321MB hwm=4321MB
RSS_SAMPLE t=339.0s rss=4321MB hwm=4321MB
RSS_SAMPLE t=339.3s rss=4321MB hwm=4321MB
RSS_SAMPLE t=339.5s rss=4321MB hwm=4321MB
RSS_SAMPLE t=339.8s rss=4321MB hwm=4321MB
RSS_SAMPLE t=340.0s rss=4321MB hwm=4321MB
RSS_SAMPLE t=340.3s rss=4321MB hwm=4321MB
RSS_SAMPLE t=340.5s rss=4321MB hwm=4321MB
MEM_POOL: workspaces=32 dense_usage_mb=1251 n_pipes=2562403
    strata[outer=4]: REFRESH slow=51524 fast=53593 slow_energy=72984018164.9
    post_solve_diag[outer=4]: solves=53593 cap_armed=53593 (100.0%) settle_avg=187 above_sink_avg=8 (4.5%) settle_max=2938
    settle_hist[outer=4]: <100: 34491nets/5.3%work  <1k: 16470nets/59.0%work  <5k: 2632nets/35.7%work  <20k: 0nets/0.0%work  <60k: 0nets/0.0%work  >=60k: 0nets/0.0%work
    fanout_hist[outer=4]: fan1: 33097nets/39.4%work  fan2-4: 19330nets/54.1%work  fan5-16: 1166nets/6.5%work  fan17-64: 0nets/0.0%work  fan65-256: 0nets/0.0%work  fan>256: 0nets/0.0%work
    rss_probe[outer=4]: pre_post_solve=4293MB post_post_solve=4321MB after_apply=4321MB
RSS_SAMPLE t=340.8s rss=4322MB hwm=4322MB
    E_decomp: base=10611936.5 eff=2070570957308033.8 cong=2070570946696097.2 cong_share=100.0% sat_pipes=90306 max_util=1081.94  R_buckets: 1-2x=74935 2-10x=19626 10-100x=23314 >=100x=2444528
    E_potential: beckmann=431293507073320.2 history_total=0.0
    SpanCache: epoch=5 entries=3333 lookups=2562403 hits=2559070 misses=3333 hit_rate=99.9%
  DCD   4: nets=105117 line=16845531 energy=116296590304.478 dE=+74753645405.734 friction=44959094.9 bins=2.0x(1012) excess=361.7 moved=65564 disp=4.289 solves=53593 skip=105117 pops=10041138 theta=2.746 refresh=57505ms dcd=6986ms total=66956ms
    cache_stats: entries=43837961 capacity=77456210 est_mb=670 rss_mb=4322
RSS_SAMPLE t=341.0s rss=4322MB hwm=4322MB
RSS_SAMPLE t=341.3s rss=4322MB hwm=4322MB
RSS_SAMPLE t=341.5s rss=4322MB hwm=4322MB
RSS_SAMPLE t=341.8s rss=4322MB hwm=4322MB
RSS_SAMPLE t=342.0s rss=4322MB hwm=4322MB
RSS_SAMPLE t=342.3s rss=4322MB hwm=4322MB
RSS_SAMPLE t=342.5s rss=4322MB hwm=4322MB
RSS_SAMPLE t=342.8s rss=4322MB hwm=4322MB
RSS_SAMPLE t=343.0s rss=4322MB hwm=4322MB
RSS_SAMPLE t=343.3s rss=4322MB hwm=4322MB
    SwitchMatrix: type_usage_pairs=1661 lookups=3301 hits=1640 dijkstra_calls=1661 avg_us=11.7 total_ms=19.5
PHASE_MARK outer=5 enter=pre_solve rss=4322MB
    rss_probe[outer=5]: pre_refresh_rss=4322MB post_pre_solve_rss=4322MB cache_entries=43837961 cache_cap=77456210 cache_est_mb=670
    pre_solve_diag[outer=5]: solves=0 fallback=0 (0.0%) cap_armed=0 (0.0%) settle_avg=0 settle_max=0 init_count=242
    Overflow: over=86759 (3.4% of used) avg_excess=30.31 max_excess=3958.94 (nc=3982.94 cap=24 span=1)  excess_buckets: <=1=5464 1-5=37074 5-20=25316 >20=18905  by_cap: cap1=5124 cap2=67402 cap3-5=4 cap>5=14229  by_span: s1=608 s2-3=13125 s4-6=1807 s7-12=66309 s>12=4910  le1_cross: cap1=4339 cap2-5=911 cap>5=214
    Congestion: pipes=2562403 used=2562403 congested(>50%)=127928 saturated(>90%)=90306 max_util=1081.94 avg_util=0.2840
PHASE_MARK outer=5 enter=dcd_sweep rss=4322MB
RSS_SAMPLE t=343.5s rss=4322MB hwm=4322MB
RSS_SAMPLE t=343.8s rss=4322MB hwm=4322MB
RSS_SAMPLE t=344.0s rss=4322MB hwm=4322MB
RSS_SAMPLE t=344.3s rss=4322MB hwm=4322MB
RSS_SAMPLE t=344.5s rss=4322MB hwm=4322MB
RSS_SAMPLE t=344.8s rss=4322MB hwm=4322MB
RSS_SAMPLE t=345.0s rss=4322MB hwm=4322MB
RSS_SAMPLE t=345.3s rss=4322MB hwm=4322MB
RSS_SAMPLE t=345.5s rss=4322MB hwm=4322MB
RSS_SAMPLE t=345.8s rss=4322MB hwm=4322MB
RSS_SAMPLE t=346.0s rss=4322MB hwm=4322MB
RSS_SAMPLE t=346.3s rss=4322MB hwm=4322MB
RSS_SAMPLE t=346.5s rss=4322MB hwm=4322MB
RSS_SAMPLE t=346.8s rss=4322MB hwm=4322MB
RSS_SAMPLE t=347.0s rss=4322MB hwm=4322MB
RSS_SAMPLE t=347.3s rss=4322MB hwm=4322MB
RSS_SAMPLE t=347.5s rss=4322MB hwm=4322MB
RSS_SAMPLE t=347.8s rss=4322MB hwm=4322MB
RSS_SAMPLE t=348.0s rss=4322MB hwm=4322MB
RSS_SAMPLE t=348.3s rss=4322MB hwm=4322MB
RSS_SAMPLE t=348.5s rss=4322MB hwm=4322MB
RSS_SAMPLE t=348.8s rss=4322MB hwm=4322MB
RSS_SAMPLE t=349.0s rss=4322MB hwm=4322MB
RSS_SAMPLE t=349.3s rss=4322MB hwm=4322MB
RSS_SAMPLE t=349.5s rss=4322MB hwm=4322MB
RSS_SAMPLE t=349.8s rss=4322MB hwm=4322MB
RSS_SAMPLE t=350.0s rss=4322MB hwm=4322MB
RSS_SAMPLE t=350.3s rss=4322MB hwm=4322MB
PHASE_MARK outer=5 leave=dcd_sweep rss=4322MB
PHASE_MARK outer=5 enter=post_refresh rss=4322MB
RSS_SAMPLE t=350.5s rss=4322MB hwm=4322MB
RSS_SAMPLE t=350.8s rss=4322MB hwm=4322MB
RSS_SAMPLE t=351.0s rss=4322MB hwm=4322MB
RSS_SAMPLE t=351.3s rss=4322MB hwm=4322MB
RSS_SAMPLE t=351.5s rss=4322MB hwm=4322MB
RSS_SAMPLE t=351.8s rss=4322MB hwm=4322MB
RSS_SAMPLE t=352.0s rss=4322MB hwm=4322MB
RSS_SAMPLE t=352.3s rss=4322MB hwm=4322MB
RSS_SAMPLE t=352.5s rss=4322MB hwm=4322MB
RSS_SAMPLE t=352.8s rss=4322MB hwm=4322MB
MEM_POOL: workspaces=32 dense_usage_mb=1251 n_pipes=2562403
    strata[outer=5]: carry slow_energy=72984018164.9
    post_solve_diag[outer=5]: solves=54531 cap_armed=54531 (100.0%) settle_avg=210 above_sink_avg=9 (4.2%) settle_max=3281
    settle_hist[outer=5]: <100: 34273nets/4.7%work  <1k: 17030nets/55.0%work  <5k: 3228nets/40.3%work  <20k: 0nets/0.0%work  <60k: 0nets/0.0%work  >=60k: 0nets/0.0%work
    fanout_hist[outer=5]: fan1: 33451nets/40.2%work  fan2-4: 19860nets/53.3%work  fan5-16: 1220nets/6.4%work  fan17-64: 0nets/0.0%work  fan65-256: 0nets/0.0%work  fan>256: 0nets/0.0%work
RSS_SAMPLE t=353.0s rss=4322MB hwm=4322MB
    rss_probe[outer=5]: pre_post_solve=4322MB post_post_solve=4322MB after_apply=4322MB
    E_decomp: base=10426960.4 eff=2698683227379477.0 cong=2698683216952516.5 cong_share=100.0% sat_pipes=85879 max_util=1300.01  R_buckets: 1-2x=81419 2-10x=24183 10-100x=15598 >=100x=2441203
    E_potential: beckmann=1549075515677862.5 history_total=0.0
    SpanCache: epoch=6 entries=3301 lookups=2562403 hits=2559102 misses=3301 hit_rate=99.9%
  DCD   5: nets=105117 line=16555824 energy=95972813692.925 dE=-20323776611.553 friction=77045116.0 bins=2.0x(1180) excess=559.1 moved=64481 disp=9.137 solves=54531 skip=105117 pops=11430532 theta=5.000 refresh=2775ms dcd=6954ms total=12268ms
    cache_stats: entries=43989140 capacity=77148705 est_mb=667 rss_mb=4322
DCD done: energy=95972813692.925 line=16555824 friction=77045116.0 bins=2.0x(1180) excess=559.1
MuxSlotTracker: 39559 commit rejections over entire DCD
MuxSlotTracker[post-DCD]: populated_cells=67393, overflow_tiles=0, at_cap_tiles=1042, peak_excess=0, capacity_hist={16:67346}
RSS_SAMPLE t=353.3s rss=2681MB hwm=4316MB
Pre-legalization: HPWL=13139953
  type DFF: 302 valid columns, 1077536 total BELs
  type LUT6: 302 valid columns, 538768 total BELs
TypeAwarePlacement: 2 cell types
RSS_SAMPLE t=353.5s rss=2458MB hwm=4316MB
RSS_SAMPLE t=353.8s rss=2458MB hwm=4316MB
RSS_SAMPLE t=354.0s rss=2458MB hwm=4316MB
RSS_SAMPLE t=354.3s rss=2458MB hwm=4316MB
RSS_SAMPLE t=354.5s rss=2458MB hwm=4316MB
RSS_SAMPLE t=354.8s rss=2458MB hwm=4316MB
RSS_SAMPLE t=355.0s rss=2458MB hwm=4316MB
RSS_SAMPLE t=355.3s rss=2458MB hwm=4316MB
RSS_SAMPLE t=355.5s rss=2458MB hwm=4316MB
RSS_SAMPLE t=355.8s rss=2458MB hwm=4316MB
RSS_SAMPLE t=356.0s rss=2458MB hwm=4316MB
RSS_SAMPLE t=356.3s rss=2458MB hwm=4316MB
RSS_SAMPLE t=356.5s rss=2458MB hwm=4316MB
RSS_SAMPLE t=356.8s rss=2458MB hwm=4316MB
RSS_SAMPLE t=357.0s rss=2458MB hwm=4316MB
RSS_SAMPLE t=357.3s rss=2458MB hwm=4316MB
RSS_SAMPLE t=357.5s rss=2458MB hwm=4316MB
  SortedLegalizer: cluster_rejects=352370 shared_mux_rejects=14804297 arch_validity_rejects=0
RSS_SAMPLE t=357.8s rss=2418MB hwm=4316MB
Post-legalization: HPWL=12923252, line=16541520
Per-net HPWL: 105118 nets, total=12923252
  #0: hpwl=531 fanout=93000 (0.0%)
  #1: hpwl=528 fanout=21 (0.0%)
  #2: hpwl=527 fanout=11 (0.0%)
  #3: hpwl=526 fanout=11 (0.0%)
  #4: hpwl=525 fanout=13 (0.0%)
  #5: hpwl=525 fanout=9 (0.0%)
  #6: hpwl=525 fanout=6 (0.0%)
  #7: hpwl=525 fanout=10 (0.0%)
  #8: hpwl=524 fanout=5 (0.0%)
  #9: hpwl=524 fanout=12 (0.0%)
  50% of HPWL from top 16539 nets (of 105118)
