Running scope as unit: run-r1559cc5c47b04de89edc883306e33ebd.scope
chipdb: /home/kelvin/side-project/eisenjoch/chip_database/xc7_large.bin
design: /home/kelvin/side-project/eisenjoch/benchmark/ispd/generated/2016/FPGA01/FPGA01.json
RSS_SAMPLE t=0.0s rss=3MB hwm=3MB
RSS_SAMPLE t=0.3s rss=454MB hwm=454MB
RSS_SAMPLE t=0.5s rss=726MB hwm=726MB
RSS_SAMPLE t=0.8s rss=818MB hwm=823MB
RSS_SAMPLE t=1.0s rss=818MB hwm=823MB
RSS_SAMPLE t=1.3s rss=818MB hwm=823MB
RSS_SAMPLE t=1.5s rss=820MB hwm=823MB
cfg: max_outer_iters=1 blend_alpha=0.5 hardening_step=0 graph_model=TwoLevelPip
  topological compress: density=0.60 target_tiles=15971 final_tiles=15777 scale=1.851 center=(205.1,111.0)
  topological init: n_movable=76660, n_edges=229053, max_layer=26775, back_edges=54022, n_anchored=0
RSS_SAMPLE t=1.8s rss=820MB hwm=823MB
RSS_SAMPLE t=2.0s rss=820MB hwm=823MB
RSS_SAMPLE t=2.3s rss=820MB hwm=823MB
RSS_SAMPLE t=2.5s rss=820MB hwm=823MB
RSS_SAMPLE t=2.8s rss=820MB hwm=823MB
RSS_SAMPLE t=3.0s rss=820MB hwm=823MB
RSS_SAMPLE t=3.3s rss=820MB hwm=823MB
RSS_SAMPLE t=3.5s rss=820MB hwm=823MB
RSS_SAMPLE t=3.8s rss=820MB hwm=823MB
RSS_SAMPLE t=4.0s rss=820MB hwm=823MB
RSS_SAMPLE t=4.3s rss=820MB hwm=823MB
RSS_SAMPLE t=4.5s rss=820MB hwm=823MB
RSS_SAMPLE t=4.8s rss=820MB hwm=823MB
RSS_SAMPLE t=5.0s rss=820MB hwm=823MB
RSS_SAMPLE t=5.3s rss=820MB hwm=823MB
RSS_SAMPLE t=5.5s rss=820MB hwm=823MB
RSS_SAMPLE t=5.8s rss=820MB hwm=823MB
RSS_SAMPLE t=6.0s rss=820MB hwm=823MB
RSS_SAMPLE t=6.3s rss=820MB hwm=823MB
RSS_SAMPLE t=6.5s rss=820MB hwm=823MB
RSS_SAMPLE t=6.8s rss=820MB hwm=823MB
RSS_SAMPLE t=7.0s rss=820MB hwm=823MB
RSS_SAMPLE t=7.3s rss=820MB hwm=823MB
RSS_SAMPLE t=7.5s rss=820MB hwm=823MB
RSS_SAMPLE t=7.8s rss=820MB hwm=823MB
RSS_SAMPLE t=8.0s rss=820MB hwm=823MB
RSS_SAMPLE t=8.3s rss=820MB hwm=823MB
RSS_SAMPLE t=8.5s rss=820MB hwm=823MB
RSS_SAMPLE t=8.8s rss=820MB hwm=823MB
RSS_SAMPLE t=9.0s rss=820MB hwm=823MB
RSS_SAMPLE t=9.3s rss=820MB hwm=823MB
RSS_SAMPLE t=9.5s rss=820MB hwm=823MB
RSS_SAMPLE t=9.8s rss=820MB hwm=823MB
RSS_SAMPLE t=10.0s rss=820MB hwm=823MB
RSS_SAMPLE t=10.3s rss=820MB hwm=823MB
RSS_SAMPLE t=10.5s rss=820MB hwm=823MB
RSS_SAMPLE t=10.8s rss=820MB hwm=823MB
RSS_SAMPLE t=11.0s rss=820MB hwm=823MB
RSS_SAMPLE t=11.3s rss=820MB hwm=823MB
RSS_SAMPLE t=11.5s rss=820MB hwm=823MB
RSS_SAMPLE t=11.8s rss=820MB hwm=823MB
RSS_SAMPLE t=12.0s rss=820MB hwm=823MB
RSS_SAMPLE t=12.3s rss=820MB hwm=823MB
RSS_SAMPLE t=12.5s rss=820MB hwm=823MB
RSS_SAMPLE t=12.8s rss=820MB hwm=823MB
RSS_SAMPLE t=13.0s rss=820MB hwm=823MB
RSS_SAMPLE t=13.3s rss=820MB hwm=823MB
RSS_SAMPLE t=13.5s rss=820MB hwm=823MB
RSS_SAMPLE t=13.8s rss=820MB hwm=823MB
RSS_SAMPLE t=14.0s rss=820MB hwm=823MB
RSS_SAMPLE t=14.3s rss=820MB hwm=823MB
RSS_SAMPLE t=14.5s rss=820MB hwm=823MB
RSS_SAMPLE t=14.8s rss=820MB hwm=823MB
RSS_SAMPLE t=15.0s rss=820MB hwm=823MB
RSS_SAMPLE t=15.3s rss=820MB hwm=823MB
RSS_SAMPLE t=15.5s rss=820MB hwm=823MB
RSS_SAMPLE t=15.8s rss=820MB hwm=823MB
RSS_SAMPLE t=16.0s rss=820MB hwm=823MB
RSS_SAMPLE t=16.3s rss=820MB hwm=823MB
RSS_SAMPLE t=16.5s rss=820MB hwm=823MB
RSS_SAMPLE t=16.8s rss=820MB hwm=823MB
RSS_SAMPLE t=17.0s rss=820MB hwm=823MB
RSS_SAMPLE t=17.3s rss=820MB hwm=823MB
RSS_SAMPLE t=17.5s rss=820MB hwm=823MB
RSS_SAMPLE t=17.8s rss=820MB hwm=823MB
RSS_SAMPLE t=18.0s rss=820MB hwm=823MB
RSS_SAMPLE t=18.3s rss=820MB hwm=823MB
RSS_SAMPLE t=18.5s rss=820MB hwm=823MB
RSS_SAMPLE t=18.8s rss=820MB hwm=823MB
RSS_SAMPLE t=19.0s rss=820MB hwm=823MB
RSS_SAMPLE t=19.3s rss=820MB hwm=823MB
RSS_SAMPLE t=19.5s rss=820MB hwm=823MB
RSS_SAMPLE t=19.8s rss=820MB hwm=823MB
RSS_SAMPLE t=20.0s rss=820MB hwm=823MB
RSS_SAMPLE t=20.3s rss=820MB hwm=823MB
RSS_SAMPLE t=20.5s rss=820MB hwm=823MB
RSS_SAMPLE t=20.8s rss=820MB hwm=823MB
RSS_SAMPLE t=21.0s rss=820MB hwm=823MB
RSS_SAMPLE t=21.3s rss=820MB hwm=823MB
RSS_SAMPLE t=21.5s rss=820MB hwm=823MB
RSS_SAMPLE t=21.8s rss=820MB hwm=823MB
RSS_SAMPLE t=22.0s rss=820MB hwm=823MB
RSS_SAMPLE t=22.3s rss=820MB hwm=823MB
RSS_SAMPLE t=22.5s rss=820MB hwm=823MB
RSS_SAMPLE t=22.8s rss=820MB hwm=823MB
RSS_SAMPLE t=23.0s rss=820MB hwm=823MB
RSS_SAMPLE t=23.3s rss=820MB hwm=823MB
RSS_SAMPLE t=23.5s rss=820MB hwm=823MB
RSS_SAMPLE t=23.8s rss=820MB hwm=823MB
RSS_SAMPLE t=24.0s rss=820MB hwm=823MB
RSS_SAMPLE t=24.3s rss=820MB hwm=823MB
RSS_SAMPLE t=24.5s rss=820MB hwm=823MB
RSS_SAMPLE t=24.8s rss=820MB hwm=823MB
RSS_SAMPLE t=25.0s rss=820MB hwm=823MB
RSS_SAMPLE t=25.3s rss=820MB hwm=823MB
RSS_SAMPLE t=25.5s rss=820MB hwm=823MB
RSS_SAMPLE t=25.8s rss=820MB hwm=823MB
RSS_SAMPLE t=26.0s rss=820MB hwm=823MB
RSS_SAMPLE t=26.3s rss=820MB hwm=823MB
RSS_SAMPLE t=26.5s rss=820MB hwm=823MB
RSS_SAMPLE t=26.8s rss=820MB hwm=823MB
RSS_SAMPLE t=27.0s rss=820MB hwm=823MB
RSS_SAMPLE t=27.3s rss=820MB hwm=823MB
RSS_SAMPLE t=27.5s rss=820MB hwm=823MB
RSS_SAMPLE t=27.8s rss=820MB hwm=823MB
RSS_SAMPLE t=28.0s rss=820MB hwm=823MB
RSS_SAMPLE t=28.3s rss=820MB hwm=823MB
RSS_SAMPLE t=28.5s rss=820MB hwm=823MB
RSS_SAMPLE t=28.8s rss=820MB hwm=823MB
RSS_SAMPLE t=29.0s rss=820MB hwm=823MB
RSS_SAMPLE t=29.3s rss=820MB hwm=823MB
RSS_SAMPLE t=29.5s rss=820MB hwm=823MB
RSS_SAMPLE t=29.8s rss=820MB hwm=823MB
RSS_SAMPLE t=30.0s rss=820MB hwm=823MB
RSS_SAMPLE t=30.3s rss=820MB hwm=823MB
RSS_SAMPLE t=30.5s rss=820MB hwm=823MB
RSS_SAMPLE t=30.8s rss=820MB hwm=823MB
RSS_SAMPLE t=31.0s rss=820MB hwm=823MB
RSS_SAMPLE t=31.3s rss=820MB hwm=823MB
RSS_SAMPLE t=31.5s rss=820MB hwm=823MB
RSS_SAMPLE t=31.8s rss=820MB hwm=823MB
RSS_SAMPLE t=32.0s rss=820MB hwm=823MB
RSS_SAMPLE t=32.3s rss=820MB hwm=823MB
RSS_SAMPLE t=32.5s rss=820MB hwm=823MB
RSS_SAMPLE t=32.8s rss=820MB hwm=823MB
RSS_SAMPLE t=33.0s rss=820MB hwm=823MB
RSS_SAMPLE t=33.3s rss=820MB hwm=823MB
RSS_SAMPLE t=33.5s rss=820MB hwm=823MB
RSS_SAMPLE t=33.8s rss=820MB hwm=823MB
RSS_SAMPLE t=34.0s rss=820MB hwm=823MB
RSS_SAMPLE t=34.3s rss=820MB hwm=823MB
RSS_SAMPLE t=34.5s rss=820MB hwm=823MB
RSS_SAMPLE t=34.8s rss=820MB hwm=823MB
RSS_SAMPLE t=35.0s rss=820MB hwm=823MB
RSS_SAMPLE t=35.3s rss=820MB hwm=823MB
RSS_SAMPLE t=35.5s rss=820MB hwm=823MB
RSS_SAMPLE t=35.8s rss=820MB hwm=823MB
RSS_SAMPLE t=36.0s rss=820MB hwm=823MB
RSS_SAMPLE t=36.3s rss=820MB hwm=823MB
RSS_SAMPLE t=36.5s rss=820MB hwm=823MB
RSS_SAMPLE t=36.8s rss=820MB hwm=823MB
RSS_SAMPLE t=37.0s rss=820MB hwm=823MB
RSS_SAMPLE t=37.3s rss=820MB hwm=823MB
RSS_SAMPLE t=37.5s rss=820MB hwm=823MB
RSS_SAMPLE t=37.8s rss=820MB hwm=823MB
RSS_SAMPLE t=38.0s rss=820MB hwm=823MB
RSS_SAMPLE t=38.3s rss=820MB hwm=823MB
RSS_SAMPLE t=38.5s rss=820MB hwm=823MB
RSS_SAMPLE t=38.8s rss=820MB hwm=823MB
RSS_SAMPLE t=39.0s rss=820MB hwm=823MB
RSS_SAMPLE t=39.3s rss=820MB hwm=823MB
RSS_SAMPLE t=39.5s rss=820MB hwm=823MB
RSS_SAMPLE t=39.8s rss=820MB hwm=823MB
RSS_SAMPLE t=40.0s rss=820MB hwm=823MB
RSS_SAMPLE t=40.3s rss=820MB hwm=823MB
RSS_SAMPLE t=40.5s rss=820MB hwm=823MB
RSS_SAMPLE t=40.8s rss=820MB hwm=823MB
RSS_SAMPLE t=41.0s rss=820MB hwm=823MB
RSS_SAMPLE t=41.3s rss=820MB hwm=823MB
RSS_SAMPLE t=41.5s rss=820MB hwm=823MB
RSS_SAMPLE t=41.8s rss=820MB hwm=823MB
RSS_SAMPLE t=42.0s rss=820MB hwm=823MB
RSS_SAMPLE t=42.3s rss=820MB hwm=823MB
RSS_SAMPLE t=42.5s rss=820MB hwm=823MB
RSS_SAMPLE t=42.8s rss=820MB hwm=823MB
RSS_SAMPLE t=43.0s rss=820MB hwm=823MB
RSS_SAMPLE t=43.3s rss=820MB hwm=823MB
RSS_SAMPLE t=43.5s rss=820MB hwm=823MB
RSS_SAMPLE t=43.8s rss=820MB hwm=823MB
RSS_SAMPLE t=44.0s rss=820MB hwm=823MB
RSS_SAMPLE t=44.3s rss=820MB hwm=823MB
RSS_SAMPLE t=44.5s rss=820MB hwm=823MB
RSS_SAMPLE t=44.8s rss=820MB hwm=823MB
RSS_SAMPLE t=45.0s rss=820MB hwm=823MB
RSS_SAMPLE t=45.3s rss=820MB hwm=823MB
RSS_SAMPLE t=45.5s rss=820MB hwm=823MB
RSS_SAMPLE t=45.8s rss=820MB hwm=823MB
RSS_SAMPLE t=46.0s rss=820MB hwm=823MB
RSS_SAMPLE t=46.3s rss=820MB hwm=823MB
RSS_SAMPLE t=46.5s rss=820MB hwm=823MB
RSS_SAMPLE t=46.8s rss=820MB hwm=823MB
RSS_SAMPLE t=47.0s rss=820MB hwm=823MB
RSS_SAMPLE t=47.3s rss=820MB hwm=823MB
RSS_SAMPLE t=47.5s rss=820MB hwm=823MB
RSS_SAMPLE t=47.8s rss=820MB hwm=823MB
RSS_SAMPLE t=48.0s rss=820MB hwm=823MB
RSS_SAMPLE t=48.3s rss=820MB hwm=823MB
RSS_SAMPLE t=48.5s rss=820MB hwm=823MB
RSS_SAMPLE t=48.8s rss=820MB hwm=823MB
RSS_SAMPLE t=49.0s rss=820MB hwm=823MB
RSS_SAMPLE t=49.3s rss=820MB hwm=823MB
RSS_SAMPLE t=49.5s rss=820MB hwm=823MB
RSS_SAMPLE t=49.8s rss=820MB hwm=823MB
RSS_SAMPLE t=50.0s rss=820MB hwm=823MB
RSS_SAMPLE t=50.3s rss=820MB hwm=823MB
RSS_SAMPLE t=50.5s rss=820MB hwm=823MB
RSS_SAMPLE t=50.8s rss=820MB hwm=823MB
RSS_SAMPLE t=51.0s rss=820MB hwm=823MB
RSS_SAMPLE t=51.3s rss=820MB hwm=823MB
RSS_SAMPLE t=51.5s rss=820MB hwm=823MB
RSS_SAMPLE t=51.8s rss=820MB hwm=823MB
RSS_SAMPLE t=52.0s rss=820MB hwm=823MB
RSS_SAMPLE t=52.3s rss=820MB hwm=823MB
RSS_SAMPLE t=52.5s rss=820MB hwm=823MB
RSS_SAMPLE t=52.8s rss=820MB hwm=823MB
RSS_SAMPLE t=53.0s rss=820MB hwm=823MB
RSS_SAMPLE t=53.3s rss=820MB hwm=823MB
RSS_SAMPLE t=53.5s rss=820MB hwm=823MB
RSS_SAMPLE t=53.8s rss=820MB hwm=823MB
RSS_SAMPLE t=54.0s rss=820MB hwm=823MB
RSS_SAMPLE t=54.3s rss=861MB hwm=861MB
RSS_SAMPLE t=54.5s rss=901MB hwm=901MB
RSS_SAMPLE t=54.8s rss=931MB hwm=931MB
RSS_SAMPLE t=55.0s rss=932MB hwm=932MB
RSS_SAMPLE t=55.3s rss=932MB hwm=932MB
RSS_SAMPLE t=55.5s rss=932MB hwm=932MB
RSS_SAMPLE t=55.8s rss=932MB hwm=932MB
RSS_SAMPLE t=56.0s rss=932MB hwm=932MB
RSS_SAMPLE t=56.3s rss=933MB hwm=933MB
  Skipped truly-null coarse cells: 0 (of 69353 total); pruned pipes: src_null=0 dst_null=0
  Pipe capacity by span:
    span=  1: 138172 pipes, cap min=1 avg=134.5 max=432
    span=  2: 136455 pipes, cap min=2 avg=50.7 max=118
    span=  3: 135619 pipes, cap min=2 avg=26.1 max=52
    span=  4: 136319 pipes, cap min=2 avg=22.7 max=140
    span=  5: 135918 pipes, cap min=2 avg=66.1 max=124
    span=  6: 201217 pipes, cap min=2 avg=15.2 max=28
    span=  7: 200933 pipes, cap min=1 avg=7.3 max=20
    span=  8: 132748 pipes, cap min=2 avg=6.0 max=10
    span=  9: 130848 pipes, cap min=2 avg=6.0 max=10
    span= 10: 131090 pipes, cap min=2 avg=2.2 max=31
    span= 11: 129628 pipes, cap min=2 avg=2.0 max=4
    span= 12: 129018 pipes, cap min=2 avg=2.0 max=4
    span= 13: 128408 pipes, cap min=1 avg=1.5 max=4
    span= 14: 127798 pipes, cap min=1 avg=1.0 max=2
    span= 15: 127188 pipes, cap min=1 avg=1.0 max=2
    span= 16: 126578 pipes, cap min=1 avg=1.0 max=2
    span= 17: 125968 pipes, cap min=1 avg=1.0 max=2
    span= 18: 125358 pipes, cap min=1 avg=1.0 max=2
    span= 19: 63140 pipes, cap min=1 avg=1.0 max=2
  Thin span-1 pipes (cap<=2): 222 total, by tile-type pair (top 20):
    NULL <-> NULL: 220
    CLK_BUFG <-> NULL: 2
  Pipe cost: span^0.50 model (r1=1), span-1=1.000, span-12=3.464, 2×span-6=4.899, 12×span-1=12.000
RSS_SAMPLE t=56.5s rss=1024MB hwm=1024MB
  topological compress: density=0.60 target_tiles=15971 final_tiles=15777 scale=1.851 center=(205.1,111.0)
  topological init: n_movable=76660, n_edges=229053, max_layer=26775, back_edges=54022, n_anchored=0
  type DFF: 302 valid columns, 1077536 total BELs
  type LUT6: 302 valid columns, 538768 total BELs
TypeAwarePlacement: 2 cell types
Coordinate descent mode: 76660 cells, scale 1.00
CellValidityMask: 76660 cells, 311x223 grid, 2 bucket masks, per-cell valid positions: min=67346 avg=67346.0 max=67346, unmapped cells=0
MuxSlotTracker: 76660 cells (76660 with external fanout), 67346 tiles, total_cap=1077536, active_buckets=[DFF,LUT6], built in 67.7ms
MuxSlotTracker[post-seed]: populated_cells=27114, overflow_tiles=518, at_cap_tiles=50, peak_excess=41, capacity_hist={16:67346}
DCD placer: 76660 cells, 69353 nodes, outer_iters=1, dcd_iters_per_cell=8, graph_model=TwoLevelPip
MEM_STATIC: pipes=352MB nodes=1MB adjacency=78MB pipe_cost_vecs=59MB validity_mask=0MB n_pipes=2562403 n_edges=5124806 rss=1037MB
Softmin position update: enabled, theta 0.250 -> 5.000 (anneal over 1 iters)
RSS_SAMPLE t=56.8s rss=1064MB hwm=1064MB
RSS_SAMPLE t=57.0s rss=1064MB hwm=1064MB
RSS_SAMPLE t=57.3s rss=1064MB hwm=1064MB
RSS_SAMPLE t=57.5s rss=1064MB hwm=1064MB
RSS_SAMPLE t=57.8s rss=1064MB hwm=1064MB
RSS_SAMPLE t=58.0s rss=1064MB hwm=1064MB
RSS_SAMPLE t=58.3s rss=1064MB hwm=1064MB
RSS_SAMPLE t=58.5s rss=1064MB hwm=1064MB
RSS_SAMPLE t=58.8s rss=1064MB hwm=1064MB
RSS_SAMPLE t=59.0s rss=1064MB hwm=1064MB
    SwitchMatrix: type_usage_pairs=7 lookups=110 hits=103 dijkstra_calls=7 avg_us=11.6 total_ms=0.1
PHASE_MARK outer=0 enter=pre_solve rss=1067MB
RSS_SAMPLE t=59.3s rss=1104MB hwm=1104MB
RSS_SAMPLE t=59.5s rss=1107MB hwm=1107MB
RSS_SAMPLE t=59.8s rss=1111MB hwm=1111MB
RSS_SAMPLE t=60.0s rss=1115MB hwm=1115MB
RSS_SAMPLE t=60.3s rss=1117MB hwm=1117MB
RSS_SAMPLE t=60.5s rss=1121MB hwm=1121MB
RSS_SAMPLE t=60.8s rss=1123MB hwm=1123MB
RSS_SAMPLE t=61.0s rss=1127MB hwm=1127MB
RSS_SAMPLE t=61.3s rss=1131MB hwm=1131MB
RSS_SAMPLE t=61.5s rss=1134MB hwm=1134MB
RSS_SAMPLE t=61.8s rss=1137MB hwm=1137MB
RSS_SAMPLE t=62.0s rss=1140MB hwm=1140MB
RSS_SAMPLE t=62.3s rss=1142MB hwm=1142MB
RSS_SAMPLE t=62.5s rss=1146MB hwm=1146MB
RSS_SAMPLE t=62.8s rss=1149MB hwm=1149MB
RSS_SAMPLE t=63.0s rss=1152MB hwm=1152MB
RSS_SAMPLE t=63.3s rss=1154MB hwm=1154MB
RSS_SAMPLE t=63.5s rss=1158MB hwm=1158MB
RSS_SAMPLE t=63.8s rss=1161MB hwm=1161MB
RSS_SAMPLE t=64.0s rss=1164MB hwm=1164MB
RSS_SAMPLE t=64.3s rss=1168MB hwm=1168MB
RSS_SAMPLE t=64.5s rss=1170MB hwm=1170MB
RSS_SAMPLE t=64.8s rss=1173MB hwm=1173MB
RSS_SAMPLE t=65.0s rss=1176MB hwm=1176MB
RSS_SAMPLE t=65.3s rss=1179MB hwm=1179MB
RSS_SAMPLE t=65.5s rss=1182MB hwm=1182MB
RSS_SAMPLE t=65.8s rss=1186MB hwm=1186MB
RSS_SAMPLE t=66.0s rss=1189MB hwm=1189MB
RSS_SAMPLE t=66.3s rss=1191MB hwm=1191MB
RSS_SAMPLE t=66.5s rss=1194MB hwm=1194MB
RSS_SAMPLE t=66.8s rss=1196MB hwm=1196MB
RSS_SAMPLE t=67.0s rss=1199MB hwm=1199MB
RSS_SAMPLE t=67.3s rss=1202MB hwm=1202MB
RSS_SAMPLE t=67.5s rss=1205MB hwm=1205MB
RSS_SAMPLE t=67.8s rss=1208MB hwm=1208MB
RSS_SAMPLE t=68.0s rss=1211MB hwm=1211MB
RSS_SAMPLE t=68.3s rss=1214MB hwm=1214MB
RSS_SAMPLE t=68.5s rss=1218MB hwm=1218MB
RSS_SAMPLE t=68.8s rss=1222MB hwm=1222MB
RSS_SAMPLE t=69.0s rss=1224MB hwm=1224MB
RSS_SAMPLE t=69.3s rss=1227MB hwm=1227MB
RSS_SAMPLE t=69.5s rss=1231MB hwm=1231MB
RSS_SAMPLE t=69.8s rss=1234MB hwm=1234MB
RSS_SAMPLE t=70.0s rss=1236MB hwm=1236MB
RSS_SAMPLE t=70.3s rss=1240MB hwm=1240MB
RSS_SAMPLE t=70.5s rss=1244MB hwm=1244MB
RSS_SAMPLE t=70.8s rss=1247MB hwm=1247MB
RSS_SAMPLE t=71.0s rss=1250MB hwm=1250MB
RSS_SAMPLE t=71.3s rss=1253MB hwm=1253MB
RSS_SAMPLE t=71.5s rss=1257MB hwm=1257MB
RSS_SAMPLE t=71.8s rss=1260MB hwm=1260MB
RSS_SAMPLE t=72.0s rss=1263MB hwm=1263MB
RSS_SAMPLE t=72.3s rss=1266MB hwm=1266MB
RSS_SAMPLE t=72.5s rss=1268MB hwm=1268MB
RSS_SAMPLE t=72.8s rss=1272MB hwm=1272MB
RSS_SAMPLE t=73.0s rss=1275MB hwm=1275MB
RSS_SAMPLE t=73.3s rss=1279MB hwm=1279MB
RSS_SAMPLE t=73.5s rss=1282MB hwm=1282MB
RSS_SAMPLE t=73.8s rss=1285MB hwm=1285MB
RSS_SAMPLE t=74.0s rss=1288MB hwm=1288MB
RSS_SAMPLE t=74.3s rss=1291MB hwm=1291MB
RSS_SAMPLE t=74.5s rss=1294MB hwm=1294MB
RSS_SAMPLE t=74.8s rss=1298MB hwm=1298MB
RSS_SAMPLE t=75.0s rss=1301MB hwm=1301MB
RSS_SAMPLE t=75.3s rss=1305MB hwm=1305MB
RSS_SAMPLE t=75.5s rss=1308MB hwm=1308MB
RSS_SAMPLE t=75.8s rss=1312MB hwm=1312MB
RSS_SAMPLE t=76.0s rss=1316MB hwm=1316MB
RSS_SAMPLE t=76.3s rss=1318MB hwm=1318MB
RSS_SAMPLE t=76.5s rss=1321MB hwm=1321MB
RSS_SAMPLE t=76.8s rss=1324MB hwm=1324MB
RSS_SAMPLE t=77.0s rss=1328MB hwm=1328MB
RSS_SAMPLE t=77.3s rss=1331MB hwm=1331MB
RSS_SAMPLE t=77.5s rss=1335MB hwm=1335MB
RSS_SAMPLE t=77.8s rss=1339MB hwm=1339MB
RSS_SAMPLE t=78.0s rss=1343MB hwm=1343MB
RSS_SAMPLE t=78.3s rss=1346MB hwm=1346MB
RSS_SAMPLE t=78.5s rss=1349MB hwm=1349MB
RSS_SAMPLE t=78.8s rss=1352MB hwm=1352MB
RSS_SAMPLE t=79.0s rss=1356MB hwm=1356MB
RSS_SAMPLE t=79.3s rss=1360MB hwm=1360MB
RSS_SAMPLE t=79.5s rss=1364MB hwm=1364MB
RSS_SAMPLE t=79.8s rss=1366MB hwm=1366MB
RSS_SAMPLE t=80.0s rss=1369MB hwm=1369MB
RSS_SAMPLE t=80.3s rss=1373MB hwm=1373MB
RSS_SAMPLE t=80.5s rss=1376MB hwm=1376MB
RSS_SAMPLE t=80.8s rss=1380MB hwm=1380MB
RSS_SAMPLE t=81.0s rss=1383MB hwm=1383MB
RSS_SAMPLE t=81.3s rss=1386MB hwm=1386MB
RSS_SAMPLE t=81.5s rss=1389MB hwm=1389MB
RSS_SAMPLE t=81.8s rss=1392MB hwm=1392MB
RSS_SAMPLE t=82.0s rss=1396MB hwm=1396MB
RSS_SAMPLE t=82.3s rss=1399MB hwm=1399MB
RSS_SAMPLE t=82.5s rss=1402MB hwm=1402MB
RSS_SAMPLE t=82.8s rss=1405MB hwm=1405MB
RSS_SAMPLE t=83.0s rss=1409MB hwm=1409MB
RSS_SAMPLE t=83.3s rss=1412MB hwm=1412MB
RSS_SAMPLE t=83.5s rss=1416MB hwm=1416MB
RSS_SAMPLE t=83.8s rss=1420MB hwm=1420MB
RSS_SAMPLE t=84.0s rss=1422MB hwm=1422MB
RSS_SAMPLE t=84.3s rss=1425MB hwm=1425MB
RSS_SAMPLE t=84.5s rss=1428MB hwm=1428MB
RSS_SAMPLE t=84.8s rss=1430MB hwm=1430MB
RSS_SAMPLE t=85.0s rss=1433MB hwm=1433MB
RSS_SAMPLE t=85.3s rss=1436MB hwm=1436MB
RSS_SAMPLE t=85.5s rss=1440MB hwm=1440MB
RSS_SAMPLE t=85.8s rss=1443MB hwm=1443MB
RSS_SAMPLE t=86.0s rss=1445MB hwm=1445MB
RSS_SAMPLE t=86.3s rss=1448MB hwm=1448MB
RSS_SAMPLE t=86.5s rss=1450MB hwm=1450MB
RSS_SAMPLE t=86.8s rss=1454MB hwm=1454MB
RSS_SAMPLE t=87.0s rss=1457MB hwm=1457MB
RSS_SAMPLE t=87.3s rss=1460MB hwm=1460MB
RSS_SAMPLE t=87.5s rss=1463MB hwm=1463MB
RSS_SAMPLE t=87.8s rss=1466MB hwm=1466MB
RSS_SAMPLE t=88.0s rss=1470MB hwm=1470MB
RSS_SAMPLE t=88.3s rss=1473MB hwm=1473MB
RSS_SAMPLE t=88.5s rss=1476MB hwm=1476MB
RSS_SAMPLE t=88.8s rss=1479MB hwm=1479MB
RSS_SAMPLE t=89.0s rss=1482MB hwm=1482MB
RSS_SAMPLE t=89.3s rss=1486MB hwm=1486MB
RSS_SAMPLE t=89.5s rss=1489MB hwm=1489MB
RSS_SAMPLE t=89.8s rss=1493MB hwm=1493MB
RSS_SAMPLE t=90.0s rss=1496MB hwm=1496MB
RSS_SAMPLE t=90.3s rss=1500MB hwm=1500MB
RSS_SAMPLE t=90.5s rss=1502MB hwm=1502MB
RSS_SAMPLE t=90.8s rss=1505MB hwm=1505MB
RSS_SAMPLE t=91.0s rss=1509MB hwm=1509MB
RSS_SAMPLE t=91.3s rss=1512MB hwm=1512MB
RSS_SAMPLE t=91.5s rss=1515MB hwm=1515MB
RSS_SAMPLE t=91.8s rss=1518MB hwm=1518MB
RSS_SAMPLE t=92.0s rss=1521MB hwm=1521MB
RSS_SAMPLE t=92.3s rss=1525MB hwm=1525MB
RSS_SAMPLE t=92.6s rss=1528MB hwm=1528MB
RSS_SAMPLE t=92.8s rss=1531MB hwm=1531MB
RSS_SAMPLE t=93.1s rss=1534MB hwm=1534MB
RSS_SAMPLE t=93.3s rss=1537MB hwm=1537MB
RSS_SAMPLE t=93.6s rss=1541MB hwm=1541MB
RSS_SAMPLE t=93.8s rss=1544MB hwm=1544MB
RSS_SAMPLE t=94.1s rss=1547MB hwm=1547MB
RSS_SAMPLE t=94.3s rss=1550MB hwm=1550MB
RSS_SAMPLE t=94.6s rss=1554MB hwm=1554MB
RSS_SAMPLE t=94.8s rss=1557MB hwm=1557MB
RSS_SAMPLE t=95.1s rss=1560MB hwm=1560MB
RSS_SAMPLE t=95.3s rss=1564MB hwm=1564MB
RSS_SAMPLE t=95.6s rss=1566MB hwm=1566MB
RSS_SAMPLE t=95.8s rss=1569MB hwm=1569MB
RSS_SAMPLE t=96.1s rss=1573MB hwm=1573MB
RSS_SAMPLE t=96.3s rss=1576MB hwm=1576MB
RSS_SAMPLE t=96.6s rss=1579MB hwm=1579MB
RSS_SAMPLE t=96.8s rss=1581MB hwm=1581MB
RSS_SAMPLE t=97.1s rss=1585MB hwm=1585MB
RSS_SAMPLE t=97.3s rss=1587MB hwm=1587MB
RSS_SAMPLE t=97.6s rss=1590MB hwm=1590MB
RSS_SAMPLE t=97.8s rss=1592MB hwm=1592MB
RSS_SAMPLE t=98.1s rss=1595MB hwm=1595MB
RSS_SAMPLE t=98.3s rss=1598MB hwm=1598MB
RSS_SAMPLE t=98.6s rss=1600MB hwm=1600MB
RSS_SAMPLE t=98.8s rss=1602MB hwm=1602MB
RSS_SAMPLE t=99.1s rss=1606MB hwm=1606MB
RSS_SAMPLE t=99.3s rss=1608MB hwm=1608MB
RSS_SAMPLE t=99.6s rss=1611MB hwm=1611MB
RSS_SAMPLE t=99.8s rss=1613MB hwm=1613MB
RSS_SAMPLE t=100.1s rss=1616MB hwm=1616MB
RSS_SAMPLE t=100.3s rss=1618MB hwm=1618MB
RSS_SAMPLE t=100.6s rss=1620MB hwm=1620MB
RSS_SAMPLE t=100.8s rss=1622MB hwm=1622MB
RSS_SAMPLE t=101.1s rss=1625MB hwm=1625MB
RSS_SAMPLE t=101.3s rss=1627MB hwm=1627MB
RSS_SAMPLE t=101.6s rss=1630MB hwm=1630MB
RSS_SAMPLE t=101.8s rss=1632MB hwm=1632MB
RSS_SAMPLE t=102.1s rss=1636MB hwm=1636MB
RSS_SAMPLE t=102.3s rss=1639MB hwm=1639MB
RSS_SAMPLE t=102.6s rss=1642MB hwm=1642MB
RSS_SAMPLE t=102.8s rss=1644MB hwm=1644MB
RSS_SAMPLE t=103.1s rss=1647MB hwm=1647MB
RSS_SAMPLE t=103.3s rss=1650MB hwm=1650MB
RSS_SAMPLE t=103.6s rss=1653MB hwm=1653MB
RSS_SAMPLE t=103.8s rss=1655MB hwm=1655MB
RSS_SAMPLE t=104.1s rss=1658MB hwm=1658MB
RSS_SAMPLE t=104.3s rss=1660MB hwm=1660MB
RSS_SAMPLE t=104.6s rss=1663MB hwm=1663MB
RSS_SAMPLE t=104.8s rss=1666MB hwm=1666MB
RSS_SAMPLE t=105.1s rss=1669MB hwm=1669MB
RSS_SAMPLE t=105.3s rss=1671MB hwm=1671MB
RSS_SAMPLE t=105.6s rss=1674MB hwm=1674MB
RSS_SAMPLE t=105.8s rss=1677MB hwm=1677MB
RSS_SAMPLE t=106.1s rss=1680MB hwm=1680MB
RSS_SAMPLE t=106.3s rss=1682MB hwm=1682MB
RSS_SAMPLE t=106.6s rss=1685MB hwm=1685MB
RSS_SAMPLE t=106.8s rss=1688MB hwm=1688MB
RSS_SAMPLE t=107.1s rss=1691MB hwm=1691MB
RSS_SAMPLE t=107.3s rss=1694MB hwm=1694MB
RSS_SAMPLE t=107.6s rss=1697MB hwm=1697MB
RSS_SAMPLE t=107.8s rss=1700MB hwm=1700MB
RSS_SAMPLE t=108.1s rss=1703MB hwm=1703MB
RSS_SAMPLE t=108.3s rss=1705MB hwm=1705MB
RSS_SAMPLE t=108.6s rss=1708MB hwm=1708MB
RSS_SAMPLE t=108.8s rss=1711MB hwm=1711MB
RSS_SAMPLE t=109.1s rss=1714MB hwm=1714MB
RSS_SAMPLE t=109.3s rss=1717MB hwm=1717MB
RSS_SAMPLE t=109.6s rss=1720MB hwm=1720MB
RSS_SAMPLE t=109.8s rss=1722MB hwm=1722MB
RSS_SAMPLE t=110.1s rss=1724MB hwm=1724MB
RSS_SAMPLE t=110.3s rss=1726MB hwm=1726MB
RSS_SAMPLE t=110.6s rss=1728MB hwm=1728MB
RSS_SAMPLE t=110.8s rss=1731MB hwm=1731MB
RSS_SAMPLE t=111.1s rss=1732MB hwm=1732MB
RSS_SAMPLE t=111.3s rss=1734MB hwm=1734MB
RSS_SAMPLE t=111.6s rss=1737MB hwm=1737MB
RSS_SAMPLE t=111.8s rss=1739MB hwm=1739MB
RSS_SAMPLE t=112.1s rss=1741MB hwm=1741MB
RSS_SAMPLE t=112.3s rss=1742MB hwm=1742MB
RSS_SAMPLE t=112.6s rss=1743MB hwm=1743MB
RSS_SAMPLE t=112.8s rss=1744MB hwm=1744MB
RSS_SAMPLE t=113.1s rss=1745MB hwm=1745MB
RSS_SAMPLE t=113.3s rss=1746MB hwm=1746MB
RSS_SAMPLE t=113.6s rss=1747MB hwm=1747MB
RSS_SAMPLE t=113.8s rss=1748MB hwm=1748MB
RSS_SAMPLE t=114.1s rss=1748MB hwm=1748MB
RSS_SAMPLE t=114.3s rss=1749MB hwm=1749MB
RSS_SAMPLE t=114.6s rss=1749MB hwm=1749MB
RSS_SAMPLE t=114.8s rss=1749MB hwm=1749MB
RSS_SAMPLE t=115.1s rss=1749MB hwm=1749MB
RSS_SAMPLE t=115.3s rss=1749MB hwm=1749MB
RSS_SAMPLE t=115.6s rss=1750MB hwm=1750MB
RSS_SAMPLE t=115.8s rss=1750MB hwm=1750MB
RSS_SAMPLE t=116.1s rss=1750MB hwm=1750MB
RSS_SAMPLE t=116.3s rss=1750MB hwm=1750MB
RSS_SAMPLE t=116.6s rss=1751MB hwm=1751MB
RSS_SAMPLE t=116.8s rss=1751MB hwm=1751MB
RSS_SAMPLE t=117.1s rss=1751MB hwm=1751MB
RSS_SAMPLE t=117.3s rss=1751MB hwm=1751MB
RSS_SAMPLE t=117.6s rss=1751MB hwm=1751MB
RSS_SAMPLE t=117.8s rss=1752MB hwm=1752MB
RSS_SAMPLE t=118.1s rss=1752MB hwm=1752MB
RSS_SAMPLE t=118.3s rss=1752MB hwm=1752MB
RSS_SAMPLE t=118.6s rss=1753MB hwm=1753MB
RSS_SAMPLE t=118.8s rss=1753MB hwm=1753MB
RSS_SAMPLE t=119.1s rss=1753MB hwm=1753MB
RSS_SAMPLE t=119.3s rss=1754MB hwm=1754MB
RSS_SAMPLE t=119.6s rss=1754MB hwm=1754MB
RSS_SAMPLE t=119.8s rss=1754MB hwm=1754MB
RSS_SAMPLE t=120.1s rss=1755MB hwm=1755MB
RSS_SAMPLE t=120.3s rss=1755MB hwm=1755MB
RSS_SAMPLE t=120.6s rss=1755MB hwm=1755MB
RSS_SAMPLE t=120.8s rss=1755MB hwm=1755MB
RSS_SAMPLE t=121.1s rss=1756MB hwm=1756MB
RSS_SAMPLE t=121.3s rss=1756MB hwm=1756MB
RSS_SAMPLE t=121.6s rss=1756MB hwm=1756MB
RSS_SAMPLE t=121.8s rss=1757MB hwm=1757MB
RSS_SAMPLE t=122.1s rss=1757MB hwm=1757MB
RSS_SAMPLE t=122.3s rss=1757MB hwm=1757MB
RSS_SAMPLE t=122.6s rss=1758MB hwm=1758MB
RSS_SAMPLE t=122.8s rss=1758MB hwm=1758MB
RSS_SAMPLE t=123.1s rss=1758MB hwm=1758MB
RSS_SAMPLE t=123.3s rss=1758MB hwm=1758MB
RSS_SAMPLE t=123.6s rss=1758MB hwm=1758MB
RSS_SAMPLE t=123.8s rss=1759MB hwm=1759MB
RSS_SAMPLE t=124.1s rss=1759MB hwm=1759MB
RSS_SAMPLE t=124.3s rss=1760MB hwm=1760MB
RSS_SAMPLE t=124.6s rss=1760MB hwm=1760MB
RSS_SAMPLE t=124.8s rss=1760MB hwm=1760MB
RSS_SAMPLE t=125.1s rss=1761MB hwm=1761MB
RSS_SAMPLE t=125.3s rss=1761MB hwm=1761MB
RSS_SAMPLE t=125.6s rss=1761MB hwm=1761MB
RSS_SAMPLE t=125.8s rss=1761MB hwm=1761MB
RSS_SAMPLE t=126.1s rss=1762MB hwm=1762MB
RSS_SAMPLE t=126.3s rss=1762MB hwm=1762MB
RSS_SAMPLE t=126.6s rss=1762MB hwm=1762MB
RSS_SAMPLE t=126.8s rss=1762MB hwm=1762MB
RSS_SAMPLE t=127.1s rss=1763MB hwm=1763MB
RSS_SAMPLE t=127.3s rss=1763MB hwm=1763MB
RSS_SAMPLE t=127.6s rss=1763MB hwm=1763MB
RSS_SAMPLE t=127.8s rss=1763MB hwm=1763MB
RSS_SAMPLE t=128.1s rss=1763MB hwm=1763MB
RSS_SAMPLE t=128.3s rss=1763MB hwm=1763MB
RSS_SAMPLE t=128.6s rss=1764MB hwm=1764MB
RSS_SAMPLE t=128.8s rss=1764MB hwm=1764MB
RSS_SAMPLE t=129.1s rss=1764MB hwm=1764MB
RSS_SAMPLE t=129.3s rss=1765MB hwm=1765MB
RSS_SAMPLE t=129.6s rss=1765MB hwm=1765MB
RSS_SAMPLE t=129.8s rss=1765MB hwm=1765MB
RSS_SAMPLE t=130.1s rss=1765MB hwm=1765MB
RSS_SAMPLE t=130.3s rss=1766MB hwm=1766MB
RSS_SAMPLE t=130.6s rss=1766MB hwm=1766MB
RSS_SAMPLE t=130.8s rss=1766MB hwm=1766MB
RSS_SAMPLE t=131.1s rss=1767MB hwm=1767MB
RSS_SAMPLE t=131.3s rss=1767MB hwm=1767MB
RSS_SAMPLE t=131.6s rss=1767MB hwm=1767MB
RSS_SAMPLE t=131.8s rss=1768MB hwm=1768MB
RSS_SAMPLE t=132.1s rss=1768MB hwm=1768MB
RSS_SAMPLE t=132.3s rss=1768MB hwm=1768MB
RSS_SAMPLE t=132.6s rss=1768MB hwm=1768MB
RSS_SAMPLE t=132.8s rss=1769MB hwm=1769MB
RSS_SAMPLE t=133.1s rss=1769MB hwm=1769MB
RSS_SAMPLE t=133.3s rss=1770MB hwm=1770MB
RSS_SAMPLE t=133.6s rss=1770MB hwm=1770MB
RSS_SAMPLE t=133.8s rss=1770MB hwm=1770MB
RSS_SAMPLE t=134.1s rss=1771MB hwm=1771MB
RSS_SAMPLE t=134.3s rss=1771MB hwm=1771MB
RSS_SAMPLE t=134.6s rss=1771MB hwm=1771MB
RSS_SAMPLE t=134.8s rss=1771MB hwm=1771MB
RSS_SAMPLE t=135.1s rss=1772MB hwm=1772MB
RSS_SAMPLE t=135.3s rss=1772MB hwm=1772MB
RSS_SAMPLE t=135.6s rss=1772MB hwm=1772MB
RSS_SAMPLE t=135.8s rss=1773MB hwm=1773MB
RSS_SAMPLE t=136.1s rss=1773MB hwm=1773MB
RSS_SAMPLE t=136.3s rss=1773MB hwm=1773MB
RSS_SAMPLE t=136.6s rss=1773MB hwm=1773MB
RSS_SAMPLE t=136.8s rss=1773MB hwm=1773MB
RSS_SAMPLE t=137.1s rss=1773MB hwm=1773MB
RSS_SAMPLE t=137.3s rss=1774MB hwm=1774MB
RSS_SAMPLE t=137.6s rss=1774MB hwm=1774MB
RSS_SAMPLE t=137.8s rss=1774MB hwm=1774MB
RSS_SAMPLE t=138.1s rss=1774MB hwm=1774MB
RSS_SAMPLE t=138.3s rss=1775MB hwm=1775MB
RSS_SAMPLE t=138.6s rss=1775MB hwm=1775MB
RSS_SAMPLE t=138.8s rss=1775MB hwm=1775MB
RSS_SAMPLE t=139.1s rss=1776MB hwm=1776MB
RSS_SAMPLE t=139.3s rss=1776MB hwm=1776MB
RSS_SAMPLE t=139.6s rss=1776MB hwm=1776MB
RSS_SAMPLE t=139.8s rss=1777MB hwm=1777MB
RSS_SAMPLE t=140.1s rss=1777MB hwm=1777MB
RSS_SAMPLE t=140.3s rss=1777MB hwm=1777MB
RSS_SAMPLE t=140.6s rss=1777MB hwm=1777MB
RSS_SAMPLE t=140.8s rss=1778MB hwm=1778MB
RSS_SAMPLE t=141.1s rss=1778MB hwm=1778MB
RSS_SAMPLE t=141.3s rss=1778MB hwm=1778MB
RSS_SAMPLE t=141.6s rss=1779MB hwm=1779MB
RSS_SAMPLE t=141.8s rss=1779MB hwm=1779MB
RSS_SAMPLE t=142.1s rss=1780MB hwm=1780MB
RSS_SAMPLE t=142.3s rss=1780MB hwm=1780MB
RSS_SAMPLE t=142.6s rss=1780MB hwm=1780MB
RSS_SAMPLE t=142.8s rss=1780MB hwm=1780MB
RSS_SAMPLE t=143.1s rss=1780MB hwm=1780MB
RSS_SAMPLE t=143.3s rss=1781MB hwm=1781MB
RSS_SAMPLE t=143.6s rss=1781MB hwm=1781MB
RSS_SAMPLE t=143.8s rss=1782MB hwm=1782MB
RSS_SAMPLE t=144.1s rss=1782MB hwm=1782MB
RSS_SAMPLE t=144.3s rss=1782MB hwm=1782MB
RSS_SAMPLE t=144.6s rss=1782MB hwm=1782MB
RSS_SAMPLE t=144.8s rss=1783MB hwm=1783MB
RSS_SAMPLE t=145.1s rss=1783MB hwm=1783MB
RSS_SAMPLE t=145.3s rss=1783MB hwm=1783MB
RSS_SAMPLE t=145.6s rss=1783MB hwm=1783MB
RSS_SAMPLE t=145.8s rss=1784MB hwm=1784MB
RSS_SAMPLE t=146.1s rss=1784MB hwm=1784MB
RSS_SAMPLE t=146.3s rss=1785MB hwm=1785MB
RSS_SAMPLE t=146.6s rss=1785MB hwm=1785MB
RSS_SAMPLE t=146.8s rss=1785MB hwm=1785MB
RSS_SAMPLE t=147.1s rss=1785MB hwm=1785MB
RSS_SAMPLE t=147.3s rss=1786MB hwm=1786MB
RSS_SAMPLE t=147.6s rss=1786MB hwm=1786MB
RSS_SAMPLE t=147.8s rss=1786MB hwm=1786MB
RSS_SAMPLE t=148.1s rss=1786MB hwm=1786MB
RSS_SAMPLE t=148.3s rss=1786MB hwm=1786MB
RSS_SAMPLE t=148.6s rss=1786MB hwm=1786MB
RSS_SAMPLE t=148.8s rss=1787MB hwm=1787MB
RSS_SAMPLE t=149.1s rss=1787MB hwm=1787MB
RSS_SAMPLE t=149.3s rss=1787MB hwm=1787MB
RSS_SAMPLE t=149.6s rss=1788MB hwm=1788MB
RSS_SAMPLE t=149.8s rss=1788MB hwm=1788MB
RSS_SAMPLE t=150.1s rss=1788MB hwm=1788MB
RSS_SAMPLE t=150.3s rss=1788MB hwm=1788MB
RSS_SAMPLE t=150.6s rss=1789MB hwm=1789MB
RSS_SAMPLE t=150.8s rss=1789MB hwm=1789MB
RSS_SAMPLE t=151.1s rss=1789MB hwm=1789MB
RSS_SAMPLE t=151.3s rss=1789MB hwm=1789MB
RSS_SAMPLE t=151.6s rss=1790MB hwm=1790MB
RSS_SAMPLE t=151.8s rss=1790MB hwm=1790MB
RSS_SAMPLE t=152.1s rss=1790MB hwm=1790MB
RSS_SAMPLE t=152.3s rss=1791MB hwm=1791MB
RSS_SAMPLE t=152.6s rss=1791MB hwm=1791MB
RSS_SAMPLE t=152.8s rss=1791MB hwm=1791MB
RSS_SAMPLE t=153.1s rss=1791MB hwm=1791MB
RSS_SAMPLE t=153.3s rss=1792MB hwm=1792MB
RSS_SAMPLE t=153.6s rss=1792MB hwm=1792MB
RSS_SAMPLE t=153.8s rss=1792MB hwm=1792MB
RSS_SAMPLE t=154.1s rss=1793MB hwm=1793MB
RSS_SAMPLE t=154.3s rss=1793MB hwm=1793MB
RSS_SAMPLE t=154.6s rss=1793MB hwm=1793MB
RSS_SAMPLE t=154.8s rss=1793MB hwm=1793MB
RSS_SAMPLE t=155.1s rss=1793MB hwm=1793MB
RSS_SAMPLE t=155.3s rss=1794MB hwm=1794MB
RSS_SAMPLE t=155.6s rss=1794MB hwm=1794MB
RSS_SAMPLE t=155.8s rss=1794MB hwm=1794MB
RSS_SAMPLE t=156.1s rss=1794MB hwm=1794MB
RSS_SAMPLE t=156.3s rss=1794MB hwm=1794MB
RSS_SAMPLE t=156.6s rss=1795MB hwm=1795MB
RSS_SAMPLE t=156.8s rss=1795MB hwm=1795MB
RSS_SAMPLE t=157.1s rss=1795MB hwm=1795MB
RSS_SAMPLE t=157.3s rss=1795MB hwm=1795MB
RSS_SAMPLE t=157.6s rss=1795MB hwm=1795MB
RSS_SAMPLE t=157.8s rss=1795MB hwm=1795MB
RSS_SAMPLE t=158.1s rss=1796MB hwm=1796MB
RSS_SAMPLE t=158.3s rss=1796MB hwm=1796MB
RSS_SAMPLE t=158.6s rss=1796MB hwm=1796MB
RSS_SAMPLE t=158.8s rss=1796MB hwm=1796MB
RSS_SAMPLE t=159.1s rss=1797MB hwm=1797MB
RSS_SAMPLE t=159.3s rss=1797MB hwm=1797MB
RSS_SAMPLE t=159.6s rss=1797MB hwm=1797MB
RSS_SAMPLE t=159.8s rss=1798MB hwm=1798MB
RSS_SAMPLE t=160.1s rss=1798MB hwm=1798MB
RSS_SAMPLE t=160.3s rss=1798MB hwm=1798MB
RSS_SAMPLE t=160.6s rss=1798MB hwm=1798MB
RSS_SAMPLE t=160.8s rss=1799MB hwm=1799MB
RSS_SAMPLE t=161.1s rss=1799MB hwm=1799MB
RSS_SAMPLE t=161.3s rss=1799MB hwm=1799MB
RSS_SAMPLE t=161.6s rss=1799MB hwm=1799MB
RSS_SAMPLE t=161.8s rss=1800MB hwm=1800MB
RSS_SAMPLE t=162.1s rss=1800MB hwm=1800MB
RSS_SAMPLE t=162.3s rss=1800MB hwm=1800MB
RSS_SAMPLE t=162.6s rss=1801MB hwm=1801MB
RSS_SAMPLE t=162.8s rss=1801MB hwm=1801MB
RSS_SAMPLE t=163.1s rss=1801MB hwm=1801MB
RSS_SAMPLE t=163.3s rss=1801MB hwm=1801MB
RSS_SAMPLE t=163.6s rss=1801MB hwm=1801MB
RSS_SAMPLE t=163.8s rss=1802MB hwm=1802MB
RSS_SAMPLE t=164.1s rss=1802MB hwm=1802MB
RSS_SAMPLE t=164.3s rss=1802MB hwm=1802MB
RSS_SAMPLE t=164.6s rss=1803MB hwm=1803MB
RSS_SAMPLE t=164.8s rss=1803MB hwm=1803MB
RSS_SAMPLE t=165.1s rss=1803MB hwm=1803MB
RSS_SAMPLE t=165.3s rss=1803MB hwm=1803MB
RSS_SAMPLE t=165.6s rss=1804MB hwm=1804MB
RSS_SAMPLE t=165.8s rss=1804MB hwm=1804MB
RSS_SAMPLE t=166.1s rss=1804MB hwm=1804MB
RSS_SAMPLE t=166.3s rss=1805MB hwm=1805MB
RSS_SAMPLE t=166.6s rss=1805MB hwm=1805MB
RSS_SAMPLE t=166.8s rss=1806MB hwm=1806MB
RSS_SAMPLE t=167.1s rss=1806MB hwm=1806MB
RSS_SAMPLE t=167.3s rss=1806MB hwm=1806MB
    rss_probe[outer=0]: pre_refresh_rss=1067MB post_pre_solve_rss=1807MB cache_entries=42424857 cache_cap=69325648 cache_est_mb=600
    pre_solve_diag[outer=0]: solves=105117 fallback=0 (0.0%) cap_armed=105117 (100.0%) settle_avg=10344 settle_max=69353 init_count=62
  Cell placement by tile type (iter 0, 76660 cells):
    NULL: 31596
    CLB: 27114
    IOB_W: 15019
    CLK_BUFG: 2320
    BRAM: 351
    DSP: 182
    IOB_E: 78
    Overflow: over=0 (0.0% of used) avg_excess=0.00 max_excess=0.00 (nc=0.00 cap=0 span=0)  excess_buckets: <=1=0 1-5=0 5-20=0 >20=0  by_cap: cap1=0 cap2=0 cap3-5=0 cap>5=0  by_span: s1=0 s2-3=0 s4-6=0 s7-12=0 s>12=0  le1_cross: cap1=0 cap2-5=0 cap>5=0
    Congestion: pipes=2562403 used=0 congested(>50%)=0 saturated(>90%)=0 max_util=0.00 avg_util=0.0000
PHASE_MARK outer=0 enter=dcd_sweep rss=1807MB
RSS_SAMPLE t=167.6s rss=1807MB hwm=1807MB
RSS_SAMPLE t=167.8s rss=1807MB hwm=1807MB
RSS_SAMPLE t=168.1s rss=1807MB hwm=1807MB
RSS_SAMPLE t=168.3s rss=1807MB hwm=1807MB
RSS_SAMPLE t=168.6s rss=1807MB hwm=1807MB
RSS_SAMPLE t=168.8s rss=1808MB hwm=1808MB
RSS_SAMPLE t=169.1s rss=1808MB hwm=1808MB
RSS_SAMPLE t=169.3s rss=1808MB hwm=1808MB
RSS_SAMPLE t=169.6s rss=1808MB hwm=1808MB
RSS_SAMPLE t=169.8s rss=1808MB hwm=1808MB
RSS_SAMPLE t=170.1s rss=1808MB hwm=1808MB
RSS_SAMPLE t=170.3s rss=1809MB hwm=1809MB
RSS_SAMPLE t=170.6s rss=1809MB hwm=1809MB
RSS_SAMPLE t=170.8s rss=1809MB hwm=1809MB
RSS_SAMPLE t=171.1s rss=1809MB hwm=1809MB
RSS_SAMPLE t=171.3s rss=1809MB hwm=1809MB
RSS_SAMPLE t=171.6s rss=1809MB hwm=1809MB
RSS_SAMPLE t=171.8s rss=1810MB hwm=1810MB
RSS_SAMPLE t=172.1s rss=1810MB hwm=1810MB
RSS_SAMPLE t=172.3s rss=1810MB hwm=1810MB
RSS_SAMPLE t=172.6s rss=1810MB hwm=1810MB
RSS_SAMPLE t=172.8s rss=1810MB hwm=1810MB
RSS_SAMPLE t=173.1s rss=1810MB hwm=1810MB
RSS_SAMPLE t=173.3s rss=1811MB hwm=1811MB
RSS_SAMPLE t=173.6s rss=1811MB hwm=1811MB
RSS_SAMPLE t=173.8s rss=1811MB hwm=1811MB
RSS_SAMPLE t=174.1s rss=1811MB hwm=1811MB
RSS_SAMPLE t=174.3s rss=1811MB hwm=1811MB
RSS_SAMPLE t=174.6s rss=1811MB hwm=1811MB
PHASE_MARK outer=0 leave=dcd_sweep rss=1807MB
PHASE_MARK outer=0 enter=post_refresh rss=1807MB
RSS_SAMPLE t=174.8s rss=1841MB hwm=1841MB
RSS_SAMPLE t=175.1s rss=1841MB hwm=1841MB
RSS_SAMPLE t=175.3s rss=1841MB hwm=1841MB
RSS_SAMPLE t=175.6s rss=1841MB hwm=1841MB
RSS_SAMPLE t=175.8s rss=1841MB hwm=1841MB
RSS_SAMPLE t=176.1s rss=1841MB hwm=1841MB
RSS_SAMPLE t=176.3s rss=1841MB hwm=1841MB
RSS_SAMPLE t=176.6s rss=1841MB hwm=1841MB
RSS_SAMPLE t=176.8s rss=1841MB hwm=1841MB
RSS_SAMPLE t=177.1s rss=1841MB hwm=1841MB
RSS_SAMPLE t=177.3s rss=2228MB hwm=2228MB
RSS_SAMPLE t=177.6s rss=2280MB hwm=2280MB
RSS_SAMPLE t=177.8s rss=2310MB hwm=2310MB
RSS_SAMPLE t=178.1s rss=2318MB hwm=2318MB
RSS_SAMPLE t=178.3s rss=2319MB hwm=2319MB
RSS_SAMPLE t=178.6s rss=2319MB hwm=2319MB
RSS_SAMPLE t=178.8s rss=2329MB hwm=2329MB
RSS_SAMPLE t=179.1s rss=2333MB hwm=2333MB
RSS_SAMPLE t=179.3s rss=2333MB hwm=2333MB
RSS_SAMPLE t=179.6s rss=2336MB hwm=2336MB
RSS_SAMPLE t=179.8s rss=2336MB hwm=2336MB
RSS_SAMPLE t=180.1s rss=2336MB hwm=2336MB
RSS_SAMPLE t=180.3s rss=2336MB hwm=2336MB
RSS_SAMPLE t=180.6s rss=2336MB hwm=2336MB
RSS_SAMPLE t=180.8s rss=2336MB hwm=2336MB
RSS_SAMPLE t=181.1s rss=2336MB hwm=2336MB
RSS_SAMPLE t=181.3s rss=2336MB hwm=2336MB
RSS_SAMPLE t=181.6s rss=2336MB hwm=2336MB
RSS_SAMPLE t=181.8s rss=2336MB hwm=2336MB
RSS_SAMPLE t=182.1s rss=2336MB hwm=2336MB
RSS_SAMPLE t=182.4s rss=2337MB hwm=2337MB
RSS_SAMPLE t=182.6s rss=2338MB hwm=2338MB
RSS_SAMPLE t=182.9s rss=2338MB hwm=2338MB
RSS_SAMPLE t=183.1s rss=2338MB hwm=2338MB
RSS_SAMPLE t=183.4s rss=2340MB hwm=2340MB
RSS_SAMPLE t=183.6s rss=2340MB hwm=2340MB
RSS_SAMPLE t=183.9s rss=2340MB hwm=2340MB
RSS_SAMPLE t=184.1s rss=2341MB hwm=2341MB
RSS_SAMPLE t=184.4s rss=2341MB hwm=2341MB
RSS_SAMPLE t=184.6s rss=2341MB hwm=2341MB
RSS_SAMPLE t=184.9s rss=2341MB hwm=2341MB
RSS_SAMPLE t=185.1s rss=2341MB hwm=2341MB
RSS_SAMPLE t=185.4s rss=2341MB hwm=2341MB
RSS_SAMPLE t=185.6s rss=2341MB hwm=2341MB
RSS_SAMPLE t=185.9s rss=2342MB hwm=2342MB
RSS_SAMPLE t=186.1s rss=2342MB hwm=2342MB
RSS_SAMPLE t=186.4s rss=2342MB hwm=2342MB
RSS_SAMPLE t=186.6s rss=2343MB hwm=2343MB
RSS_SAMPLE t=186.9s rss=2343MB hwm=2343MB
RSS_SAMPLE t=187.1s rss=2343MB hwm=2343MB
RSS_SAMPLE t=187.4s rss=2343MB hwm=2343MB
RSS_SAMPLE t=187.6s rss=2343MB hwm=2343MB
RSS_SAMPLE t=187.9s rss=2343MB hwm=2343MB
RSS_SAMPLE t=188.1s rss=2344MB hwm=2344MB
RSS_SAMPLE t=188.4s rss=2344MB hwm=2344MB
RSS_SAMPLE t=188.6s rss=2344MB hwm=2344MB
RSS_SAMPLE t=188.9s rss=2344MB hwm=2344MB
RSS_SAMPLE t=189.1s rss=2344MB hwm=2344MB
RSS_SAMPLE t=189.4s rss=2344MB hwm=2344MB
RSS_SAMPLE t=189.6s rss=2345MB hwm=2345MB
RSS_SAMPLE t=189.9s rss=2345MB hwm=2345MB
RSS_SAMPLE t=190.1s rss=2345MB hwm=2345MB
RSS_SAMPLE t=190.4s rss=2345MB hwm=2345MB
RSS_SAMPLE t=190.6s rss=2345MB hwm=2345MB
RSS_SAMPLE t=190.9s rss=2345MB hwm=2345MB
RSS_SAMPLE t=191.1s rss=2345MB hwm=2345MB
RSS_SAMPLE t=191.4s rss=2345MB hwm=2345MB
RSS_SAMPLE t=191.6s rss=2345MB hwm=2345MB
RSS_SAMPLE t=191.9s rss=2345MB hwm=2345MB
RSS_SAMPLE t=192.1s rss=2346MB hwm=2346MB
RSS_SAMPLE t=192.4s rss=2346MB hwm=2346MB
RSS_SAMPLE t=192.6s rss=2346MB hwm=2346MB
RSS_SAMPLE t=192.9s rss=2347MB hwm=2347MB
RSS_SAMPLE t=193.1s rss=2347MB hwm=2347MB
RSS_SAMPLE t=193.4s rss=2347MB hwm=2347MB
RSS_SAMPLE t=193.6s rss=2348MB hwm=2348MB
RSS_SAMPLE t=193.9s rss=2348MB hwm=2348MB
RSS_SAMPLE t=194.1s rss=2349MB hwm=2349MB
RSS_SAMPLE t=194.4s rss=2349MB hwm=2349MB
RSS_SAMPLE t=194.6s rss=2349MB hwm=2349MB
RSS_SAMPLE t=194.9s rss=2349MB hwm=2349MB
RSS_SAMPLE t=195.1s rss=2350MB hwm=2350MB
RSS_SAMPLE t=195.4s rss=2350MB hwm=2350MB
RSS_SAMPLE t=195.6s rss=2350MB hwm=2350MB
RSS_SAMPLE t=195.9s rss=2350MB hwm=2350MB
RSS_SAMPLE t=196.1s rss=2351MB hwm=2351MB
RSS_SAMPLE t=196.4s rss=2351MB hwm=2351MB
RSS_SAMPLE t=196.6s rss=2352MB hwm=2352MB
RSS_SAMPLE t=196.9s rss=2352MB hwm=2352MB
RSS_SAMPLE t=197.1s rss=2352MB hwm=2352MB
RSS_SAMPLE t=197.4s rss=2352MB hwm=2352MB
RSS_SAMPLE t=197.6s rss=2353MB hwm=2353MB
RSS_SAMPLE t=197.9s rss=2353MB hwm=2353MB
RSS_SAMPLE t=198.1s rss=2354MB hwm=2354MB
RSS_SAMPLE t=198.4s rss=2354MB hwm=2354MB
RSS_SAMPLE t=198.6s rss=2355MB hwm=2355MB
RSS_SAMPLE t=198.9s rss=2355MB hwm=2355MB
RSS_SAMPLE t=199.1s rss=2355MB hwm=2355MB
RSS_SAMPLE t=199.4s rss=2356MB hwm=2356MB
RSS_SAMPLE t=199.6s rss=2356MB hwm=2356MB
RSS_SAMPLE t=199.9s rss=2357MB hwm=2357MB
RSS_SAMPLE t=200.1s rss=2358MB hwm=2358MB
RSS_SAMPLE t=200.4s rss=2358MB hwm=2358MB
RSS_SAMPLE t=200.6s rss=2358MB hwm=2358MB
RSS_SAMPLE t=200.9s rss=2358MB hwm=2358MB
RSS_SAMPLE t=201.1s rss=2359MB hwm=2359MB
RSS_SAMPLE t=201.4s rss=2360MB hwm=2360MB
RSS_SAMPLE t=201.6s rss=2360MB hwm=2360MB
RSS_SAMPLE t=201.9s rss=2361MB hwm=2361MB
RSS_SAMPLE t=202.1s rss=2361MB hwm=2361MB
RSS_SAMPLE t=202.4s rss=2361MB hwm=2361MB
RSS_SAMPLE t=202.6s rss=2362MB hwm=2362MB
RSS_SAMPLE t=202.9s rss=2362MB hwm=2362MB
RSS_SAMPLE t=203.1s rss=2363MB hwm=2363MB
RSS_SAMPLE t=203.4s rss=2363MB hwm=2363MB
RSS_SAMPLE t=203.6s rss=2363MB hwm=2363MB
RSS_SAMPLE t=203.9s rss=2364MB hwm=2364MB
RSS_SAMPLE t=204.1s rss=2364MB hwm=2364MB
RSS_SAMPLE t=204.4s rss=2365MB hwm=2365MB
RSS_SAMPLE t=204.6s rss=2365MB hwm=2365MB
RSS_SAMPLE t=204.9s rss=2366MB hwm=2366MB
RSS_SAMPLE t=205.1s rss=2366MB hwm=2366MB
RSS_SAMPLE t=205.4s rss=2366MB hwm=2366MB
RSS_SAMPLE t=205.6s rss=2367MB hwm=2367MB
RSS_SAMPLE t=205.9s rss=2368MB hwm=2368MB
RSS_SAMPLE t=206.1s rss=2368MB hwm=2368MB
RSS_SAMPLE t=206.4s rss=2368MB hwm=2368MB
RSS_SAMPLE t=206.6s rss=2369MB hwm=2369MB
RSS_SAMPLE t=206.9s rss=2369MB hwm=2369MB
RSS_SAMPLE t=207.1s rss=2370MB hwm=2370MB
RSS_SAMPLE t=207.4s rss=2370MB hwm=2370MB
RSS_SAMPLE t=207.6s rss=2370MB hwm=2370MB
RSS_SAMPLE t=207.9s rss=2371MB hwm=2371MB
RSS_SAMPLE t=208.1s rss=2371MB hwm=2371MB
RSS_SAMPLE t=208.4s rss=2371MB hwm=2371MB
RSS_SAMPLE t=208.6s rss=2371MB hwm=2371MB
RSS_SAMPLE t=208.9s rss=2372MB hwm=2372MB
RSS_SAMPLE t=209.1s rss=2372MB hwm=2372MB
RSS_SAMPLE t=209.4s rss=2373MB hwm=2373MB
RSS_SAMPLE t=209.6s rss=2373MB hwm=2373MB
RSS_SAMPLE t=209.9s rss=2373MB hwm=2373MB
RSS_SAMPLE t=210.1s rss=2374MB hwm=2374MB
RSS_SAMPLE t=210.4s rss=2374MB hwm=2374MB
RSS_SAMPLE t=210.6s rss=2375MB hwm=2375MB
RSS_SAMPLE t=210.9s rss=2375MB hwm=2375MB
RSS_SAMPLE t=211.1s rss=2376MB hwm=2376MB
RSS_SAMPLE t=211.4s rss=2376MB hwm=2376MB
RSS_SAMPLE t=211.6s rss=2377MB hwm=2377MB
RSS_SAMPLE t=211.9s rss=2377MB hwm=2377MB
RSS_SAMPLE t=212.1s rss=2377MB hwm=2377MB
RSS_SAMPLE t=212.4s rss=2377MB hwm=2377MB
RSS_SAMPLE t=212.6s rss=2378MB hwm=2378MB
RSS_SAMPLE t=212.9s rss=2378MB hwm=2378MB
RSS_SAMPLE t=213.1s rss=2378MB hwm=2378MB
RSS_SAMPLE t=213.4s rss=2379MB hwm=2379MB
RSS_SAMPLE t=213.6s rss=2379MB hwm=2379MB
RSS_SAMPLE t=213.9s rss=2379MB hwm=2379MB
RSS_SAMPLE t=214.1s rss=2380MB hwm=2380MB
RSS_SAMPLE t=214.4s rss=2380MB hwm=2380MB
RSS_SAMPLE t=214.6s rss=2381MB hwm=2381MB
RSS_SAMPLE t=214.9s rss=2381MB hwm=2381MB
RSS_SAMPLE t=215.1s rss=2382MB hwm=2382MB
RSS_SAMPLE t=215.4s rss=2382MB hwm=2382MB
RSS_SAMPLE t=215.6s rss=2382MB hwm=2382MB
RSS_SAMPLE t=215.9s rss=2383MB hwm=2383MB
RSS_SAMPLE t=216.1s rss=2383MB hwm=2383MB
RSS_SAMPLE t=216.4s rss=2384MB hwm=2384MB
RSS_SAMPLE t=216.6s rss=2384MB hwm=2384MB
RSS_SAMPLE t=216.9s rss=2385MB hwm=2385MB
RSS_SAMPLE t=217.1s rss=2385MB hwm=2385MB
RSS_SAMPLE t=217.4s rss=2385MB hwm=2385MB
RSS_SAMPLE t=217.6s rss=2386MB hwm=2386MB
RSS_SAMPLE t=217.9s rss=2386MB hwm=2386MB
RSS_SAMPLE t=218.1s rss=2387MB hwm=2387MB
RSS_SAMPLE t=218.4s rss=2388MB hwm=2388MB
RSS_SAMPLE t=218.6s rss=2388MB hwm=2388MB
RSS_SAMPLE t=218.9s rss=2389MB hwm=2389MB
RSS_SAMPLE t=219.1s rss=2390MB hwm=2390MB
RSS_SAMPLE t=219.4s rss=2390MB hwm=2390MB
RSS_SAMPLE t=219.6s rss=2391MB hwm=2391MB
RSS_SAMPLE t=219.9s rss=2391MB hwm=2391MB
RSS_SAMPLE t=220.1s rss=2392MB hwm=2392MB
RSS_SAMPLE t=220.4s rss=2392MB hwm=2392MB
RSS_SAMPLE t=220.6s rss=2393MB hwm=2393MB
RSS_SAMPLE t=220.9s rss=2393MB hwm=2393MB
RSS_SAMPLE t=221.1s rss=2394MB hwm=2394MB
RSS_SAMPLE t=221.4s rss=2395MB hwm=2395MB
RSS_SAMPLE t=221.6s rss=2395MB hwm=2395MB
RSS_SAMPLE t=221.9s rss=2396MB hwm=2396MB
RSS_SAMPLE t=222.1s rss=2397MB hwm=2397MB
RSS_SAMPLE t=222.4s rss=2397MB hwm=2397MB
RSS_SAMPLE t=222.6s rss=2398MB hwm=2398MB
RSS_SAMPLE t=222.9s rss=2398MB hwm=2398MB
RSS_SAMPLE t=223.1s rss=2399MB hwm=2399MB
RSS_SAMPLE t=223.4s rss=2399MB hwm=2399MB
RSS_SAMPLE t=223.6s rss=2399MB hwm=2399MB
RSS_SAMPLE t=223.9s rss=2400MB hwm=2400MB
RSS_SAMPLE t=224.1s rss=2400MB hwm=2400MB
RSS_SAMPLE t=224.4s rss=2401MB hwm=2401MB
RSS_SAMPLE t=224.6s rss=2402MB hwm=2402MB
RSS_SAMPLE t=224.9s rss=2403MB hwm=2403MB
RSS_SAMPLE t=225.1s rss=2403MB hwm=2403MB
RSS_SAMPLE t=225.4s rss=2404MB hwm=2404MB
RSS_SAMPLE t=225.6s rss=2404MB hwm=2404MB
RSS_SAMPLE t=225.9s rss=2405MB hwm=2405MB
RSS_SAMPLE t=226.1s rss=2406MB hwm=2406MB
RSS_SAMPLE t=226.4s rss=2406MB hwm=2406MB
RSS_SAMPLE t=226.6s rss=2407MB hwm=2407MB
RSS_SAMPLE t=226.9s rss=2408MB hwm=2408MB
RSS_SAMPLE t=227.1s rss=2408MB hwm=2408MB
RSS_SAMPLE t=227.4s rss=2409MB hwm=2409MB
RSS_SAMPLE t=227.6s rss=2409MB hwm=2409MB
RSS_SAMPLE t=227.9s rss=2410MB hwm=2410MB
RSS_SAMPLE t=228.1s rss=2410MB hwm=2410MB
RSS_SAMPLE t=228.4s rss=2411MB hwm=2411MB
RSS_SAMPLE t=228.6s rss=2412MB hwm=2412MB
RSS_SAMPLE t=228.9s rss=2412MB hwm=2412MB
RSS_SAMPLE t=229.1s rss=2413MB hwm=2413MB
RSS_SAMPLE t=229.4s rss=2414MB hwm=2414MB
RSS_SAMPLE t=229.6s rss=2415MB hwm=2415MB
RSS_SAMPLE t=229.9s rss=2415MB hwm=2415MB
RSS_SAMPLE t=230.1s rss=2416MB hwm=2416MB
RSS_SAMPLE t=230.4s rss=2416MB hwm=2416MB
RSS_SAMPLE t=230.6s rss=2417MB hwm=2417MB
RSS_SAMPLE t=230.9s rss=2417MB hwm=2417MB
RSS_SAMPLE t=231.1s rss=2418MB hwm=2418MB
RSS_SAMPLE t=231.4s rss=2418MB hwm=2418MB
RSS_SAMPLE t=231.6s rss=2419MB hwm=2419MB
RSS_SAMPLE t=231.9s rss=2419MB hwm=2419MB
RSS_SAMPLE t=232.1s rss=2419MB hwm=2419MB
RSS_SAMPLE t=232.4s rss=2420MB hwm=2420MB
RSS_SAMPLE t=232.6s rss=2421MB hwm=2421MB
RSS_SAMPLE t=232.9s rss=2421MB hwm=2421MB
RSS_SAMPLE t=233.1s rss=2422MB hwm=2422MB
RSS_SAMPLE t=233.4s rss=2423MB hwm=2423MB
RSS_SAMPLE t=233.6s rss=2424MB hwm=2424MB
RSS_SAMPLE t=233.9s rss=2425MB hwm=2425MB
RSS_SAMPLE t=234.1s rss=2425MB hwm=2425MB
RSS_SAMPLE t=234.4s rss=2426MB hwm=2426MB
RSS_SAMPLE t=234.6s rss=2427MB hwm=2427MB
RSS_SAMPLE t=234.9s rss=2427MB hwm=2427MB
RSS_SAMPLE t=235.1s rss=2428MB hwm=2428MB
RSS_SAMPLE t=235.4s rss=2429MB hwm=2429MB
RSS_SAMPLE t=235.6s rss=2430MB hwm=2430MB
RSS_SAMPLE t=235.9s rss=2430MB hwm=2430MB
RSS_SAMPLE t=236.1s rss=2431MB hwm=2431MB
RSS_SAMPLE t=236.4s rss=2432MB hwm=2432MB
RSS_SAMPLE t=236.6s rss=2433MB hwm=2433MB
RSS_SAMPLE t=236.9s rss=2433MB hwm=2433MB
RSS_SAMPLE t=237.1s rss=2434MB hwm=2434MB
RSS_SAMPLE t=237.4s rss=2434MB hwm=2434MB
RSS_SAMPLE t=237.6s rss=2435MB hwm=2435MB
RSS_SAMPLE t=237.9s rss=2436MB hwm=2436MB
RSS_SAMPLE t=238.1s rss=2436MB hwm=2436MB
RSS_SAMPLE t=238.4s rss=2437MB hwm=2437MB
RSS_SAMPLE t=238.6s rss=2438MB hwm=2438MB
RSS_SAMPLE t=238.9s rss=2438MB hwm=2438MB
RSS_SAMPLE t=239.1s rss=2438MB hwm=2438MB
RSS_SAMPLE t=239.4s rss=2439MB hwm=2439MB
RSS_SAMPLE t=239.6s rss=2440MB hwm=2440MB
RSS_SAMPLE t=239.9s rss=2441MB hwm=2441MB
RSS_SAMPLE t=240.1s rss=2442MB hwm=2442MB
RSS_SAMPLE t=240.4s rss=2442MB hwm=2442MB
RSS_SAMPLE t=240.6s rss=2443MB hwm=2443MB
RSS_SAMPLE t=240.9s rss=2444MB hwm=2444MB
RSS_SAMPLE t=241.1s rss=2444MB hwm=2444MB
RSS_SAMPLE t=241.4s rss=2445MB hwm=2445MB
RSS_SAMPLE t=241.6s rss=2445MB hwm=2445MB
RSS_SAMPLE t=241.9s rss=2445MB hwm=2445MB
RSS_SAMPLE t=242.1s rss=2446MB hwm=2446MB
RSS_SAMPLE t=242.4s rss=2446MB hwm=2446MB
RSS_SAMPLE t=242.6s rss=2447MB hwm=2447MB
RSS_SAMPLE t=242.9s rss=2448MB hwm=2448MB
RSS_SAMPLE t=243.1s rss=2448MB hwm=2448MB
RSS_SAMPLE t=243.4s rss=2449MB hwm=2449MB
RSS_SAMPLE t=243.6s rss=2450MB hwm=2450MB
RSS_SAMPLE t=243.9s rss=2450MB hwm=2450MB
RSS_SAMPLE t=244.1s rss=2450MB hwm=2450MB
RSS_SAMPLE t=244.4s rss=2451MB hwm=2451MB
RSS_SAMPLE t=244.6s rss=2451MB hwm=2451MB
RSS_SAMPLE t=244.9s rss=2452MB hwm=2452MB
RSS_SAMPLE t=245.1s rss=2452MB hwm=2452MB
RSS_SAMPLE t=245.4s rss=2452MB hwm=2452MB
RSS_SAMPLE t=245.6s rss=2453MB hwm=2453MB
RSS_SAMPLE t=245.9s rss=2453MB hwm=2453MB
RSS_SAMPLE t=246.1s rss=2454MB hwm=2454MB
RSS_SAMPLE t=246.4s rss=2455MB hwm=2455MB
RSS_SAMPLE t=246.6s rss=2455MB hwm=2455MB
RSS_SAMPLE t=246.9s rss=2455MB hwm=2455MB
RSS_SAMPLE t=247.1s rss=2456MB hwm=2456MB
RSS_SAMPLE t=247.4s rss=2456MB hwm=2456MB
RSS_SAMPLE t=247.6s rss=2457MB hwm=2457MB
RSS_SAMPLE t=247.9s rss=2458MB hwm=2458MB
RSS_SAMPLE t=248.1s rss=2459MB hwm=2459MB
RSS_SAMPLE t=248.4s rss=2460MB hwm=2460MB
RSS_SAMPLE t=248.6s rss=2460MB hwm=2460MB
RSS_SAMPLE t=248.9s rss=2461MB hwm=2461MB
RSS_SAMPLE t=249.1s rss=2462MB hwm=2462MB
RSS_SAMPLE t=249.4s rss=2462MB hwm=2462MB
RSS_SAMPLE t=249.6s rss=2463MB hwm=2463MB
RSS_SAMPLE t=249.9s rss=2464MB hwm=2464MB
RSS_SAMPLE t=250.1s rss=2465MB hwm=2465MB
RSS_SAMPLE t=250.4s rss=2465MB hwm=2465MB
RSS_SAMPLE t=250.6s rss=2466MB hwm=2466MB
RSS_SAMPLE t=250.9s rss=2467MB hwm=2467MB
RSS_SAMPLE t=251.1s rss=2468MB hwm=2468MB
RSS_SAMPLE t=251.4s rss=2468MB hwm=2468MB
RSS_SAMPLE t=251.6s rss=2469MB hwm=2469MB
RSS_SAMPLE t=251.9s rss=2470MB hwm=2470MB
RSS_SAMPLE t=252.1s rss=2471MB hwm=2471MB
RSS_SAMPLE t=252.4s rss=2472MB hwm=2472MB
RSS_SAMPLE t=252.6s rss=2472MB hwm=2472MB
RSS_SAMPLE t=252.9s rss=2473MB hwm=2473MB
RSS_SAMPLE t=253.1s rss=2474MB hwm=2474MB
RSS_SAMPLE t=253.4s rss=2475MB hwm=2475MB
RSS_SAMPLE t=253.6s rss=2475MB hwm=2475MB
RSS_SAMPLE t=253.9s rss=2475MB hwm=2475MB
RSS_SAMPLE t=254.1s rss=2476MB hwm=2476MB
RSS_SAMPLE t=254.4s rss=2477MB hwm=2477MB
RSS_SAMPLE t=254.6s rss=2477MB hwm=2477MB
RSS_SAMPLE t=254.9s rss=2477MB hwm=2477MB
RSS_SAMPLE t=255.1s rss=2478MB hwm=2478MB
RSS_SAMPLE t=255.4s rss=2479MB hwm=2479MB
RSS_SAMPLE t=255.6s rss=2479MB hwm=2479MB
RSS_SAMPLE t=255.9s rss=2479MB hwm=2479MB
RSS_SAMPLE t=256.1s rss=2481MB hwm=2481MB
RSS_SAMPLE t=256.4s rss=2481MB hwm=2481MB
RSS_SAMPLE t=256.6s rss=2482MB hwm=2482MB
RSS_SAMPLE t=256.9s rss=2482MB hwm=2482MB
RSS_SAMPLE t=257.1s rss=2482MB hwm=2482MB
RSS_SAMPLE t=257.4s rss=2483MB hwm=2483MB
RSS_SAMPLE t=257.6s rss=2483MB hwm=2483MB
RSS_SAMPLE t=257.9s rss=2484MB hwm=2484MB
RSS_SAMPLE t=258.1s rss=2484MB hwm=2484MB
RSS_SAMPLE t=258.4s rss=2485MB hwm=2485MB
RSS_SAMPLE t=258.6s rss=2485MB hwm=2485MB
RSS_SAMPLE t=258.9s rss=2486MB hwm=2486MB
RSS_SAMPLE t=259.1s rss=2486MB hwm=2486MB
RSS_SAMPLE t=259.4s rss=2487MB hwm=2487MB
RSS_SAMPLE t=259.6s rss=2488MB hwm=2488MB
RSS_SAMPLE t=259.9s rss=2488MB hwm=2488MB
RSS_SAMPLE t=260.1s rss=2489MB hwm=2489MB
RSS_SAMPLE t=260.4s rss=2489MB hwm=2489MB
RSS_SAMPLE t=260.6s rss=2490MB hwm=2490MB
RSS_SAMPLE t=260.9s rss=2490MB hwm=2490MB
RSS_SAMPLE t=261.1s rss=2491MB hwm=2491MB
RSS_SAMPLE t=261.4s rss=2491MB hwm=2491MB
RSS_SAMPLE t=261.7s rss=2493MB hwm=2493MB
RSS_SAMPLE t=261.9s rss=2493MB hwm=2493MB
RSS_SAMPLE t=262.2s rss=2493MB hwm=2493MB
RSS_SAMPLE t=262.4s rss=2494MB hwm=2494MB
RSS_SAMPLE t=262.7s rss=2495MB hwm=2495MB
RSS_SAMPLE t=262.9s rss=2495MB hwm=2495MB
RSS_SAMPLE t=263.2s rss=2496MB hwm=2496MB
RSS_SAMPLE t=263.4s rss=2496MB hwm=2496MB
RSS_SAMPLE t=263.7s rss=2497MB hwm=2497MB
RSS_SAMPLE t=263.9s rss=2497MB hwm=2497MB
RSS_SAMPLE t=264.2s rss=2498MB hwm=2498MB
RSS_SAMPLE t=264.4s rss=2498MB hwm=2498MB
RSS_SAMPLE t=264.7s rss=2499MB hwm=2499MB
RSS_SAMPLE t=264.9s rss=2499MB hwm=2499MB
RSS_SAMPLE t=265.2s rss=2499MB hwm=2499MB
RSS_SAMPLE t=265.4s rss=2500MB hwm=2500MB
RSS_SAMPLE t=265.7s rss=2500MB hwm=2500MB
RSS_SAMPLE t=265.9s rss=2501MB hwm=2501MB
RSS_SAMPLE t=266.2s rss=2501MB hwm=2501MB
RSS_SAMPLE t=266.4s rss=2501MB hwm=2501MB
RSS_SAMPLE t=266.7s rss=2502MB hwm=2502MB
RSS_SAMPLE t=266.9s rss=2502MB hwm=2502MB
RSS_SAMPLE t=267.2s rss=2503MB hwm=2503MB
RSS_SAMPLE t=267.4s rss=2503MB hwm=2503MB
RSS_SAMPLE t=267.7s rss=2503MB hwm=2503MB
RSS_SAMPLE t=267.9s rss=2503MB hwm=2503MB
RSS_SAMPLE t=268.2s rss=2504MB hwm=2504MB
RSS_SAMPLE t=268.4s rss=2504MB hwm=2504MB
RSS_SAMPLE t=268.7s rss=2504MB hwm=2504MB
RSS_SAMPLE t=268.9s rss=2504MB hwm=2504MB
RSS_SAMPLE t=269.2s rss=2505MB hwm=2505MB
RSS_SAMPLE t=269.4s rss=2505MB hwm=2505MB
RSS_SAMPLE t=269.7s rss=2505MB hwm=2505MB
RSS_SAMPLE t=269.9s rss=2506MB hwm=2506MB
RSS_SAMPLE t=270.2s rss=2506MB hwm=2506MB
RSS_SAMPLE t=270.4s rss=2506MB hwm=2506MB
RSS_SAMPLE t=270.7s rss=2507MB hwm=2507MB
RSS_SAMPLE t=270.9s rss=2507MB hwm=2507MB
RSS_SAMPLE t=271.2s rss=2507MB hwm=2507MB
RSS_SAMPLE t=271.4s rss=2507MB hwm=2507MB
RSS_SAMPLE t=271.7s rss=2507MB hwm=2507MB
RSS_SAMPLE t=271.9s rss=2507MB hwm=2507MB
RSS_SAMPLE t=272.2s rss=2507MB hwm=2507MB
RSS_SAMPLE t=272.4s rss=2507MB hwm=2507MB
RSS_SAMPLE t=272.7s rss=2507MB hwm=2507MB
RSS_SAMPLE t=272.9s rss=2507MB hwm=2507MB
RSS_SAMPLE t=273.2s rss=2507MB hwm=2507MB
RSS_SAMPLE t=273.4s rss=2507MB hwm=2507MB
RSS_SAMPLE t=273.7s rss=2507MB hwm=2507MB
RSS_SAMPLE t=273.9s rss=2507MB hwm=2507MB
RSS_SAMPLE t=274.2s rss=2508MB hwm=2508MB
RSS_SAMPLE t=274.4s rss=2508MB hwm=2508MB
RSS_SAMPLE t=274.7s rss=2508MB hwm=2508MB
RSS_SAMPLE t=274.9s rss=2508MB hwm=2508MB
RSS_SAMPLE t=275.2s rss=2508MB hwm=2508MB
RSS_SAMPLE t=275.4s rss=2508MB hwm=2508MB
RSS_SAMPLE t=275.7s rss=2508MB hwm=2508MB
RSS_SAMPLE t=275.9s rss=2508MB hwm=2508MB
RSS_SAMPLE t=276.2s rss=2508MB hwm=2508MB
RSS_SAMPLE t=276.4s rss=2508MB hwm=2508MB
RSS_SAMPLE t=276.7s rss=2508MB hwm=2508MB
RSS_SAMPLE t=276.9s rss=2508MB hwm=2508MB
RSS_SAMPLE t=277.2s rss=2508MB hwm=2508MB
RSS_SAMPLE t=277.4s rss=2508MB hwm=2508MB
RSS_SAMPLE t=277.7s rss=2509MB hwm=2509MB
RSS_SAMPLE t=277.9s rss=2509MB hwm=2509MB
RSS_SAMPLE t=278.2s rss=2509MB hwm=2509MB
RSS_SAMPLE t=278.4s rss=2509MB hwm=2509MB
RSS_SAMPLE t=278.7s rss=2509MB hwm=2509MB
RSS_SAMPLE t=278.9s rss=2509MB hwm=2509MB
RSS_SAMPLE t=279.2s rss=2509MB hwm=2509MB
RSS_SAMPLE t=279.4s rss=2509MB hwm=2509MB
RSS_SAMPLE t=279.7s rss=2509MB hwm=2509MB
RSS_SAMPLE t=279.9s rss=2509MB hwm=2509MB
RSS_SAMPLE t=280.2s rss=2509MB hwm=2509MB
RSS_SAMPLE t=280.4s rss=2509MB hwm=2509MB
RSS_SAMPLE t=280.7s rss=2509MB hwm=2509MB
RSS_SAMPLE t=280.9s rss=2509MB hwm=2509MB
RSS_SAMPLE t=281.2s rss=2509MB hwm=2509MB
RSS_SAMPLE t=281.4s rss=2509MB hwm=2509MB
RSS_SAMPLE t=281.7s rss=2509MB hwm=2509MB
RSS_SAMPLE t=281.9s rss=2509MB hwm=2509MB
RSS_SAMPLE t=282.2s rss=2510MB hwm=2510MB
RSS_SAMPLE t=282.4s rss=2510MB hwm=2510MB
RSS_SAMPLE t=282.7s rss=2510MB hwm=2510MB
RSS_SAMPLE t=282.9s rss=2510MB hwm=2510MB
RSS_SAMPLE t=283.2s rss=2510MB hwm=2510MB
RSS_SAMPLE t=283.4s rss=2510MB hwm=2510MB
RSS_SAMPLE t=283.7s rss=2510MB hwm=2510MB
RSS_SAMPLE t=283.9s rss=2510MB hwm=2510MB
RSS_SAMPLE t=284.2s rss=2510MB hwm=2510MB
RSS_SAMPLE t=284.4s rss=2510MB hwm=2510MB
RSS_SAMPLE t=284.7s rss=2510MB hwm=2510MB
RSS_SAMPLE t=284.9s rss=2510MB hwm=2510MB
RSS_SAMPLE t=285.2s rss=2510MB hwm=2510MB
RSS_SAMPLE t=285.4s rss=2510MB hwm=2510MB
RSS_SAMPLE t=285.7s rss=2510MB hwm=2510MB
RSS_SAMPLE t=285.9s rss=2510MB hwm=2510MB
RSS_SAMPLE t=286.2s rss=2510MB hwm=2510MB
RSS_SAMPLE t=286.4s rss=2511MB hwm=2511MB
RSS_SAMPLE t=286.7s rss=2511MB hwm=2511MB
RSS_SAMPLE t=286.9s rss=2511MB hwm=2511MB
RSS_SAMPLE t=287.2s rss=2511MB hwm=2511MB
RSS_SAMPLE t=287.4s rss=2511MB hwm=2511MB
RSS_SAMPLE t=287.7s rss=2511MB hwm=2511MB
RSS_SAMPLE t=287.9s rss=2511MB hwm=2511MB
RSS_SAMPLE t=288.2s rss=2511MB hwm=2511MB
RSS_SAMPLE t=288.4s rss=2511MB hwm=2511MB
RSS_SAMPLE t=288.7s rss=2511MB hwm=2511MB
RSS_SAMPLE t=288.9s rss=2511MB hwm=2511MB
RSS_SAMPLE t=289.2s rss=2511MB hwm=2511MB
RSS_SAMPLE t=289.4s rss=2511MB hwm=2511MB
RSS_SAMPLE t=289.7s rss=2511MB hwm=2511MB
RSS_SAMPLE t=289.9s rss=2511MB hwm=2511MB
RSS_SAMPLE t=290.2s rss=2511MB hwm=2511MB
RSS_SAMPLE t=290.4s rss=2511MB hwm=2511MB
RSS_SAMPLE t=290.7s rss=2511MB hwm=2511MB
RSS_SAMPLE t=290.9s rss=2511MB hwm=2511MB
RSS_SAMPLE t=291.2s rss=2512MB hwm=2512MB
RSS_SAMPLE t=291.4s rss=2512MB hwm=2512MB
RSS_SAMPLE t=291.7s rss=2512MB hwm=2512MB
RSS_SAMPLE t=291.9s rss=2512MB hwm=2512MB
RSS_SAMPLE t=292.2s rss=2512MB hwm=2512MB
RSS_SAMPLE t=292.4s rss=2512MB hwm=2512MB
RSS_SAMPLE t=292.7s rss=2512MB hwm=2512MB
RSS_SAMPLE t=292.9s rss=2512MB hwm=2512MB
RSS_SAMPLE t=293.2s rss=2512MB hwm=2512MB
RSS_SAMPLE t=293.4s rss=2512MB hwm=2512MB
RSS_SAMPLE t=293.7s rss=2512MB hwm=2512MB
RSS_SAMPLE t=293.9s rss=2512MB hwm=2512MB
RSS_SAMPLE t=294.2s rss=2512MB hwm=2512MB
RSS_SAMPLE t=294.4s rss=2512MB hwm=2512MB
RSS_SAMPLE t=294.7s rss=2512MB hwm=2512MB
RSS_SAMPLE t=294.9s rss=2512MB hwm=2512MB
RSS_SAMPLE t=295.2s rss=2512MB hwm=2512MB
RSS_SAMPLE t=295.4s rss=2513MB hwm=2513MB
RSS_SAMPLE t=295.7s rss=2513MB hwm=2513MB
RSS_SAMPLE t=295.9s rss=2513MB hwm=2513MB
RSS_SAMPLE t=296.2s rss=2513MB hwm=2513MB
RSS_SAMPLE t=296.4s rss=2513MB hwm=2513MB
RSS_SAMPLE t=296.7s rss=2513MB hwm=2513MB
RSS_SAMPLE t=296.9s rss=2513MB hwm=2513MB
RSS_SAMPLE t=297.2s rss=2513MB hwm=2513MB
RSS_SAMPLE t=297.4s rss=2513MB hwm=2513MB
RSS_SAMPLE t=297.7s rss=2513MB hwm=2513MB
RSS_SAMPLE t=297.9s rss=2513MB hwm=2513MB
RSS_SAMPLE t=298.2s rss=2513MB hwm=2513MB
RSS_SAMPLE t=298.4s rss=2513MB hwm=2513MB
RSS_SAMPLE t=298.7s rss=2513MB hwm=2513MB
RSS_SAMPLE t=298.9s rss=2513MB hwm=2513MB
RSS_SAMPLE t=299.2s rss=2513MB hwm=2513MB
RSS_SAMPLE t=299.4s rss=2513MB hwm=2513MB
RSS_SAMPLE t=299.7s rss=2513MB hwm=2513MB
RSS_SAMPLE t=299.9s rss=2513MB hwm=2513MB
RSS_SAMPLE t=300.2s rss=2513MB hwm=2513MB
RSS_SAMPLE t=300.4s rss=2513MB hwm=2513MB
RSS_SAMPLE t=300.7s rss=2513MB hwm=2513MB
RSS_SAMPLE t=300.9s rss=2513MB hwm=2513MB
RSS_SAMPLE t=301.2s rss=2513MB hwm=2513MB
RSS_SAMPLE t=301.4s rss=2513MB hwm=2513MB
RSS_SAMPLE t=301.7s rss=2513MB hwm=2513MB
RSS_SAMPLE t=301.9s rss=2513MB hwm=2513MB
RSS_SAMPLE t=302.2s rss=2513MB hwm=2513MB
RSS_SAMPLE t=302.4s rss=2513MB hwm=2513MB
RSS_SAMPLE t=302.7s rss=2513MB hwm=2513MB
RSS_SAMPLE t=302.9s rss=2513MB hwm=2513MB
RSS_SAMPLE t=303.2s rss=2513MB hwm=2513MB
RSS_SAMPLE t=303.4s rss=2514MB hwm=2514MB
RSS_SAMPLE t=303.7s rss=2514MB hwm=2514MB
RSS_SAMPLE t=303.9s rss=2514MB hwm=2514MB
RSS_SAMPLE t=304.2s rss=2514MB hwm=2514MB
RSS_SAMPLE t=304.4s rss=2514MB hwm=2514MB
RSS_SAMPLE t=304.7s rss=2514MB hwm=2514MB
RSS_SAMPLE t=304.9s rss=2514MB hwm=2514MB
RSS_SAMPLE t=305.2s rss=2514MB hwm=2514MB
RSS_SAMPLE t=305.4s rss=2514MB hwm=2514MB
RSS_SAMPLE t=305.7s rss=2514MB hwm=2514MB
RSS_SAMPLE t=305.9s rss=2514MB hwm=2514MB
RSS_SAMPLE t=306.2s rss=2514MB hwm=2514MB
RSS_SAMPLE t=306.4s rss=2514MB hwm=2514MB
RSS_SAMPLE t=306.7s rss=2514MB hwm=2514MB
RSS_SAMPLE t=306.9s rss=2514MB hwm=2514MB
RSS_SAMPLE t=307.2s rss=2514MB hwm=2514MB
RSS_SAMPLE t=307.4s rss=2514MB hwm=2514MB
RSS_SAMPLE t=307.7s rss=2514MB hwm=2514MB
RSS_SAMPLE t=307.9s rss=2514MB hwm=2514MB
RSS_SAMPLE t=308.2s rss=2515MB hwm=2515MB
RSS_SAMPLE t=308.4s rss=2515MB hwm=2515MB
RSS_SAMPLE t=308.7s rss=2515MB hwm=2515MB
RSS_SAMPLE t=308.9s rss=2515MB hwm=2515MB
RSS_SAMPLE t=309.2s rss=2515MB hwm=2515MB
RSS_SAMPLE t=309.4s rss=2515MB hwm=2515MB
RSS_SAMPLE t=309.7s rss=2515MB hwm=2515MB
RSS_SAMPLE t=309.9s rss=2515MB hwm=2515MB
RSS_SAMPLE t=310.2s rss=2515MB hwm=2515MB
RSS_SAMPLE t=310.4s rss=2515MB hwm=2515MB
RSS_SAMPLE t=310.7s rss=2515MB hwm=2515MB
RSS_SAMPLE t=310.9s rss=2515MB hwm=2515MB
RSS_SAMPLE t=311.2s rss=2515MB hwm=2515MB
RSS_SAMPLE t=311.4s rss=2515MB hwm=2515MB
RSS_SAMPLE t=311.7s rss=2515MB hwm=2515MB
RSS_SAMPLE t=311.9s rss=2515MB hwm=2515MB
RSS_SAMPLE t=312.2s rss=2515MB hwm=2515MB
RSS_SAMPLE t=312.4s rss=2515MB hwm=2515MB
RSS_SAMPLE t=312.7s rss=2515MB hwm=2515MB
RSS_SAMPLE t=312.9s rss=2515MB hwm=2515MB
RSS_SAMPLE t=313.2s rss=2515MB hwm=2515MB
RSS_SAMPLE t=313.4s rss=2515MB hwm=2515MB
RSS_SAMPLE t=313.7s rss=2515MB hwm=2515MB
RSS_SAMPLE t=313.9s rss=2515MB hwm=2515MB
RSS_SAMPLE t=314.2s rss=2515MB hwm=2515MB
RSS_SAMPLE t=314.4s rss=2515MB hwm=2515MB
RSS_SAMPLE t=314.7s rss=2516MB hwm=2516MB
RSS_SAMPLE t=314.9s rss=2516MB hwm=2516MB
RSS_SAMPLE t=315.2s rss=2516MB hwm=2516MB
RSS_SAMPLE t=315.4s rss=2516MB hwm=2516MB
RSS_SAMPLE t=315.7s rss=2516MB hwm=2516MB
RSS_SAMPLE t=315.9s rss=2516MB hwm=2516MB
RSS_SAMPLE t=316.2s rss=2516MB hwm=2516MB
RSS_SAMPLE t=316.4s rss=2516MB hwm=2516MB
RSS_SAMPLE t=316.7s rss=2516MB hwm=2516MB
RSS_SAMPLE t=316.9s rss=2516MB hwm=2516MB
RSS_SAMPLE t=317.2s rss=2516MB hwm=2516MB
RSS_SAMPLE t=317.4s rss=2516MB hwm=2516MB
RSS_SAMPLE t=317.7s rss=2516MB hwm=2516MB
RSS_SAMPLE t=317.9s rss=2516MB hwm=2516MB
RSS_SAMPLE t=318.2s rss=2516MB hwm=2516MB
RSS_SAMPLE t=318.4s rss=2516MB hwm=2516MB
RSS_SAMPLE t=318.7s rss=2516MB hwm=2516MB
RSS_SAMPLE t=318.9s rss=2516MB hwm=2516MB
RSS_SAMPLE t=319.2s rss=2516MB hwm=2516MB
RSS_SAMPLE t=319.4s rss=2516MB hwm=2516MB
RSS_SAMPLE t=319.7s rss=2516MB hwm=2516MB
RSS_SAMPLE t=319.9s rss=2516MB hwm=2516MB
RSS_SAMPLE t=320.2s rss=2517MB hwm=2517MB
RSS_SAMPLE t=320.4s rss=2517MB hwm=2517MB
RSS_SAMPLE t=320.7s rss=2517MB hwm=2517MB
RSS_SAMPLE t=320.9s rss=2517MB hwm=2517MB
RSS_SAMPLE t=321.2s rss=2517MB hwm=2517MB
RSS_SAMPLE t=321.4s rss=2517MB hwm=2517MB
RSS_SAMPLE t=321.7s rss=2517MB hwm=2517MB
RSS_SAMPLE t=321.9s rss=2517MB hwm=2517MB
RSS_SAMPLE t=322.2s rss=2517MB hwm=2517MB
RSS_SAMPLE t=322.4s rss=2517MB hwm=2517MB
RSS_SAMPLE t=322.7s rss=2517MB hwm=2517MB
RSS_SAMPLE t=322.9s rss=2517MB hwm=2517MB
RSS_SAMPLE t=323.2s rss=2517MB hwm=2517MB
RSS_SAMPLE t=323.4s rss=2517MB hwm=2517MB
RSS_SAMPLE t=323.7s rss=2517MB hwm=2517MB
RSS_SAMPLE t=323.9s rss=2517MB hwm=2517MB
RSS_SAMPLE t=324.2s rss=2517MB hwm=2517MB
RSS_SAMPLE t=324.4s rss=2517MB hwm=2517MB
RSS_SAMPLE t=324.7s rss=2517MB hwm=2517MB
RSS_SAMPLE t=324.9s rss=2517MB hwm=2517MB
RSS_SAMPLE t=325.2s rss=2517MB hwm=2517MB
RSS_SAMPLE t=325.4s rss=2517MB hwm=2517MB
RSS_SAMPLE t=325.7s rss=2517MB hwm=2517MB
RSS_SAMPLE t=325.9s rss=2518MB hwm=2518MB
RSS_SAMPLE t=326.2s rss=2518MB hwm=2518MB
RSS_SAMPLE t=326.4s rss=2518MB hwm=2518MB
RSS_SAMPLE t=326.7s rss=2518MB hwm=2518MB
RSS_SAMPLE t=326.9s rss=2518MB hwm=2518MB
RSS_SAMPLE t=327.2s rss=2518MB hwm=2518MB
RSS_SAMPLE t=327.4s rss=2518MB hwm=2518MB
RSS_SAMPLE t=327.7s rss=2518MB hwm=2518MB
RSS_SAMPLE t=327.9s rss=2518MB hwm=2518MB
RSS_SAMPLE t=328.2s rss=2518MB hwm=2518MB
RSS_SAMPLE t=328.4s rss=2518MB hwm=2518MB
RSS_SAMPLE t=328.7s rss=2518MB hwm=2518MB
RSS_SAMPLE t=328.9s rss=2518MB hwm=2518MB
RSS_SAMPLE t=329.2s rss=2518MB hwm=2518MB
RSS_SAMPLE t=329.4s rss=2518MB hwm=2518MB
RSS_SAMPLE t=329.7s rss=2518MB hwm=2518MB
RSS_SAMPLE t=329.9s rss=2518MB hwm=2518MB
RSS_SAMPLE t=330.2s rss=2518MB hwm=2518MB
RSS_SAMPLE t=330.4s rss=2518MB hwm=2518MB
RSS_SAMPLE t=330.7s rss=2518MB hwm=2518MB
RSS_SAMPLE t=330.9s rss=2518MB hwm=2518MB
RSS_SAMPLE t=331.2s rss=2518MB hwm=2518MB
RSS_SAMPLE t=331.4s rss=2518MB hwm=2518MB
RSS_SAMPLE t=331.7s rss=2518MB hwm=2518MB
RSS_SAMPLE t=331.9s rss=2518MB hwm=2518MB
RSS_SAMPLE t=332.2s rss=2518MB hwm=2518MB
RSS_SAMPLE t=332.4s rss=2519MB hwm=2519MB
RSS_SAMPLE t=332.7s rss=2519MB hwm=2519MB
RSS_SAMPLE t=332.9s rss=2519MB hwm=2519MB
RSS_SAMPLE t=333.2s rss=2519MB hwm=2519MB
RSS_SAMPLE t=333.4s rss=2519MB hwm=2519MB
RSS_SAMPLE t=333.7s rss=2519MB hwm=2519MB
RSS_SAMPLE t=333.9s rss=2519MB hwm=2519MB
RSS_SAMPLE t=334.2s rss=2519MB hwm=2519MB
RSS_SAMPLE t=334.4s rss=2519MB hwm=2519MB
RSS_SAMPLE t=334.7s rss=2519MB hwm=2519MB
RSS_SAMPLE t=334.9s rss=2519MB hwm=2519MB
RSS_SAMPLE t=335.2s rss=2519MB hwm=2519MB
RSS_SAMPLE t=335.4s rss=2519MB hwm=2519MB
RSS_SAMPLE t=335.7s rss=2519MB hwm=2519MB
RSS_SAMPLE t=335.9s rss=2519MB hwm=2519MB
MEM_POOL: workspaces=8 dense_usage_mb=313 n_pipes=2562403
    rss_probe[outer=0]: pre_post_solve=1841MB post_post_solve=2539MB after_apply=2539MB
MuxSlotTracker[sweep 0 LEAK]: populated_cells=58597, overflow_tiles=4, at_cap_tiles=1824, peak_excess=11, capacity_hist={16:67346}
    E_decomp: base=10489994.5 eff=11026595.5 cong=536601.0 cong_share=4.9% sat_pipes=157977 max_util=1154.21  R_buckets: 1-2x=2562403 2-10x=0 10-100x=0 >=100x=0
    E_potential: beckmann=16883744088184.1 history_total=0.0
    SpanCache: epoch=1 entries=110 lookups=2562403 hits=2562293 misses=110 hit_rate=100.0%
  DCD   0: nets=105117 line=17431952 energy=2446837.592 dE=+0.000 friction=4836746.6 bins=2.6x(1155) excess=609.0 moved=58406 disp=inf solves=210234 skip=0 pops=2128098469 theta=5.000 refresh=269820ms dcd=7090ms total=279414ms
    cache_stats: entries=50734941 capacity=85482404 est_mb=739 rss_mb=2522
DCD done: energy=2446837.592 line=17431952 friction=4836746.6 bins=2.6x(1155) excess=609.0
MuxSlotTracker: 7557 commit rejections over entire DCD
MuxSlotTracker[post-DCD]: populated_cells=58597, overflow_tiles=4, at_cap_tiles=1824, peak_excess=11, capacity_hist={16:67346}
Pre-legalization: HPWL=14565030
  type DFF: 302 valid columns, 1077536 total BELs
  type LUT6: 302 valid columns, 538768 total BELs
TypeAwarePlacement: 2 cell types
RSS_SAMPLE t=336.2s rss=1964MB hwm=2534MB
RSS_SAMPLE t=336.4s rss=2062MB hwm=2534MB
RSS_SAMPLE t=336.7s rss=2062MB hwm=2534MB
RSS_SAMPLE t=336.9s rss=2062MB hwm=2534MB
RSS_SAMPLE t=337.2s rss=2062MB hwm=2534MB
RSS_SAMPLE t=337.4s rss=2062MB hwm=2534MB
RSS_SAMPLE t=337.7s rss=2062MB hwm=2534MB
RSS_SAMPLE t=337.9s rss=2062MB hwm=2534MB
RSS_SAMPLE t=338.2s rss=2062MB hwm=2534MB
RSS_SAMPLE t=338.4s rss=2062MB hwm=2534MB
RSS_SAMPLE t=338.7s rss=2062MB hwm=2534MB
RSS_SAMPLE t=338.9s rss=2062MB hwm=2534MB
RSS_SAMPLE t=339.2s rss=2062MB hwm=2534MB
RSS_SAMPLE t=339.4s rss=2062MB hwm=2534MB
RSS_SAMPLE t=339.7s rss=2062MB hwm=2534MB
RSS_SAMPLE t=339.9s rss=2062MB hwm=2534MB
RSS_SAMPLE t=340.2s rss=2062MB hwm=2534MB
RSS_SAMPLE t=340.4s rss=2062MB hwm=2534MB
RSS_SAMPLE t=340.7s rss=2062MB hwm=2534MB
RSS_SAMPLE t=340.9s rss=2062MB hwm=2534MB
RSS_SAMPLE t=341.2s rss=2062MB hwm=2534MB
RSS_SAMPLE t=341.4s rss=2062MB hwm=2534MB
RSS_SAMPLE t=341.7s rss=2062MB hwm=2534MB
RSS_SAMPLE t=341.9s rss=2062MB hwm=2534MB
RSS_SAMPLE t=342.2s rss=2062MB hwm=2534MB
  SortedLegalizer: cluster_rejects=374723 shared_mux_rejects=21834629 arch_validity_rejects=0
RSS_SAMPLE t=342.4s rss=2001MB hwm=2534MB
Post-legalization: HPWL=14228478, line=17612668
Per-net HPWL: 105118 nets, total=14228478
  #0: hpwl=531 fanout=93000 (0.0%)
  #1: hpwl=529 fanout=6 (0.0%)
  #2: hpwl=529 fanout=17 (0.0%)
  #3: hpwl=529 fanout=3 (0.0%)
  #4: hpwl=528 fanout=5 (0.0%)
  #5: hpwl=528 fanout=3 (0.0%)
  #6: hpwl=528 fanout=6 (0.0%)
  #7: hpwl=527 fanout=9 (0.0%)
  #8: hpwl=527 fanout=12 (0.0%)
  #9: hpwl=527 fanout=9 (0.0%)
  50% of HPWL from top 17575 nets (of 105118)
