Running scope as unit: run-r903abbc6be3b4c099feaab103f24b4dc.scope
chipdb: /home/kelvin/side-project/eisenjoch/chip_database/xc7_large.bin
design: /home/kelvin/side-project/eisenjoch/benchmark/ispd/generated/2016/FPGA01/FPGA01.json
RSS_SAMPLE t=0.0s rss=3MB hwm=3MB
RSS_SAMPLE t=0.3s rss=458MB hwm=458MB
RSS_SAMPLE t=0.5s rss=724MB hwm=724MB
RSS_SAMPLE t=0.8s rss=824MB hwm=824MB
RSS_SAMPLE t=1.0s rss=819MB hwm=824MB
RSS_SAMPLE t=1.3s rss=819MB hwm=824MB
RSS_SAMPLE t=1.5s rss=820MB hwm=824MB
cfg: max_outer_iters=1 blend_alpha=0.5 hardening_step=0 graph_model=TwoLevelPip
  topological compress: density=0.60 target_tiles=15971 final_tiles=15777 scale=1.851 center=(205.1,111.0)
  topological init: n_movable=76660, n_edges=229053, max_layer=26775, back_edges=54022, n_anchored=0
RSS_SAMPLE t=1.8s rss=820MB hwm=824MB
RSS_SAMPLE t=2.0s rss=820MB hwm=824MB
RSS_SAMPLE t=2.3s rss=820MB hwm=824MB
RSS_SAMPLE t=2.5s rss=820MB hwm=824MB
RSS_SAMPLE t=2.8s rss=820MB hwm=824MB
RSS_SAMPLE t=3.0s rss=820MB hwm=824MB
RSS_SAMPLE t=3.3s rss=820MB hwm=824MB
RSS_SAMPLE t=3.5s rss=820MB hwm=824MB
RSS_SAMPLE t=3.8s rss=820MB hwm=824MB
RSS_SAMPLE t=4.0s rss=820MB hwm=824MB
RSS_SAMPLE t=4.3s rss=820MB hwm=824MB
RSS_SAMPLE t=4.5s rss=820MB hwm=824MB
RSS_SAMPLE t=4.8s rss=820MB hwm=824MB
RSS_SAMPLE t=5.0s rss=820MB hwm=824MB
RSS_SAMPLE t=5.3s rss=820MB hwm=824MB
RSS_SAMPLE t=5.5s rss=820MB hwm=824MB
RSS_SAMPLE t=5.8s rss=820MB hwm=824MB
RSS_SAMPLE t=6.0s rss=820MB hwm=824MB
RSS_SAMPLE t=6.3s rss=820MB hwm=824MB
RSS_SAMPLE t=6.5s rss=820MB hwm=824MB
RSS_SAMPLE t=6.8s rss=820MB hwm=824MB
RSS_SAMPLE t=7.0s rss=820MB hwm=824MB
RSS_SAMPLE t=7.3s rss=820MB hwm=824MB
RSS_SAMPLE t=7.5s rss=820MB hwm=824MB
RSS_SAMPLE t=7.8s rss=820MB hwm=824MB
RSS_SAMPLE t=8.0s rss=820MB hwm=824MB
RSS_SAMPLE t=8.3s rss=820MB hwm=824MB
RSS_SAMPLE t=8.5s rss=820MB hwm=824MB
RSS_SAMPLE t=8.8s rss=820MB hwm=824MB
RSS_SAMPLE t=9.0s rss=820MB hwm=824MB
RSS_SAMPLE t=9.3s rss=820MB hwm=824MB
RSS_SAMPLE t=9.5s rss=820MB hwm=824MB
RSS_SAMPLE t=9.8s rss=820MB hwm=824MB
RSS_SAMPLE t=10.0s rss=820MB hwm=824MB
RSS_SAMPLE t=10.3s rss=820MB hwm=824MB
RSS_SAMPLE t=10.5s rss=820MB hwm=824MB
RSS_SAMPLE t=10.8s rss=820MB hwm=824MB
RSS_SAMPLE t=11.0s rss=820MB hwm=824MB
RSS_SAMPLE t=11.3s rss=820MB hwm=824MB
RSS_SAMPLE t=11.5s rss=820MB hwm=824MB
RSS_SAMPLE t=11.8s rss=820MB hwm=824MB
RSS_SAMPLE t=12.0s rss=820MB hwm=824MB
RSS_SAMPLE t=12.3s rss=820MB hwm=824MB
RSS_SAMPLE t=12.5s rss=820MB hwm=824MB
RSS_SAMPLE t=12.8s rss=820MB hwm=824MB
RSS_SAMPLE t=13.0s rss=820MB hwm=824MB
RSS_SAMPLE t=13.3s rss=820MB hwm=824MB
RSS_SAMPLE t=13.5s rss=820MB hwm=824MB
RSS_SAMPLE t=13.8s rss=820MB hwm=824MB
RSS_SAMPLE t=14.0s rss=820MB hwm=824MB
RSS_SAMPLE t=14.3s rss=820MB hwm=824MB
RSS_SAMPLE t=14.5s rss=820MB hwm=824MB
RSS_SAMPLE t=14.8s rss=820MB hwm=824MB
RSS_SAMPLE t=15.0s rss=820MB hwm=824MB
RSS_SAMPLE t=15.3s rss=820MB hwm=824MB
RSS_SAMPLE t=15.5s rss=820MB hwm=824MB
RSS_SAMPLE t=15.8s rss=820MB hwm=824MB
RSS_SAMPLE t=16.0s rss=820MB hwm=824MB
RSS_SAMPLE t=16.3s rss=820MB hwm=824MB
RSS_SAMPLE t=16.5s rss=820MB hwm=824MB
RSS_SAMPLE t=16.8s rss=820MB hwm=824MB
RSS_SAMPLE t=17.0s rss=820MB hwm=824MB
RSS_SAMPLE t=17.3s rss=820MB hwm=824MB
RSS_SAMPLE t=17.5s rss=820MB hwm=824MB
RSS_SAMPLE t=17.8s rss=820MB hwm=824MB
RSS_SAMPLE t=18.0s rss=820MB hwm=824MB
RSS_SAMPLE t=18.3s rss=820MB hwm=824MB
RSS_SAMPLE t=18.5s rss=820MB hwm=824MB
RSS_SAMPLE t=18.8s rss=820MB hwm=824MB
RSS_SAMPLE t=19.0s rss=820MB hwm=824MB
RSS_SAMPLE t=19.3s rss=820MB hwm=824MB
RSS_SAMPLE t=19.5s rss=820MB hwm=824MB
RSS_SAMPLE t=19.8s rss=820MB hwm=824MB
RSS_SAMPLE t=20.0s rss=820MB hwm=824MB
RSS_SAMPLE t=20.3s rss=820MB hwm=824MB
RSS_SAMPLE t=20.5s rss=820MB hwm=824MB
RSS_SAMPLE t=20.8s rss=820MB hwm=824MB
RSS_SAMPLE t=21.0s rss=820MB hwm=824MB
RSS_SAMPLE t=21.3s rss=820MB hwm=824MB
RSS_SAMPLE t=21.5s rss=820MB hwm=824MB
RSS_SAMPLE t=21.8s rss=820MB hwm=824MB
RSS_SAMPLE t=22.0s rss=820MB hwm=824MB
RSS_SAMPLE t=22.3s rss=820MB hwm=824MB
RSS_SAMPLE t=22.5s rss=820MB hwm=824MB
RSS_SAMPLE t=22.8s rss=820MB hwm=824MB
RSS_SAMPLE t=23.0s rss=820MB hwm=824MB
RSS_SAMPLE t=23.3s rss=820MB hwm=824MB
RSS_SAMPLE t=23.5s rss=820MB hwm=824MB
RSS_SAMPLE t=23.8s rss=820MB hwm=824MB
RSS_SAMPLE t=24.0s rss=820MB hwm=824MB
RSS_SAMPLE t=24.3s rss=820MB hwm=824MB
RSS_SAMPLE t=24.5s rss=820MB hwm=824MB
RSS_SAMPLE t=24.8s rss=820MB hwm=824MB
RSS_SAMPLE t=25.0s rss=820MB hwm=824MB
RSS_SAMPLE t=25.3s rss=820MB hwm=824MB
RSS_SAMPLE t=25.5s rss=820MB hwm=824MB
RSS_SAMPLE t=25.8s rss=820MB hwm=824MB
RSS_SAMPLE t=26.0s rss=820MB hwm=824MB
RSS_SAMPLE t=26.3s rss=820MB hwm=824MB
RSS_SAMPLE t=26.5s rss=820MB hwm=824MB
RSS_SAMPLE t=26.8s rss=820MB hwm=824MB
RSS_SAMPLE t=27.0s rss=820MB hwm=824MB
RSS_SAMPLE t=27.3s rss=820MB hwm=824MB
RSS_SAMPLE t=27.5s rss=820MB hwm=824MB
RSS_SAMPLE t=27.8s rss=820MB hwm=824MB
RSS_SAMPLE t=28.0s rss=820MB hwm=824MB
RSS_SAMPLE t=28.3s rss=820MB hwm=824MB
RSS_SAMPLE t=28.5s rss=820MB hwm=824MB
RSS_SAMPLE t=28.8s rss=820MB hwm=824MB
RSS_SAMPLE t=29.0s rss=820MB hwm=824MB
RSS_SAMPLE t=29.3s rss=820MB hwm=824MB
RSS_SAMPLE t=29.5s rss=820MB hwm=824MB
RSS_SAMPLE t=29.8s rss=820MB hwm=824MB
RSS_SAMPLE t=30.0s rss=820MB hwm=824MB
RSS_SAMPLE t=30.3s rss=820MB hwm=824MB
RSS_SAMPLE t=30.5s rss=820MB hwm=824MB
RSS_SAMPLE t=30.8s rss=820MB hwm=824MB
RSS_SAMPLE t=31.0s rss=820MB hwm=824MB
RSS_SAMPLE t=31.3s rss=820MB hwm=824MB
RSS_SAMPLE t=31.5s rss=820MB hwm=824MB
RSS_SAMPLE t=31.8s rss=820MB hwm=824MB
RSS_SAMPLE t=32.0s rss=820MB hwm=824MB
RSS_SAMPLE t=32.3s rss=820MB hwm=824MB
RSS_SAMPLE t=32.5s rss=820MB hwm=824MB
RSS_SAMPLE t=32.8s rss=820MB hwm=824MB
RSS_SAMPLE t=33.0s rss=820MB hwm=824MB
RSS_SAMPLE t=33.3s rss=820MB hwm=824MB
RSS_SAMPLE t=33.5s rss=820MB hwm=824MB
RSS_SAMPLE t=33.8s rss=820MB hwm=824MB
RSS_SAMPLE t=34.0s rss=820MB hwm=824MB
RSS_SAMPLE t=34.3s rss=820MB hwm=824MB
RSS_SAMPLE t=34.5s rss=820MB hwm=824MB
RSS_SAMPLE t=34.8s rss=820MB hwm=824MB
RSS_SAMPLE t=35.0s rss=820MB hwm=824MB
RSS_SAMPLE t=35.3s rss=820MB hwm=824MB
RSS_SAMPLE t=35.5s rss=820MB hwm=824MB
RSS_SAMPLE t=35.8s rss=820MB hwm=824MB
RSS_SAMPLE t=36.0s rss=820MB hwm=824MB
RSS_SAMPLE t=36.3s rss=820MB hwm=824MB
RSS_SAMPLE t=36.5s rss=820MB hwm=824MB
RSS_SAMPLE t=36.8s rss=820MB hwm=824MB
RSS_SAMPLE t=37.0s rss=820MB hwm=824MB
RSS_SAMPLE t=37.3s rss=820MB hwm=824MB
RSS_SAMPLE t=37.5s rss=820MB hwm=824MB
RSS_SAMPLE t=37.8s rss=820MB hwm=824MB
RSS_SAMPLE t=38.0s rss=820MB hwm=824MB
RSS_SAMPLE t=38.3s rss=820MB hwm=824MB
RSS_SAMPLE t=38.5s rss=820MB hwm=824MB
RSS_SAMPLE t=38.8s rss=820MB hwm=824MB
RSS_SAMPLE t=39.0s rss=820MB hwm=824MB
RSS_SAMPLE t=39.3s rss=820MB hwm=824MB
RSS_SAMPLE t=39.5s rss=820MB hwm=824MB
RSS_SAMPLE t=39.8s rss=820MB hwm=824MB
RSS_SAMPLE t=40.0s rss=820MB hwm=824MB
RSS_SAMPLE t=40.3s rss=820MB hwm=824MB
RSS_SAMPLE t=40.5s rss=820MB hwm=824MB
RSS_SAMPLE t=40.8s rss=820MB hwm=824MB
RSS_SAMPLE t=41.0s rss=820MB hwm=824MB
RSS_SAMPLE t=41.3s rss=820MB hwm=824MB
RSS_SAMPLE t=41.5s rss=820MB hwm=824MB
RSS_SAMPLE t=41.8s rss=820MB hwm=824MB
RSS_SAMPLE t=42.0s rss=820MB hwm=824MB
RSS_SAMPLE t=42.3s rss=820MB hwm=824MB
RSS_SAMPLE t=42.5s rss=820MB hwm=824MB
RSS_SAMPLE t=42.8s rss=820MB hwm=824MB
RSS_SAMPLE t=43.0s rss=820MB hwm=824MB
RSS_SAMPLE t=43.3s rss=820MB hwm=824MB
RSS_SAMPLE t=43.5s rss=820MB hwm=824MB
RSS_SAMPLE t=43.8s rss=820MB hwm=824MB
RSS_SAMPLE t=44.0s rss=820MB hwm=824MB
RSS_SAMPLE t=44.3s rss=820MB hwm=824MB
RSS_SAMPLE t=44.5s rss=820MB hwm=824MB
RSS_SAMPLE t=44.8s rss=820MB hwm=824MB
RSS_SAMPLE t=45.0s rss=820MB hwm=824MB
RSS_SAMPLE t=45.3s rss=820MB hwm=824MB
RSS_SAMPLE t=45.5s rss=820MB hwm=824MB
RSS_SAMPLE t=45.8s rss=820MB hwm=824MB
RSS_SAMPLE t=46.0s rss=820MB hwm=824MB
RSS_SAMPLE t=46.3s rss=820MB hwm=824MB
RSS_SAMPLE t=46.5s rss=820MB hwm=824MB
RSS_SAMPLE t=46.8s rss=820MB hwm=824MB
RSS_SAMPLE t=47.0s rss=820MB hwm=824MB
RSS_SAMPLE t=47.3s rss=820MB hwm=824MB
RSS_SAMPLE t=47.5s rss=820MB hwm=824MB
RSS_SAMPLE t=47.8s rss=820MB hwm=824MB
RSS_SAMPLE t=48.0s rss=820MB hwm=824MB
RSS_SAMPLE t=48.3s rss=820MB hwm=824MB
RSS_SAMPLE t=48.5s rss=820MB hwm=824MB
RSS_SAMPLE t=48.8s rss=820MB hwm=824MB
RSS_SAMPLE t=49.0s rss=820MB hwm=824MB
RSS_SAMPLE t=49.3s rss=820MB hwm=824MB
RSS_SAMPLE t=49.5s rss=820MB hwm=824MB
RSS_SAMPLE t=49.8s rss=820MB hwm=824MB
RSS_SAMPLE t=50.0s rss=820MB hwm=824MB
RSS_SAMPLE t=50.3s rss=820MB hwm=824MB
RSS_SAMPLE t=50.5s rss=820MB hwm=824MB
RSS_SAMPLE t=50.8s rss=820MB hwm=824MB
RSS_SAMPLE t=51.0s rss=820MB hwm=824MB
RSS_SAMPLE t=51.3s rss=820MB hwm=824MB
RSS_SAMPLE t=51.5s rss=820MB hwm=824MB
RSS_SAMPLE t=51.8s rss=820MB hwm=824MB
RSS_SAMPLE t=52.0s rss=820MB hwm=824MB
RSS_SAMPLE t=52.3s rss=820MB hwm=824MB
RSS_SAMPLE t=52.5s rss=826MB hwm=826MB
RSS_SAMPLE t=52.8s rss=878MB hwm=878MB
RSS_SAMPLE t=53.0s rss=919MB hwm=919MB
RSS_SAMPLE t=53.3s rss=932MB hwm=932MB
RSS_SAMPLE t=53.5s rss=932MB hwm=932MB
RSS_SAMPLE t=53.8s rss=933MB hwm=933MB
RSS_SAMPLE t=54.0s rss=933MB hwm=933MB
RSS_SAMPLE t=54.3s rss=933MB hwm=933MB
RSS_SAMPLE t=54.5s rss=933MB hwm=933MB
  Skipped truly-null coarse cells: 0 (of 69353 total); pruned pipes: src_null=0 dst_null=0
  Pipe capacity by span:
    span=  1: 138172 pipes, cap min=1 avg=134.5 max=432
    span=  2: 136455 pipes, cap min=2 avg=50.7 max=118
    span=  3: 135619 pipes, cap min=2 avg=26.1 max=52
    span=  4: 136319 pipes, cap min=2 avg=22.7 max=140
    span=  5: 135918 pipes, cap min=2 avg=66.1 max=124
    span=  6: 201217 pipes, cap min=2 avg=15.2 max=28
    span=  7: 200933 pipes, cap min=1 avg=7.3 max=20
    span=  8: 132748 pipes, cap min=2 avg=6.0 max=10
    span=  9: 130848 pipes, cap min=2 avg=6.0 max=10
    span= 10: 131090 pipes, cap min=2 avg=2.2 max=31
    span= 11: 129628 pipes, cap min=2 avg=2.0 max=4
    span= 12: 129018 pipes, cap min=2 avg=2.0 max=4
    span= 13: 128408 pipes, cap min=1 avg=1.5 max=4
    span= 14: 127798 pipes, cap min=1 avg=1.0 max=2
    span= 15: 127188 pipes, cap min=1 avg=1.0 max=2
    span= 16: 126578 pipes, cap min=1 avg=1.0 max=2
    span= 17: 125968 pipes, cap min=1 avg=1.0 max=2
    span= 18: 125358 pipes, cap min=1 avg=1.0 max=2
    span= 19: 63140 pipes, cap min=1 avg=1.0 max=2
  Thin span-1 pipes (cap<=2): 222 total, by tile-type pair (top 20):
    NULL <-> NULL: 220
    CLK_BUFG <-> NULL: 2
  Pipe cost: span^0.50 model (r1=1), span-1=1.000, span-12=3.464, 2×span-6=4.899, 12×span-1=12.000
RSS_SAMPLE t=54.8s rss=1020MB hwm=1020MB
  topological compress: density=0.60 target_tiles=15971 final_tiles=15777 scale=1.851 center=(205.1,111.0)
  topological init: n_movable=76660, n_edges=229053, max_layer=26775, back_edges=54022, n_anchored=0
  type DFF: 302 valid columns, 1077536 total BELs
  type LUT6: 302 valid columns, 538768 total BELs
TypeAwarePlacement: 2 cell types
Coordinate descent mode: 76660 cells, scale 1.00
RSS_SAMPLE t=55.0s rss=1029MB hwm=1029MB
RSS_SAMPLE t=55.3s rss=1041MB hwm=1041MB
RSS_SAMPLE t=55.5s rss=1053MB hwm=1053MB
RSS_SAMPLE t=55.8s rss=1065MB hwm=1065MB
RSS_SAMPLE t=56.0s rss=1076MB hwm=1076MB
RSS_SAMPLE t=56.3s rss=1088MB hwm=1088MB
RSS_SAMPLE t=56.5s rss=1100MB hwm=1100MB
RSS_SAMPLE t=56.8s rss=1112MB hwm=1112MB
RSS_SAMPLE t=57.0s rss=1124MB hwm=1124MB
RSS_SAMPLE t=57.3s rss=1136MB hwm=1136MB
RSS_SAMPLE t=57.5s rss=1148MB hwm=1148MB
RSS_SAMPLE t=57.8s rss=1160MB hwm=1160MB
RSS_SAMPLE t=58.0s rss=1171MB hwm=1171MB
RSS_SAMPLE t=58.3s rss=1183MB hwm=1183MB
RSS_SAMPLE t=58.5s rss=1195MB hwm=1195MB
RSS_SAMPLE t=58.8s rss=1207MB hwm=1207MB
RSS_SAMPLE t=59.0s rss=1219MB hwm=1219MB
RSS_SAMPLE t=59.3s rss=1231MB hwm=1231MB
RSS_SAMPLE t=59.5s rss=1242MB hwm=1242MB
RSS_SAMPLE t=59.8s rss=1254MB hwm=1254MB
RSS_SAMPLE t=60.0s rss=1266MB hwm=1266MB
RSS_SAMPLE t=60.3s rss=1278MB hwm=1278MB
RSS_SAMPLE t=60.5s rss=1290MB hwm=1290MB
RSS_SAMPLE t=60.8s rss=1302MB hwm=1302MB
RSS_SAMPLE t=61.0s rss=1314MB hwm=1314MB
RSS_SAMPLE t=61.3s rss=1326MB hwm=1326MB
RSS_SAMPLE t=61.5s rss=1338MB hwm=1338MB
RSS_SAMPLE t=61.8s rss=1349MB hwm=1349MB
RSS_SAMPLE t=62.0s rss=1361MB hwm=1361MB
RSS_SAMPLE t=62.3s rss=1373MB hwm=1373MB
RSS_SAMPLE t=62.5s rss=1385MB hwm=1385MB
RSS_SAMPLE t=62.8s rss=1397MB hwm=1397MB
RSS_SAMPLE t=63.0s rss=1409MB hwm=1409MB
RSS_SAMPLE t=63.3s rss=1421MB hwm=1421MB
RSS_SAMPLE t=63.5s rss=1433MB hwm=1433MB
RSS_SAMPLE t=63.8s rss=1445MB hwm=1445MB
RSS_SAMPLE t=64.0s rss=1457MB hwm=1457MB
RSS_SAMPLE t=64.3s rss=1468MB hwm=1468MB
RSS_SAMPLE t=64.5s rss=1480MB hwm=1480MB
RSS_SAMPLE t=64.8s rss=1492MB hwm=1492MB
RSS_SAMPLE t=65.0s rss=1504MB hwm=1504MB
RSS_SAMPLE t=65.3s rss=1516MB hwm=1516MB
RSS_SAMPLE t=65.5s rss=1528MB hwm=1528MB
RSS_SAMPLE t=65.8s rss=1540MB hwm=1540MB
RSS_SAMPLE t=66.0s rss=1552MB hwm=1552MB
RSS_SAMPLE t=66.3s rss=1564MB hwm=1564MB
RSS_SAMPLE t=66.5s rss=1576MB hwm=1576MB
RSS_SAMPLE t=66.8s rss=1588MB hwm=1588MB
RSS_SAMPLE t=67.0s rss=1599MB hwm=1599MB
RSS_SAMPLE t=67.3s rss=1611MB hwm=1611MB
RSS_SAMPLE t=67.5s rss=1623MB hwm=1623MB
RSS_SAMPLE t=67.8s rss=1635MB hwm=1635MB
RSS_SAMPLE t=68.0s rss=1647MB hwm=1647MB
RSS_SAMPLE t=68.3s rss=1659MB hwm=1659MB
CellValidityMask: 76660 cells, 311x223 grid, per-cell valid positions: min=67346 avg=67346.0 max=67346, unmapped cells=0
MuxSlotTracker: 76660 cells (76660 with external fanout), 67346 tiles, total_cap=1077536, active_buckets=[DFF,LUT6], built in 68.8ms
MuxSlotTracker[post-seed]: populated_cells=27114, overflow_tiles=518, at_cap_tiles=50, peak_excess=41, capacity_hist={16:67346}
DCD placer: 76660 cells, 69353 nodes, outer_iters=1, dcd_iters_per_cell=8, graph_model=TwoLevelPip
MEM_STATIC: pipes=352MB nodes=1MB adjacency=78MB pipe_cost_vecs=59MB validity_mask=634MB n_pipes=2562403 n_edges=5124806 rss=1670MB
Softmin position update: enabled, theta 0.250 -> 5.000 (anneal over 1 iters)
RSS_SAMPLE t=68.5s rss=1697MB hwm=1697MB
RSS_SAMPLE t=68.8s rss=1697MB hwm=1697MB
RSS_SAMPLE t=69.0s rss=1697MB hwm=1697MB
RSS_SAMPLE t=69.3s rss=1697MB hwm=1697MB
RSS_SAMPLE t=69.5s rss=1697MB hwm=1697MB
RSS_SAMPLE t=69.8s rss=1697MB hwm=1697MB
RSS_SAMPLE t=70.0s rss=1697MB hwm=1697MB
RSS_SAMPLE t=70.3s rss=1697MB hwm=1697MB
RSS_SAMPLE t=70.5s rss=1697MB hwm=1697MB
    SwitchMatrix: type_usage_pairs=7 lookups=110 hits=103 dijkstra_calls=7 avg_us=10.3 total_ms=0.1
PHASE_MARK outer=0 enter=pre_solve rss=1701MB
RSS_SAMPLE t=70.8s rss=1732MB hwm=1732MB
RSS_SAMPLE t=71.0s rss=1740MB hwm=1740MB
RSS_SAMPLE t=71.3s rss=1744MB hwm=1744MB
RSS_SAMPLE t=71.5s rss=1747MB hwm=1747MB
RSS_SAMPLE t=71.8s rss=1750MB hwm=1750MB
RSS_SAMPLE t=72.0s rss=1754MB hwm=1754MB
RSS_SAMPLE t=72.3s rss=1757MB hwm=1757MB
RSS_SAMPLE t=72.5s rss=1760MB hwm=1760MB
RSS_SAMPLE t=72.8s rss=1764MB hwm=1764MB
RSS_SAMPLE t=73.0s rss=1768MB hwm=1768MB
RSS_SAMPLE t=73.3s rss=1771MB hwm=1771MB
RSS_SAMPLE t=73.5s rss=1774MB hwm=1774MB
RSS_SAMPLE t=73.8s rss=1777MB hwm=1777MB
RSS_SAMPLE t=74.0s rss=1780MB hwm=1780MB
RSS_SAMPLE t=74.3s rss=1783MB hwm=1783MB
RSS_SAMPLE t=74.5s rss=1786MB hwm=1786MB
RSS_SAMPLE t=74.8s rss=1789MB hwm=1789MB
RSS_SAMPLE t=75.0s rss=1792MB hwm=1792MB
RSS_SAMPLE t=75.3s rss=1795MB hwm=1795MB
RSS_SAMPLE t=75.5s rss=1799MB hwm=1799MB
RSS_SAMPLE t=75.8s rss=1802MB hwm=1802MB
RSS_SAMPLE t=76.0s rss=1805MB hwm=1805MB
RSS_SAMPLE t=76.3s rss=1809MB hwm=1809MB
RSS_SAMPLE t=76.5s rss=1813MB hwm=1813MB
RSS_SAMPLE t=76.8s rss=1816MB hwm=1816MB
RSS_SAMPLE t=77.0s rss=1819MB hwm=1819MB
RSS_SAMPLE t=77.3s rss=1823MB hwm=1823MB
RSS_SAMPLE t=77.5s rss=1825MB hwm=1825MB
RSS_SAMPLE t=77.8s rss=1829MB hwm=1829MB
RSS_SAMPLE t=78.0s rss=1831MB hwm=1831MB
RSS_SAMPLE t=78.3s rss=1834MB hwm=1834MB
RSS_SAMPLE t=78.5s rss=1837MB hwm=1837MB
RSS_SAMPLE t=78.8s rss=1840MB hwm=1840MB
RSS_SAMPLE t=79.0s rss=1843MB hwm=1843MB
RSS_SAMPLE t=79.3s rss=1846MB hwm=1846MB
RSS_SAMPLE t=79.5s rss=1850MB hwm=1850MB
RSS_SAMPLE t=79.8s rss=1853MB hwm=1853MB
RSS_SAMPLE t=80.0s rss=1856MB hwm=1856MB
RSS_SAMPLE t=80.3s rss=1859MB hwm=1859MB
RSS_SAMPLE t=80.5s rss=1863MB hwm=1863MB
RSS_SAMPLE t=80.8s rss=1866MB hwm=1866MB
RSS_SAMPLE t=81.0s rss=1869MB hwm=1869MB
RSS_SAMPLE t=81.3s rss=1872MB hwm=1872MB
RSS_SAMPLE t=81.5s rss=1875MB hwm=1875MB
RSS_SAMPLE t=81.8s rss=1879MB hwm=1879MB
RSS_SAMPLE t=82.1s rss=1882MB hwm=1882MB
RSS_SAMPLE t=82.3s rss=1886MB hwm=1886MB
RSS_SAMPLE t=82.6s rss=1889MB hwm=1889MB
RSS_SAMPLE t=82.8s rss=1892MB hwm=1892MB
RSS_SAMPLE t=83.1s rss=1896MB hwm=1896MB
RSS_SAMPLE t=83.3s rss=1899MB hwm=1899MB
RSS_SAMPLE t=83.6s rss=1903MB hwm=1903MB
RSS_SAMPLE t=83.8s rss=1906MB hwm=1906MB
RSS_SAMPLE t=84.1s rss=1909MB hwm=1909MB
RSS_SAMPLE t=84.3s rss=1911MB hwm=1911MB
RSS_SAMPLE t=84.6s rss=1915MB hwm=1915MB
RSS_SAMPLE t=84.8s rss=1919MB hwm=1919MB
RSS_SAMPLE t=85.1s rss=1923MB hwm=1923MB
RSS_SAMPLE t=85.3s rss=1926MB hwm=1926MB
RSS_SAMPLE t=85.6s rss=1929MB hwm=1929MB
RSS_SAMPLE t=85.8s rss=1933MB hwm=1933MB
RSS_SAMPLE t=86.1s rss=1936MB hwm=1936MB
RSS_SAMPLE t=86.3s rss=1940MB hwm=1940MB
RSS_SAMPLE t=86.6s rss=1943MB hwm=1943MB
RSS_SAMPLE t=86.8s rss=1947MB hwm=1947MB
RSS_SAMPLE t=87.1s rss=1950MB hwm=1950MB
RSS_SAMPLE t=87.3s rss=1953MB hwm=1953MB
RSS_SAMPLE t=87.6s rss=1958MB hwm=1958MB
RSS_SAMPLE t=87.8s rss=1960MB hwm=1960MB
RSS_SAMPLE t=88.1s rss=1963MB hwm=1963MB
RSS_SAMPLE t=88.3s rss=1966MB hwm=1966MB
RSS_SAMPLE t=88.6s rss=1969MB hwm=1969MB
RSS_SAMPLE t=88.8s rss=1973MB hwm=1973MB
RSS_SAMPLE t=89.1s rss=1976MB hwm=1976MB
RSS_SAMPLE t=89.3s rss=1980MB hwm=1980MB
RSS_SAMPLE t=89.6s rss=1984MB hwm=1984MB
RSS_SAMPLE t=89.8s rss=1988MB hwm=1988MB
RSS_SAMPLE t=90.1s rss=1990MB hwm=1990MB
RSS_SAMPLE t=90.3s rss=1993MB hwm=1993MB
RSS_SAMPLE t=90.6s rss=1997MB hwm=1997MB
RSS_SAMPLE t=90.8s rss=2000MB hwm=2000MB
RSS_SAMPLE t=91.1s rss=2003MB hwm=2003MB
RSS_SAMPLE t=91.3s rss=2007MB hwm=2007MB
RSS_SAMPLE t=91.6s rss=2010MB hwm=2010MB
RSS_SAMPLE t=91.8s rss=2013MB hwm=2013MB
RSS_SAMPLE t=92.1s rss=2017MB hwm=2017MB
RSS_SAMPLE t=92.3s rss=2019MB hwm=2019MB
RSS_SAMPLE t=92.6s rss=2022MB hwm=2022MB
RSS_SAMPLE t=92.8s rss=2026MB hwm=2026MB
RSS_SAMPLE t=93.1s rss=2029MB hwm=2029MB
RSS_SAMPLE t=93.3s rss=2031MB hwm=2031MB
RSS_SAMPLE t=93.6s rss=2034MB hwm=2034MB
RSS_SAMPLE t=93.8s rss=2038MB hwm=2038MB
RSS_SAMPLE t=94.1s rss=2041MB hwm=2041MB
RSS_SAMPLE t=94.3s rss=2045MB hwm=2045MB
RSS_SAMPLE t=94.6s rss=2048MB hwm=2048MB
RSS_SAMPLE t=94.8s rss=2050MB hwm=2050MB
RSS_SAMPLE t=95.1s rss=2054MB hwm=2054MB
RSS_SAMPLE t=95.3s rss=2056MB hwm=2056MB
RSS_SAMPLE t=95.6s rss=2059MB hwm=2059MB
RSS_SAMPLE t=95.8s rss=2062MB hwm=2062MB
RSS_SAMPLE t=96.1s rss=2064MB hwm=2064MB
RSS_SAMPLE t=96.3s rss=2068MB hwm=2068MB
RSS_SAMPLE t=96.6s rss=2071MB hwm=2071MB
RSS_SAMPLE t=96.8s rss=2074MB hwm=2074MB
RSS_SAMPLE t=97.1s rss=2077MB hwm=2077MB
RSS_SAMPLE t=97.3s rss=2081MB hwm=2081MB
RSS_SAMPLE t=97.6s rss=2084MB hwm=2084MB
RSS_SAMPLE t=97.8s rss=2087MB hwm=2087MB
RSS_SAMPLE t=98.1s rss=2089MB hwm=2089MB
RSS_SAMPLE t=98.3s rss=2092MB hwm=2092MB
RSS_SAMPLE t=98.6s rss=2096MB hwm=2096MB
RSS_SAMPLE t=98.8s rss=2099MB hwm=2099MB
RSS_SAMPLE t=99.1s rss=2101MB hwm=2101MB
RSS_SAMPLE t=99.3s rss=2105MB hwm=2105MB
RSS_SAMPLE t=99.6s rss=2108MB hwm=2108MB
RSS_SAMPLE t=99.8s rss=2111MB hwm=2111MB
RSS_SAMPLE t=100.1s rss=2114MB hwm=2114MB
RSS_SAMPLE t=100.3s rss=2116MB hwm=2116MB
RSS_SAMPLE t=100.6s rss=2120MB hwm=2120MB
RSS_SAMPLE t=100.8s rss=2123MB hwm=2123MB
RSS_SAMPLE t=101.1s rss=2126MB hwm=2126MB
RSS_SAMPLE t=101.3s rss=2129MB hwm=2129MB
RSS_SAMPLE t=101.6s rss=2132MB hwm=2132MB
RSS_SAMPLE t=101.8s rss=2135MB hwm=2135MB
RSS_SAMPLE t=102.1s rss=2138MB hwm=2138MB
RSS_SAMPLE t=102.3s rss=2140MB hwm=2140MB
RSS_SAMPLE t=102.6s rss=2142MB hwm=2142MB
RSS_SAMPLE t=102.8s rss=2145MB hwm=2145MB
RSS_SAMPLE t=103.1s rss=2148MB hwm=2148MB
RSS_SAMPLE t=103.3s rss=2151MB hwm=2151MB
RSS_SAMPLE t=103.6s rss=2154MB hwm=2154MB
RSS_SAMPLE t=103.8s rss=2156MB hwm=2156MB
RSS_SAMPLE t=104.1s rss=2159MB hwm=2159MB
RSS_SAMPLE t=104.3s rss=2162MB hwm=2162MB
RSS_SAMPLE t=104.6s rss=2164MB hwm=2164MB
RSS_SAMPLE t=104.8s rss=2168MB hwm=2168MB
RSS_SAMPLE t=105.1s rss=2170MB hwm=2170MB
RSS_SAMPLE t=105.3s rss=2173MB hwm=2173MB
RSS_SAMPLE t=105.6s rss=2176MB hwm=2176MB
RSS_SAMPLE t=105.8s rss=2179MB hwm=2179MB
RSS_SAMPLE t=106.1s rss=2182MB hwm=2182MB
RSS_SAMPLE t=106.3s rss=2184MB hwm=2184MB
RSS_SAMPLE t=106.6s rss=2188MB hwm=2188MB
RSS_SAMPLE t=106.8s rss=2191MB hwm=2191MB
RSS_SAMPLE t=107.1s rss=2195MB hwm=2195MB
RSS_SAMPLE t=107.3s rss=2198MB hwm=2198MB
RSS_SAMPLE t=107.6s rss=2202MB hwm=2202MB
RSS_SAMPLE t=107.8s rss=2205MB hwm=2205MB
RSS_SAMPLE t=108.1s rss=2208MB hwm=2208MB
RSS_SAMPLE t=108.3s rss=2211MB hwm=2211MB
RSS_SAMPLE t=108.6s rss=2214MB hwm=2214MB
RSS_SAMPLE t=108.8s rss=2217MB hwm=2217MB
RSS_SAMPLE t=109.1s rss=2221MB hwm=2221MB
RSS_SAMPLE t=109.3s rss=2224MB hwm=2224MB
RSS_SAMPLE t=109.6s rss=2227MB hwm=2227MB
RSS_SAMPLE t=109.8s rss=2230MB hwm=2230MB
RSS_SAMPLE t=110.1s rss=2232MB hwm=2232MB
RSS_SAMPLE t=110.3s rss=2234MB hwm=2234MB
RSS_SAMPLE t=110.6s rss=2237MB hwm=2237MB
RSS_SAMPLE t=110.8s rss=2241MB hwm=2241MB
RSS_SAMPLE t=111.1s rss=2243MB hwm=2243MB
RSS_SAMPLE t=111.3s rss=2246MB hwm=2246MB
RSS_SAMPLE t=111.6s rss=2249MB hwm=2249MB
RSS_SAMPLE t=111.8s rss=2251MB hwm=2251MB
RSS_SAMPLE t=112.1s rss=2254MB hwm=2254MB
RSS_SAMPLE t=112.3s rss=2258MB hwm=2258MB
RSS_SAMPLE t=112.6s rss=2261MB hwm=2261MB
RSS_SAMPLE t=112.8s rss=2263MB hwm=2263MB
RSS_SAMPLE t=113.1s rss=2266MB hwm=2266MB
RSS_SAMPLE t=113.3s rss=2269MB hwm=2269MB
RSS_SAMPLE t=113.6s rss=2272MB hwm=2272MB
RSS_SAMPLE t=113.8s rss=2274MB hwm=2274MB
RSS_SAMPLE t=114.1s rss=2277MB hwm=2277MB
RSS_SAMPLE t=114.3s rss=2281MB hwm=2281MB
RSS_SAMPLE t=114.6s rss=2283MB hwm=2283MB
RSS_SAMPLE t=114.8s rss=2285MB hwm=2285MB
RSS_SAMPLE t=115.1s rss=2288MB hwm=2288MB
RSS_SAMPLE t=115.3s rss=2291MB hwm=2291MB
RSS_SAMPLE t=115.6s rss=2294MB hwm=2294MB
RSS_SAMPLE t=115.8s rss=2297MB hwm=2297MB
RSS_SAMPLE t=116.1s rss=2300MB hwm=2300MB
RSS_SAMPLE t=116.3s rss=2302MB hwm=2302MB
RSS_SAMPLE t=116.6s rss=2305MB hwm=2305MB
RSS_SAMPLE t=116.8s rss=2307MB hwm=2307MB
RSS_SAMPLE t=117.1s rss=2310MB hwm=2310MB
RSS_SAMPLE t=117.3s rss=2312MB hwm=2312MB
RSS_SAMPLE t=117.6s rss=2315MB hwm=2315MB
RSS_SAMPLE t=117.8s rss=2318MB hwm=2318MB
RSS_SAMPLE t=118.1s rss=2321MB hwm=2321MB
RSS_SAMPLE t=118.3s rss=2323MB hwm=2323MB
RSS_SAMPLE t=118.6s rss=2326MB hwm=2326MB
RSS_SAMPLE t=118.8s rss=2329MB hwm=2329MB
RSS_SAMPLE t=119.1s rss=2333MB hwm=2333MB
RSS_SAMPLE t=119.3s rss=2336MB hwm=2336MB
RSS_SAMPLE t=119.6s rss=2339MB hwm=2339MB
RSS_SAMPLE t=119.8s rss=2342MB hwm=2342MB
RSS_SAMPLE t=120.1s rss=2345MB hwm=2345MB
RSS_SAMPLE t=120.3s rss=2347MB hwm=2347MB
RSS_SAMPLE t=120.6s rss=2350MB hwm=2350MB
RSS_SAMPLE t=120.8s rss=2352MB hwm=2352MB
RSS_SAMPLE t=121.1s rss=2356MB hwm=2356MB
RSS_SAMPLE t=121.3s rss=2359MB hwm=2359MB
RSS_SAMPLE t=121.6s rss=2361MB hwm=2361MB
RSS_SAMPLE t=121.8s rss=2363MB hwm=2363MB
RSS_SAMPLE t=122.1s rss=2365MB hwm=2365MB
RSS_SAMPLE t=122.3s rss=2366MB hwm=2366MB
RSS_SAMPLE t=122.6s rss=2369MB hwm=2369MB
RSS_SAMPLE t=122.8s rss=2371MB hwm=2371MB
RSS_SAMPLE t=123.1s rss=2373MB hwm=2373MB
RSS_SAMPLE t=123.3s rss=2375MB hwm=2375MB
RSS_SAMPLE t=123.6s rss=2377MB hwm=2377MB
RSS_SAMPLE t=123.8s rss=2379MB hwm=2379MB
RSS_SAMPLE t=124.1s rss=2379MB hwm=2379MB
RSS_SAMPLE t=124.3s rss=2380MB hwm=2380MB
RSS_SAMPLE t=124.6s rss=2380MB hwm=2380MB
RSS_SAMPLE t=124.8s rss=2381MB hwm=2381MB
RSS_SAMPLE t=125.1s rss=2382MB hwm=2382MB
RSS_SAMPLE t=125.3s rss=2382MB hwm=2382MB
RSS_SAMPLE t=125.6s rss=2383MB hwm=2383MB
RSS_SAMPLE t=125.8s rss=2383MB hwm=2383MB
RSS_SAMPLE t=126.1s rss=2383MB hwm=2383MB
RSS_SAMPLE t=126.3s rss=2383MB hwm=2383MB
RSS_SAMPLE t=126.6s rss=2383MB hwm=2383MB
RSS_SAMPLE t=126.8s rss=2384MB hwm=2384MB
RSS_SAMPLE t=127.1s rss=2384MB hwm=2384MB
RSS_SAMPLE t=127.3s rss=2384MB hwm=2384MB
RSS_SAMPLE t=127.6s rss=2384MB hwm=2384MB
RSS_SAMPLE t=127.8s rss=2385MB hwm=2385MB
RSS_SAMPLE t=128.1s rss=2385MB hwm=2385MB
RSS_SAMPLE t=128.3s rss=2385MB hwm=2385MB
RSS_SAMPLE t=128.6s rss=2385MB hwm=2385MB
RSS_SAMPLE t=128.8s rss=2386MB hwm=2386MB
RSS_SAMPLE t=129.1s rss=2386MB hwm=2386MB
RSS_SAMPLE t=129.3s rss=2386MB hwm=2386MB
RSS_SAMPLE t=129.6s rss=2386MB hwm=2386MB
RSS_SAMPLE t=129.8s rss=2387MB hwm=2387MB
RSS_SAMPLE t=130.1s rss=2387MB hwm=2387MB
RSS_SAMPLE t=130.3s rss=2387MB hwm=2387MB
RSS_SAMPLE t=130.6s rss=2388MB hwm=2388MB
RSS_SAMPLE t=130.8s rss=2388MB hwm=2388MB
RSS_SAMPLE t=131.1s rss=2388MB hwm=2388MB
RSS_SAMPLE t=131.3s rss=2389MB hwm=2389MB
RSS_SAMPLE t=131.6s rss=2389MB hwm=2389MB
RSS_SAMPLE t=131.8s rss=2389MB hwm=2389MB
RSS_SAMPLE t=132.1s rss=2390MB hwm=2390MB
RSS_SAMPLE t=132.3s rss=2390MB hwm=2390MB
RSS_SAMPLE t=132.6s rss=2390MB hwm=2390MB
RSS_SAMPLE t=132.8s rss=2390MB hwm=2390MB
RSS_SAMPLE t=133.1s rss=2391MB hwm=2391MB
RSS_SAMPLE t=133.3s rss=2391MB hwm=2391MB
RSS_SAMPLE t=133.6s rss=2391MB hwm=2391MB
RSS_SAMPLE t=133.8s rss=2391MB hwm=2391MB
RSS_SAMPLE t=134.1s rss=2392MB hwm=2392MB
RSS_SAMPLE t=134.3s rss=2392MB hwm=2392MB
RSS_SAMPLE t=134.6s rss=2392MB hwm=2392MB
RSS_SAMPLE t=134.8s rss=2393MB hwm=2393MB
RSS_SAMPLE t=135.1s rss=2393MB hwm=2393MB
RSS_SAMPLE t=135.3s rss=2393MB hwm=2393MB
RSS_SAMPLE t=135.6s rss=2393MB hwm=2393MB
RSS_SAMPLE t=135.8s rss=2394MB hwm=2394MB
RSS_SAMPLE t=136.1s rss=2394MB hwm=2394MB
RSS_SAMPLE t=136.3s rss=2394MB hwm=2394MB
RSS_SAMPLE t=136.6s rss=2395MB hwm=2395MB
RSS_SAMPLE t=136.8s rss=2395MB hwm=2395MB
RSS_SAMPLE t=137.1s rss=2395MB hwm=2395MB
RSS_SAMPLE t=137.3s rss=2396MB hwm=2396MB
RSS_SAMPLE t=137.6s rss=2396MB hwm=2396MB
RSS_SAMPLE t=137.8s rss=2396MB hwm=2396MB
RSS_SAMPLE t=138.1s rss=2396MB hwm=2396MB
RSS_SAMPLE t=138.3s rss=2396MB hwm=2396MB
RSS_SAMPLE t=138.6s rss=2397MB hwm=2397MB
RSS_SAMPLE t=138.8s rss=2397MB hwm=2397MB
RSS_SAMPLE t=139.1s rss=2397MB hwm=2397MB
RSS_SAMPLE t=139.3s rss=2397MB hwm=2397MB
RSS_SAMPLE t=139.6s rss=2397MB hwm=2397MB
RSS_SAMPLE t=139.8s rss=2398MB hwm=2398MB
RSS_SAMPLE t=140.1s rss=2398MB hwm=2398MB
RSS_SAMPLE t=140.3s rss=2399MB hwm=2399MB
RSS_SAMPLE t=140.6s rss=2399MB hwm=2399MB
RSS_SAMPLE t=140.8s rss=2399MB hwm=2399MB
RSS_SAMPLE t=141.1s rss=2399MB hwm=2399MB
RSS_SAMPLE t=141.3s rss=2400MB hwm=2400MB
RSS_SAMPLE t=141.6s rss=2400MB hwm=2400MB
RSS_SAMPLE t=141.8s rss=2400MB hwm=2400MB
RSS_SAMPLE t=142.1s rss=2400MB hwm=2400MB
RSS_SAMPLE t=142.3s rss=2401MB hwm=2401MB
RSS_SAMPLE t=142.6s rss=2401MB hwm=2401MB
RSS_SAMPLE t=142.8s rss=2401MB hwm=2401MB
RSS_SAMPLE t=143.1s rss=2402MB hwm=2402MB
RSS_SAMPLE t=143.3s rss=2402MB hwm=2402MB
RSS_SAMPLE t=143.6s rss=2402MB hwm=2402MB
RSS_SAMPLE t=143.8s rss=2403MB hwm=2403MB
RSS_SAMPLE t=144.1s rss=2403MB hwm=2403MB
RSS_SAMPLE t=144.3s rss=2403MB hwm=2403MB
RSS_SAMPLE t=144.6s rss=2404MB hwm=2404MB
RSS_SAMPLE t=144.8s rss=2404MB hwm=2404MB
RSS_SAMPLE t=145.1s rss=2404MB hwm=2404MB
RSS_SAMPLE t=145.3s rss=2405MB hwm=2405MB
RSS_SAMPLE t=145.6s rss=2405MB hwm=2405MB
RSS_SAMPLE t=145.8s rss=2405MB hwm=2405MB
RSS_SAMPLE t=146.1s rss=2405MB hwm=2405MB
RSS_SAMPLE t=146.3s rss=2406MB hwm=2406MB
RSS_SAMPLE t=146.6s rss=2406MB hwm=2406MB
RSS_SAMPLE t=146.8s rss=2406MB hwm=2406MB
RSS_SAMPLE t=147.1s rss=2407MB hwm=2407MB
RSS_SAMPLE t=147.3s rss=2407MB hwm=2407MB
RSS_SAMPLE t=147.6s rss=2407MB hwm=2407MB
RSS_SAMPLE t=147.8s rss=2407MB hwm=2407MB
RSS_SAMPLE t=148.1s rss=2407MB hwm=2407MB
RSS_SAMPLE t=148.3s rss=2408MB hwm=2408MB
RSS_SAMPLE t=148.6s rss=2408MB hwm=2408MB
RSS_SAMPLE t=148.8s rss=2408MB hwm=2408MB
RSS_SAMPLE t=149.1s rss=2408MB hwm=2408MB
RSS_SAMPLE t=149.3s rss=2409MB hwm=2409MB
RSS_SAMPLE t=149.6s rss=2409MB hwm=2409MB
RSS_SAMPLE t=149.8s rss=2409MB hwm=2409MB
RSS_SAMPLE t=150.1s rss=2410MB hwm=2410MB
RSS_SAMPLE t=150.3s rss=2410MB hwm=2410MB
RSS_SAMPLE t=150.6s rss=2410MB hwm=2410MB
RSS_SAMPLE t=150.8s rss=2410MB hwm=2410MB
RSS_SAMPLE t=151.1s rss=2411MB hwm=2411MB
RSS_SAMPLE t=151.3s rss=2411MB hwm=2411MB
RSS_SAMPLE t=151.6s rss=2411MB hwm=2411MB
RSS_SAMPLE t=151.8s rss=2411MB hwm=2411MB
RSS_SAMPLE t=152.1s rss=2412MB hwm=2412MB
RSS_SAMPLE t=152.3s rss=2412MB hwm=2412MB
RSS_SAMPLE t=152.6s rss=2412MB hwm=2412MB
RSS_SAMPLE t=152.8s rss=2413MB hwm=2413MB
RSS_SAMPLE t=153.1s rss=2413MB hwm=2413MB
RSS_SAMPLE t=153.3s rss=2414MB hwm=2414MB
RSS_SAMPLE t=153.6s rss=2414MB hwm=2414MB
RSS_SAMPLE t=153.8s rss=2414MB hwm=2414MB
RSS_SAMPLE t=154.1s rss=2414MB hwm=2414MB
RSS_SAMPLE t=154.3s rss=2415MB hwm=2415MB
RSS_SAMPLE t=154.6s rss=2415MB hwm=2415MB
RSS_SAMPLE t=154.8s rss=2415MB hwm=2415MB
RSS_SAMPLE t=155.1s rss=2416MB hwm=2416MB
RSS_SAMPLE t=155.3s rss=2416MB hwm=2416MB
RSS_SAMPLE t=155.6s rss=2416MB hwm=2416MB
RSS_SAMPLE t=155.8s rss=2416MB hwm=2416MB
RSS_SAMPLE t=156.1s rss=2417MB hwm=2417MB
RSS_SAMPLE t=156.3s rss=2417MB hwm=2417MB
RSS_SAMPLE t=156.6s rss=2417MB hwm=2417MB
RSS_SAMPLE t=156.8s rss=2417MB hwm=2417MB
RSS_SAMPLE t=157.1s rss=2418MB hwm=2418MB
RSS_SAMPLE t=157.3s rss=2418MB hwm=2418MB
RSS_SAMPLE t=157.6s rss=2419MB hwm=2419MB
RSS_SAMPLE t=157.8s rss=2419MB hwm=2419MB
RSS_SAMPLE t=158.1s rss=2419MB hwm=2419MB
RSS_SAMPLE t=158.3s rss=2419MB hwm=2419MB
RSS_SAMPLE t=158.6s rss=2419MB hwm=2419MB
RSS_SAMPLE t=158.8s rss=2420MB hwm=2420MB
RSS_SAMPLE t=159.1s rss=2420MB hwm=2420MB
RSS_SAMPLE t=159.3s rss=2420MB hwm=2420MB
RSS_SAMPLE t=159.6s rss=2420MB hwm=2420MB
RSS_SAMPLE t=159.8s rss=2420MB hwm=2420MB
RSS_SAMPLE t=160.1s rss=2421MB hwm=2421MB
RSS_SAMPLE t=160.3s rss=2421MB hwm=2421MB
RSS_SAMPLE t=160.6s rss=2421MB hwm=2421MB
RSS_SAMPLE t=160.8s rss=2421MB hwm=2421MB
RSS_SAMPLE t=161.1s rss=2422MB hwm=2422MB
RSS_SAMPLE t=161.3s rss=2422MB hwm=2422MB
RSS_SAMPLE t=161.6s rss=2422MB hwm=2422MB
RSS_SAMPLE t=161.8s rss=2422MB hwm=2422MB
RSS_SAMPLE t=162.1s rss=2422MB hwm=2422MB
RSS_SAMPLE t=162.3s rss=2423MB hwm=2423MB
RSS_SAMPLE t=162.6s rss=2423MB hwm=2423MB
RSS_SAMPLE t=162.8s rss=2423MB hwm=2423MB
RSS_SAMPLE t=163.1s rss=2424MB hwm=2424MB
RSS_SAMPLE t=163.3s rss=2424MB hwm=2424MB
RSS_SAMPLE t=163.6s rss=2424MB hwm=2424MB
RSS_SAMPLE t=163.9s rss=2424MB hwm=2424MB
RSS_SAMPLE t=164.1s rss=2425MB hwm=2425MB
RSS_SAMPLE t=164.4s rss=2425MB hwm=2425MB
RSS_SAMPLE t=164.6s rss=2425MB hwm=2425MB
RSS_SAMPLE t=164.9s rss=2425MB hwm=2425MB
RSS_SAMPLE t=165.1s rss=2426MB hwm=2426MB
RSS_SAMPLE t=165.4s rss=2426MB hwm=2426MB
RSS_SAMPLE t=165.6s rss=2426MB hwm=2426MB
RSS_SAMPLE t=165.9s rss=2427MB hwm=2427MB
RSS_SAMPLE t=166.1s rss=2427MB hwm=2427MB
RSS_SAMPLE t=166.4s rss=2427MB hwm=2427MB
RSS_SAMPLE t=166.6s rss=2427MB hwm=2427MB
RSS_SAMPLE t=166.9s rss=2427MB hwm=2427MB
RSS_SAMPLE t=167.1s rss=2428MB hwm=2428MB
RSS_SAMPLE t=167.4s rss=2428MB hwm=2428MB
RSS_SAMPLE t=167.6s rss=2428MB hwm=2428MB
RSS_SAMPLE t=167.9s rss=2428MB hwm=2428MB
RSS_SAMPLE t=168.1s rss=2428MB hwm=2428MB
RSS_SAMPLE t=168.4s rss=2429MB hwm=2429MB
RSS_SAMPLE t=168.6s rss=2429MB hwm=2429MB
RSS_SAMPLE t=168.9s rss=2429MB hwm=2429MB
RSS_SAMPLE t=169.1s rss=2429MB hwm=2429MB
RSS_SAMPLE t=169.4s rss=2429MB hwm=2429MB
RSS_SAMPLE t=169.6s rss=2430MB hwm=2430MB
RSS_SAMPLE t=169.9s rss=2430MB hwm=2430MB
RSS_SAMPLE t=170.1s rss=2430MB hwm=2430MB
RSS_SAMPLE t=170.4s rss=2430MB hwm=2430MB
RSS_SAMPLE t=170.6s rss=2431MB hwm=2431MB
RSS_SAMPLE t=170.9s rss=2431MB hwm=2431MB
RSS_SAMPLE t=171.1s rss=2431MB hwm=2431MB
RSS_SAMPLE t=171.4s rss=2431MB hwm=2431MB
RSS_SAMPLE t=171.6s rss=2432MB hwm=2432MB
RSS_SAMPLE t=171.9s rss=2432MB hwm=2432MB
RSS_SAMPLE t=172.1s rss=2432MB hwm=2432MB
RSS_SAMPLE t=172.4s rss=2432MB hwm=2432MB
RSS_SAMPLE t=172.6s rss=2433MB hwm=2433MB
RSS_SAMPLE t=172.9s rss=2433MB hwm=2433MB
RSS_SAMPLE t=173.1s rss=2433MB hwm=2433MB
RSS_SAMPLE t=173.4s rss=2434MB hwm=2434MB
RSS_SAMPLE t=173.6s rss=2434MB hwm=2434MB
RSS_SAMPLE t=173.9s rss=2434MB hwm=2434MB
RSS_SAMPLE t=174.1s rss=2434MB hwm=2434MB
RSS_SAMPLE t=174.4s rss=2435MB hwm=2435MB
RSS_SAMPLE t=174.6s rss=2435MB hwm=2435MB
RSS_SAMPLE t=174.9s rss=2435MB hwm=2435MB
RSS_SAMPLE t=175.1s rss=2436MB hwm=2436MB
RSS_SAMPLE t=175.4s rss=2436MB hwm=2436MB
RSS_SAMPLE t=175.6s rss=2436MB hwm=2436MB
RSS_SAMPLE t=175.9s rss=2437MB hwm=2437MB
RSS_SAMPLE t=176.1s rss=2437MB hwm=2437MB
RSS_SAMPLE t=176.4s rss=2437MB hwm=2437MB
RSS_SAMPLE t=176.6s rss=2437MB hwm=2437MB
RSS_SAMPLE t=176.9s rss=2438MB hwm=2438MB
RSS_SAMPLE t=177.1s rss=2438MB hwm=2438MB
RSS_SAMPLE t=177.4s rss=2438MB hwm=2438MB
RSS_SAMPLE t=177.6s rss=2439MB hwm=2439MB
RSS_SAMPLE t=177.9s rss=2439MB hwm=2439MB
RSS_SAMPLE t=178.1s rss=2439MB hwm=2439MB
RSS_SAMPLE t=178.4s rss=2440MB hwm=2440MB
RSS_SAMPLE t=178.6s rss=2440MB hwm=2440MB
RSS_SAMPLE t=178.9s rss=2441MB hwm=2441MB
    rss_probe[outer=0]: pre_refresh_rss=1701MB post_pre_solve_rss=2441MB cache_entries=42424857 cache_cap=69325648 cache_est_mb=600
    pre_solve_diag[outer=0]: solves=105117 fallback=0 (0.0%) cap_armed=105117 (100.0%) settle_avg=10344 settle_max=69353 init_count=62
  Cell placement by tile type (iter 0, 76660 cells):
    NULL: 31596
    CLB: 27114
    IOB_W: 15019
    CLK_BUFG: 2320
    BRAM: 351
    DSP: 182
    IOB_E: 78
    Overflow: over=0 (0.0% of used) avg_excess=0.00 max_excess=0.00 (nc=0.00 cap=0 span=0)  excess_buckets: <=1=0 1-5=0 5-20=0 >20=0  by_cap: cap1=0 cap2=0 cap3-5=0 cap>5=0  by_span: s1=0 s2-3=0 s4-6=0 s7-12=0 s>12=0  le1_cross: cap1=0 cap2-5=0 cap>5=0
    Congestion: pipes=2562403 used=0 congested(>50%)=0 saturated(>90%)=0 max_util=0.00 avg_util=0.0000
PHASE_MARK outer=0 enter=dcd_sweep rss=2441MB
RSS_SAMPLE t=179.1s rss=2441MB hwm=2441MB
RSS_SAMPLE t=179.4s rss=2441MB hwm=2441MB
RSS_SAMPLE t=179.6s rss=2441MB hwm=2441MB
RSS_SAMPLE t=179.9s rss=2442MB hwm=2442MB
RSS_SAMPLE t=180.1s rss=2442MB hwm=2442MB
RSS_SAMPLE t=180.4s rss=2442MB hwm=2442MB
RSS_SAMPLE t=180.6s rss=2442MB hwm=2442MB
RSS_SAMPLE t=180.9s rss=2442MB hwm=2442MB
RSS_SAMPLE t=181.1s rss=2442MB hwm=2442MB
RSS_SAMPLE t=181.4s rss=2443MB hwm=2443MB
RSS_SAMPLE t=181.6s rss=2443MB hwm=2443MB
RSS_SAMPLE t=181.9s rss=2443MB hwm=2443MB
RSS_SAMPLE t=182.1s rss=2443MB hwm=2443MB
RSS_SAMPLE t=182.4s rss=2443MB hwm=2443MB
RSS_SAMPLE t=182.6s rss=2443MB hwm=2443MB
RSS_SAMPLE t=182.9s rss=2444MB hwm=2444MB
RSS_SAMPLE t=183.1s rss=2444MB hwm=2444MB
RSS_SAMPLE t=183.4s rss=2444MB hwm=2444MB
RSS_SAMPLE t=183.6s rss=2444MB hwm=2444MB
RSS_SAMPLE t=183.9s rss=2444MB hwm=2444MB
RSS_SAMPLE t=184.1s rss=2444MB hwm=2444MB
RSS_SAMPLE t=184.4s rss=2445MB hwm=2445MB
RSS_SAMPLE t=184.6s rss=2445MB hwm=2445MB
RSS_SAMPLE t=184.9s rss=2445MB hwm=2445MB
RSS_SAMPLE t=185.1s rss=2445MB hwm=2445MB
RSS_SAMPLE t=185.4s rss=2445MB hwm=2445MB
RSS_SAMPLE t=185.6s rss=2446MB hwm=2446MB
PHASE_MARK outer=0 leave=dcd_sweep rss=2441MB
PHASE_MARK outer=0 enter=post_refresh rss=2441MB
RSS_SAMPLE t=185.9s rss=2476MB hwm=2476MB
RSS_SAMPLE t=186.1s rss=2476MB hwm=2476MB
RSS_SAMPLE t=186.4s rss=2477MB hwm=2477MB
RSS_SAMPLE t=186.6s rss=2477MB hwm=2477MB
RSS_SAMPLE t=186.9s rss=2477MB hwm=2477MB
RSS_SAMPLE t=187.1s rss=2477MB hwm=2477MB
RSS_SAMPLE t=187.4s rss=2477MB hwm=2477MB
RSS_SAMPLE t=187.6s rss=2477MB hwm=2477MB
RSS_SAMPLE t=187.9s rss=2477MB hwm=2477MB
RSS_SAMPLE t=188.1s rss=2477MB hwm=2477MB
RSS_SAMPLE t=188.4s rss=2861MB hwm=2861MB
RSS_SAMPLE t=188.6s rss=2924MB hwm=2924MB
RSS_SAMPLE t=188.9s rss=2941MB hwm=2941MB
RSS_SAMPLE t=189.1s rss=2950MB hwm=2950MB
RSS_SAMPLE t=189.4s rss=2953MB hwm=2953MB
RSS_SAMPLE t=189.6s rss=2957MB hwm=2957MB
RSS_SAMPLE t=189.9s rss=2965MB hwm=2965MB
RSS_SAMPLE t=190.1s rss=2966MB hwm=2966MB
RSS_SAMPLE t=190.4s rss=2966MB hwm=2966MB
RSS_SAMPLE t=190.6s rss=2966MB hwm=2966MB
RSS_SAMPLE t=190.9s rss=2968MB hwm=2968MB
RSS_SAMPLE t=191.1s rss=2968MB hwm=2968MB
RSS_SAMPLE t=191.4s rss=2968MB hwm=2968MB
RSS_SAMPLE t=191.6s rss=2968MB hwm=2968MB
RSS_SAMPLE t=191.9s rss=2968MB hwm=2968MB
RSS_SAMPLE t=192.1s rss=2969MB hwm=2969MB
RSS_SAMPLE t=192.4s rss=2969MB hwm=2969MB
RSS_SAMPLE t=192.6s rss=2969MB hwm=2969MB
RSS_SAMPLE t=192.9s rss=2971MB hwm=2971MB
RSS_SAMPLE t=193.1s rss=2971MB hwm=2971MB
RSS_SAMPLE t=193.4s rss=2971MB hwm=2971MB
RSS_SAMPLE t=193.6s rss=2971MB hwm=2971MB
RSS_SAMPLE t=193.9s rss=2972MB hwm=2972MB
RSS_SAMPLE t=194.1s rss=2972MB hwm=2972MB
RSS_SAMPLE t=194.4s rss=2972MB hwm=2972MB
RSS_SAMPLE t=194.6s rss=2974MB hwm=2974MB
RSS_SAMPLE t=194.9s rss=2975MB hwm=2975MB
RSS_SAMPLE t=195.1s rss=2975MB hwm=2975MB
RSS_SAMPLE t=195.4s rss=2977MB hwm=2977MB
RSS_SAMPLE t=195.6s rss=2977MB hwm=2977MB
RSS_SAMPLE t=195.9s rss=2977MB hwm=2977MB
RSS_SAMPLE t=196.1s rss=2977MB hwm=2977MB
RSS_SAMPLE t=196.4s rss=2977MB hwm=2977MB
RSS_SAMPLE t=196.6s rss=2978MB hwm=2978MB
RSS_SAMPLE t=196.9s rss=2978MB hwm=2978MB
RSS_SAMPLE t=197.1s rss=2979MB hwm=2979MB
RSS_SAMPLE t=197.4s rss=2979MB hwm=2979MB
RSS_SAMPLE t=197.6s rss=2979MB hwm=2979MB
RSS_SAMPLE t=197.9s rss=2979MB hwm=2979MB
RSS_SAMPLE t=198.1s rss=2980MB hwm=2980MB
RSS_SAMPLE t=198.4s rss=2980MB hwm=2980MB
RSS_SAMPLE t=198.6s rss=2980MB hwm=2980MB
RSS_SAMPLE t=198.9s rss=2981MB hwm=2981MB
RSS_SAMPLE t=199.1s rss=2981MB hwm=2981MB
RSS_SAMPLE t=199.4s rss=2981MB hwm=2981MB
RSS_SAMPLE t=199.6s rss=2981MB hwm=2981MB
RSS_SAMPLE t=199.9s rss=2981MB hwm=2981MB
RSS_SAMPLE t=200.1s rss=2981MB hwm=2981MB
RSS_SAMPLE t=200.4s rss=2981MB hwm=2981MB
RSS_SAMPLE t=200.6s rss=2982MB hwm=2982MB
RSS_SAMPLE t=200.9s rss=2982MB hwm=2982MB
RSS_SAMPLE t=201.1s rss=2982MB hwm=2982MB
RSS_SAMPLE t=201.4s rss=2983MB hwm=2983MB
RSS_SAMPLE t=201.6s rss=2983MB hwm=2983MB
RSS_SAMPLE t=201.9s rss=2983MB hwm=2983MB
RSS_SAMPLE t=202.1s rss=2984MB hwm=2984MB
RSS_SAMPLE t=202.4s rss=2984MB hwm=2984MB
RSS_SAMPLE t=202.6s rss=2985MB hwm=2985MB
RSS_SAMPLE t=202.9s rss=2985MB hwm=2985MB
RSS_SAMPLE t=203.1s rss=2986MB hwm=2986MB
RSS_SAMPLE t=203.4s rss=2986MB hwm=2986MB
RSS_SAMPLE t=203.6s rss=2986MB hwm=2986MB
RSS_SAMPLE t=203.9s rss=2987MB hwm=2987MB
RSS_SAMPLE t=204.1s rss=2987MB hwm=2987MB
RSS_SAMPLE t=204.4s rss=2987MB hwm=2987MB
RSS_SAMPLE t=204.6s rss=2988MB hwm=2988MB
RSS_SAMPLE t=204.9s rss=2989MB hwm=2989MB
RSS_SAMPLE t=205.1s rss=2989MB hwm=2989MB
RSS_SAMPLE t=205.4s rss=2989MB hwm=2989MB
RSS_SAMPLE t=205.6s rss=2989MB hwm=2989MB
RSS_SAMPLE t=205.9s rss=2991MB hwm=2991MB
RSS_SAMPLE t=206.1s rss=2991MB hwm=2991MB
RSS_SAMPLE t=206.4s rss=2992MB hwm=2992MB
RSS_SAMPLE t=206.6s rss=2992MB hwm=2992MB
RSS_SAMPLE t=206.9s rss=2993MB hwm=2993MB
RSS_SAMPLE t=207.1s rss=2994MB hwm=2994MB
RSS_SAMPLE t=207.4s rss=2995MB hwm=2995MB
RSS_SAMPLE t=207.6s rss=2995MB hwm=2995MB
RSS_SAMPLE t=207.9s rss=2996MB hwm=2996MB
RSS_SAMPLE t=208.1s rss=2996MB hwm=2996MB
RSS_SAMPLE t=208.4s rss=2997MB hwm=2997MB
RSS_SAMPLE t=208.6s rss=2997MB hwm=2997MB
RSS_SAMPLE t=208.9s rss=2998MB hwm=2998MB
RSS_SAMPLE t=209.1s rss=2998MB hwm=2998MB
RSS_SAMPLE t=209.4s rss=2998MB hwm=2998MB
RSS_SAMPLE t=209.6s rss=2999MB hwm=2999MB
RSS_SAMPLE t=209.9s rss=2999MB hwm=2999MB
RSS_SAMPLE t=210.1s rss=3000MB hwm=3000MB
RSS_SAMPLE t=210.4s rss=3000MB hwm=3000MB
RSS_SAMPLE t=210.6s rss=3000MB hwm=3000MB
RSS_SAMPLE t=210.9s rss=3001MB hwm=3001MB
RSS_SAMPLE t=211.1s rss=3001MB hwm=3001MB
RSS_SAMPLE t=211.4s rss=3002MB hwm=3002MB
RSS_SAMPLE t=211.6s rss=3002MB hwm=3002MB
RSS_SAMPLE t=211.9s rss=3003MB hwm=3003MB
RSS_SAMPLE t=212.1s rss=3003MB hwm=3003MB
RSS_SAMPLE t=212.4s rss=3004MB hwm=3004MB
RSS_SAMPLE t=212.6s rss=3005MB hwm=3005MB
RSS_SAMPLE t=212.9s rss=3005MB hwm=3005MB
RSS_SAMPLE t=213.1s rss=3006MB hwm=3006MB
RSS_SAMPLE t=213.4s rss=3006MB hwm=3006MB
RSS_SAMPLE t=213.6s rss=3007MB hwm=3007MB
RSS_SAMPLE t=213.9s rss=3007MB hwm=3007MB
RSS_SAMPLE t=214.1s rss=3008MB hwm=3008MB
RSS_SAMPLE t=214.4s rss=3008MB hwm=3008MB
RSS_SAMPLE t=214.6s rss=3009MB hwm=3009MB
RSS_SAMPLE t=214.9s rss=3009MB hwm=3009MB
RSS_SAMPLE t=215.1s rss=3010MB hwm=3010MB
RSS_SAMPLE t=215.4s rss=3010MB hwm=3010MB
RSS_SAMPLE t=215.6s rss=3010MB hwm=3010MB
RSS_SAMPLE t=215.9s rss=3011MB hwm=3011MB
RSS_SAMPLE t=216.1s rss=3012MB hwm=3012MB
RSS_SAMPLE t=216.4s rss=3012MB hwm=3012MB
RSS_SAMPLE t=216.6s rss=3013MB hwm=3013MB
RSS_SAMPLE t=216.9s rss=3013MB hwm=3013MB
RSS_SAMPLE t=217.1s rss=3013MB hwm=3013MB
RSS_SAMPLE t=217.4s rss=3014MB hwm=3014MB
RSS_SAMPLE t=217.6s rss=3014MB hwm=3014MB
RSS_SAMPLE t=217.9s rss=3015MB hwm=3015MB
RSS_SAMPLE t=218.1s rss=3015MB hwm=3015MB
RSS_SAMPLE t=218.4s rss=3016MB hwm=3016MB
RSS_SAMPLE t=218.6s rss=3016MB hwm=3016MB
RSS_SAMPLE t=218.9s rss=3016MB hwm=3016MB
RSS_SAMPLE t=219.1s rss=3017MB hwm=3017MB
RSS_SAMPLE t=219.4s rss=3018MB hwm=3018MB
RSS_SAMPLE t=219.6s rss=3019MB hwm=3019MB
RSS_SAMPLE t=219.9s rss=3019MB hwm=3019MB
RSS_SAMPLE t=220.1s rss=3019MB hwm=3019MB
RSS_SAMPLE t=220.4s rss=3020MB hwm=3020MB
RSS_SAMPLE t=220.6s rss=3021MB hwm=3021MB
RSS_SAMPLE t=220.9s rss=3022MB hwm=3022MB
RSS_SAMPLE t=221.1s rss=3023MB hwm=3023MB
RSS_SAMPLE t=221.4s rss=3023MB hwm=3023MB
RSS_SAMPLE t=221.6s rss=3024MB hwm=3024MB
RSS_SAMPLE t=221.9s rss=3025MB hwm=3025MB
RSS_SAMPLE t=222.1s rss=3025MB hwm=3025MB
RSS_SAMPLE t=222.4s rss=3025MB hwm=3025MB
RSS_SAMPLE t=222.6s rss=3026MB hwm=3026MB
RSS_SAMPLE t=222.9s rss=3027MB hwm=3027MB
RSS_SAMPLE t=223.1s rss=3027MB hwm=3027MB
RSS_SAMPLE t=223.4s rss=3027MB hwm=3027MB
RSS_SAMPLE t=223.6s rss=3028MB hwm=3028MB
RSS_SAMPLE t=223.9s rss=3029MB hwm=3029MB
RSS_SAMPLE t=224.1s rss=3030MB hwm=3030MB
RSS_SAMPLE t=224.4s rss=3030MB hwm=3030MB
RSS_SAMPLE t=224.6s rss=3031MB hwm=3031MB
RSS_SAMPLE t=224.9s rss=3031MB hwm=3031MB
RSS_SAMPLE t=225.1s rss=3032MB hwm=3032MB
RSS_SAMPLE t=225.4s rss=3032MB hwm=3032MB
RSS_SAMPLE t=225.6s rss=3033MB hwm=3033MB
RSS_SAMPLE t=225.9s rss=3033MB hwm=3033MB
RSS_SAMPLE t=226.1s rss=3034MB hwm=3034MB
RSS_SAMPLE t=226.4s rss=3035MB hwm=3035MB
RSS_SAMPLE t=226.6s rss=3035MB hwm=3035MB
RSS_SAMPLE t=226.9s rss=3036MB hwm=3036MB
RSS_SAMPLE t=227.2s rss=3037MB hwm=3037MB
RSS_SAMPLE t=227.4s rss=3037MB hwm=3037MB
RSS_SAMPLE t=227.7s rss=3038MB hwm=3038MB
RSS_SAMPLE t=227.9s rss=3038MB hwm=3038MB
RSS_SAMPLE t=228.2s rss=3039MB hwm=3039MB
RSS_SAMPLE t=228.4s rss=3039MB hwm=3039MB
RSS_SAMPLE t=228.7s rss=3040MB hwm=3040MB
RSS_SAMPLE t=228.9s rss=3041MB hwm=3041MB
RSS_SAMPLE t=229.2s rss=3041MB hwm=3041MB
RSS_SAMPLE t=229.4s rss=3042MB hwm=3042MB
RSS_SAMPLE t=229.7s rss=3043MB hwm=3043MB
RSS_SAMPLE t=229.9s rss=3044MB hwm=3044MB
RSS_SAMPLE t=230.2s rss=3044MB hwm=3044MB
RSS_SAMPLE t=230.4s rss=3045MB hwm=3045MB
RSS_SAMPLE t=230.7s rss=3046MB hwm=3046MB
RSS_SAMPLE t=230.9s rss=3046MB hwm=3046MB
RSS_SAMPLE t=231.2s rss=3046MB hwm=3046MB
RSS_SAMPLE t=231.4s rss=3047MB hwm=3047MB
RSS_SAMPLE t=231.7s rss=3047MB hwm=3047MB
RSS_SAMPLE t=231.9s rss=3048MB hwm=3048MB
RSS_SAMPLE t=232.2s rss=3048MB hwm=3048MB
RSS_SAMPLE t=232.4s rss=3048MB hwm=3048MB
RSS_SAMPLE t=232.7s rss=3049MB hwm=3049MB
RSS_SAMPLE t=232.9s rss=3049MB hwm=3049MB
RSS_SAMPLE t=233.2s rss=3049MB hwm=3049MB
RSS_SAMPLE t=233.4s rss=3050MB hwm=3050MB
RSS_SAMPLE t=233.7s rss=3051MB hwm=3051MB
RSS_SAMPLE t=233.9s rss=3051MB hwm=3051MB
RSS_SAMPLE t=234.2s rss=3051MB hwm=3051MB
RSS_SAMPLE t=234.4s rss=3052MB hwm=3052MB
RSS_SAMPLE t=234.7s rss=3052MB hwm=3052MB
RSS_SAMPLE t=234.9s rss=3053MB hwm=3053MB
RSS_SAMPLE t=235.2s rss=3053MB hwm=3053MB
RSS_SAMPLE t=235.4s rss=3054MB hwm=3054MB
RSS_SAMPLE t=235.7s rss=3054MB hwm=3054MB
RSS_SAMPLE t=235.9s rss=3055MB hwm=3055MB
RSS_SAMPLE t=236.2s rss=3056MB hwm=3056MB
RSS_SAMPLE t=236.4s rss=3056MB hwm=3056MB
RSS_SAMPLE t=236.7s rss=3057MB hwm=3057MB
RSS_SAMPLE t=236.9s rss=3057MB hwm=3057MB
RSS_SAMPLE t=237.2s rss=3058MB hwm=3058MB
RSS_SAMPLE t=237.4s rss=3059MB hwm=3059MB
RSS_SAMPLE t=237.7s rss=3059MB hwm=3059MB
RSS_SAMPLE t=237.9s rss=3059MB hwm=3059MB
RSS_SAMPLE t=238.2s rss=3060MB hwm=3060MB
RSS_SAMPLE t=238.4s rss=3060MB hwm=3060MB
RSS_SAMPLE t=238.7s rss=3061MB hwm=3061MB
RSS_SAMPLE t=238.9s rss=3061MB hwm=3061MB
RSS_SAMPLE t=239.2s rss=3062MB hwm=3062MB
RSS_SAMPLE t=239.4s rss=3062MB hwm=3062MB
RSS_SAMPLE t=239.7s rss=3063MB hwm=3063MB
RSS_SAMPLE t=239.9s rss=3064MB hwm=3064MB
RSS_SAMPLE t=240.2s rss=3064MB hwm=3064MB
RSS_SAMPLE t=240.4s rss=3065MB hwm=3065MB
RSS_SAMPLE t=240.7s rss=3065MB hwm=3065MB
RSS_SAMPLE t=240.9s rss=3066MB hwm=3066MB
RSS_SAMPLE t=241.2s rss=3067MB hwm=3067MB
RSS_SAMPLE t=241.4s rss=3068MB hwm=3068MB
RSS_SAMPLE t=241.7s rss=3068MB hwm=3068MB
RSS_SAMPLE t=241.9s rss=3068MB hwm=3068MB
RSS_SAMPLE t=242.2s rss=3069MB hwm=3069MB
RSS_SAMPLE t=242.4s rss=3069MB hwm=3069MB
RSS_SAMPLE t=242.7s rss=3070MB hwm=3070MB
RSS_SAMPLE t=242.9s rss=3070MB hwm=3070MB
RSS_SAMPLE t=243.2s rss=3071MB hwm=3071MB
RSS_SAMPLE t=243.4s rss=3071MB hwm=3071MB
RSS_SAMPLE t=243.7s rss=3072MB hwm=3072MB
RSS_SAMPLE t=243.9s rss=3073MB hwm=3073MB
RSS_SAMPLE t=244.2s rss=3074MB hwm=3074MB
RSS_SAMPLE t=244.4s rss=3074MB hwm=3074MB
RSS_SAMPLE t=244.7s rss=3075MB hwm=3075MB
RSS_SAMPLE t=244.9s rss=3075MB hwm=3075MB
RSS_SAMPLE t=245.2s rss=3076MB hwm=3076MB
RSS_SAMPLE t=245.4s rss=3077MB hwm=3077MB
RSS_SAMPLE t=245.7s rss=3077MB hwm=3077MB
RSS_SAMPLE t=245.9s rss=3078MB hwm=3078MB
RSS_SAMPLE t=246.2s rss=3079MB hwm=3079MB
RSS_SAMPLE t=246.4s rss=3079MB hwm=3079MB
RSS_SAMPLE t=246.7s rss=3080MB hwm=3080MB
RSS_SAMPLE t=246.9s rss=3081MB hwm=3081MB
RSS_SAMPLE t=247.2s rss=3082MB hwm=3082MB
RSS_SAMPLE t=247.4s rss=3083MB hwm=3083MB
RSS_SAMPLE t=247.7s rss=3083MB hwm=3083MB
RSS_SAMPLE t=247.9s rss=3084MB hwm=3084MB
RSS_SAMPLE t=248.2s rss=3085MB hwm=3085MB
RSS_SAMPLE t=248.4s rss=3085MB hwm=3085MB
RSS_SAMPLE t=248.7s rss=3086MB hwm=3086MB
RSS_SAMPLE t=248.9s rss=3087MB hwm=3087MB
RSS_SAMPLE t=249.2s rss=3088MB hwm=3088MB
RSS_SAMPLE t=249.4s rss=3089MB hwm=3089MB
RSS_SAMPLE t=249.7s rss=3089MB hwm=3089MB
RSS_SAMPLE t=249.9s rss=3090MB hwm=3090MB
RSS_SAMPLE t=250.2s rss=3091MB hwm=3091MB
RSS_SAMPLE t=250.4s rss=3092MB hwm=3092MB
RSS_SAMPLE t=250.7s rss=3093MB hwm=3093MB
RSS_SAMPLE t=250.9s rss=3094MB hwm=3094MB
RSS_SAMPLE t=251.2s rss=3095MB hwm=3095MB
RSS_SAMPLE t=251.4s rss=3096MB hwm=3096MB
RSS_SAMPLE t=251.7s rss=3096MB hwm=3096MB
RSS_SAMPLE t=251.9s rss=3097MB hwm=3097MB
RSS_SAMPLE t=252.2s rss=3098MB hwm=3098MB
RSS_SAMPLE t=252.4s rss=3099MB hwm=3099MB
RSS_SAMPLE t=252.7s rss=3100MB hwm=3100MB
RSS_SAMPLE t=252.9s rss=3101MB hwm=3101MB
RSS_SAMPLE t=253.2s rss=3102MB hwm=3102MB
RSS_SAMPLE t=253.4s rss=3103MB hwm=3103MB
RSS_SAMPLE t=253.7s rss=3103MB hwm=3103MB
RSS_SAMPLE t=253.9s rss=3104MB hwm=3104MB
RSS_SAMPLE t=254.2s rss=3105MB hwm=3105MB
RSS_SAMPLE t=254.4s rss=3105MB hwm=3105MB
RSS_SAMPLE t=254.7s rss=3106MB hwm=3106MB
RSS_SAMPLE t=254.9s rss=3107MB hwm=3107MB
RSS_SAMPLE t=255.2s rss=3108MB hwm=3108MB
RSS_SAMPLE t=255.4s rss=3108MB hwm=3108MB
RSS_SAMPLE t=255.7s rss=3109MB hwm=3109MB
RSS_SAMPLE t=255.9s rss=3110MB hwm=3110MB
RSS_SAMPLE t=256.2s rss=3110MB hwm=3110MB
RSS_SAMPLE t=256.4s rss=3111MB hwm=3111MB
RSS_SAMPLE t=256.7s rss=3111MB hwm=3111MB
RSS_SAMPLE t=256.9s rss=3112MB hwm=3112MB
RSS_SAMPLE t=257.2s rss=3112MB hwm=3112MB
RSS_SAMPLE t=257.4s rss=3113MB hwm=3113MB
RSS_SAMPLE t=257.7s rss=3114MB hwm=3114MB
RSS_SAMPLE t=257.9s rss=3114MB hwm=3114MB
RSS_SAMPLE t=258.2s rss=3115MB hwm=3115MB
RSS_SAMPLE t=258.4s rss=3115MB hwm=3115MB
RSS_SAMPLE t=258.7s rss=3116MB hwm=3116MB
RSS_SAMPLE t=258.9s rss=3117MB hwm=3117MB
RSS_SAMPLE t=259.2s rss=3117MB hwm=3117MB
RSS_SAMPLE t=259.4s rss=3118MB hwm=3118MB
RSS_SAMPLE t=259.7s rss=3119MB hwm=3119MB
RSS_SAMPLE t=259.9s rss=3119MB hwm=3119MB
RSS_SAMPLE t=260.2s rss=3120MB hwm=3120MB
RSS_SAMPLE t=260.4s rss=3121MB hwm=3121MB
RSS_SAMPLE t=260.7s rss=3121MB hwm=3121MB
RSS_SAMPLE t=260.9s rss=3122MB hwm=3122MB
RSS_SAMPLE t=261.2s rss=3123MB hwm=3123MB
RSS_SAMPLE t=261.4s rss=3123MB hwm=3123MB
RSS_SAMPLE t=261.7s rss=3124MB hwm=3124MB
RSS_SAMPLE t=261.9s rss=3124MB hwm=3124MB
RSS_SAMPLE t=262.2s rss=3125MB hwm=3125MB
RSS_SAMPLE t=262.4s rss=3126MB hwm=3126MB
RSS_SAMPLE t=262.7s rss=3126MB hwm=3126MB
RSS_SAMPLE t=262.9s rss=3128MB hwm=3128MB
RSS_SAMPLE t=263.2s rss=3128MB hwm=3128MB
RSS_SAMPLE t=263.4s rss=3129MB hwm=3129MB
RSS_SAMPLE t=263.7s rss=3130MB hwm=3130MB
RSS_SAMPLE t=263.9s rss=3130MB hwm=3130MB
RSS_SAMPLE t=264.2s rss=3130MB hwm=3130MB
RSS_SAMPLE t=264.4s rss=3131MB hwm=3131MB
RSS_SAMPLE t=264.7s rss=3132MB hwm=3132MB
RSS_SAMPLE t=264.9s rss=3132MB hwm=3132MB
RSS_SAMPLE t=265.2s rss=3132MB hwm=3132MB
RSS_SAMPLE t=265.4s rss=3133MB hwm=3133MB
RSS_SAMPLE t=265.7s rss=3133MB hwm=3133MB
RSS_SAMPLE t=265.9s rss=3134MB hwm=3134MB
RSS_SAMPLE t=266.2s rss=3134MB hwm=3134MB
RSS_SAMPLE t=266.4s rss=3135MB hwm=3135MB
RSS_SAMPLE t=266.7s rss=3136MB hwm=3136MB
RSS_SAMPLE t=266.9s rss=3137MB hwm=3137MB
RSS_SAMPLE t=267.2s rss=3137MB hwm=3137MB
RSS_SAMPLE t=267.4s rss=3137MB hwm=3137MB
RSS_SAMPLE t=267.7s rss=3138MB hwm=3138MB
RSS_SAMPLE t=267.9s rss=3138MB hwm=3138MB
RSS_SAMPLE t=268.2s rss=3139MB hwm=3139MB
RSS_SAMPLE t=268.4s rss=3139MB hwm=3139MB
RSS_SAMPLE t=268.7s rss=3140MB hwm=3140MB
RSS_SAMPLE t=268.9s rss=3140MB hwm=3140MB
RSS_SAMPLE t=269.2s rss=3140MB hwm=3140MB
RSS_SAMPLE t=269.4s rss=3140MB hwm=3140MB
RSS_SAMPLE t=269.7s rss=3141MB hwm=3141MB
RSS_SAMPLE t=269.9s rss=3141MB hwm=3141MB
RSS_SAMPLE t=270.2s rss=3142MB hwm=3142MB
RSS_SAMPLE t=270.4s rss=3142MB hwm=3142MB
RSS_SAMPLE t=270.7s rss=3142MB hwm=3142MB
RSS_SAMPLE t=270.9s rss=3143MB hwm=3143MB
RSS_SAMPLE t=271.2s rss=3143MB hwm=3143MB
RSS_SAMPLE t=271.4s rss=3143MB hwm=3143MB
RSS_SAMPLE t=271.7s rss=3144MB hwm=3144MB
RSS_SAMPLE t=271.9s rss=3144MB hwm=3144MB
RSS_SAMPLE t=272.2s rss=3144MB hwm=3144MB
RSS_SAMPLE t=272.4s rss=3144MB hwm=3144MB
RSS_SAMPLE t=272.7s rss=3145MB hwm=3145MB
RSS_SAMPLE t=272.9s rss=3145MB hwm=3145MB
RSS_SAMPLE t=273.2s rss=3145MB hwm=3145MB
RSS_SAMPLE t=273.4s rss=3146MB hwm=3146MB
RSS_SAMPLE t=273.7s rss=3146MB hwm=3146MB
RSS_SAMPLE t=273.9s rss=3146MB hwm=3146MB
RSS_SAMPLE t=274.2s rss=3147MB hwm=3147MB
RSS_SAMPLE t=274.4s rss=3147MB hwm=3147MB
RSS_SAMPLE t=274.7s rss=3147MB hwm=3147MB
RSS_SAMPLE t=274.9s rss=3147MB hwm=3147MB
RSS_SAMPLE t=275.2s rss=3147MB hwm=3147MB
RSS_SAMPLE t=275.4s rss=3147MB hwm=3147MB
RSS_SAMPLE t=275.7s rss=3147MB hwm=3147MB
RSS_SAMPLE t=275.9s rss=3147MB hwm=3147MB
RSS_SAMPLE t=276.2s rss=3147MB hwm=3147MB
RSS_SAMPLE t=276.4s rss=3147MB hwm=3147MB
RSS_SAMPLE t=276.7s rss=3147MB hwm=3147MB
RSS_SAMPLE t=276.9s rss=3147MB hwm=3147MB
RSS_SAMPLE t=277.2s rss=3147MB hwm=3147MB
RSS_SAMPLE t=277.4s rss=3147MB hwm=3147MB
RSS_SAMPLE t=277.7s rss=3147MB hwm=3147MB
RSS_SAMPLE t=277.9s rss=3147MB hwm=3147MB
RSS_SAMPLE t=278.2s rss=3148MB hwm=3148MB
RSS_SAMPLE t=278.4s rss=3148MB hwm=3148MB
RSS_SAMPLE t=278.7s rss=3148MB hwm=3148MB
RSS_SAMPLE t=278.9s rss=3149MB hwm=3149MB
RSS_SAMPLE t=279.2s rss=3149MB hwm=3149MB
RSS_SAMPLE t=279.4s rss=3150MB hwm=3150MB
RSS_SAMPLE t=279.7s rss=3150MB hwm=3150MB
RSS_SAMPLE t=279.9s rss=3150MB hwm=3150MB
RSS_SAMPLE t=280.2s rss=3151MB hwm=3151MB
RSS_SAMPLE t=280.4s rss=3151MB hwm=3151MB
RSS_SAMPLE t=280.7s rss=3152MB hwm=3152MB
RSS_SAMPLE t=280.9s rss=3152MB hwm=3152MB
RSS_SAMPLE t=281.2s rss=3152MB hwm=3152MB
RSS_SAMPLE t=281.4s rss=3153MB hwm=3153MB
RSS_SAMPLE t=281.7s rss=3153MB hwm=3153MB
RSS_SAMPLE t=281.9s rss=3153MB hwm=3153MB
RSS_SAMPLE t=282.2s rss=3153MB hwm=3153MB
RSS_SAMPLE t=282.4s rss=3153MB hwm=3153MB
RSS_SAMPLE t=282.7s rss=3154MB hwm=3154MB
RSS_SAMPLE t=282.9s rss=3154MB hwm=3154MB
RSS_SAMPLE t=283.2s rss=3154MB hwm=3154MB
RSS_SAMPLE t=283.4s rss=3155MB hwm=3155MB
RSS_SAMPLE t=283.7s rss=3155MB hwm=3155MB
RSS_SAMPLE t=283.9s rss=3155MB hwm=3155MB
RSS_SAMPLE t=284.2s rss=3155MB hwm=3155MB
RSS_SAMPLE t=284.4s rss=3155MB hwm=3155MB
RSS_SAMPLE t=284.7s rss=3155MB hwm=3155MB
RSS_SAMPLE t=284.9s rss=3155MB hwm=3155MB
RSS_SAMPLE t=285.2s rss=3155MB hwm=3155MB
RSS_SAMPLE t=285.4s rss=3156MB hwm=3156MB
RSS_SAMPLE t=285.7s rss=3156MB hwm=3156MB
RSS_SAMPLE t=285.9s rss=3156MB hwm=3156MB
RSS_SAMPLE t=286.2s rss=3156MB hwm=3156MB
RSS_SAMPLE t=286.4s rss=3156MB hwm=3156MB
RSS_SAMPLE t=286.7s rss=3156MB hwm=3156MB
RSS_SAMPLE t=286.9s rss=3156MB hwm=3156MB
RSS_SAMPLE t=287.2s rss=3156MB hwm=3156MB
RSS_SAMPLE t=287.4s rss=3156MB hwm=3156MB
RSS_SAMPLE t=287.7s rss=3156MB hwm=3156MB
RSS_SAMPLE t=287.9s rss=3157MB hwm=3157MB
RSS_SAMPLE t=288.2s rss=3157MB hwm=3157MB
RSS_SAMPLE t=288.4s rss=3157MB hwm=3157MB
RSS_SAMPLE t=288.7s rss=3157MB hwm=3157MB
RSS_SAMPLE t=288.9s rss=3157MB hwm=3157MB
RSS_SAMPLE t=289.2s rss=3157MB hwm=3157MB
RSS_SAMPLE t=289.4s rss=3157MB hwm=3157MB
RSS_SAMPLE t=289.7s rss=3157MB hwm=3157MB
RSS_SAMPLE t=289.9s rss=3157MB hwm=3157MB
RSS_SAMPLE t=290.2s rss=3157MB hwm=3157MB
RSS_SAMPLE t=290.4s rss=3157MB hwm=3157MB
RSS_SAMPLE t=290.7s rss=3157MB hwm=3157MB
RSS_SAMPLE t=290.9s rss=3157MB hwm=3157MB
RSS_SAMPLE t=291.2s rss=3157MB hwm=3157MB
RSS_SAMPLE t=291.4s rss=3157MB hwm=3157MB
RSS_SAMPLE t=291.7s rss=3157MB hwm=3157MB
RSS_SAMPLE t=291.9s rss=3157MB hwm=3157MB
RSS_SAMPLE t=292.2s rss=3157MB hwm=3157MB
RSS_SAMPLE t=292.4s rss=3157MB hwm=3157MB
RSS_SAMPLE t=292.7s rss=3157MB hwm=3157MB
RSS_SAMPLE t=292.9s rss=3157MB hwm=3157MB
RSS_SAMPLE t=293.2s rss=3157MB hwm=3157MB
RSS_SAMPLE t=293.4s rss=3158MB hwm=3158MB
RSS_SAMPLE t=293.7s rss=3158MB hwm=3158MB
RSS_SAMPLE t=293.9s rss=3158MB hwm=3158MB
RSS_SAMPLE t=294.2s rss=3158MB hwm=3158MB
RSS_SAMPLE t=294.4s rss=3158MB hwm=3158MB
RSS_SAMPLE t=294.7s rss=3158MB hwm=3158MB
RSS_SAMPLE t=294.9s rss=3158MB hwm=3158MB
RSS_SAMPLE t=295.2s rss=3158MB hwm=3158MB
RSS_SAMPLE t=295.4s rss=3158MB hwm=3158MB
RSS_SAMPLE t=295.7s rss=3158MB hwm=3158MB
RSS_SAMPLE t=295.9s rss=3158MB hwm=3158MB
RSS_SAMPLE t=296.2s rss=3158MB hwm=3158MB
RSS_SAMPLE t=296.4s rss=3158MB hwm=3158MB
RSS_SAMPLE t=296.7s rss=3158MB hwm=3158MB
RSS_SAMPLE t=296.9s rss=3158MB hwm=3158MB
RSS_SAMPLE t=297.2s rss=3158MB hwm=3158MB
RSS_SAMPLE t=297.4s rss=3158MB hwm=3158MB
RSS_SAMPLE t=297.7s rss=3158MB hwm=3158MB
RSS_SAMPLE t=297.9s rss=3158MB hwm=3158MB
RSS_SAMPLE t=298.2s rss=3158MB hwm=3158MB
RSS_SAMPLE t=298.4s rss=3158MB hwm=3158MB
RSS_SAMPLE t=298.7s rss=3159MB hwm=3159MB
RSS_SAMPLE t=298.9s rss=3159MB hwm=3159MB
RSS_SAMPLE t=299.2s rss=3159MB hwm=3159MB
RSS_SAMPLE t=299.4s rss=3159MB hwm=3159MB
RSS_SAMPLE t=299.7s rss=3159MB hwm=3159MB
RSS_SAMPLE t=299.9s rss=3159MB hwm=3159MB
RSS_SAMPLE t=300.2s rss=3159MB hwm=3159MB
RSS_SAMPLE t=300.4s rss=3159MB hwm=3159MB
RSS_SAMPLE t=300.7s rss=3159MB hwm=3159MB
RSS_SAMPLE t=300.9s rss=3159MB hwm=3159MB
RSS_SAMPLE t=301.2s rss=3159MB hwm=3159MB
RSS_SAMPLE t=301.4s rss=3159MB hwm=3159MB
RSS_SAMPLE t=301.7s rss=3159MB hwm=3159MB
RSS_SAMPLE t=301.9s rss=3159MB hwm=3159MB
RSS_SAMPLE t=302.2s rss=3159MB hwm=3159MB
RSS_SAMPLE t=302.4s rss=3159MB hwm=3159MB
RSS_SAMPLE t=302.7s rss=3160MB hwm=3160MB
RSS_SAMPLE t=302.9s rss=3160MB hwm=3160MB
RSS_SAMPLE t=303.2s rss=3160MB hwm=3160MB
RSS_SAMPLE t=303.4s rss=3160MB hwm=3160MB
RSS_SAMPLE t=303.7s rss=3160MB hwm=3160MB
RSS_SAMPLE t=303.9s rss=3160MB hwm=3160MB
RSS_SAMPLE t=304.2s rss=3160MB hwm=3160MB
RSS_SAMPLE t=304.4s rss=3160MB hwm=3160MB
RSS_SAMPLE t=304.7s rss=3160MB hwm=3160MB
RSS_SAMPLE t=304.9s rss=3160MB hwm=3160MB
RSS_SAMPLE t=305.2s rss=3160MB hwm=3160MB
RSS_SAMPLE t=305.4s rss=3160MB hwm=3160MB
RSS_SAMPLE t=305.7s rss=3160MB hwm=3160MB
RSS_SAMPLE t=306.0s rss=3160MB hwm=3160MB
RSS_SAMPLE t=306.2s rss=3160MB hwm=3160MB
RSS_SAMPLE t=306.5s rss=3160MB hwm=3160MB
RSS_SAMPLE t=306.7s rss=3160MB hwm=3160MB
RSS_SAMPLE t=307.0s rss=3160MB hwm=3160MB
RSS_SAMPLE t=307.2s rss=3160MB hwm=3160MB
RSS_SAMPLE t=307.5s rss=3160MB hwm=3160MB
RSS_SAMPLE t=307.7s rss=3161MB hwm=3161MB
RSS_SAMPLE t=308.0s rss=3161MB hwm=3161MB
RSS_SAMPLE t=308.2s rss=3161MB hwm=3161MB
RSS_SAMPLE t=308.5s rss=3161MB hwm=3161MB
RSS_SAMPLE t=308.7s rss=3161MB hwm=3161MB
RSS_SAMPLE t=309.0s rss=3161MB hwm=3161MB
RSS_SAMPLE t=309.2s rss=3161MB hwm=3161MB
RSS_SAMPLE t=309.5s rss=3161MB hwm=3161MB
RSS_SAMPLE t=309.7s rss=3161MB hwm=3161MB
RSS_SAMPLE t=310.0s rss=3161MB hwm=3161MB
RSS_SAMPLE t=310.2s rss=3161MB hwm=3161MB
RSS_SAMPLE t=310.5s rss=3161MB hwm=3161MB
RSS_SAMPLE t=310.7s rss=3161MB hwm=3161MB
RSS_SAMPLE t=311.0s rss=3161MB hwm=3161MB
RSS_SAMPLE t=311.2s rss=3161MB hwm=3161MB
RSS_SAMPLE t=311.5s rss=3161MB hwm=3161MB
RSS_SAMPLE t=311.7s rss=3161MB hwm=3161MB
RSS_SAMPLE t=312.0s rss=3161MB hwm=3161MB
RSS_SAMPLE t=312.2s rss=3161MB hwm=3161MB
RSS_SAMPLE t=312.5s rss=3161MB hwm=3161MB
RSS_SAMPLE t=312.7s rss=3161MB hwm=3161MB
RSS_SAMPLE t=313.0s rss=3161MB hwm=3161MB
RSS_SAMPLE t=313.2s rss=3161MB hwm=3161MB
RSS_SAMPLE t=313.5s rss=3161MB hwm=3161MB
RSS_SAMPLE t=313.7s rss=3161MB hwm=3161MB
RSS_SAMPLE t=314.0s rss=3161MB hwm=3161MB
RSS_SAMPLE t=314.2s rss=3161MB hwm=3161MB
RSS_SAMPLE t=314.5s rss=3161MB hwm=3161MB
RSS_SAMPLE t=314.7s rss=3161MB hwm=3161MB
RSS_SAMPLE t=315.0s rss=3161MB hwm=3161MB
RSS_SAMPLE t=315.2s rss=3161MB hwm=3161MB
RSS_SAMPLE t=315.5s rss=3161MB hwm=3161MB
RSS_SAMPLE t=315.7s rss=3162MB hwm=3162MB
RSS_SAMPLE t=316.0s rss=3162MB hwm=3162MB
RSS_SAMPLE t=316.2s rss=3162MB hwm=3162MB
RSS_SAMPLE t=316.5s rss=3162MB hwm=3162MB
RSS_SAMPLE t=316.7s rss=3162MB hwm=3162MB
RSS_SAMPLE t=317.0s rss=3162MB hwm=3162MB
RSS_SAMPLE t=317.2s rss=3162MB hwm=3162MB
RSS_SAMPLE t=317.5s rss=3162MB hwm=3162MB
RSS_SAMPLE t=317.7s rss=3162MB hwm=3162MB
RSS_SAMPLE t=318.0s rss=3162MB hwm=3162MB
RSS_SAMPLE t=318.2s rss=3162MB hwm=3162MB
RSS_SAMPLE t=318.5s rss=3162MB hwm=3162MB
RSS_SAMPLE t=318.7s rss=3162MB hwm=3162MB
RSS_SAMPLE t=319.0s rss=3162MB hwm=3162MB
RSS_SAMPLE t=319.2s rss=3162MB hwm=3162MB
RSS_SAMPLE t=319.5s rss=3162MB hwm=3162MB
RSS_SAMPLE t=319.7s rss=3162MB hwm=3162MB
RSS_SAMPLE t=320.0s rss=3162MB hwm=3162MB
RSS_SAMPLE t=320.2s rss=3162MB hwm=3162MB
RSS_SAMPLE t=320.5s rss=3162MB hwm=3162MB
RSS_SAMPLE t=320.7s rss=3163MB hwm=3163MB
RSS_SAMPLE t=321.0s rss=3163MB hwm=3163MB
RSS_SAMPLE t=321.2s rss=3163MB hwm=3163MB
RSS_SAMPLE t=321.5s rss=3163MB hwm=3163MB
RSS_SAMPLE t=321.7s rss=3163MB hwm=3163MB
RSS_SAMPLE t=322.0s rss=3163MB hwm=3163MB
RSS_SAMPLE t=322.2s rss=3163MB hwm=3163MB
RSS_SAMPLE t=322.5s rss=3163MB hwm=3163MB
RSS_SAMPLE t=322.7s rss=3163MB hwm=3163MB
RSS_SAMPLE t=323.0s rss=3163MB hwm=3163MB
RSS_SAMPLE t=323.2s rss=3163MB hwm=3163MB
RSS_SAMPLE t=323.5s rss=3163MB hwm=3163MB
RSS_SAMPLE t=323.7s rss=3163MB hwm=3163MB
RSS_SAMPLE t=324.0s rss=3163MB hwm=3163MB
RSS_SAMPLE t=324.2s rss=3163MB hwm=3163MB
RSS_SAMPLE t=324.5s rss=3163MB hwm=3163MB
RSS_SAMPLE t=324.7s rss=3163MB hwm=3163MB
RSS_SAMPLE t=325.0s rss=3163MB hwm=3163MB
RSS_SAMPLE t=325.2s rss=3163MB hwm=3163MB
RSS_SAMPLE t=325.5s rss=3163MB hwm=3163MB
RSS_SAMPLE t=325.7s rss=3163MB hwm=3163MB
RSS_SAMPLE t=326.0s rss=3163MB hwm=3163MB
RSS_SAMPLE t=326.2s rss=3164MB hwm=3164MB
RSS_SAMPLE t=326.5s rss=3164MB hwm=3164MB
RSS_SAMPLE t=326.7s rss=3164MB hwm=3164MB
RSS_SAMPLE t=327.0s rss=3164MB hwm=3164MB
RSS_SAMPLE t=327.2s rss=3164MB hwm=3164MB
RSS_SAMPLE t=327.5s rss=3164MB hwm=3164MB
RSS_SAMPLE t=327.7s rss=3164MB hwm=3164MB
RSS_SAMPLE t=328.0s rss=3164MB hwm=3164MB
RSS_SAMPLE t=328.2s rss=3164MB hwm=3164MB
RSS_SAMPLE t=328.5s rss=3164MB hwm=3164MB
RSS_SAMPLE t=328.7s rss=3164MB hwm=3164MB
RSS_SAMPLE t=329.0s rss=3164MB hwm=3164MB
RSS_SAMPLE t=329.2s rss=3164MB hwm=3164MB
RSS_SAMPLE t=329.5s rss=3164MB hwm=3164MB
RSS_SAMPLE t=329.7s rss=3164MB hwm=3164MB
RSS_SAMPLE t=330.0s rss=3164MB hwm=3164MB
RSS_SAMPLE t=330.2s rss=3164MB hwm=3164MB
RSS_SAMPLE t=330.5s rss=3164MB hwm=3164MB
RSS_SAMPLE t=330.7s rss=3164MB hwm=3164MB
RSS_SAMPLE t=331.0s rss=3164MB hwm=3164MB
RSS_SAMPLE t=331.2s rss=3164MB hwm=3164MB
RSS_SAMPLE t=331.5s rss=3164MB hwm=3164MB
RSS_SAMPLE t=331.7s rss=3164MB hwm=3164MB
RSS_SAMPLE t=332.0s rss=3164MB hwm=3164MB
RSS_SAMPLE t=332.2s rss=3164MB hwm=3164MB
RSS_SAMPLE t=332.5s rss=3164MB hwm=3164MB
RSS_SAMPLE t=332.7s rss=3164MB hwm=3164MB
RSS_SAMPLE t=333.0s rss=3164MB hwm=3164MB
RSS_SAMPLE t=333.2s rss=3164MB hwm=3164MB
RSS_SAMPLE t=333.5s rss=3165MB hwm=3165MB
RSS_SAMPLE t=333.7s rss=3165MB hwm=3165MB
RSS_SAMPLE t=334.0s rss=3165MB hwm=3165MB
RSS_SAMPLE t=334.2s rss=3165MB hwm=3165MB
RSS_SAMPLE t=334.5s rss=3165MB hwm=3165MB
RSS_SAMPLE t=334.7s rss=3165MB hwm=3165MB
RSS_SAMPLE t=335.0s rss=3165MB hwm=3165MB
RSS_SAMPLE t=335.2s rss=3165MB hwm=3165MB
RSS_SAMPLE t=335.5s rss=3165MB hwm=3165MB
RSS_SAMPLE t=335.7s rss=3165MB hwm=3165MB
RSS_SAMPLE t=336.0s rss=3165MB hwm=3165MB
RSS_SAMPLE t=336.2s rss=3165MB hwm=3165MB
RSS_SAMPLE t=336.5s rss=3165MB hwm=3165MB
RSS_SAMPLE t=336.7s rss=3165MB hwm=3165MB
RSS_SAMPLE t=337.0s rss=3165MB hwm=3165MB
RSS_SAMPLE t=337.2s rss=3165MB hwm=3165MB
RSS_SAMPLE t=337.5s rss=3165MB hwm=3165MB
RSS_SAMPLE t=337.7s rss=3165MB hwm=3165MB
RSS_SAMPLE t=338.0s rss=3165MB hwm=3165MB
RSS_SAMPLE t=338.2s rss=3165MB hwm=3165MB
RSS_SAMPLE t=338.5s rss=3165MB hwm=3165MB
RSS_SAMPLE t=338.7s rss=3165MB hwm=3165MB
RSS_SAMPLE t=339.0s rss=3165MB hwm=3165MB
RSS_SAMPLE t=339.2s rss=3165MB hwm=3165MB
RSS_SAMPLE t=339.5s rss=3166MB hwm=3166MB
RSS_SAMPLE t=339.7s rss=3166MB hwm=3166MB
RSS_SAMPLE t=340.0s rss=3166MB hwm=3166MB
RSS_SAMPLE t=340.2s rss=3166MB hwm=3166MB
RSS_SAMPLE t=340.5s rss=3166MB hwm=3166MB
RSS_SAMPLE t=340.7s rss=3166MB hwm=3166MB
RSS_SAMPLE t=341.0s rss=3166MB hwm=3166MB
RSS_SAMPLE t=341.2s rss=3166MB hwm=3166MB
RSS_SAMPLE t=341.5s rss=3166MB hwm=3166MB
RSS_SAMPLE t=341.7s rss=3166MB hwm=3166MB
RSS_SAMPLE t=342.0s rss=3166MB hwm=3166MB
RSS_SAMPLE t=342.2s rss=3166MB hwm=3166MB
RSS_SAMPLE t=342.5s rss=3166MB hwm=3166MB
RSS_SAMPLE t=342.7s rss=3166MB hwm=3166MB
RSS_SAMPLE t=343.0s rss=3166MB hwm=3166MB
RSS_SAMPLE t=343.2s rss=3166MB hwm=3166MB
RSS_SAMPLE t=343.5s rss=3166MB hwm=3166MB
RSS_SAMPLE t=343.7s rss=3166MB hwm=3166MB
RSS_SAMPLE t=344.0s rss=3166MB hwm=3166MB
RSS_SAMPLE t=344.2s rss=3166MB hwm=3166MB
RSS_SAMPLE t=344.5s rss=3166MB hwm=3166MB
RSS_SAMPLE t=344.7s rss=3166MB hwm=3166MB
RSS_SAMPLE t=345.0s rss=3166MB hwm=3166MB
RSS_SAMPLE t=345.2s rss=3166MB hwm=3166MB
RSS_SAMPLE t=345.5s rss=3166MB hwm=3166MB
RSS_SAMPLE t=345.7s rss=3167MB hwm=3167MB
RSS_SAMPLE t=346.0s rss=3167MB hwm=3167MB
RSS_SAMPLE t=346.2s rss=3167MB hwm=3167MB
RSS_SAMPLE t=346.5s rss=3167MB hwm=3167MB
RSS_SAMPLE t=346.7s rss=3167MB hwm=3167MB
RSS_SAMPLE t=347.0s rss=3167MB hwm=3167MB
RSS_SAMPLE t=347.2s rss=3167MB hwm=3167MB
RSS_SAMPLE t=347.5s rss=3167MB hwm=3167MB
RSS_SAMPLE t=347.7s rss=3167MB hwm=3167MB
RSS_SAMPLE t=348.0s rss=3167MB hwm=3167MB
RSS_SAMPLE t=348.2s rss=3167MB hwm=3167MB
RSS_SAMPLE t=348.5s rss=3167MB hwm=3167MB
RSS_SAMPLE t=348.7s rss=3167MB hwm=3167MB
RSS_SAMPLE t=349.0s rss=3167MB hwm=3167MB
RSS_SAMPLE t=349.2s rss=3167MB hwm=3167MB
RSS_SAMPLE t=349.5s rss=3167MB hwm=3167MB
RSS_SAMPLE t=349.7s rss=3167MB hwm=3167MB
RSS_SAMPLE t=350.0s rss=3167MB hwm=3167MB
RSS_SAMPLE t=350.2s rss=3167MB hwm=3167MB
MEM_POOL: workspaces=8 dense_usage_mb=313 n_pipes=2562403
    rss_probe[outer=0]: pre_post_solve=2477MB post_post_solve=3187MB after_apply=3187MB
MuxSlotTracker[sweep 0 LEAK]: populated_cells=58675, overflow_tiles=5, at_cap_tiles=1846, peak_excess=11, capacity_hist={16:67346}
    E_decomp: base=10478781.7 eff=11015048.2 cong=536266.6 cong_share=4.9% sat_pipes=158913 max_util=1138.89  R_buckets: 1-2x=2562403 2-10x=0 10-100x=0 >=100x=0
    E_potential: beckmann=16312251594365.0 history_total=0.0
    SpanCache: epoch=1 entries=110 lookups=2562403 hits=2562293 misses=110 hit_rate=100.0%
  DCD   0: nets=105117 line=17437719 energy=2437998.106 dE=+0.000 friction=4765498.5 bins=2.8x(1152) excess=612.6 moved=58444 disp=inf solves=210234 skip=0 pops=2125543648 theta=5.000 refresh=272845ms dcd=6730ms total=282006ms
    cache_stats: entries=50772455 capacity=85495116 est_mb=739 rss_mb=3170
DCD done: energy=2437998.106 line=17437719 friction=4765498.5 bins=2.8x(1152) excess=612.6
MuxSlotTracker: 7611 commit rejections over entire DCD
MuxSlotTracker[post-DCD]: populated_cells=58675, overflow_tiles=5, at_cap_tiles=1846, peak_excess=11, capacity_hist={16:67346}
RSS_SAMPLE t=350.5s rss=2257MB hwm=3181MB
Pre-legalization: HPWL=14542255
  type DFF: 302 valid columns, 1077536 total BELs
  type LUT6: 302 valid columns, 538768 total BELs
TypeAwarePlacement: 2 cell types
RSS_SAMPLE t=350.7s rss=2400MB hwm=3181MB
RSS_SAMPLE t=351.0s rss=3275MB hwm=3275MB
RSS_SAMPLE t=351.2s rss=3860MB hwm=3860MB
RSS_SAMPLE t=351.5s rss=4591MB hwm=4591MB
RSS_SAMPLE t=351.7s rss=5338MB hwm=5338MB
RSS_SAMPLE t=352.0s rss=5910MB hwm=5910MB
RSS_SAMPLE t=352.2s rss=6551MB hwm=6551MB
RSS_SAMPLE t=352.5s rss=7140MB hwm=7140MB
RSS_SAMPLE t=352.7s rss=7802MB hwm=7802MB
RSS_SAMPLE t=353.0s rss=8485MB hwm=8485MB
RSS_SAMPLE t=353.2s rss=9182MB hwm=9182MB
RSS_SAMPLE t=353.5s rss=9893MB hwm=9893MB
RSS_SAMPLE t=353.7s rss=10624MB hwm=10624MB
RSS_SAMPLE t=354.0s rss=11501MB hwm=11501MB
RSS_SAMPLE t=354.2s rss=12270MB hwm=12270MB
