chipdb: /home/kelvin/side-project/eisenjoch/chip_database/xc7_large.bin
design: /home/kelvin/side-project/eisenjoch/benchmark/ispd/generated/2016/FPGA01/FPGA01.json
RSS_SAMPLE t=0.0s rss=3MB hwm=3MB
RSS_SAMPLE t=0.3s rss=459MB hwm=459MB
RSS_SAMPLE t=0.5s rss=717MB hwm=717MB
RSS_SAMPLE t=0.8s rss=824MB hwm=824MB
RSS_SAMPLE t=1.0s rss=819MB hwm=824MB
RSS_SAMPLE t=1.3s rss=819MB hwm=824MB
RSS_SAMPLE t=1.5s rss=820MB hwm=824MB
load+pack: 1.5s
cfg: max_iterations=20
  topological compress: density=0.60 target_tiles=15971 final_tiles=15777 scale=1.851 center=(205.1,111.0)
  topological init: n_movable=76660, n_edges=229053, max_layer=26775, back_edges=54022, n_anchored=0
  ALG_T heap prepare_discrete: 0.2s
  ALG_T init_hpwl: 14051632
RSS_SAMPLE t=1.8s rss=860MB hwm=860MB
  type DFF: 302 valid columns, 1077536 total BELs
  type LUT6: 302 valid columns, 538768 total BELs
TypeAwarePlacement: 2 cell types
RSS_SAMPLE t=2.0s rss=1037MB hwm=1037MB
  SortedLegalizer: cluster_rejects=6247 shared_mux_rejects=16338 arch_validity_rejects=0
RSS_SAMPLE t=2.3s rss=1037MB hwm=1037MB
  type DFF: 302 valid columns, 1077536 total BELs
  type LUT6: 302 valid columns, 538768 total BELs
TypeAwarePlacement: 2 cell types
RSS_SAMPLE t=2.5s rss=1039MB hwm=1039MB
  SortedLegalizer: cluster_rejects=7688 shared_mux_rejects=21129 arch_validity_rejects=0
RSS_SAMPLE t=2.8s rss=1041MB hwm=1041MB
RSS_SAMPLE t=3.0s rss=1307MB hwm=1307MB
RSS_SAMPLE t=3.3s rss=1458MB hwm=1548MB
RSS_SAMPLE t=3.5s rss=1659MB hwm=1686MB
RSS_SAMPLE t=3.8s rss=1694MB hwm=1728MB
RSS_SAMPLE t=4.0s rss=1745MB hwm=1761MB
RSS_SAMPLE t=4.3s rss=1630MB hwm=1861MB
RSS_SAMPLE t=4.5s rss=1666MB hwm=1861MB
RSS_SAMPLE t=4.8s rss=1740MB hwm=1861MB
RSS_SAMPLE t=5.0s rss=1827MB hwm=1876MB
RSS_SAMPLE t=5.3s rss=1813MB hwm=1876MB
RSS_SAMPLE t=5.5s rss=1769MB hwm=1876MB
RSS_SAMPLE t=5.8s rss=1802MB hwm=1934MB
RSS_SAMPLE t=6.0s rss=1784MB hwm=1934MB
RSS_SAMPLE t=6.3s rss=1785MB hwm=1934MB
RSS_SAMPLE t=6.5s rss=1844MB hwm=1934MB
RSS_SAMPLE t=6.8s rss=1879MB hwm=1954MB
RSS_SAMPLE t=7.0s rss=1916MB hwm=2030MB
RSS_SAMPLE t=7.3s rss=1802MB hwm=2030MB
RSS_SAMPLE t=7.5s rss=1823MB hwm=2030MB
RSS_SAMPLE t=7.8s rss=1697MB hwm=2030MB
RSS_SAMPLE t=8.0s rss=1876MB hwm=2030MB
RSS_SAMPLE t=8.3s rss=1849MB hwm=2030MB
RSS_SAMPLE t=8.5s rss=1941MB hwm=2097MB
RSS_SAMPLE t=8.8s rss=1863MB hwm=2097MB
RSS_SAMPLE t=9.0s rss=1968MB hwm=2097MB
RSS_SAMPLE t=9.3s rss=1636MB hwm=2097MB
RSS_SAMPLE t=9.5s rss=1753MB hwm=2097MB
RSS_SAMPLE t=9.8s rss=1747MB hwm=2097MB
RSS_SAMPLE t=10.0s rss=1792MB hwm=2097MB
RSS_SAMPLE t=10.3s rss=1776MB hwm=2097MB
RSS_SAMPLE t=10.5s rss=1912MB hwm=2097MB
RSS_SAMPLE t=10.8s rss=1992MB hwm=2098MB
RSS_SAMPLE t=11.0s rss=1780MB hwm=2098MB
RSS_SAMPLE t=11.3s rss=1756MB hwm=2098MB
RSS_SAMPLE t=11.5s rss=1877MB hwm=2098MB
RSS_SAMPLE t=11.8s rss=1775MB hwm=2098MB
RSS_SAMPLE t=12.0s rss=1701MB hwm=2098MB
RSS_SAMPLE t=12.3s rss=1884MB hwm=2098MB
RSS_SAMPLE t=12.5s rss=1619MB hwm=2098MB
RSS_SAMPLE t=12.8s rss=1756MB hwm=2098MB
RSS_SAMPLE t=13.0s rss=1928MB hwm=2098MB
RSS_SAMPLE t=13.3s rss=1774MB hwm=2098MB
RSS_SAMPLE t=13.5s rss=1918MB hwm=2098MB
RSS_SAMPLE t=13.8s rss=1852MB hwm=2098MB
RSS_SAMPLE t=14.0s rss=1813MB hwm=2098MB
RSS_SAMPLE t=14.3s rss=1827MB hwm=2098MB
RSS_SAMPLE t=14.5s rss=1899MB hwm=2098MB
RSS_SAMPLE t=14.8s rss=1880MB hwm=2098MB
RSS_SAMPLE t=15.0s rss=1790MB hwm=2102MB
RSS_SAMPLE t=15.3s rss=1842MB hwm=2102MB
RSS_SAMPLE t=15.5s rss=1939MB hwm=2102MB
RSS_SAMPLE t=15.8s rss=1770MB hwm=2102MB
RSS_SAMPLE t=16.0s rss=1747MB hwm=2102MB
RSS_SAMPLE t=16.3s rss=1637MB hwm=2102MB
RSS_SAMPLE t=16.5s rss=1768MB hwm=2102MB
RSS_SAMPLE t=16.8s rss=1785MB hwm=2102MB
RSS_SAMPLE t=17.0s rss=1802MB hwm=2102MB
RSS_SAMPLE t=17.3s rss=1787MB hwm=2102MB
RSS_SAMPLE t=17.5s rss=1915MB hwm=2102MB
RSS_SAMPLE t=17.8s rss=1936MB hwm=2102MB
RSS_SAMPLE t=18.0s rss=1998MB hwm=2132MB
RSS_SAMPLE t=18.3s rss=1832MB hwm=2132MB
RSS_SAMPLE t=18.5s rss=1825MB hwm=2132MB
RSS_SAMPLE t=18.8s rss=1804MB hwm=2132MB
RSS_SAMPLE t=19.0s rss=1642MB hwm=2132MB
RSS_SAMPLE t=19.3s rss=1751MB hwm=2132MB
RSS_SAMPLE t=19.5s rss=1762MB hwm=2132MB
RSS_SAMPLE t=19.8s rss=1659MB hwm=2132MB
RSS_SAMPLE t=20.0s rss=1760MB hwm=2132MB
RSS_SAMPLE t=20.3s rss=1800MB hwm=2132MB
RSS_SAMPLE t=20.5s rss=1772MB hwm=2132MB
RSS_SAMPLE t=20.8s rss=1873MB hwm=2132MB
RSS_SAMPLE t=21.0s rss=2040MB hwm=2132MB
RSS_SAMPLE t=21.3s rss=2000MB hwm=2132MB
RSS_SAMPLE t=21.5s rss=1931MB hwm=2132MB
RSS_SAMPLE t=21.8s rss=1836MB hwm=2132MB
RSS_SAMPLE t=22.0s rss=1753MB hwm=2132MB
RSS_SAMPLE t=22.3s rss=1711MB hwm=2132MB
RSS_SAMPLE t=22.5s rss=1923MB hwm=2132MB
RSS_SAMPLE t=22.8s rss=1887MB hwm=2132MB
RSS_SAMPLE t=23.0s rss=1696MB hwm=2132MB
RSS_SAMPLE t=23.3s rss=1687MB hwm=2132MB
RSS_SAMPLE t=23.5s rss=1789MB hwm=2132MB
RSS_SAMPLE t=23.8s rss=1934MB hwm=2132MB
RSS_SAMPLE t=24.0s rss=1949MB hwm=2132MB
RSS_SAMPLE t=24.3s rss=1854MB hwm=2132MB
RSS_SAMPLE t=24.5s rss=1940MB hwm=2132MB
RSS_SAMPLE t=24.8s rss=1875MB hwm=2132MB
RSS_SAMPLE t=25.0s rss=1889MB hwm=2132MB
RSS_SAMPLE t=25.3s rss=1675MB hwm=2132MB
RSS_SAMPLE t=25.5s rss=1750MB hwm=2132MB
RSS_SAMPLE t=25.8s rss=1676MB hwm=2132MB
RSS_SAMPLE t=26.0s rss=1731MB hwm=2132MB
RSS_SAMPLE t=26.3s rss=1764MB hwm=2132MB
RSS_SAMPLE t=26.5s rss=1800MB hwm=2132MB
RSS_SAMPLE t=26.8s rss=1718MB hwm=2132MB
RSS_SAMPLE t=27.0s rss=1841MB hwm=2132MB
RSS_SAMPLE t=27.3s rss=1972MB hwm=2132MB
RSS_SAMPLE t=27.5s rss=1851MB hwm=2132MB
RSS_SAMPLE t=27.8s rss=1982MB hwm=2132MB
RSS_SAMPLE t=28.0s rss=1746MB hwm=2132MB
RSS_SAMPLE t=28.3s rss=1662MB hwm=2132MB
RSS_SAMPLE t=28.5s rss=1791MB hwm=2132MB
RSS_SAMPLE t=28.8s rss=1620MB hwm=2132MB
RSS_SAMPLE t=29.0s rss=1668MB hwm=2132MB
RSS_SAMPLE t=29.3s rss=1808MB hwm=2132MB
RSS_SAMPLE t=29.5s rss=1880MB hwm=2132MB
RSS_SAMPLE t=29.8s rss=1859MB hwm=2132MB
RSS_SAMPLE t=30.0s rss=1710MB hwm=2132MB
RSS_SAMPLE t=30.3s rss=1714MB hwm=2132MB
RSS_SAMPLE t=30.5s rss=1813MB hwm=2132MB
RSS_SAMPLE t=30.8s rss=1777MB hwm=2132MB
RSS_SAMPLE t=31.0s rss=1740MB hwm=2132MB
RSS_SAMPLE t=31.3s rss=1664MB hwm=2132MB
RSS_SAMPLE t=31.5s rss=1693MB hwm=2132MB
RSS_SAMPLE t=31.8s rss=1813MB hwm=2132MB
RSS_SAMPLE t=32.0s rss=1672MB hwm=2132MB
RSS_SAMPLE t=32.3s rss=1712MB hwm=2132MB
RSS_SAMPLE t=32.5s rss=1808MB hwm=2132MB
RSS_SAMPLE t=32.8s rss=1828MB hwm=2132MB
RSS_SAMPLE t=33.0s rss=1871MB hwm=2132MB
RSS_SAMPLE t=33.3s rss=1920MB hwm=2132MB
RSS_SAMPLE t=33.5s rss=1748MB hwm=2132MB
RSS_SAMPLE t=33.8s rss=1849MB hwm=2132MB
RSS_SAMPLE t=34.0s rss=1907MB hwm=2132MB
RSS_SAMPLE t=34.3s rss=1838MB hwm=2132MB
RSS_SAMPLE t=34.5s rss=1749MB hwm=2132MB
RSS_SAMPLE t=34.8s rss=1892MB hwm=2132MB
RSS_SAMPLE t=35.0s rss=1834MB hwm=2132MB
RSS_SAMPLE t=35.3s rss=1726MB hwm=2132MB
RSS_SAMPLE t=35.5s rss=1808MB hwm=2132MB
RSS_SAMPLE t=35.8s rss=1892MB hwm=2132MB
RSS_SAMPLE t=36.0s rss=1651MB hwm=2132MB
RSS_SAMPLE t=36.3s rss=1757MB hwm=2132MB
RSS_SAMPLE t=36.5s rss=1858MB hwm=2132MB
RSS_SAMPLE t=36.8s rss=1916MB hwm=2132MB
RSS_SAMPLE t=37.0s rss=1736MB hwm=2132MB
RSS_SAMPLE t=37.3s rss=1883MB hwm=2132MB
RSS_SAMPLE t=37.5s rss=1830MB hwm=2132MB
RSS_SAMPLE t=37.8s rss=1965MB hwm=2132MB
RSS_SAMPLE t=38.0s rss=1852MB hwm=2132MB
RSS_SAMPLE t=38.3s rss=1949MB hwm=2132MB
RSS_SAMPLE t=38.5s rss=1944MB hwm=2132MB
RSS_SAMPLE t=38.8s rss=1758MB hwm=2132MB
RSS_SAMPLE t=39.0s rss=1895MB hwm=2132MB
RSS_SAMPLE t=39.3s rss=1817MB hwm=2132MB
RSS_SAMPLE t=39.5s rss=1869MB hwm=2132MB
RSS_SAMPLE t=39.8s rss=1935MB hwm=2180MB
RSS_SAMPLE t=40.0s rss=1863MB hwm=2180MB
RSS_SAMPLE t=40.3s rss=1724MB hwm=2180MB
RSS_SAMPLE t=40.5s rss=1675MB hwm=2180MB
RSS_SAMPLE t=40.8s rss=1772MB hwm=2180MB
RSS_SAMPLE t=41.0s rss=1808MB hwm=2180MB
RSS_SAMPLE t=41.3s rss=1860MB hwm=2180MB
RSS_SAMPLE t=41.5s rss=1787MB hwm=2180MB
RSS_SAMPLE t=41.8s rss=1777MB hwm=2180MB
RSS_SAMPLE t=42.0s rss=1795MB hwm=2180MB
RSS_SAMPLE t=42.3s rss=1677MB hwm=2180MB
RSS_SAMPLE t=42.5s rss=1806MB hwm=2180MB
RSS_SAMPLE t=42.8s rss=1777MB hwm=2180MB
RSS_SAMPLE t=43.0s rss=1798MB hwm=2180MB
RSS_SAMPLE t=43.3s rss=1906MB hwm=2180MB
RSS_SAMPLE t=43.5s rss=1773MB hwm=2180MB
RSS_SAMPLE t=43.8s rss=1760MB hwm=2180MB
RSS_SAMPLE t=44.0s rss=1870MB hwm=2180MB
RSS_SAMPLE t=44.3s rss=1809MB hwm=2180MB
RSS_SAMPLE t=44.5s rss=1721MB hwm=2180MB
RSS_SAMPLE t=44.8s rss=1887MB hwm=2180MB
RSS_SAMPLE t=45.0s rss=1751MB hwm=2180MB
RSS_SAMPLE t=45.3s rss=1636MB hwm=2180MB
RSS_SAMPLE t=45.5s rss=1872MB hwm=2180MB
RSS_SAMPLE t=45.8s rss=1928MB hwm=2180MB
RSS_SAMPLE t=46.0s rss=1868MB hwm=2180MB
RSS_SAMPLE t=46.3s rss=1727MB hwm=2180MB
RSS_SAMPLE t=46.5s rss=1761MB hwm=2180MB
RSS_SAMPLE t=46.8s rss=1770MB hwm=2180MB
RSS_SAMPLE t=47.0s rss=1739MB hwm=2180MB
RSS_SAMPLE t=47.3s rss=1814MB hwm=2180MB
RSS_SAMPLE t=47.5s rss=1960MB hwm=2180MB
RSS_SAMPLE t=47.8s rss=1713MB hwm=2180MB
RSS_SAMPLE t=48.0s rss=1733MB hwm=2180MB
RSS_SAMPLE t=48.3s rss=1708MB hwm=2180MB
RSS_SAMPLE t=48.5s rss=1932MB hwm=2180MB
RSS_SAMPLE t=48.8s rss=1984MB hwm=2180MB
RSS_SAMPLE t=49.0s rss=1819MB hwm=2180MB
RSS_SAMPLE t=49.3s rss=1761MB hwm=2180MB
RSS_SAMPLE t=49.5s rss=1673MB hwm=2180MB
RSS_SAMPLE t=49.8s rss=1726MB hwm=2180MB
RSS_SAMPLE t=50.0s rss=1918MB hwm=2180MB
RSS_SAMPLE t=50.3s rss=1661MB hwm=2180MB
RSS_SAMPLE t=50.5s rss=1637MB hwm=2180MB
RSS_SAMPLE t=50.8s rss=1818MB hwm=2180MB
RSS_SAMPLE t=51.0s rss=1813MB hwm=2180MB
RSS_SAMPLE t=51.3s rss=1741MB hwm=2180MB
RSS_SAMPLE t=51.5s rss=1801MB hwm=2180MB
RSS_SAMPLE t=51.8s rss=1860MB hwm=2180MB
RSS_SAMPLE t=52.1s rss=1708MB hwm=2180MB
RSS_SAMPLE t=52.3s rss=1789MB hwm=2180MB
RSS_SAMPLE t=52.6s rss=1895MB hwm=2180MB
RSS_SAMPLE t=52.8s rss=1789MB hwm=2180MB
RSS_SAMPLE t=53.1s rss=1952MB hwm=2180MB
RSS_SAMPLE t=53.3s rss=2124MB hwm=2180MB
RSS_SAMPLE t=53.6s rss=1915MB hwm=2180MB
RSS_SAMPLE t=53.8s rss=1891MB hwm=2180MB
RSS_SAMPLE t=54.1s rss=1766MB hwm=2180MB
RSS_SAMPLE t=54.3s rss=1765MB hwm=2180MB
RSS_SAMPLE t=54.6s rss=1902MB hwm=2180MB
RSS_SAMPLE t=54.8s rss=1672MB hwm=2180MB
RSS_SAMPLE t=55.1s rss=1830MB hwm=2180MB
RSS_SAMPLE t=55.3s rss=1907MB hwm=2180MB
RSS_SAMPLE t=55.6s rss=1768MB hwm=2180MB
RSS_SAMPLE t=55.8s rss=1743MB hwm=2180MB
RSS_SAMPLE t=56.1s rss=1915MB hwm=2180MB
RSS_SAMPLE t=56.3s rss=1978MB hwm=2180MB
RSS_SAMPLE t=56.6s rss=1927MB hwm=2180MB
RSS_SAMPLE t=56.8s rss=1860MB hwm=2180MB
RSS_SAMPLE t=57.1s rss=1832MB hwm=2180MB
RSS_SAMPLE t=57.3s rss=1947MB hwm=2180MB
RSS_SAMPLE t=57.6s rss=1922MB hwm=2180MB
RSS_SAMPLE t=57.8s rss=1815MB hwm=2180MB
RSS_SAMPLE t=58.1s rss=1770MB hwm=2180MB
RSS_SAMPLE t=58.3s rss=1858MB hwm=2180MB
RSS_SAMPLE t=58.6s rss=1722MB hwm=2180MB
RSS_SAMPLE t=58.8s rss=1859MB hwm=2180MB
RSS_SAMPLE t=59.1s rss=1871MB hwm=2180MB
RSS_SAMPLE t=59.3s rss=1868MB hwm=2180MB
RSS_SAMPLE t=59.6s rss=1793MB hwm=2180MB
RSS_SAMPLE t=59.8s rss=1846MB hwm=2180MB
RSS_SAMPLE t=60.1s rss=1769MB hwm=2180MB
RSS_SAMPLE t=60.3s rss=1674MB hwm=2180MB
RSS_SAMPLE t=60.6s rss=1842MB hwm=2180MB
RSS_SAMPLE t=60.8s rss=1756MB hwm=2180MB
RSS_SAMPLE t=61.1s rss=1767MB hwm=2180MB
RSS_SAMPLE t=61.3s rss=1905MB hwm=2180MB
RSS_SAMPLE t=61.6s rss=1845MB hwm=2180MB
RSS_SAMPLE t=61.8s rss=1736MB hwm=2180MB
RSS_SAMPLE t=62.1s rss=1758MB hwm=2180MB
RSS_SAMPLE t=62.3s rss=1754MB hwm=2180MB
RSS_SAMPLE t=62.6s rss=1809MB hwm=2180MB
RSS_SAMPLE t=62.8s rss=1825MB hwm=2180MB
RSS_SAMPLE t=63.1s rss=1682MB hwm=2180MB
RSS_SAMPLE t=63.3s rss=1722MB hwm=2180MB
RSS_SAMPLE t=63.6s rss=1887MB hwm=2180MB
RSS_SAMPLE t=63.8s rss=1954MB hwm=2180MB
RSS_SAMPLE t=64.1s rss=1856MB hwm=2180MB
RSS_SAMPLE t=64.3s rss=1853MB hwm=2180MB
RSS_SAMPLE t=64.6s rss=1953MB hwm=2180MB
RSS_SAMPLE t=64.8s rss=1774MB hwm=2180MB
RSS_SAMPLE t=65.1s rss=1846MB hwm=2180MB
RSS_SAMPLE t=65.3s rss=1946MB hwm=2180MB
RSS_SAMPLE t=65.6s rss=1933MB hwm=2180MB
RSS_SAMPLE t=65.8s rss=1892MB hwm=2180MB
RSS_SAMPLE t=66.1s rss=1880MB hwm=2180MB
RSS_SAMPLE t=66.3s rss=1920MB hwm=2180MB
RSS_SAMPLE t=66.6s rss=1788MB hwm=2180MB
RSS_SAMPLE t=66.8s rss=1775MB hwm=2180MB
RSS_SAMPLE t=67.1s rss=1938MB hwm=2180MB
RSS_SAMPLE t=67.3s rss=1720MB hwm=2180MB
RSS_SAMPLE t=67.6s rss=1895MB hwm=2180MB
RSS_SAMPLE t=67.8s rss=1777MB hwm=2180MB
RSS_SAMPLE t=68.1s rss=1874MB hwm=2180MB
RSS_SAMPLE t=68.3s rss=1787MB hwm=2180MB
RSS_SAMPLE t=68.6s rss=1837MB hwm=2180MB
RSS_SAMPLE t=68.8s rss=1756MB hwm=2180MB
RSS_SAMPLE t=69.1s rss=1862MB hwm=2180MB
RSS_SAMPLE t=69.3s rss=1685MB hwm=2180MB
RSS_SAMPLE t=69.6s rss=1795MB hwm=2180MB
RSS_SAMPLE t=69.8s rss=1987MB hwm=2180MB
RSS_SAMPLE t=70.1s rss=1830MB hwm=2180MB
RSS_SAMPLE t=70.3s rss=1762MB hwm=2180MB
RSS_SAMPLE t=70.6s rss=1913MB hwm=2180MB
RSS_SAMPLE t=70.8s rss=1844MB hwm=2180MB
RSS_SAMPLE t=71.1s rss=1816MB hwm=2180MB
RSS_SAMPLE t=71.3s rss=1719MB hwm=2180MB
RSS_SAMPLE t=71.6s rss=1868MB hwm=2180MB
RSS_SAMPLE t=71.8s rss=1775MB hwm=2180MB
RSS_SAMPLE t=72.1s rss=1755MB hwm=2180MB
RSS_SAMPLE t=72.3s rss=1708MB hwm=2180MB
RSS_SAMPLE t=72.6s rss=1804MB hwm=2180MB
RSS_SAMPLE t=72.8s rss=1795MB hwm=2180MB
RSS_SAMPLE t=73.1s rss=1822MB hwm=2180MB
RSS_SAMPLE t=73.3s rss=1816MB hwm=2180MB
RSS_SAMPLE t=73.6s rss=1807MB hwm=2180MB
RSS_SAMPLE t=73.8s rss=1907MB hwm=2180MB
RSS_SAMPLE t=74.1s rss=1796MB hwm=2180MB
RSS_SAMPLE t=74.3s rss=1674MB hwm=2180MB
RSS_SAMPLE t=74.6s rss=1709MB hwm=2180MB
RSS_SAMPLE t=74.8s rss=1796MB hwm=2180MB
RSS_SAMPLE t=75.1s rss=1771MB hwm=2180MB
RSS_SAMPLE t=75.3s rss=1799MB hwm=2180MB
RSS_SAMPLE t=75.6s rss=1699MB hwm=2180MB
RSS_SAMPLE t=75.8s rss=1663MB hwm=2180MB
RSS_SAMPLE t=76.1s rss=1639MB hwm=2180MB
RSS_SAMPLE t=76.3s rss=1722MB hwm=2180MB
RSS_SAMPLE t=76.6s rss=1716MB hwm=2180MB
RSS_SAMPLE t=76.8s rss=1769MB hwm=2180MB
RSS_SAMPLE t=77.1s rss=1705MB hwm=2180MB
RSS_SAMPLE t=77.3s rss=1784MB hwm=2180MB
RSS_SAMPLE t=77.6s rss=1923MB hwm=2180MB
RSS_SAMPLE t=77.8s rss=1806MB hwm=2180MB
RSS_SAMPLE t=78.1s rss=1762MB hwm=2180MB
RSS_SAMPLE t=78.3s rss=1806MB hwm=2180MB
RSS_SAMPLE t=78.6s rss=1820MB hwm=2180MB
RSS_SAMPLE t=78.8s rss=1990MB hwm=2180MB
RSS_SAMPLE t=79.1s rss=1717MB hwm=2180MB
RSS_SAMPLE t=79.3s rss=1796MB hwm=2180MB
RSS_SAMPLE t=79.6s rss=1877MB hwm=2180MB
RSS_SAMPLE t=79.8s rss=1717MB hwm=2180MB
RSS_SAMPLE t=80.1s rss=1810MB hwm=2180MB
RSS_SAMPLE t=80.3s rss=1846MB hwm=2180MB
RSS_SAMPLE t=80.6s rss=1901MB hwm=2180MB
RSS_SAMPLE t=80.8s rss=1789MB hwm=2180MB
RSS_SAMPLE t=81.1s rss=1766MB hwm=2180MB
RSS_SAMPLE t=81.3s rss=1719MB hwm=2180MB
RSS_SAMPLE t=81.6s rss=1848MB hwm=2180MB
RSS_SAMPLE t=81.8s rss=1853MB hwm=2180MB
RSS_SAMPLE t=82.1s rss=1700MB hwm=2180MB
RSS_SAMPLE t=82.3s rss=1798MB hwm=2180MB
RSS_SAMPLE t=82.6s rss=1722MB hwm=2180MB
RSS_SAMPLE t=82.8s rss=1867MB hwm=2180MB
RSS_SAMPLE t=83.1s rss=1813MB hwm=2180MB
RSS_SAMPLE t=83.3s rss=1777MB hwm=2180MB
RSS_SAMPLE t=83.6s rss=1785MB hwm=2180MB
RSS_SAMPLE t=83.8s rss=1906MB hwm=2180MB
RSS_SAMPLE t=84.1s rss=1665MB hwm=2180MB
RSS_SAMPLE t=84.3s rss=1708MB hwm=2180MB
RSS_SAMPLE t=84.6s rss=1684MB hwm=2180MB
RSS_SAMPLE t=84.8s rss=1660MB hwm=2180MB
RSS_SAMPLE t=85.1s rss=1793MB hwm=2180MB
RSS_SAMPLE t=85.3s rss=1911MB hwm=2180MB
RSS_SAMPLE t=85.6s rss=1891MB hwm=2180MB
RSS_SAMPLE t=85.8s rss=1676MB hwm=2180MB
RSS_SAMPLE t=86.1s rss=1811MB hwm=2180MB
RSS_SAMPLE t=86.3s rss=1811MB hwm=2180MB
RSS_SAMPLE t=86.6s rss=1942MB hwm=2180MB
RSS_SAMPLE t=86.8s rss=1747MB hwm=2180MB
RSS_SAMPLE t=87.1s rss=1835MB hwm=2180MB
RSS_SAMPLE t=87.3s rss=1939MB hwm=2180MB
RSS_SAMPLE t=87.6s rss=1850MB hwm=2180MB
RSS_SAMPLE t=87.8s rss=1982MB hwm=2180MB
RSS_SAMPLE t=88.1s rss=1930MB hwm=2180MB
RSS_SAMPLE t=88.3s rss=1836MB hwm=2180MB
RSS_SAMPLE t=88.6s rss=1697MB hwm=2180MB
RSS_SAMPLE t=88.8s rss=1746MB hwm=2180MB
RSS_SAMPLE t=89.1s rss=1832MB hwm=2180MB
RSS_SAMPLE t=89.3s rss=1897MB hwm=2180MB
RSS_SAMPLE t=89.6s rss=1861MB hwm=2180MB
RSS_SAMPLE t=89.8s rss=1861MB hwm=2180MB
RSS_SAMPLE t=90.1s rss=1699MB hwm=2180MB
RSS_SAMPLE t=90.3s rss=1851MB hwm=2180MB
RSS_SAMPLE t=90.6s rss=1694MB hwm=2180MB
RSS_SAMPLE t=90.8s rss=1642MB hwm=2180MB
RSS_SAMPLE t=91.1s rss=1726MB hwm=2180MB
RSS_SAMPLE t=91.3s rss=1888MB hwm=2180MB
RSS_SAMPLE t=91.6s rss=1736MB hwm=2180MB
RSS_SAMPLE t=91.8s rss=1777MB hwm=2180MB
RSS_SAMPLE t=92.1s rss=1757MB hwm=2180MB
RSS_SAMPLE t=92.3s rss=1814MB hwm=2180MB
RSS_SAMPLE t=92.6s rss=1788MB hwm=2180MB
RSS_SAMPLE t=92.8s rss=1878MB hwm=2180MB
RSS_SAMPLE t=93.1s rss=1745MB hwm=2180MB
RSS_SAMPLE t=93.3s rss=1811MB hwm=2180MB
RSS_SAMPLE t=93.6s rss=1907MB hwm=2180MB
RSS_SAMPLE t=93.8s rss=1923MB hwm=2180MB
RSS_SAMPLE t=94.1s rss=1932MB hwm=2180MB
RSS_SAMPLE t=94.3s rss=1852MB hwm=2180MB
RSS_SAMPLE t=94.6s rss=1934MB hwm=2180MB
RSS_SAMPLE t=94.8s rss=1749MB hwm=2180MB
RSS_SAMPLE t=95.1s rss=1675MB hwm=2180MB
RSS_SAMPLE t=95.3s rss=1762MB hwm=2180MB
RSS_SAMPLE t=95.6s rss=1817MB hwm=2180MB
RSS_SAMPLE t=95.8s rss=1782MB hwm=2180MB
RSS_SAMPLE t=96.1s rss=1755MB hwm=2180MB
RSS_SAMPLE t=96.3s rss=1749MB hwm=2180MB
RSS_SAMPLE t=96.6s rss=1739MB hwm=2180MB
RSS_SAMPLE t=96.8s rss=1655MB hwm=2180MB
RSS_SAMPLE t=97.1s rss=1680MB hwm=2180MB
RSS_SAMPLE t=97.3s rss=1630MB hwm=2180MB
RSS_SAMPLE t=97.6s rss=1814MB hwm=2180MB
RSS_SAMPLE t=97.8s rss=1720MB hwm=2180MB
RSS_SAMPLE t=98.1s rss=1768MB hwm=2180MB
RSS_SAMPLE t=98.3s rss=1833MB hwm=2180MB
RSS_SAMPLE t=98.6s rss=1843MB hwm=2180MB
RSS_SAMPLE t=98.8s rss=1994MB hwm=2180MB
RSS_SAMPLE t=99.1s rss=1740MB hwm=2180MB
RSS_SAMPLE t=99.3s rss=1839MB hwm=2180MB
RSS_SAMPLE t=99.6s rss=1679MB hwm=2180MB
RSS_SAMPLE t=99.8s rss=1794MB hwm=2180MB
RSS_SAMPLE t=100.1s rss=1923MB hwm=2180MB
RSS_SAMPLE t=100.3s rss=1766MB hwm=2180MB
RSS_SAMPLE t=100.6s rss=1733MB hwm=2180MB
RSS_SAMPLE t=100.8s rss=1832MB hwm=2180MB
RSS_SAMPLE t=101.1s rss=1897MB hwm=2180MB
RSS_SAMPLE t=101.3s rss=1846MB hwm=2180MB
RSS_SAMPLE t=101.6s rss=1775MB hwm=2180MB
RSS_SAMPLE t=101.8s rss=1701MB hwm=2180MB
RSS_SAMPLE t=102.1s rss=1836MB hwm=2180MB
RSS_SAMPLE t=102.3s rss=1814MB hwm=2180MB
RSS_SAMPLE t=102.6s rss=1745MB hwm=2180MB
RSS_SAMPLE t=102.8s rss=1823MB hwm=2180MB
RSS_SAMPLE t=103.1s rss=1854MB hwm=2180MB
RSS_SAMPLE t=103.3s rss=1814MB hwm=2180MB
RSS_SAMPLE t=103.6s rss=1902MB hwm=2180MB
RSS_SAMPLE t=103.9s rss=1834MB hwm=2180MB
RSS_SAMPLE t=104.1s rss=1757MB hwm=2180MB
RSS_SAMPLE t=104.4s rss=1792MB hwm=2180MB
RSS_SAMPLE t=104.6s rss=1820MB hwm=2180MB
RSS_SAMPLE t=104.9s rss=1791MB hwm=2180MB
RSS_SAMPLE t=105.1s rss=1765MB hwm=2180MB
RSS_SAMPLE t=105.4s rss=1768MB hwm=2180MB
RSS_SAMPLE t=105.6s rss=1823MB hwm=2180MB
RSS_SAMPLE t=105.9s rss=1702MB hwm=2180MB
RSS_SAMPLE t=106.1s rss=1685MB hwm=2180MB
RSS_SAMPLE t=106.4s rss=1843MB hwm=2180MB
RSS_SAMPLE t=106.6s rss=1845MB hwm=2180MB
RSS_SAMPLE t=106.9s rss=1831MB hwm=2180MB
RSS_SAMPLE t=107.1s rss=1940MB hwm=2180MB
RSS_SAMPLE t=107.4s rss=1788MB hwm=2180MB
RSS_SAMPLE t=107.6s rss=1824MB hwm=2180MB
RSS_SAMPLE t=107.9s rss=1830MB hwm=2180MB
RSS_SAMPLE t=108.1s rss=1853MB hwm=2180MB
RSS_SAMPLE t=108.4s rss=1865MB hwm=2180MB
RSS_SAMPLE t=108.6s rss=1827MB hwm=2180MB
RSS_SAMPLE t=108.9s rss=1843MB hwm=2180MB
RSS_SAMPLE t=109.1s rss=1849MB hwm=2180MB
RSS_SAMPLE t=109.4s rss=1766MB hwm=2180MB
RSS_SAMPLE t=109.6s rss=1689MB hwm=2180MB
RSS_SAMPLE t=109.9s rss=1841MB hwm=2180MB
RSS_SAMPLE t=110.1s rss=1801MB hwm=2180MB
RSS_SAMPLE t=110.4s rss=1797MB hwm=2180MB
RSS_SAMPLE t=110.6s rss=1741MB hwm=2180MB
RSS_SAMPLE t=110.9s rss=1851MB hwm=2180MB
RSS_SAMPLE t=111.1s rss=1790MB hwm=2180MB
RSS_SAMPLE t=111.4s rss=1648MB hwm=2180MB
RSS_SAMPLE t=111.6s rss=1714MB hwm=2180MB
RSS_SAMPLE t=111.9s rss=1774MB hwm=2180MB
RSS_SAMPLE t=112.1s rss=1805MB hwm=2180MB
RSS_SAMPLE t=112.4s rss=1676MB hwm=2180MB
RSS_SAMPLE t=112.6s rss=1793MB hwm=2180MB
RSS_SAMPLE t=112.9s rss=1683MB hwm=2180MB
RSS_SAMPLE t=113.1s rss=1699MB hwm=2180MB
RSS_SAMPLE t=113.4s rss=1670MB hwm=2180MB
RSS_SAMPLE t=113.6s rss=1773MB hwm=2180MB
RSS_SAMPLE t=113.9s rss=1643MB hwm=2180MB
RSS_SAMPLE t=114.1s rss=1720MB hwm=2180MB
RSS_SAMPLE t=114.4s rss=1862MB hwm=2180MB
RSS_SAMPLE t=114.6s rss=1741MB hwm=2180MB
RSS_SAMPLE t=114.9s rss=1755MB hwm=2180MB
RSS_SAMPLE t=115.1s rss=1761MB hwm=2180MB
RSS_SAMPLE t=115.4s rss=1655MB hwm=2180MB
RSS_SAMPLE t=115.6s rss=1721MB hwm=2180MB
RSS_SAMPLE t=115.9s rss=1643MB hwm=2180MB
RSS_SAMPLE t=116.1s rss=1631MB hwm=2180MB
RSS_SAMPLE t=116.4s rss=1729MB hwm=2180MB
RSS_SAMPLE t=116.6s rss=1745MB hwm=2180MB
RSS_SAMPLE t=116.9s rss=1725MB hwm=2180MB
RSS_SAMPLE t=117.1s rss=1847MB hwm=2180MB
RSS_SAMPLE t=117.4s rss=1864MB hwm=2180MB
RSS_SAMPLE t=117.6s rss=1866MB hwm=2180MB
RSS_SAMPLE t=117.9s rss=1874MB hwm=2180MB
RSS_SAMPLE t=118.1s rss=1956MB hwm=2180MB
RSS_SAMPLE t=118.4s rss=1844MB hwm=2180MB
RSS_SAMPLE t=118.6s rss=1881MB hwm=2180MB
RSS_SAMPLE t=118.9s rss=1756MB hwm=2180MB
RSS_SAMPLE t=119.1s rss=1750MB hwm=2180MB
RSS_SAMPLE t=119.4s rss=1806MB hwm=2180MB
RSS_SAMPLE t=119.6s rss=1701MB hwm=2180MB
RSS_SAMPLE t=119.9s rss=1835MB hwm=2180MB
RSS_SAMPLE t=120.1s rss=1758MB hwm=2180MB
RSS_SAMPLE t=120.4s rss=1769MB hwm=2180MB
RSS_SAMPLE t=120.6s rss=1781MB hwm=2180MB
RSS_SAMPLE t=120.9s rss=1741MB hwm=2180MB
RSS_SAMPLE t=121.1s rss=1737MB hwm=2180MB
RSS_SAMPLE t=121.4s rss=1831MB hwm=2180MB
RSS_SAMPLE t=121.6s rss=1838MB hwm=2180MB
RSS_SAMPLE t=121.9s rss=1855MB hwm=2180MB
RSS_SAMPLE t=122.1s rss=1682MB hwm=2180MB
RSS_SAMPLE t=122.4s rss=1650MB hwm=2180MB
RSS_SAMPLE t=122.6s rss=1748MB hwm=2180MB
RSS_SAMPLE t=122.9s rss=1767MB hwm=2180MB
RSS_SAMPLE t=123.1s rss=1930MB hwm=2180MB
RSS_SAMPLE t=123.4s rss=1712MB hwm=2180MB
RSS_SAMPLE t=123.6s rss=1788MB hwm=2180MB
RSS_SAMPLE t=123.9s rss=1779MB hwm=2180MB
RSS_SAMPLE t=124.1s rss=1880MB hwm=2180MB
RSS_SAMPLE t=124.4s rss=1938MB hwm=2180MB
RSS_SAMPLE t=124.6s rss=1961MB hwm=2180MB
RSS_SAMPLE t=124.9s rss=1955MB hwm=2180MB
RSS_SAMPLE t=125.1s rss=1833MB hwm=2180MB
RSS_SAMPLE t=125.4s rss=1805MB hwm=2180MB
RSS_SAMPLE t=125.6s rss=1934MB hwm=2180MB
RSS_SAMPLE t=125.9s rss=1973MB hwm=2180MB
Routability (global): 105117 nets (1 skipped) in 123224.4ms, 0 infeasible, 12473 inconclusive
cells: placed=105119 unplaced=0
RSS_SAMPLE t=126.1s rss=1471MB hwm=2180MB
HeAP place: 1.4s
Post-placement: HPWL=4533609, line=6430025
HeAP get_net_metric: 4533609 over 105220 nets
HEAP_RESULT place_secs=1.4 total_hpwl=4533609 line=6430025 get_net_metric=4533609 nets=105220
