chipdb: /home/kelvin/side-project/eisenjoch/chip_database/xc7_large.bin
design: /home/kelvin/side-project/eisenjoch/benchmark/ispd/generated/2016/FPGA01/FPGA01.json
RSS_SAMPLE t=0.0s rss=3MB hwm=3MB
RSS_SAMPLE t=0.3s rss=418MB hwm=418MB
RSS_SAMPLE t=0.5s rss=709MB hwm=709MB
RSS_SAMPLE t=0.8s rss=823MB hwm=823MB
RSS_SAMPLE t=1.0s rss=818MB hwm=823MB
RSS_SAMPLE t=1.3s rss=819MB hwm=823MB
RSS_SAMPLE t=1.5s rss=820MB hwm=823MB
cfg: max_outer_iters=11 blend_alpha=0.5 hardening_step=0 graph_model=TwoLevelPip
  topological compress: density=0.60 target_tiles=15971 final_tiles=15777 scale=1.851 center=(205.1,111.0)
  topological init: n_movable=76660, n_edges=229053, max_layer=26775, back_edges=54022, n_anchored=0
  ALG_T prepare_discrete: 0.2s
  ALG_T collect_movable: 0.2s
  ALG_T pre_network: 0.2s
  BUILD_T tile_type_by_node: 0.0s
  BUILD_T coarse_aggregate: 0.0s
  Skipped truly-null coarse cells: 0 (of 69353 total); pruned pipes: src_null=0 dst_null=0
  Pipe capacity by span:
  Thin span-1 pipes (cap<=2): 0 total, by tile-type pair (top 20):
  Pipe cost: span^0.50 model (r1=1), span-1=1.000, span-12=3.464, 2×span-6=4.899, 12×span-1=12.000
  BUILD_T pipe_loop: 0.0s
  BUILD_T grids_and_adjacency: 0.0s
  BUILD_T tile_templates: 0.0s
  ALG_T network: 0.18s
RSS_SAMPLE t=1.8s rss=822MB hwm=823MB
  topological compress: density=0.60 target_tiles=15971 final_tiles=15777 scale=1.851 center=(205.1,111.0)
  topological init: n_movable=76660, n_edges=229053, max_layer=26775, back_edges=54022, n_anchored=0
  type DFF: 302 valid columns, 1077536 total BELs
  type LUT6: 302 valid columns, 538768 total BELs
TypeAwarePlacement: 2 cell types
Coordinate descent mode: 76660 cells, scale 1.00
CellValidityMask: 76660 cells, 311x223 grid, 2 bucket masks, per-cell valid positions: min=67346 avg=67346.0 max=67346, unmapped cells=0
MuxSlotTracker: 76660 cells (76660 with external fanout), 67346 tiles, total_cap=1077536, active_buckets=[DFF,LUT6], built in 65.6ms
MuxSlotTracker[post-seed]: populated_cells=27114, overflow_tiles=518, at_cap_tiles=50, peak_excess=41, capacity_hist={16:67346}
DCD placer: 76660 cells, 69353 nodes, outer_iters=11, dcd_iters_per_cell=8, graph_model=TwoLevelPip
MEM_STATIC: pipes=0MB nodes=1MB adjacency=0MB pipe_cost_vecs=0MB validity_mask=0MB n_pipes=0 n_edges=0 rss=934MB
Softmin position update: enabled, theta 0.250 -> 5.000 (anneal over 11 iters)
  ALG_T dcd_setup_done: 0.08s (pre-loop)
RSS_SAMPLE t=2.0s rss=957MB hwm=957MB
RSS_SAMPLE t=2.3s rss=957MB hwm=957MB
RSS_SAMPLE t=2.5s rss=957MB hwm=957MB
RSS_SAMPLE t=2.8s rss=957MB hwm=957MB
RSS_SAMPLE t=3.0s rss=957MB hwm=957MB
RSS_SAMPLE t=3.3s rss=957MB hwm=957MB
RSS_SAMPLE t=3.5s rss=957MB hwm=957MB
    analytic_phase[outer=0]: solve skipped, k=0.33
    SwitchMatrix: type_usage_pairs=0 lookups=0 hits=0 dijkstra_calls=0 avg_us=0.0 total_ms=0.0
PHASE_MARK outer=0 enter=pre_solve rss=957MB
    rss_probe[outer=0]: pre_refresh_rss=957MB post_pre_solve_rss=981MB cache_entries=0 cache_cap=0 cache_est_mb=5
    pre_solve_diag[outer=0]: solves=0 fallback=0 (0.0%) cap_armed=0 (0.0%) settle_avg=0 settle_max=0 init_count=254
  Cell placement by tile type (iter 0, 76660 cells):
    NULL: 31596
    CLB: 27114
    IOB_W: 15019
    CLK_BUFG: 2320
    BRAM: 351
    DSP: 182
    IOB_E: 78
    Overflow: over=0 (0.0% of used) avg_excess=0.00 max_excess=0.00 (nc=0.00 cap=0 span=0)  excess_buckets: <=1=0 1-5=0 5-20=0 >20=0  by_cap: cap1=0 cap2=0 cap3-5=0 cap>5=0  by_span: s1=0 s2-3=0 s4-6=0 s7-12=0 s>12=0  le1_cross: cap1=0 cap2-5=0 cap>5=0
    Congestion: pipes=0 used=0 congested(>50%)=0 saturated(>90%)=0 max_util=0.00 avg_util=0.0000
PHASE_MARK outer=0 enter=dcd_sweep rss=981MB
PHASE_MARK outer=0 leave=dcd_sweep rss=982MB
PHASE_MARK outer=0 enter=post_refresh rss=982MB
MEM_POOL: workspaces=29 dense_usage_mb=0 n_pipes=0
    post_solve_diag[outer=0]: solves=0 cap_armed=0 (0.0%) settle_avg=0 above_sink_avg=0 (0.0%) settle_max=0
    load_support[outer=0]: settle_avg=0 load_nz_avg=0 (0.0%) load_material_avg=0 (0.0%)
    prune_ceiling[outer=0]: settle_avg=0 heuristic_prunable_avg=0 (0.0%) vs oracle_zero_load=0.0%
    settle_hist[outer=0]: <100: 0nets/0.0%work  <1k: 0nets/0.0%work  <5k: 0nets/0.0%work  <20k: 0nets/0.0%work  <60k: 0nets/0.0%work  >=60k: 0nets/0.0%work
    fanout_hist[outer=0]: fan1: 0nets/0.0%work  fan2-4: 0nets/0.0%work  fan5-16: 0nets/0.0%work  fan17-64: 0nets/0.0%work  fan65-256: 0nets/0.0%work  fan>256: 0nets/0.0%work
    rss_probe[outer=0]: pre_post_solve=994MB post_post_solve=994MB after_apply=994MB
MuxSlotTracker[sweep 0 LEAK]: populated_cells=45657, overflow_tiles=120, at_cap_tiles=278, peak_excess=14, capacity_hist={16:67346}
    E_decomp: base=0.0 eff=0.0 cong=0.0 cong_share=0.0% sat_pipes=0 max_util=0.00  R_buckets: 1-2x=0 2-10x=0 10-100x=0 >=100x=0
    E_potential: beckmann=0.0 history_total=-0.0
    SpanCache: epoch=1 entries=0 lookups=0 hits=0 misses=0 hit_rate=0.0%
  DCD   0: nets=105117 line=14019398 energy=0.000 dE=+0.000 friction=0.0 bins=3.1x(538) excess=233.4 moved=37138 disp=inf solves=0 skip=0 pops=0 theta=0.250 refresh=18ms dcd=18ms total=1787ms
    cache_stats: entries=0 capacity=0 est_mb=5 rss_mb=996
    analytic_phase[outer=1]: solve skipped, k=0.33
    SwitchMatrix: type_usage_pairs=0 lookups=0 hits=0 dijkstra_calls=0 avg_us=0.0 total_ms=0.0
PHASE_MARK outer=1 enter=pre_solve rss=996MB
    rss_probe[outer=1]: pre_refresh_rss=996MB post_pre_solve_rss=996MB cache_entries=0 cache_cap=0 cache_est_mb=5
    pre_solve_diag[outer=1]: solves=0 fallback=0 (0.0%) cap_armed=0 (0.0%) settle_avg=0 settle_max=0 init_count=251
    Overflow: over=0 (0.0% of used) avg_excess=0.00 max_excess=0.00 (nc=0.00 cap=0 span=0)  excess_buckets: <=1=0 1-5=0 5-20=0 >20=0  by_cap: cap1=0 cap2=0 cap3-5=0 cap>5=0  by_span: s1=0 s2-3=0 s4-6=0 s7-12=0 s>12=0  le1_cross: cap1=0 cap2-5=0 cap>5=0
    Congestion: pipes=0 used=0 congested(>50%)=0 saturated(>90%)=0 max_util=0.00 avg_util=0.0000
PHASE_MARK outer=1 enter=dcd_sweep rss=996MB
PHASE_MARK outer=1 leave=dcd_sweep rss=996MB
PHASE_MARK outer=1 enter=post_refresh rss=996MB
RSS_SAMPLE t=3.8s rss=998MB hwm=998MB
MEM_POOL: workspaces=29 dense_usage_mb=0 n_pipes=0
    post_solve_diag[outer=1]: solves=0 cap_armed=0 (0.0%) settle_avg=0 above_sink_avg=0 (0.0%) settle_max=0
    load_support[outer=1]: settle_avg=0 load_nz_avg=0 (0.0%) load_material_avg=0 (0.0%)
    prune_ceiling[outer=1]: settle_avg=0 heuristic_prunable_avg=0 (0.0%) vs oracle_zero_load=0.0%
    settle_hist[outer=1]: <100: 0nets/0.0%work  <1k: 0nets/0.0%work  <5k: 0nets/0.0%work  <20k: 0nets/0.0%work  <60k: 0nets/0.0%work  >=60k: 0nets/0.0%work
    fanout_hist[outer=1]: fan1: 0nets/0.0%work  fan2-4: 0nets/0.0%work  fan5-16: 0nets/0.0%work  fan17-64: 0nets/0.0%work  fan65-256: 0nets/0.0%work  fan>256: 0nets/0.0%work
    rss_probe[outer=1]: pre_post_solve=998MB post_post_solve=998MB after_apply=998MB
MuxSlotTracker[sweep 1 LEAK]: populated_cells=54819, overflow_tiles=13, at_cap_tiles=224, peak_excess=8, capacity_hist={16:67346}
    E_decomp: base=0.0 eff=0.0 cong=0.0 cong_share=0.0% sat_pipes=0 max_util=0.00  R_buckets: 1-2x=0 2-10x=0 10-100x=0 >=100x=0
    E_potential: beckmann=0.0 history_total=-0.0
    SpanCache: epoch=2 entries=0 lookups=0 hits=0 misses=0 hit_rate=0.0%
  DCD   1: nets=105117 line=11712649 energy=0.000 dE=+0.000 friction=0.0 bins=2.2x(365) excess=112.8 moved=45952 disp=22.589 solves=0 skip=105117 pops=0 theta=0.337 refresh=14ms dcd=19ms total=70ms
    cache_stats: entries=0 capacity=0 est_mb=5 rss_mb=999
    analytic_phase[outer=2]: solve skipped, k=0.33
    SwitchMatrix: type_usage_pairs=0 lookups=0 hits=0 dijkstra_calls=0 avg_us=0.0 total_ms=0.0
PHASE_MARK outer=2 enter=pre_solve rss=999MB
    rss_probe[outer=2]: pre_refresh_rss=999MB post_pre_solve_rss=999MB cache_entries=0 cache_cap=0 cache_est_mb=5
    pre_solve_diag[outer=2]: solves=0 fallback=0 (0.0%) cap_armed=0 (0.0%) settle_avg=0 settle_max=0 init_count=245
    Overflow: over=0 (0.0% of used) avg_excess=0.00 max_excess=0.00 (nc=0.00 cap=0 span=0)  excess_buckets: <=1=0 1-5=0 5-20=0 >20=0  by_cap: cap1=0 cap2=0 cap3-5=0 cap>5=0  by_span: s1=0 s2-3=0 s4-6=0 s7-12=0 s>12=0  le1_cross: cap1=0 cap2-5=0 cap>5=0
    Congestion: pipes=0 used=0 congested(>50%)=0 saturated(>90%)=0 max_util=0.00 avg_util=0.0000
PHASE_MARK outer=2 enter=dcd_sweep rss=999MB
PHASE_MARK outer=2 leave=dcd_sweep rss=999MB
PHASE_MARK outer=2 enter=post_refresh rss=999MB
MEM_POOL: workspaces=29 dense_usage_mb=0 n_pipes=0
    post_solve_diag[outer=2]: solves=0 cap_armed=0 (0.0%) settle_avg=0 above_sink_avg=0 (0.0%) settle_max=0
    load_support[outer=2]: settle_avg=0 load_nz_avg=0 (0.0%) load_material_avg=0 (0.0%)
    prune_ceiling[outer=2]: settle_avg=0 heuristic_prunable_avg=0 (0.0%) vs oracle_zero_load=0.0%
    settle_hist[outer=2]: <100: 0nets/0.0%work  <1k: 0nets/0.0%work  <5k: 0nets/0.0%work  <20k: 0nets/0.0%work  <60k: 0nets/0.0%work  >=60k: 0nets/0.0%work
    fanout_hist[outer=2]: fan1: 0nets/0.0%work  fan2-4: 0nets/0.0%work  fan5-16: 0nets/0.0%work  fan17-64: 0nets/0.0%work  fan65-256: 0nets/0.0%work  fan>256: 0nets/0.0%work
    rss_probe[outer=2]: pre_post_solve=1000MB post_post_solve=1000MB after_apply=1000MB
MuxSlotTracker[sweep 2 LEAK]: populated_cells=59760, overflow_tiles=3, at_cap_tiles=185, peak_excess=5, capacity_hist={16:67346}
    E_decomp: base=0.0 eff=0.0 cong=0.0 cong_share=0.0% sat_pipes=0 max_util=0.00  R_buckets: 1-2x=0 2-10x=0 10-100x=0 >=100x=0
    E_potential: beckmann=0.0 history_total=-0.0
    SpanCache: epoch=3 entries=0 lookups=0 hits=0 misses=0 hit_rate=0.0%
  DCD   2: nets=105117 line=10248216 energy=0.000 dE=+0.000 friction=0.0 bins=2.0x(271) excess=83.8 moved=50696 disp=14.565 solves=0 skip=105117 pops=0 theta=0.455 refresh=14ms dcd=19ms total=69ms
    cache_stats: entries=0 capacity=0 est_mb=5 rss_mb=1000
    analytic_phase[outer=3]: solve skipped, k=0.33
    SwitchMatrix: type_usage_pairs=0 lookups=0 hits=0 dijkstra_calls=0 avg_us=0.0 total_ms=0.0
PHASE_MARK outer=3 enter=pre_solve rss=1000MB
    rss_probe[outer=3]: pre_refresh_rss=1000MB post_pre_solve_rss=1000MB cache_entries=0 cache_cap=0 cache_est_mb=5
    pre_solve_diag[outer=3]: solves=0 fallback=0 (0.0%) cap_armed=0 (0.0%) settle_avg=0 settle_max=0 init_count=245
    Overflow: over=0 (0.0% of used) avg_excess=0.00 max_excess=0.00 (nc=0.00 cap=0 span=0)  excess_buckets: <=1=0 1-5=0 5-20=0 >20=0  by_cap: cap1=0 cap2=0 cap3-5=0 cap>5=0  by_span: s1=0 s2-3=0 s4-6=0 s7-12=0 s>12=0  le1_cross: cap1=0 cap2-5=0 cap>5=0
    Congestion: pipes=0 used=0 congested(>50%)=0 saturated(>90%)=0 max_util=0.00 avg_util=0.0000
PHASE_MARK outer=3 enter=dcd_sweep rss=1000MB
PHASE_MARK outer=3 leave=dcd_sweep rss=1000MB
PHASE_MARK outer=3 enter=post_refresh rss=1000MB
MEM_POOL: workspaces=29 dense_usage_mb=0 n_pipes=0
    post_solve_diag[outer=3]: solves=0 cap_armed=0 (0.0%) settle_avg=0 above_sink_avg=0 (0.0%) settle_max=0
    load_support[outer=3]: settle_avg=0 load_nz_avg=0 (0.0%) load_material_avg=0 (0.0%)
    prune_ceiling[outer=3]: settle_avg=0 heuristic_prunable_avg=0 (0.0%) vs oracle_zero_load=0.0%
    settle_hist[outer=3]: <100: 0nets/0.0%work  <1k: 0nets/0.0%work  <5k: 0nets/0.0%work  <20k: 0nets/0.0%work  <60k: 0nets/0.0%work  >=60k: 0nets/0.0%work
    fanout_hist[outer=3]: fan1: 0nets/0.0%work  fan2-4: 0nets/0.0%work  fan5-16: 0nets/0.0%work  fan17-64: 0nets/0.0%work  fan65-256: 0nets/0.0%work  fan>256: 0nets/0.0%work
    rss_probe[outer=3]: pre_post_solve=1001MB post_post_solve=1001MB after_apply=1001MB
MuxSlotTracker[sweep 3 LEAK]: populated_cells=62783, overflow_tiles=2, at_cap_tiles=154, peak_excess=2, capacity_hist={16:67346}
    E_decomp: base=0.0 eff=0.0 cong=0.0 cong_share=0.0% sat_pipes=0 max_util=0.00  R_buckets: 1-2x=0 2-10x=0 10-100x=0 >=100x=0
    E_potential: beckmann=0.0 history_total=-0.0
    SpanCache: epoch=4 entries=0 lookups=0 hits=0 misses=0 hit_rate=0.0%
  DCD   3: nets=105117 line=9223858 energy=0.000 dE=+0.000 friction=0.0 bins=2.0x(215) excess=64.8 moved=52480 disp=10.387 solves=0 skip=105117 pops=0 theta=0.614 refresh=14ms dcd=19ms total=69ms
    cache_stats: entries=0 capacity=0 est_mb=5 rss_mb=1002
    analytic_phase[outer=4]: solve skipped, k=0.33
    SwitchMatrix: type_usage_pairs=0 lookups=0 hits=0 dijkstra_calls=0 avg_us=0.0 total_ms=0.0
PHASE_MARK outer=4 enter=pre_solve rss=1002MB
    rss_probe[outer=4]: pre_refresh_rss=1002MB post_pre_solve_rss=1002MB cache_entries=0 cache_cap=0 cache_est_mb=5
    pre_solve_diag[outer=4]: solves=0 fallback=0 (0.0%) cap_armed=0 (0.0%) settle_avg=0 settle_max=0 init_count=245
    Overflow: over=0 (0.0% of used) avg_excess=0.00 max_excess=0.00 (nc=0.00 cap=0 span=0)  excess_buckets: <=1=0 1-5=0 5-20=0 >20=0  by_cap: cap1=0 cap2=0 cap3-5=0 cap>5=0  by_span: s1=0 s2-3=0 s4-6=0 s7-12=0 s>12=0  le1_cross: cap1=0 cap2-5=0 cap>5=0
    Congestion: pipes=0 used=0 congested(>50%)=0 saturated(>90%)=0 max_util=0.00 avg_util=0.0000
PHASE_MARK outer=4 enter=dcd_sweep rss=1002MB
PHASE_MARK outer=4 leave=dcd_sweep rss=1002MB
PHASE_MARK outer=4 enter=post_refresh rss=1002MB
MEM_POOL: workspaces=29 dense_usage_mb=0 n_pipes=0
    post_solve_diag[outer=4]: solves=0 cap_armed=0 (0.0%) settle_avg=0 above_sink_avg=0 (0.0%) settle_max=0
    load_support[outer=4]: settle_avg=0 load_nz_avg=0 (0.0%) load_material_avg=0 (0.0%)
    prune_ceiling[outer=4]: settle_avg=0 heuristic_prunable_avg=0 (0.0%) vs oracle_zero_load=0.0%
    settle_hist[outer=4]: <100: 0nets/0.0%work  <1k: 0nets/0.0%work  <5k: 0nets/0.0%work  <20k: 0nets/0.0%work  <60k: 0nets/0.0%work  >=60k: 0nets/0.0%work
    fanout_hist[outer=4]: fan1: 0nets/0.0%work  fan2-4: 0nets/0.0%work  fan5-16: 0nets/0.0%work  fan17-64: 0nets/0.0%work  fan65-256: 0nets/0.0%work  fan>256: 0nets/0.0%work
    rss_probe[outer=4]: pre_post_solve=1002MB post_post_solve=1002MB after_apply=1002MB
RSS_SAMPLE t=4.0s rss=1002MB hwm=1002MB
MuxSlotTracker[sweep 4 LEAK]: populated_cells=64855, overflow_tiles=1, at_cap_tiles=140, peak_excess=2, capacity_hist={16:67346}
    E_decomp: base=0.0 eff=0.0 cong=0.0 cong_share=0.0% sat_pipes=0 max_util=0.00  R_buckets: 1-2x=0 2-10x=0 10-100x=0 >=100x=0
    E_potential: beckmann=0.0 history_total=-0.0
    SpanCache: epoch=5 entries=0 lookups=0 hits=0 misses=0 hit_rate=0.0%
  DCD   4: nets=105117 line=8481223 energy=0.000 dE=+0.000 friction=0.0 bins=2.0x(209) excess=69.4 moved=52644 disp=7.805 solves=0 skip=105117 pops=0 theta=0.829 refresh=14ms dcd=19ms total=68ms
    cache_stats: entries=0 capacity=0 est_mb=5 rss_mb=1002
    analytic_phase[outer=5]: solve skipped, k=0.33
    SwitchMatrix: type_usage_pairs=0 lookups=0 hits=0 dijkstra_calls=0 avg_us=0.0 total_ms=0.0
PHASE_MARK outer=5 enter=pre_solve rss=1002MB
    rss_probe[outer=5]: pre_refresh_rss=1002MB post_pre_solve_rss=1002MB cache_entries=0 cache_cap=0 cache_est_mb=5
    pre_solve_diag[outer=5]: solves=0 fallback=0 (0.0%) cap_armed=0 (0.0%) settle_avg=0 settle_max=0 init_count=248
    Overflow: over=0 (0.0% of used) avg_excess=0.00 max_excess=0.00 (nc=0.00 cap=0 span=0)  excess_buckets: <=1=0 1-5=0 5-20=0 >20=0  by_cap: cap1=0 cap2=0 cap3-5=0 cap>5=0  by_span: s1=0 s2-3=0 s4-6=0 s7-12=0 s>12=0  le1_cross: cap1=0 cap2-5=0 cap>5=0
    Congestion: pipes=0 used=0 congested(>50%)=0 saturated(>90%)=0 max_util=0.00 avg_util=0.0000
PHASE_MARK outer=5 enter=dcd_sweep rss=1002MB
PHASE_MARK outer=5 leave=dcd_sweep rss=1002MB
PHASE_MARK outer=5 enter=post_refresh rss=1002MB
MEM_POOL: workspaces=29 dense_usage_mb=0 n_pipes=0
    post_solve_diag[outer=5]: solves=0 cap_armed=0 (0.0%) settle_avg=0 above_sink_avg=0 (0.0%) settle_max=0
    load_support[outer=5]: settle_avg=0 load_nz_avg=0 (0.0%) load_material_avg=0 (0.0%)
    prune_ceiling[outer=5]: settle_avg=0 heuristic_prunable_avg=0 (0.0%) vs oracle_zero_load=0.0%
    settle_hist[outer=5]: <100: 0nets/0.0%work  <1k: 0nets/0.0%work  <5k: 0nets/0.0%work  <20k: 0nets/0.0%work  <60k: 0nets/0.0%work  >=60k: 0nets/0.0%work
    fanout_hist[outer=5]: fan1: 0nets/0.0%work  fan2-4: 0nets/0.0%work  fan5-16: 0nets/0.0%work  fan17-64: 0nets/0.0%work  fan65-256: 0nets/0.0%work  fan>256: 0nets/0.0%work
    rss_probe[outer=5]: pre_post_solve=1003MB post_post_solve=1003MB after_apply=1003MB
MuxSlotTracker[sweep 5 LEAK]: populated_cells=66364, overflow_tiles=1, at_cap_tiles=124, peak_excess=2, capacity_hist={16:67346}
    E_decomp: base=0.0 eff=0.0 cong=0.0 cong_share=0.0% sat_pipes=0 max_util=0.00  R_buckets: 1-2x=0 2-10x=0 10-100x=0 >=100x=0
    E_potential: beckmann=0.0 history_total=-0.0
    SpanCache: epoch=6 entries=0 lookups=0 hits=0 misses=0 hit_rate=0.0%
  DCD   5: nets=105117 line=7902749 energy=0.000 dE=+0.000 friction=0.0 bins=2.0x(213) excess=67.3 moved=51844 disp=6.070 solves=0 skip=105117 pops=0 theta=1.118 refresh=13ms dcd=19ms total=66ms
    cache_stats: entries=0 capacity=0 est_mb=5 rss_mb=1003
    analytic_phase[outer=6]: solve skipped, k=0.33
    SwitchMatrix: type_usage_pairs=0 lookups=0 hits=0 dijkstra_calls=0 avg_us=0.0 total_ms=0.0
PHASE_MARK outer=6 enter=pre_solve rss=1003MB
    rss_probe[outer=6]: pre_refresh_rss=1003MB post_pre_solve_rss=1003MB cache_entries=0 cache_cap=0 cache_est_mb=5
    pre_solve_diag[outer=6]: solves=0 fallback=0 (0.0%) cap_armed=0 (0.0%) settle_avg=0 settle_max=0 init_count=251
    Overflow: over=0 (0.0% of used) avg_excess=0.00 max_excess=0.00 (nc=0.00 cap=0 span=0)  excess_buckets: <=1=0 1-5=0 5-20=0 >20=0  by_cap: cap1=0 cap2=0 cap3-5=0 cap>5=0  by_span: s1=0 s2-3=0 s4-6=0 s7-12=0 s>12=0  le1_cross: cap1=0 cap2-5=0 cap>5=0
    Congestion: pipes=0 used=0 congested(>50%)=0 saturated(>90%)=0 max_util=0.00 avg_util=0.0000
PHASE_MARK outer=6 enter=dcd_sweep rss=1003MB
PHASE_MARK outer=6 leave=dcd_sweep rss=1003MB
PHASE_MARK outer=6 enter=post_refresh rss=1003MB
MEM_POOL: workspaces=29 dense_usage_mb=0 n_pipes=0
    post_solve_diag[outer=6]: solves=0 cap_armed=0 (0.0%) settle_avg=0 above_sink_avg=0 (0.0%) settle_max=0
    load_support[outer=6]: settle_avg=0 load_nz_avg=0 (0.0%) load_material_avg=0 (0.0%)
    prune_ceiling[outer=6]: settle_avg=0 heuristic_prunable_avg=0 (0.0%) vs oracle_zero_load=0.0%
    settle_hist[outer=6]: <100: 0nets/0.0%work  <1k: 0nets/0.0%work  <5k: 0nets/0.0%work  <20k: 0nets/0.0%work  <60k: 0nets/0.0%work  >=60k: 0nets/0.0%work
    fanout_hist[outer=6]: fan1: 0nets/0.0%work  fan2-4: 0nets/0.0%work  fan5-16: 0nets/0.0%work  fan17-64: 0nets/0.0%work  fan65-256: 0nets/0.0%work  fan>256: 0nets/0.0%work
    rss_probe[outer=6]: pre_post_solve=1003MB post_post_solve=1003MB after_apply=1003MB
MuxSlotTracker[sweep 6 LEAK]: populated_cells=67515, overflow_tiles=1, at_cap_tiles=125, peak_excess=1, capacity_hist={16:67346}
    E_decomp: base=0.0 eff=0.0 cong=0.0 cong_share=0.0% sat_pipes=0 max_util=0.00  R_buckets: 1-2x=0 2-10x=0 10-100x=0 >=100x=0
    E_potential: beckmann=0.0 history_total=-0.0
    SpanCache: epoch=7 entries=0 lookups=0 hits=0 misses=0 hit_rate=0.0%
  DCD   6: nets=105117 line=7432695 energy=0.000 dE=+0.000 friction=0.0 bins=2.0x(216) excess=68.0 moved=50248 disp=4.834 solves=0 skip=105117 pops=0 theta=1.509 refresh=14ms dcd=20ms total=68ms
    cache_stats: entries=0 capacity=0 est_mb=5 rss_mb=1003
    analytic_phase[outer=7]: solve skipped, k=0.33
    SwitchMatrix: type_usage_pairs=0 lookups=0 hits=0 dijkstra_calls=0 avg_us=0.0 total_ms=0.0
PHASE_MARK outer=7 enter=pre_solve rss=1003MB
    rss_probe[outer=7]: pre_refresh_rss=1003MB post_pre_solve_rss=1003MB cache_entries=0 cache_cap=0 cache_est_mb=5
    pre_solve_diag[outer=7]: solves=0 fallback=0 (0.0%) cap_armed=0 (0.0%) settle_avg=0 settle_max=0 init_count=239
    Overflow: over=0 (0.0% of used) avg_excess=0.00 max_excess=0.00 (nc=0.00 cap=0 span=0)  excess_buckets: <=1=0 1-5=0 5-20=0 >20=0  by_cap: cap1=0 cap2=0 cap3-5=0 cap>5=0  by_span: s1=0 s2-3=0 s4-6=0 s7-12=0 s>12=0  le1_cross: cap1=0 cap2-5=0 cap>5=0
    Congestion: pipes=0 used=0 congested(>50%)=0 saturated(>90%)=0 max_util=0.00 avg_util=0.0000
PHASE_MARK outer=7 enter=dcd_sweep rss=1003MB
PHASE_MARK outer=7 leave=dcd_sweep rss=1003MB
PHASE_MARK outer=7 enter=post_refresh rss=1003MB
MEM_POOL: workspaces=29 dense_usage_mb=0 n_pipes=0
    post_solve_diag[outer=7]: solves=0 cap_armed=0 (0.0%) settle_avg=0 above_sink_avg=0 (0.0%) settle_max=0
    load_support[outer=7]: settle_avg=0 load_nz_avg=0 (0.0%) load_material_avg=0 (0.0%)
    prune_ceiling[outer=7]: settle_avg=0 heuristic_prunable_avg=0 (0.0%) vs oracle_zero_load=0.0%
    settle_hist[outer=7]: <100: 0nets/0.0%work  <1k: 0nets/0.0%work  <5k: 0nets/0.0%work  <20k: 0nets/0.0%work  <60k: 0nets/0.0%work  >=60k: 0nets/0.0%work
    fanout_hist[outer=7]: fan1: 0nets/0.0%work  fan2-4: 0nets/0.0%work  fan5-16: 0nets/0.0%work  fan17-64: 0nets/0.0%work  fan65-256: 0nets/0.0%work  fan>256: 0nets/0.0%work
    rss_probe[outer=7]: pre_post_solve=1003MB post_post_solve=1003MB after_apply=1003MB
    E_decomp: base=0.0 eff=0.0 cong=0.0 cong_share=0.0% sat_pipes=0 max_util=0.00  R_buckets: 1-2x=0 2-10x=0 10-100x=0 >=100x=0
    E_potential: beckmann=0.0 history_total=-0.0
    SpanCache: epoch=8 entries=0 lookups=0 hits=0 misses=0 hit_rate=0.0%
  DCD   7: nets=105117 line=7050474 energy=0.000 dE=+0.000 friction=0.0 bins=1.9x(259) excess=80.5 moved=48140 disp=3.985 solves=0 skip=105117 pops=0 theta=2.035 refresh=14ms dcd=18ms total=66ms
    cache_stats: entries=0 capacity=0 est_mb=5 rss_mb=1003
RSS_SAMPLE t=4.3s rss=1003MB hwm=1003MB
    analytic_phase[outer=8]: solve skipped, k=0.33
    SwitchMatrix: type_usage_pairs=0 lookups=0 hits=0 dijkstra_calls=0 avg_us=0.0 total_ms=0.0
PHASE_MARK outer=8 enter=pre_solve rss=1003MB
    rss_probe[outer=8]: pre_refresh_rss=1003MB post_pre_solve_rss=1003MB cache_entries=0 cache_cap=0 cache_est_mb=5
    pre_solve_diag[outer=8]: solves=0 fallback=0 (0.0%) cap_armed=0 (0.0%) settle_avg=0 settle_max=0 init_count=251
    Overflow: over=0 (0.0% of used) avg_excess=0.00 max_excess=0.00 (nc=0.00 cap=0 span=0)  excess_buckets: <=1=0 1-5=0 5-20=0 >20=0  by_cap: cap1=0 cap2=0 cap3-5=0 cap>5=0  by_span: s1=0 s2-3=0 s4-6=0 s7-12=0 s>12=0  le1_cross: cap1=0 cap2-5=0 cap>5=0
    Congestion: pipes=0 used=0 congested(>50%)=0 saturated(>90%)=0 max_util=0.00 avg_util=0.0000
PHASE_MARK outer=8 enter=dcd_sweep rss=1003MB
PHASE_MARK outer=8 leave=dcd_sweep rss=1003MB
PHASE_MARK outer=8 enter=post_refresh rss=1003MB
MEM_POOL: workspaces=29 dense_usage_mb=0 n_pipes=0
    post_solve_diag[outer=8]: solves=0 cap_armed=0 (0.0%) settle_avg=0 above_sink_avg=0 (0.0%) settle_max=0
    load_support[outer=8]: settle_avg=0 load_nz_avg=0 (0.0%) load_material_avg=0 (0.0%)
    prune_ceiling[outer=8]: settle_avg=0 heuristic_prunable_avg=0 (0.0%) vs oracle_zero_load=0.0%
    settle_hist[outer=8]: <100: 0nets/0.0%work  <1k: 0nets/0.0%work  <5k: 0nets/0.0%work  <20k: 0nets/0.0%work  <60k: 0nets/0.0%work  >=60k: 0nets/0.0%work
    fanout_hist[outer=8]: fan1: 0nets/0.0%work  fan2-4: 0nets/0.0%work  fan5-16: 0nets/0.0%work  fan17-64: 0nets/0.0%work  fan65-256: 0nets/0.0%work  fan>256: 0nets/0.0%work
    rss_probe[outer=8]: pre_post_solve=1003MB post_post_solve=1003MB after_apply=1003MB
    E_decomp: base=0.0 eff=0.0 cong=0.0 cong_share=0.0% sat_pipes=0 max_util=0.00  R_buckets: 1-2x=0 2-10x=0 10-100x=0 >=100x=0
    E_potential: beckmann=0.0 history_total=-0.0
    SpanCache: epoch=9 entries=0 lookups=0 hits=0 misses=0 hit_rate=0.0%
  DCD   8: nets=105117 line=6750482 energy=0.000 dE=+0.000 friction=0.0 bins=1.9x(275) excess=86.9 moved=45901 disp=3.277 solves=0 skip=105117 pops=0 theta=2.746 refresh=14ms dcd=18ms total=65ms
    cache_stats: entries=0 capacity=0 est_mb=5 rss_mb=1003
    analytic_phase[outer=9]: solve skipped, k=0.33
    SwitchMatrix: type_usage_pairs=0 lookups=0 hits=0 dijkstra_calls=0 avg_us=0.0 total_ms=0.0
PHASE_MARK outer=9 enter=pre_solve rss=1003MB
    rss_probe[outer=9]: pre_refresh_rss=1003MB post_pre_solve_rss=1003MB cache_entries=0 cache_cap=0 cache_est_mb=5
    pre_solve_diag[outer=9]: solves=0 fallback=0 (0.0%) cap_armed=0 (0.0%) settle_avg=0 settle_max=0 init_count=245
    Overflow: over=0 (0.0% of used) avg_excess=0.00 max_excess=0.00 (nc=0.00 cap=0 span=0)  excess_buckets: <=1=0 1-5=0 5-20=0 >20=0  by_cap: cap1=0 cap2=0 cap3-5=0 cap>5=0  by_span: s1=0 s2-3=0 s4-6=0 s7-12=0 s>12=0  le1_cross: cap1=0 cap2-5=0 cap>5=0
    Congestion: pipes=0 used=0 congested(>50%)=0 saturated(>90%)=0 max_util=0.00 avg_util=0.0000
PHASE_MARK outer=9 enter=dcd_sweep rss=1003MB
PHASE_MARK outer=9 leave=dcd_sweep rss=1003MB
PHASE_MARK outer=9 enter=post_refresh rss=1003MB
MEM_POOL: workspaces=29 dense_usage_mb=0 n_pipes=0
    post_solve_diag[outer=9]: solves=0 cap_armed=0 (0.0%) settle_avg=0 above_sink_avg=0 (0.0%) settle_max=0
    load_support[outer=9]: settle_avg=0 load_nz_avg=0 (0.0%) load_material_avg=0 (0.0%)
    prune_ceiling[outer=9]: settle_avg=0 heuristic_prunable_avg=0 (0.0%) vs oracle_zero_load=0.0%
    settle_hist[outer=9]: <100: 0nets/0.0%work  <1k: 0nets/0.0%work  <5k: 0nets/0.0%work  <20k: 0nets/0.0%work  <60k: 0nets/0.0%work  >=60k: 0nets/0.0%work
    fanout_hist[outer=9]: fan1: 0nets/0.0%work  fan2-4: 0nets/0.0%work  fan5-16: 0nets/0.0%work  fan17-64: 0nets/0.0%work  fan65-256: 0nets/0.0%work  fan>256: 0nets/0.0%work
    rss_probe[outer=9]: pre_post_solve=1004MB post_post_solve=1004MB after_apply=1004MB
    E_decomp: base=0.0 eff=0.0 cong=0.0 cong_share=0.0% sat_pipes=0 max_util=0.00  R_buckets: 1-2x=0 2-10x=0 10-100x=0 >=100x=0
    E_potential: beckmann=0.0 history_total=-0.0
    SpanCache: epoch=10 entries=0 lookups=0 hits=0 misses=0 hit_rate=0.0%
  DCD   9: nets=105117 line=6502550 energy=0.000 dE=+0.000 friction=0.0 bins=2.0x(300) excess=97.7 moved=43332 disp=2.727 solves=0 skip=105117 pops=0 theta=3.706 refresh=13ms dcd=18ms total=63ms
    cache_stats: entries=0 capacity=0 est_mb=5 rss_mb=1004
    analytic_phase[outer=10]: solve skipped, k=0.33
    SwitchMatrix: type_usage_pairs=0 lookups=0 hits=0 dijkstra_calls=0 avg_us=0.0 total_ms=0.0
PHASE_MARK outer=10 enter=pre_solve rss=1004MB
    rss_probe[outer=10]: pre_refresh_rss=1004MB post_pre_solve_rss=1004MB cache_entries=0 cache_cap=0 cache_est_mb=5
    pre_solve_diag[outer=10]: solves=0 fallback=0 (0.0%) cap_armed=0 (0.0%) settle_avg=0 settle_max=0 init_count=248
    Overflow: over=0 (0.0% of used) avg_excess=0.00 max_excess=0.00 (nc=0.00 cap=0 span=0)  excess_buckets: <=1=0 1-5=0 5-20=0 >20=0  by_cap: cap1=0 cap2=0 cap3-5=0 cap>5=0  by_span: s1=0 s2-3=0 s4-6=0 s7-12=0 s>12=0  le1_cross: cap1=0 cap2-5=0 cap>5=0
    Congestion: pipes=0 used=0 congested(>50%)=0 saturated(>90%)=0 max_util=0.00 avg_util=0.0000
PHASE_MARK outer=10 enter=dcd_sweep rss=1004MB
PHASE_MARK outer=10 leave=dcd_sweep rss=1004MB
PHASE_MARK outer=10 enter=post_refresh rss=1004MB
MEM_POOL: workspaces=29 dense_usage_mb=0 n_pipes=0
    post_solve_diag[outer=10]: solves=0 cap_armed=0 (0.0%) settle_avg=0 above_sink_avg=0 (0.0%) settle_max=0
    load_support[outer=10]: settle_avg=0 load_nz_avg=0 (0.0%) load_material_avg=0 (0.0%)
    prune_ceiling[outer=10]: settle_avg=0 heuristic_prunable_avg=0 (0.0%) vs oracle_zero_load=0.0%
    settle_hist[outer=10]: <100: 0nets/0.0%work  <1k: 0nets/0.0%work  <5k: 0nets/0.0%work  <20k: 0nets/0.0%work  <60k: 0nets/0.0%work  >=60k: 0nets/0.0%work
    fanout_hist[outer=10]: fan1: 0nets/0.0%work  fan2-4: 0nets/0.0%work  fan5-16: 0nets/0.0%work  fan17-64: 0nets/0.0%work  fan65-256: 0nets/0.0%work  fan>256: 0nets/0.0%work
    rss_probe[outer=10]: pre_post_solve=1004MB post_post_solve=1004MB after_apply=1004MB
    E_decomp: base=0.0 eff=0.0 cong=0.0 cong_share=0.0% sat_pipes=0 max_util=0.00  R_buckets: 1-2x=0 2-10x=0 10-100x=0 >=100x=0
    E_potential: beckmann=0.0 history_total=-0.0
    SpanCache: epoch=11 entries=0 lookups=0 hits=0 misses=0 hit_rate=0.0%
  DCD  10: nets=105117 line=6288431 energy=0.000 dE=+0.000 friction=0.0 bins=2.0x(320) excess=96.9 moved=40618 disp=2.334 solves=0 skip=105117 pops=0 theta=5.000 refresh=15ms dcd=18ms total=66ms
    cache_stats: entries=0 capacity=0 est_mb=5 rss_mb=1004
DCD done: energy=0.000 line=6288431 friction=0.0 bins=2.0x(320) excess=96.9
MuxSlotTracker: 150813 commit rejections over entire DCD
MuxSlotTracker[post-DCD]: populated_cells=70524, overflow_tiles=0, at_cap_tiles=180, peak_excess=0, capacity_hist={16:67346}
  ALG_T dcd_done: 2.97s
RSS_SAMPLE t=4.5s rss=1004MB hwm=1004MB
Pre-legalization: HPWL=4541694
  type DFF: 302 valid columns, 1077536 total BELs
  type LUT6: 302 valid columns, 538768 total BELs
TypeAwarePlacement: 2 cell types
RSS_SAMPLE t=4.8s rss=1004MB hwm=1004MB
RSS_SAMPLE t=5.0s rss=1004MB hwm=1004MB
  SortedLegalizer: cluster_rejects=331676 shared_mux_rejects=1492190 arch_validity_rejects=0
  ALG_T legalize_done: 3.64s
RSS_SAMPLE t=5.3s rss=1161MB hwm=1161MB
RSS_SAMPLE t=5.5s rss=1548MB hwm=1548MB
RSS_SAMPLE t=5.8s rss=1782MB hwm=1782MB
RSS_SAMPLE t=6.0s rss=1937MB hwm=1937MB
RSS_SAMPLE t=6.3s rss=1825MB hwm=1937MB
RSS_SAMPLE t=6.5s rss=1741MB hwm=1953MB
RSS_SAMPLE t=6.8s rss=1902MB hwm=1953MB
RSS_SAMPLE t=7.0s rss=1742MB hwm=1953MB
RSS_SAMPLE t=7.3s rss=1857MB hwm=1963MB
RSS_SAMPLE t=7.5s rss=1846MB hwm=1963MB
RSS_SAMPLE t=7.8s rss=1852MB hwm=1993MB
RSS_SAMPLE t=8.0s rss=1903MB hwm=1993MB
RSS_SAMPLE t=8.3s rss=2046MB hwm=2070MB
RSS_SAMPLE t=8.5s rss=2087MB hwm=2135MB
RSS_SAMPLE t=8.8s rss=1854MB hwm=2135MB
RSS_SAMPLE t=9.0s rss=2069MB hwm=2135MB
RSS_SAMPLE t=9.3s rss=2025MB hwm=2135MB
RSS_SAMPLE t=9.5s rss=1908MB hwm=2135MB
RSS_SAMPLE t=9.8s rss=1984MB hwm=2135MB
RSS_SAMPLE t=10.0s rss=1832MB hwm=2151MB
RSS_SAMPLE t=10.3s rss=1833MB hwm=2151MB
RSS_SAMPLE t=10.5s rss=1872MB hwm=2151MB
RSS_SAMPLE t=10.8s rss=1943MB hwm=2151MB
RSS_SAMPLE t=11.0s rss=1769MB hwm=2151MB
RSS_SAMPLE t=11.3s rss=1902MB hwm=2151MB
RSS_SAMPLE t=11.5s rss=1795MB hwm=2151MB
RSS_SAMPLE t=11.8s rss=1935MB hwm=2151MB
RSS_SAMPLE t=12.0s rss=1875MB hwm=2151MB
RSS_SAMPLE t=12.3s rss=2052MB hwm=2151MB
RSS_SAMPLE t=12.5s rss=1848MB hwm=2174MB
RSS_SAMPLE t=12.8s rss=1747MB hwm=2174MB
RSS_SAMPLE t=13.0s rss=1747MB hwm=2174MB
RSS_SAMPLE t=13.3s rss=1980MB hwm=2174MB
RSS_SAMPLE t=13.5s rss=1891MB hwm=2174MB
RSS_SAMPLE t=13.8s rss=2125MB hwm=2174MB
RSS_SAMPLE t=14.0s rss=2003MB hwm=2174MB
RSS_SAMPLE t=14.3s rss=1940MB hwm=2174MB
RSS_SAMPLE t=14.5s rss=2081MB hwm=2174MB
RSS_SAMPLE t=14.8s rss=1864MB hwm=2174MB
RSS_SAMPLE t=15.0s rss=1904MB hwm=2174MB
RSS_SAMPLE t=15.3s rss=1988MB hwm=2174MB
RSS_SAMPLE t=15.5s rss=2054MB hwm=2174MB
RSS_SAMPLE t=15.8s rss=2127MB hwm=2191MB
RSS_SAMPLE t=16.0s rss=2045MB hwm=2241MB
RSS_SAMPLE t=16.3s rss=1871MB hwm=2241MB
RSS_SAMPLE t=16.5s rss=1719MB hwm=2241MB
RSS_SAMPLE t=16.8s rss=1733MB hwm=2241MB
RSS_SAMPLE t=17.0s rss=1778MB hwm=2241MB
RSS_SAMPLE t=17.3s rss=1878MB hwm=2241MB
RSS_SAMPLE t=17.5s rss=1821MB hwm=2241MB
RSS_SAMPLE t=17.8s rss=1878MB hwm=2241MB
RSS_SAMPLE t=18.0s rss=2133MB hwm=2241MB
RSS_SAMPLE t=18.3s rss=1889MB hwm=2241MB
RSS_SAMPLE t=18.5s rss=1743MB hwm=2241MB
RSS_SAMPLE t=18.8s rss=1822MB hwm=2241MB
RSS_SAMPLE t=19.0s rss=1789MB hwm=2241MB
RSS_SAMPLE t=19.3s rss=1853MB hwm=2241MB
RSS_SAMPLE t=19.5s rss=1792MB hwm=2241MB
RSS_SAMPLE t=19.8s rss=1866MB hwm=2241MB
RSS_SAMPLE t=20.0s rss=1819MB hwm=2241MB
RSS_SAMPLE t=20.3s rss=1899MB hwm=2241MB
RSS_SAMPLE t=20.5s rss=2002MB hwm=2241MB
RSS_SAMPLE t=20.8s rss=1989MB hwm=2241MB
RSS_SAMPLE t=21.0s rss=1936MB hwm=2241MB
RSS_SAMPLE t=21.3s rss=1784MB hwm=2241MB
RSS_SAMPLE t=21.5s rss=1903MB hwm=2241MB
RSS_SAMPLE t=21.8s rss=1720MB hwm=2241MB
RSS_SAMPLE t=22.0s rss=1799MB hwm=2241MB
RSS_SAMPLE t=22.3s rss=1728MB hwm=2241MB
RSS_SAMPLE t=22.5s rss=1827MB hwm=2241MB
RSS_SAMPLE t=22.8s rss=1883MB hwm=2241MB
RSS_SAMPLE t=23.0s rss=1803MB hwm=2241MB
RSS_SAMPLE t=23.3s rss=1925MB hwm=2241MB
RSS_SAMPLE t=23.5s rss=1748MB hwm=2241MB
RSS_SAMPLE t=23.8s rss=1848MB hwm=2241MB
RSS_SAMPLE t=24.0s rss=1919MB hwm=2241MB
RSS_SAMPLE t=24.3s rss=1796MB hwm=2241MB
RSS_SAMPLE t=24.5s rss=1768MB hwm=2241MB
RSS_SAMPLE t=24.8s rss=1898MB hwm=2241MB
RSS_SAMPLE t=25.0s rss=1895MB hwm=2241MB
RSS_SAMPLE t=25.3s rss=2125MB hwm=2241MB
RSS_SAMPLE t=25.5s rss=2113MB hwm=2241MB
RSS_SAMPLE t=25.8s rss=1755MB hwm=2241MB
RSS_SAMPLE t=26.0s rss=1845MB hwm=2241MB
RSS_SAMPLE t=26.3s rss=1912MB hwm=2241MB
RSS_SAMPLE t=26.5s rss=1658MB hwm=2241MB
RSS_SAMPLE t=26.8s rss=1786MB hwm=2241MB
RSS_SAMPLE t=27.0s rss=1923MB hwm=2241MB
RSS_SAMPLE t=27.3s rss=1845MB hwm=2241MB
RSS_SAMPLE t=27.5s rss=1744MB hwm=2241MB
RSS_SAMPLE t=27.8s rss=1826MB hwm=2241MB
RSS_SAMPLE t=28.0s rss=1823MB hwm=2241MB
RSS_SAMPLE t=28.3s rss=1985MB hwm=2241MB
RSS_SAMPLE t=28.5s rss=1901MB hwm=2241MB
RSS_SAMPLE t=28.8s rss=1935MB hwm=2241MB
RSS_SAMPLE t=29.0s rss=1874MB hwm=2241MB
RSS_SAMPLE t=29.3s rss=1792MB hwm=2241MB
RSS_SAMPLE t=29.5s rss=1891MB hwm=2241MB
RSS_SAMPLE t=29.8s rss=1884MB hwm=2241MB
RSS_SAMPLE t=30.0s rss=1892MB hwm=2241MB
RSS_SAMPLE t=30.3s rss=2000MB hwm=2241MB
RSS_SAMPLE t=30.5s rss=1902MB hwm=2241MB
RSS_SAMPLE t=30.8s rss=1990MB hwm=2241MB
RSS_SAMPLE t=31.0s rss=1882MB hwm=2241MB
RSS_SAMPLE t=31.3s rss=1866MB hwm=2241MB
RSS_SAMPLE t=31.5s rss=1871MB hwm=2241MB
RSS_SAMPLE t=31.8s rss=2021MB hwm=2241MB
RSS_SAMPLE t=32.0s rss=1989MB hwm=2241MB
RSS_SAMPLE t=32.3s rss=1882MB hwm=2241MB
RSS_SAMPLE t=32.5s rss=2029MB hwm=2241MB
RSS_SAMPLE t=32.8s rss=1989MB hwm=2241MB
RSS_SAMPLE t=33.0s rss=2178MB hwm=2241MB
RSS_SAMPLE t=33.3s rss=2094MB hwm=2241MB
RSS_SAMPLE t=33.5s rss=1999MB hwm=2241MB
RSS_SAMPLE t=33.8s rss=2004MB hwm=2241MB
RSS_SAMPLE t=34.0s rss=1948MB hwm=2241MB
RSS_SAMPLE t=34.3s rss=1754MB hwm=2241MB
RSS_SAMPLE t=34.5s rss=1861MB hwm=2241MB
RSS_SAMPLE t=34.8s rss=2045MB hwm=2241MB
RSS_SAMPLE t=35.0s rss=1805MB hwm=2241MB
RSS_SAMPLE t=35.3s rss=1884MB hwm=2241MB
RSS_SAMPLE t=35.5s rss=1955MB hwm=2241MB
RSS_SAMPLE t=35.8s rss=1814MB hwm=2241MB
RSS_SAMPLE t=36.0s rss=1816MB hwm=2241MB
RSS_SAMPLE t=36.3s rss=1864MB hwm=2241MB
RSS_SAMPLE t=36.5s rss=1827MB hwm=2241MB
RSS_SAMPLE t=36.8s rss=1921MB hwm=2241MB
RSS_SAMPLE t=37.0s rss=1891MB hwm=2241MB
RSS_SAMPLE t=37.3s rss=1722MB hwm=2241MB
RSS_SAMPLE t=37.5s rss=1826MB hwm=2241MB
RSS_SAMPLE t=37.8s rss=1831MB hwm=2241MB
RSS_SAMPLE t=38.0s rss=1754MB hwm=2241MB
RSS_SAMPLE t=38.3s rss=1878MB hwm=2241MB
RSS_SAMPLE t=38.5s rss=1866MB hwm=2241MB
RSS_SAMPLE t=38.8s rss=1850MB hwm=2241MB
RSS_SAMPLE t=39.0s rss=1969MB hwm=2241MB
RSS_SAMPLE t=39.3s rss=1992MB hwm=2241MB
RSS_SAMPLE t=39.5s rss=1979MB hwm=2241MB
RSS_SAMPLE t=39.8s rss=1846MB hwm=2241MB
RSS_SAMPLE t=40.0s rss=1941MB hwm=2241MB
RSS_SAMPLE t=40.3s rss=1960MB hwm=2241MB
RSS_SAMPLE t=40.5s rss=1867MB hwm=2241MB
RSS_SAMPLE t=40.8s rss=1737MB hwm=2241MB
RSS_SAMPLE t=41.0s rss=1851MB hwm=2241MB
RSS_SAMPLE t=41.3s rss=1898MB hwm=2241MB
RSS_SAMPLE t=41.5s rss=1808MB hwm=2241MB
RSS_SAMPLE t=41.8s rss=1822MB hwm=2241MB
RSS_SAMPLE t=42.0s rss=1956MB hwm=2241MB
RSS_SAMPLE t=42.3s rss=1942MB hwm=2241MB
RSS_SAMPLE t=42.5s rss=1977MB hwm=2241MB
RSS_SAMPLE t=42.8s rss=1849MB hwm=2241MB
RSS_SAMPLE t=43.0s rss=1692MB hwm=2241MB
RSS_SAMPLE t=43.3s rss=1800MB hwm=2241MB
RSS_SAMPLE t=43.5s rss=1824MB hwm=2241MB
RSS_SAMPLE t=43.8s rss=1832MB hwm=2241MB
RSS_SAMPLE t=44.0s rss=1807MB hwm=2241MB
RSS_SAMPLE t=44.3s rss=1838MB hwm=2241MB
RSS_SAMPLE t=44.5s rss=1911MB hwm=2241MB
RSS_SAMPLE t=44.8s rss=1709MB hwm=2241MB
RSS_SAMPLE t=45.0s rss=1777MB hwm=2241MB
RSS_SAMPLE t=45.3s rss=1896MB hwm=2241MB
RSS_SAMPLE t=45.5s rss=1910MB hwm=2241MB
RSS_SAMPLE t=45.8s rss=2011MB hwm=2241MB
RSS_SAMPLE t=46.0s rss=1888MB hwm=2241MB
RSS_SAMPLE t=46.3s rss=1923MB hwm=2241MB
RSS_SAMPLE t=46.5s rss=1854MB hwm=2241MB
RSS_SAMPLE t=46.8s rss=1928MB hwm=2241MB
RSS_SAMPLE t=47.0s rss=1788MB hwm=2241MB
RSS_SAMPLE t=47.3s rss=1866MB hwm=2241MB
RSS_SAMPLE t=47.5s rss=1804MB hwm=2241MB
RSS_SAMPLE t=47.8s rss=1662MB hwm=2241MB
RSS_SAMPLE t=48.0s rss=1694MB hwm=2241MB
RSS_SAMPLE t=48.3s rss=1760MB hwm=2241MB
RSS_SAMPLE t=48.5s rss=1776MB hwm=2241MB
RSS_SAMPLE t=48.8s rss=1714MB hwm=2241MB
RSS_SAMPLE t=49.0s rss=1872MB hwm=2241MB
RSS_SAMPLE t=49.3s rss=2019MB hwm=2241MB
RSS_SAMPLE t=49.5s rss=1775MB hwm=2241MB
RSS_SAMPLE t=49.8s rss=1823MB hwm=2241MB
RSS_SAMPLE t=50.0s rss=1935MB hwm=2241MB
RSS_SAMPLE t=50.3s rss=1983MB hwm=2241MB
RSS_SAMPLE t=50.5s rss=1932MB hwm=2241MB
RSS_SAMPLE t=50.8s rss=1804MB hwm=2241MB
RSS_SAMPLE t=51.1s rss=1851MB hwm=2241MB
RSS_SAMPLE t=51.3s rss=1808MB hwm=2241MB
RSS_SAMPLE t=51.6s rss=1993MB hwm=2241MB
RSS_SAMPLE t=51.8s rss=1931MB hwm=2241MB
RSS_SAMPLE t=52.1s rss=2027MB hwm=2241MB
RSS_SAMPLE t=52.3s rss=1965MB hwm=2241MB
RSS_SAMPLE t=52.6s rss=1912MB hwm=2241MB
RSS_SAMPLE t=52.8s rss=1817MB hwm=2241MB
RSS_SAMPLE t=53.1s rss=1802MB hwm=2241MB
RSS_SAMPLE t=53.3s rss=1942MB hwm=2241MB
RSS_SAMPLE t=53.6s rss=1924MB hwm=2241MB
RSS_SAMPLE t=53.8s rss=1838MB hwm=2241MB
RSS_SAMPLE t=54.1s rss=2002MB hwm=2241MB
RSS_SAMPLE t=54.3s rss=1971MB hwm=2241MB
RSS_SAMPLE t=54.6s rss=1728MB hwm=2241MB
RSS_SAMPLE t=54.8s rss=1872MB hwm=2241MB
RSS_SAMPLE t=55.1s rss=1894MB hwm=2241MB
RSS_SAMPLE t=55.3s rss=1849MB hwm=2241MB
RSS_SAMPLE t=55.6s rss=2016MB hwm=2241MB
RSS_SAMPLE t=55.8s rss=1829MB hwm=2241MB
RSS_SAMPLE t=56.1s rss=1905MB hwm=2241MB
RSS_SAMPLE t=56.3s rss=1760MB hwm=2241MB
RSS_SAMPLE t=56.6s rss=1838MB hwm=2241MB
RSS_SAMPLE t=56.8s rss=1870MB hwm=2241MB
RSS_SAMPLE t=57.1s rss=2175MB hwm=2241MB
RSS_SAMPLE t=57.3s rss=1844MB hwm=2241MB
RSS_SAMPLE t=57.6s rss=1867MB hwm=2241MB
RSS_SAMPLE t=57.8s rss=1948MB hwm=2241MB
RSS_SAMPLE t=58.1s rss=1946MB hwm=2241MB
RSS_SAMPLE t=58.3s rss=1911MB hwm=2241MB
RSS_SAMPLE t=58.6s rss=1952MB hwm=2241MB
RSS_SAMPLE t=58.8s rss=1933MB hwm=2241MB
RSS_SAMPLE t=59.1s rss=1952MB hwm=2241MB
RSS_SAMPLE t=59.3s rss=1908MB hwm=2241MB
RSS_SAMPLE t=59.6s rss=1970MB hwm=2241MB
RSS_SAMPLE t=59.8s rss=1956MB hwm=2241MB
RSS_SAMPLE t=60.1s rss=1847MB hwm=2241MB
RSS_SAMPLE t=60.3s rss=1838MB hwm=2241MB
RSS_SAMPLE t=60.6s rss=1921MB hwm=2241MB
RSS_SAMPLE t=60.8s rss=1850MB hwm=2241MB
RSS_SAMPLE t=61.1s rss=1985MB hwm=2241MB
RSS_SAMPLE t=61.3s rss=1796MB hwm=2241MB
RSS_SAMPLE t=61.6s rss=1677MB hwm=2241MB
RSS_SAMPLE t=61.8s rss=1735MB hwm=2241MB
RSS_SAMPLE t=62.1s rss=1836MB hwm=2241MB
RSS_SAMPLE t=62.3s rss=1944MB hwm=2241MB
RSS_SAMPLE t=62.6s rss=2076MB hwm=2241MB
RSS_SAMPLE t=62.8s rss=1939MB hwm=2241MB
RSS_SAMPLE t=63.1s rss=1965MB hwm=2241MB
RSS_SAMPLE t=63.3s rss=2111MB hwm=2241MB
RSS_SAMPLE t=63.6s rss=1772MB hwm=2241MB
RSS_SAMPLE t=63.8s rss=1928MB hwm=2241MB
RSS_SAMPLE t=64.1s rss=1913MB hwm=2241MB
RSS_SAMPLE t=64.3s rss=1867MB hwm=2241MB
RSS_SAMPLE t=64.6s rss=1866MB hwm=2241MB
RSS_SAMPLE t=64.8s rss=1999MB hwm=2241MB
RSS_SAMPLE t=65.1s rss=2098MB hwm=2241MB
RSS_SAMPLE t=65.3s rss=1926MB hwm=2241MB
RSS_SAMPLE t=65.6s rss=1960MB hwm=2241MB
RSS_SAMPLE t=65.8s rss=1963MB hwm=2241MB
RSS_SAMPLE t=66.1s rss=1972MB hwm=2241MB
RSS_SAMPLE t=66.3s rss=1774MB hwm=2241MB
RSS_SAMPLE t=66.6s rss=1828MB hwm=2241MB
RSS_SAMPLE t=66.8s rss=2005MB hwm=2241MB
RSS_SAMPLE t=67.1s rss=1867MB hwm=2241MB
RSS_SAMPLE t=67.3s rss=1763MB hwm=2241MB
RSS_SAMPLE t=67.6s rss=1766MB hwm=2241MB
RSS_SAMPLE t=67.8s rss=1889MB hwm=2241MB
RSS_SAMPLE t=68.1s rss=1860MB hwm=2241MB
RSS_SAMPLE t=68.3s rss=1983MB hwm=2241MB
RSS_SAMPLE t=68.6s rss=1897MB hwm=2241MB
RSS_SAMPLE t=68.8s rss=1779MB hwm=2241MB
RSS_SAMPLE t=69.1s rss=1782MB hwm=2241MB
RSS_SAMPLE t=69.3s rss=1828MB hwm=2241MB
RSS_SAMPLE t=69.6s rss=1741MB hwm=2241MB
RSS_SAMPLE t=69.8s rss=1942MB hwm=2241MB
RSS_SAMPLE t=70.1s rss=1940MB hwm=2241MB
RSS_SAMPLE t=70.3s rss=1887MB hwm=2241MB
RSS_SAMPLE t=70.6s rss=1839MB hwm=2241MB
RSS_SAMPLE t=70.8s rss=1803MB hwm=2241MB
RSS_SAMPLE t=71.1s rss=1832MB hwm=2241MB
RSS_SAMPLE t=71.3s rss=1865MB hwm=2241MB
RSS_SAMPLE t=71.6s rss=1808MB hwm=2241MB
RSS_SAMPLE t=71.8s rss=1730MB hwm=2241MB
RSS_SAMPLE t=72.1s rss=1784MB hwm=2241MB
RSS_SAMPLE t=72.3s rss=1808MB hwm=2241MB
RSS_SAMPLE t=72.6s rss=1903MB hwm=2241MB
RSS_SAMPLE t=72.8s rss=1830MB hwm=2241MB
RSS_SAMPLE t=73.1s rss=1756MB hwm=2241MB
RSS_SAMPLE t=73.3s rss=1798MB hwm=2241MB
RSS_SAMPLE t=73.6s rss=1786MB hwm=2241MB
RSS_SAMPLE t=73.8s rss=1765MB hwm=2241MB
RSS_SAMPLE t=74.1s rss=1860MB hwm=2241MB
RSS_SAMPLE t=74.3s rss=1898MB hwm=2241MB
RSS_SAMPLE t=74.6s rss=1793MB hwm=2241MB
RSS_SAMPLE t=74.8s rss=1852MB hwm=2241MB
RSS_SAMPLE t=75.1s rss=1768MB hwm=2241MB
RSS_SAMPLE t=75.3s rss=1876MB hwm=2241MB
RSS_SAMPLE t=75.6s rss=1791MB hwm=2241MB
RSS_SAMPLE t=75.8s rss=1707MB hwm=2241MB
RSS_SAMPLE t=76.1s rss=1601MB hwm=2241MB
RSS_SAMPLE t=76.3s rss=1704MB hwm=2241MB
RSS_SAMPLE t=76.6s rss=1826MB hwm=2241MB
RSS_SAMPLE t=76.8s rss=1901MB hwm=2241MB
RSS_SAMPLE t=77.1s rss=1829MB hwm=2241MB
RSS_SAMPLE t=77.3s rss=1728MB hwm=2241MB
RSS_SAMPLE t=77.6s rss=1774MB hwm=2241MB
RSS_SAMPLE t=77.8s rss=1747MB hwm=2241MB
RSS_SAMPLE t=78.1s rss=1708MB hwm=2241MB
RSS_SAMPLE t=78.3s rss=1942MB hwm=2241MB
RSS_SAMPLE t=78.6s rss=1752MB hwm=2241MB
RSS_SAMPLE t=78.8s rss=1769MB hwm=2241MB
RSS_SAMPLE t=79.1s rss=1748MB hwm=2241MB
RSS_SAMPLE t=79.3s rss=1800MB hwm=2241MB
RSS_SAMPLE t=79.6s rss=1863MB hwm=2241MB
RSS_SAMPLE t=79.8s rss=1952MB hwm=2241MB
RSS_SAMPLE t=80.1s rss=1872MB hwm=2241MB
RSS_SAMPLE t=80.3s rss=1759MB hwm=2241MB
RSS_SAMPLE t=80.6s rss=1803MB hwm=2241MB
RSS_SAMPLE t=80.8s rss=1858MB hwm=2241MB
RSS_SAMPLE t=81.1s rss=1827MB hwm=2241MB
RSS_SAMPLE t=81.3s rss=1911MB hwm=2241MB
RSS_SAMPLE t=81.6s rss=1892MB hwm=2241MB
RSS_SAMPLE t=81.8s rss=1931MB hwm=2241MB
RSS_SAMPLE t=82.1s rss=1891MB hwm=2241MB
RSS_SAMPLE t=82.3s rss=1913MB hwm=2241MB
RSS_SAMPLE t=82.6s rss=1828MB hwm=2241MB
RSS_SAMPLE t=82.8s rss=1953MB hwm=2241MB
RSS_SAMPLE t=83.1s rss=1883MB hwm=2241MB
RSS_SAMPLE t=83.3s rss=2040MB hwm=2241MB
RSS_SAMPLE t=83.6s rss=1892MB hwm=2241MB
RSS_SAMPLE t=83.8s rss=1811MB hwm=2241MB
RSS_SAMPLE t=84.1s rss=1785MB hwm=2241MB
RSS_SAMPLE t=84.3s rss=1900MB hwm=2241MB
RSS_SAMPLE t=84.6s rss=2093MB hwm=2241MB
RSS_SAMPLE t=84.8s rss=1823MB hwm=2241MB
RSS_SAMPLE t=85.1s rss=2012MB hwm=2241MB
RSS_SAMPLE t=85.3s rss=2041MB hwm=2241MB
RSS_SAMPLE t=85.6s rss=2092MB hwm=2241MB
RSS_SAMPLE t=85.8s rss=1986MB hwm=2241MB
RSS_SAMPLE t=86.1s rss=2148MB hwm=2241MB
RSS_SAMPLE t=86.3s rss=1959MB hwm=2241MB
RSS_SAMPLE t=86.6s rss=1912MB hwm=2241MB
RSS_SAMPLE t=86.8s rss=1820MB hwm=2241MB
RSS_SAMPLE t=87.1s rss=1792MB hwm=2241MB
RSS_SAMPLE t=87.3s rss=1809MB hwm=2241MB
RSS_SAMPLE t=87.6s rss=1891MB hwm=2241MB
RSS_SAMPLE t=87.8s rss=2025MB hwm=2241MB
RSS_SAMPLE t=88.1s rss=1802MB hwm=2241MB
RSS_SAMPLE t=88.3s rss=1921MB hwm=2241MB
RSS_SAMPLE t=88.6s rss=2058MB hwm=2241MB
RSS_SAMPLE t=88.8s rss=1952MB hwm=2241MB
RSS_SAMPLE t=89.1s rss=1893MB hwm=2241MB
RSS_SAMPLE t=89.3s rss=1923MB hwm=2241MB
RSS_SAMPLE t=89.6s rss=1986MB hwm=2241MB
RSS_SAMPLE t=89.8s rss=1857MB hwm=2241MB
RSS_SAMPLE t=90.1s rss=1981MB hwm=2241MB
RSS_SAMPLE t=90.3s rss=1849MB hwm=2241MB
RSS_SAMPLE t=90.6s rss=2000MB hwm=2241MB
RSS_SAMPLE t=90.8s rss=2006MB hwm=2241MB
RSS_SAMPLE t=91.1s rss=2004MB hwm=2241MB
RSS_SAMPLE t=91.3s rss=2043MB hwm=2241MB
RSS_SAMPLE t=91.6s rss=1950MB hwm=2241MB
RSS_SAMPLE t=91.8s rss=1732MB hwm=2241MB
RSS_SAMPLE t=92.1s rss=1716MB hwm=2241MB
RSS_SAMPLE t=92.3s rss=1870MB hwm=2241MB
RSS_SAMPLE t=92.6s rss=2000MB hwm=2241MB
RSS_SAMPLE t=92.8s rss=1814MB hwm=2241MB
RSS_SAMPLE t=93.1s rss=1892MB hwm=2241MB
RSS_SAMPLE t=93.3s rss=1953MB hwm=2241MB
RSS_SAMPLE t=93.6s rss=1753MB hwm=2241MB
RSS_SAMPLE t=93.8s rss=1955MB hwm=2241MB
RSS_SAMPLE t=94.1s rss=1769MB hwm=2241MB
RSS_SAMPLE t=94.3s rss=1780MB hwm=2241MB
RSS_SAMPLE t=94.6s rss=1909MB hwm=2241MB
RSS_SAMPLE t=94.8s rss=1929MB hwm=2241MB
RSS_SAMPLE t=95.1s rss=1770MB hwm=2241MB
RSS_SAMPLE t=95.4s rss=1742MB hwm=2241MB
RSS_SAMPLE t=95.6s rss=1694MB hwm=2241MB
RSS_SAMPLE t=95.9s rss=1794MB hwm=2241MB
RSS_SAMPLE t=96.1s rss=1904MB hwm=2241MB
RSS_SAMPLE t=96.4s rss=1895MB hwm=2241MB
RSS_SAMPLE t=96.6s rss=1951MB hwm=2241MB
RSS_SAMPLE t=96.9s rss=1818MB hwm=2241MB
RSS_SAMPLE t=97.1s rss=1742MB hwm=2241MB
RSS_SAMPLE t=97.4s rss=1761MB hwm=2241MB
RSS_SAMPLE t=97.6s rss=1721MB hwm=2241MB
RSS_SAMPLE t=97.9s rss=1744MB hwm=2241MB
RSS_SAMPLE t=98.1s rss=1888MB hwm=2241MB
RSS_SAMPLE t=98.4s rss=1949MB hwm=2241MB
RSS_SAMPLE t=98.6s rss=1906MB hwm=2241MB
RSS_SAMPLE t=98.9s rss=1832MB hwm=2241MB
RSS_SAMPLE t=99.1s rss=1807MB hwm=2241MB
RSS_SAMPLE t=99.4s rss=1900MB hwm=2241MB
RSS_SAMPLE t=99.6s rss=1805MB hwm=2241MB
RSS_SAMPLE t=99.9s rss=1883MB hwm=2241MB
RSS_SAMPLE t=100.1s rss=1874MB hwm=2241MB
RSS_SAMPLE t=100.4s rss=1815MB hwm=2241MB
RSS_SAMPLE t=100.6s rss=2059MB hwm=2241MB
RSS_SAMPLE t=100.9s rss=1783MB hwm=2241MB
RSS_SAMPLE t=101.1s rss=1994MB hwm=2241MB
RSS_SAMPLE t=101.4s rss=1914MB hwm=2241MB
RSS_SAMPLE t=101.6s rss=1684MB hwm=2241MB
RSS_SAMPLE t=101.9s rss=1770MB hwm=2241MB
RSS_SAMPLE t=102.1s rss=1826MB hwm=2241MB
RSS_SAMPLE t=102.4s rss=1824MB hwm=2241MB
RSS_SAMPLE t=102.6s rss=1777MB hwm=2241MB
RSS_SAMPLE t=102.9s rss=1937MB hwm=2241MB
RSS_SAMPLE t=103.1s rss=2086MB hwm=2241MB
RSS_SAMPLE t=103.4s rss=1933MB hwm=2241MB
RSS_SAMPLE t=103.6s rss=1883MB hwm=2241MB
RSS_SAMPLE t=103.9s rss=1985MB hwm=2241MB
RSS_SAMPLE t=104.1s rss=1918MB hwm=2241MB
RSS_SAMPLE t=104.4s rss=1892MB hwm=2241MB
RSS_SAMPLE t=104.6s rss=2018MB hwm=2241MB
RSS_SAMPLE t=104.9s rss=1883MB hwm=2241MB
RSS_SAMPLE t=105.1s rss=1883MB hwm=2241MB
RSS_SAMPLE t=105.4s rss=1921MB hwm=2241MB
RSS_SAMPLE t=105.6s rss=1969MB hwm=2241MB
RSS_SAMPLE t=105.9s rss=1682MB hwm=2241MB
RSS_SAMPLE t=106.1s rss=1918MB hwm=2241MB
RSS_SAMPLE t=106.4s rss=1708MB hwm=2241MB
RSS_SAMPLE t=106.6s rss=1742MB hwm=2241MB
RSS_SAMPLE t=106.9s rss=1791MB hwm=2241MB
RSS_SAMPLE t=107.1s rss=1801MB hwm=2241MB
RSS_SAMPLE t=107.4s rss=1730MB hwm=2241MB
RSS_SAMPLE t=107.6s rss=1620MB hwm=2241MB
Routability (global): 105117 nets (1 skipped) in 102578.0ms, 0 infeasible, 15411 inconclusive
RSS_SAMPLE t=107.9s rss=1606MB hwm=2241MB
RSS_SAMPLE t=108.1s rss=1643MB hwm=2241MB
RSS_SAMPLE t=108.4s rss=1645MB hwm=2241MB
RSS_SAMPLE t=108.6s rss=1657MB hwm=2241MB
RSS_SAMPLE t=108.9s rss=1660MB hwm=2241MB
RSS_SAMPLE t=109.1s rss=1676MB hwm=2241MB
RSS_SAMPLE t=109.4s rss=1694MB hwm=2241MB
RSS_SAMPLE t=109.6s rss=1694MB hwm=2241MB
RSS_SAMPLE t=109.9s rss=1694MB hwm=2241MB
RSS_SAMPLE t=110.1s rss=1701MB hwm=2241MB
RSS_SAMPLE t=110.4s rss=1725MB hwm=2241MB
RSS_SAMPLE t=110.6s rss=1725MB hwm=2241MB
RSS_SAMPLE t=110.9s rss=1733MB hwm=2241MB
RSS_SAMPLE t=111.1s rss=1745MB hwm=2241MB
RSS_SAMPLE t=111.4s rss=1754MB hwm=2241MB
RSS_SAMPLE t=111.6s rss=1754MB hwm=2241MB
RSS_SAMPLE t=111.9s rss=1757MB hwm=2241MB
RSS_SAMPLE t=112.1s rss=1757MB hwm=2241MB
RSS_SAMPLE t=112.4s rss=1773MB hwm=2241MB
RSS_SAMPLE t=112.6s rss=1776MB hwm=2241MB
RSS_SAMPLE t=112.9s rss=1776MB hwm=2241MB
RSS_SAMPLE t=113.1s rss=1783MB hwm=2241MB
RSS_SAMPLE t=113.4s rss=1783MB hwm=2241MB
RSS_SAMPLE t=113.6s rss=1783MB hwm=2241MB
RSS_SAMPLE t=113.9s rss=1783MB hwm=2241MB
RSS_SAMPLE t=114.1s rss=1792MB hwm=2241MB
RSS_SAMPLE t=114.4s rss=1795MB hwm=2241MB
RSS_SAMPLE t=114.6s rss=1795MB hwm=2241MB
RSS_SAMPLE t=114.9s rss=1795MB hwm=2241MB
RSS_SAMPLE t=115.1s rss=1795MB hwm=2241MB
RSS_SAMPLE t=115.4s rss=1795MB hwm=2241MB
RSS_SAMPLE t=115.6s rss=1795MB hwm=2241MB
RSS_SAMPLE t=115.9s rss=1795MB hwm=2241MB
RSS_SAMPLE t=116.1s rss=1795MB hwm=2241MB
RSS_SAMPLE t=116.4s rss=1795MB hwm=2241MB
RSS_SAMPLE t=116.6s rss=1795MB hwm=2241MB
RSS_SAMPLE t=116.9s rss=1795MB hwm=2241MB
RSS_SAMPLE t=117.1s rss=1796MB hwm=2241MB
RSS_SAMPLE t=117.4s rss=1806MB hwm=2241MB
RSS_SAMPLE t=117.6s rss=1806MB hwm=2241MB
RSS_SAMPLE t=117.9s rss=1806MB hwm=2241MB
RSS_SAMPLE t=118.1s rss=1806MB hwm=2241MB
RSS_SAMPLE t=118.4s rss=1806MB hwm=2241MB
RSS_SAMPLE t=118.6s rss=1806MB hwm=2241MB
RSS_SAMPLE t=118.9s rss=1806MB hwm=2241MB
RSS_SAMPLE t=119.1s rss=1815MB hwm=2241MB
RSS_SAMPLE t=119.4s rss=1815MB hwm=2241MB
RSS_SAMPLE t=119.6s rss=1815MB hwm=2241MB
RSS_SAMPLE t=119.9s rss=1815MB hwm=2241MB
RSS_SAMPLE t=120.1s rss=1817MB hwm=2241MB
RSS_SAMPLE t=120.4s rss=1817MB hwm=2241MB
RSS_SAMPLE t=120.6s rss=1817MB hwm=2241MB
RSS_SAMPLE t=120.9s rss=1817MB hwm=2241MB
RSS_SAMPLE t=121.1s rss=1817MB hwm=2241MB
RSS_SAMPLE t=121.4s rss=1817MB hwm=2241MB
RSS_SAMPLE t=121.6s rss=1817MB hwm=2241MB
RSS_SAMPLE t=121.9s rss=1817MB hwm=2241MB
RSS_SAMPLE t=122.1s rss=1817MB hwm=2241MB
RSS_SAMPLE t=122.4s rss=1829MB hwm=2241MB
RSS_SAMPLE t=122.6s rss=1829MB hwm=2241MB
RSS_SAMPLE t=122.9s rss=1829MB hwm=2241MB
RSS_SAMPLE t=123.1s rss=1830MB hwm=2241MB
RSS_SAMPLE t=123.4s rss=1830MB hwm=2241MB
RSS_SAMPLE t=123.6s rss=1830MB hwm=2241MB
RSS_SAMPLE t=123.9s rss=1832MB hwm=2241MB
RSS_SAMPLE t=124.1s rss=1832MB hwm=2241MB
RSS_SAMPLE t=124.4s rss=1833MB hwm=2241MB
RSS_SAMPLE t=124.6s rss=1835MB hwm=2241MB
RSS_SAMPLE t=124.9s rss=1835MB hwm=2241MB
RSS_SAMPLE t=125.1s rss=1838MB hwm=2241MB
RSS_SAMPLE t=125.4s rss=1838MB hwm=2241MB
RSS_SAMPLE t=125.6s rss=1838MB hwm=2241MB
RSS_SAMPLE t=125.9s rss=1838MB hwm=2241MB
RSS_SAMPLE t=126.1s rss=1838MB hwm=2241MB
RSS_SAMPLE t=126.4s rss=1838MB hwm=2241MB
RSS_SAMPLE t=126.6s rss=1838MB hwm=2241MB
RSS_SAMPLE t=126.9s rss=1838MB hwm=2241MB
RSS_SAMPLE t=127.1s rss=1839MB hwm=2241MB
RSS_SAMPLE t=127.4s rss=1839MB hwm=2241MB
RSS_SAMPLE t=127.6s rss=1839MB hwm=2241MB
RSS_SAMPLE t=127.9s rss=1839MB hwm=2241MB
RSS_SAMPLE t=128.1s rss=1839MB hwm=2241MB
RSS_SAMPLE t=128.4s rss=1839MB hwm=2241MB
RSS_SAMPLE t=128.6s rss=1840MB hwm=2241MB
RSS_SAMPLE t=128.9s rss=1840MB hwm=2241MB
RSS_SAMPLE t=129.1s rss=1840MB hwm=2241MB
RSS_SAMPLE t=129.4s rss=1840MB hwm=2241MB
RSS_SAMPLE t=129.6s rss=1840MB hwm=2241MB
RSS_SAMPLE t=129.9s rss=1840MB hwm=2241MB
RSS_SAMPLE t=130.1s rss=1840MB hwm=2241MB
RSS_SAMPLE t=130.4s rss=1840MB hwm=2241MB
RSS_SAMPLE t=130.6s rss=1840MB hwm=2241MB
RSS_SAMPLE t=130.9s rss=1840MB hwm=2241MB
RSS_SAMPLE t=131.1s rss=1840MB hwm=2241MB
RSS_SAMPLE t=131.4s rss=1840MB hwm=2241MB
RSS_SAMPLE t=131.6s rss=1840MB hwm=2241MB
RSS_SAMPLE t=131.9s rss=1840MB hwm=2241MB
RSS_SAMPLE t=132.1s rss=1840MB hwm=2241MB
RSS_SAMPLE t=132.4s rss=1840MB hwm=2241MB
RSS_SAMPLE t=132.6s rss=1841MB hwm=2241MB
RSS_SAMPLE t=132.9s rss=1841MB hwm=2241MB
RSS_SAMPLE t=133.1s rss=1841MB hwm=2241MB
RSS_SAMPLE t=133.4s rss=1846MB hwm=2241MB
RSS_SAMPLE t=133.6s rss=1846MB hwm=2241MB
RSS_SAMPLE t=133.9s rss=1846MB hwm=2241MB
RSS_SAMPLE t=134.1s rss=1846MB hwm=2241MB
RSS_SAMPLE t=134.4s rss=1846MB hwm=2241MB
RSS_SAMPLE t=134.6s rss=1846MB hwm=2241MB
RSS_SAMPLE t=134.9s rss=1846MB hwm=2241MB
RSS_SAMPLE t=135.1s rss=1846MB hwm=2241MB
RSS_SAMPLE t=135.4s rss=1846MB hwm=2241MB
RSS_SAMPLE t=135.6s rss=1846MB hwm=2241MB
RSS_SAMPLE t=135.9s rss=1858MB hwm=2241MB
RSS_SAMPLE t=136.1s rss=1858MB hwm=2241MB
RSS_SAMPLE t=136.4s rss=1858MB hwm=2241MB
RSS_SAMPLE t=136.6s rss=1859MB hwm=2241MB
RSS_SAMPLE t=136.9s rss=1859MB hwm=2241MB
RSS_SAMPLE t=137.1s rss=1859MB hwm=2241MB
RSS_SAMPLE t=137.4s rss=1859MB hwm=2241MB
RSS_SAMPLE t=137.6s rss=1860MB hwm=2241MB
RSS_SAMPLE t=137.9s rss=1860MB hwm=2241MB
RSS_SAMPLE t=138.1s rss=1860MB hwm=2241MB
RSS_SAMPLE t=138.4s rss=1860MB hwm=2241MB
RSS_SAMPLE t=138.6s rss=1860MB hwm=2241MB
RSS_SAMPLE t=138.9s rss=1860MB hwm=2241MB
RSS_SAMPLE t=139.2s rss=1860MB hwm=2241MB
RSS_SAMPLE t=139.4s rss=1860MB hwm=2241MB
RSS_SAMPLE t=139.7s rss=1860MB hwm=2241MB
RSS_SAMPLE t=139.9s rss=1860MB hwm=2241MB
RSS_SAMPLE t=140.2s rss=1860MB hwm=2241MB
RSS_SAMPLE t=140.4s rss=1860MB hwm=2241MB
RSS_SAMPLE t=140.7s rss=1860MB hwm=2241MB
RSS_SAMPLE t=140.9s rss=1860MB hwm=2241MB
RSS_SAMPLE t=141.2s rss=1860MB hwm=2241MB
RSS_SAMPLE t=141.4s rss=1860MB hwm=2241MB
RSS_SAMPLE t=141.7s rss=1860MB hwm=2241MB
RSS_SAMPLE t=141.9s rss=1860MB hwm=2241MB
RSS_SAMPLE t=142.2s rss=1860MB hwm=2241MB
RSS_SAMPLE t=142.4s rss=1860MB hwm=2241MB
RSS_SAMPLE t=142.7s rss=1860MB hwm=2241MB
RSS_SAMPLE t=142.9s rss=1860MB hwm=2241MB
RSS_SAMPLE t=143.2s rss=1860MB hwm=2241MB
RSS_SAMPLE t=143.4s rss=1860MB hwm=2241MB
RSS_SAMPLE t=143.7s rss=1860MB hwm=2241MB
RSS_SAMPLE t=143.9s rss=1860MB hwm=2241MB
RSS_SAMPLE t=144.2s rss=1860MB hwm=2241MB
RSS_SAMPLE t=144.4s rss=1860MB hwm=2241MB
RSS_SAMPLE t=144.7s rss=1860MB hwm=2241MB
RSS_SAMPLE t=144.9s rss=1860MB hwm=2241MB
RSS_SAMPLE t=145.2s rss=1860MB hwm=2241MB
RSS_SAMPLE t=145.4s rss=1861MB hwm=2241MB
RSS_SAMPLE t=145.7s rss=1861MB hwm=2241MB
RSS_SAMPLE t=145.9s rss=1861MB hwm=2241MB
RSS_SAMPLE t=146.2s rss=1861MB hwm=2241MB
RSS_SAMPLE t=146.4s rss=1861MB hwm=2241MB
RSS_SAMPLE t=146.7s rss=1861MB hwm=2241MB
RSS_SAMPLE t=146.9s rss=1861MB hwm=2241MB
RSS_SAMPLE t=147.2s rss=1861MB hwm=2241MB
RSS_SAMPLE t=147.4s rss=1861MB hwm=2241MB
RSS_SAMPLE t=147.7s rss=1863MB hwm=2241MB
RSS_SAMPLE t=147.9s rss=1863MB hwm=2241MB
RSS_SAMPLE t=148.2s rss=1863MB hwm=2241MB
RSS_SAMPLE t=148.4s rss=1863MB hwm=2241MB
RSS_SAMPLE t=148.7s rss=1864MB hwm=2241MB
RSS_SAMPLE t=148.9s rss=1864MB hwm=2241MB
RSS_SAMPLE t=149.2s rss=1864MB hwm=2241MB
RSS_SAMPLE t=149.4s rss=1864MB hwm=2241MB
RSS_SAMPLE t=149.7s rss=1864MB hwm=2241MB
RSS_SAMPLE t=149.9s rss=1864MB hwm=2241MB
RSS_SAMPLE t=150.2s rss=1864MB hwm=2241MB
RSS_SAMPLE t=150.4s rss=1864MB hwm=2241MB
RSS_SAMPLE t=150.7s rss=1864MB hwm=2241MB
RSS_SAMPLE t=150.9s rss=1864MB hwm=2241MB
RSS_SAMPLE t=151.2s rss=1864MB hwm=2241MB
RSS_SAMPLE t=151.4s rss=1864MB hwm=2241MB
RSS_SAMPLE t=151.7s rss=1864MB hwm=2241MB
RSS_SAMPLE t=151.9s rss=1864MB hwm=2241MB
RSS_SAMPLE t=152.2s rss=1864MB hwm=2241MB
RSS_SAMPLE t=152.4s rss=1864MB hwm=2241MB
RSS_SAMPLE t=152.7s rss=1864MB hwm=2241MB
RSS_SAMPLE t=152.9s rss=1864MB hwm=2241MB
RSS_SAMPLE t=153.2s rss=1864MB hwm=2241MB
RSS_SAMPLE t=153.4s rss=1864MB hwm=2241MB
Routability (per-pair): 105117 nets (1 skipped), 261609 pairs in 45730.9ms, 0 infeasible, 80 inconclusive
Post-legalization: HPWL=4523586, line=6420470
OT_RESULT place_secs=152.05 total_hpwl=4523586
