Running scope as unit: run-r095fdec971a54ac18d46ac05cd99251e.scope
chipdb: /home/kelvin/side-project/eisenjoch/chip_database/xc7_large.bin
design: /home/kelvin/side-project/eisenjoch/benchmark/ispd/generated/2016/FPGA01/FPGA01.json
RSS_SAMPLE t=0.0s rss=3MB hwm=3MB
RSS_SAMPLE t=0.3s rss=430MB hwm=430MB
RSS_SAMPLE t=0.5s rss=709MB hwm=709MB
RSS_SAMPLE t=0.8s rss=805MB hwm=805MB
RSS_SAMPLE t=1.0s rss=819MB hwm=824MB
RSS_SAMPLE t=1.3s rss=819MB hwm=824MB
RSS_SAMPLE t=1.5s rss=821MB hwm=824MB
cfg: max_outer_iters=2 blend_alpha=0.5 hardening_step=0 graph_model=TwoLevelPip
RSS_SAMPLE t=1.8s rss=821MB hwm=824MB
  topological compress: density=0.60 target_tiles=15971 final_tiles=15777 scale=1.851 center=(205.1,111.0)
  topological init: n_movable=76660, n_edges=229053, max_layer=26775, back_edges=54022, n_anchored=0
RSS_SAMPLE t=2.0s rss=821MB hwm=824MB
RSS_SAMPLE t=2.3s rss=821MB hwm=824MB
RSS_SAMPLE t=2.5s rss=821MB hwm=824MB
RSS_SAMPLE t=2.8s rss=821MB hwm=824MB
RSS_SAMPLE t=3.0s rss=821MB hwm=824MB
RSS_SAMPLE t=3.3s rss=821MB hwm=824MB
RSS_SAMPLE t=3.5s rss=821MB hwm=824MB
RSS_SAMPLE t=3.8s rss=821MB hwm=824MB
RSS_SAMPLE t=4.0s rss=821MB hwm=824MB
RSS_SAMPLE t=4.3s rss=821MB hwm=824MB
RSS_SAMPLE t=4.5s rss=821MB hwm=824MB
RSS_SAMPLE t=4.8s rss=821MB hwm=824MB
RSS_SAMPLE t=5.0s rss=821MB hwm=824MB
RSS_SAMPLE t=5.3s rss=821MB hwm=824MB
RSS_SAMPLE t=5.5s rss=821MB hwm=824MB
RSS_SAMPLE t=5.8s rss=821MB hwm=824MB
RSS_SAMPLE t=6.0s rss=821MB hwm=824MB
RSS_SAMPLE t=6.3s rss=821MB hwm=824MB
RSS_SAMPLE t=6.5s rss=821MB hwm=824MB
RSS_SAMPLE t=6.8s rss=821MB hwm=824MB
RSS_SAMPLE t=7.0s rss=821MB hwm=824MB
RSS_SAMPLE t=7.3s rss=821MB hwm=824MB
RSS_SAMPLE t=7.5s rss=821MB hwm=824MB
RSS_SAMPLE t=7.8s rss=821MB hwm=824MB
RSS_SAMPLE t=8.0s rss=821MB hwm=824MB
RSS_SAMPLE t=8.3s rss=821MB hwm=824MB
RSS_SAMPLE t=8.5s rss=821MB hwm=824MB
RSS_SAMPLE t=8.8s rss=821MB hwm=824MB
RSS_SAMPLE t=9.0s rss=821MB hwm=824MB
RSS_SAMPLE t=9.3s rss=821MB hwm=824MB
RSS_SAMPLE t=9.5s rss=821MB hwm=824MB
RSS_SAMPLE t=9.8s rss=821MB hwm=824MB
RSS_SAMPLE t=10.0s rss=821MB hwm=824MB
RSS_SAMPLE t=10.3s rss=821MB hwm=824MB
RSS_SAMPLE t=10.5s rss=821MB hwm=824MB
RSS_SAMPLE t=10.8s rss=821MB hwm=824MB
RSS_SAMPLE t=11.0s rss=821MB hwm=824MB
RSS_SAMPLE t=11.3s rss=821MB hwm=824MB
RSS_SAMPLE t=11.5s rss=821MB hwm=824MB
RSS_SAMPLE t=11.8s rss=821MB hwm=824MB
RSS_SAMPLE t=12.0s rss=821MB hwm=824MB
RSS_SAMPLE t=12.3s rss=821MB hwm=824MB
RSS_SAMPLE t=12.5s rss=821MB hwm=824MB
RSS_SAMPLE t=12.8s rss=821MB hwm=824MB
RSS_SAMPLE t=13.0s rss=821MB hwm=824MB
RSS_SAMPLE t=13.3s rss=821MB hwm=824MB
RSS_SAMPLE t=13.5s rss=821MB hwm=824MB
RSS_SAMPLE t=13.8s rss=821MB hwm=824MB
RSS_SAMPLE t=14.0s rss=821MB hwm=824MB
RSS_SAMPLE t=14.3s rss=821MB hwm=824MB
RSS_SAMPLE t=14.5s rss=821MB hwm=824MB
RSS_SAMPLE t=14.8s rss=821MB hwm=824MB
RSS_SAMPLE t=15.0s rss=821MB hwm=824MB
RSS_SAMPLE t=15.3s rss=821MB hwm=824MB
RSS_SAMPLE t=15.5s rss=821MB hwm=824MB
RSS_SAMPLE t=15.8s rss=821MB hwm=824MB
RSS_SAMPLE t=16.0s rss=821MB hwm=824MB
RSS_SAMPLE t=16.3s rss=821MB hwm=824MB
RSS_SAMPLE t=16.5s rss=821MB hwm=824MB
RSS_SAMPLE t=16.8s rss=821MB hwm=824MB
RSS_SAMPLE t=17.0s rss=821MB hwm=824MB
RSS_SAMPLE t=17.3s rss=821MB hwm=824MB
RSS_SAMPLE t=17.5s rss=821MB hwm=824MB
RSS_SAMPLE t=17.8s rss=821MB hwm=824MB
RSS_SAMPLE t=18.0s rss=821MB hwm=824MB
RSS_SAMPLE t=18.3s rss=821MB hwm=824MB
RSS_SAMPLE t=18.5s rss=821MB hwm=824MB
RSS_SAMPLE t=18.8s rss=821MB hwm=824MB
RSS_SAMPLE t=19.0s rss=821MB hwm=824MB
RSS_SAMPLE t=19.3s rss=821MB hwm=824MB
RSS_SAMPLE t=19.5s rss=821MB hwm=824MB
RSS_SAMPLE t=19.8s rss=821MB hwm=824MB
RSS_SAMPLE t=20.0s rss=820MB hwm=824MB
RSS_SAMPLE t=20.3s rss=821MB hwm=824MB
RSS_SAMPLE t=20.5s rss=821MB hwm=824MB
RSS_SAMPLE t=20.8s rss=821MB hwm=824MB
RSS_SAMPLE t=21.0s rss=821MB hwm=824MB
RSS_SAMPLE t=21.3s rss=821MB hwm=824MB
RSS_SAMPLE t=21.5s rss=821MB hwm=824MB
RSS_SAMPLE t=21.8s rss=821MB hwm=824MB
RSS_SAMPLE t=22.0s rss=821MB hwm=824MB
RSS_SAMPLE t=22.3s rss=821MB hwm=824MB
RSS_SAMPLE t=22.5s rss=821MB hwm=824MB
RSS_SAMPLE t=22.8s rss=821MB hwm=824MB
RSS_SAMPLE t=23.0s rss=821MB hwm=824MB
RSS_SAMPLE t=23.3s rss=821MB hwm=824MB
RSS_SAMPLE t=23.5s rss=821MB hwm=824MB
RSS_SAMPLE t=23.8s rss=821MB hwm=824MB
RSS_SAMPLE t=24.0s rss=821MB hwm=824MB
RSS_SAMPLE t=24.3s rss=821MB hwm=824MB
RSS_SAMPLE t=24.5s rss=821MB hwm=824MB
RSS_SAMPLE t=24.8s rss=821MB hwm=824MB
RSS_SAMPLE t=25.0s rss=821MB hwm=824MB
RSS_SAMPLE t=25.3s rss=821MB hwm=824MB
RSS_SAMPLE t=25.5s rss=821MB hwm=824MB
RSS_SAMPLE t=25.8s rss=821MB hwm=824MB
RSS_SAMPLE t=26.0s rss=821MB hwm=824MB
RSS_SAMPLE t=26.3s rss=821MB hwm=824MB
RSS_SAMPLE t=26.5s rss=821MB hwm=824MB
RSS_SAMPLE t=26.8s rss=821MB hwm=824MB
RSS_SAMPLE t=27.0s rss=821MB hwm=824MB
RSS_SAMPLE t=27.3s rss=821MB hwm=824MB
RSS_SAMPLE t=27.5s rss=821MB hwm=824MB
RSS_SAMPLE t=27.8s rss=821MB hwm=824MB
RSS_SAMPLE t=28.0s rss=821MB hwm=824MB
RSS_SAMPLE t=28.3s rss=821MB hwm=824MB
RSS_SAMPLE t=28.5s rss=821MB hwm=824MB
RSS_SAMPLE t=28.8s rss=821MB hwm=824MB
RSS_SAMPLE t=29.0s rss=821MB hwm=824MB
RSS_SAMPLE t=29.3s rss=821MB hwm=824MB
RSS_SAMPLE t=29.5s rss=821MB hwm=824MB
RSS_SAMPLE t=29.8s rss=821MB hwm=824MB
RSS_SAMPLE t=30.0s rss=821MB hwm=824MB
RSS_SAMPLE t=30.3s rss=821MB hwm=824MB
RSS_SAMPLE t=30.5s rss=821MB hwm=824MB
RSS_SAMPLE t=30.8s rss=821MB hwm=824MB
RSS_SAMPLE t=31.0s rss=821MB hwm=824MB
RSS_SAMPLE t=31.3s rss=821MB hwm=824MB
RSS_SAMPLE t=31.5s rss=821MB hwm=824MB
RSS_SAMPLE t=31.8s rss=821MB hwm=824MB
RSS_SAMPLE t=32.0s rss=821MB hwm=824MB
RSS_SAMPLE t=32.3s rss=821MB hwm=824MB
RSS_SAMPLE t=32.5s rss=821MB hwm=824MB
RSS_SAMPLE t=32.8s rss=821MB hwm=824MB
RSS_SAMPLE t=33.0s rss=821MB hwm=824MB
RSS_SAMPLE t=33.3s rss=821MB hwm=824MB
RSS_SAMPLE t=33.5s rss=821MB hwm=824MB
RSS_SAMPLE t=33.8s rss=821MB hwm=824MB
RSS_SAMPLE t=34.0s rss=821MB hwm=824MB
RSS_SAMPLE t=34.3s rss=821MB hwm=824MB
RSS_SAMPLE t=34.5s rss=821MB hwm=824MB
RSS_SAMPLE t=34.8s rss=821MB hwm=824MB
RSS_SAMPLE t=35.0s rss=821MB hwm=824MB
RSS_SAMPLE t=35.3s rss=821MB hwm=824MB
RSS_SAMPLE t=35.5s rss=821MB hwm=824MB
RSS_SAMPLE t=35.8s rss=821MB hwm=824MB
RSS_SAMPLE t=36.0s rss=821MB hwm=824MB
RSS_SAMPLE t=36.3s rss=821MB hwm=824MB
RSS_SAMPLE t=36.5s rss=821MB hwm=824MB
RSS_SAMPLE t=36.8s rss=821MB hwm=824MB
RSS_SAMPLE t=37.0s rss=821MB hwm=824MB
RSS_SAMPLE t=37.3s rss=821MB hwm=824MB
RSS_SAMPLE t=37.5s rss=821MB hwm=824MB
RSS_SAMPLE t=37.8s rss=821MB hwm=824MB
RSS_SAMPLE t=38.0s rss=821MB hwm=824MB
RSS_SAMPLE t=38.3s rss=821MB hwm=824MB
RSS_SAMPLE t=38.5s rss=821MB hwm=824MB
RSS_SAMPLE t=38.8s rss=821MB hwm=824MB
RSS_SAMPLE t=39.0s rss=821MB hwm=824MB
RSS_SAMPLE t=39.3s rss=821MB hwm=824MB
RSS_SAMPLE t=39.5s rss=821MB hwm=824MB
RSS_SAMPLE t=39.8s rss=821MB hwm=824MB
RSS_SAMPLE t=40.0s rss=821MB hwm=824MB
RSS_SAMPLE t=40.3s rss=821MB hwm=824MB
RSS_SAMPLE t=40.5s rss=821MB hwm=824MB
RSS_SAMPLE t=40.8s rss=821MB hwm=824MB
RSS_SAMPLE t=41.0s rss=821MB hwm=824MB
RSS_SAMPLE t=41.3s rss=821MB hwm=824MB
RSS_SAMPLE t=41.5s rss=821MB hwm=824MB
RSS_SAMPLE t=41.8s rss=821MB hwm=824MB
RSS_SAMPLE t=42.0s rss=821MB hwm=824MB
RSS_SAMPLE t=42.3s rss=821MB hwm=824MB
RSS_SAMPLE t=42.5s rss=821MB hwm=824MB
RSS_SAMPLE t=42.8s rss=821MB hwm=824MB
RSS_SAMPLE t=43.0s rss=821MB hwm=824MB
RSS_SAMPLE t=43.3s rss=821MB hwm=824MB
RSS_SAMPLE t=43.5s rss=821MB hwm=824MB
RSS_SAMPLE t=43.8s rss=821MB hwm=824MB
RSS_SAMPLE t=44.0s rss=821MB hwm=824MB
RSS_SAMPLE t=44.3s rss=821MB hwm=824MB
RSS_SAMPLE t=44.5s rss=821MB hwm=824MB
RSS_SAMPLE t=44.8s rss=821MB hwm=824MB
RSS_SAMPLE t=45.0s rss=821MB hwm=824MB
RSS_SAMPLE t=45.3s rss=821MB hwm=824MB
RSS_SAMPLE t=45.5s rss=821MB hwm=824MB
RSS_SAMPLE t=45.8s rss=821MB hwm=824MB
RSS_SAMPLE t=46.0s rss=821MB hwm=824MB
RSS_SAMPLE t=46.3s rss=821MB hwm=824MB
RSS_SAMPLE t=46.5s rss=821MB hwm=824MB
RSS_SAMPLE t=46.8s rss=821MB hwm=824MB
RSS_SAMPLE t=47.0s rss=821MB hwm=824MB
RSS_SAMPLE t=47.3s rss=821MB hwm=824MB
RSS_SAMPLE t=47.5s rss=821MB hwm=824MB
RSS_SAMPLE t=47.8s rss=821MB hwm=824MB
RSS_SAMPLE t=48.0s rss=821MB hwm=824MB
RSS_SAMPLE t=48.3s rss=821MB hwm=824MB
RSS_SAMPLE t=48.5s rss=821MB hwm=824MB
RSS_SAMPLE t=48.8s rss=821MB hwm=824MB
RSS_SAMPLE t=49.0s rss=821MB hwm=824MB
RSS_SAMPLE t=49.3s rss=821MB hwm=824MB
RSS_SAMPLE t=49.5s rss=821MB hwm=824MB
RSS_SAMPLE t=49.8s rss=821MB hwm=824MB
RSS_SAMPLE t=50.0s rss=821MB hwm=824MB
RSS_SAMPLE t=50.3s rss=821MB hwm=824MB
RSS_SAMPLE t=50.5s rss=821MB hwm=824MB
RSS_SAMPLE t=50.8s rss=821MB hwm=824MB
RSS_SAMPLE t=51.0s rss=821MB hwm=824MB
RSS_SAMPLE t=51.3s rss=821MB hwm=824MB
RSS_SAMPLE t=51.5s rss=821MB hwm=824MB
RSS_SAMPLE t=51.8s rss=821MB hwm=824MB
RSS_SAMPLE t=52.0s rss=821MB hwm=824MB
RSS_SAMPLE t=52.3s rss=820MB hwm=824MB
RSS_SAMPLE t=52.5s rss=820MB hwm=824MB
RSS_SAMPLE t=52.8s rss=820MB hwm=824MB
RSS_SAMPLE t=53.0s rss=819MB hwm=824MB
RSS_SAMPLE t=53.3s rss=819MB hwm=824MB
RSS_SAMPLE t=53.5s rss=819MB hwm=824MB
RSS_SAMPLE t=53.8s rss=819MB hwm=824MB
RSS_SAMPLE t=54.0s rss=861MB hwm=861MB
RSS_SAMPLE t=54.3s rss=904MB hwm=904MB
RSS_SAMPLE t=54.5s rss=932MB hwm=932MB
RSS_SAMPLE t=54.8s rss=933MB hwm=933MB
RSS_SAMPLE t=55.0s rss=933MB hwm=933MB
RSS_SAMPLE t=55.3s rss=933MB hwm=933MB
RSS_SAMPLE t=55.5s rss=933MB hwm=933MB
RSS_SAMPLE t=55.8s rss=933MB hwm=933MB
  Skipped truly-null coarse cells: 0 (of 69353 total); pruned pipes: src_null=0 dst_null=0
  Pipe capacity by span:
    span=  1: 138172 pipes, cap min=1 avg=134.5 max=432
    span=  2: 136455 pipes, cap min=2 avg=50.7 max=118
    span=  3: 135619 pipes, cap min=2 avg=26.1 max=52
    span=  4: 136319 pipes, cap min=2 avg=22.7 max=140
    span=  5: 135918 pipes, cap min=2 avg=66.1 max=124
    span=  6: 201217 pipes, cap min=2 avg=15.2 max=28
    span=  7: 200933 pipes, cap min=1 avg=7.3 max=20
    span=  8: 132748 pipes, cap min=2 avg=6.0 max=10
    span=  9: 130848 pipes, cap min=2 avg=6.0 max=10
    span= 10: 131090 pipes, cap min=2 avg=2.2 max=31
    span= 11: 129628 pipes, cap min=2 avg=2.0 max=4
    span= 12: 129018 pipes, cap min=2 avg=2.0 max=4
    span= 13: 128408 pipes, cap min=1 avg=1.5 max=4
    span= 14: 127798 pipes, cap min=1 avg=1.0 max=2
    span= 15: 127188 pipes, cap min=1 avg=1.0 max=2
    span= 16: 126578 pipes, cap min=1 avg=1.0 max=2
    span= 17: 125968 pipes, cap min=1 avg=1.0 max=2
    span= 18: 125358 pipes, cap min=1 avg=1.0 max=2
    span= 19: 63140 pipes, cap min=1 avg=1.0 max=2
  Thin span-1 pipes (cap<=2): 222 total, by tile-type pair (top 20):
    NULL <-> NULL: 220
    CLK_BUFG <-> NULL: 2
  Pipe cost: span^0.50 model (r1=1), span-1=1.000, span-12=3.464, 2×span-6=4.899, 12×span-1=12.000
RSS_SAMPLE t=56.0s rss=1011MB hwm=1011MB
  topological compress: density=0.60 target_tiles=15971 final_tiles=15777 scale=1.851 center=(205.1,111.0)
  topological init: n_movable=76660, n_edges=229053, max_layer=26775, back_edges=54022, n_anchored=0
  type DFF: 302 valid columns, 1077536 total BELs
  type LUT6: 302 valid columns, 538768 total BELs
TypeAwarePlacement: 2 cell types
Coordinate descent mode: 76660 cells, scale 1.00
CellValidityMask: 76660 cells, 311x223 grid, 2 bucket masks, per-cell valid positions: min=67346 avg=67346.0 max=67346, unmapped cells=0
MuxSlotTracker: 76660 cells (76660 with external fanout), 67346 tiles, total_cap=1077536, active_buckets=[DFF,LUT6], built in 66.0ms
MuxSlotTracker[post-seed]: populated_cells=27114, overflow_tiles=518, at_cap_tiles=50, peak_excess=41, capacity_hist={16:67346}
DCD placer: 76660 cells, 69353 nodes, outer_iters=2, dcd_iters_per_cell=8, graph_model=TwoLevelPip
MEM_STATIC: pipes=352MB nodes=1MB adjacency=78MB pipe_cost_vecs=59MB validity_mask=0MB n_pipes=2562403 n_edges=5124806 rss=1044MB
Softmin position update: enabled, theta 0.250 -> 5.000 (anneal over 2 iters)
RSS_SAMPLE t=56.3s rss=1071MB hwm=1071MB
RSS_SAMPLE t=56.5s rss=1071MB hwm=1071MB
RSS_SAMPLE t=56.8s rss=1071MB hwm=1071MB
RSS_SAMPLE t=57.0s rss=1071MB hwm=1071MB
RSS_SAMPLE t=57.3s rss=1071MB hwm=1071MB
RSS_SAMPLE t=57.5s rss=1071MB hwm=1071MB
RSS_SAMPLE t=57.8s rss=1071MB hwm=1071MB
RSS_SAMPLE t=58.0s rss=1071MB hwm=1071MB
RSS_SAMPLE t=58.3s rss=1071MB hwm=1071MB
RSS_SAMPLE t=58.5s rss=1071MB hwm=1071MB
    SwitchMatrix: type_usage_pairs=7 lookups=110 hits=103 dijkstra_calls=7 avg_us=10.3 total_ms=0.1
PHASE_MARK outer=0 enter=pre_solve rss=1074MB
RSS_SAMPLE t=58.8s rss=1193MB hwm=1193MB
RSS_SAMPLE t=59.0s rss=1231MB hwm=1231MB
RSS_SAMPLE t=59.3s rss=1237MB hwm=1237MB
RSS_SAMPLE t=59.5s rss=1246MB hwm=1246MB
RSS_SAMPLE t=59.8s rss=1251MB hwm=1251MB
RSS_SAMPLE t=60.0s rss=1254MB hwm=1254MB
RSS_SAMPLE t=60.3s rss=1259MB hwm=1259MB
RSS_SAMPLE t=60.5s rss=1263MB hwm=1263MB
RSS_SAMPLE t=60.8s rss=1268MB hwm=1268MB
RSS_SAMPLE t=61.0s rss=1273MB hwm=1273MB
RSS_SAMPLE t=61.3s rss=1279MB hwm=1279MB
RSS_SAMPLE t=61.5s rss=1285MB hwm=1285MB
RSS_SAMPLE t=61.8s rss=1291MB hwm=1291MB
RSS_SAMPLE t=62.0s rss=1299MB hwm=1299MB
RSS_SAMPLE t=62.3s rss=1305MB hwm=1305MB
RSS_SAMPLE t=62.5s rss=1313MB hwm=1313MB
RSS_SAMPLE t=62.8s rss=1320MB hwm=1320MB
RSS_SAMPLE t=63.0s rss=1327MB hwm=1327MB
RSS_SAMPLE t=63.3s rss=1333MB hwm=1333MB
RSS_SAMPLE t=63.5s rss=1338MB hwm=1338MB
RSS_SAMPLE t=63.8s rss=1346MB hwm=1346MB
RSS_SAMPLE t=64.0s rss=1351MB hwm=1351MB
RSS_SAMPLE t=64.3s rss=1356MB hwm=1356MB
RSS_SAMPLE t=64.5s rss=1363MB hwm=1363MB
RSS_SAMPLE t=64.8s rss=1368MB hwm=1368MB
RSS_SAMPLE t=65.0s rss=1375MB hwm=1375MB
RSS_SAMPLE t=65.3s rss=1382MB hwm=1382MB
RSS_SAMPLE t=65.5s rss=1388MB hwm=1388MB
RSS_SAMPLE t=65.8s rss=1393MB hwm=1393MB
RSS_SAMPLE t=66.0s rss=1399MB hwm=1399MB
RSS_SAMPLE t=66.3s rss=1406MB hwm=1406MB
RSS_SAMPLE t=66.5s rss=1412MB hwm=1412MB
RSS_SAMPLE t=66.8s rss=1419MB hwm=1419MB
RSS_SAMPLE t=67.0s rss=1425MB hwm=1425MB
RSS_SAMPLE t=67.3s rss=1430MB hwm=1430MB
RSS_SAMPLE t=67.5s rss=1437MB hwm=1437MB
RSS_SAMPLE t=67.8s rss=1444MB hwm=1444MB
RSS_SAMPLE t=68.0s rss=1448MB hwm=1448MB
RSS_SAMPLE t=68.3s rss=1454MB hwm=1454MB
RSS_SAMPLE t=68.5s rss=1460MB hwm=1460MB
RSS_SAMPLE t=68.8s rss=1466MB hwm=1466MB
RSS_SAMPLE t=69.0s rss=1473MB hwm=1473MB
RSS_SAMPLE t=69.3s rss=1479MB hwm=1479MB
RSS_SAMPLE t=69.5s rss=1484MB hwm=1484MB
RSS_SAMPLE t=69.8s rss=1491MB hwm=1491MB
RSS_SAMPLE t=70.0s rss=1496MB hwm=1496MB
RSS_SAMPLE t=70.3s rss=1502MB hwm=1502MB
RSS_SAMPLE t=70.5s rss=1508MB hwm=1508MB
RSS_SAMPLE t=70.8s rss=1514MB hwm=1514MB
RSS_SAMPLE t=71.0s rss=1520MB hwm=1520MB
RSS_SAMPLE t=71.3s rss=1526MB hwm=1526MB
RSS_SAMPLE t=71.5s rss=1533MB hwm=1533MB
RSS_SAMPLE t=71.8s rss=1540MB hwm=1540MB
RSS_SAMPLE t=72.0s rss=1545MB hwm=1545MB
RSS_SAMPLE t=72.3s rss=1553MB hwm=1553MB
RSS_SAMPLE t=72.5s rss=1558MB hwm=1558MB
RSS_SAMPLE t=72.8s rss=1564MB hwm=1564MB
RSS_SAMPLE t=73.0s rss=1571MB hwm=1571MB
RSS_SAMPLE t=73.3s rss=1576MB hwm=1576MB
RSS_SAMPLE t=73.5s rss=1582MB hwm=1582MB
RSS_SAMPLE t=73.8s rss=1588MB hwm=1588MB
RSS_SAMPLE t=74.0s rss=1595MB hwm=1595MB
RSS_SAMPLE t=74.3s rss=1602MB hwm=1602MB
RSS_SAMPLE t=74.5s rss=1608MB hwm=1608MB
RSS_SAMPLE t=74.8s rss=1615MB hwm=1615MB
RSS_SAMPLE t=75.0s rss=1621MB hwm=1621MB
RSS_SAMPLE t=75.3s rss=1628MB hwm=1628MB
RSS_SAMPLE t=75.5s rss=1634MB hwm=1634MB
RSS_SAMPLE t=75.8s rss=1641MB hwm=1641MB
RSS_SAMPLE t=76.0s rss=1647MB hwm=1647MB
RSS_SAMPLE t=76.3s rss=1653MB hwm=1653MB
RSS_SAMPLE t=76.6s rss=1660MB hwm=1660MB
RSS_SAMPLE t=76.8s rss=1667MB hwm=1667MB
RSS_SAMPLE t=77.1s rss=1674MB hwm=1674MB
RSS_SAMPLE t=77.3s rss=1680MB hwm=1680MB
RSS_SAMPLE t=77.6s rss=1687MB hwm=1687MB
RSS_SAMPLE t=77.8s rss=1693MB hwm=1693MB
RSS_SAMPLE t=78.1s rss=1699MB hwm=1699MB
RSS_SAMPLE t=78.3s rss=1707MB hwm=1707MB
RSS_SAMPLE t=78.6s rss=1714MB hwm=1714MB
RSS_SAMPLE t=78.8s rss=1721MB hwm=1721MB
RSS_SAMPLE t=79.1s rss=1728MB hwm=1728MB
RSS_SAMPLE t=79.3s rss=1734MB hwm=1734MB
RSS_SAMPLE t=79.6s rss=1742MB hwm=1742MB
RSS_SAMPLE t=79.8s rss=1749MB hwm=1749MB
RSS_SAMPLE t=80.1s rss=1757MB hwm=1757MB
RSS_SAMPLE t=80.3s rss=1763MB hwm=1763MB
RSS_SAMPLE t=80.6s rss=1771MB hwm=1771MB
RSS_SAMPLE t=80.8s rss=1777MB hwm=1777MB
RSS_SAMPLE t=81.1s rss=1784MB hwm=1784MB
RSS_SAMPLE t=81.3s rss=1791MB hwm=1791MB
RSS_SAMPLE t=81.6s rss=1798MB hwm=1798MB
RSS_SAMPLE t=81.8s rss=1806MB hwm=1806MB
RSS_SAMPLE t=82.1s rss=1812MB hwm=1812MB
RSS_SAMPLE t=82.3s rss=1820MB hwm=1820MB
RSS_SAMPLE t=82.6s rss=1827MB hwm=1827MB
RSS_SAMPLE t=82.8s rss=1835MB hwm=1835MB
RSS_SAMPLE t=83.1s rss=1842MB hwm=1842MB
RSS_SAMPLE t=83.3s rss=1850MB hwm=1850MB
RSS_SAMPLE t=83.6s rss=1858MB hwm=1858MB
RSS_SAMPLE t=83.8s rss=1864MB hwm=1864MB
RSS_SAMPLE t=84.1s rss=1868MB hwm=1868MB
RSS_SAMPLE t=84.3s rss=1870MB hwm=1870MB
RSS_SAMPLE t=84.6s rss=1872MB hwm=1872MB
RSS_SAMPLE t=84.8s rss=1874MB hwm=1874MB
RSS_SAMPLE t=85.1s rss=1875MB hwm=1875MB
RSS_SAMPLE t=85.3s rss=1876MB hwm=1876MB
RSS_SAMPLE t=85.6s rss=1877MB hwm=1877MB
RSS_SAMPLE t=85.8s rss=1878MB hwm=1878MB
RSS_SAMPLE t=86.1s rss=1879MB hwm=1879MB
RSS_SAMPLE t=86.3s rss=1880MB hwm=1880MB
RSS_SAMPLE t=86.6s rss=1880MB hwm=1880MB
RSS_SAMPLE t=86.8s rss=1881MB hwm=1881MB
RSS_SAMPLE t=87.1s rss=1882MB hwm=1882MB
RSS_SAMPLE t=87.3s rss=1883MB hwm=1883MB
RSS_SAMPLE t=87.6s rss=1884MB hwm=1884MB
RSS_SAMPLE t=87.8s rss=1884MB hwm=1884MB
RSS_SAMPLE t=88.1s rss=1885MB hwm=1885MB
RSS_SAMPLE t=88.3s rss=1885MB hwm=1885MB
RSS_SAMPLE t=88.6s rss=1885MB hwm=1885MB
RSS_SAMPLE t=88.8s rss=1886MB hwm=1886MB
RSS_SAMPLE t=89.1s rss=1886MB hwm=1886MB
RSS_SAMPLE t=89.3s rss=1886MB hwm=1886MB
RSS_SAMPLE t=89.6s rss=1886MB hwm=1886MB
RSS_SAMPLE t=89.8s rss=1887MB hwm=1887MB
RSS_SAMPLE t=90.1s rss=1887MB hwm=1887MB
RSS_SAMPLE t=90.3s rss=1888MB hwm=1888MB
RSS_SAMPLE t=90.6s rss=1888MB hwm=1888MB
RSS_SAMPLE t=90.8s rss=1888MB hwm=1888MB
RSS_SAMPLE t=91.1s rss=1888MB hwm=1888MB
RSS_SAMPLE t=91.3s rss=1889MB hwm=1889MB
RSS_SAMPLE t=91.6s rss=1889MB hwm=1889MB
RSS_SAMPLE t=91.8s rss=1889MB hwm=1889MB
RSS_SAMPLE t=92.1s rss=1890MB hwm=1890MB
RSS_SAMPLE t=92.3s rss=1890MB hwm=1890MB
RSS_SAMPLE t=92.6s rss=1890MB hwm=1890MB
RSS_SAMPLE t=92.8s rss=1891MB hwm=1891MB
RSS_SAMPLE t=93.1s rss=1891MB hwm=1891MB
RSS_SAMPLE t=93.3s rss=1891MB hwm=1891MB
RSS_SAMPLE t=93.6s rss=1892MB hwm=1892MB
RSS_SAMPLE t=93.8s rss=1892MB hwm=1892MB
RSS_SAMPLE t=94.1s rss=1892MB hwm=1892MB
RSS_SAMPLE t=94.3s rss=1893MB hwm=1893MB
RSS_SAMPLE t=94.6s rss=1893MB hwm=1893MB
RSS_SAMPLE t=94.8s rss=1893MB hwm=1893MB
RSS_SAMPLE t=95.1s rss=1893MB hwm=1893MB
RSS_SAMPLE t=95.3s rss=1894MB hwm=1894MB
RSS_SAMPLE t=95.6s rss=1894MB hwm=1894MB
RSS_SAMPLE t=95.8s rss=1894MB hwm=1894MB
RSS_SAMPLE t=96.1s rss=1894MB hwm=1894MB
RSS_SAMPLE t=96.3s rss=1895MB hwm=1895MB
RSS_SAMPLE t=96.6s rss=1895MB hwm=1895MB
RSS_SAMPLE t=96.8s rss=1895MB hwm=1895MB
RSS_SAMPLE t=97.1s rss=1895MB hwm=1895MB
RSS_SAMPLE t=97.3s rss=1896MB hwm=1896MB
RSS_SAMPLE t=97.6s rss=1896MB hwm=1896MB
RSS_SAMPLE t=97.8s rss=1896MB hwm=1896MB
RSS_SAMPLE t=98.1s rss=1896MB hwm=1896MB
RSS_SAMPLE t=98.3s rss=1897MB hwm=1897MB
RSS_SAMPLE t=98.6s rss=1898MB hwm=1898MB
RSS_SAMPLE t=98.8s rss=1898MB hwm=1898MB
RSS_SAMPLE t=99.1s rss=1898MB hwm=1898MB
RSS_SAMPLE t=99.3s rss=1899MB hwm=1899MB
RSS_SAMPLE t=99.6s rss=1899MB hwm=1899MB
RSS_SAMPLE t=99.8s rss=1899MB hwm=1899MB
RSS_SAMPLE t=100.1s rss=1900MB hwm=1900MB
RSS_SAMPLE t=100.3s rss=1900MB hwm=1900MB
RSS_SAMPLE t=100.6s rss=1900MB hwm=1900MB
RSS_SAMPLE t=100.8s rss=1900MB hwm=1900MB
RSS_SAMPLE t=101.1s rss=1901MB hwm=1901MB
RSS_SAMPLE t=101.3s rss=1901MB hwm=1901MB
RSS_SAMPLE t=101.6s rss=1902MB hwm=1902MB
RSS_SAMPLE t=101.8s rss=1902MB hwm=1902MB
RSS_SAMPLE t=102.1s rss=1902MB hwm=1902MB
RSS_SAMPLE t=102.3s rss=1903MB hwm=1903MB
RSS_SAMPLE t=102.6s rss=1903MB hwm=1903MB
RSS_SAMPLE t=102.8s rss=1903MB hwm=1903MB
RSS_SAMPLE t=103.1s rss=1903MB hwm=1903MB
RSS_SAMPLE t=103.3s rss=1904MB hwm=1904MB
RSS_SAMPLE t=103.6s rss=1904MB hwm=1904MB
RSS_SAMPLE t=103.8s rss=1904MB hwm=1904MB
RSS_SAMPLE t=104.1s rss=1904MB hwm=1904MB
RSS_SAMPLE t=104.3s rss=1905MB hwm=1905MB
    rss_probe[outer=0]: pre_refresh_rss=1074MB post_pre_solve_rss=1905MB cache_entries=42424857 cache_cap=69325648 cache_est_mb=600
    pre_solve_diag[outer=0]: solves=105117 fallback=0 (0.0%) cap_armed=105117 (100.0%) settle_avg=10344 settle_max=69353 init_count=254
  Cell placement by tile type (iter 0, 76660 cells):
    NULL: 31596
    CLB: 27114
    IOB_W: 15019
    CLK_BUFG: 2320
    BRAM: 351
    DSP: 182
    IOB_E: 78
    Overflow: over=0 (0.0% of used) avg_excess=0.00 max_excess=0.00 (nc=0.00 cap=0 span=0)  excess_buckets: <=1=0 1-5=0 5-20=0 >20=0  by_cap: cap1=0 cap2=0 cap3-5=0 cap>5=0  by_span: s1=0 s2-3=0 s4-6=0 s7-12=0 s>12=0  le1_cross: cap1=0 cap2-5=0 cap>5=0
    Congestion: pipes=2562403 used=0 congested(>50%)=0 saturated(>90%)=0 max_util=0.00 avg_util=0.0000
PHASE_MARK outer=0 enter=dcd_sweep rss=1905MB
RSS_SAMPLE t=104.6s rss=1905MB hwm=1905MB
RSS_SAMPLE t=104.8s rss=1905MB hwm=1905MB
RSS_SAMPLE t=105.1s rss=1905MB hwm=1905MB
RSS_SAMPLE t=105.3s rss=1906MB hwm=1906MB
RSS_SAMPLE t=105.6s rss=1906MB hwm=1906MB
RSS_SAMPLE t=105.8s rss=1906MB hwm=1906MB
RSS_SAMPLE t=106.1s rss=1906MB hwm=1906MB
RSS_SAMPLE t=106.3s rss=1906MB hwm=1906MB
RSS_SAMPLE t=106.6s rss=1906MB hwm=1906MB
RSS_SAMPLE t=106.8s rss=1907MB hwm=1907MB
RSS_SAMPLE t=107.1s rss=1907MB hwm=1907MB
RSS_SAMPLE t=107.3s rss=1907MB hwm=1907MB
RSS_SAMPLE t=107.6s rss=1907MB hwm=1907MB
RSS_SAMPLE t=107.8s rss=1907MB hwm=1907MB
RSS_SAMPLE t=108.1s rss=1907MB hwm=1907MB
RSS_SAMPLE t=108.3s rss=1908MB hwm=1908MB
RSS_SAMPLE t=108.6s rss=1908MB hwm=1908MB
RSS_SAMPLE t=108.8s rss=1908MB hwm=1908MB
RSS_SAMPLE t=109.1s rss=1908MB hwm=1908MB
RSS_SAMPLE t=109.3s rss=1908MB hwm=1908MB
RSS_SAMPLE t=109.6s rss=1908MB hwm=1908MB
RSS_SAMPLE t=109.8s rss=1909MB hwm=1909MB
RSS_SAMPLE t=110.1s rss=1909MB hwm=1909MB
RSS_SAMPLE t=110.3s rss=1909MB hwm=1909MB
RSS_SAMPLE t=110.6s rss=1909MB hwm=1909MB
RSS_SAMPLE t=110.8s rss=1909MB hwm=1909MB
RSS_SAMPLE t=111.1s rss=1910MB hwm=1910MB
PHASE_MARK outer=0 leave=dcd_sweep rss=1910MB
PHASE_MARK outer=0 enter=post_refresh rss=1910MB
RSS_SAMPLE t=111.3s rss=1939MB hwm=1939MB
RSS_SAMPLE t=111.6s rss=1939MB hwm=1939MB
RSS_SAMPLE t=111.8s rss=1939MB hwm=1939MB
RSS_SAMPLE t=112.1s rss=1939MB hwm=1939MB
RSS_SAMPLE t=112.3s rss=1939MB hwm=1939MB
RSS_SAMPLE t=112.6s rss=1939MB hwm=1939MB
RSS_SAMPLE t=112.8s rss=1939MB hwm=1939MB
RSS_SAMPLE t=113.1s rss=1939MB hwm=1939MB
RSS_SAMPLE t=113.3s rss=1939MB hwm=1939MB
RSS_SAMPLE t=113.6s rss=1939MB hwm=1939MB
RSS_SAMPLE t=113.8s rss=2378MB hwm=2378MB
RSS_SAMPLE t=114.1s rss=3273MB hwm=3273MB
RSS_SAMPLE t=114.3s rss=3526MB hwm=3526MB
RSS_SAMPLE t=114.6s rss=3673MB hwm=3673MB
RSS_SAMPLE t=114.8s rss=3737MB hwm=3737MB
RSS_SAMPLE t=115.1s rss=3774MB hwm=3774MB
RSS_SAMPLE t=115.3s rss=3779MB hwm=3779MB
RSS_SAMPLE t=115.6s rss=3793MB hwm=3793MB
RSS_SAMPLE t=115.8s rss=3808MB hwm=3808MB
RSS_SAMPLE t=116.1s rss=3816MB hwm=3816MB
RSS_SAMPLE t=116.3s rss=3834MB hwm=3834MB
RSS_SAMPLE t=116.6s rss=3845MB hwm=3845MB
RSS_SAMPLE t=116.8s rss=3861MB hwm=3861MB
RSS_SAMPLE t=117.1s rss=3866MB hwm=3866MB
RSS_SAMPLE t=117.3s rss=3872MB hwm=3872MB
RSS_SAMPLE t=117.6s rss=3875MB hwm=3875MB
RSS_SAMPLE t=117.8s rss=3878MB hwm=3878MB
RSS_SAMPLE t=118.1s rss=3885MB hwm=3885MB
RSS_SAMPLE t=118.3s rss=3885MB hwm=3885MB
RSS_SAMPLE t=118.6s rss=3886MB hwm=3886MB
RSS_SAMPLE t=118.8s rss=3887MB hwm=3887MB
RSS_SAMPLE t=119.1s rss=3891MB hwm=3891MB
RSS_SAMPLE t=119.3s rss=3896MB hwm=3896MB
RSS_SAMPLE t=119.6s rss=3896MB hwm=3896MB
RSS_SAMPLE t=119.8s rss=3896MB hwm=3896MB
RSS_SAMPLE t=120.1s rss=3901MB hwm=3901MB
RSS_SAMPLE t=120.3s rss=3905MB hwm=3905MB
RSS_SAMPLE t=120.6s rss=3905MB hwm=3905MB
RSS_SAMPLE t=120.8s rss=3905MB hwm=3905MB
RSS_SAMPLE t=121.1s rss=3911MB hwm=3911MB
RSS_SAMPLE t=121.3s rss=3912MB hwm=3912MB
RSS_SAMPLE t=121.6s rss=3914MB hwm=3914MB
RSS_SAMPLE t=121.8s rss=3916MB hwm=3916MB
RSS_SAMPLE t=122.1s rss=3916MB hwm=3916MB
RSS_SAMPLE t=122.3s rss=3918MB hwm=3918MB
RSS_SAMPLE t=122.6s rss=3918MB hwm=3918MB
RSS_SAMPLE t=122.8s rss=3918MB hwm=3918MB
RSS_SAMPLE t=123.1s rss=3918MB hwm=3918MB
RSS_SAMPLE t=123.3s rss=3918MB hwm=3918MB
RSS_SAMPLE t=123.6s rss=3919MB hwm=3919MB
RSS_SAMPLE t=123.8s rss=3919MB hwm=3919MB
RSS_SAMPLE t=124.1s rss=3921MB hwm=3921MB
RSS_SAMPLE t=124.3s rss=3922MB hwm=3922MB
RSS_SAMPLE t=124.6s rss=3922MB hwm=3922MB
RSS_SAMPLE t=124.8s rss=3922MB hwm=3922MB
RSS_SAMPLE t=125.1s rss=3922MB hwm=3922MB
RSS_SAMPLE t=125.3s rss=3923MB hwm=3923MB
RSS_SAMPLE t=125.6s rss=3927MB hwm=3927MB
RSS_SAMPLE t=125.8s rss=3931MB hwm=3931MB
RSS_SAMPLE t=126.1s rss=3931MB hwm=3931MB
RSS_SAMPLE t=126.3s rss=3932MB hwm=3932MB
RSS_SAMPLE t=126.6s rss=3932MB hwm=3932MB
RSS_SAMPLE t=126.8s rss=3933MB hwm=3933MB
RSS_SAMPLE t=127.1s rss=3933MB hwm=3933MB
RSS_SAMPLE t=127.3s rss=3935MB hwm=3935MB
RSS_SAMPLE t=127.6s rss=3936MB hwm=3936MB
RSS_SAMPLE t=127.8s rss=3936MB hwm=3936MB
RSS_SAMPLE t=128.1s rss=3939MB hwm=3939MB
RSS_SAMPLE t=128.3s rss=3940MB hwm=3940MB
RSS_SAMPLE t=128.6s rss=3941MB hwm=3941MB
RSS_SAMPLE t=128.8s rss=3941MB hwm=3941MB
RSS_SAMPLE t=129.1s rss=3942MB hwm=3942MB
RSS_SAMPLE t=129.3s rss=3943MB hwm=3943MB
RSS_SAMPLE t=129.6s rss=3943MB hwm=3943MB
RSS_SAMPLE t=129.8s rss=3944MB hwm=3944MB
RSS_SAMPLE t=130.1s rss=3944MB hwm=3944MB
RSS_SAMPLE t=130.3s rss=3945MB hwm=3945MB
RSS_SAMPLE t=130.6s rss=3946MB hwm=3946MB
RSS_SAMPLE t=130.8s rss=3946MB hwm=3946MB
RSS_SAMPLE t=131.1s rss=3947MB hwm=3947MB
RSS_SAMPLE t=131.3s rss=3947MB hwm=3947MB
RSS_SAMPLE t=131.6s rss=3948MB hwm=3948MB
RSS_SAMPLE t=131.8s rss=3949MB hwm=3949MB
RSS_SAMPLE t=132.1s rss=3949MB hwm=3949MB
RSS_SAMPLE t=132.3s rss=3949MB hwm=3949MB
RSS_SAMPLE t=132.6s rss=3950MB hwm=3950MB
RSS_SAMPLE t=132.8s rss=3951MB hwm=3951MB
RSS_SAMPLE t=133.1s rss=3952MB hwm=3952MB
RSS_SAMPLE t=133.3s rss=3952MB hwm=3952MB
RSS_SAMPLE t=133.6s rss=3953MB hwm=3953MB
RSS_SAMPLE t=133.8s rss=3954MB hwm=3954MB
RSS_SAMPLE t=134.1s rss=3954MB hwm=3954MB
RSS_SAMPLE t=134.3s rss=3955MB hwm=3955MB
RSS_SAMPLE t=134.6s rss=3956MB hwm=3956MB
RSS_SAMPLE t=134.8s rss=3957MB hwm=3957MB
RSS_SAMPLE t=135.1s rss=3957MB hwm=3957MB
RSS_SAMPLE t=135.4s rss=3958MB hwm=3958MB
RSS_SAMPLE t=135.6s rss=3959MB hwm=3959MB
RSS_SAMPLE t=135.9s rss=3960MB hwm=3960MB
RSS_SAMPLE t=136.1s rss=3961MB hwm=3961MB
RSS_SAMPLE t=136.4s rss=3961MB hwm=3961MB
RSS_SAMPLE t=136.6s rss=3962MB hwm=3962MB
RSS_SAMPLE t=136.9s rss=3962MB hwm=3962MB
RSS_SAMPLE t=137.1s rss=3963MB hwm=3963MB
RSS_SAMPLE t=137.4s rss=3964MB hwm=3964MB
RSS_SAMPLE t=137.6s rss=3964MB hwm=3964MB
RSS_SAMPLE t=137.9s rss=3965MB hwm=3965MB
RSS_SAMPLE t=138.1s rss=3966MB hwm=3966MB
RSS_SAMPLE t=138.4s rss=3966MB hwm=3966MB
RSS_SAMPLE t=138.6s rss=3966MB hwm=3966MB
RSS_SAMPLE t=138.9s rss=3967MB hwm=3967MB
RSS_SAMPLE t=139.1s rss=3967MB hwm=3967MB
RSS_SAMPLE t=139.4s rss=3969MB hwm=3969MB
RSS_SAMPLE t=139.6s rss=3969MB hwm=3969MB
RSS_SAMPLE t=139.9s rss=3969MB hwm=3969MB
RSS_SAMPLE t=140.1s rss=3970MB hwm=3970MB
RSS_SAMPLE t=140.4s rss=3970MB hwm=3970MB
RSS_SAMPLE t=140.6s rss=3970MB hwm=3970MB
RSS_SAMPLE t=140.9s rss=3971MB hwm=3971MB
RSS_SAMPLE t=141.1s rss=3971MB hwm=3971MB
RSS_SAMPLE t=141.4s rss=3972MB hwm=3972MB
RSS_SAMPLE t=141.6s rss=3973MB hwm=3973MB
RSS_SAMPLE t=141.9s rss=3973MB hwm=3973MB
RSS_SAMPLE t=142.1s rss=3973MB hwm=3973MB
RSS_SAMPLE t=142.4s rss=3973MB hwm=3973MB
RSS_SAMPLE t=142.6s rss=3975MB hwm=3975MB
RSS_SAMPLE t=142.9s rss=3975MB hwm=3975MB
RSS_SAMPLE t=143.1s rss=3976MB hwm=3976MB
RSS_SAMPLE t=143.4s rss=3976MB hwm=3976MB
RSS_SAMPLE t=143.6s rss=3976MB hwm=3976MB
RSS_SAMPLE t=143.9s rss=3978MB hwm=3978MB
RSS_SAMPLE t=144.1s rss=3978MB hwm=3978MB
RSS_SAMPLE t=144.4s rss=3979MB hwm=3979MB
RSS_SAMPLE t=144.6s rss=3980MB hwm=3980MB
RSS_SAMPLE t=144.9s rss=3981MB hwm=3981MB
RSS_SAMPLE t=145.1s rss=3982MB hwm=3982MB
RSS_SAMPLE t=145.4s rss=3982MB hwm=3982MB
RSS_SAMPLE t=145.6s rss=3982MB hwm=3982MB
RSS_SAMPLE t=145.9s rss=3984MB hwm=3984MB
RSS_SAMPLE t=146.1s rss=3984MB hwm=3984MB
RSS_SAMPLE t=146.4s rss=3985MB hwm=3985MB
RSS_SAMPLE t=146.6s rss=3985MB hwm=3985MB
RSS_SAMPLE t=146.9s rss=3986MB hwm=3986MB
RSS_SAMPLE t=147.1s rss=3987MB hwm=3987MB
RSS_SAMPLE t=147.4s rss=3987MB hwm=3987MB
RSS_SAMPLE t=147.6s rss=3988MB hwm=3988MB
RSS_SAMPLE t=147.9s rss=3988MB hwm=3988MB
RSS_SAMPLE t=148.1s rss=3989MB hwm=3989MB
RSS_SAMPLE t=148.4s rss=3989MB hwm=3989MB
RSS_SAMPLE t=148.6s rss=3990MB hwm=3990MB
RSS_SAMPLE t=148.9s rss=3990MB hwm=3990MB
RSS_SAMPLE t=149.1s rss=3990MB hwm=3990MB
RSS_SAMPLE t=149.4s rss=3991MB hwm=3991MB
RSS_SAMPLE t=149.6s rss=3991MB hwm=3991MB
RSS_SAMPLE t=149.9s rss=3992MB hwm=3992MB
RSS_SAMPLE t=150.1s rss=3992MB hwm=3992MB
RSS_SAMPLE t=150.4s rss=3992MB hwm=3992MB
RSS_SAMPLE t=150.6s rss=3993MB hwm=3993MB
RSS_SAMPLE t=150.9s rss=3993MB hwm=3993MB
RSS_SAMPLE t=151.1s rss=3993MB hwm=3993MB
RSS_SAMPLE t=151.4s rss=3993MB hwm=3993MB
RSS_SAMPLE t=151.6s rss=3994MB hwm=3994MB
RSS_SAMPLE t=151.9s rss=3995MB hwm=3995MB
RSS_SAMPLE t=152.1s rss=3995MB hwm=3995MB
RSS_SAMPLE t=152.4s rss=3996MB hwm=3996MB
RSS_SAMPLE t=152.6s rss=3997MB hwm=3997MB
RSS_SAMPLE t=152.9s rss=3997MB hwm=3997MB
RSS_SAMPLE t=153.1s rss=3999MB hwm=3999MB
RSS_SAMPLE t=153.4s rss=3999MB hwm=3999MB
RSS_SAMPLE t=153.6s rss=3999MB hwm=3999MB
RSS_SAMPLE t=153.9s rss=4000MB hwm=4000MB
RSS_SAMPLE t=154.1s rss=4000MB hwm=4000MB
RSS_SAMPLE t=154.4s rss=4001MB hwm=4001MB
RSS_SAMPLE t=154.6s rss=4002MB hwm=4002MB
RSS_SAMPLE t=154.9s rss=4002MB hwm=4002MB
RSS_SAMPLE t=155.1s rss=4003MB hwm=4003MB
RSS_SAMPLE t=155.4s rss=4004MB hwm=4004MB
RSS_SAMPLE t=155.6s rss=4004MB hwm=4004MB
RSS_SAMPLE t=155.9s rss=4005MB hwm=4005MB
RSS_SAMPLE t=156.1s rss=4006MB hwm=4006MB
RSS_SAMPLE t=156.4s rss=4006MB hwm=4006MB
RSS_SAMPLE t=156.6s rss=4006MB hwm=4006MB
RSS_SAMPLE t=156.9s rss=4007MB hwm=4007MB
RSS_SAMPLE t=157.1s rss=4008MB hwm=4008MB
RSS_SAMPLE t=157.4s rss=4008MB hwm=4008MB
RSS_SAMPLE t=157.6s rss=4009MB hwm=4009MB
RSS_SAMPLE t=157.9s rss=4010MB hwm=4010MB
RSS_SAMPLE t=158.1s rss=4010MB hwm=4010MB
RSS_SAMPLE t=158.4s rss=4010MB hwm=4010MB
RSS_SAMPLE t=158.6s rss=4011MB hwm=4011MB
RSS_SAMPLE t=158.9s rss=4011MB hwm=4011MB
RSS_SAMPLE t=159.1s rss=4012MB hwm=4012MB
RSS_SAMPLE t=159.4s rss=4012MB hwm=4012MB
RSS_SAMPLE t=159.6s rss=4013MB hwm=4013MB
RSS_SAMPLE t=159.9s rss=4013MB hwm=4013MB
RSS_SAMPLE t=160.1s rss=4014MB hwm=4014MB
RSS_SAMPLE t=160.4s rss=4015MB hwm=4015MB
RSS_SAMPLE t=160.6s rss=4016MB hwm=4016MB
RSS_SAMPLE t=160.9s rss=4016MB hwm=4016MB
RSS_SAMPLE t=161.1s rss=4017MB hwm=4017MB
RSS_SAMPLE t=161.4s rss=4018MB hwm=4018MB
RSS_SAMPLE t=161.6s rss=4018MB hwm=4018MB
RSS_SAMPLE t=161.9s rss=4019MB hwm=4019MB
RSS_SAMPLE t=162.1s rss=4019MB hwm=4019MB
RSS_SAMPLE t=162.4s rss=4020MB hwm=4020MB
RSS_SAMPLE t=162.6s rss=4021MB hwm=4021MB
RSS_SAMPLE t=162.9s rss=4022MB hwm=4022MB
RSS_SAMPLE t=163.1s rss=4022MB hwm=4022MB
RSS_SAMPLE t=163.4s rss=4023MB hwm=4023MB
RSS_SAMPLE t=163.6s rss=4023MB hwm=4023MB
RSS_SAMPLE t=163.9s rss=4024MB hwm=4024MB
RSS_SAMPLE t=164.1s rss=4024MB hwm=4024MB
RSS_SAMPLE t=164.4s rss=4024MB hwm=4024MB
RSS_SAMPLE t=164.6s rss=4024MB hwm=4024MB
RSS_SAMPLE t=164.9s rss=4025MB hwm=4025MB
RSS_SAMPLE t=165.1s rss=4025MB hwm=4025MB
RSS_SAMPLE t=165.4s rss=4025MB hwm=4025MB
RSS_SAMPLE t=165.6s rss=4026MB hwm=4026MB
RSS_SAMPLE t=165.9s rss=4026MB hwm=4026MB
RSS_SAMPLE t=166.1s rss=4027MB hwm=4027MB
RSS_SAMPLE t=166.4s rss=4028MB hwm=4028MB
RSS_SAMPLE t=166.6s rss=4028MB hwm=4028MB
RSS_SAMPLE t=166.9s rss=4029MB hwm=4029MB
RSS_SAMPLE t=167.1s rss=4030MB hwm=4030MB
RSS_SAMPLE t=167.4s rss=4031MB hwm=4031MB
RSS_SAMPLE t=167.6s rss=4032MB hwm=4032MB
RSS_SAMPLE t=167.9s rss=4032MB hwm=4032MB
RSS_SAMPLE t=168.1s rss=4033MB hwm=4033MB
RSS_SAMPLE t=168.4s rss=4034MB hwm=4034MB
RSS_SAMPLE t=168.6s rss=4035MB hwm=4035MB
RSS_SAMPLE t=168.9s rss=4035MB hwm=4035MB
RSS_SAMPLE t=169.1s rss=4036MB hwm=4036MB
RSS_SAMPLE t=169.4s rss=4037MB hwm=4037MB
RSS_SAMPLE t=169.6s rss=4038MB hwm=4038MB
RSS_SAMPLE t=169.9s rss=4039MB hwm=4039MB
RSS_SAMPLE t=170.1s rss=4040MB hwm=4040MB
RSS_SAMPLE t=170.4s rss=4040MB hwm=4040MB
RSS_SAMPLE t=170.6s rss=4041MB hwm=4041MB
RSS_SAMPLE t=170.9s rss=4041MB hwm=4041MB
RSS_SAMPLE t=171.1s rss=4042MB hwm=4042MB
RSS_SAMPLE t=171.4s rss=4043MB hwm=4043MB
RSS_SAMPLE t=171.6s rss=4043MB hwm=4043MB
RSS_SAMPLE t=171.9s rss=4044MB hwm=4044MB
RSS_SAMPLE t=172.1s rss=4045MB hwm=4045MB
RSS_SAMPLE t=172.4s rss=4045MB hwm=4045MB
RSS_SAMPLE t=172.6s rss=4045MB hwm=4045MB
RSS_SAMPLE t=172.9s rss=4045MB hwm=4045MB
RSS_SAMPLE t=173.1s rss=4046MB hwm=4046MB
RSS_SAMPLE t=173.4s rss=4046MB hwm=4046MB
RSS_SAMPLE t=173.6s rss=4046MB hwm=4046MB
RSS_SAMPLE t=173.9s rss=4046MB hwm=4046MB
RSS_SAMPLE t=174.2s rss=4046MB hwm=4046MB
RSS_SAMPLE t=174.4s rss=4046MB hwm=4046MB
RSS_SAMPLE t=174.7s rss=4047MB hwm=4047MB
RSS_SAMPLE t=174.9s rss=4047MB hwm=4047MB
RSS_SAMPLE t=175.2s rss=4047MB hwm=4047MB
RSS_SAMPLE t=175.4s rss=4047MB hwm=4047MB
RSS_SAMPLE t=175.7s rss=4047MB hwm=4047MB
RSS_SAMPLE t=175.9s rss=4047MB hwm=4047MB
RSS_SAMPLE t=176.2s rss=4047MB hwm=4047MB
RSS_SAMPLE t=176.4s rss=4047MB hwm=4047MB
RSS_SAMPLE t=176.7s rss=4047MB hwm=4047MB
RSS_SAMPLE t=176.9s rss=4047MB hwm=4047MB
RSS_SAMPLE t=177.2s rss=4047MB hwm=4047MB
RSS_SAMPLE t=177.4s rss=4047MB hwm=4047MB
RSS_SAMPLE t=177.7s rss=4047MB hwm=4047MB
RSS_SAMPLE t=177.9s rss=4047MB hwm=4047MB
RSS_SAMPLE t=178.2s rss=4047MB hwm=4047MB
RSS_SAMPLE t=178.4s rss=4047MB hwm=4047MB
RSS_SAMPLE t=178.7s rss=4047MB hwm=4047MB
RSS_SAMPLE t=178.9s rss=4047MB hwm=4047MB
RSS_SAMPLE t=179.2s rss=4047MB hwm=4047MB
RSS_SAMPLE t=179.4s rss=4048MB hwm=4048MB
RSS_SAMPLE t=179.7s rss=4048MB hwm=4048MB
RSS_SAMPLE t=179.9s rss=4048MB hwm=4048MB
RSS_SAMPLE t=180.2s rss=4048MB hwm=4048MB
RSS_SAMPLE t=180.4s rss=4048MB hwm=4048MB
RSS_SAMPLE t=180.7s rss=4048MB hwm=4048MB
RSS_SAMPLE t=180.9s rss=4048MB hwm=4048MB
RSS_SAMPLE t=181.2s rss=4048MB hwm=4048MB
RSS_SAMPLE t=181.4s rss=4048MB hwm=4048MB
RSS_SAMPLE t=181.7s rss=4048MB hwm=4048MB
RSS_SAMPLE t=181.9s rss=4048MB hwm=4048MB
RSS_SAMPLE t=182.2s rss=4048MB hwm=4048MB
RSS_SAMPLE t=182.4s rss=4048MB hwm=4048MB
RSS_SAMPLE t=182.7s rss=4048MB hwm=4048MB
RSS_SAMPLE t=182.9s rss=4048MB hwm=4048MB
RSS_SAMPLE t=183.2s rss=4048MB hwm=4048MB
RSS_SAMPLE t=183.4s rss=4049MB hwm=4049MB
RSS_SAMPLE t=183.7s rss=4049MB hwm=4049MB
RSS_SAMPLE t=183.9s rss=4049MB hwm=4049MB
RSS_SAMPLE t=184.2s rss=4049MB hwm=4049MB
RSS_SAMPLE t=184.4s rss=4049MB hwm=4049MB
RSS_SAMPLE t=184.7s rss=4049MB hwm=4049MB
RSS_SAMPLE t=184.9s rss=4049MB hwm=4049MB
RSS_SAMPLE t=185.2s rss=4049MB hwm=4049MB
RSS_SAMPLE t=185.4s rss=4049MB hwm=4049MB
RSS_SAMPLE t=185.7s rss=4049MB hwm=4049MB
RSS_SAMPLE t=185.9s rss=4049MB hwm=4049MB
RSS_SAMPLE t=186.2s rss=4049MB hwm=4049MB
RSS_SAMPLE t=186.4s rss=4049MB hwm=4049MB
RSS_SAMPLE t=186.7s rss=4049MB hwm=4049MB
RSS_SAMPLE t=186.9s rss=4049MB hwm=4049MB
RSS_SAMPLE t=187.2s rss=4049MB hwm=4049MB
RSS_SAMPLE t=187.4s rss=4049MB hwm=4049MB
RSS_SAMPLE t=187.7s rss=4049MB hwm=4049MB
RSS_SAMPLE t=187.9s rss=4049MB hwm=4049MB
RSS_SAMPLE t=188.2s rss=4049MB hwm=4049MB
RSS_SAMPLE t=188.4s rss=4049MB hwm=4049MB
RSS_SAMPLE t=188.7s rss=4049MB hwm=4049MB
RSS_SAMPLE t=188.9s rss=4050MB hwm=4050MB
RSS_SAMPLE t=189.2s rss=4050MB hwm=4050MB
RSS_SAMPLE t=189.4s rss=4050MB hwm=4050MB
RSS_SAMPLE t=189.7s rss=4050MB hwm=4050MB
RSS_SAMPLE t=189.9s rss=4050MB hwm=4050MB
RSS_SAMPLE t=190.2s rss=4050MB hwm=4050MB
RSS_SAMPLE t=190.4s rss=4050MB hwm=4050MB
RSS_SAMPLE t=190.7s rss=4050MB hwm=4050MB
RSS_SAMPLE t=190.9s rss=4050MB hwm=4050MB
RSS_SAMPLE t=191.2s rss=4050MB hwm=4050MB
RSS_SAMPLE t=191.4s rss=4050MB hwm=4050MB
RSS_SAMPLE t=191.7s rss=4050MB hwm=4050MB
RSS_SAMPLE t=191.9s rss=4050MB hwm=4050MB
RSS_SAMPLE t=192.2s rss=4050MB hwm=4050MB
RSS_SAMPLE t=192.4s rss=4050MB hwm=4050MB
RSS_SAMPLE t=192.7s rss=4050MB hwm=4050MB
RSS_SAMPLE t=192.9s rss=4050MB hwm=4050MB
RSS_SAMPLE t=193.2s rss=4050MB hwm=4050MB
RSS_SAMPLE t=193.4s rss=4050MB hwm=4050MB
RSS_SAMPLE t=193.7s rss=4050MB hwm=4050MB
RSS_SAMPLE t=193.9s rss=4050MB hwm=4050MB
RSS_SAMPLE t=194.2s rss=4050MB hwm=4050MB
RSS_SAMPLE t=194.4s rss=4051MB hwm=4051MB
RSS_SAMPLE t=194.7s rss=4051MB hwm=4051MB
RSS_SAMPLE t=194.9s rss=4051MB hwm=4051MB
RSS_SAMPLE t=195.2s rss=4051MB hwm=4051MB
RSS_SAMPLE t=195.4s rss=4051MB hwm=4051MB
RSS_SAMPLE t=195.7s rss=4051MB hwm=4051MB
RSS_SAMPLE t=195.9s rss=4051MB hwm=4051MB
RSS_SAMPLE t=196.2s rss=4051MB hwm=4051MB
RSS_SAMPLE t=196.4s rss=4051MB hwm=4051MB
RSS_SAMPLE t=196.7s rss=4051MB hwm=4051MB
RSS_SAMPLE t=196.9s rss=4051MB hwm=4051MB
RSS_SAMPLE t=197.2s rss=4051MB hwm=4051MB
RSS_SAMPLE t=197.4s rss=4052MB hwm=4052MB
RSS_SAMPLE t=197.7s rss=4052MB hwm=4052MB
RSS_SAMPLE t=197.9s rss=4052MB hwm=4052MB
RSS_SAMPLE t=198.2s rss=4052MB hwm=4052MB
RSS_SAMPLE t=198.4s rss=4052MB hwm=4052MB
RSS_SAMPLE t=198.7s rss=4052MB hwm=4052MB
RSS_SAMPLE t=198.9s rss=4052MB hwm=4052MB
RSS_SAMPLE t=199.2s rss=4052MB hwm=4052MB
RSS_SAMPLE t=199.4s rss=4052MB hwm=4052MB
RSS_SAMPLE t=199.7s rss=4052MB hwm=4052MB
RSS_SAMPLE t=199.9s rss=4052MB hwm=4052MB
RSS_SAMPLE t=200.2s rss=4052MB hwm=4052MB
RSS_SAMPLE t=200.4s rss=4052MB hwm=4052MB
RSS_SAMPLE t=200.7s rss=4052MB hwm=4052MB
RSS_SAMPLE t=200.9s rss=4052MB hwm=4052MB
RSS_SAMPLE t=201.2s rss=4052MB hwm=4052MB
MEM_POOL: workspaces=32 dense_usage_mb=1251 n_pipes=2562403
    post_solve_diag[outer=0]: solves=105117 cap_armed=105117 (100.0%) settle_avg=9918 above_sink_avg=225 (2.3%) settle_max=69353
    rss_probe[outer=0]: pre_post_solve=1939MB post_post_solve=4072MB after_apply=4072MB
MuxSlotTracker[sweep 0 LEAK]: populated_cells=59734, overflow_tiles=4, at_cap_tiles=1776, peak_excess=10, capacity_hist={16:67346}
RSS_SAMPLE t=201.4s rss=4055MB hwm=4067MB
    E_decomp: base=10812421.2 eff=11365256.3 cong=552835.1 cong_share=4.9% sat_pipes=171307 max_util=1124.44  R_buckets: 1-2x=2562403 2-10x=0 10-100x=0 >=100x=0
    E_potential: beckmann=14367389116381.3 history_total=0.0
    SpanCache: epoch=1 entries=110 lookups=2562403 hits=2562293 misses=110 hit_rate=100.0%
  DCD   0: nets=105117 line=17501794 energy=2438291.571 dE=+0.000 friction=4559760.4 bins=2.7x(1258) excess=681.4 moved=59529 disp=inf solves=210234 skip=0 pops=2129855241 theta=0.250 refresh=135731ms dcd=6935ms total=145204ms
    cache_stats: entries=50928719 capacity=85407868 est_mb=738 rss_mb=4055
RSS_SAMPLE t=201.7s rss=4056MB hwm=4067MB
RSS_SAMPLE t=201.9s rss=4056MB hwm=4067MB
RSS_SAMPLE t=202.2s rss=4056MB hwm=4067MB
RSS_SAMPLE t=202.4s rss=4056MB hwm=4067MB
RSS_SAMPLE t=202.7s rss=4056MB hwm=4067MB
RSS_SAMPLE t=202.9s rss=4056MB hwm=4067MB
RSS_SAMPLE t=203.2s rss=4056MB hwm=4067MB
RSS_SAMPLE t=203.4s rss=4056MB hwm=4067MB
RSS_SAMPLE t=203.7s rss=4056MB hwm=4067MB
RSS_SAMPLE t=203.9s rss=4056MB hwm=4067MB
    SwitchMatrix: type_usage_pairs=926 lookups=2634 hits=1708 dijkstra_calls=926 avg_us=12.5 total_ms=11.6
PHASE_MARK outer=1 enter=pre_solve rss=4056MB
    rss_probe[outer=1]: pre_refresh_rss=4056MB post_pre_solve_rss=4056MB cache_entries=50928719 cache_cap=85407868 cache_est_mb=738
    pre_solve_diag[outer=1]: solves=0 fallback=0 (0.0%) cap_armed=0 (0.0%) settle_avg=0 settle_max=0 init_count=254
    Overflow: over=153025 (6.0% of used) avg_excess=3.09 max_excess=1520.00 (nc=1544.00 cap=24 span=1)  excess_buckets: <=1=62774 1-5=66633 5-20=20864 >20=2754  by_cap: cap1=67792 cap2=55812 cap3-5=186 cap>5=29235  by_span: s1=1800 s2-3=2095 s4-6=17194 s7-12=61244 s>12=70692  le1_cross: cap1=34135 cap2-5=25539 cap>5=3100
    Congestion: pipes=2562403 used=2562403 congested(>50%)=318856 saturated(>90%)=171307 max_util=1124.44 avg_util=0.3001
PHASE_MARK outer=1 enter=dcd_sweep rss=4056MB
RSS_SAMPLE t=204.2s rss=4056MB hwm=4067MB
RSS_SAMPLE t=204.4s rss=4056MB hwm=4067MB
RSS_SAMPLE t=204.7s rss=4056MB hwm=4067MB
RSS_SAMPLE t=204.9s rss=4056MB hwm=4067MB
RSS_SAMPLE t=205.2s rss=4056MB hwm=4067MB
RSS_SAMPLE t=205.4s rss=4056MB hwm=4067MB
RSS_SAMPLE t=205.7s rss=4056MB hwm=4067MB
RSS_SAMPLE t=205.9s rss=4056MB hwm=4067MB
RSS_SAMPLE t=206.2s rss=4056MB hwm=4067MB
RSS_SAMPLE t=206.4s rss=4056MB hwm=4067MB
RSS_SAMPLE t=206.7s rss=4056MB hwm=4067MB
RSS_SAMPLE t=206.9s rss=4056MB hwm=4067MB
RSS_SAMPLE t=207.2s rss=4056MB hwm=4067MB
RSS_SAMPLE t=207.4s rss=4056MB hwm=4067MB
RSS_SAMPLE t=207.7s rss=4056MB hwm=4067MB
RSS_SAMPLE t=207.9s rss=4056MB hwm=4067MB
RSS_SAMPLE t=208.2s rss=4056MB hwm=4067MB
RSS_SAMPLE t=208.4s rss=4056MB hwm=4067MB
RSS_SAMPLE t=208.7s rss=4056MB hwm=4067MB
RSS_SAMPLE t=208.9s rss=4056MB hwm=4067MB
RSS_SAMPLE t=209.2s rss=4056MB hwm=4067MB
RSS_SAMPLE t=209.4s rss=4056MB hwm=4067MB
RSS_SAMPLE t=209.7s rss=4056MB hwm=4067MB
RSS_SAMPLE t=209.9s rss=4056MB hwm=4067MB
RSS_SAMPLE t=210.2s rss=4056MB hwm=4067MB
RSS_SAMPLE t=210.4s rss=4056MB hwm=4067MB
RSS_SAMPLE t=210.7s rss=4056MB hwm=4067MB
PHASE_MARK outer=1 leave=dcd_sweep rss=4056MB
PHASE_MARK outer=1 enter=post_refresh rss=4056MB
RSS_SAMPLE t=210.9s rss=4058MB hwm=4067MB
RSS_SAMPLE t=211.2s rss=4064MB hwm=4067MB
RSS_SAMPLE t=211.4s rss=4065MB hwm=4067MB
RSS_SAMPLE t=211.7s rss=4065MB hwm=4067MB
RSS_SAMPLE t=211.9s rss=4065MB hwm=4067MB
RSS_SAMPLE t=212.2s rss=4065MB hwm=4067MB
RSS_SAMPLE t=212.4s rss=4065MB hwm=4067MB
RSS_SAMPLE t=212.7s rss=4065MB hwm=4067MB
RSS_SAMPLE t=212.9s rss=4065MB hwm=4067MB
RSS_SAMPLE t=213.2s rss=4065MB hwm=4067MB
RSS_SAMPLE t=213.4s rss=4065MB hwm=4067MB
RSS_SAMPLE t=213.7s rss=4213MB hwm=4213MB
RSS_SAMPLE t=213.9s rss=4234MB hwm=4234MB
RSS_SAMPLE t=214.2s rss=4246MB hwm=4246MB
RSS_SAMPLE t=214.4s rss=4262MB hwm=4262MB
RSS_SAMPLE t=214.7s rss=4268MB hwm=4268MB
RSS_SAMPLE t=214.9s rss=4271MB hwm=4271MB
RSS_SAMPLE t=215.2s rss=4274MB hwm=4274MB
RSS_SAMPLE t=215.4s rss=4279MB hwm=4279MB
RSS_SAMPLE t=215.7s rss=4279MB hwm=4279MB
RSS_SAMPLE t=215.9s rss=4282MB hwm=4282MB
RSS_SAMPLE t=216.2s rss=4283MB hwm=4283MB
RSS_SAMPLE t=216.4s rss=4285MB hwm=4285MB
RSS_SAMPLE t=216.7s rss=4285MB hwm=4285MB
RSS_SAMPLE t=216.9s rss=4286MB hwm=4286MB
RSS_SAMPLE t=217.2s rss=4288MB hwm=4288MB
RSS_SAMPLE t=217.4s rss=4288MB hwm=4288MB
RSS_SAMPLE t=217.7s rss=4290MB hwm=4290MB
RSS_SAMPLE t=217.9s rss=4291MB hwm=4291MB
RSS_SAMPLE t=218.2s rss=4292MB hwm=4292MB
RSS_SAMPLE t=218.4s rss=4293MB hwm=4293MB
RSS_SAMPLE t=218.7s rss=4294MB hwm=4294MB
RSS_SAMPLE t=218.9s rss=4295MB hwm=4295MB
RSS_SAMPLE t=219.2s rss=4296MB hwm=4296MB
RSS_SAMPLE t=219.4s rss=4298MB hwm=4298MB
RSS_SAMPLE t=219.7s rss=4299MB hwm=4299MB
RSS_SAMPLE t=219.9s rss=4300MB hwm=4300MB
RSS_SAMPLE t=220.2s rss=4301MB hwm=4301MB
RSS_SAMPLE t=220.4s rss=4301MB hwm=4301MB
RSS_SAMPLE t=220.7s rss=4302MB hwm=4302MB
RSS_SAMPLE t=220.9s rss=4303MB hwm=4303MB
RSS_SAMPLE t=221.2s rss=4303MB hwm=4303MB
RSS_SAMPLE t=221.4s rss=4304MB hwm=4304MB
RSS_SAMPLE t=221.7s rss=4305MB hwm=4305MB
RSS_SAMPLE t=221.9s rss=4306MB hwm=4306MB
RSS_SAMPLE t=222.2s rss=4306MB hwm=4306MB
RSS_SAMPLE t=222.4s rss=4307MB hwm=4307MB
RSS_SAMPLE t=222.7s rss=4308MB hwm=4308MB
RSS_SAMPLE t=222.9s rss=4309MB hwm=4309MB
RSS_SAMPLE t=223.2s rss=4310MB hwm=4310MB
RSS_SAMPLE t=223.4s rss=4310MB hwm=4310MB
RSS_SAMPLE t=223.7s rss=4311MB hwm=4311MB
RSS_SAMPLE t=223.9s rss=4311MB hwm=4311MB
RSS_SAMPLE t=224.2s rss=4312MB hwm=4312MB
RSS_SAMPLE t=224.4s rss=4312MB hwm=4312MB
RSS_SAMPLE t=224.7s rss=4313MB hwm=4313MB
RSS_SAMPLE t=224.9s rss=4314MB hwm=4314MB
RSS_SAMPLE t=225.2s rss=4314MB hwm=4314MB
RSS_SAMPLE t=225.4s rss=4315MB hwm=4315MB
RSS_SAMPLE t=225.7s rss=4315MB hwm=4315MB
RSS_SAMPLE t=225.9s rss=4316MB hwm=4316MB
RSS_SAMPLE t=226.2s rss=4317MB hwm=4317MB
RSS_SAMPLE t=226.4s rss=4318MB hwm=4318MB
RSS_SAMPLE t=226.7s rss=4318MB hwm=4318MB
RSS_SAMPLE t=226.9s rss=4319MB hwm=4319MB
RSS_SAMPLE t=227.2s rss=4319MB hwm=4319MB
RSS_SAMPLE t=227.4s rss=4319MB hwm=4319MB
RSS_SAMPLE t=227.7s rss=4320MB hwm=4320MB
RSS_SAMPLE t=227.9s rss=4320MB hwm=4320MB
RSS_SAMPLE t=228.2s rss=4321MB hwm=4321MB
RSS_SAMPLE t=228.4s rss=4321MB hwm=4321MB
RSS_SAMPLE t=228.7s rss=4321MB hwm=4321MB
RSS_SAMPLE t=228.9s rss=4321MB hwm=4321MB
RSS_SAMPLE t=229.2s rss=4322MB hwm=4322MB
RSS_SAMPLE t=229.4s rss=4322MB hwm=4322MB
RSS_SAMPLE t=229.7s rss=4322MB hwm=4322MB
RSS_SAMPLE t=229.9s rss=4323MB hwm=4323MB
RSS_SAMPLE t=230.2s rss=4323MB hwm=4323MB
RSS_SAMPLE t=230.4s rss=4323MB hwm=4323MB
RSS_SAMPLE t=230.7s rss=4323MB hwm=4323MB
RSS_SAMPLE t=230.9s rss=4324MB hwm=4324MB
RSS_SAMPLE t=231.2s rss=4324MB hwm=4324MB
RSS_SAMPLE t=231.4s rss=4325MB hwm=4325MB
RSS_SAMPLE t=231.7s rss=4325MB hwm=4325MB
RSS_SAMPLE t=231.9s rss=4325MB hwm=4325MB
RSS_SAMPLE t=232.2s rss=4325MB hwm=4325MB
RSS_SAMPLE t=232.4s rss=4326MB hwm=4326MB
RSS_SAMPLE t=232.7s rss=4326MB hwm=4326MB
RSS_SAMPLE t=232.9s rss=4327MB hwm=4327MB
RSS_SAMPLE t=233.2s rss=4327MB hwm=4327MB
RSS_SAMPLE t=233.4s rss=4328MB hwm=4328MB
RSS_SAMPLE t=233.7s rss=4328MB hwm=4328MB
RSS_SAMPLE t=234.0s rss=4328MB hwm=4328MB
RSS_SAMPLE t=234.2s rss=4328MB hwm=4328MB
RSS_SAMPLE t=234.5s rss=4328MB hwm=4328MB
RSS_SAMPLE t=234.7s rss=4329MB hwm=4329MB
RSS_SAMPLE t=235.0s rss=4329MB hwm=4329MB
RSS_SAMPLE t=235.2s rss=4329MB hwm=4329MB
RSS_SAMPLE t=235.5s rss=4330MB hwm=4330MB
RSS_SAMPLE t=235.7s rss=4330MB hwm=4330MB
RSS_SAMPLE t=236.0s rss=4330MB hwm=4330MB
RSS_SAMPLE t=236.2s rss=4330MB hwm=4330MB
RSS_SAMPLE t=236.5s rss=4330MB hwm=4330MB
RSS_SAMPLE t=236.7s rss=4331MB hwm=4331MB
RSS_SAMPLE t=237.0s rss=4331MB hwm=4331MB
RSS_SAMPLE t=237.2s rss=4331MB hwm=4331MB
RSS_SAMPLE t=237.5s rss=4331MB hwm=4331MB
RSS_SAMPLE t=237.7s rss=4332MB hwm=4332MB
RSS_SAMPLE t=238.0s rss=4332MB hwm=4332MB
RSS_SAMPLE t=238.2s rss=4333MB hwm=4333MB
RSS_SAMPLE t=238.5s rss=4333MB hwm=4333MB
RSS_SAMPLE t=238.7s rss=4333MB hwm=4333MB
RSS_SAMPLE t=239.0s rss=4333MB hwm=4333MB
RSS_SAMPLE t=239.2s rss=4334MB hwm=4334MB
RSS_SAMPLE t=239.5s rss=4334MB hwm=4334MB
RSS_SAMPLE t=239.7s rss=4335MB hwm=4335MB
RSS_SAMPLE t=240.0s rss=4335MB hwm=4335MB
RSS_SAMPLE t=240.2s rss=4335MB hwm=4335MB
RSS_SAMPLE t=240.5s rss=4335MB hwm=4335MB
RSS_SAMPLE t=240.7s rss=4336MB hwm=4336MB
RSS_SAMPLE t=241.0s rss=4336MB hwm=4336MB
RSS_SAMPLE t=241.2s rss=4337MB hwm=4337MB
RSS_SAMPLE t=241.5s rss=4337MB hwm=4337MB
RSS_SAMPLE t=241.7s rss=4337MB hwm=4337MB
RSS_SAMPLE t=242.0s rss=4337MB hwm=4337MB
RSS_SAMPLE t=242.2s rss=4337MB hwm=4337MB
RSS_SAMPLE t=242.5s rss=4337MB hwm=4337MB
RSS_SAMPLE t=242.7s rss=4337MB hwm=4337MB
RSS_SAMPLE t=243.0s rss=4337MB hwm=4337MB
RSS_SAMPLE t=243.2s rss=4337MB hwm=4337MB
RSS_SAMPLE t=243.5s rss=4337MB hwm=4337MB
RSS_SAMPLE t=243.7s rss=4337MB hwm=4337MB
RSS_SAMPLE t=244.0s rss=4337MB hwm=4337MB
RSS_SAMPLE t=244.2s rss=4337MB hwm=4337MB
RSS_SAMPLE t=244.5s rss=4337MB hwm=4337MB
RSS_SAMPLE t=244.7s rss=4337MB hwm=4337MB
RSS_SAMPLE t=245.0s rss=4337MB hwm=4337MB
RSS_SAMPLE t=245.2s rss=4337MB hwm=4337MB
RSS_SAMPLE t=245.5s rss=4337MB hwm=4337MB
RSS_SAMPLE t=245.7s rss=4337MB hwm=4337MB
RSS_SAMPLE t=246.0s rss=4337MB hwm=4337MB
RSS_SAMPLE t=246.2s rss=4337MB hwm=4337MB
RSS_SAMPLE t=246.5s rss=4337MB hwm=4337MB
RSS_SAMPLE t=246.7s rss=4337MB hwm=4337MB
RSS_SAMPLE t=247.0s rss=4337MB hwm=4337MB
RSS_SAMPLE t=247.2s rss=4337MB hwm=4337MB
RSS_SAMPLE t=247.5s rss=4337MB hwm=4337MB
RSS_SAMPLE t=247.7s rss=4337MB hwm=4337MB
RSS_SAMPLE t=248.0s rss=4337MB hwm=4337MB
RSS_SAMPLE t=248.2s rss=4337MB hwm=4337MB
RSS_SAMPLE t=248.5s rss=4337MB hwm=4337MB
RSS_SAMPLE t=248.7s rss=4337MB hwm=4337MB
RSS_SAMPLE t=249.0s rss=4338MB hwm=4338MB
RSS_SAMPLE t=249.2s rss=4338MB hwm=4338MB
RSS_SAMPLE t=249.5s rss=4338MB hwm=4338MB
RSS_SAMPLE t=249.7s rss=4338MB hwm=4338MB
RSS_SAMPLE t=250.0s rss=4338MB hwm=4338MB
RSS_SAMPLE t=250.2s rss=4338MB hwm=4338MB
RSS_SAMPLE t=250.5s rss=4338MB hwm=4338MB
RSS_SAMPLE t=250.7s rss=4338MB hwm=4338MB
RSS_SAMPLE t=251.0s rss=4338MB hwm=4338MB
RSS_SAMPLE t=251.2s rss=4338MB hwm=4338MB
RSS_SAMPLE t=251.5s rss=4338MB hwm=4338MB
RSS_SAMPLE t=251.7s rss=4338MB hwm=4338MB
RSS_SAMPLE t=252.0s rss=4338MB hwm=4338MB
RSS_SAMPLE t=252.2s rss=4338MB hwm=4338MB
RSS_SAMPLE t=252.5s rss=4338MB hwm=4338MB
RSS_SAMPLE t=252.7s rss=4338MB hwm=4338MB
RSS_SAMPLE t=253.0s rss=4338MB hwm=4338MB
RSS_SAMPLE t=253.2s rss=4338MB hwm=4338MB
RSS_SAMPLE t=253.5s rss=4338MB hwm=4338MB
RSS_SAMPLE t=253.7s rss=4338MB hwm=4338MB
RSS_SAMPLE t=254.0s rss=4338MB hwm=4338MB
RSS_SAMPLE t=254.2s rss=4338MB hwm=4338MB
RSS_SAMPLE t=254.5s rss=4338MB hwm=4338MB
RSS_SAMPLE t=254.7s rss=4338MB hwm=4338MB
RSS_SAMPLE t=255.0s rss=4338MB hwm=4338MB
RSS_SAMPLE t=255.2s rss=4338MB hwm=4338MB
RSS_SAMPLE t=255.5s rss=4338MB hwm=4338MB
RSS_SAMPLE t=255.7s rss=4338MB hwm=4338MB
RSS_SAMPLE t=256.0s rss=4338MB hwm=4338MB
RSS_SAMPLE t=256.2s rss=4338MB hwm=4338MB
RSS_SAMPLE t=256.5s rss=4338MB hwm=4338MB
RSS_SAMPLE t=256.7s rss=4338MB hwm=4338MB
RSS_SAMPLE t=257.0s rss=4338MB hwm=4338MB
RSS_SAMPLE t=257.2s rss=4338MB hwm=4338MB
RSS_SAMPLE t=257.5s rss=4338MB hwm=4338MB
RSS_SAMPLE t=257.7s rss=4338MB hwm=4338MB
RSS_SAMPLE t=258.0s rss=4338MB hwm=4338MB
RSS_SAMPLE t=258.2s rss=4338MB hwm=4338MB
RSS_SAMPLE t=258.5s rss=4338MB hwm=4338MB
RSS_SAMPLE t=258.7s rss=4338MB hwm=4338MB
RSS_SAMPLE t=259.0s rss=4338MB hwm=4338MB
RSS_SAMPLE t=259.2s rss=4338MB hwm=4338MB
RSS_SAMPLE t=259.5s rss=4338MB hwm=4338MB
RSS_SAMPLE t=259.7s rss=4338MB hwm=4338MB
RSS_SAMPLE t=260.0s rss=4338MB hwm=4338MB
MEM_POOL: workspaces=32 dense_usage_mb=1251 n_pipes=2562403
    post_solve_diag[outer=1]: solves=105117 cap_armed=105117 (100.0%) settle_avg=9012 above_sink_avg=130 (1.4%) settle_max=69353
    rss_probe[outer=1]: pre_post_solve=4065MB post_post_solve=4358MB after_apply=4358MB
MuxSlotTracker[sweep 1 LEAK]: populated_cells=63619, overflow_tiles=1, at_cap_tiles=1205, peak_excess=5, capacity_hist={16:67346}
    E_decomp: base=9143491.3 eff=81574471566934.4 cong=81574462423443.0 cong_share=100.0% sat_pipes=134106 max_util=2995.13  R_buckets: 1-2x=134282 2-10x=1177 10-100x=602 >=100x=2426342
    E_potential: beckmann=16409226100241830.0 history_total=0.0
    SpanCache: epoch=2 entries=2634 lookups=2562403 hits=2559769 misses=2634 hit_rate=99.9%
  DCD   1: nets=105117 line=17008429 energy=9244894622.518 dE=+9242456330.946 friction=330372280.8 bins=2.2x(1063) excess=348.9 moved=63184 disp=14.641 solves=105117 skip=105117 pops=947276137 theta=5.000 refresh=49160ms dcd=6945ms total=58655ms
    cache_stats: entries=48301944 capacity=83832287 est_mb=724 rss_mb=4359
DCD done: energy=9244894622.518 line=17008429 friction=330372280.8 bins=2.2x(1063) excess=348.9
MuxSlotTracker: 20044 commit rejections over entire DCD
MuxSlotTracker[post-DCD]: populated_cells=63619, overflow_tiles=1, at_cap_tiles=1205, peak_excess=5, capacity_hist={16:67346}
RSS_SAMPLE t=260.2s rss=3314MB hwm=4355MB
Pre-legalization: HPWL=13948817
  type DFF: 302 valid columns, 1077536 total BELs
  type LUT6: 302 valid columns, 538768 total BELs
TypeAwarePlacement: 2 cell types
RSS_SAMPLE t=260.5s rss=2551MB hwm=4355MB
RSS_SAMPLE t=260.7s rss=2551MB hwm=4355MB
RSS_SAMPLE t=261.0s rss=2551MB hwm=4355MB
RSS_SAMPLE t=261.2s rss=2551MB hwm=4355MB
RSS_SAMPLE t=261.5s rss=2551MB hwm=4355MB
RSS_SAMPLE t=261.7s rss=2551MB hwm=4355MB
RSS_SAMPLE t=262.0s rss=2551MB hwm=4355MB
RSS_SAMPLE t=262.2s rss=2551MB hwm=4355MB
RSS_SAMPLE t=262.5s rss=2551MB hwm=4355MB
RSS_SAMPLE t=262.7s rss=2551MB hwm=4355MB
RSS_SAMPLE t=263.0s rss=2551MB hwm=4355MB
RSS_SAMPLE t=263.2s rss=2551MB hwm=4355MB
RSS_SAMPLE t=263.5s rss=2551MB hwm=4355MB
RSS_SAMPLE t=263.7s rss=2551MB hwm=4355MB
RSS_SAMPLE t=264.0s rss=2551MB hwm=4355MB
RSS_SAMPLE t=264.2s rss=2551MB hwm=4355MB
RSS_SAMPLE t=264.5s rss=2551MB hwm=4355MB
RSS_SAMPLE t=264.7s rss=2551MB hwm=4355MB
RSS_SAMPLE t=265.0s rss=2551MB hwm=4355MB
RSS_SAMPLE t=265.2s rss=2551MB hwm=4355MB
RSS_SAMPLE t=265.5s rss=2554MB hwm=4355MB
RSS_SAMPLE t=265.7s rss=2554MB hwm=4355MB
RSS_SAMPLE t=266.0s rss=2554MB hwm=4355MB
RSS_SAMPLE t=266.2s rss=2554MB hwm=4355MB
RSS_SAMPLE t=266.5s rss=2554MB hwm=4355MB
  SortedLegalizer: cluster_rejects=597929 shared_mux_rejects=20250240 arch_validity_rejects=0
RSS_SAMPLE t=266.7s rss=2538MB hwm=4355MB
Post-legalization: HPWL=13677753, line=17091361
Per-net HPWL: 105118 nets, total=13677753
  #0: hpwl=531 fanout=93000 (0.0%)
  #1: hpwl=529 fanout=5 (0.0%)
  #2: hpwl=527 fanout=5 (0.0%)
  #3: hpwl=527 fanout=18 (0.0%)
  #4: hpwl=526 fanout=6 (0.0%)
  #5: hpwl=526 fanout=9 (0.0%)
  #6: hpwl=526 fanout=3 (0.0%)
  #7: hpwl=525 fanout=14 (0.0%)
  #8: hpwl=525 fanout=17 (0.0%)
  #9: hpwl=524 fanout=3 (0.0%)
  50% of HPWL from top 17131 nets (of 105118)
