chipdb: chip_database/xc7_large.bin
design: benchmark/ispd/generated/2016/FPGA01/FPGA01.json
RSS_SAMPLE t=0.0s rss=3MB hwm=3MB
RSS_SAMPLE t=0.3s rss=421MB hwm=421MB
RSS_SAMPLE t=0.5s rss=709MB hwm=709MB
RSS_SAMPLE t=0.8s rss=822MB hwm=822MB
RSS_SAMPLE t=1.0s rss=818MB hwm=823MB
RSS_SAMPLE t=1.3s rss=819MB hwm=823MB
RSS_SAMPLE t=1.5s rss=820MB hwm=823MB
cfg: max_outer_iters=2 blend_alpha=0.5 hardening_step=0 graph_model=TwoLevelPip
  topological compress: density=0.60 target_tiles=15971 final_tiles=15777 scale=1.851 center=(205.1,111.0)
  topological init: n_movable=76660, n_edges=229053, max_layer=26775, back_edges=54022, n_anchored=0
  ALG_T prepare_discrete: 0.2s
  ALG_T collect_movable: 0.2s
  ALG_T pre_network: 0.2s
  BUILD_T tile_type_by_node: 0.0s
  BUILD_T coarse_aggregate: 0.0s
  Skipped truly-null coarse cells: 0 (of 69353 total); pruned pipes: src_null=0 dst_null=0
  Pipe capacity by span:
  Thin span-1 pipes (cap<=2): 0 total, by tile-type pair (top 20):
  Pipe cost: span^0.50 model (r1=1), span-1=1.000, span-12=3.464, 2×span-6=4.899, 12×span-1=12.000
  BUILD_T pipe_loop: 0.0s
  BUILD_T grids_and_adjacency: 0.0s
  BUILD_T tile_templates: 0.0s
  ALG_T network: 0.18s
RSS_SAMPLE t=1.8s rss=822MB hwm=823MB
  topological compress: density=0.60 target_tiles=15971 final_tiles=15777 scale=1.851 center=(205.1,111.0)
  topological init: n_movable=76660, n_edges=229053, max_layer=26775, back_edges=54022, n_anchored=0
  type DFF: 302 valid columns, 1077536 total BELs
  type LUT6: 302 valid columns, 538768 total BELs
TypeAwarePlacement: 2 cell types
Coordinate descent mode: 76660 cells, scale 1.00
CellValidityMask: 76660 cells, 311x223 grid, 2 bucket masks, per-cell valid positions: min=67346 avg=67346.0 max=67346, unmapped cells=0
MuxSlotTracker: 76660 cells (76660 with external fanout), 67346 tiles, total_cap=1077536, active_buckets=[DFF,LUT6], built in 72.8ms
MuxSlotTracker[post-seed]: populated_cells=27114, overflow_tiles=518, at_cap_tiles=50, peak_excess=41, capacity_hist={16:67346}
DCD placer: 76660 cells, 69353 nodes, outer_iters=2, dcd_iters_per_cell=8, graph_model=TwoLevelPip
MEM_STATIC: pipes=0MB nodes=1MB adjacency=0MB pipe_cost_vecs=0MB validity_mask=0MB n_pipes=0 n_edges=0 rss=934MB
Softmin position update: enabled, theta 0.250 -> 5.000 (anneal over 2 iters)
  ALG_T dcd_setup_done: 0.09s (pre-loop)
    analytic_phase[outer=0]: solve skipped, k=0.33
    SwitchMatrix: type_usage_pairs=0 lookups=0 hits=0 dijkstra_calls=0 avg_us=0.0 total_ms=0.0
PHASE_MARK outer=0 enter=pre_solve rss=956MB
    rss_probe[outer=0]: pre_refresh_rss=956MB post_pre_solve_rss=983MB cache_entries=0 cache_cap=0 cache_est_mb=5
    pre_solve_diag[outer=0]: solves=0 fallback=0 (0.0%) cap_armed=0 (0.0%) settle_avg=0 settle_max=0 init_count=254
  Cell placement by tile type (iter 0, 76660 cells):
    NULL: 31596
    CLB: 27114
    IOB_W: 15019
    CLK_BUFG: 2320
    BRAM: 351
    DSP: 182
    IOB_E: 78
    Overflow: over=0 (0.0% of used) avg_excess=0.00 max_excess=0.00 (nc=0.00 cap=0 span=0)  excess_buckets: <=1=0 1-5=0 5-20=0 >20=0  by_cap: cap1=0 cap2=0 cap3-5=0 cap>5=0  by_span: s1=0 s2-3=0 s4-6=0 s7-12=0 s>12=0  le1_cross: cap1=0 cap2-5=0 cap>5=0
    Congestion: pipes=0 used=0 congested(>50%)=0 saturated(>90%)=0 max_util=0.00 avg_util=0.0000
PHASE_MARK outer=0 enter=dcd_sweep rss=983MB
RSS_SAMPLE t=2.0s rss=983MB hwm=983MB
RSS_SAMPLE t=2.3s rss=983MB hwm=983MB
RSS_SAMPLE t=2.5s rss=983MB hwm=983MB
RSS_SAMPLE t=2.8s rss=983MB hwm=983MB
RSS_SAMPLE t=3.0s rss=983MB hwm=983MB
RSS_SAMPLE t=3.3s rss=983MB hwm=983MB
RSS_SAMPLE t=3.5s rss=983MB hwm=983MB
RSS_SAMPLE t=3.8s rss=983MB hwm=983MB
RSS_SAMPLE t=4.0s rss=983MB hwm=983MB
RSS_SAMPLE t=4.3s rss=983MB hwm=983MB
RSS_SAMPLE t=4.5s rss=983MB hwm=983MB
RSS_SAMPLE t=4.8s rss=983MB hwm=983MB
RSS_SAMPLE t=5.0s rss=983MB hwm=983MB
RSS_SAMPLE t=5.3s rss=983MB hwm=983MB
RSS_SAMPLE t=5.5s rss=983MB hwm=983MB
RSS_SAMPLE t=5.8s rss=983MB hwm=983MB
RSS_SAMPLE t=6.0s rss=983MB hwm=983MB
RSS_SAMPLE t=6.3s rss=983MB hwm=983MB
RSS_SAMPLE t=6.5s rss=983MB hwm=983MB
RSS_SAMPLE t=6.8s rss=983MB hwm=983MB
RSS_SAMPLE t=7.0s rss=983MB hwm=983MB
RSS_SAMPLE t=7.3s rss=983MB hwm=983MB
RSS_SAMPLE t=7.5s rss=983MB hwm=983MB
RSS_SAMPLE t=7.8s rss=983MB hwm=983MB
RSS_SAMPLE t=8.0s rss=983MB hwm=983MB
RSS_SAMPLE t=8.3s rss=983MB hwm=983MB
RSS_SAMPLE t=8.5s rss=983MB hwm=983MB
RSS_SAMPLE t=8.8s rss=983MB hwm=983MB
RSS_SAMPLE t=9.0s rss=983MB hwm=983MB
RSS_SAMPLE t=9.3s rss=983MB hwm=983MB
RSS_SAMPLE t=9.5s rss=983MB hwm=983MB
RSS_SAMPLE t=9.8s rss=983MB hwm=983MB
RSS_SAMPLE t=10.0s rss=983MB hwm=983MB
RSS_SAMPLE t=10.3s rss=983MB hwm=983MB
RSS_SAMPLE t=10.5s rss=983MB hwm=983MB
RSS_SAMPLE t=10.8s rss=983MB hwm=983MB
RSS_SAMPLE t=11.0s rss=983MB hwm=983MB
RSS_SAMPLE t=11.3s rss=983MB hwm=983MB
RSS_SAMPLE t=11.5s rss=983MB hwm=983MB
RSS_SAMPLE t=11.8s rss=983MB hwm=983MB
RSS_SAMPLE t=12.0s rss=983MB hwm=983MB
RSS_SAMPLE t=12.3s rss=983MB hwm=983MB
RSS_SAMPLE t=12.5s rss=983MB hwm=983MB
RSS_SAMPLE t=12.8s rss=983MB hwm=983MB
RSS_SAMPLE t=13.0s rss=983MB hwm=983MB
RSS_SAMPLE t=13.3s rss=983MB hwm=983MB
RSS_SAMPLE t=13.5s rss=983MB hwm=983MB
RSS_SAMPLE t=13.8s rss=983MB hwm=983MB
RSS_SAMPLE t=14.0s rss=983MB hwm=983MB
RSS_SAMPLE t=14.3s rss=983MB hwm=983MB
RSS_SAMPLE t=14.5s rss=983MB hwm=983MB
RSS_SAMPLE t=14.8s rss=983MB hwm=983MB
RSS_SAMPLE t=15.0s rss=983MB hwm=983MB
RSS_SAMPLE t=15.3s rss=983MB hwm=983MB
RSS_SAMPLE t=15.5s rss=983MB hwm=983MB
PHASE_MARK outer=0 leave=dcd_sweep rss=983MB
PHASE_MARK outer=0 enter=post_refresh rss=983MB
MEM_POOL: workspaces=31 dense_usage_mb=0 n_pipes=0
    post_solve_diag[outer=0]: solves=0 cap_armed=0 (0.0%) settle_avg=0 above_sink_avg=0 (0.0%) settle_max=0
    load_support[outer=0]: settle_avg=0 load_nz_avg=0 (0.0%) load_material_avg=0 (0.0%)
    prune_ceiling[outer=0]: settle_avg=0 heuristic_prunable_avg=0 (0.0%) vs oracle_zero_load=0.0%
    settle_hist[outer=0]: <100: 0nets/0.0%work  <1k: 0nets/0.0%work  <5k: 0nets/0.0%work  <20k: 0nets/0.0%work  <60k: 0nets/0.0%work  >=60k: 0nets/0.0%work
    fanout_hist[outer=0]: fan1: 0nets/0.0%work  fan2-4: 0nets/0.0%work  fan5-16: 0nets/0.0%work  fan17-64: 0nets/0.0%work  fan65-256: 0nets/0.0%work  fan>256: 0nets/0.0%work
    rss_probe[outer=0]: pre_post_solve=996MB post_post_solve=996MB after_apply=996MB
    E_decomp: base=0.0 eff=0.0 cong=0.0 cong_share=0.0% sat_pipes=0 max_util=0.00  R_buckets: 1-2x=0 2-10x=0 10-100x=0 >=100x=0
    E_potential: beckmann=0.0 history_total=-0.0
    SpanCache: epoch=1 entries=0 lookups=0 hits=0 misses=0 hit_rate=0.0%
  DCD   0: nets=105117 line=12401532 energy=0.000 dE=+0.000 friction=0.0 bins=2.2x(1069) excess=576.1 moved=75162 disp=inf solves=0 skip=0 pops=0 theta=0.250 refresh=19ms dcd=13668ms total=13741ms
    cache_stats: entries=0 capacity=0 est_mb=5 rss_mb=998
    analytic_phase[outer=1]: solve skipped, k=0.33
    SwitchMatrix: type_usage_pairs=0 lookups=0 hits=0 dijkstra_calls=0 avg_us=0.0 total_ms=0.0
PHASE_MARK outer=1 enter=pre_solve rss=998MB
    rss_probe[outer=1]: pre_refresh_rss=998MB post_pre_solve_rss=998MB cache_entries=0 cache_cap=0 cache_est_mb=5
    pre_solve_diag[outer=1]: solves=0 fallback=0 (0.0%) cap_armed=0 (0.0%) settle_avg=0 settle_max=0 init_count=239
    Overflow: over=0 (0.0% of used) avg_excess=0.00 max_excess=0.00 (nc=0.00 cap=0 span=0)  excess_buckets: <=1=0 1-5=0 5-20=0 >20=0  by_cap: cap1=0 cap2=0 cap3-5=0 cap>5=0  by_span: s1=0 s2-3=0 s4-6=0 s7-12=0 s>12=0  le1_cross: cap1=0 cap2-5=0 cap>5=0
    Congestion: pipes=0 used=0 congested(>50%)=0 saturated(>90%)=0 max_util=0.00 avg_util=0.0000
PHASE_MARK outer=1 enter=dcd_sweep rss=998MB
RSS_SAMPLE t=15.8s rss=998MB hwm=998MB
RSS_SAMPLE t=16.0s rss=998MB hwm=998MB
RSS_SAMPLE t=16.3s rss=998MB hwm=998MB
RSS_SAMPLE t=16.5s rss=998MB hwm=998MB
RSS_SAMPLE t=16.8s rss=998MB hwm=998MB
RSS_SAMPLE t=17.0s rss=998MB hwm=998MB
RSS_SAMPLE t=17.3s rss=998MB hwm=998MB
RSS_SAMPLE t=17.5s rss=998MB hwm=998MB
RSS_SAMPLE t=17.8s rss=998MB hwm=998MB
RSS_SAMPLE t=18.0s rss=998MB hwm=998MB
RSS_SAMPLE t=18.3s rss=998MB hwm=998MB
RSS_SAMPLE t=18.5s rss=998MB hwm=998MB
RSS_SAMPLE t=18.8s rss=998MB hwm=998MB
RSS_SAMPLE t=19.0s rss=998MB hwm=998MB
RSS_SAMPLE t=19.3s rss=998MB hwm=998MB
RSS_SAMPLE t=19.5s rss=998MB hwm=998MB
RSS_SAMPLE t=19.8s rss=998MB hwm=998MB
RSS_SAMPLE t=20.0s rss=998MB hwm=998MB
RSS_SAMPLE t=20.3s rss=998MB hwm=998MB
RSS_SAMPLE t=20.5s rss=998MB hwm=998MB
RSS_SAMPLE t=20.8s rss=998MB hwm=998MB
RSS_SAMPLE t=21.0s rss=998MB hwm=998MB
RSS_SAMPLE t=21.3s rss=998MB hwm=998MB
RSS_SAMPLE t=21.5s rss=998MB hwm=998MB
RSS_SAMPLE t=21.8s rss=998MB hwm=998MB
RSS_SAMPLE t=22.0s rss=998MB hwm=998MB
RSS_SAMPLE t=22.3s rss=998MB hwm=998MB
RSS_SAMPLE t=22.5s rss=998MB hwm=998MB
RSS_SAMPLE t=22.8s rss=998MB hwm=998MB
RSS_SAMPLE t=23.0s rss=998MB hwm=998MB
RSS_SAMPLE t=23.3s rss=998MB hwm=998MB
RSS_SAMPLE t=23.5s rss=998MB hwm=998MB
RSS_SAMPLE t=23.8s rss=998MB hwm=998MB
RSS_SAMPLE t=24.0s rss=998MB hwm=998MB
RSS_SAMPLE t=24.3s rss=998MB hwm=998MB
RSS_SAMPLE t=24.5s rss=998MB hwm=998MB
RSS_SAMPLE t=24.8s rss=998MB hwm=998MB
RSS_SAMPLE t=25.0s rss=998MB hwm=998MB
RSS_SAMPLE t=25.3s rss=998MB hwm=998MB
RSS_SAMPLE t=25.5s rss=998MB hwm=998MB
RSS_SAMPLE t=25.8s rss=998MB hwm=998MB
RSS_SAMPLE t=26.0s rss=998MB hwm=998MB
RSS_SAMPLE t=26.3s rss=998MB hwm=998MB
RSS_SAMPLE t=26.5s rss=998MB hwm=998MB
RSS_SAMPLE t=26.8s rss=998MB hwm=998MB
RSS_SAMPLE t=27.0s rss=998MB hwm=998MB
RSS_SAMPLE t=27.3s rss=998MB hwm=998MB
RSS_SAMPLE t=27.5s rss=998MB hwm=998MB
RSS_SAMPLE t=27.8s rss=998MB hwm=998MB
RSS_SAMPLE t=28.0s rss=998MB hwm=998MB
RSS_SAMPLE t=28.3s rss=998MB hwm=998MB
RSS_SAMPLE t=28.5s rss=998MB hwm=998MB
RSS_SAMPLE t=28.8s rss=998MB hwm=998MB
RSS_SAMPLE t=29.0s rss=998MB hwm=998MB
RSS_SAMPLE t=29.3s rss=998MB hwm=998MB
RSS_SAMPLE t=29.5s rss=998MB hwm=998MB
RSS_SAMPLE t=29.8s rss=998MB hwm=998MB
RSS_SAMPLE t=30.0s rss=998MB hwm=998MB
RSS_SAMPLE t=30.3s rss=998MB hwm=998MB
RSS_SAMPLE t=30.5s rss=998MB hwm=998MB
PHASE_MARK outer=1 leave=dcd_sweep rss=998MB
PHASE_MARK outer=1 enter=post_refresh rss=998MB
MEM_POOL: workspaces=31 dense_usage_mb=0 n_pipes=0
    post_solve_diag[outer=1]: solves=0 cap_armed=0 (0.0%) settle_avg=0 above_sink_avg=0 (0.0%) settle_max=0
    load_support[outer=1]: settle_avg=0 load_nz_avg=0 (0.0%) load_material_avg=0 (0.0%)
    prune_ceiling[outer=1]: settle_avg=0 heuristic_prunable_avg=0 (0.0%) vs oracle_zero_load=0.0%
    settle_hist[outer=1]: <100: 0nets/0.0%work  <1k: 0nets/0.0%work  <5k: 0nets/0.0%work  <20k: 0nets/0.0%work  <60k: 0nets/0.0%work  >=60k: 0nets/0.0%work
    fanout_hist[outer=1]: fan1: 0nets/0.0%work  fan2-4: 0nets/0.0%work  fan5-16: 0nets/0.0%work  fan17-64: 0nets/0.0%work  fan65-256: 0nets/0.0%work  fan>256: 0nets/0.0%work
    rss_probe[outer=1]: pre_post_solve=1000MB post_post_solve=1000MB after_apply=1000MB
    E_decomp: base=0.0 eff=0.0 cong=0.0 cong_share=0.0% sat_pipes=0 max_util=0.00  R_buckets: 1-2x=0 2-10x=0 10-100x=0 >=100x=0
    E_potential: beckmann=0.0 history_total=-0.0
    SpanCache: epoch=2 entries=0 lookups=0 hits=0 misses=0 hit_rate=0.0%
  DCD   1: nets=105117 line=9872129 energy=0.000 dE=+0.000 friction=0.0 bins=1.9x(637) excess=192.9 moved=76425 disp=22.188 solves=0 skip=105117 pops=0 theta=5.000 refresh=15ms dcd=14944ms total=14996ms
    cache_stats: entries=0 capacity=0 est_mb=5 rss_mb=1001
DCD done: energy=0.000 line=9872129 friction=0.0 bins=1.9x(637) excess=192.9
MuxSlotTracker: 43885 commit rejections over entire DCD
MuxSlotTracker[post-DCD]: populated_cells=76489, overflow_tiles=0, at_cap_tiles=421, peak_excess=0, capacity_hist={16:67346}
  ALG_T dcd_done: 29.15s
Pre-legalization: HPWL=7281918
  type DFF: 302 valid columns, 1077536 total BELs
  type LUT6: 302 valid columns, 538768 total BELs
TypeAwarePlacement: 2 cell types
RSS_SAMPLE t=30.8s rss=1001MB hwm=1001MB
RSS_SAMPLE t=31.0s rss=1001MB hwm=1001MB
  SortedLegalizer: cluster_rejects=152025 shared_mux_rejects=489262 arch_validity_rejects=0
  ALG_T legalize_done: 29.60s
Post-legalization: HPWL=7274926, line=10002732
OT_RESULT place_secs=29.70 total_hpwl=7274926
RSS_SAMPLE t=31.3s rss=792MB hwm=1013MB
