Running scope as unit: run-r56810d4728424472bf81a02c1261551b.scope
chipdb: /home/kelvin/side-project/eisenjoch/chip_database/xc7_large.bin
design: /home/kelvin/side-project/eisenjoch/benchmark/ispd/generated/2016/FPGA01/FPGA01.json
RSS_SAMPLE t=0.0s rss=3MB hwm=3MB
RSS_SAMPLE t=0.3s rss=441MB hwm=441MB
RSS_SAMPLE t=0.5s rss=717MB hwm=717MB
RSS_SAMPLE t=0.8s rss=824MB hwm=824MB
RSS_SAMPLE t=1.0s rss=819MB hwm=824MB
RSS_SAMPLE t=1.3s rss=819MB hwm=824MB
RSS_SAMPLE t=1.5s rss=820MB hwm=824MB
cfg: max_outer_iters=12 blend_alpha=0.5 hardening_step=0 graph_model=TwoLevelPip
  topological compress: density=0.60 target_tiles=15971 final_tiles=15777 scale=1.851 center=(205.1,111.0)
  topological init: n_movable=76660, n_edges=229053, max_layer=26775, back_edges=54022, n_anchored=0
RSS_SAMPLE t=1.8s rss=821MB hwm=824MB
RSS_SAMPLE t=2.0s rss=821MB hwm=824MB
RSS_SAMPLE t=2.3s rss=821MB hwm=824MB
RSS_SAMPLE t=2.5s rss=821MB hwm=824MB
RSS_SAMPLE t=2.8s rss=821MB hwm=824MB
RSS_SAMPLE t=3.0s rss=821MB hwm=824MB
RSS_SAMPLE t=3.3s rss=821MB hwm=824MB
RSS_SAMPLE t=3.5s rss=821MB hwm=824MB
RSS_SAMPLE t=3.8s rss=821MB hwm=824MB
RSS_SAMPLE t=4.0s rss=821MB hwm=824MB
RSS_SAMPLE t=4.3s rss=821MB hwm=824MB
RSS_SAMPLE t=4.5s rss=821MB hwm=824MB
RSS_SAMPLE t=4.8s rss=821MB hwm=824MB
RSS_SAMPLE t=5.0s rss=821MB hwm=824MB
RSS_SAMPLE t=5.3s rss=821MB hwm=824MB
RSS_SAMPLE t=5.5s rss=821MB hwm=824MB
RSS_SAMPLE t=5.8s rss=821MB hwm=824MB
RSS_SAMPLE t=6.0s rss=821MB hwm=824MB
RSS_SAMPLE t=6.3s rss=821MB hwm=824MB
RSS_SAMPLE t=6.5s rss=821MB hwm=824MB
RSS_SAMPLE t=6.8s rss=821MB hwm=824MB
RSS_SAMPLE t=7.0s rss=821MB hwm=824MB
RSS_SAMPLE t=7.3s rss=821MB hwm=824MB
RSS_SAMPLE t=7.5s rss=821MB hwm=824MB
RSS_SAMPLE t=7.8s rss=821MB hwm=824MB
RSS_SAMPLE t=8.0s rss=821MB hwm=824MB
RSS_SAMPLE t=8.3s rss=821MB hwm=824MB
RSS_SAMPLE t=8.5s rss=821MB hwm=824MB
RSS_SAMPLE t=8.8s rss=821MB hwm=824MB
RSS_SAMPLE t=9.0s rss=821MB hwm=824MB
RSS_SAMPLE t=9.3s rss=821MB hwm=824MB
RSS_SAMPLE t=9.5s rss=821MB hwm=824MB
RSS_SAMPLE t=9.8s rss=821MB hwm=824MB
RSS_SAMPLE t=10.0s rss=821MB hwm=824MB
RSS_SAMPLE t=10.3s rss=821MB hwm=824MB
RSS_SAMPLE t=10.5s rss=821MB hwm=824MB
RSS_SAMPLE t=10.8s rss=821MB hwm=824MB
RSS_SAMPLE t=11.0s rss=821MB hwm=824MB
RSS_SAMPLE t=11.3s rss=821MB hwm=824MB
RSS_SAMPLE t=11.5s rss=821MB hwm=824MB
RSS_SAMPLE t=11.8s rss=821MB hwm=824MB
RSS_SAMPLE t=12.0s rss=821MB hwm=824MB
RSS_SAMPLE t=12.3s rss=821MB hwm=824MB
RSS_SAMPLE t=12.5s rss=821MB hwm=824MB
RSS_SAMPLE t=12.8s rss=821MB hwm=824MB
RSS_SAMPLE t=13.0s rss=821MB hwm=824MB
RSS_SAMPLE t=13.3s rss=821MB hwm=824MB
RSS_SAMPLE t=13.5s rss=821MB hwm=824MB
RSS_SAMPLE t=13.8s rss=821MB hwm=824MB
RSS_SAMPLE t=14.0s rss=821MB hwm=824MB
RSS_SAMPLE t=14.3s rss=821MB hwm=824MB
RSS_SAMPLE t=14.5s rss=821MB hwm=824MB
RSS_SAMPLE t=14.8s rss=821MB hwm=824MB
RSS_SAMPLE t=15.0s rss=821MB hwm=824MB
RSS_SAMPLE t=15.3s rss=821MB hwm=824MB
RSS_SAMPLE t=15.5s rss=821MB hwm=824MB
RSS_SAMPLE t=15.8s rss=821MB hwm=824MB
RSS_SAMPLE t=16.0s rss=821MB hwm=824MB
RSS_SAMPLE t=16.3s rss=821MB hwm=824MB
RSS_SAMPLE t=16.5s rss=821MB hwm=824MB
RSS_SAMPLE t=16.8s rss=821MB hwm=824MB
RSS_SAMPLE t=17.0s rss=821MB hwm=824MB
RSS_SAMPLE t=17.3s rss=821MB hwm=824MB
RSS_SAMPLE t=17.5s rss=821MB hwm=824MB
RSS_SAMPLE t=17.8s rss=821MB hwm=824MB
RSS_SAMPLE t=18.0s rss=821MB hwm=824MB
RSS_SAMPLE t=18.3s rss=821MB hwm=824MB
RSS_SAMPLE t=18.5s rss=821MB hwm=824MB
RSS_SAMPLE t=18.8s rss=821MB hwm=824MB
RSS_SAMPLE t=19.0s rss=821MB hwm=824MB
RSS_SAMPLE t=19.3s rss=821MB hwm=824MB
RSS_SAMPLE t=19.5s rss=821MB hwm=824MB
RSS_SAMPLE t=19.8s rss=821MB hwm=824MB
RSS_SAMPLE t=20.0s rss=821MB hwm=824MB
RSS_SAMPLE t=20.3s rss=821MB hwm=824MB
RSS_SAMPLE t=20.5s rss=821MB hwm=824MB
RSS_SAMPLE t=20.8s rss=821MB hwm=824MB
RSS_SAMPLE t=21.0s rss=821MB hwm=824MB
RSS_SAMPLE t=21.3s rss=821MB hwm=824MB
RSS_SAMPLE t=21.5s rss=821MB hwm=824MB
RSS_SAMPLE t=21.8s rss=821MB hwm=824MB
RSS_SAMPLE t=22.0s rss=821MB hwm=824MB
RSS_SAMPLE t=22.3s rss=821MB hwm=824MB
RSS_SAMPLE t=22.5s rss=821MB hwm=824MB
RSS_SAMPLE t=22.8s rss=821MB hwm=824MB
RSS_SAMPLE t=23.0s rss=821MB hwm=824MB
RSS_SAMPLE t=23.3s rss=821MB hwm=824MB
RSS_SAMPLE t=23.5s rss=821MB hwm=824MB
RSS_SAMPLE t=23.8s rss=821MB hwm=824MB
RSS_SAMPLE t=24.0s rss=821MB hwm=824MB
RSS_SAMPLE t=24.3s rss=821MB hwm=824MB
RSS_SAMPLE t=24.5s rss=821MB hwm=824MB
RSS_SAMPLE t=24.8s rss=821MB hwm=824MB
RSS_SAMPLE t=25.0s rss=821MB hwm=824MB
RSS_SAMPLE t=25.3s rss=821MB hwm=824MB
RSS_SAMPLE t=25.5s rss=821MB hwm=824MB
RSS_SAMPLE t=25.8s rss=821MB hwm=824MB
RSS_SAMPLE t=26.0s rss=821MB hwm=824MB
RSS_SAMPLE t=26.3s rss=821MB hwm=824MB
RSS_SAMPLE t=26.5s rss=821MB hwm=824MB
RSS_SAMPLE t=26.8s rss=821MB hwm=824MB
RSS_SAMPLE t=27.0s rss=821MB hwm=824MB
RSS_SAMPLE t=27.3s rss=821MB hwm=824MB
RSS_SAMPLE t=27.5s rss=821MB hwm=824MB
RSS_SAMPLE t=27.8s rss=821MB hwm=824MB
RSS_SAMPLE t=28.0s rss=821MB hwm=824MB
RSS_SAMPLE t=28.3s rss=821MB hwm=824MB
RSS_SAMPLE t=28.5s rss=821MB hwm=824MB
RSS_SAMPLE t=28.8s rss=821MB hwm=824MB
RSS_SAMPLE t=29.0s rss=821MB hwm=824MB
RSS_SAMPLE t=29.3s rss=821MB hwm=824MB
RSS_SAMPLE t=29.5s rss=821MB hwm=824MB
RSS_SAMPLE t=29.8s rss=821MB hwm=824MB
RSS_SAMPLE t=30.0s rss=821MB hwm=824MB
RSS_SAMPLE t=30.3s rss=821MB hwm=824MB
RSS_SAMPLE t=30.5s rss=821MB hwm=824MB
RSS_SAMPLE t=30.8s rss=821MB hwm=824MB
RSS_SAMPLE t=31.0s rss=821MB hwm=824MB
RSS_SAMPLE t=31.3s rss=821MB hwm=824MB
RSS_SAMPLE t=31.5s rss=821MB hwm=824MB
RSS_SAMPLE t=31.8s rss=821MB hwm=824MB
RSS_SAMPLE t=32.0s rss=821MB hwm=824MB
RSS_SAMPLE t=32.3s rss=821MB hwm=824MB
RSS_SAMPLE t=32.5s rss=821MB hwm=824MB
RSS_SAMPLE t=32.8s rss=821MB hwm=824MB
RSS_SAMPLE t=33.0s rss=821MB hwm=824MB
RSS_SAMPLE t=33.3s rss=821MB hwm=824MB
RSS_SAMPLE t=33.5s rss=821MB hwm=824MB
RSS_SAMPLE t=33.8s rss=821MB hwm=824MB
RSS_SAMPLE t=34.0s rss=821MB hwm=824MB
RSS_SAMPLE t=34.3s rss=821MB hwm=824MB
RSS_SAMPLE t=34.5s rss=821MB hwm=824MB
RSS_SAMPLE t=34.8s rss=821MB hwm=824MB
RSS_SAMPLE t=35.0s rss=821MB hwm=824MB
RSS_SAMPLE t=35.3s rss=821MB hwm=824MB
RSS_SAMPLE t=35.5s rss=821MB hwm=824MB
RSS_SAMPLE t=35.8s rss=821MB hwm=824MB
RSS_SAMPLE t=36.0s rss=821MB hwm=824MB
RSS_SAMPLE t=36.3s rss=821MB hwm=824MB
RSS_SAMPLE t=36.5s rss=821MB hwm=824MB
RSS_SAMPLE t=36.8s rss=821MB hwm=824MB
RSS_SAMPLE t=37.0s rss=821MB hwm=824MB
RSS_SAMPLE t=37.3s rss=821MB hwm=824MB
RSS_SAMPLE t=37.5s rss=821MB hwm=824MB
RSS_SAMPLE t=37.8s rss=821MB hwm=824MB
RSS_SAMPLE t=38.0s rss=821MB hwm=824MB
RSS_SAMPLE t=38.3s rss=821MB hwm=824MB
RSS_SAMPLE t=38.5s rss=821MB hwm=824MB
RSS_SAMPLE t=38.8s rss=821MB hwm=824MB
RSS_SAMPLE t=39.0s rss=821MB hwm=824MB
RSS_SAMPLE t=39.3s rss=821MB hwm=824MB
RSS_SAMPLE t=39.5s rss=821MB hwm=824MB
RSS_SAMPLE t=39.8s rss=821MB hwm=824MB
RSS_SAMPLE t=40.0s rss=821MB hwm=824MB
RSS_SAMPLE t=40.3s rss=821MB hwm=824MB
RSS_SAMPLE t=40.5s rss=821MB hwm=824MB
RSS_SAMPLE t=40.8s rss=821MB hwm=824MB
RSS_SAMPLE t=41.0s rss=821MB hwm=824MB
RSS_SAMPLE t=41.3s rss=821MB hwm=824MB
RSS_SAMPLE t=41.5s rss=821MB hwm=824MB
RSS_SAMPLE t=41.8s rss=821MB hwm=824MB
RSS_SAMPLE t=42.0s rss=821MB hwm=824MB
RSS_SAMPLE t=42.3s rss=821MB hwm=824MB
RSS_SAMPLE t=42.5s rss=821MB hwm=824MB
RSS_SAMPLE t=42.8s rss=821MB hwm=824MB
RSS_SAMPLE t=43.0s rss=821MB hwm=824MB
RSS_SAMPLE t=43.3s rss=821MB hwm=824MB
RSS_SAMPLE t=43.5s rss=821MB hwm=824MB
RSS_SAMPLE t=43.8s rss=821MB hwm=824MB
RSS_SAMPLE t=44.0s rss=821MB hwm=824MB
RSS_SAMPLE t=44.3s rss=821MB hwm=824MB
RSS_SAMPLE t=44.5s rss=821MB hwm=824MB
RSS_SAMPLE t=44.8s rss=821MB hwm=824MB
RSS_SAMPLE t=45.0s rss=821MB hwm=824MB
RSS_SAMPLE t=45.3s rss=821MB hwm=824MB
RSS_SAMPLE t=45.5s rss=821MB hwm=824MB
RSS_SAMPLE t=45.8s rss=821MB hwm=824MB
RSS_SAMPLE t=46.0s rss=821MB hwm=824MB
RSS_SAMPLE t=46.3s rss=821MB hwm=824MB
RSS_SAMPLE t=46.5s rss=821MB hwm=824MB
RSS_SAMPLE t=46.8s rss=821MB hwm=824MB
RSS_SAMPLE t=47.0s rss=821MB hwm=824MB
RSS_SAMPLE t=47.3s rss=821MB hwm=824MB
RSS_SAMPLE t=47.5s rss=821MB hwm=824MB
RSS_SAMPLE t=47.8s rss=821MB hwm=824MB
RSS_SAMPLE t=48.0s rss=821MB hwm=824MB
RSS_SAMPLE t=48.3s rss=821MB hwm=824MB
RSS_SAMPLE t=48.5s rss=821MB hwm=824MB
RSS_SAMPLE t=48.8s rss=821MB hwm=824MB
RSS_SAMPLE t=49.0s rss=821MB hwm=824MB
RSS_SAMPLE t=49.3s rss=821MB hwm=824MB
RSS_SAMPLE t=49.5s rss=821MB hwm=824MB
RSS_SAMPLE t=49.8s rss=821MB hwm=824MB
RSS_SAMPLE t=50.0s rss=821MB hwm=824MB
RSS_SAMPLE t=50.3s rss=821MB hwm=824MB
RSS_SAMPLE t=50.5s rss=821MB hwm=824MB
RSS_SAMPLE t=50.8s rss=821MB hwm=824MB
RSS_SAMPLE t=51.0s rss=821MB hwm=824MB
RSS_SAMPLE t=51.3s rss=821MB hwm=824MB
RSS_SAMPLE t=51.5s rss=821MB hwm=824MB
RSS_SAMPLE t=51.8s rss=821MB hwm=824MB
RSS_SAMPLE t=52.0s rss=821MB hwm=824MB
RSS_SAMPLE t=52.3s rss=821MB hwm=824MB
RSS_SAMPLE t=52.5s rss=821MB hwm=824MB
RSS_SAMPLE t=52.8s rss=821MB hwm=824MB
RSS_SAMPLE t=53.0s rss=821MB hwm=824MB
RSS_SAMPLE t=53.3s rss=821MB hwm=824MB
RSS_SAMPLE t=53.5s rss=821MB hwm=824MB
RSS_SAMPLE t=53.8s rss=874MB hwm=874MB
RSS_SAMPLE t=54.0s rss=915MB hwm=915MB
RSS_SAMPLE t=54.3s rss=933MB hwm=933MB
RSS_SAMPLE t=54.5s rss=933MB hwm=933MB
RSS_SAMPLE t=54.8s rss=934MB hwm=934MB
RSS_SAMPLE t=55.0s rss=934MB hwm=934MB
RSS_SAMPLE t=55.3s rss=934MB hwm=934MB
RSS_SAMPLE t=55.5s rss=934MB hwm=934MB
  Skipped truly-null coarse cells: 0 (of 69353 total); pruned pipes: src_null=0 dst_null=0
  Pipe capacity by span:
    span=  1: 138172 pipes, cap min=1 avg=134.5 max=432
    span=  2: 136455 pipes, cap min=2 avg=50.7 max=118
    span=  3: 135619 pipes, cap min=2 avg=26.1 max=52
    span=  4: 136319 pipes, cap min=2 avg=22.7 max=140
    span=  5: 135918 pipes, cap min=2 avg=66.1 max=124
    span=  6: 201217 pipes, cap min=2 avg=15.2 max=28
    span=  7: 200933 pipes, cap min=1 avg=7.3 max=20
    span=  8: 132748 pipes, cap min=2 avg=6.0 max=10
    span=  9: 130848 pipes, cap min=2 avg=6.0 max=10
    span= 10: 131090 pipes, cap min=2 avg=2.2 max=31
    span= 11: 129628 pipes, cap min=2 avg=2.0 max=4
    span= 12: 129018 pipes, cap min=2 avg=2.0 max=4
    span= 13: 128408 pipes, cap min=1 avg=1.5 max=4
    span= 14: 127798 pipes, cap min=1 avg=1.0 max=2
    span= 15: 127188 pipes, cap min=1 avg=1.0 max=2
    span= 16: 126578 pipes, cap min=1 avg=1.0 max=2
    span= 17: 125968 pipes, cap min=1 avg=1.0 max=2
    span= 18: 125358 pipes, cap min=1 avg=1.0 max=2
    span= 19: 63140 pipes, cap min=1 avg=1.0 max=2
  Thin span-1 pipes (cap<=2): 222 total, by tile-type pair (top 20):
    NULL <-> NULL: 220
    CLK_BUFG <-> NULL: 2
  Pipe cost: span^0.50 model (r1=1), span-1=1.000, span-12=3.464, 2×span-6=4.899, 12×span-1=12.000
RSS_SAMPLE t=55.8s rss=1021MB hwm=1021MB
  topological compress: density=0.60 target_tiles=15971 final_tiles=15777 scale=1.851 center=(205.1,111.0)
  topological init: n_movable=76660, n_edges=229053, max_layer=26775, back_edges=54022, n_anchored=0
  type DFF: 302 valid columns, 1077536 total BELs
  type LUT6: 302 valid columns, 538768 total BELs
TypeAwarePlacement: 2 cell types
Coordinate descent mode: 76660 cells, scale 1.00
CellValidityMask: 76660 cells, 311x223 grid, 2 bucket masks, per-cell valid positions: min=67346 avg=67346.0 max=67346, unmapped cells=0
MuxSlotTracker: 76660 cells (76660 with external fanout), 67346 tiles, total_cap=1077536, active_buckets=[DFF,LUT6], built in 72.7ms
MuxSlotTracker[post-seed]: populated_cells=27114, overflow_tiles=518, at_cap_tiles=50, peak_excess=41, capacity_hist={16:67346}
DCD placer: 76660 cells, 69353 nodes, outer_iters=12, dcd_iters_per_cell=3, graph_model=TwoLevelPip
MEM_STATIC: pipes=352MB nodes=1MB adjacency=78MB pipe_cost_vecs=59MB validity_mask=0MB n_pipes=2562403 n_edges=5124806 rss=1037MB
Softmin position update: enabled, theta 0.250 -> 5.000 (anneal over 12 iters)
RSS_SAMPLE t=56.0s rss=1064MB hwm=1064MB
RSS_SAMPLE t=56.3s rss=1064MB hwm=1064MB
RSS_SAMPLE t=56.5s rss=1064MB hwm=1064MB
RSS_SAMPLE t=56.8s rss=1064MB hwm=1064MB
RSS_SAMPLE t=57.0s rss=1064MB hwm=1064MB
RSS_SAMPLE t=57.3s rss=1064MB hwm=1064MB
RSS_SAMPLE t=57.5s rss=1064MB hwm=1064MB
RSS_SAMPLE t=57.8s rss=1064MB hwm=1064MB
RSS_SAMPLE t=58.0s rss=1064MB hwm=1064MB
RSS_SAMPLE t=58.3s rss=1064MB hwm=1064MB
    analytic_phase[outer=0]: solve skipped, k=0.33
    SwitchMatrix: type_usage_pairs=7 lookups=110 hits=103 dijkstra_calls=7 avg_us=10.9 total_ms=0.1
PHASE_MARK outer=0 enter=pre_solve rss=1068MB
    rss_probe[outer=0]: pre_refresh_rss=1068MB post_pre_solve_rss=1094MB cache_entries=0 cache_cap=0 cache_est_mb=5
    pre_solve_diag[outer=0]: solves=0 fallback=0 (0.0%) cap_armed=0 (0.0%) settle_avg=0 settle_max=0 init_count=254
  Cell placement by tile type (iter 0, 76660 cells):
    NULL: 31596
    CLB: 27114
    IOB_W: 15019
    CLK_BUFG: 2320
    BRAM: 351
    DSP: 182
    IOB_E: 78
RSS_SAMPLE t=58.5s rss=1094MB hwm=1094MB
    Overflow: over=0 (0.0% of used) avg_excess=0.00 max_excess=0.00 (nc=0.00 cap=0 span=0)  excess_buckets: <=1=0 1-5=0 5-20=0 >20=0  by_cap: cap1=0 cap2=0 cap3-5=0 cap>5=0  by_span: s1=0 s2-3=0 s4-6=0 s7-12=0 s>12=0  le1_cross: cap1=0 cap2-5=0 cap>5=0
    Congestion: pipes=2562403 used=0 congested(>50%)=0 saturated(>90%)=0 max_util=0.00 avg_util=0.0000
PHASE_MARK outer=0 enter=dcd_sweep rss=1094MB
RSS_SAMPLE t=58.8s rss=1094MB hwm=1094MB
RSS_SAMPLE t=59.0s rss=1094MB hwm=1094MB
RSS_SAMPLE t=59.3s rss=1094MB hwm=1094MB
RSS_SAMPLE t=59.5s rss=1094MB hwm=1094MB
RSS_SAMPLE t=59.8s rss=1094MB hwm=1094MB
RSS_SAMPLE t=60.0s rss=1094MB hwm=1094MB
RSS_SAMPLE t=60.3s rss=1094MB hwm=1094MB
RSS_SAMPLE t=60.5s rss=1095MB hwm=1095MB
RSS_SAMPLE t=60.8s rss=1095MB hwm=1095MB
RSS_SAMPLE t=61.0s rss=1095MB hwm=1095MB
RSS_SAMPLE t=61.3s rss=1095MB hwm=1095MB
RSS_SAMPLE t=61.5s rss=1095MB hwm=1095MB
RSS_SAMPLE t=61.8s rss=1095MB hwm=1095MB
RSS_SAMPLE t=62.0s rss=1095MB hwm=1095MB
RSS_SAMPLE t=62.3s rss=1095MB hwm=1095MB
RSS_SAMPLE t=62.5s rss=1095MB hwm=1095MB
RSS_SAMPLE t=62.8s rss=1095MB hwm=1095MB
RSS_SAMPLE t=63.0s rss=1095MB hwm=1095MB
RSS_SAMPLE t=63.3s rss=1096MB hwm=1096MB
RSS_SAMPLE t=63.5s rss=1096MB hwm=1096MB
RSS_SAMPLE t=63.8s rss=1096MB hwm=1096MB
RSS_SAMPLE t=64.0s rss=1096MB hwm=1096MB
RSS_SAMPLE t=64.3s rss=1096MB hwm=1096MB
RSS_SAMPLE t=64.5s rss=1096MB hwm=1096MB
RSS_SAMPLE t=64.8s rss=1096MB hwm=1096MB
RSS_SAMPLE t=65.0s rss=1096MB hwm=1096MB
RSS_SAMPLE t=65.3s rss=1096MB hwm=1096MB
RSS_SAMPLE t=65.5s rss=1096MB hwm=1096MB
RSS_SAMPLE t=65.8s rss=1096MB hwm=1096MB
RSS_SAMPLE t=66.0s rss=1096MB hwm=1096MB
RSS_SAMPLE t=66.3s rss=1097MB hwm=1097MB
RSS_SAMPLE t=66.5s rss=1097MB hwm=1097MB
RSS_SAMPLE t=66.8s rss=1097MB hwm=1097MB
RSS_SAMPLE t=67.0s rss=1097MB hwm=1097MB
RSS_SAMPLE t=67.3s rss=1097MB hwm=1097MB
RSS_SAMPLE t=67.5s rss=1097MB hwm=1097MB
RSS_SAMPLE t=67.8s rss=1097MB hwm=1097MB
RSS_SAMPLE t=68.0s rss=1097MB hwm=1097MB
RSS_SAMPLE t=68.3s rss=1097MB hwm=1097MB
RSS_SAMPLE t=68.5s rss=1097MB hwm=1097MB
RSS_SAMPLE t=68.8s rss=1097MB hwm=1097MB
RSS_SAMPLE t=69.0s rss=1097MB hwm=1097MB
RSS_SAMPLE t=69.3s rss=1098MB hwm=1098MB
RSS_SAMPLE t=69.5s rss=1098MB hwm=1098MB
RSS_SAMPLE t=69.8s rss=1098MB hwm=1098MB
RSS_SAMPLE t=70.0s rss=1098MB hwm=1098MB
RSS_SAMPLE t=70.3s rss=1098MB hwm=1098MB
RSS_SAMPLE t=70.5s rss=1098MB hwm=1098MB
RSS_SAMPLE t=70.8s rss=1098MB hwm=1098MB
RSS_SAMPLE t=71.0s rss=1098MB hwm=1098MB
RSS_SAMPLE t=71.3s rss=1098MB hwm=1098MB
RSS_SAMPLE t=71.5s rss=1098MB hwm=1098MB
RSS_SAMPLE t=71.8s rss=1098MB hwm=1098MB
RSS_SAMPLE t=72.0s rss=1098MB hwm=1098MB
RSS_SAMPLE t=72.3s rss=1098MB hwm=1098MB
RSS_SAMPLE t=72.5s rss=1098MB hwm=1098MB
PHASE_MARK outer=0 leave=dcd_sweep rss=1094MB
PHASE_MARK outer=0 enter=post_refresh rss=1094MB
RSS_SAMPLE t=72.8s rss=1130MB hwm=1130MB
RSS_SAMPLE t=73.0s rss=1130MB hwm=1130MB
RSS_SAMPLE t=73.3s rss=1130MB hwm=1130MB
RSS_SAMPLE t=73.5s rss=1130MB hwm=1130MB
RSS_SAMPLE t=73.8s rss=1130MB hwm=1130MB
RSS_SAMPLE t=74.0s rss=1130MB hwm=1130MB
RSS_SAMPLE t=74.3s rss=1130MB hwm=1130MB
RSS_SAMPLE t=74.5s rss=1130MB hwm=1130MB
RSS_SAMPLE t=74.8s rss=1130MB hwm=1130MB
RSS_SAMPLE t=75.0s rss=1130MB hwm=1130MB
MEM_POOL: workspaces=31 dense_usage_mb=1212 n_pipes=2562403
    post_solve_diag[outer=0]: solves=0 cap_armed=0 (0.0%) settle_avg=0 above_sink_avg=0 (0.0%) settle_max=0
    load_support[outer=0]: settle_avg=0 load_nz_avg=0 (0.0%) load_material_avg=0 (0.0%)
    prune_ceiling[outer=0]: settle_avg=0 heuristic_prunable_avg=0 (0.0%) vs oracle_zero_load=0.0%
    settle_hist[outer=0]: <100: 0nets/0.0%work  <1k: 0nets/0.0%work  <5k: 0nets/0.0%work  <20k: 0nets/0.0%work  <60k: 0nets/0.0%work  >=60k: 0nets/0.0%work
    fanout_hist[outer=0]: fan1: 0nets/0.0%work  fan2-4: 0nets/0.0%work  fan5-16: 0nets/0.0%work  fan17-64: 0nets/0.0%work  fan65-256: 0nets/0.0%work  fan>256: 0nets/0.0%work
RSS_SAMPLE t=75.3s rss=1131MB hwm=1131MB
    rss_probe[outer=0]: pre_post_solve=1131MB post_post_solve=1131MB after_apply=1131MB
    E_decomp: base=0.0 eff=0.0 cong=0.0 cong_share=0.0% sat_pipes=0 max_util=0.00  R_buckets: 1-2x=0 2-10x=0 10-100x=0 >=100x=0
    E_potential: beckmann=0.0 history_total=0.0
    SpanCache: epoch=1 entries=110 lookups=2562403 hits=2562293 misses=110 hit_rate=100.0%
  DCD   0: nets=105117 line=12401532 energy=0.000 dE=+0.000 friction=0.0 bins=2.2x(1069) excess=576.1 moved=75162 disp=inf solves=0 skip=0 pops=0 theta=0.250 refresh=2633ms dcd=14172ms total=19332ms
    cache_stats: entries=0 capacity=0 est_mb=5 rss_mb=1136
RSS_SAMPLE t=75.5s rss=1134MB hwm=1134MB
RSS_SAMPLE t=75.8s rss=1134MB hwm=1134MB
RSS_SAMPLE t=76.0s rss=1134MB hwm=1134MB
RSS_SAMPLE t=76.3s rss=1134MB hwm=1134MB
RSS_SAMPLE t=76.5s rss=1134MB hwm=1134MB
RSS_SAMPLE t=76.8s rss=1134MB hwm=1134MB
RSS_SAMPLE t=77.0s rss=1134MB hwm=1134MB
RSS_SAMPLE t=77.3s rss=1134MB hwm=1134MB
RSS_SAMPLE t=77.5s rss=1134MB hwm=1134MB
RSS_SAMPLE t=77.8s rss=1134MB hwm=1134MB
    analytic_phase[outer=1]: solve skipped, k=0.33
    SwitchMatrix: type_usage_pairs=7 lookups=110 hits=103 dijkstra_calls=7 avg_us=21.1 total_ms=0.1
PHASE_MARK outer=1 enter=pre_solve rss=1134MB
    rss_probe[outer=1]: pre_refresh_rss=1134MB post_pre_solve_rss=1134MB cache_entries=0 cache_cap=0 cache_est_mb=5
    pre_solve_diag[outer=1]: solves=0 fallback=0 (0.0%) cap_armed=0 (0.0%) settle_avg=0 settle_max=0 init_count=245
    Overflow: over=0 (0.0% of used) avg_excess=0.00 max_excess=0.00 (nc=0.00 cap=0 span=0)  excess_buckets: <=1=0 1-5=0 5-20=0 >20=0  by_cap: cap1=0 cap2=0 cap3-5=0 cap>5=0  by_span: s1=0 s2-3=0 s4-6=0 s7-12=0 s>12=0  le1_cross: cap1=0 cap2-5=0 cap>5=0
    Congestion: pipes=2562403 used=0 congested(>50%)=0 saturated(>90%)=0 max_util=0.00 avg_util=0.0000
PHASE_MARK outer=1 enter=dcd_sweep rss=1134MB
RSS_SAMPLE t=78.0s rss=1134MB hwm=1134MB
RSS_SAMPLE t=78.3s rss=1134MB hwm=1134MB
RSS_SAMPLE t=78.5s rss=1134MB hwm=1134MB
RSS_SAMPLE t=78.8s rss=1134MB hwm=1134MB
RSS_SAMPLE t=79.0s rss=1134MB hwm=1134MB
RSS_SAMPLE t=79.3s rss=1134MB hwm=1134MB
RSS_SAMPLE t=79.5s rss=1134MB hwm=1134MB
RSS_SAMPLE t=79.8s rss=1134MB hwm=1134MB
RSS_SAMPLE t=80.0s rss=1134MB hwm=1134MB
RSS_SAMPLE t=80.3s rss=1134MB hwm=1134MB
RSS_SAMPLE t=80.5s rss=1134MB hwm=1134MB
RSS_SAMPLE t=80.8s rss=1134MB hwm=1134MB
RSS_SAMPLE t=81.0s rss=1134MB hwm=1134MB
RSS_SAMPLE t=81.3s rss=1134MB hwm=1134MB
RSS_SAMPLE t=81.5s rss=1134MB hwm=1134MB
RSS_SAMPLE t=81.8s rss=1134MB hwm=1134MB
RSS_SAMPLE t=82.0s rss=1134MB hwm=1134MB
RSS_SAMPLE t=82.3s rss=1134MB hwm=1134MB
RSS_SAMPLE t=82.5s rss=1134MB hwm=1134MB
RSS_SAMPLE t=82.8s rss=1134MB hwm=1134MB
RSS_SAMPLE t=83.0s rss=1134MB hwm=1134MB
RSS_SAMPLE t=83.3s rss=1134MB hwm=1134MB
RSS_SAMPLE t=83.5s rss=1134MB hwm=1134MB
RSS_SAMPLE t=83.8s rss=1134MB hwm=1134MB
RSS_SAMPLE t=84.0s rss=1134MB hwm=1134MB
RSS_SAMPLE t=84.3s rss=1134MB hwm=1134MB
RSS_SAMPLE t=84.5s rss=1134MB hwm=1134MB
RSS_SAMPLE t=84.8s rss=1134MB hwm=1134MB
RSS_SAMPLE t=85.1s rss=1134MB hwm=1134MB
RSS_SAMPLE t=85.3s rss=1134MB hwm=1134MB
RSS_SAMPLE t=85.6s rss=1134MB hwm=1134MB
RSS_SAMPLE t=85.8s rss=1134MB hwm=1134MB
RSS_SAMPLE t=86.1s rss=1134MB hwm=1134MB
RSS_SAMPLE t=86.3s rss=1134MB hwm=1134MB
RSS_SAMPLE t=86.6s rss=1134MB hwm=1134MB
RSS_SAMPLE t=86.8s rss=1134MB hwm=1134MB
RSS_SAMPLE t=87.1s rss=1134MB hwm=1134MB
RSS_SAMPLE t=87.3s rss=1134MB hwm=1134MB
RSS_SAMPLE t=87.6s rss=1134MB hwm=1134MB
RSS_SAMPLE t=87.8s rss=1134MB hwm=1134MB
RSS_SAMPLE t=88.1s rss=1134MB hwm=1134MB
RSS_SAMPLE t=88.3s rss=1134MB hwm=1134MB
RSS_SAMPLE t=88.6s rss=1134MB hwm=1134MB
RSS_SAMPLE t=88.8s rss=1134MB hwm=1134MB
RSS_SAMPLE t=89.1s rss=1134MB hwm=1134MB
RSS_SAMPLE t=89.3s rss=1134MB hwm=1134MB
RSS_SAMPLE t=89.6s rss=1134MB hwm=1134MB
RSS_SAMPLE t=89.8s rss=1134MB hwm=1134MB
RSS_SAMPLE t=90.1s rss=1134MB hwm=1134MB
RSS_SAMPLE t=90.3s rss=1134MB hwm=1134MB
RSS_SAMPLE t=90.6s rss=1134MB hwm=1134MB
RSS_SAMPLE t=90.8s rss=1134MB hwm=1134MB
RSS_SAMPLE t=91.1s rss=1134MB hwm=1134MB
RSS_SAMPLE t=91.3s rss=1134MB hwm=1134MB
RSS_SAMPLE t=91.6s rss=1134MB hwm=1134MB
RSS_SAMPLE t=91.8s rss=1134MB hwm=1134MB
RSS_SAMPLE t=92.1s rss=1134MB hwm=1134MB
PHASE_MARK outer=1 leave=dcd_sweep rss=1134MB
PHASE_MARK outer=1 enter=post_refresh rss=1134MB
RSS_SAMPLE t=92.3s rss=1143MB hwm=1143MB
RSS_SAMPLE t=92.6s rss=1143MB hwm=1143MB
RSS_SAMPLE t=92.8s rss=1143MB hwm=1143MB
RSS_SAMPLE t=93.1s rss=1143MB hwm=1143MB
RSS_SAMPLE t=93.3s rss=1143MB hwm=1143MB
RSS_SAMPLE t=93.6s rss=1143MB hwm=1143MB
RSS_SAMPLE t=93.8s rss=1143MB hwm=1143MB
RSS_SAMPLE t=94.1s rss=1143MB hwm=1143MB
RSS_SAMPLE t=94.3s rss=1143MB hwm=1143MB
RSS_SAMPLE t=94.6s rss=1143MB hwm=1143MB
MEM_POOL: workspaces=31 dense_usage_mb=1212 n_pipes=2562403
    post_solve_diag[outer=1]: solves=0 cap_armed=0 (0.0%) settle_avg=0 above_sink_avg=0 (0.0%) settle_max=0
    load_support[outer=1]: settle_avg=0 load_nz_avg=0 (0.0%) load_material_avg=0 (0.0%)
    prune_ceiling[outer=1]: settle_avg=0 heuristic_prunable_avg=0 (0.0%) vs oracle_zero_load=0.0%
    settle_hist[outer=1]: <100: 0nets/0.0%work  <1k: 0nets/0.0%work  <5k: 0nets/0.0%work  <20k: 0nets/0.0%work  <60k: 0nets/0.0%work  >=60k: 0nets/0.0%work
    fanout_hist[outer=1]: fan1: 0nets/0.0%work  fan2-4: 0nets/0.0%work  fan5-16: 0nets/0.0%work  fan17-64: 0nets/0.0%work  fan65-256: 0nets/0.0%work  fan>256: 0nets/0.0%work
    rss_probe[outer=1]: pre_post_solve=1143MB post_post_solve=1143MB after_apply=1143MB
    E_decomp: base=0.0 eff=0.0 cong=0.0 cong_share=0.0% sat_pipes=0 max_util=0.00  R_buckets: 1-2x=0 2-10x=0 10-100x=0 >=100x=0
    E_potential: beckmann=0.0 history_total=0.0
    SpanCache: epoch=2 entries=110 lookups=2562403 hits=2562293 misses=110 hit_rate=100.0%
  DCD   1: nets=105117 line=9833645 energy=0.000 dE=+0.000 friction=0.0 bins=2.0x(497) excess=149.9 moved=76541 disp=21.915 solves=0 skip=105117 pops=0 theta=0.328 refresh=2550ms dcd=14381ms total=19442ms
    cache_stats: entries=0 capacity=0 est_mb=5 rss_mb=1145
RSS_SAMPLE t=94.8s rss=1145MB hwm=1145MB
RSS_SAMPLE t=95.1s rss=1145MB hwm=1145MB
RSS_SAMPLE t=95.3s rss=1145MB hwm=1145MB
RSS_SAMPLE t=95.6s rss=1145MB hwm=1145MB
RSS_SAMPLE t=95.8s rss=1145MB hwm=1145MB
RSS_SAMPLE t=96.1s rss=1145MB hwm=1145MB
RSS_SAMPLE t=96.3s rss=1145MB hwm=1145MB
RSS_SAMPLE t=96.6s rss=1145MB hwm=1145MB
RSS_SAMPLE t=96.8s rss=1145MB hwm=1145MB
RSS_SAMPLE t=97.1s rss=1145MB hwm=1145MB
RSS_SAMPLE t=97.3s rss=1145MB hwm=1145MB
    analytic_phase[outer=2]: solve skipped, k=0.33
    SwitchMatrix: type_usage_pairs=7 lookups=110 hits=103 dijkstra_calls=7 avg_us=24.7 total_ms=0.2
PHASE_MARK outer=2 enter=pre_solve rss=1145MB
    rss_probe[outer=2]: pre_refresh_rss=1145MB post_pre_solve_rss=1158MB cache_entries=0 cache_cap=0 cache_est_mb=5
    pre_solve_diag[outer=2]: solves=0 fallback=0 (0.0%) cap_armed=0 (0.0%) settle_avg=0 settle_max=0 init_count=248
    Overflow: over=0 (0.0% of used) avg_excess=0.00 max_excess=0.00 (nc=0.00 cap=0 span=0)  excess_buckets: <=1=0 1-5=0 5-20=0 >20=0  by_cap: cap1=0 cap2=0 cap3-5=0 cap>5=0  by_span: s1=0 s2-3=0 s4-6=0 s7-12=0 s>12=0  le1_cross: cap1=0 cap2-5=0 cap>5=0
    Congestion: pipes=2562403 used=0 congested(>50%)=0 saturated(>90%)=0 max_util=0.00 avg_util=0.0000
PHASE_MARK outer=2 enter=dcd_sweep rss=1158MB
RSS_SAMPLE t=97.6s rss=1158MB hwm=1158MB
RSS_SAMPLE t=97.8s rss=1158MB hwm=1158MB
RSS_SAMPLE t=98.1s rss=1158MB hwm=1158MB
RSS_SAMPLE t=98.3s rss=1158MB hwm=1158MB
RSS_SAMPLE t=98.6s rss=1158MB hwm=1158MB
RSS_SAMPLE t=98.8s rss=1158MB hwm=1158MB
RSS_SAMPLE t=99.1s rss=1159MB hwm=1159MB
RSS_SAMPLE t=99.3s rss=1159MB hwm=1159MB
RSS_SAMPLE t=99.6s rss=1159MB hwm=1159MB
RSS_SAMPLE t=99.8s rss=1159MB hwm=1159MB
RSS_SAMPLE t=100.1s rss=1159MB hwm=1159MB
RSS_SAMPLE t=100.3s rss=1159MB hwm=1159MB
RSS_SAMPLE t=100.6s rss=1159MB hwm=1159MB
RSS_SAMPLE t=100.8s rss=1159MB hwm=1159MB
RSS_SAMPLE t=101.1s rss=1159MB hwm=1159MB
RSS_SAMPLE t=101.3s rss=1159MB hwm=1159MB
RSS_SAMPLE t=101.6s rss=1159MB hwm=1159MB
RSS_SAMPLE t=101.8s rss=1159MB hwm=1159MB
RSS_SAMPLE t=102.1s rss=1160MB hwm=1160MB
RSS_SAMPLE t=102.3s rss=1160MB hwm=1160MB
RSS_SAMPLE t=102.6s rss=1160MB hwm=1160MB
RSS_SAMPLE t=102.8s rss=1160MB hwm=1160MB
RSS_SAMPLE t=103.1s rss=1160MB hwm=1160MB
RSS_SAMPLE t=103.3s rss=1160MB hwm=1160MB
RSS_SAMPLE t=103.6s rss=1160MB hwm=1160MB
RSS_SAMPLE t=103.8s rss=1160MB hwm=1160MB
RSS_SAMPLE t=104.1s rss=1160MB hwm=1160MB
RSS_SAMPLE t=104.3s rss=1160MB hwm=1160MB
RSS_SAMPLE t=104.6s rss=1160MB hwm=1160MB
RSS_SAMPLE t=104.8s rss=1160MB hwm=1160MB
RSS_SAMPLE t=105.1s rss=1160MB hwm=1160MB
RSS_SAMPLE t=105.3s rss=1161MB hwm=1161MB
RSS_SAMPLE t=105.6s rss=1161MB hwm=1161MB
RSS_SAMPLE t=105.8s rss=1161MB hwm=1161MB
RSS_SAMPLE t=106.1s rss=1161MB hwm=1161MB
RSS_SAMPLE t=106.3s rss=1161MB hwm=1161MB
RSS_SAMPLE t=106.6s rss=1161MB hwm=1161MB
RSS_SAMPLE t=106.8s rss=1161MB hwm=1161MB
RSS_SAMPLE t=107.1s rss=1161MB hwm=1161MB
RSS_SAMPLE t=107.3s rss=1161MB hwm=1161MB
RSS_SAMPLE t=107.6s rss=1161MB hwm=1161MB
RSS_SAMPLE t=107.8s rss=1161MB hwm=1161MB
RSS_SAMPLE t=108.1s rss=1161MB hwm=1161MB
RSS_SAMPLE t=108.3s rss=1162MB hwm=1162MB
RSS_SAMPLE t=108.6s rss=1162MB hwm=1162MB
RSS_SAMPLE t=108.8s rss=1162MB hwm=1162MB
RSS_SAMPLE t=109.1s rss=1162MB hwm=1162MB
RSS_SAMPLE t=109.3s rss=1162MB hwm=1162MB
RSS_SAMPLE t=109.6s rss=1162MB hwm=1162MB
RSS_SAMPLE t=109.8s rss=1162MB hwm=1162MB
RSS_SAMPLE t=110.1s rss=1162MB hwm=1162MB
RSS_SAMPLE t=110.3s rss=1162MB hwm=1162MB
RSS_SAMPLE t=110.6s rss=1162MB hwm=1162MB
RSS_SAMPLE t=110.8s rss=1162MB hwm=1162MB
RSS_SAMPLE t=111.1s rss=1162MB hwm=1162MB
RSS_SAMPLE t=111.3s rss=1162MB hwm=1162MB
RSS_SAMPLE t=111.6s rss=1163MB hwm=1163MB
RSS_SAMPLE t=111.8s rss=1163MB hwm=1163MB
PHASE_MARK outer=2 leave=dcd_sweep rss=1163MB
PHASE_MARK outer=2 enter=post_refresh rss=1163MB
RSS_SAMPLE t=112.1s rss=1170MB hwm=1170MB
RSS_SAMPLE t=112.3s rss=1170MB hwm=1170MB
RSS_SAMPLE t=112.6s rss=1170MB hwm=1170MB
RSS_SAMPLE t=112.8s rss=1170MB hwm=1170MB
RSS_SAMPLE t=113.1s rss=1170MB hwm=1170MB
RSS_SAMPLE t=113.3s rss=1170MB hwm=1170MB
RSS_SAMPLE t=113.6s rss=1170MB hwm=1170MB
RSS_SAMPLE t=113.8s rss=1170MB hwm=1170MB
RSS_SAMPLE t=114.1s rss=1170MB hwm=1170MB
RSS_SAMPLE t=114.3s rss=1170MB hwm=1170MB
MEM_POOL: workspaces=31 dense_usage_mb=1212 n_pipes=2562403
    post_solve_diag[outer=2]: solves=0 cap_armed=0 (0.0%) settle_avg=0 above_sink_avg=0 (0.0%) settle_max=0
    load_support[outer=2]: settle_avg=0 load_nz_avg=0 (0.0%) load_material_avg=0 (0.0%)
    prune_ceiling[outer=2]: settle_avg=0 heuristic_prunable_avg=0 (0.0%) vs oracle_zero_load=0.0%
    settle_hist[outer=2]: <100: 0nets/0.0%work  <1k: 0nets/0.0%work  <5k: 0nets/0.0%work  <20k: 0nets/0.0%work  <60k: 0nets/0.0%work  >=60k: 0nets/0.0%work
    fanout_hist[outer=2]: fan1: 0nets/0.0%work  fan2-4: 0nets/0.0%work  fan5-16: 0nets/0.0%work  fan17-64: 0nets/0.0%work  fan65-256: 0nets/0.0%work  fan>256: 0nets/0.0%work
    rss_probe[outer=2]: pre_post_solve=1170MB post_post_solve=1185MB after_apply=1185MB
    E_decomp: base=0.0 eff=0.0 cong=0.0 cong_share=0.0% sat_pipes=0 max_util=0.00  R_buckets: 1-2x=0 2-10x=0 10-100x=0 >=100x=0
    E_potential: beckmann=0.0 history_total=0.0
    SpanCache: epoch=3 entries=110 lookups=2562403 hits=2562293 misses=110 hit_rate=100.0%
  DCD   2: nets=105117 line=8417448 energy=0.000 dE=+0.000 friction=0.0 bins=1.8x(251) excess=67.0 moved=76657 disp=12.803 solves=0 skip=105117 pops=0 theta=0.431 refresh=2444ms dcd=14632ms total=19606ms
    cache_stats: entries=0 capacity=0 est_mb=5 rss_mb=1186
RSS_SAMPLE t=114.6s rss=1186MB hwm=1186MB
RSS_SAMPLE t=114.8s rss=1186MB hwm=1186MB
RSS_SAMPLE t=115.1s rss=1186MB hwm=1186MB
RSS_SAMPLE t=115.3s rss=1186MB hwm=1186MB
RSS_SAMPLE t=115.6s rss=1186MB hwm=1186MB
RSS_SAMPLE t=115.8s rss=1186MB hwm=1186MB
RSS_SAMPLE t=116.1s rss=1186MB hwm=1186MB
RSS_SAMPLE t=116.3s rss=1186MB hwm=1186MB
RSS_SAMPLE t=116.6s rss=1186MB hwm=1186MB
RSS_SAMPLE t=116.8s rss=1186MB hwm=1186MB
    analytic_phase[outer=3]: solve skipped, k=0.33
    SwitchMatrix: type_usage_pairs=7 lookups=110 hits=103 dijkstra_calls=7 avg_us=29.0 total_ms=0.2
PHASE_MARK outer=3 enter=pre_solve rss=1186MB
    rss_probe[outer=3]: pre_refresh_rss=1186MB post_pre_solve_rss=1186MB cache_entries=0 cache_cap=0 cache_est_mb=5
    pre_solve_diag[outer=3]: solves=0 fallback=0 (0.0%) cap_armed=0 (0.0%) settle_avg=0 settle_max=0 init_count=233
    Overflow: over=0 (0.0% of used) avg_excess=0.00 max_excess=0.00 (nc=0.00 cap=0 span=0)  excess_buckets: <=1=0 1-5=0 5-20=0 >20=0  by_cap: cap1=0 cap2=0 cap3-5=0 cap>5=0  by_span: s1=0 s2-3=0 s4-6=0 s7-12=0 s>12=0  le1_cross: cap1=0 cap2-5=0 cap>5=0
    Congestion: pipes=2562403 used=0 congested(>50%)=0 saturated(>90%)=0 max_util=0.00 avg_util=0.0000
PHASE_MARK outer=3 enter=dcd_sweep rss=1186MB
RSS_SAMPLE t=117.1s rss=1186MB hwm=1186MB
RSS_SAMPLE t=117.3s rss=1186MB hwm=1186MB
RSS_SAMPLE t=117.6s rss=1186MB hwm=1186MB
RSS_SAMPLE t=117.8s rss=1186MB hwm=1186MB
RSS_SAMPLE t=118.1s rss=1186MB hwm=1186MB
RSS_SAMPLE t=118.3s rss=1186MB hwm=1186MB
RSS_SAMPLE t=118.6s rss=1186MB hwm=1186MB
RSS_SAMPLE t=118.8s rss=1186MB hwm=1186MB
RSS_SAMPLE t=119.1s rss=1186MB hwm=1186MB
RSS_SAMPLE t=119.3s rss=1186MB hwm=1186MB
RSS_SAMPLE t=119.6s rss=1186MB hwm=1186MB
RSS_SAMPLE t=119.8s rss=1186MB hwm=1186MB
RSS_SAMPLE t=120.1s rss=1186MB hwm=1186MB
RSS_SAMPLE t=120.3s rss=1186MB hwm=1186MB
RSS_SAMPLE t=120.6s rss=1186MB hwm=1186MB
RSS_SAMPLE t=120.8s rss=1186MB hwm=1186MB
RSS_SAMPLE t=121.1s rss=1186MB hwm=1186MB
RSS_SAMPLE t=121.3s rss=1186MB hwm=1186MB
RSS_SAMPLE t=121.6s rss=1186MB hwm=1186MB
RSS_SAMPLE t=121.8s rss=1186MB hwm=1186MB
RSS_SAMPLE t=122.1s rss=1186MB hwm=1186MB
RSS_SAMPLE t=122.3s rss=1186MB hwm=1186MB
RSS_SAMPLE t=122.6s rss=1186MB hwm=1186MB
RSS_SAMPLE t=122.8s rss=1186MB hwm=1186MB
RSS_SAMPLE t=123.1s rss=1186MB hwm=1186MB
RSS_SAMPLE t=123.3s rss=1186MB hwm=1186MB
RSS_SAMPLE t=123.6s rss=1186MB hwm=1186MB
RSS_SAMPLE t=123.8s rss=1186MB hwm=1186MB
RSS_SAMPLE t=124.1s rss=1186MB hwm=1186MB
RSS_SAMPLE t=124.3s rss=1186MB hwm=1186MB
RSS_SAMPLE t=124.6s rss=1186MB hwm=1186MB
RSS_SAMPLE t=124.8s rss=1186MB hwm=1186MB
RSS_SAMPLE t=125.1s rss=1186MB hwm=1186MB
RSS_SAMPLE t=125.3s rss=1186MB hwm=1186MB
RSS_SAMPLE t=125.6s rss=1186MB hwm=1186MB
RSS_SAMPLE t=125.8s rss=1186MB hwm=1186MB
RSS_SAMPLE t=126.1s rss=1186MB hwm=1186MB
RSS_SAMPLE t=126.3s rss=1186MB hwm=1186MB
RSS_SAMPLE t=126.6s rss=1186MB hwm=1186MB
RSS_SAMPLE t=126.8s rss=1186MB hwm=1186MB
RSS_SAMPLE t=127.1s rss=1186MB hwm=1186MB
RSS_SAMPLE t=127.3s rss=1186MB hwm=1186MB
RSS_SAMPLE t=127.6s rss=1186MB hwm=1186MB
RSS_SAMPLE t=127.8s rss=1186MB hwm=1186MB
RSS_SAMPLE t=128.1s rss=1186MB hwm=1186MB
RSS_SAMPLE t=128.3s rss=1186MB hwm=1186MB
RSS_SAMPLE t=128.6s rss=1186MB hwm=1186MB
RSS_SAMPLE t=128.8s rss=1186MB hwm=1186MB
RSS_SAMPLE t=129.1s rss=1186MB hwm=1186MB
RSS_SAMPLE t=129.3s rss=1186MB hwm=1186MB
RSS_SAMPLE t=129.6s rss=1186MB hwm=1186MB
RSS_SAMPLE t=129.8s rss=1186MB hwm=1186MB
RSS_SAMPLE t=130.1s rss=1186MB hwm=1186MB
RSS_SAMPLE t=130.3s rss=1186MB hwm=1186MB
RSS_SAMPLE t=130.6s rss=1186MB hwm=1186MB
RSS_SAMPLE t=130.8s rss=1186MB hwm=1186MB
RSS_SAMPLE t=131.1s rss=1186MB hwm=1186MB
RSS_SAMPLE t=131.3s rss=1186MB hwm=1186MB
RSS_SAMPLE t=131.6s rss=1186MB hwm=1186MB
PHASE_MARK outer=3 leave=dcd_sweep rss=1186MB
PHASE_MARK outer=3 enter=post_refresh rss=1186MB
RSS_SAMPLE t=131.8s rss=1187MB hwm=1187MB
RSS_SAMPLE t=132.1s rss=1187MB hwm=1187MB
RSS_SAMPLE t=132.3s rss=1187MB hwm=1187MB
RSS_SAMPLE t=132.6s rss=1187MB hwm=1187MB
RSS_SAMPLE t=132.8s rss=1187MB hwm=1187MB
RSS_SAMPLE t=133.1s rss=1187MB hwm=1187MB
RSS_SAMPLE t=133.3s rss=1187MB hwm=1187MB
RSS_SAMPLE t=133.6s rss=1187MB hwm=1187MB
RSS_SAMPLE t=133.8s rss=1187MB hwm=1187MB
RSS_SAMPLE t=134.1s rss=1187MB hwm=1187MB
MEM_POOL: workspaces=31 dense_usage_mb=1212 n_pipes=2562403
    post_solve_diag[outer=3]: solves=0 cap_armed=0 (0.0%) settle_avg=0 above_sink_avg=0 (0.0%) settle_max=0
    load_support[outer=3]: settle_avg=0 load_nz_avg=0 (0.0%) load_material_avg=0 (0.0%)
    prune_ceiling[outer=3]: settle_avg=0 heuristic_prunable_avg=0 (0.0%) vs oracle_zero_load=0.0%
    settle_hist[outer=3]: <100: 0nets/0.0%work  <1k: 0nets/0.0%work  <5k: 0nets/0.0%work  <20k: 0nets/0.0%work  <60k: 0nets/0.0%work  >=60k: 0nets/0.0%work
    fanout_hist[outer=3]: fan1: 0nets/0.0%work  fan2-4: 0nets/0.0%work  fan5-16: 0nets/0.0%work  fan17-64: 0nets/0.0%work  fan65-256: 0nets/0.0%work  fan>256: 0nets/0.0%work
    rss_probe[outer=3]: pre_post_solve=1187MB post_post_solve=1187MB after_apply=1187MB
    E_decomp: base=0.0 eff=0.0 cong=0.0 cong_share=0.0% sat_pipes=0 max_util=0.00  R_buckets: 1-2x=0 2-10x=0 10-100x=0 >=100x=0
    E_potential: beckmann=0.0 history_total=0.0
    SpanCache: epoch=4 entries=110 lookups=2562403 hits=2562293 misses=110 hit_rate=100.0%
  DCD   3: nets=105117 line=7487641 energy=0.000 dE=+0.000 friction=0.0 bins=1.8x(176) excess=42.6 moved=76660 disp=8.841 solves=0 skip=105117 pops=0 theta=0.566 refresh=2542ms dcd=14795ms total=19853ms
    cache_stats: entries=0 capacity=0 est_mb=5 rss_mb=1187
RSS_SAMPLE t=134.3s rss=1187MB hwm=1187MB
RSS_SAMPLE t=134.6s rss=1187MB hwm=1187MB
RSS_SAMPLE t=134.8s rss=1187MB hwm=1187MB
RSS_SAMPLE t=135.1s rss=1187MB hwm=1187MB
RSS_SAMPLE t=135.3s rss=1187MB hwm=1187MB
RSS_SAMPLE t=135.6s rss=1187MB hwm=1187MB
RSS_SAMPLE t=135.8s rss=1187MB hwm=1187MB
RSS_SAMPLE t=136.1s rss=1187MB hwm=1187MB
RSS_SAMPLE t=136.3s rss=1187MB hwm=1187MB
RSS_SAMPLE t=136.6s rss=1187MB hwm=1187MB
    analytic_phase[outer=4]: solve skipped, k=0.33
RSS_SAMPLE t=136.8s rss=1187MB hwm=1187MB
    SwitchMatrix: type_usage_pairs=7 lookups=110 hits=103 dijkstra_calls=7 avg_us=46.9 total_ms=0.3
PHASE_MARK outer=4 enter=pre_solve rss=1187MB
    rss_probe[outer=4]: pre_refresh_rss=1187MB post_pre_solve_rss=1187MB cache_entries=0 cache_cap=0 cache_est_mb=5
    pre_solve_diag[outer=4]: solves=0 fallback=0 (0.0%) cap_armed=0 (0.0%) settle_avg=0 settle_max=0 init_count=254
    Overflow: over=0 (0.0% of used) avg_excess=0.00 max_excess=0.00 (nc=0.00 cap=0 span=0)  excess_buckets: <=1=0 1-5=0 5-20=0 >20=0  by_cap: cap1=0 cap2=0 cap3-5=0 cap>5=0  by_span: s1=0 s2-3=0 s4-6=0 s7-12=0 s>12=0  le1_cross: cap1=0 cap2-5=0 cap>5=0
    Congestion: pipes=2562403 used=0 congested(>50%)=0 saturated(>90%)=0 max_util=0.00 avg_util=0.0000
PHASE_MARK outer=4 enter=dcd_sweep rss=1187MB
RSS_SAMPLE t=137.1s rss=1187MB hwm=1187MB
RSS_SAMPLE t=137.3s rss=1187MB hwm=1187MB
RSS_SAMPLE t=137.6s rss=1187MB hwm=1187MB
RSS_SAMPLE t=137.8s rss=1187MB hwm=1187MB
RSS_SAMPLE t=138.1s rss=1187MB hwm=1187MB
RSS_SAMPLE t=138.3s rss=1187MB hwm=1187MB
RSS_SAMPLE t=138.6s rss=1187MB hwm=1187MB
RSS_SAMPLE t=138.8s rss=1187MB hwm=1187MB
RSS_SAMPLE t=139.1s rss=1187MB hwm=1187MB
RSS_SAMPLE t=139.3s rss=1187MB hwm=1187MB
RSS_SAMPLE t=139.6s rss=1187MB hwm=1187MB
RSS_SAMPLE t=139.8s rss=1187MB hwm=1187MB
RSS_SAMPLE t=140.1s rss=1187MB hwm=1187MB
RSS_SAMPLE t=140.3s rss=1187MB hwm=1187MB
RSS_SAMPLE t=140.6s rss=1187MB hwm=1187MB
RSS_SAMPLE t=140.8s rss=1187MB hwm=1187MB
RSS_SAMPLE t=141.1s rss=1187MB hwm=1187MB
RSS_SAMPLE t=141.3s rss=1187MB hwm=1187MB
RSS_SAMPLE t=141.6s rss=1187MB hwm=1187MB
RSS_SAMPLE t=141.8s rss=1187MB hwm=1187MB
RSS_SAMPLE t=142.1s rss=1187MB hwm=1187MB
RSS_SAMPLE t=142.3s rss=1187MB hwm=1187MB
RSS_SAMPLE t=142.6s rss=1187MB hwm=1187MB
RSS_SAMPLE t=142.8s rss=1187MB hwm=1187MB
RSS_SAMPLE t=143.1s rss=1187MB hwm=1187MB
RSS_SAMPLE t=143.3s rss=1187MB hwm=1187MB
RSS_SAMPLE t=143.6s rss=1187MB hwm=1187MB
RSS_SAMPLE t=143.8s rss=1187MB hwm=1187MB
RSS_SAMPLE t=144.1s rss=1187MB hwm=1187MB
RSS_SAMPLE t=144.3s rss=1187MB hwm=1187MB
RSS_SAMPLE t=144.6s rss=1187MB hwm=1187MB
RSS_SAMPLE t=144.8s rss=1187MB hwm=1187MB
RSS_SAMPLE t=145.1s rss=1187MB hwm=1187MB
RSS_SAMPLE t=145.3s rss=1187MB hwm=1187MB
RSS_SAMPLE t=145.6s rss=1187MB hwm=1187MB
RSS_SAMPLE t=145.8s rss=1187MB hwm=1187MB
RSS_SAMPLE t=146.1s rss=1187MB hwm=1187MB
RSS_SAMPLE t=146.3s rss=1187MB hwm=1187MB
RSS_SAMPLE t=146.6s rss=1187MB hwm=1187MB
RSS_SAMPLE t=146.8s rss=1187MB hwm=1187MB
RSS_SAMPLE t=147.1s rss=1187MB hwm=1187MB
RSS_SAMPLE t=147.3s rss=1187MB hwm=1187MB
RSS_SAMPLE t=147.6s rss=1187MB hwm=1187MB
RSS_SAMPLE t=147.9s rss=1187MB hwm=1187MB
RSS_SAMPLE t=148.1s rss=1187MB hwm=1187MB
RSS_SAMPLE t=148.4s rss=1187MB hwm=1187MB
RSS_SAMPLE t=148.6s rss=1187MB hwm=1187MB
RSS_SAMPLE t=148.9s rss=1187MB hwm=1187MB
RSS_SAMPLE t=149.1s rss=1187MB hwm=1187MB
RSS_SAMPLE t=149.4s rss=1187MB hwm=1187MB
RSS_SAMPLE t=149.6s rss=1187MB hwm=1187MB
RSS_SAMPLE t=149.9s rss=1187MB hwm=1187MB
RSS_SAMPLE t=150.1s rss=1187MB hwm=1187MB
RSS_SAMPLE t=150.4s rss=1187MB hwm=1187MB
RSS_SAMPLE t=150.6s rss=1187MB hwm=1187MB
RSS_SAMPLE t=150.9s rss=1187MB hwm=1187MB
RSS_SAMPLE t=151.1s rss=1187MB hwm=1187MB
RSS_SAMPLE t=151.4s rss=1187MB hwm=1187MB
RSS_SAMPLE t=151.6s rss=1187MB hwm=1187MB
RSS_SAMPLE t=151.9s rss=1187MB hwm=1187MB
RSS_SAMPLE t=152.1s rss=1187MB hwm=1187MB
RSS_SAMPLE t=152.4s rss=1187MB hwm=1187MB
RSS_SAMPLE t=152.6s rss=1187MB hwm=1187MB
RSS_SAMPLE t=152.9s rss=1187MB hwm=1187MB
RSS_SAMPLE t=153.1s rss=1187MB hwm=1187MB
PHASE_MARK outer=4 leave=dcd_sweep rss=1187MB
PHASE_MARK outer=4 enter=post_refresh rss=1187MB
RSS_SAMPLE t=153.4s rss=1188MB hwm=1188MB
RSS_SAMPLE t=153.6s rss=1188MB hwm=1188MB
RSS_SAMPLE t=153.9s rss=1188MB hwm=1188MB
RSS_SAMPLE t=154.1s rss=1188MB hwm=1188MB
RSS_SAMPLE t=154.4s rss=1188MB hwm=1188MB
RSS_SAMPLE t=154.6s rss=1188MB hwm=1188MB
RSS_SAMPLE t=154.9s rss=1188MB hwm=1188MB
RSS_SAMPLE t=155.1s rss=1188MB hwm=1188MB
RSS_SAMPLE t=155.4s rss=1188MB hwm=1188MB
RSS_SAMPLE t=155.6s rss=1188MB hwm=1188MB
MEM_POOL: workspaces=31 dense_usage_mb=1212 n_pipes=2562403
    post_solve_diag[outer=4]: solves=0 cap_armed=0 (0.0%) settle_avg=0 above_sink_avg=0 (0.0%) settle_max=0
    load_support[outer=4]: settle_avg=0 load_nz_avg=0 (0.0%) load_material_avg=0 (0.0%)
    prune_ceiling[outer=4]: settle_avg=0 heuristic_prunable_avg=0 (0.0%) vs oracle_zero_load=0.0%
    settle_hist[outer=4]: <100: 0nets/0.0%work  <1k: 0nets/0.0%work  <5k: 0nets/0.0%work  <20k: 0nets/0.0%work  <60k: 0nets/0.0%work  >=60k: 0nets/0.0%work
    fanout_hist[outer=4]: fan1: 0nets/0.0%work  fan2-4: 0nets/0.0%work  fan5-16: 0nets/0.0%work  fan17-64: 0nets/0.0%work  fan65-256: 0nets/0.0%work  fan>256: 0nets/0.0%work
    rss_probe[outer=4]: pre_post_solve=1188MB post_post_solve=1188MB after_apply=1188MB
    E_decomp: base=0.0 eff=0.0 cong=0.0 cong_share=0.0% sat_pipes=0 max_util=0.00  R_buckets: 1-2x=0 2-10x=0 10-100x=0 >=100x=0
    E_potential: beckmann=0.0 history_total=0.0
    SpanCache: epoch=5 entries=110 lookups=2562403 hits=2562293 misses=110 hit_rate=100.0%
  DCD   4: nets=105117 line=6824094 energy=0.000 dE=+0.000 friction=0.0 bins=1.8x(144) excess=34.1 moved=76660 disp=6.626 solves=0 skip=105117 pops=0 theta=0.743 refresh=2615ms dcd=16268ms total=21414ms
    cache_stats: entries=0 capacity=0 est_mb=5 rss_mb=1188
RSS_SAMPLE t=155.9s rss=1188MB hwm=1188MB
RSS_SAMPLE t=156.1s rss=1188MB hwm=1188MB
RSS_SAMPLE t=156.4s rss=1188MB hwm=1188MB
RSS_SAMPLE t=156.6s rss=1188MB hwm=1188MB
RSS_SAMPLE t=156.9s rss=1188MB hwm=1188MB
RSS_SAMPLE t=157.1s rss=1188MB hwm=1188MB
RSS_SAMPLE t=157.4s rss=1188MB hwm=1188MB
RSS_SAMPLE t=157.6s rss=1188MB hwm=1188MB
RSS_SAMPLE t=157.9s rss=1188MB hwm=1188MB
RSS_SAMPLE t=158.1s rss=1188MB hwm=1188MB
    analytic_phase[outer=5]: solve skipped, k=0.33
    SwitchMatrix: type_usage_pairs=7 lookups=110 hits=103 dijkstra_calls=7 avg_us=26.3 total_ms=0.2
PHASE_MARK outer=5 enter=pre_solve rss=1188MB
    rss_probe[outer=5]: pre_refresh_rss=1188MB post_pre_solve_rss=1188MB cache_entries=0 cache_cap=0 cache_est_mb=5
    pre_solve_diag[outer=5]: solves=0 fallback=0 (0.0%) cap_armed=0 (0.0%) settle_avg=0 settle_max=0 init_count=248
    Overflow: over=0 (0.0% of used) avg_excess=0.00 max_excess=0.00 (nc=0.00 cap=0 span=0)  excess_buckets: <=1=0 1-5=0 5-20=0 >20=0  by_cap: cap1=0 cap2=0 cap3-5=0 cap>5=0  by_span: s1=0 s2-3=0 s4-6=0 s7-12=0 s>12=0  le1_cross: cap1=0 cap2-5=0 cap>5=0
    Congestion: pipes=2562403 used=0 congested(>50%)=0 saturated(>90%)=0 max_util=0.00 avg_util=0.0000
PHASE_MARK outer=5 enter=dcd_sweep rss=1188MB
RSS_SAMPLE t=158.4s rss=1188MB hwm=1188MB
RSS_SAMPLE t=158.6s rss=1188MB hwm=1188MB
RSS_SAMPLE t=158.9s rss=1188MB hwm=1188MB
RSS_SAMPLE t=159.1s rss=1188MB hwm=1188MB
RSS_SAMPLE t=159.4s rss=1188MB hwm=1188MB
RSS_SAMPLE t=159.6s rss=1188MB hwm=1188MB
RSS_SAMPLE t=159.9s rss=1188MB hwm=1188MB
RSS_SAMPLE t=160.1s rss=1188MB hwm=1188MB
RSS_SAMPLE t=160.4s rss=1188MB hwm=1188MB
RSS_SAMPLE t=160.6s rss=1188MB hwm=1188MB
RSS_SAMPLE t=160.9s rss=1188MB hwm=1188MB
RSS_SAMPLE t=161.1s rss=1188MB hwm=1188MB
RSS_SAMPLE t=161.4s rss=1188MB hwm=1188MB
RSS_SAMPLE t=161.6s rss=1188MB hwm=1188MB
RSS_SAMPLE t=161.9s rss=1188MB hwm=1188MB
RSS_SAMPLE t=162.1s rss=1188MB hwm=1188MB
RSS_SAMPLE t=162.4s rss=1188MB hwm=1188MB
RSS_SAMPLE t=162.6s rss=1188MB hwm=1188MB
RSS_SAMPLE t=162.9s rss=1188MB hwm=1188MB
RSS_SAMPLE t=163.1s rss=1188MB hwm=1188MB
RSS_SAMPLE t=163.4s rss=1188MB hwm=1188MB
RSS_SAMPLE t=163.6s rss=1188MB hwm=1188MB
RSS_SAMPLE t=163.9s rss=1188MB hwm=1188MB
RSS_SAMPLE t=164.1s rss=1188MB hwm=1188MB
RSS_SAMPLE t=164.4s rss=1188MB hwm=1188MB
RSS_SAMPLE t=164.6s rss=1188MB hwm=1188MB
RSS_SAMPLE t=164.9s rss=1188MB hwm=1188MB
RSS_SAMPLE t=165.1s rss=1188MB hwm=1188MB
RSS_SAMPLE t=165.4s rss=1188MB hwm=1188MB
RSS_SAMPLE t=165.6s rss=1188MB hwm=1188MB
RSS_SAMPLE t=165.9s rss=1188MB hwm=1188MB
RSS_SAMPLE t=166.1s rss=1188MB hwm=1188MB
RSS_SAMPLE t=166.4s rss=1188MB hwm=1188MB
RSS_SAMPLE t=166.6s rss=1188MB hwm=1188MB
RSS_SAMPLE t=166.9s rss=1188MB hwm=1188MB
RSS_SAMPLE t=167.1s rss=1188MB hwm=1188MB
RSS_SAMPLE t=167.4s rss=1188MB hwm=1188MB
RSS_SAMPLE t=167.6s rss=1188MB hwm=1188MB
RSS_SAMPLE t=167.9s rss=1188MB hwm=1188MB
RSS_SAMPLE t=168.1s rss=1188MB hwm=1188MB
RSS_SAMPLE t=168.4s rss=1188MB hwm=1188MB
RSS_SAMPLE t=168.6s rss=1188MB hwm=1188MB
RSS_SAMPLE t=168.9s rss=1188MB hwm=1188MB
RSS_SAMPLE t=169.1s rss=1188MB hwm=1188MB
RSS_SAMPLE t=169.4s rss=1188MB hwm=1188MB
RSS_SAMPLE t=169.6s rss=1188MB hwm=1188MB
RSS_SAMPLE t=169.9s rss=1188MB hwm=1188MB
RSS_SAMPLE t=170.1s rss=1188MB hwm=1188MB
RSS_SAMPLE t=170.4s rss=1188MB hwm=1188MB
RSS_SAMPLE t=170.6s rss=1188MB hwm=1188MB
RSS_SAMPLE t=170.9s rss=1188MB hwm=1188MB
RSS_SAMPLE t=171.1s rss=1188MB hwm=1188MB
RSS_SAMPLE t=171.4s rss=1188MB hwm=1188MB
RSS_SAMPLE t=171.6s rss=1188MB hwm=1188MB
RSS_SAMPLE t=171.9s rss=1188MB hwm=1188MB
RSS_SAMPLE t=172.1s rss=1188MB hwm=1188MB
RSS_SAMPLE t=172.4s rss=1188MB hwm=1188MB
RSS_SAMPLE t=172.6s rss=1188MB hwm=1188MB
RSS_SAMPLE t=172.9s rss=1188MB hwm=1188MB
RSS_SAMPLE t=173.1s rss=1188MB hwm=1188MB
RSS_SAMPLE t=173.4s rss=1188MB hwm=1188MB
PHASE_MARK outer=5 leave=dcd_sweep rss=1188MB
PHASE_MARK outer=5 enter=post_refresh rss=1188MB
RSS_SAMPLE t=173.6s rss=1189MB hwm=1189MB
RSS_SAMPLE t=173.9s rss=1189MB hwm=1189MB
RSS_SAMPLE t=174.1s rss=1189MB hwm=1189MB
RSS_SAMPLE t=174.4s rss=1189MB hwm=1189MB
RSS_SAMPLE t=174.6s rss=1189MB hwm=1189MB
RSS_SAMPLE t=174.9s rss=1189MB hwm=1189MB
RSS_SAMPLE t=175.1s rss=1189MB hwm=1189MB
RSS_SAMPLE t=175.4s rss=1189MB hwm=1189MB
RSS_SAMPLE t=175.6s rss=1189MB hwm=1189MB
RSS_SAMPLE t=175.9s rss=1189MB hwm=1189MB
MEM_POOL: workspaces=31 dense_usage_mb=1212 n_pipes=2562403
    post_solve_diag[outer=5]: solves=0 cap_armed=0 (0.0%) settle_avg=0 above_sink_avg=0 (0.0%) settle_max=0
    load_support[outer=5]: settle_avg=0 load_nz_avg=0 (0.0%) load_material_avg=0 (0.0%)
    prune_ceiling[outer=5]: settle_avg=0 heuristic_prunable_avg=0 (0.0%) vs oracle_zero_load=0.0%
    settle_hist[outer=5]: <100: 0nets/0.0%work  <1k: 0nets/0.0%work  <5k: 0nets/0.0%work  <20k: 0nets/0.0%work  <60k: 0nets/0.0%work  >=60k: 0nets/0.0%work
    fanout_hist[outer=5]: fan1: 0nets/0.0%work  fan2-4: 0nets/0.0%work  fan5-16: 0nets/0.0%work  fan17-64: 0nets/0.0%work  fan65-256: 0nets/0.0%work  fan>256: 0nets/0.0%work
    rss_probe[outer=5]: pre_post_solve=1189MB post_post_solve=1189MB after_apply=1189MB
    E_decomp: base=0.0 eff=0.0 cong=0.0 cong_share=0.0% sat_pipes=0 max_util=0.00  R_buckets: 1-2x=0 2-10x=0 10-100x=0 >=100x=0
    E_potential: beckmann=0.0 history_total=0.0
    SpanCache: epoch=6 entries=110 lookups=2562403 hits=2562293 misses=110 hit_rate=100.0%
  DCD   5: nets=105117 line=6310930 energy=0.000 dE=+0.000 friction=0.0 bins=1.9x(125) excess=31.5 moved=76660 disp=5.233 solves=0 skip=105117 pops=0 theta=0.976 refresh=2558ms dcd=15067ms total=20156ms
    cache_stats: entries=0 capacity=0 est_mb=5 rss_mb=1189
RSS_SAMPLE t=176.1s rss=1189MB hwm=1189MB
RSS_SAMPLE t=176.4s rss=1189MB hwm=1189MB
RSS_SAMPLE t=176.6s rss=1189MB hwm=1189MB
RSS_SAMPLE t=176.9s rss=1189MB hwm=1189MB
RSS_SAMPLE t=177.1s rss=1189MB hwm=1189MB
RSS_SAMPLE t=177.4s rss=1189MB hwm=1189MB
RSS_SAMPLE t=177.6s rss=1189MB hwm=1189MB
RSS_SAMPLE t=177.9s rss=1189MB hwm=1189MB
RSS_SAMPLE t=178.1s rss=1189MB hwm=1189MB
RSS_SAMPLE t=178.4s rss=1189MB hwm=1189MB
    analytic_phase[outer=6]: solve skipped, k=0.33
    SwitchMatrix: type_usage_pairs=7 lookups=110 hits=103 dijkstra_calls=7 avg_us=68.7 total_ms=0.5
PHASE_MARK outer=6 enter=pre_solve rss=1189MB
    rss_probe[outer=6]: pre_refresh_rss=1189MB post_pre_solve_rss=1189MB cache_entries=0 cache_cap=0 cache_est_mb=5
    pre_solve_diag[outer=6]: solves=0 fallback=0 (0.0%) cap_armed=0 (0.0%) settle_avg=0 settle_max=0 init_count=245
    Overflow: over=0 (0.0% of used) avg_excess=0.00 max_excess=0.00 (nc=0.00 cap=0 span=0)  excess_buckets: <=1=0 1-5=0 5-20=0 >20=0  by_cap: cap1=0 cap2=0 cap3-5=0 cap>5=0  by_span: s1=0 s2-3=0 s4-6=0 s7-12=0 s>12=0  le1_cross: cap1=0 cap2-5=0 cap>5=0
    Congestion: pipes=2562403 used=0 congested(>50%)=0 saturated(>90%)=0 max_util=0.00 avg_util=0.0000
PHASE_MARK outer=6 enter=dcd_sweep rss=1189MB
RSS_SAMPLE t=178.6s rss=1189MB hwm=1189MB
RSS_SAMPLE t=178.9s rss=1189MB hwm=1189MB
RSS_SAMPLE t=179.1s rss=1189MB hwm=1189MB
RSS_SAMPLE t=179.4s rss=1189MB hwm=1189MB
RSS_SAMPLE t=179.6s rss=1189MB hwm=1189MB
RSS_SAMPLE t=179.9s rss=1189MB hwm=1189MB
RSS_SAMPLE t=180.1s rss=1189MB hwm=1189MB
RSS_SAMPLE t=180.4s rss=1189MB hwm=1189MB
RSS_SAMPLE t=180.6s rss=1189MB hwm=1189MB
RSS_SAMPLE t=180.9s rss=1189MB hwm=1189MB
RSS_SAMPLE t=181.1s rss=1189MB hwm=1189MB
RSS_SAMPLE t=181.4s rss=1189MB hwm=1189MB
RSS_SAMPLE t=181.6s rss=1189MB hwm=1189MB
RSS_SAMPLE t=181.9s rss=1189MB hwm=1189MB
RSS_SAMPLE t=182.1s rss=1189MB hwm=1189MB
RSS_SAMPLE t=182.4s rss=1189MB hwm=1189MB
RSS_SAMPLE t=182.6s rss=1189MB hwm=1189MB
RSS_SAMPLE t=182.9s rss=1189MB hwm=1189MB
RSS_SAMPLE t=183.1s rss=1189MB hwm=1189MB
RSS_SAMPLE t=183.4s rss=1189MB hwm=1189MB
RSS_SAMPLE t=183.6s rss=1189MB hwm=1189MB
RSS_SAMPLE t=183.9s rss=1189MB hwm=1189MB
RSS_SAMPLE t=184.1s rss=1189MB hwm=1189MB
RSS_SAMPLE t=184.4s rss=1189MB hwm=1189MB
RSS_SAMPLE t=184.6s rss=1189MB hwm=1189MB
RSS_SAMPLE t=184.9s rss=1189MB hwm=1189MB
RSS_SAMPLE t=185.1s rss=1189MB hwm=1189MB
RSS_SAMPLE t=185.4s rss=1189MB hwm=1189MB
RSS_SAMPLE t=185.6s rss=1189MB hwm=1189MB
RSS_SAMPLE t=185.9s rss=1189MB hwm=1189MB
RSS_SAMPLE t=186.1s rss=1189MB hwm=1189MB
RSS_SAMPLE t=186.4s rss=1189MB hwm=1189MB
RSS_SAMPLE t=186.6s rss=1189MB hwm=1189MB
RSS_SAMPLE t=186.9s rss=1189MB hwm=1189MB
RSS_SAMPLE t=187.1s rss=1189MB hwm=1189MB
RSS_SAMPLE t=187.4s rss=1189MB hwm=1189MB
RSS_SAMPLE t=187.6s rss=1189MB hwm=1189MB
RSS_SAMPLE t=187.9s rss=1189MB hwm=1189MB
RSS_SAMPLE t=188.1s rss=1189MB hwm=1189MB
RSS_SAMPLE t=188.4s rss=1189MB hwm=1189MB
RSS_SAMPLE t=188.6s rss=1189MB hwm=1189MB
RSS_SAMPLE t=188.9s rss=1189MB hwm=1189MB
RSS_SAMPLE t=189.1s rss=1189MB hwm=1189MB
RSS_SAMPLE t=189.4s rss=1189MB hwm=1189MB
RSS_SAMPLE t=189.6s rss=1189MB hwm=1189MB
RSS_SAMPLE t=189.9s rss=1189MB hwm=1189MB
RSS_SAMPLE t=190.1s rss=1189MB hwm=1189MB
RSS_SAMPLE t=190.4s rss=1189MB hwm=1189MB
RSS_SAMPLE t=190.6s rss=1189MB hwm=1189MB
RSS_SAMPLE t=190.9s rss=1189MB hwm=1189MB
RSS_SAMPLE t=191.1s rss=1189MB hwm=1189MB
RSS_SAMPLE t=191.4s rss=1189MB hwm=1189MB
RSS_SAMPLE t=191.6s rss=1189MB hwm=1189MB
RSS_SAMPLE t=191.9s rss=1189MB hwm=1189MB
RSS_SAMPLE t=192.1s rss=1189MB hwm=1189MB
RSS_SAMPLE t=192.4s rss=1189MB hwm=1189MB
RSS_SAMPLE t=192.6s rss=1189MB hwm=1189MB
RSS_SAMPLE t=192.9s rss=1189MB hwm=1189MB
RSS_SAMPLE t=193.1s rss=1189MB hwm=1189MB
RSS_SAMPLE t=193.4s rss=1189MB hwm=1189MB
RSS_SAMPLE t=193.6s rss=1189MB hwm=1189MB
RSS_SAMPLE t=193.9s rss=1189MB hwm=1189MB
PHASE_MARK outer=6 leave=dcd_sweep rss=1189MB
PHASE_MARK outer=6 enter=post_refresh rss=1189MB
RSS_SAMPLE t=194.1s rss=1189MB hwm=1189MB
RSS_SAMPLE t=194.4s rss=1189MB hwm=1189MB
RSS_SAMPLE t=194.6s rss=1189MB hwm=1189MB
RSS_SAMPLE t=194.9s rss=1189MB hwm=1189MB
RSS_SAMPLE t=195.1s rss=1189MB hwm=1189MB
RSS_SAMPLE t=195.4s rss=1189MB hwm=1189MB
RSS_SAMPLE t=195.6s rss=1189MB hwm=1189MB
RSS_SAMPLE t=195.9s rss=1189MB hwm=1189MB
RSS_SAMPLE t=196.1s rss=1189MB hwm=1189MB
RSS_SAMPLE t=196.4s rss=1189MB hwm=1189MB
MEM_POOL: workspaces=31 dense_usage_mb=1212 n_pipes=2562403
    post_solve_diag[outer=6]: solves=0 cap_armed=0 (0.0%) settle_avg=0 above_sink_avg=0 (0.0%) settle_max=0
    load_support[outer=6]: settle_avg=0 load_nz_avg=0 (0.0%) load_material_avg=0 (0.0%)
    prune_ceiling[outer=6]: settle_avg=0 heuristic_prunable_avg=0 (0.0%) vs oracle_zero_load=0.0%
    settle_hist[outer=6]: <100: 0nets/0.0%work  <1k: 0nets/0.0%work  <5k: 0nets/0.0%work  <20k: 0nets/0.0%work  <60k: 0nets/0.0%work  >=60k: 0nets/0.0%work
    fanout_hist[outer=6]: fan1: 0nets/0.0%work  fan2-4: 0nets/0.0%work  fan5-16: 0nets/0.0%work  fan17-64: 0nets/0.0%work  fan65-256: 0nets/0.0%work  fan>256: 0nets/0.0%work
    rss_probe[outer=6]: pre_post_solve=1189MB post_post_solve=1189MB after_apply=1189MB
    E_decomp: base=0.0 eff=0.0 cong=0.0 cong_share=0.0% sat_pipes=0 max_util=0.00  R_buckets: 1-2x=0 2-10x=0 10-100x=0 >=100x=0
    E_potential: beckmann=0.0 history_total=0.0
    SpanCache: epoch=7 entries=110 lookups=2562403 hits=2562293 misses=110 hit_rate=100.0%
  DCD   6: nets=105117 line=5906524 energy=0.000 dE=+0.000 friction=0.0 bins=1.9x(145) excess=33.9 moved=76660 disp=4.281 solves=0 skip=105117 pops=0 theta=1.281 refresh=2567ms dcd=15502ms total=20611ms
    cache_stats: entries=0 capacity=0 est_mb=5 rss_mb=1189
RSS_SAMPLE t=196.6s rss=1189MB hwm=1189MB
RSS_SAMPLE t=196.9s rss=1189MB hwm=1189MB
RSS_SAMPLE t=197.1s rss=1189MB hwm=1189MB
RSS_SAMPLE t=197.4s rss=1189MB hwm=1189MB
RSS_SAMPLE t=197.6s rss=1189MB hwm=1189MB
RSS_SAMPLE t=197.9s rss=1189MB hwm=1189MB
RSS_SAMPLE t=198.1s rss=1189MB hwm=1189MB
RSS_SAMPLE t=198.4s rss=1189MB hwm=1189MB
RSS_SAMPLE t=198.6s rss=1189MB hwm=1189MB
RSS_SAMPLE t=198.9s rss=1189MB hwm=1189MB
    analytic_phase[outer=7]: solve skipped, k=0.33
    SwitchMatrix: type_usage_pairs=7 lookups=110 hits=103 dijkstra_calls=7 avg_us=24.0 total_ms=0.2
RSS_SAMPLE t=199.1s rss=1189MB hwm=1189MB
PHASE_MARK outer=7 enter=pre_solve rss=1189MB
    rss_probe[outer=7]: pre_refresh_rss=1189MB post_pre_solve_rss=1189MB cache_entries=0 cache_cap=0 cache_est_mb=5
    pre_solve_diag[outer=7]: solves=0 fallback=0 (0.0%) cap_armed=0 (0.0%) settle_avg=0 settle_max=0 init_count=242
    Overflow: over=0 (0.0% of used) avg_excess=0.00 max_excess=0.00 (nc=0.00 cap=0 span=0)  excess_buckets: <=1=0 1-5=0 5-20=0 >20=0  by_cap: cap1=0 cap2=0 cap3-5=0 cap>5=0  by_span: s1=0 s2-3=0 s4-6=0 s7-12=0 s>12=0  le1_cross: cap1=0 cap2-5=0 cap>5=0
    Congestion: pipes=2562403 used=0 congested(>50%)=0 saturated(>90%)=0 max_util=0.00 avg_util=0.0000
PHASE_MARK outer=7 enter=dcd_sweep rss=1189MB
RSS_SAMPLE t=199.4s rss=1189MB hwm=1189MB
RSS_SAMPLE t=199.6s rss=1189MB hwm=1189MB
RSS_SAMPLE t=199.9s rss=1189MB hwm=1189MB
RSS_SAMPLE t=200.1s rss=1189MB hwm=1189MB
RSS_SAMPLE t=200.4s rss=1189MB hwm=1189MB
RSS_SAMPLE t=200.6s rss=1189MB hwm=1189MB
RSS_SAMPLE t=200.9s rss=1189MB hwm=1189MB
RSS_SAMPLE t=201.1s rss=1189MB hwm=1189MB
RSS_SAMPLE t=201.4s rss=1189MB hwm=1189MB
RSS_SAMPLE t=201.6s rss=1189MB hwm=1189MB
RSS_SAMPLE t=201.9s rss=1189MB hwm=1189MB
RSS_SAMPLE t=202.1s rss=1189MB hwm=1189MB
RSS_SAMPLE t=202.4s rss=1189MB hwm=1189MB
RSS_SAMPLE t=202.6s rss=1189MB hwm=1189MB
RSS_SAMPLE t=202.9s rss=1189MB hwm=1189MB
RSS_SAMPLE t=203.1s rss=1189MB hwm=1189MB
RSS_SAMPLE t=203.4s rss=1189MB hwm=1189MB
RSS_SAMPLE t=203.6s rss=1189MB hwm=1189MB
RSS_SAMPLE t=203.9s rss=1189MB hwm=1189MB
RSS_SAMPLE t=204.2s rss=1189MB hwm=1189MB
RSS_SAMPLE t=204.4s rss=1189MB hwm=1189MB
RSS_SAMPLE t=204.7s rss=1189MB hwm=1189MB
RSS_SAMPLE t=204.9s rss=1189MB hwm=1189MB
RSS_SAMPLE t=205.2s rss=1189MB hwm=1189MB
RSS_SAMPLE t=205.4s rss=1189MB hwm=1189MB
RSS_SAMPLE t=205.7s rss=1189MB hwm=1189MB
RSS_SAMPLE t=205.9s rss=1189MB hwm=1189MB
RSS_SAMPLE t=206.2s rss=1189MB hwm=1189MB
RSS_SAMPLE t=206.4s rss=1189MB hwm=1189MB
RSS_SAMPLE t=206.7s rss=1189MB hwm=1189MB
RSS_SAMPLE t=206.9s rss=1189MB hwm=1189MB
RSS_SAMPLE t=207.2s rss=1189MB hwm=1189MB
RSS_SAMPLE t=207.4s rss=1189MB hwm=1189MB
RSS_SAMPLE t=207.7s rss=1189MB hwm=1189MB
RSS_SAMPLE t=207.9s rss=1189MB hwm=1189MB
RSS_SAMPLE t=208.2s rss=1189MB hwm=1189MB
RSS_SAMPLE t=208.4s rss=1189MB hwm=1189MB
RSS_SAMPLE t=208.7s rss=1189MB hwm=1189MB
RSS_SAMPLE t=208.9s rss=1189MB hwm=1189MB
RSS_SAMPLE t=209.2s rss=1189MB hwm=1189MB
RSS_SAMPLE t=209.4s rss=1189MB hwm=1189MB
RSS_SAMPLE t=209.7s rss=1189MB hwm=1189MB
RSS_SAMPLE t=209.9s rss=1189MB hwm=1189MB
RSS_SAMPLE t=210.2s rss=1189MB hwm=1189MB
RSS_SAMPLE t=210.4s rss=1189MB hwm=1189MB
RSS_SAMPLE t=210.7s rss=1189MB hwm=1189MB
RSS_SAMPLE t=210.9s rss=1189MB hwm=1189MB
RSS_SAMPLE t=211.2s rss=1189MB hwm=1189MB
RSS_SAMPLE t=211.4s rss=1189MB hwm=1189MB
RSS_SAMPLE t=211.7s rss=1189MB hwm=1189MB
RSS_SAMPLE t=211.9s rss=1189MB hwm=1189MB
RSS_SAMPLE t=212.2s rss=1189MB hwm=1189MB
RSS_SAMPLE t=212.4s rss=1189MB hwm=1189MB
RSS_SAMPLE t=212.7s rss=1189MB hwm=1189MB
RSS_SAMPLE t=212.9s rss=1189MB hwm=1189MB
RSS_SAMPLE t=213.2s rss=1189MB hwm=1189MB
RSS_SAMPLE t=213.4s rss=1189MB hwm=1189MB
RSS_SAMPLE t=213.7s rss=1189MB hwm=1189MB
RSS_SAMPLE t=213.9s rss=1189MB hwm=1189MB
RSS_SAMPLE t=214.2s rss=1189MB hwm=1189MB
RSS_SAMPLE t=214.4s rss=1189MB hwm=1189MB
RSS_SAMPLE t=214.7s rss=1189MB hwm=1189MB
RSS_SAMPLE t=214.9s rss=1189MB hwm=1189MB
PHASE_MARK outer=7 leave=dcd_sweep rss=1189MB
PHASE_MARK outer=7 enter=post_refresh rss=1189MB
RSS_SAMPLE t=215.2s rss=1190MB hwm=1190MB
RSS_SAMPLE t=215.4s rss=1190MB hwm=1190MB
RSS_SAMPLE t=215.7s rss=1190MB hwm=1190MB
RSS_SAMPLE t=215.9s rss=1190MB hwm=1190MB
RSS_SAMPLE t=216.2s rss=1190MB hwm=1190MB
RSS_SAMPLE t=216.4s rss=1190MB hwm=1190MB
RSS_SAMPLE t=216.7s rss=1190MB hwm=1190MB
RSS_SAMPLE t=216.9s rss=1190MB hwm=1190MB
RSS_SAMPLE t=217.2s rss=1190MB hwm=1190MB
RSS_SAMPLE t=217.4s rss=1190MB hwm=1190MB
MEM_POOL: workspaces=31 dense_usage_mb=1212 n_pipes=2562403
    post_solve_diag[outer=7]: solves=0 cap_armed=0 (0.0%) settle_avg=0 above_sink_avg=0 (0.0%) settle_max=0
    load_support[outer=7]: settle_avg=0 load_nz_avg=0 (0.0%) load_material_avg=0 (0.0%)
    prune_ceiling[outer=7]: settle_avg=0 heuristic_prunable_avg=0 (0.0%) vs oracle_zero_load=0.0%
    settle_hist[outer=7]: <100: 0nets/0.0%work  <1k: 0nets/0.0%work  <5k: 0nets/0.0%work  <20k: 0nets/0.0%work  <60k: 0nets/0.0%work  >=60k: 0nets/0.0%work
    fanout_hist[outer=7]: fan1: 0nets/0.0%work  fan2-4: 0nets/0.0%work  fan5-16: 0nets/0.0%work  fan17-64: 0nets/0.0%work  fan65-256: 0nets/0.0%work  fan>256: 0nets/0.0%work
    rss_probe[outer=7]: pre_post_solve=1190MB post_post_solve=1190MB after_apply=1190MB
    E_decomp: base=0.0 eff=0.0 cong=0.0 cong_share=0.0% sat_pipes=0 max_util=0.00  R_buckets: 1-2x=0 2-10x=0 10-100x=0 >=100x=0
    E_potential: beckmann=0.0 history_total=0.0
    SpanCache: epoch=8 entries=110 lookups=2562403 hits=2562293 misses=110 hit_rate=100.0%
  DCD   7: nets=105117 line=5567410 energy=0.000 dE=+0.000 friction=0.0 bins=1.6x(172) excess=39.0 moved=76660 disp=3.590 solves=0 skip=105117 pops=0 theta=1.682 refresh=2577ms dcd=15781ms total=20893ms
    cache_stats: entries=0 capacity=0 est_mb=5 rss_mb=1190
RSS_SAMPLE t=217.7s rss=1190MB hwm=1190MB
RSS_SAMPLE t=217.9s rss=1190MB hwm=1190MB
RSS_SAMPLE t=218.2s rss=1190MB hwm=1190MB
RSS_SAMPLE t=218.4s rss=1190MB hwm=1190MB
RSS_SAMPLE t=218.7s rss=1190MB hwm=1190MB
RSS_SAMPLE t=218.9s rss=1190MB hwm=1190MB
RSS_SAMPLE t=219.2s rss=1190MB hwm=1190MB
RSS_SAMPLE t=219.4s rss=1190MB hwm=1190MB
RSS_SAMPLE t=219.7s rss=1190MB hwm=1190MB
RSS_SAMPLE t=219.9s rss=1190MB hwm=1190MB
    analytic_phase[outer=8]: solve skipped, k=0.33
    SwitchMatrix: type_usage_pairs=7 lookups=110 hits=103 dijkstra_calls=7 avg_us=22.3 total_ms=0.2
PHASE_MARK outer=8 enter=pre_solve rss=1190MB
    rss_probe[outer=8]: pre_refresh_rss=1190MB post_pre_solve_rss=1190MB cache_entries=0 cache_cap=0 cache_est_mb=5
    pre_solve_diag[outer=8]: solves=0 fallback=0 (0.0%) cap_armed=0 (0.0%) settle_avg=0 settle_max=0 init_count=254
    Overflow: over=0 (0.0% of used) avg_excess=0.00 max_excess=0.00 (nc=0.00 cap=0 span=0)  excess_buckets: <=1=0 1-5=0 5-20=0 >20=0  by_cap: cap1=0 cap2=0 cap3-5=0 cap>5=0  by_span: s1=0 s2-3=0 s4-6=0 s7-12=0 s>12=0  le1_cross: cap1=0 cap2-5=0 cap>5=0
    Congestion: pipes=2562403 used=0 congested(>50%)=0 saturated(>90%)=0 max_util=0.00 avg_util=0.0000
PHASE_MARK outer=8 enter=dcd_sweep rss=1190MB
RSS_SAMPLE t=220.2s rss=1190MB hwm=1190MB
RSS_SAMPLE t=220.4s rss=1190MB hwm=1190MB
RSS_SAMPLE t=220.7s rss=1190MB hwm=1190MB
RSS_SAMPLE t=220.9s rss=1190MB hwm=1190MB
RSS_SAMPLE t=221.2s rss=1190MB hwm=1190MB
RSS_SAMPLE t=221.4s rss=1190MB hwm=1190MB
RSS_SAMPLE t=221.7s rss=1190MB hwm=1190MB
RSS_SAMPLE t=221.9s rss=1190MB hwm=1190MB
RSS_SAMPLE t=222.2s rss=1190MB hwm=1190MB
RSS_SAMPLE t=222.4s rss=1190MB hwm=1190MB
RSS_SAMPLE t=222.7s rss=1190MB hwm=1190MB
RSS_SAMPLE t=222.9s rss=1190MB hwm=1190MB
RSS_SAMPLE t=223.2s rss=1190MB hwm=1190MB
RSS_SAMPLE t=223.4s rss=1190MB hwm=1190MB
RSS_SAMPLE t=223.7s rss=1190MB hwm=1190MB
RSS_SAMPLE t=223.9s rss=1190MB hwm=1190MB
RSS_SAMPLE t=224.2s rss=1190MB hwm=1190MB
RSS_SAMPLE t=224.4s rss=1190MB hwm=1190MB
RSS_SAMPLE t=224.7s rss=1190MB hwm=1190MB
RSS_SAMPLE t=224.9s rss=1190MB hwm=1190MB
RSS_SAMPLE t=225.2s rss=1190MB hwm=1190MB
RSS_SAMPLE t=225.4s rss=1190MB hwm=1190MB
RSS_SAMPLE t=225.7s rss=1190MB hwm=1190MB
RSS_SAMPLE t=225.9s rss=1190MB hwm=1190MB
RSS_SAMPLE t=226.2s rss=1190MB hwm=1190MB
RSS_SAMPLE t=226.4s rss=1190MB hwm=1190MB
RSS_SAMPLE t=226.7s rss=1190MB hwm=1190MB
RSS_SAMPLE t=226.9s rss=1190MB hwm=1190MB
RSS_SAMPLE t=227.2s rss=1190MB hwm=1190MB
RSS_SAMPLE t=227.4s rss=1190MB hwm=1190MB
RSS_SAMPLE t=227.7s rss=1190MB hwm=1190MB
RSS_SAMPLE t=227.9s rss=1190MB hwm=1190MB
RSS_SAMPLE t=228.2s rss=1190MB hwm=1190MB
RSS_SAMPLE t=228.4s rss=1190MB hwm=1190MB
RSS_SAMPLE t=228.7s rss=1190MB hwm=1190MB
RSS_SAMPLE t=228.9s rss=1190MB hwm=1190MB
RSS_SAMPLE t=229.2s rss=1190MB hwm=1190MB
RSS_SAMPLE t=229.4s rss=1190MB hwm=1190MB
RSS_SAMPLE t=229.7s rss=1190MB hwm=1190MB
RSS_SAMPLE t=229.9s rss=1190MB hwm=1190MB
RSS_SAMPLE t=230.2s rss=1190MB hwm=1190MB
RSS_SAMPLE t=230.4s rss=1190MB hwm=1190MB
RSS_SAMPLE t=230.7s rss=1190MB hwm=1190MB
RSS_SAMPLE t=230.9s rss=1190MB hwm=1190MB
RSS_SAMPLE t=231.2s rss=1190MB hwm=1190MB
RSS_SAMPLE t=231.4s rss=1190MB hwm=1190MB
RSS_SAMPLE t=231.7s rss=1190MB hwm=1190MB
RSS_SAMPLE t=231.9s rss=1190MB hwm=1190MB
RSS_SAMPLE t=232.2s rss=1190MB hwm=1190MB
RSS_SAMPLE t=232.4s rss=1190MB hwm=1190MB
RSS_SAMPLE t=232.7s rss=1190MB hwm=1190MB
RSS_SAMPLE t=232.9s rss=1190MB hwm=1190MB
RSS_SAMPLE t=233.2s rss=1190MB hwm=1190MB
RSS_SAMPLE t=233.4s rss=1190MB hwm=1190MB
RSS_SAMPLE t=233.7s rss=1190MB hwm=1190MB
RSS_SAMPLE t=233.9s rss=1190MB hwm=1190MB
RSS_SAMPLE t=234.2s rss=1190MB hwm=1190MB
RSS_SAMPLE t=234.4s rss=1190MB hwm=1190MB
RSS_SAMPLE t=234.7s rss=1190MB hwm=1190MB
RSS_SAMPLE t=234.9s rss=1190MB hwm=1190MB
RSS_SAMPLE t=235.2s rss=1190MB hwm=1190MB
RSS_SAMPLE t=235.4s rss=1190MB hwm=1190MB
RSS_SAMPLE t=235.7s rss=1190MB hwm=1190MB
PHASE_MARK outer=8 leave=dcd_sweep rss=1190MB
PHASE_MARK outer=8 enter=post_refresh rss=1190MB
RSS_SAMPLE t=235.9s rss=1190MB hwm=1190MB
RSS_SAMPLE t=236.2s rss=1190MB hwm=1190MB
RSS_SAMPLE t=236.4s rss=1190MB hwm=1190MB
RSS_SAMPLE t=236.7s rss=1190MB hwm=1190MB
RSS_SAMPLE t=236.9s rss=1190MB hwm=1190MB
RSS_SAMPLE t=237.2s rss=1190MB hwm=1190MB
RSS_SAMPLE t=237.4s rss=1190MB hwm=1190MB
RSS_SAMPLE t=237.7s rss=1190MB hwm=1190MB
RSS_SAMPLE t=237.9s rss=1190MB hwm=1190MB
MEM_POOL: workspaces=31 dense_usage_mb=1212 n_pipes=2562403
    post_solve_diag[outer=8]: solves=0 cap_armed=0 (0.0%) settle_avg=0 above_sink_avg=0 (0.0%) settle_max=0
    load_support[outer=8]: settle_avg=0 load_nz_avg=0 (0.0%) load_material_avg=0 (0.0%)
    prune_ceiling[outer=8]: settle_avg=0 heuristic_prunable_avg=0 (0.0%) vs oracle_zero_load=0.0%
    settle_hist[outer=8]: <100: 0nets/0.0%work  <1k: 0nets/0.0%work  <5k: 0nets/0.0%work  <20k: 0nets/0.0%work  <60k: 0nets/0.0%work  >=60k: 0nets/0.0%work
    fanout_hist[outer=8]: fan1: 0nets/0.0%work  fan2-4: 0nets/0.0%work  fan5-16: 0nets/0.0%work  fan17-64: 0nets/0.0%work  fan65-256: 0nets/0.0%work  fan>256: 0nets/0.0%work
    rss_probe[outer=8]: pre_post_solve=1190MB post_post_solve=1190MB after_apply=1191MB
    E_decomp: base=0.0 eff=0.0 cong=0.0 cong_share=0.0% sat_pipes=0 max_util=0.00  R_buckets: 1-2x=0 2-10x=0 10-100x=0 >=100x=0
    E_potential: beckmann=0.0 history_total=0.0
    SpanCache: epoch=9 entries=110 lookups=2562403 hits=2562293 misses=110 hit_rate=100.0%
  DCD   8: nets=105117 line=5297238 energy=0.000 dE=+0.000 friction=0.0 bins=1.8x(169) excess=38.9 moved=76660 disp=3.087 solves=0 skip=105117 pops=0 theta=2.209 refresh=2417ms dcd=15748ms total=20596ms
    cache_stats: entries=0 capacity=0 est_mb=5 rss_mb=1191
RSS_SAMPLE t=238.2s rss=1191MB hwm=1191MB
RSS_SAMPLE t=238.4s rss=1191MB hwm=1191MB
RSS_SAMPLE t=238.7s rss=1191MB hwm=1191MB
RSS_SAMPLE t=238.9s rss=1191MB hwm=1191MB
RSS_SAMPLE t=239.2s rss=1191MB hwm=1191MB
RSS_SAMPLE t=239.4s rss=1191MB hwm=1191MB
RSS_SAMPLE t=239.7s rss=1191MB hwm=1191MB
RSS_SAMPLE t=239.9s rss=1191MB hwm=1191MB
RSS_SAMPLE t=240.2s rss=1191MB hwm=1191MB
RSS_SAMPLE t=240.4s rss=1191MB hwm=1191MB
    analytic_phase[outer=9]: solve skipped, k=0.33
RSS_SAMPLE t=240.7s rss=1191MB hwm=1191MB
    SwitchMatrix: type_usage_pairs=7 lookups=110 hits=103 dijkstra_calls=7 avg_us=27.3 total_ms=0.2
PHASE_MARK outer=9 enter=pre_solve rss=1191MB
    rss_probe[outer=9]: pre_refresh_rss=1191MB post_pre_solve_rss=1191MB cache_entries=0 cache_cap=0 cache_est_mb=5
    pre_solve_diag[outer=9]: solves=0 fallback=0 (0.0%) cap_armed=0 (0.0%) settle_avg=0 settle_max=0 init_count=233
    Overflow: over=0 (0.0% of used) avg_excess=0.00 max_excess=0.00 (nc=0.00 cap=0 span=0)  excess_buckets: <=1=0 1-5=0 5-20=0 >20=0  by_cap: cap1=0 cap2=0 cap3-5=0 cap>5=0  by_span: s1=0 s2-3=0 s4-6=0 s7-12=0 s>12=0  le1_cross: cap1=0 cap2-5=0 cap>5=0
    Congestion: pipes=2562403 used=0 congested(>50%)=0 saturated(>90%)=0 max_util=0.00 avg_util=0.0000
PHASE_MARK outer=9 enter=dcd_sweep rss=1191MB
RSS_SAMPLE t=240.9s rss=1191MB hwm=1191MB
RSS_SAMPLE t=241.2s rss=1191MB hwm=1191MB
RSS_SAMPLE t=241.4s rss=1191MB hwm=1191MB
RSS_SAMPLE t=241.7s rss=1191MB hwm=1191MB
RSS_SAMPLE t=241.9s rss=1191MB hwm=1191MB
RSS_SAMPLE t=242.2s rss=1191MB hwm=1191MB
RSS_SAMPLE t=242.4s rss=1191MB hwm=1191MB
RSS_SAMPLE t=242.7s rss=1191MB hwm=1191MB
RSS_SAMPLE t=242.9s rss=1191MB hwm=1191MB
RSS_SAMPLE t=243.2s rss=1191MB hwm=1191MB
RSS_SAMPLE t=243.4s rss=1191MB hwm=1191MB
RSS_SAMPLE t=243.7s rss=1191MB hwm=1191MB
RSS_SAMPLE t=243.9s rss=1191MB hwm=1191MB
RSS_SAMPLE t=244.2s rss=1191MB hwm=1191MB
RSS_SAMPLE t=244.4s rss=1191MB hwm=1191MB
RSS_SAMPLE t=244.7s rss=1191MB hwm=1191MB
RSS_SAMPLE t=244.9s rss=1191MB hwm=1191MB
RSS_SAMPLE t=245.2s rss=1191MB hwm=1191MB
RSS_SAMPLE t=245.4s rss=1191MB hwm=1191MB
RSS_SAMPLE t=245.7s rss=1191MB hwm=1191MB
RSS_SAMPLE t=245.9s rss=1191MB hwm=1191MB
RSS_SAMPLE t=246.2s rss=1191MB hwm=1191MB
RSS_SAMPLE t=246.4s rss=1191MB hwm=1191MB
RSS_SAMPLE t=246.7s rss=1191MB hwm=1191MB
RSS_SAMPLE t=246.9s rss=1191MB hwm=1191MB
RSS_SAMPLE t=247.2s rss=1191MB hwm=1191MB
RSS_SAMPLE t=247.4s rss=1191MB hwm=1191MB
RSS_SAMPLE t=247.7s rss=1191MB hwm=1191MB
RSS_SAMPLE t=247.9s rss=1191MB hwm=1191MB
RSS_SAMPLE t=248.2s rss=1191MB hwm=1191MB
RSS_SAMPLE t=248.4s rss=1191MB hwm=1191MB
RSS_SAMPLE t=248.7s rss=1191MB hwm=1191MB
RSS_SAMPLE t=248.9s rss=1191MB hwm=1191MB
RSS_SAMPLE t=249.2s rss=1191MB hwm=1191MB
RSS_SAMPLE t=249.4s rss=1191MB hwm=1191MB
RSS_SAMPLE t=249.7s rss=1191MB hwm=1191MB
RSS_SAMPLE t=249.9s rss=1191MB hwm=1191MB
RSS_SAMPLE t=250.2s rss=1191MB hwm=1191MB
RSS_SAMPLE t=250.4s rss=1191MB hwm=1191MB
RSS_SAMPLE t=250.7s rss=1191MB hwm=1191MB
RSS_SAMPLE t=250.9s rss=1191MB hwm=1191MB
RSS_SAMPLE t=251.2s rss=1191MB hwm=1191MB
RSS_SAMPLE t=251.4s rss=1191MB hwm=1191MB
RSS_SAMPLE t=251.7s rss=1191MB hwm=1191MB
RSS_SAMPLE t=251.9s rss=1191MB hwm=1191MB
RSS_SAMPLE t=252.2s rss=1191MB hwm=1191MB
RSS_SAMPLE t=252.4s rss=1191MB hwm=1191MB
RSS_SAMPLE t=252.7s rss=1191MB hwm=1191MB
RSS_SAMPLE t=252.9s rss=1191MB hwm=1191MB
RSS_SAMPLE t=253.2s rss=1191MB hwm=1191MB
RSS_SAMPLE t=253.4s rss=1191MB hwm=1191MB
RSS_SAMPLE t=253.7s rss=1191MB hwm=1191MB
RSS_SAMPLE t=253.9s rss=1191MB hwm=1191MB
RSS_SAMPLE t=254.2s rss=1191MB hwm=1191MB
RSS_SAMPLE t=254.4s rss=1191MB hwm=1191MB
RSS_SAMPLE t=254.7s rss=1191MB hwm=1191MB
RSS_SAMPLE t=254.9s rss=1191MB hwm=1191MB
RSS_SAMPLE t=255.2s rss=1191MB hwm=1191MB
RSS_SAMPLE t=255.4s rss=1191MB hwm=1191MB
RSS_SAMPLE t=255.7s rss=1191MB hwm=1191MB
RSS_SAMPLE t=255.9s rss=1191MB hwm=1191MB
RSS_SAMPLE t=256.2s rss=1191MB hwm=1191MB
RSS_SAMPLE t=256.4s rss=1191MB hwm=1191MB
PHASE_MARK outer=9 leave=dcd_sweep rss=1191MB
PHASE_MARK outer=9 enter=post_refresh rss=1191MB
RSS_SAMPLE t=256.7s rss=1191MB hwm=1191MB
RSS_SAMPLE t=256.9s rss=1191MB hwm=1191MB
RSS_SAMPLE t=257.2s rss=1191MB hwm=1191MB
RSS_SAMPLE t=257.4s rss=1191MB hwm=1191MB
RSS_SAMPLE t=257.7s rss=1191MB hwm=1191MB
RSS_SAMPLE t=257.9s rss=1191MB hwm=1191MB
RSS_SAMPLE t=258.2s rss=1191MB hwm=1191MB
RSS_SAMPLE t=258.4s rss=1191MB hwm=1191MB
RSS_SAMPLE t=258.7s rss=1191MB hwm=1191MB
RSS_SAMPLE t=258.9s rss=1191MB hwm=1191MB
MEM_POOL: workspaces=31 dense_usage_mb=1212 n_pipes=2562403
    post_solve_diag[outer=9]: solves=0 cap_armed=0 (0.0%) settle_avg=0 above_sink_avg=0 (0.0%) settle_max=0
    load_support[outer=9]: settle_avg=0 load_nz_avg=0 (0.0%) load_material_avg=0 (0.0%)
    prune_ceiling[outer=9]: settle_avg=0 heuristic_prunable_avg=0 (0.0%) vs oracle_zero_load=0.0%
    settle_hist[outer=9]: <100: 0nets/0.0%work  <1k: 0nets/0.0%work  <5k: 0nets/0.0%work  <20k: 0nets/0.0%work  <60k: 0nets/0.0%work  >=60k: 0nets/0.0%work
    fanout_hist[outer=9]: fan1: 0nets/0.0%work  fan2-4: 0nets/0.0%work  fan5-16: 0nets/0.0%work  fan17-64: 0nets/0.0%work  fan65-256: 0nets/0.0%work  fan>256: 0nets/0.0%work
    rss_probe[outer=9]: pre_post_solve=1191MB post_post_solve=1191MB after_apply=1191MB
    E_decomp: base=0.0 eff=0.0 cong=0.0 cong_share=0.0% sat_pipes=0 max_util=0.00  R_buckets: 1-2x=0 2-10x=0 10-100x=0 >=100x=0
    E_potential: beckmann=0.0 history_total=0.0
    SpanCache: epoch=10 entries=110 lookups=2562403 hits=2562293 misses=110 hit_rate=100.0%
  DCD   9: nets=105117 line=5060317 energy=0.000 dE=+0.000 friction=0.0 bins=1.9x(201) excess=45.1 moved=76660 disp=2.716 solves=0 skip=105117 pops=0 theta=2.900 refresh=2600ms dcd=15801ms total=20988ms
    cache_stats: entries=0 capacity=0 est_mb=5 rss_mb=1191
RSS_SAMPLE t=259.2s rss=1191MB hwm=1191MB
RSS_SAMPLE t=259.4s rss=1191MB hwm=1191MB
RSS_SAMPLE t=259.7s rss=1191MB hwm=1191MB
RSS_SAMPLE t=259.9s rss=1191MB hwm=1191MB
RSS_SAMPLE t=260.2s rss=1191MB hwm=1191MB
RSS_SAMPLE t=260.4s rss=1191MB hwm=1191MB
RSS_SAMPLE t=260.7s rss=1191MB hwm=1191MB
RSS_SAMPLE t=260.9s rss=1191MB hwm=1191MB
RSS_SAMPLE t=261.2s rss=1191MB hwm=1191MB
RSS_SAMPLE t=261.5s rss=1191MB hwm=1191MB
RSS_SAMPLE t=261.7s rss=1191MB hwm=1191MB
RSS_SAMPLE t=262.0s rss=1191MB hwm=1191MB
RSS_SAMPLE t=262.2s rss=1191MB hwm=1191MB
RSS_SAMPLE t=262.5s rss=1191MB hwm=1191MB
RSS_SAMPLE t=262.7s rss=1191MB hwm=1191MB
    analytic_phase[outer=10]: solve skipped, k=0.33
    SwitchMatrix: type_usage_pairs=7 lookups=110 hits=103 dijkstra_calls=7 avg_us=46.3 total_ms=0.3
PHASE_MARK outer=10 enter=pre_solve rss=1191MB
    rss_probe[outer=10]: pre_refresh_rss=1191MB post_pre_solve_rss=1191MB cache_entries=0 cache_cap=0 cache_est_mb=5
    pre_solve_diag[outer=10]: solves=0 fallback=0 (0.0%) cap_armed=0 (0.0%) settle_avg=0 settle_max=0 init_count=248
    Overflow: over=0 (0.0% of used) avg_excess=0.00 max_excess=0.00 (nc=0.00 cap=0 span=0)  excess_buckets: <=1=0 1-5=0 5-20=0 >20=0  by_cap: cap1=0 cap2=0 cap3-5=0 cap>5=0  by_span: s1=0 s2-3=0 s4-6=0 s7-12=0 s>12=0  le1_cross: cap1=0 cap2-5=0 cap>5=0
    Congestion: pipes=2562403 used=0 congested(>50%)=0 saturated(>90%)=0 max_util=0.00 avg_util=0.0000
PHASE_MARK outer=10 enter=dcd_sweep rss=1191MB
RSS_SAMPLE t=263.0s rss=1191MB hwm=1191MB
RSS_SAMPLE t=263.2s rss=1191MB hwm=1191MB
RSS_SAMPLE t=263.5s rss=1191MB hwm=1191MB
RSS_SAMPLE t=263.7s rss=1191MB hwm=1191MB
RSS_SAMPLE t=264.0s rss=1191MB hwm=1191MB
RSS_SAMPLE t=264.2s rss=1191MB hwm=1191MB
RSS_SAMPLE t=264.5s rss=1191MB hwm=1191MB
RSS_SAMPLE t=264.7s rss=1191MB hwm=1191MB
RSS_SAMPLE t=265.0s rss=1191MB hwm=1191MB
RSS_SAMPLE t=265.2s rss=1191MB hwm=1191MB
RSS_SAMPLE t=265.5s rss=1191MB hwm=1191MB
RSS_SAMPLE t=265.7s rss=1191MB hwm=1191MB
RSS_SAMPLE t=266.0s rss=1191MB hwm=1191MB
RSS_SAMPLE t=266.2s rss=1191MB hwm=1191MB
RSS_SAMPLE t=266.5s rss=1191MB hwm=1191MB
RSS_SAMPLE t=266.7s rss=1191MB hwm=1191MB
RSS_SAMPLE t=267.0s rss=1191MB hwm=1191MB
RSS_SAMPLE t=267.2s rss=1191MB hwm=1191MB
RSS_SAMPLE t=267.5s rss=1191MB hwm=1191MB
RSS_SAMPLE t=267.7s rss=1191MB hwm=1191MB
RSS_SAMPLE t=268.0s rss=1191MB hwm=1191MB
RSS_SAMPLE t=268.2s rss=1191MB hwm=1191MB
RSS_SAMPLE t=268.5s rss=1191MB hwm=1191MB
RSS_SAMPLE t=268.7s rss=1191MB hwm=1191MB
RSS_SAMPLE t=269.0s rss=1191MB hwm=1191MB
RSS_SAMPLE t=269.2s rss=1191MB hwm=1191MB
RSS_SAMPLE t=269.5s rss=1191MB hwm=1191MB
RSS_SAMPLE t=269.7s rss=1191MB hwm=1191MB
RSS_SAMPLE t=270.0s rss=1191MB hwm=1191MB
RSS_SAMPLE t=270.2s rss=1191MB hwm=1191MB
RSS_SAMPLE t=270.5s rss=1191MB hwm=1191MB
RSS_SAMPLE t=270.7s rss=1191MB hwm=1191MB
RSS_SAMPLE t=271.0s rss=1191MB hwm=1191MB
RSS_SAMPLE t=271.2s rss=1191MB hwm=1191MB
RSS_SAMPLE t=271.5s rss=1191MB hwm=1191MB
RSS_SAMPLE t=271.7s rss=1191MB hwm=1191MB
RSS_SAMPLE t=272.0s rss=1191MB hwm=1191MB
RSS_SAMPLE t=272.2s rss=1191MB hwm=1191MB
RSS_SAMPLE t=272.5s rss=1191MB hwm=1191MB
RSS_SAMPLE t=272.7s rss=1191MB hwm=1191MB
RSS_SAMPLE t=273.0s rss=1191MB hwm=1191MB
RSS_SAMPLE t=273.2s rss=1191MB hwm=1191MB
RSS_SAMPLE t=273.5s rss=1191MB hwm=1191MB
RSS_SAMPLE t=273.7s rss=1191MB hwm=1191MB
RSS_SAMPLE t=274.0s rss=1191MB hwm=1191MB
RSS_SAMPLE t=274.2s rss=1191MB hwm=1191MB
RSS_SAMPLE t=274.5s rss=1191MB hwm=1191MB
RSS_SAMPLE t=274.7s rss=1191MB hwm=1191MB
RSS_SAMPLE t=275.0s rss=1191MB hwm=1191MB
RSS_SAMPLE t=275.2s rss=1191MB hwm=1191MB
RSS_SAMPLE t=275.5s rss=1191MB hwm=1191MB
RSS_SAMPLE t=275.7s rss=1191MB hwm=1191MB
RSS_SAMPLE t=276.0s rss=1191MB hwm=1191MB
RSS_SAMPLE t=276.2s rss=1191MB hwm=1191MB
RSS_SAMPLE t=276.5s rss=1191MB hwm=1191MB
RSS_SAMPLE t=276.7s rss=1191MB hwm=1191MB
RSS_SAMPLE t=277.0s rss=1191MB hwm=1191MB
RSS_SAMPLE t=277.2s rss=1191MB hwm=1191MB
RSS_SAMPLE t=277.5s rss=1191MB hwm=1191MB
RSS_SAMPLE t=277.7s rss=1191MB hwm=1191MB
RSS_SAMPLE t=278.0s rss=1191MB hwm=1191MB
RSS_SAMPLE t=278.2s rss=1191MB hwm=1191MB
RSS_SAMPLE t=278.5s rss=1191MB hwm=1191MB
RSS_SAMPLE t=278.7s rss=1191MB hwm=1191MB
RSS_SAMPLE t=279.0s rss=1191MB hwm=1191MB
RSS_SAMPLE t=279.2s rss=1191MB hwm=1191MB
RSS_SAMPLE t=279.5s rss=1191MB hwm=1191MB
RSS_SAMPLE t=279.7s rss=1191MB hwm=1191MB
RSS_SAMPLE t=280.0s rss=1191MB hwm=1191MB
RSS_SAMPLE t=280.2s rss=1191MB hwm=1191MB
RSS_SAMPLE t=280.5s rss=1191MB hwm=1191MB
RSS_SAMPLE t=280.7s rss=1191MB hwm=1191MB
RSS_SAMPLE t=281.0s rss=1191MB hwm=1191MB
RSS_SAMPLE t=281.2s rss=1191MB hwm=1191MB
RSS_SAMPLE t=281.5s rss=1191MB hwm=1191MB
RSS_SAMPLE t=281.7s rss=1191MB hwm=1191MB
RSS_SAMPLE t=282.0s rss=1191MB hwm=1191MB
RSS_SAMPLE t=282.2s rss=1191MB hwm=1191MB
RSS_SAMPLE t=282.5s rss=1191MB hwm=1191MB
RSS_SAMPLE t=282.7s rss=1191MB hwm=1191MB
RSS_SAMPLE t=283.0s rss=1191MB hwm=1191MB
RSS_SAMPLE t=283.2s rss=1191MB hwm=1191MB
RSS_SAMPLE t=283.5s rss=1191MB hwm=1191MB
RSS_SAMPLE t=283.7s rss=1191MB hwm=1191MB
RSS_SAMPLE t=284.0s rss=1191MB hwm=1191MB
RSS_SAMPLE t=284.2s rss=1191MB hwm=1191MB
RSS_SAMPLE t=284.5s rss=1191MB hwm=1191MB
RSS_SAMPLE t=284.7s rss=1191MB hwm=1191MB
RSS_SAMPLE t=285.0s rss=1191MB hwm=1191MB
RSS_SAMPLE t=285.2s rss=1191MB hwm=1191MB
PHASE_MARK outer=10 leave=dcd_sweep rss=1191MB
PHASE_MARK outer=10 enter=post_refresh rss=1191MB
RSS_SAMPLE t=285.5s rss=1193MB hwm=1193MB
RSS_SAMPLE t=285.7s rss=1193MB hwm=1193MB
RSS_SAMPLE t=286.0s rss=1193MB hwm=1193MB
RSS_SAMPLE t=286.2s rss=1193MB hwm=1193MB
RSS_SAMPLE t=286.5s rss=1193MB hwm=1193MB
RSS_SAMPLE t=286.7s rss=1193MB hwm=1193MB
RSS_SAMPLE t=287.0s rss=1193MB hwm=1193MB
RSS_SAMPLE t=287.2s rss=1193MB hwm=1193MB
RSS_SAMPLE t=287.5s rss=1193MB hwm=1193MB
RSS_SAMPLE t=287.7s rss=1193MB hwm=1193MB
RSS_SAMPLE t=288.0s rss=1193MB hwm=1193MB
RSS_SAMPLE t=288.2s rss=1193MB hwm=1193MB
RSS_SAMPLE t=288.5s rss=1193MB hwm=1193MB
RSS_SAMPLE t=288.7s rss=1193MB hwm=1193MB
RSS_SAMPLE t=289.0s rss=1193MB hwm=1193MB
MEM_POOL: workspaces=31 dense_usage_mb=1212 n_pipes=2562403
    post_solve_diag[outer=10]: solves=0 cap_armed=0 (0.0%) settle_avg=0 above_sink_avg=0 (0.0%) settle_max=0
    load_support[outer=10]: settle_avg=0 load_nz_avg=0 (0.0%) load_material_avg=0 (0.0%)
    prune_ceiling[outer=10]: settle_avg=0 heuristic_prunable_avg=0 (0.0%) vs oracle_zero_load=0.0%
    settle_hist[outer=10]: <100: 0nets/0.0%work  <1k: 0nets/0.0%work  <5k: 0nets/0.0%work  <20k: 0nets/0.0%work  <60k: 0nets/0.0%work  >=60k: 0nets/0.0%work
    fanout_hist[outer=10]: fan1: 0nets/0.0%work  fan2-4: 0nets/0.0%work  fan5-16: 0nets/0.0%work  fan17-64: 0nets/0.0%work  fan65-256: 0nets/0.0%work  fan>256: 0nets/0.0%work
    rss_probe[outer=10]: pre_post_solve=1193MB post_post_solve=1193MB after_apply=1193MB
    E_decomp: base=0.0 eff=0.0 cong=0.0 cong_share=0.0% sat_pipes=0 max_util=0.00  R_buckets: 1-2x=0 2-10x=0 10-100x=0 >=100x=0
    E_potential: beckmann=0.0 history_total=0.0
    SpanCache: epoch=11 entries=110 lookups=2562403 hits=2562293 misses=110 hit_rate=100.0%
  DCD  10: nets=105117 line=4856396 energy=0.000 dE=+0.000 friction=0.0 bins=1.9x(239) excess=56.1 moved=76660 disp=2.447 solves=0 skip=105117 pops=0 theta=3.808 refresh=3640ms dcd=22633ms total=29889ms
    cache_stats: entries=0 capacity=0 est_mb=5 rss_mb=1193
RSS_SAMPLE t=289.2s rss=1193MB hwm=1193MB
RSS_SAMPLE t=289.5s rss=1193MB hwm=1193MB
RSS_SAMPLE t=289.7s rss=1193MB hwm=1193MB
RSS_SAMPLE t=290.0s rss=1193MB hwm=1193MB
RSS_SAMPLE t=290.2s rss=1193MB hwm=1193MB
RSS_SAMPLE t=290.5s rss=1193MB hwm=1193MB
RSS_SAMPLE t=290.7s rss=1193MB hwm=1193MB
RSS_SAMPLE t=291.0s rss=1193MB hwm=1193MB
RSS_SAMPLE t=291.2s rss=1193MB hwm=1193MB
RSS_SAMPLE t=291.5s rss=1193MB hwm=1193MB
    analytic_phase[outer=11]: solve skipped, k=0.33
    SwitchMatrix: type_usage_pairs=7 lookups=110 hits=103 dijkstra_calls=7 avg_us=28.6 total_ms=0.2
PHASE_MARK outer=11 enter=pre_solve rss=1193MB
    rss_probe[outer=11]: pre_refresh_rss=1193MB post_pre_solve_rss=1193MB cache_entries=0 cache_cap=0 cache_est_mb=5
    pre_solve_diag[outer=11]: solves=0 fallback=0 (0.0%) cap_armed=0 (0.0%) settle_avg=0 settle_max=0 init_count=248
    Overflow: over=0 (0.0% of used) avg_excess=0.00 max_excess=0.00 (nc=0.00 cap=0 span=0)  excess_buckets: <=1=0 1-5=0 5-20=0 >20=0  by_cap: cap1=0 cap2=0 cap3-5=0 cap>5=0  by_span: s1=0 s2-3=0 s4-6=0 s7-12=0 s>12=0  le1_cross: cap1=0 cap2-5=0 cap>5=0
    Congestion: pipes=2562403 used=0 congested(>50%)=0 saturated(>90%)=0 max_util=0.00 avg_util=0.0000
PHASE_MARK outer=11 enter=dcd_sweep rss=1193MB
RSS_SAMPLE t=291.7s rss=1193MB hwm=1193MB
RSS_SAMPLE t=292.0s rss=1193MB hwm=1193MB
RSS_SAMPLE t=292.2s rss=1193MB hwm=1193MB
RSS_SAMPLE t=292.5s rss=1193MB hwm=1193MB
RSS_SAMPLE t=292.7s rss=1193MB hwm=1193MB
RSS_SAMPLE t=293.0s rss=1193MB hwm=1193MB
RSS_SAMPLE t=293.2s rss=1193MB hwm=1193MB
RSS_SAMPLE t=293.5s rss=1193MB hwm=1193MB
RSS_SAMPLE t=293.8s rss=1193MB hwm=1193MB
RSS_SAMPLE t=294.0s rss=1193MB hwm=1193MB
RSS_SAMPLE t=294.3s rss=1193MB hwm=1193MB
RSS_SAMPLE t=294.5s rss=1193MB hwm=1193MB
RSS_SAMPLE t=294.8s rss=1193MB hwm=1193MB
RSS_SAMPLE t=295.0s rss=1193MB hwm=1193MB
RSS_SAMPLE t=295.3s rss=1193MB hwm=1193MB
RSS_SAMPLE t=295.5s rss=1193MB hwm=1193MB
RSS_SAMPLE t=295.8s rss=1193MB hwm=1193MB
RSS_SAMPLE t=296.0s rss=1193MB hwm=1193MB
RSS_SAMPLE t=296.3s rss=1193MB hwm=1193MB
RSS_SAMPLE t=296.5s rss=1193MB hwm=1193MB
RSS_SAMPLE t=296.8s rss=1193MB hwm=1193MB
RSS_SAMPLE t=297.0s rss=1193MB hwm=1193MB
RSS_SAMPLE t=297.3s rss=1193MB hwm=1193MB
RSS_SAMPLE t=297.5s rss=1193MB hwm=1193MB
RSS_SAMPLE t=297.8s rss=1193MB hwm=1193MB
RSS_SAMPLE t=298.0s rss=1193MB hwm=1193MB
RSS_SAMPLE t=298.3s rss=1193MB hwm=1193MB
RSS_SAMPLE t=298.5s rss=1193MB hwm=1193MB
RSS_SAMPLE t=298.8s rss=1193MB hwm=1193MB
RSS_SAMPLE t=299.0s rss=1193MB hwm=1193MB
RSS_SAMPLE t=299.3s rss=1193MB hwm=1193MB
RSS_SAMPLE t=299.5s rss=1193MB hwm=1193MB
RSS_SAMPLE t=299.8s rss=1193MB hwm=1193MB
RSS_SAMPLE t=300.0s rss=1193MB hwm=1193MB
RSS_SAMPLE t=300.3s rss=1193MB hwm=1193MB
RSS_SAMPLE t=300.5s rss=1193MB hwm=1193MB
RSS_SAMPLE t=300.8s rss=1193MB hwm=1193MB
RSS_SAMPLE t=301.0s rss=1193MB hwm=1193MB
RSS_SAMPLE t=301.3s rss=1193MB hwm=1193MB
RSS_SAMPLE t=301.5s rss=1193MB hwm=1193MB
RSS_SAMPLE t=301.8s rss=1193MB hwm=1193MB
RSS_SAMPLE t=302.0s rss=1193MB hwm=1193MB
RSS_SAMPLE t=302.3s rss=1193MB hwm=1193MB
RSS_SAMPLE t=302.5s rss=1193MB hwm=1193MB
RSS_SAMPLE t=302.8s rss=1193MB hwm=1193MB
RSS_SAMPLE t=303.0s rss=1193MB hwm=1193MB
RSS_SAMPLE t=303.3s rss=1193MB hwm=1193MB
RSS_SAMPLE t=303.5s rss=1193MB hwm=1193MB
RSS_SAMPLE t=303.8s rss=1193MB hwm=1193MB
RSS_SAMPLE t=304.0s rss=1193MB hwm=1193MB
RSS_SAMPLE t=304.3s rss=1193MB hwm=1193MB
RSS_SAMPLE t=304.5s rss=1193MB hwm=1193MB
RSS_SAMPLE t=304.8s rss=1193MB hwm=1193MB
RSS_SAMPLE t=305.0s rss=1193MB hwm=1193MB
RSS_SAMPLE t=305.3s rss=1193MB hwm=1193MB
RSS_SAMPLE t=305.5s rss=1193MB hwm=1193MB
RSS_SAMPLE t=305.8s rss=1193MB hwm=1193MB
RSS_SAMPLE t=306.0s rss=1193MB hwm=1193MB
RSS_SAMPLE t=306.3s rss=1193MB hwm=1193MB
RSS_SAMPLE t=306.5s rss=1193MB hwm=1193MB
RSS_SAMPLE t=306.8s rss=1193MB hwm=1193MB
RSS_SAMPLE t=307.0s rss=1193MB hwm=1193MB
RSS_SAMPLE t=307.3s rss=1193MB hwm=1193MB
RSS_SAMPLE t=307.5s rss=1193MB hwm=1193MB
RSS_SAMPLE t=307.8s rss=1193MB hwm=1193MB
RSS_SAMPLE t=308.0s rss=1193MB hwm=1193MB
RSS_SAMPLE t=308.3s rss=1193MB hwm=1193MB
RSS_SAMPLE t=308.5s rss=1193MB hwm=1193MB
RSS_SAMPLE t=308.8s rss=1193MB hwm=1193MB
RSS_SAMPLE t=309.0s rss=1193MB hwm=1193MB
RSS_SAMPLE t=309.3s rss=1193MB hwm=1193MB
RSS_SAMPLE t=309.5s rss=1193MB hwm=1193MB
RSS_SAMPLE t=309.8s rss=1193MB hwm=1193MB
RSS_SAMPLE t=310.0s rss=1193MB hwm=1193MB
RSS_SAMPLE t=310.3s rss=1193MB hwm=1193MB
RSS_SAMPLE t=310.5s rss=1193MB hwm=1193MB
RSS_SAMPLE t=310.8s rss=1193MB hwm=1193MB
RSS_SAMPLE t=311.0s rss=1193MB hwm=1193MB
RSS_SAMPLE t=311.3s rss=1193MB hwm=1193MB
RSS_SAMPLE t=311.5s rss=1193MB hwm=1193MB
RSS_SAMPLE t=311.8s rss=1193MB hwm=1193MB
RSS_SAMPLE t=312.0s rss=1193MB hwm=1193MB
RSS_SAMPLE t=312.3s rss=1193MB hwm=1193MB
RSS_SAMPLE t=312.5s rss=1193MB hwm=1193MB
RSS_SAMPLE t=312.8s rss=1193MB hwm=1193MB
RSS_SAMPLE t=313.0s rss=1193MB hwm=1193MB
RSS_SAMPLE t=313.3s rss=1193MB hwm=1193MB
RSS_SAMPLE t=313.5s rss=1193MB hwm=1193MB
RSS_SAMPLE t=313.8s rss=1193MB hwm=1193MB
RSS_SAMPLE t=314.0s rss=1193MB hwm=1193MB
RSS_SAMPLE t=314.3s rss=1193MB hwm=1193MB
RSS_SAMPLE t=314.5s rss=1193MB hwm=1193MB
PHASE_MARK outer=11 leave=dcd_sweep rss=1193MB
PHASE_MARK outer=11 enter=post_refresh rss=1193MB
RSS_SAMPLE t=314.8s rss=1194MB hwm=1194MB
RSS_SAMPLE t=315.0s rss=1194MB hwm=1194MB
RSS_SAMPLE t=315.3s rss=1194MB hwm=1194MB
RSS_SAMPLE t=315.5s rss=1194MB hwm=1194MB
RSS_SAMPLE t=315.8s rss=1194MB hwm=1194MB
RSS_SAMPLE t=316.0s rss=1194MB hwm=1194MB
RSS_SAMPLE t=316.3s rss=1194MB hwm=1194MB
RSS_SAMPLE t=316.5s rss=1194MB hwm=1194MB
RSS_SAMPLE t=316.8s rss=1194MB hwm=1194MB
RSS_SAMPLE t=317.0s rss=1194MB hwm=1194MB
MEM_POOL: workspaces=31 dense_usage_mb=1212 n_pipes=2562403
    post_solve_diag[outer=11]: solves=0 cap_armed=0 (0.0%) settle_avg=0 above_sink_avg=0 (0.0%) settle_max=0
    load_support[outer=11]: settle_avg=0 load_nz_avg=0 (0.0%) load_material_avg=0 (0.0%)
    prune_ceiling[outer=11]: settle_avg=0 heuristic_prunable_avg=0 (0.0%) vs oracle_zero_load=0.0%
    settle_hist[outer=11]: <100: 0nets/0.0%work  <1k: 0nets/0.0%work  <5k: 0nets/0.0%work  <20k: 0nets/0.0%work  <60k: 0nets/0.0%work  >=60k: 0nets/0.0%work
    fanout_hist[outer=11]: fan1: 0nets/0.0%work  fan2-4: 0nets/0.0%work  fan5-16: 0nets/0.0%work  fan17-64: 0nets/0.0%work  fan65-256: 0nets/0.0%work  fan>256: 0nets/0.0%work
    rss_probe[outer=11]: pre_post_solve=1194MB post_post_solve=1194MB after_apply=1194MB
RSS_SAMPLE t=317.3s rss=1194MB hwm=1194MB
    E_decomp: base=0.0 eff=0.0 cong=0.0 cong_share=0.0% sat_pipes=0 max_util=0.00  R_buckets: 1-2x=0 2-10x=0 10-100x=0 >=100x=0
    E_potential: beckmann=0.0 history_total=0.0
    SpanCache: epoch=12 entries=110 lookups=2562403 hits=2562293 misses=110 hit_rate=100.0%
  DCD  11: nets=105117 line=4679857 energy=0.000 dE=+0.000 friction=0.0 bins=1.6x(248) excess=61.0 moved=76660 disp=2.189 solves=0 skip=105117 pops=0 theta=5.000 refresh=2728ms dcd=22912ms total=28253ms
    cache_stats: entries=0 capacity=0 est_mb=5 rss_mb=1194
DCD done: energy=0.000 line=4679857 friction=0.0 bins=1.6x(248) excess=61.0
MuxSlotTracker: 44048 commit rejections over entire DCD
MuxSlotTracker[post-DCD]: populated_cells=76660, overflow_tiles=0, at_cap_tiles=23, peak_excess=0, capacity_hist={16:67346}
Pre-legalization: HPWL=3332573
  type DFF: 302 valid columns, 1077536 total BELs
  type LUT6: 302 valid columns, 538768 total BELs
TypeAwarePlacement: 2 cell types
RSS_SAMPLE t=317.5s rss=1219MB hwm=1219MB
RSS_SAMPLE t=317.8s rss=1269MB hwm=1290MB
  SortedLegalizer: cluster_rejects=10871 shared_mux_rejects=36019 arch_validity_rejects=0
RSS_SAMPLE t=318.0s rss=1194MB hwm=1290MB
Post-legalization: HPWL=3333405, line=4787921
RSS_SAMPLE t=318.3s rss=1212MB hwm=1290MB
Per-net HPWL: 105118 nets, total=3333405
  #0: hpwl=531 fanout=93000 (0.0%)
  #1: hpwl=484 fanout=23 (0.0%)
  #2: hpwl=465 fanout=2 (0.0%)
  #3: hpwl=438 fanout=13 (0.0%)
  #4: hpwl=436 fanout=14 (0.0%)
  #5: hpwl=434 fanout=13 (0.0%)
  #6: hpwl=426 fanout=2 (0.0%)
  #7: hpwl=424 fanout=20 (0.0%)
  #8: hpwl=422 fanout=13 (0.0%)
  #9: hpwl=415 fanout=5 (0.0%)
  50% of HPWL from top 10332 nets (of 105118)
