Running scope as unit: run-rfdf7e59af4464b61929e5c42b5f34fe2.scope
chipdb: /home/kelvin/side-project/eisenjoch/chip_database/xc7_large.bin
design: /home/kelvin/side-project/eisenjoch/benchmark/ispd/generated/2016/FPGA01/FPGA01.json
RSS_SAMPLE t=0.0s rss=3MB hwm=3MB
RSS_SAMPLE t=0.3s rss=442MB hwm=442MB
RSS_SAMPLE t=0.5s rss=716MB hwm=716MB
RSS_SAMPLE t=0.8s rss=817MB hwm=817MB
RSS_SAMPLE t=1.0s rss=819MB hwm=823MB
RSS_SAMPLE t=1.3s rss=819MB hwm=823MB
RSS_SAMPLE t=1.5s rss=820MB hwm=823MB
cfg: max_outer_iters=6 blend_alpha=0.5 hardening_step=0 graph_model=TwoLevelPip
RSS_SAMPLE t=1.8s rss=820MB hwm=823MB
  topological compress: density=0.60 target_tiles=15971 final_tiles=15777 scale=1.851 center=(205.1,111.0)
  topological init: n_movable=76660, n_edges=229053, max_layer=26775, back_edges=54022, n_anchored=0
RSS_SAMPLE t=2.0s rss=820MB hwm=823MB
RSS_SAMPLE t=2.3s rss=820MB hwm=823MB
RSS_SAMPLE t=2.5s rss=820MB hwm=823MB
RSS_SAMPLE t=2.8s rss=820MB hwm=823MB
RSS_SAMPLE t=3.0s rss=820MB hwm=823MB
RSS_SAMPLE t=3.3s rss=820MB hwm=823MB
RSS_SAMPLE t=3.5s rss=820MB hwm=823MB
RSS_SAMPLE t=3.8s rss=820MB hwm=823MB
RSS_SAMPLE t=4.0s rss=820MB hwm=823MB
RSS_SAMPLE t=4.3s rss=820MB hwm=823MB
RSS_SAMPLE t=4.5s rss=820MB hwm=823MB
RSS_SAMPLE t=4.8s rss=820MB hwm=823MB
RSS_SAMPLE t=5.0s rss=820MB hwm=823MB
RSS_SAMPLE t=5.3s rss=820MB hwm=823MB
RSS_SAMPLE t=5.5s rss=820MB hwm=823MB
RSS_SAMPLE t=5.8s rss=820MB hwm=823MB
RSS_SAMPLE t=6.0s rss=820MB hwm=823MB
RSS_SAMPLE t=6.3s rss=820MB hwm=823MB
RSS_SAMPLE t=6.5s rss=820MB hwm=823MB
RSS_SAMPLE t=6.8s rss=820MB hwm=823MB
RSS_SAMPLE t=7.0s rss=820MB hwm=823MB
RSS_SAMPLE t=7.3s rss=820MB hwm=823MB
RSS_SAMPLE t=7.5s rss=820MB hwm=823MB
RSS_SAMPLE t=7.8s rss=820MB hwm=823MB
RSS_SAMPLE t=8.0s rss=820MB hwm=823MB
RSS_SAMPLE t=8.3s rss=820MB hwm=823MB
RSS_SAMPLE t=8.5s rss=820MB hwm=823MB
RSS_SAMPLE t=8.8s rss=820MB hwm=823MB
RSS_SAMPLE t=9.0s rss=820MB hwm=823MB
RSS_SAMPLE t=9.3s rss=820MB hwm=823MB
RSS_SAMPLE t=9.5s rss=820MB hwm=823MB
RSS_SAMPLE t=9.8s rss=820MB hwm=823MB
RSS_SAMPLE t=10.0s rss=820MB hwm=823MB
RSS_SAMPLE t=10.3s rss=820MB hwm=823MB
RSS_SAMPLE t=10.5s rss=820MB hwm=823MB
RSS_SAMPLE t=10.8s rss=820MB hwm=823MB
RSS_SAMPLE t=11.0s rss=820MB hwm=823MB
RSS_SAMPLE t=11.3s rss=820MB hwm=823MB
RSS_SAMPLE t=11.5s rss=820MB hwm=823MB
RSS_SAMPLE t=11.8s rss=820MB hwm=823MB
RSS_SAMPLE t=12.0s rss=820MB hwm=823MB
RSS_SAMPLE t=12.3s rss=820MB hwm=823MB
RSS_SAMPLE t=12.5s rss=820MB hwm=823MB
RSS_SAMPLE t=12.8s rss=820MB hwm=823MB
RSS_SAMPLE t=13.0s rss=820MB hwm=823MB
RSS_SAMPLE t=13.3s rss=820MB hwm=823MB
RSS_SAMPLE t=13.5s rss=820MB hwm=823MB
RSS_SAMPLE t=13.8s rss=820MB hwm=823MB
RSS_SAMPLE t=14.0s rss=820MB hwm=823MB
RSS_SAMPLE t=14.3s rss=820MB hwm=823MB
RSS_SAMPLE t=14.5s rss=820MB hwm=823MB
RSS_SAMPLE t=14.8s rss=820MB hwm=823MB
RSS_SAMPLE t=15.0s rss=820MB hwm=823MB
RSS_SAMPLE t=15.3s rss=820MB hwm=823MB
RSS_SAMPLE t=15.5s rss=820MB hwm=823MB
RSS_SAMPLE t=15.8s rss=820MB hwm=823MB
RSS_SAMPLE t=16.0s rss=820MB hwm=823MB
RSS_SAMPLE t=16.3s rss=820MB hwm=823MB
RSS_SAMPLE t=16.5s rss=820MB hwm=823MB
RSS_SAMPLE t=16.8s rss=820MB hwm=823MB
RSS_SAMPLE t=17.0s rss=820MB hwm=823MB
RSS_SAMPLE t=17.3s rss=820MB hwm=823MB
RSS_SAMPLE t=17.5s rss=820MB hwm=823MB
RSS_SAMPLE t=17.8s rss=820MB hwm=823MB
RSS_SAMPLE t=18.0s rss=820MB hwm=823MB
RSS_SAMPLE t=18.3s rss=820MB hwm=823MB
RSS_SAMPLE t=18.5s rss=820MB hwm=823MB
RSS_SAMPLE t=18.8s rss=820MB hwm=823MB
RSS_SAMPLE t=19.0s rss=820MB hwm=823MB
RSS_SAMPLE t=19.3s rss=820MB hwm=823MB
RSS_SAMPLE t=19.5s rss=820MB hwm=823MB
RSS_SAMPLE t=19.8s rss=820MB hwm=823MB
RSS_SAMPLE t=20.0s rss=820MB hwm=823MB
RSS_SAMPLE t=20.3s rss=820MB hwm=823MB
RSS_SAMPLE t=20.5s rss=820MB hwm=823MB
RSS_SAMPLE t=20.8s rss=820MB hwm=823MB
RSS_SAMPLE t=21.0s rss=820MB hwm=823MB
RSS_SAMPLE t=21.3s rss=820MB hwm=823MB
RSS_SAMPLE t=21.5s rss=820MB hwm=823MB
RSS_SAMPLE t=21.8s rss=820MB hwm=823MB
RSS_SAMPLE t=22.0s rss=820MB hwm=823MB
RSS_SAMPLE t=22.3s rss=820MB hwm=823MB
RSS_SAMPLE t=22.5s rss=820MB hwm=823MB
RSS_SAMPLE t=22.8s rss=820MB hwm=823MB
RSS_SAMPLE t=23.0s rss=820MB hwm=823MB
RSS_SAMPLE t=23.3s rss=820MB hwm=823MB
RSS_SAMPLE t=23.5s rss=820MB hwm=823MB
RSS_SAMPLE t=23.8s rss=820MB hwm=823MB
RSS_SAMPLE t=24.0s rss=820MB hwm=823MB
RSS_SAMPLE t=24.3s rss=820MB hwm=823MB
RSS_SAMPLE t=24.5s rss=820MB hwm=823MB
RSS_SAMPLE t=24.8s rss=820MB hwm=823MB
RSS_SAMPLE t=25.0s rss=820MB hwm=823MB
RSS_SAMPLE t=25.3s rss=820MB hwm=823MB
RSS_SAMPLE t=25.5s rss=820MB hwm=823MB
RSS_SAMPLE t=25.8s rss=820MB hwm=823MB
RSS_SAMPLE t=26.0s rss=820MB hwm=823MB
RSS_SAMPLE t=26.3s rss=820MB hwm=823MB
RSS_SAMPLE t=26.5s rss=820MB hwm=823MB
RSS_SAMPLE t=26.8s rss=820MB hwm=823MB
RSS_SAMPLE t=27.0s rss=820MB hwm=823MB
RSS_SAMPLE t=27.3s rss=820MB hwm=823MB
RSS_SAMPLE t=27.5s rss=820MB hwm=823MB
RSS_SAMPLE t=27.8s rss=820MB hwm=823MB
RSS_SAMPLE t=28.0s rss=820MB hwm=823MB
RSS_SAMPLE t=28.3s rss=820MB hwm=823MB
RSS_SAMPLE t=28.5s rss=820MB hwm=823MB
RSS_SAMPLE t=28.8s rss=820MB hwm=823MB
RSS_SAMPLE t=29.0s rss=820MB hwm=823MB
RSS_SAMPLE t=29.3s rss=820MB hwm=823MB
RSS_SAMPLE t=29.5s rss=820MB hwm=823MB
RSS_SAMPLE t=29.8s rss=820MB hwm=823MB
RSS_SAMPLE t=30.0s rss=820MB hwm=823MB
RSS_SAMPLE t=30.3s rss=820MB hwm=823MB
RSS_SAMPLE t=30.5s rss=820MB hwm=823MB
RSS_SAMPLE t=30.8s rss=820MB hwm=823MB
RSS_SAMPLE t=31.0s rss=820MB hwm=823MB
RSS_SAMPLE t=31.3s rss=820MB hwm=823MB
RSS_SAMPLE t=31.5s rss=820MB hwm=823MB
RSS_SAMPLE t=31.8s rss=820MB hwm=823MB
RSS_SAMPLE t=32.0s rss=820MB hwm=823MB
RSS_SAMPLE t=32.3s rss=820MB hwm=823MB
RSS_SAMPLE t=32.5s rss=820MB hwm=823MB
RSS_SAMPLE t=32.8s rss=820MB hwm=823MB
RSS_SAMPLE t=33.0s rss=820MB hwm=823MB
RSS_SAMPLE t=33.3s rss=820MB hwm=823MB
RSS_SAMPLE t=33.5s rss=820MB hwm=823MB
RSS_SAMPLE t=33.8s rss=820MB hwm=823MB
RSS_SAMPLE t=34.0s rss=820MB hwm=823MB
RSS_SAMPLE t=34.3s rss=820MB hwm=823MB
RSS_SAMPLE t=34.5s rss=820MB hwm=823MB
RSS_SAMPLE t=34.8s rss=820MB hwm=823MB
RSS_SAMPLE t=35.0s rss=820MB hwm=823MB
RSS_SAMPLE t=35.3s rss=820MB hwm=823MB
RSS_SAMPLE t=35.5s rss=820MB hwm=823MB
RSS_SAMPLE t=35.8s rss=820MB hwm=823MB
RSS_SAMPLE t=36.0s rss=820MB hwm=823MB
RSS_SAMPLE t=36.3s rss=820MB hwm=823MB
RSS_SAMPLE t=36.5s rss=820MB hwm=823MB
RSS_SAMPLE t=36.8s rss=820MB hwm=823MB
RSS_SAMPLE t=37.0s rss=820MB hwm=823MB
RSS_SAMPLE t=37.3s rss=820MB hwm=823MB
RSS_SAMPLE t=37.5s rss=820MB hwm=823MB
RSS_SAMPLE t=37.8s rss=820MB hwm=823MB
RSS_SAMPLE t=38.0s rss=820MB hwm=823MB
RSS_SAMPLE t=38.3s rss=820MB hwm=823MB
RSS_SAMPLE t=38.5s rss=820MB hwm=823MB
RSS_SAMPLE t=38.8s rss=820MB hwm=823MB
RSS_SAMPLE t=39.0s rss=820MB hwm=823MB
RSS_SAMPLE t=39.3s rss=820MB hwm=823MB
RSS_SAMPLE t=39.5s rss=820MB hwm=823MB
RSS_SAMPLE t=39.8s rss=820MB hwm=823MB
RSS_SAMPLE t=40.0s rss=820MB hwm=823MB
RSS_SAMPLE t=40.3s rss=820MB hwm=823MB
RSS_SAMPLE t=40.5s rss=820MB hwm=823MB
RSS_SAMPLE t=40.8s rss=820MB hwm=823MB
RSS_SAMPLE t=41.0s rss=820MB hwm=823MB
RSS_SAMPLE t=41.3s rss=820MB hwm=823MB
RSS_SAMPLE t=41.5s rss=820MB hwm=823MB
RSS_SAMPLE t=41.8s rss=820MB hwm=823MB
RSS_SAMPLE t=42.0s rss=820MB hwm=823MB
RSS_SAMPLE t=42.3s rss=820MB hwm=823MB
RSS_SAMPLE t=42.5s rss=820MB hwm=823MB
RSS_SAMPLE t=42.8s rss=820MB hwm=823MB
RSS_SAMPLE t=43.0s rss=820MB hwm=823MB
RSS_SAMPLE t=43.3s rss=820MB hwm=823MB
RSS_SAMPLE t=43.5s rss=820MB hwm=823MB
RSS_SAMPLE t=43.8s rss=820MB hwm=823MB
RSS_SAMPLE t=44.0s rss=820MB hwm=823MB
RSS_SAMPLE t=44.3s rss=820MB hwm=823MB
RSS_SAMPLE t=44.5s rss=820MB hwm=823MB
RSS_SAMPLE t=44.8s rss=820MB hwm=823MB
RSS_SAMPLE t=45.0s rss=820MB hwm=823MB
RSS_SAMPLE t=45.3s rss=820MB hwm=823MB
RSS_SAMPLE t=45.5s rss=820MB hwm=823MB
RSS_SAMPLE t=45.8s rss=820MB hwm=823MB
RSS_SAMPLE t=46.0s rss=820MB hwm=823MB
RSS_SAMPLE t=46.3s rss=820MB hwm=823MB
RSS_SAMPLE t=46.5s rss=820MB hwm=823MB
RSS_SAMPLE t=46.8s rss=820MB hwm=823MB
RSS_SAMPLE t=47.0s rss=820MB hwm=823MB
RSS_SAMPLE t=47.3s rss=820MB hwm=823MB
RSS_SAMPLE t=47.5s rss=820MB hwm=823MB
RSS_SAMPLE t=47.8s rss=820MB hwm=823MB
RSS_SAMPLE t=48.0s rss=820MB hwm=823MB
RSS_SAMPLE t=48.3s rss=820MB hwm=823MB
RSS_SAMPLE t=48.5s rss=820MB hwm=823MB
RSS_SAMPLE t=48.8s rss=820MB hwm=823MB
RSS_SAMPLE t=49.0s rss=820MB hwm=823MB
RSS_SAMPLE t=49.3s rss=820MB hwm=823MB
RSS_SAMPLE t=49.5s rss=820MB hwm=823MB
RSS_SAMPLE t=49.8s rss=820MB hwm=823MB
RSS_SAMPLE t=50.0s rss=820MB hwm=823MB
RSS_SAMPLE t=50.3s rss=820MB hwm=823MB
RSS_SAMPLE t=50.5s rss=820MB hwm=823MB
RSS_SAMPLE t=50.8s rss=820MB hwm=823MB
RSS_SAMPLE t=51.0s rss=820MB hwm=823MB
RSS_SAMPLE t=51.3s rss=820MB hwm=823MB
RSS_SAMPLE t=51.5s rss=820MB hwm=823MB
RSS_SAMPLE t=51.8s rss=820MB hwm=823MB
RSS_SAMPLE t=52.0s rss=820MB hwm=823MB
RSS_SAMPLE t=52.3s rss=820MB hwm=823MB
RSS_SAMPLE t=52.5s rss=820MB hwm=823MB
RSS_SAMPLE t=52.8s rss=820MB hwm=823MB
RSS_SAMPLE t=53.0s rss=820MB hwm=823MB
RSS_SAMPLE t=53.3s rss=820MB hwm=823MB
RSS_SAMPLE t=53.5s rss=820MB hwm=823MB
RSS_SAMPLE t=53.8s rss=820MB hwm=823MB
RSS_SAMPLE t=54.0s rss=820MB hwm=823MB
RSS_SAMPLE t=54.3s rss=820MB hwm=823MB
RSS_SAMPLE t=54.5s rss=820MB hwm=823MB
RSS_SAMPLE t=54.8s rss=820MB hwm=823MB
RSS_SAMPLE t=55.0s rss=820MB hwm=823MB
RSS_SAMPLE t=55.3s rss=872MB hwm=872MB
RSS_SAMPLE t=55.5s rss=913MB hwm=913MB
RSS_SAMPLE t=55.8s rss=933MB hwm=933MB
RSS_SAMPLE t=56.0s rss=933MB hwm=933MB
RSS_SAMPLE t=56.3s rss=934MB hwm=934MB
RSS_SAMPLE t=56.5s rss=934MB hwm=934MB
RSS_SAMPLE t=56.8s rss=934MB hwm=934MB
RSS_SAMPLE t=57.0s rss=934MB hwm=934MB
  Skipped truly-null coarse cells: 0 (of 69353 total); pruned pipes: src_null=0 dst_null=0
  Pipe capacity by span:
    span=  1: 138172 pipes, cap min=1 avg=134.5 max=432
    span=  2: 136455 pipes, cap min=2 avg=50.7 max=118
    span=  3: 135619 pipes, cap min=2 avg=26.1 max=52
    span=  4: 136319 pipes, cap min=2 avg=22.7 max=140
    span=  5: 135918 pipes, cap min=2 avg=66.1 max=124
    span=  6: 201217 pipes, cap min=2 avg=15.2 max=28
    span=  7: 200933 pipes, cap min=1 avg=7.3 max=20
    span=  8: 132748 pipes, cap min=2 avg=6.0 max=10
    span=  9: 130848 pipes, cap min=2 avg=6.0 max=10
    span= 10: 131090 pipes, cap min=2 avg=2.2 max=31
    span= 11: 129628 pipes, cap min=2 avg=2.0 max=4
    span= 12: 129018 pipes, cap min=2 avg=2.0 max=4
    span= 13: 128408 pipes, cap min=1 avg=1.5 max=4
    span= 14: 127798 pipes, cap min=1 avg=1.0 max=2
    span= 15: 127188 pipes, cap min=1 avg=1.0 max=2
    span= 16: 126578 pipes, cap min=1 avg=1.0 max=2
    span= 17: 125968 pipes, cap min=1 avg=1.0 max=2
    span= 18: 125358 pipes, cap min=1 avg=1.0 max=2
    span= 19: 63140 pipes, cap min=1 avg=1.0 max=2
  Thin span-1 pipes (cap<=2): 222 total, by tile-type pair (top 20):
    NULL <-> NULL: 220
    CLK_BUFG <-> NULL: 2
  Pipe cost: span^0.50 model (r1=1), span-1=1.000, span-12=3.464, 2×span-6=4.899, 12×span-1=12.000
RSS_SAMPLE t=57.3s rss=960MB hwm=960MB
  topological compress: density=0.60 target_tiles=15971 final_tiles=15777 scale=1.851 center=(205.1,111.0)
  topological init: n_movable=76660, n_edges=229053, max_layer=26775, back_edges=54022, n_anchored=0
  type DFF: 302 valid columns, 1077536 total BELs
  type LUT6: 302 valid columns, 538768 total BELs
TypeAwarePlacement: 2 cell types
RSS_SAMPLE t=57.5s rss=1027MB hwm=1031MB
Coordinate descent mode: 76660 cells, scale 1.00
CellValidityMask: 76660 cells, 311x223 grid, 2 bucket masks, per-cell valid positions: min=67346 avg=67346.0 max=67346, unmapped cells=0
MuxSlotTracker: 76660 cells (76660 with external fanout), 67346 tiles, total_cap=1077536, active_buckets=[DFF,LUT6], built in 82.0ms
MuxSlotTracker[post-seed]: populated_cells=27114, overflow_tiles=518, at_cap_tiles=50, peak_excess=41, capacity_hist={16:67346}
DCD placer: 76660 cells, 69353 nodes, outer_iters=6, dcd_iters_per_cell=8, graph_model=TwoLevelPip
MEM_STATIC: pipes=352MB nodes=1MB adjacency=78MB pipe_cost_vecs=59MB validity_mask=0MB n_pipes=2562403 n_edges=5124806 rss=1044MB
Softmin position update: enabled, theta 0.250 -> 5.000 (anneal over 6 iters)
RSS_SAMPLE t=57.8s rss=1072MB hwm=1072MB
RSS_SAMPLE t=58.0s rss=1072MB hwm=1072MB
RSS_SAMPLE t=58.3s rss=1072MB hwm=1072MB
RSS_SAMPLE t=58.5s rss=1072MB hwm=1072MB
RSS_SAMPLE t=58.8s rss=1072MB hwm=1072MB
RSS_SAMPLE t=59.0s rss=1072MB hwm=1072MB
RSS_SAMPLE t=59.3s rss=1072MB hwm=1072MB
RSS_SAMPLE t=59.5s rss=1072MB hwm=1072MB
RSS_SAMPLE t=59.8s rss=1072MB hwm=1072MB
RSS_SAMPLE t=60.0s rss=1072MB hwm=1072MB
    SwitchMatrix: type_usage_pairs=7 lookups=110 hits=103 dijkstra_calls=7 avg_us=11.0 total_ms=0.1
PHASE_MARK outer=0 enter=pre_solve rss=1075MB
RSS_SAMPLE t=60.3s rss=1217MB hwm=1217MB
RSS_SAMPLE t=60.5s rss=1226MB hwm=1226MB
RSS_SAMPLE t=60.8s rss=1236MB hwm=1236MB
RSS_SAMPLE t=61.0s rss=1243MB hwm=1243MB
RSS_SAMPLE t=61.3s rss=1249MB hwm=1249MB
RSS_SAMPLE t=61.5s rss=1255MB hwm=1255MB
RSS_SAMPLE t=61.8s rss=1259MB hwm=1259MB
RSS_SAMPLE t=62.0s rss=1263MB hwm=1263MB
RSS_SAMPLE t=62.3s rss=1266MB hwm=1266MB
RSS_SAMPLE t=62.5s rss=1270MB hwm=1270MB
RSS_SAMPLE t=62.8s rss=1276MB hwm=1276MB
RSS_SAMPLE t=63.0s rss=1281MB hwm=1281MB
RSS_SAMPLE t=63.3s rss=1286MB hwm=1286MB
RSS_SAMPLE t=63.5s rss=1292MB hwm=1292MB
RSS_SAMPLE t=63.8s rss=1297MB hwm=1297MB
RSS_SAMPLE t=64.0s rss=1304MB hwm=1304MB
RSS_SAMPLE t=64.3s rss=1310MB hwm=1310MB
RSS_SAMPLE t=64.5s rss=1316MB hwm=1316MB
RSS_SAMPLE t=64.8s rss=1321MB hwm=1321MB
RSS_SAMPLE t=65.0s rss=1327MB hwm=1327MB
RSS_SAMPLE t=65.3s rss=1332MB hwm=1332MB
RSS_SAMPLE t=65.5s rss=1338MB hwm=1338MB
RSS_SAMPLE t=65.8s rss=1345MB hwm=1345MB
RSS_SAMPLE t=66.0s rss=1351MB hwm=1351MB
RSS_SAMPLE t=66.3s rss=1358MB hwm=1358MB
RSS_SAMPLE t=66.5s rss=1364MB hwm=1364MB
RSS_SAMPLE t=66.8s rss=1369MB hwm=1369MB
RSS_SAMPLE t=67.0s rss=1375MB hwm=1375MB
RSS_SAMPLE t=67.3s rss=1381MB hwm=1381MB
RSS_SAMPLE t=67.6s rss=1384MB hwm=1384MB
RSS_SAMPLE t=67.8s rss=1389MB hwm=1389MB
RSS_SAMPLE t=68.1s rss=1394MB hwm=1394MB
RSS_SAMPLE t=68.3s rss=1399MB hwm=1399MB
RSS_SAMPLE t=68.6s rss=1406MB hwm=1406MB
RSS_SAMPLE t=68.8s rss=1411MB hwm=1411MB
RSS_SAMPLE t=69.1s rss=1416MB hwm=1416MB
RSS_SAMPLE t=69.3s rss=1422MB hwm=1422MB
RSS_SAMPLE t=69.6s rss=1427MB hwm=1427MB
RSS_SAMPLE t=69.8s rss=1433MB hwm=1433MB
RSS_SAMPLE t=70.1s rss=1440MB hwm=1440MB
RSS_SAMPLE t=70.3s rss=1446MB hwm=1446MB
RSS_SAMPLE t=70.6s rss=1452MB hwm=1452MB
RSS_SAMPLE t=70.8s rss=1457MB hwm=1457MB
RSS_SAMPLE t=71.1s rss=1462MB hwm=1462MB
RSS_SAMPLE t=71.3s rss=1468MB hwm=1468MB
RSS_SAMPLE t=71.6s rss=1475MB hwm=1475MB
RSS_SAMPLE t=71.8s rss=1481MB hwm=1481MB
RSS_SAMPLE t=72.1s rss=1486MB hwm=1486MB
RSS_SAMPLE t=72.3s rss=1492MB hwm=1492MB
RSS_SAMPLE t=72.6s rss=1499MB hwm=1499MB
RSS_SAMPLE t=72.8s rss=1504MB hwm=1504MB
RSS_SAMPLE t=73.1s rss=1510MB hwm=1510MB
RSS_SAMPLE t=73.3s rss=1516MB hwm=1516MB
RSS_SAMPLE t=73.6s rss=1522MB hwm=1522MB
RSS_SAMPLE t=73.8s rss=1529MB hwm=1529MB
RSS_SAMPLE t=74.1s rss=1535MB hwm=1535MB
RSS_SAMPLE t=74.3s rss=1541MB hwm=1541MB
RSS_SAMPLE t=74.6s rss=1548MB hwm=1548MB
RSS_SAMPLE t=74.8s rss=1553MB hwm=1553MB
RSS_SAMPLE t=75.1s rss=1560MB hwm=1560MB
RSS_SAMPLE t=75.3s rss=1565MB hwm=1565MB
RSS_SAMPLE t=75.6s rss=1572MB hwm=1572MB
RSS_SAMPLE t=75.8s rss=1580MB hwm=1580MB
RSS_SAMPLE t=76.1s rss=1585MB hwm=1585MB
RSS_SAMPLE t=76.3s rss=1590MB hwm=1590MB
RSS_SAMPLE t=76.6s rss=1598MB hwm=1598MB
RSS_SAMPLE t=76.8s rss=1604MB hwm=1604MB
RSS_SAMPLE t=77.1s rss=1611MB hwm=1611MB
RSS_SAMPLE t=77.3s rss=1616MB hwm=1616MB
RSS_SAMPLE t=77.6s rss=1623MB hwm=1623MB
RSS_SAMPLE t=77.8s rss=1629MB hwm=1629MB
RSS_SAMPLE t=78.1s rss=1636MB hwm=1636MB
RSS_SAMPLE t=78.3s rss=1642MB hwm=1642MB
RSS_SAMPLE t=78.6s rss=1648MB hwm=1648MB
RSS_SAMPLE t=78.8s rss=1653MB hwm=1653MB
RSS_SAMPLE t=79.1s rss=1662MB hwm=1662MB
RSS_SAMPLE t=79.3s rss=1669MB hwm=1669MB
RSS_SAMPLE t=79.6s rss=1675MB hwm=1675MB
RSS_SAMPLE t=79.8s rss=1682MB hwm=1682MB
RSS_SAMPLE t=80.1s rss=1689MB hwm=1689MB
RSS_SAMPLE t=80.3s rss=1694MB hwm=1694MB
RSS_SAMPLE t=80.6s rss=1700MB hwm=1700MB
RSS_SAMPLE t=80.8s rss=1707MB hwm=1707MB
RSS_SAMPLE t=81.1s rss=1714MB hwm=1714MB
RSS_SAMPLE t=81.3s rss=1719MB hwm=1719MB
RSS_SAMPLE t=81.6s rss=1725MB hwm=1725MB
RSS_SAMPLE t=81.8s rss=1731MB hwm=1731MB
RSS_SAMPLE t=82.1s rss=1738MB hwm=1738MB
RSS_SAMPLE t=82.3s rss=1744MB hwm=1744MB
RSS_SAMPLE t=82.6s rss=1750MB hwm=1750MB
RSS_SAMPLE t=82.8s rss=1757MB hwm=1757MB
RSS_SAMPLE t=83.1s rss=1762MB hwm=1762MB
RSS_SAMPLE t=83.3s rss=1770MB hwm=1770MB
RSS_SAMPLE t=83.6s rss=1776MB hwm=1776MB
RSS_SAMPLE t=83.8s rss=1781MB hwm=1781MB
RSS_SAMPLE t=84.1s rss=1788MB hwm=1788MB
RSS_SAMPLE t=84.3s rss=1794MB hwm=1794MB
RSS_SAMPLE t=84.6s rss=1800MB hwm=1800MB
RSS_SAMPLE t=84.8s rss=1807MB hwm=1807MB
RSS_SAMPLE t=85.1s rss=1813MB hwm=1813MB
RSS_SAMPLE t=85.3s rss=1819MB hwm=1819MB
RSS_SAMPLE t=85.6s rss=1825MB hwm=1825MB
RSS_SAMPLE t=85.8s rss=1829MB hwm=1829MB
RSS_SAMPLE t=86.1s rss=1835MB hwm=1835MB
RSS_SAMPLE t=86.3s rss=1840MB hwm=1840MB
RSS_SAMPLE t=86.6s rss=1844MB hwm=1844MB
RSS_SAMPLE t=86.8s rss=1848MB hwm=1848MB
RSS_SAMPLE t=87.1s rss=1853MB hwm=1853MB
RSS_SAMPLE t=87.3s rss=1857MB hwm=1857MB
RSS_SAMPLE t=87.6s rss=1862MB hwm=1862MB
RSS_SAMPLE t=87.8s rss=1865MB hwm=1865MB
RSS_SAMPLE t=88.1s rss=1869MB hwm=1869MB
RSS_SAMPLE t=88.3s rss=1874MB hwm=1874MB
RSS_SAMPLE t=88.6s rss=1877MB hwm=1877MB
RSS_SAMPLE t=88.8s rss=1879MB hwm=1879MB
RSS_SAMPLE t=89.1s rss=1882MB hwm=1882MB
RSS_SAMPLE t=89.3s rss=1884MB hwm=1884MB
RSS_SAMPLE t=89.6s rss=1886MB hwm=1886MB
RSS_SAMPLE t=89.8s rss=1887MB hwm=1887MB
RSS_SAMPLE t=90.1s rss=1887MB hwm=1887MB
RSS_SAMPLE t=90.3s rss=1888MB hwm=1888MB
RSS_SAMPLE t=90.6s rss=1888MB hwm=1888MB
RSS_SAMPLE t=90.8s rss=1888MB hwm=1888MB
RSS_SAMPLE t=91.1s rss=1889MB hwm=1889MB
RSS_SAMPLE t=91.3s rss=1889MB hwm=1889MB
RSS_SAMPLE t=91.6s rss=1889MB hwm=1889MB
RSS_SAMPLE t=91.8s rss=1889MB hwm=1889MB
RSS_SAMPLE t=92.1s rss=1890MB hwm=1890MB
RSS_SAMPLE t=92.3s rss=1890MB hwm=1890MB
RSS_SAMPLE t=92.6s rss=1890MB hwm=1890MB
RSS_SAMPLE t=92.8s rss=1890MB hwm=1890MB
RSS_SAMPLE t=93.1s rss=1890MB hwm=1890MB
RSS_SAMPLE t=93.3s rss=1891MB hwm=1891MB
RSS_SAMPLE t=93.6s rss=1891MB hwm=1891MB
RSS_SAMPLE t=93.8s rss=1891MB hwm=1891MB
RSS_SAMPLE t=94.1s rss=1892MB hwm=1892MB
RSS_SAMPLE t=94.3s rss=1892MB hwm=1892MB
RSS_SAMPLE t=94.6s rss=1892MB hwm=1892MB
RSS_SAMPLE t=94.8s rss=1893MB hwm=1893MB
RSS_SAMPLE t=95.1s rss=1893MB hwm=1893MB
RSS_SAMPLE t=95.3s rss=1893MB hwm=1893MB
RSS_SAMPLE t=95.6s rss=1893MB hwm=1893MB
RSS_SAMPLE t=95.8s rss=1894MB hwm=1894MB
RSS_SAMPLE t=96.1s rss=1894MB hwm=1894MB
RSS_SAMPLE t=96.3s rss=1894MB hwm=1894MB
RSS_SAMPLE t=96.6s rss=1894MB hwm=1894MB
RSS_SAMPLE t=96.8s rss=1895MB hwm=1895MB
RSS_SAMPLE t=97.1s rss=1895MB hwm=1895MB
RSS_SAMPLE t=97.3s rss=1896MB hwm=1896MB
RSS_SAMPLE t=97.6s rss=1896MB hwm=1896MB
RSS_SAMPLE t=97.8s rss=1896MB hwm=1896MB
RSS_SAMPLE t=98.1s rss=1897MB hwm=1897MB
RSS_SAMPLE t=98.3s rss=1897MB hwm=1897MB
RSS_SAMPLE t=98.6s rss=1897MB hwm=1897MB
RSS_SAMPLE t=98.8s rss=1897MB hwm=1897MB
RSS_SAMPLE t=99.1s rss=1898MB hwm=1898MB
RSS_SAMPLE t=99.3s rss=1898MB hwm=1898MB
RSS_SAMPLE t=99.6s rss=1898MB hwm=1898MB
RSS_SAMPLE t=99.8s rss=1899MB hwm=1899MB
RSS_SAMPLE t=100.1s rss=1899MB hwm=1899MB
RSS_SAMPLE t=100.3s rss=1899MB hwm=1899MB
RSS_SAMPLE t=100.6s rss=1899MB hwm=1899MB
RSS_SAMPLE t=100.8s rss=1899MB hwm=1899MB
RSS_SAMPLE t=101.1s rss=1899MB hwm=1899MB
RSS_SAMPLE t=101.3s rss=1900MB hwm=1900MB
RSS_SAMPLE t=101.6s rss=1900MB hwm=1900MB
RSS_SAMPLE t=101.8s rss=1900MB hwm=1900MB
RSS_SAMPLE t=102.1s rss=1901MB hwm=1901MB
RSS_SAMPLE t=102.3s rss=1901MB hwm=1901MB
RSS_SAMPLE t=102.6s rss=1901MB hwm=1901MB
RSS_SAMPLE t=102.8s rss=1901MB hwm=1901MB
RSS_SAMPLE t=103.1s rss=1902MB hwm=1902MB
RSS_SAMPLE t=103.3s rss=1902MB hwm=1902MB
RSS_SAMPLE t=103.6s rss=1903MB hwm=1903MB
RSS_SAMPLE t=103.8s rss=1903MB hwm=1903MB
RSS_SAMPLE t=104.1s rss=1903MB hwm=1903MB
RSS_SAMPLE t=104.3s rss=1904MB hwm=1904MB
RSS_SAMPLE t=104.6s rss=1904MB hwm=1904MB
RSS_SAMPLE t=104.8s rss=1905MB hwm=1905MB
RSS_SAMPLE t=105.1s rss=1905MB hwm=1905MB
RSS_SAMPLE t=105.3s rss=1905MB hwm=1905MB
RSS_SAMPLE t=105.6s rss=1905MB hwm=1905MB
RSS_SAMPLE t=105.8s rss=1905MB hwm=1905MB
RSS_SAMPLE t=106.1s rss=1906MB hwm=1906MB
RSS_SAMPLE t=106.3s rss=1906MB hwm=1906MB
RSS_SAMPLE t=106.6s rss=1907MB hwm=1907MB
RSS_SAMPLE t=106.8s rss=1907MB hwm=1907MB
RSS_SAMPLE t=107.1s rss=1907MB hwm=1907MB
RSS_SAMPLE t=107.3s rss=1908MB hwm=1908MB
RSS_SAMPLE t=107.6s rss=1908MB hwm=1908MB
RSS_SAMPLE t=107.8s rss=1908MB hwm=1908MB
RSS_SAMPLE t=108.1s rss=1908MB hwm=1908MB
RSS_SAMPLE t=108.3s rss=1909MB hwm=1909MB
RSS_SAMPLE t=108.6s rss=1909MB hwm=1909MB
RSS_SAMPLE t=108.8s rss=1909MB hwm=1909MB
RSS_SAMPLE t=109.1s rss=1909MB hwm=1909MB
RSS_SAMPLE t=109.3s rss=1909MB hwm=1909MB
    rss_probe[outer=0]: pre_refresh_rss=1075MB post_pre_solve_rss=1910MB cache_entries=42424857 cache_cap=69325648 cache_est_mb=600
    pre_solve_diag[outer=0]: solves=105117 fallback=0 (0.0%) cap_armed=105117 (100.0%) settle_avg=10344 settle_max=69353 init_count=254
  Cell placement by tile type (iter 0, 76660 cells):
    NULL: 31596
    CLB: 27114
    IOB_W: 15019
    CLK_BUFG: 2320
    BRAM: 351
    DSP: 182
    IOB_E: 78
    Overflow: over=0 (0.0% of used) avg_excess=0.00 max_excess=0.00 (nc=0.00 cap=0 span=0)  excess_buckets: <=1=0 1-5=0 5-20=0 >20=0  by_cap: cap1=0 cap2=0 cap3-5=0 cap>5=0  by_span: s1=0 s2-3=0 s4-6=0 s7-12=0 s>12=0  le1_cross: cap1=0 cap2-5=0 cap>5=0
    Congestion: pipes=2562403 used=0 congested(>50%)=0 saturated(>90%)=0 max_util=0.00 avg_util=0.0000
PHASE_MARK outer=0 enter=dcd_sweep rss=1910MB
RSS_SAMPLE t=109.6s rss=1910MB hwm=1910MB
RSS_SAMPLE t=109.8s rss=1910MB hwm=1910MB
RSS_SAMPLE t=110.1s rss=1910MB hwm=1910MB
RSS_SAMPLE t=110.3s rss=1910MB hwm=1910MB
RSS_SAMPLE t=110.6s rss=1910MB hwm=1910MB
RSS_SAMPLE t=110.8s rss=1911MB hwm=1911MB
RSS_SAMPLE t=111.1s rss=1911MB hwm=1911MB
RSS_SAMPLE t=111.3s rss=1911MB hwm=1911MB
RSS_SAMPLE t=111.6s rss=1911MB hwm=1911MB
RSS_SAMPLE t=111.8s rss=1911MB hwm=1911MB
RSS_SAMPLE t=112.1s rss=1911MB hwm=1911MB
RSS_SAMPLE t=112.3s rss=1912MB hwm=1912MB
RSS_SAMPLE t=112.6s rss=1912MB hwm=1912MB
RSS_SAMPLE t=112.8s rss=1912MB hwm=1912MB
RSS_SAMPLE t=113.1s rss=1912MB hwm=1912MB
RSS_SAMPLE t=113.3s rss=1912MB hwm=1912MB
RSS_SAMPLE t=113.6s rss=1912MB hwm=1912MB
RSS_SAMPLE t=113.8s rss=1912MB hwm=1912MB
RSS_SAMPLE t=114.1s rss=1913MB hwm=1913MB
RSS_SAMPLE t=114.3s rss=1913MB hwm=1913MB
RSS_SAMPLE t=114.6s rss=1913MB hwm=1913MB
RSS_SAMPLE t=114.8s rss=1913MB hwm=1913MB
RSS_SAMPLE t=115.1s rss=1913MB hwm=1913MB
RSS_SAMPLE t=115.3s rss=1913MB hwm=1913MB
RSS_SAMPLE t=115.6s rss=1913MB hwm=1913MB
RSS_SAMPLE t=115.8s rss=1914MB hwm=1914MB
RSS_SAMPLE t=116.1s rss=1914MB hwm=1914MB
RSS_SAMPLE t=116.3s rss=1914MB hwm=1914MB
RSS_SAMPLE t=116.6s rss=1914MB hwm=1914MB
RSS_SAMPLE t=116.8s rss=1914MB hwm=1914MB
RSS_SAMPLE t=117.1s rss=1914MB hwm=1914MB
RSS_SAMPLE t=117.3s rss=1915MB hwm=1915MB
PHASE_MARK outer=0 leave=dcd_sweep rss=1915MB
PHASE_MARK outer=0 enter=post_refresh rss=1915MB
RSS_SAMPLE t=117.6s rss=1943MB hwm=1943MB
RSS_SAMPLE t=117.8s rss=1943MB hwm=1943MB
RSS_SAMPLE t=118.1s rss=1944MB hwm=1944MB
RSS_SAMPLE t=118.3s rss=1944MB hwm=1944MB
RSS_SAMPLE t=118.6s rss=1944MB hwm=1944MB
RSS_SAMPLE t=118.8s rss=1944MB hwm=1944MB
RSS_SAMPLE t=119.1s rss=1944MB hwm=1944MB
RSS_SAMPLE t=119.3s rss=1944MB hwm=1944MB
RSS_SAMPLE t=119.6s rss=1944MB hwm=1944MB
RSS_SAMPLE t=119.8s rss=1944MB hwm=1944MB
RSS_SAMPLE t=120.1s rss=2350MB hwm=2350MB
RSS_SAMPLE t=120.3s rss=2672MB hwm=2672MB
MEM_POOL: workspaces=32 dense_usage_mb=1251 n_pipes=2562403
RSS_SAMPLE t=120.6s rss=2835MB hwm=2835MB
RSS_SAMPLE t=120.8s rss=3507MB hwm=3507MB
RSS_SAMPLE t=121.1s rss=3635MB hwm=3635MB
RSS_SAMPLE t=121.3s rss=3708MB hwm=3708MB
RSS_SAMPLE t=121.6s rss=3734MB hwm=3734MB
RSS_SAMPLE t=121.8s rss=3761MB hwm=3761MB
RSS_SAMPLE t=122.1s rss=3790MB hwm=3790MB
RSS_SAMPLE t=122.3s rss=3805MB hwm=3805MB
RSS_SAMPLE t=122.6s rss=3823MB hwm=3823MB
RSS_SAMPLE t=122.8s rss=3831MB hwm=3831MB
RSS_SAMPLE t=123.1s rss=3841MB hwm=3841MB
RSS_SAMPLE t=123.3s rss=3855MB hwm=3855MB
RSS_SAMPLE t=123.6s rss=3871MB hwm=3871MB
RSS_SAMPLE t=123.8s rss=3881MB hwm=3881MB
RSS_SAMPLE t=124.1s rss=3891MB hwm=3891MB
RSS_SAMPLE t=124.3s rss=3895MB hwm=3895MB
RSS_SAMPLE t=124.6s rss=3895MB hwm=3895MB
RSS_SAMPLE t=124.8s rss=3905MB hwm=3905MB
RSS_SAMPLE t=125.1s rss=3905MB hwm=3905MB
RSS_SAMPLE t=125.4s rss=3908MB hwm=3908MB
RSS_SAMPLE t=125.6s rss=3908MB hwm=3908MB
RSS_SAMPLE t=125.9s rss=3913MB hwm=3913MB
RSS_SAMPLE t=126.1s rss=3915MB hwm=3915MB
RSS_SAMPLE t=126.4s rss=3920MB hwm=3920MB
RSS_SAMPLE t=126.6s rss=3928MB hwm=3928MB
RSS_SAMPLE t=126.9s rss=3932MB hwm=3932MB
RSS_SAMPLE t=127.1s rss=3936MB hwm=3936MB
RSS_SAMPLE t=127.4s rss=3942MB hwm=3942MB
RSS_SAMPLE t=127.6s rss=3942MB hwm=3942MB
RSS_SAMPLE t=127.9s rss=3943MB hwm=3943MB
RSS_SAMPLE t=128.1s rss=3946MB hwm=3946MB
RSS_SAMPLE t=128.4s rss=3946MB hwm=3946MB
RSS_SAMPLE t=128.6s rss=3951MB hwm=3951MB
RSS_SAMPLE t=128.9s rss=3952MB hwm=3952MB
RSS_SAMPLE t=129.1s rss=3954MB hwm=3954MB
RSS_SAMPLE t=129.4s rss=3954MB hwm=3954MB
RSS_SAMPLE t=129.6s rss=3955MB hwm=3955MB
RSS_SAMPLE t=129.9s rss=3955MB hwm=3955MB
RSS_SAMPLE t=130.1s rss=3955MB hwm=3955MB
RSS_SAMPLE t=130.4s rss=3956MB hwm=3956MB
RSS_SAMPLE t=130.6s rss=3957MB hwm=3957MB
RSS_SAMPLE t=130.9s rss=3957MB hwm=3957MB
RSS_SAMPLE t=131.1s rss=3958MB hwm=3958MB
RSS_SAMPLE t=131.4s rss=3959MB hwm=3959MB
RSS_SAMPLE t=131.6s rss=3960MB hwm=3960MB
RSS_SAMPLE t=131.9s rss=3960MB hwm=3960MB
RSS_SAMPLE t=132.1s rss=3960MB hwm=3960MB
RSS_SAMPLE t=132.4s rss=3960MB hwm=3960MB
RSS_SAMPLE t=132.6s rss=3960MB hwm=3960MB
RSS_SAMPLE t=132.9s rss=3960MB hwm=3960MB
RSS_SAMPLE t=133.1s rss=3963MB hwm=3963MB
RSS_SAMPLE t=133.4s rss=3965MB hwm=3965MB
RSS_SAMPLE t=133.6s rss=3965MB hwm=3965MB
RSS_SAMPLE t=133.9s rss=3965MB hwm=3965MB
RSS_SAMPLE t=134.1s rss=3965MB hwm=3965MB
RSS_SAMPLE t=134.4s rss=3969MB hwm=3969MB
RSS_SAMPLE t=134.6s rss=3969MB hwm=3969MB
RSS_SAMPLE t=134.9s rss=3969MB hwm=3969MB
RSS_SAMPLE t=135.1s rss=3969MB hwm=3969MB
RSS_SAMPLE t=135.4s rss=3970MB hwm=3970MB
RSS_SAMPLE t=135.6s rss=3974MB hwm=3974MB
RSS_SAMPLE t=135.9s rss=3974MB hwm=3974MB
RSS_SAMPLE t=136.1s rss=3974MB hwm=3974MB
RSS_SAMPLE t=136.4s rss=3975MB hwm=3975MB
RSS_SAMPLE t=136.6s rss=3975MB hwm=3975MB
RSS_SAMPLE t=136.9s rss=3975MB hwm=3975MB
RSS_SAMPLE t=137.1s rss=3975MB hwm=3975MB
RSS_SAMPLE t=137.4s rss=3976MB hwm=3976MB
RSS_SAMPLE t=137.6s rss=3976MB hwm=3976MB
RSS_SAMPLE t=137.9s rss=3977MB hwm=3977MB
RSS_SAMPLE t=138.1s rss=3979MB hwm=3979MB
RSS_SAMPLE t=138.4s rss=3979MB hwm=3979MB
RSS_SAMPLE t=138.6s rss=3980MB hwm=3980MB
RSS_SAMPLE t=138.9s rss=3981MB hwm=3981MB
RSS_SAMPLE t=139.1s rss=3981MB hwm=3981MB
RSS_SAMPLE t=139.4s rss=3982MB hwm=3982MB
RSS_SAMPLE t=139.6s rss=3983MB hwm=3983MB
RSS_SAMPLE t=139.9s rss=3983MB hwm=3983MB
RSS_SAMPLE t=140.1s rss=3984MB hwm=3984MB
RSS_SAMPLE t=140.4s rss=3985MB hwm=3985MB
RSS_SAMPLE t=140.6s rss=3985MB hwm=3985MB
RSS_SAMPLE t=140.9s rss=3985MB hwm=3985MB
RSS_SAMPLE t=141.1s rss=3986MB hwm=3986MB
RSS_SAMPLE t=141.4s rss=3986MB hwm=3986MB
RSS_SAMPLE t=141.6s rss=3986MB hwm=3986MB
RSS_SAMPLE t=141.9s rss=3987MB hwm=3987MB
RSS_SAMPLE t=142.1s rss=3987MB hwm=3987MB
RSS_SAMPLE t=142.4s rss=3989MB hwm=3989MB
RSS_SAMPLE t=142.6s rss=3990MB hwm=3990MB
RSS_SAMPLE t=142.9s rss=3991MB hwm=3991MB
RSS_SAMPLE t=143.1s rss=3991MB hwm=3991MB
RSS_SAMPLE t=143.4s rss=3992MB hwm=3992MB
RSS_SAMPLE t=143.6s rss=3993MB hwm=3993MB
RSS_SAMPLE t=143.9s rss=3993MB hwm=3993MB
RSS_SAMPLE t=144.1s rss=3994MB hwm=3994MB
RSS_SAMPLE t=144.4s rss=3994MB hwm=3994MB
RSS_SAMPLE t=144.6s rss=3995MB hwm=3995MB
RSS_SAMPLE t=144.9s rss=3995MB hwm=3995MB
RSS_SAMPLE t=145.1s rss=3995MB hwm=3995MB
RSS_SAMPLE t=145.4s rss=3997MB hwm=3997MB
RSS_SAMPLE t=145.6s rss=3997MB hwm=3997MB
RSS_SAMPLE t=145.9s rss=3998MB hwm=3998MB
RSS_SAMPLE t=146.1s rss=3998MB hwm=3998MB
RSS_SAMPLE t=146.4s rss=3999MB hwm=3999MB
RSS_SAMPLE t=146.6s rss=4000MB hwm=4000MB
RSS_SAMPLE t=146.9s rss=4001MB hwm=4001MB
RSS_SAMPLE t=147.1s rss=4002MB hwm=4002MB
RSS_SAMPLE t=147.4s rss=4002MB hwm=4002MB
RSS_SAMPLE t=147.6s rss=4003MB hwm=4003MB
RSS_SAMPLE t=147.9s rss=4003MB hwm=4003MB
RSS_SAMPLE t=148.1s rss=4004MB hwm=4004MB
RSS_SAMPLE t=148.4s rss=4005MB hwm=4005MB
RSS_SAMPLE t=148.6s rss=4005MB hwm=4005MB
RSS_SAMPLE t=148.9s rss=4006MB hwm=4006MB
RSS_SAMPLE t=149.1s rss=4007MB hwm=4007MB
RSS_SAMPLE t=149.4s rss=4007MB hwm=4007MB
RSS_SAMPLE t=149.6s rss=4008MB hwm=4008MB
RSS_SAMPLE t=149.9s rss=4008MB hwm=4008MB
RSS_SAMPLE t=150.1s rss=4009MB hwm=4009MB
RSS_SAMPLE t=150.4s rss=4011MB hwm=4011MB
RSS_SAMPLE t=150.6s rss=4012MB hwm=4012MB
RSS_SAMPLE t=150.9s rss=4012MB hwm=4012MB
RSS_SAMPLE t=151.1s rss=4012MB hwm=4012MB
RSS_SAMPLE t=151.4s rss=4013MB hwm=4013MB
RSS_SAMPLE t=151.6s rss=4013MB hwm=4013MB
RSS_SAMPLE t=151.9s rss=4014MB hwm=4014MB
RSS_SAMPLE t=152.1s rss=4014MB hwm=4014MB
RSS_SAMPLE t=152.4s rss=4015MB hwm=4015MB
RSS_SAMPLE t=152.6s rss=4015MB hwm=4015MB
RSS_SAMPLE t=152.9s rss=4016MB hwm=4016MB
RSS_SAMPLE t=153.1s rss=4017MB hwm=4017MB
RSS_SAMPLE t=153.4s rss=4017MB hwm=4017MB
RSS_SAMPLE t=153.6s rss=4018MB hwm=4018MB
RSS_SAMPLE t=153.9s rss=4018MB hwm=4018MB
RSS_SAMPLE t=154.1s rss=4018MB hwm=4018MB
RSS_SAMPLE t=154.4s rss=4019MB hwm=4019MB
RSS_SAMPLE t=154.6s rss=4019MB hwm=4019MB
RSS_SAMPLE t=154.9s rss=4020MB hwm=4020MB
RSS_SAMPLE t=155.1s rss=4020MB hwm=4020MB
RSS_SAMPLE t=155.4s rss=4021MB hwm=4021MB
RSS_SAMPLE t=155.6s rss=4021MB hwm=4021MB
RSS_SAMPLE t=155.9s rss=4021MB hwm=4021MB
RSS_SAMPLE t=156.1s rss=4022MB hwm=4022MB
RSS_SAMPLE t=156.4s rss=4022MB hwm=4022MB
RSS_SAMPLE t=156.6s rss=4022MB hwm=4022MB
RSS_SAMPLE t=156.9s rss=4023MB hwm=4023MB
RSS_SAMPLE t=157.1s rss=4023MB hwm=4023MB
RSS_SAMPLE t=157.4s rss=4023MB hwm=4023MB
RSS_SAMPLE t=157.6s rss=4024MB hwm=4024MB
RSS_SAMPLE t=157.9s rss=4025MB hwm=4025MB
RSS_SAMPLE t=158.1s rss=4025MB hwm=4025MB
RSS_SAMPLE t=158.4s rss=4025MB hwm=4025MB
RSS_SAMPLE t=158.6s rss=4026MB hwm=4026MB
RSS_SAMPLE t=158.9s rss=4027MB hwm=4027MB
RSS_SAMPLE t=159.1s rss=4027MB hwm=4027MB
RSS_SAMPLE t=159.4s rss=4028MB hwm=4028MB
RSS_SAMPLE t=159.6s rss=4028MB hwm=4028MB
RSS_SAMPLE t=159.9s rss=4029MB hwm=4029MB
RSS_SAMPLE t=160.1s rss=4029MB hwm=4029MB
RSS_SAMPLE t=160.4s rss=4029MB hwm=4029MB
RSS_SAMPLE t=160.6s rss=4030MB hwm=4030MB
RSS_SAMPLE t=160.9s rss=4030MB hwm=4030MB
RSS_SAMPLE t=161.2s rss=4031MB hwm=4031MB
RSS_SAMPLE t=161.4s rss=4031MB hwm=4031MB
RSS_SAMPLE t=161.7s rss=4032MB hwm=4032MB
RSS_SAMPLE t=161.9s rss=4032MB hwm=4032MB
RSS_SAMPLE t=162.2s rss=4033MB hwm=4033MB
RSS_SAMPLE t=162.4s rss=4033MB hwm=4033MB
RSS_SAMPLE t=162.7s rss=4033MB hwm=4033MB
RSS_SAMPLE t=162.9s rss=4034MB hwm=4034MB
RSS_SAMPLE t=163.2s rss=4035MB hwm=4035MB
RSS_SAMPLE t=163.4s rss=4035MB hwm=4035MB
RSS_SAMPLE t=163.7s rss=4035MB hwm=4035MB
RSS_SAMPLE t=163.9s rss=4036MB hwm=4036MB
RSS_SAMPLE t=164.2s rss=4036MB hwm=4036MB
RSS_SAMPLE t=164.4s rss=4036MB hwm=4036MB
RSS_SAMPLE t=164.7s rss=4037MB hwm=4037MB
RSS_SAMPLE t=164.9s rss=4038MB hwm=4038MB
RSS_SAMPLE t=165.2s rss=4038MB hwm=4038MB
RSS_SAMPLE t=165.4s rss=4038MB hwm=4038MB
RSS_SAMPLE t=165.7s rss=4040MB hwm=4040MB
RSS_SAMPLE t=165.9s rss=4041MB hwm=4041MB
RSS_SAMPLE t=166.2s rss=4041MB hwm=4041MB
RSS_SAMPLE t=166.4s rss=4041MB hwm=4041MB
RSS_SAMPLE t=166.7s rss=4042MB hwm=4042MB
RSS_SAMPLE t=166.9s rss=4042MB hwm=4042MB
RSS_SAMPLE t=167.2s rss=4043MB hwm=4043MB
RSS_SAMPLE t=167.4s rss=4043MB hwm=4043MB
RSS_SAMPLE t=167.7s rss=4043MB hwm=4043MB
RSS_SAMPLE t=167.9s rss=4044MB hwm=4044MB
RSS_SAMPLE t=168.2s rss=4044MB hwm=4044MB
RSS_SAMPLE t=168.4s rss=4045MB hwm=4045MB
RSS_SAMPLE t=168.7s rss=4045MB hwm=4045MB
RSS_SAMPLE t=168.9s rss=4046MB hwm=4046MB
RSS_SAMPLE t=169.2s rss=4047MB hwm=4047MB
RSS_SAMPLE t=169.4s rss=4047MB hwm=4047MB
RSS_SAMPLE t=169.7s rss=4048MB hwm=4048MB
RSS_SAMPLE t=169.9s rss=4049MB hwm=4049MB
RSS_SAMPLE t=170.2s rss=4050MB hwm=4050MB
RSS_SAMPLE t=170.4s rss=4051MB hwm=4051MB
RSS_SAMPLE t=170.7s rss=4051MB hwm=4051MB
RSS_SAMPLE t=170.9s rss=4052MB hwm=4052MB
RSS_SAMPLE t=171.2s rss=4052MB hwm=4052MB
RSS_SAMPLE t=171.4s rss=4053MB hwm=4053MB
RSS_SAMPLE t=171.7s rss=4054MB hwm=4054MB
RSS_SAMPLE t=171.9s rss=4054MB hwm=4054MB
RSS_SAMPLE t=172.2s rss=4056MB hwm=4056MB
RSS_SAMPLE t=172.4s rss=4057MB hwm=4057MB
RSS_SAMPLE t=172.7s rss=4058MB hwm=4058MB
RSS_SAMPLE t=172.9s rss=4058MB hwm=4058MB
RSS_SAMPLE t=173.2s rss=4059MB hwm=4059MB
RSS_SAMPLE t=173.4s rss=4060MB hwm=4060MB
RSS_SAMPLE t=173.7s rss=4061MB hwm=4061MB
RSS_SAMPLE t=173.9s rss=4062MB hwm=4062MB
RSS_SAMPLE t=174.2s rss=4063MB hwm=4063MB
RSS_SAMPLE t=174.4s rss=4064MB hwm=4064MB
RSS_SAMPLE t=174.7s rss=4066MB hwm=4066MB
RSS_SAMPLE t=174.9s rss=4067MB hwm=4067MB
RSS_SAMPLE t=175.2s rss=4068MB hwm=4068MB
RSS_SAMPLE t=175.4s rss=4070MB hwm=4070MB
RSS_SAMPLE t=175.7s rss=4071MB hwm=4071MB
RSS_SAMPLE t=175.9s rss=4073MB hwm=4073MB
RSS_SAMPLE t=176.2s rss=4074MB hwm=4074MB
RSS_SAMPLE t=176.4s rss=4075MB hwm=4075MB
RSS_SAMPLE t=176.7s rss=4076MB hwm=4076MB
RSS_SAMPLE t=176.9s rss=4077MB hwm=4077MB
RSS_SAMPLE t=177.2s rss=4078MB hwm=4078MB
RSS_SAMPLE t=177.4s rss=4079MB hwm=4079MB
RSS_SAMPLE t=177.7s rss=4080MB hwm=4080MB
RSS_SAMPLE t=177.9s rss=4082MB hwm=4082MB
RSS_SAMPLE t=178.2s rss=4082MB hwm=4082MB
RSS_SAMPLE t=178.4s rss=4084MB hwm=4084MB
RSS_SAMPLE t=178.7s rss=4085MB hwm=4085MB
RSS_SAMPLE t=178.9s rss=4085MB hwm=4085MB
RSS_SAMPLE t=179.2s rss=4086MB hwm=4086MB
RSS_SAMPLE t=179.4s rss=4087MB hwm=4087MB
RSS_SAMPLE t=179.7s rss=4088MB hwm=4088MB
RSS_SAMPLE t=179.9s rss=4089MB hwm=4089MB
RSS_SAMPLE t=180.2s rss=4089MB hwm=4089MB
RSS_SAMPLE t=180.4s rss=4090MB hwm=4090MB
RSS_SAMPLE t=180.7s rss=4090MB hwm=4090MB
RSS_SAMPLE t=180.9s rss=4091MB hwm=4091MB
RSS_SAMPLE t=181.2s rss=4092MB hwm=4092MB
RSS_SAMPLE t=181.4s rss=4092MB hwm=4092MB
RSS_SAMPLE t=181.7s rss=4092MB hwm=4092MB
RSS_SAMPLE t=181.9s rss=4093MB hwm=4093MB
RSS_SAMPLE t=182.2s rss=4093MB hwm=4093MB
RSS_SAMPLE t=182.4s rss=4094MB hwm=4094MB
RSS_SAMPLE t=182.7s rss=4094MB hwm=4094MB
RSS_SAMPLE t=182.9s rss=4094MB hwm=4094MB
RSS_SAMPLE t=183.2s rss=4094MB hwm=4094MB
RSS_SAMPLE t=183.4s rss=4094MB hwm=4094MB
RSS_SAMPLE t=183.7s rss=4094MB hwm=4094MB
RSS_SAMPLE t=183.9s rss=4094MB hwm=4094MB
RSS_SAMPLE t=184.2s rss=4094MB hwm=4094MB
RSS_SAMPLE t=184.4s rss=4094MB hwm=4094MB
RSS_SAMPLE t=184.7s rss=4094MB hwm=4094MB
RSS_SAMPLE t=184.9s rss=4095MB hwm=4095MB
RSS_SAMPLE t=185.2s rss=4095MB hwm=4095MB
RSS_SAMPLE t=185.4s rss=4095MB hwm=4095MB
RSS_SAMPLE t=185.7s rss=4095MB hwm=4095MB
RSS_SAMPLE t=185.9s rss=4095MB hwm=4095MB
RSS_SAMPLE t=186.2s rss=4095MB hwm=4095MB
RSS_SAMPLE t=186.4s rss=4095MB hwm=4095MB
RSS_SAMPLE t=186.7s rss=4095MB hwm=4095MB
RSS_SAMPLE t=186.9s rss=4095MB hwm=4095MB
RSS_SAMPLE t=187.2s rss=4095MB hwm=4095MB
RSS_SAMPLE t=187.4s rss=4095MB hwm=4095MB
RSS_SAMPLE t=187.7s rss=4095MB hwm=4095MB
RSS_SAMPLE t=187.9s rss=4095MB hwm=4095MB
RSS_SAMPLE t=188.2s rss=4095MB hwm=4095MB
RSS_SAMPLE t=188.4s rss=4095MB hwm=4095MB
RSS_SAMPLE t=188.7s rss=4095MB hwm=4095MB
RSS_SAMPLE t=188.9s rss=4095MB hwm=4095MB
RSS_SAMPLE t=189.2s rss=4095MB hwm=4095MB
RSS_SAMPLE t=189.4s rss=4096MB hwm=4096MB
RSS_SAMPLE t=189.7s rss=4096MB hwm=4096MB
RSS_SAMPLE t=189.9s rss=4096MB hwm=4096MB
RSS_SAMPLE t=190.2s rss=4096MB hwm=4096MB
RSS_SAMPLE t=190.4s rss=4096MB hwm=4096MB
RSS_SAMPLE t=190.7s rss=4096MB hwm=4096MB
RSS_SAMPLE t=190.9s rss=4096MB hwm=4096MB
RSS_SAMPLE t=191.2s rss=4096MB hwm=4096MB
RSS_SAMPLE t=191.4s rss=4096MB hwm=4096MB
RSS_SAMPLE t=191.7s rss=4096MB hwm=4096MB
RSS_SAMPLE t=191.9s rss=4096MB hwm=4096MB
RSS_SAMPLE t=192.2s rss=4096MB hwm=4096MB
RSS_SAMPLE t=192.4s rss=4096MB hwm=4096MB
RSS_SAMPLE t=192.7s rss=4096MB hwm=4096MB
RSS_SAMPLE t=192.9s rss=4096MB hwm=4096MB
RSS_SAMPLE t=193.2s rss=4096MB hwm=4096MB
RSS_SAMPLE t=193.4s rss=4096MB hwm=4096MB
RSS_SAMPLE t=193.7s rss=4096MB hwm=4096MB
RSS_SAMPLE t=193.9s rss=4096MB hwm=4096MB
RSS_SAMPLE t=194.2s rss=4097MB hwm=4097MB
RSS_SAMPLE t=194.4s rss=4097MB hwm=4097MB
RSS_SAMPLE t=194.7s rss=4097MB hwm=4097MB
RSS_SAMPLE t=194.9s rss=4097MB hwm=4097MB
RSS_SAMPLE t=195.2s rss=4097MB hwm=4097MB
RSS_SAMPLE t=195.4s rss=4097MB hwm=4097MB
RSS_SAMPLE t=195.7s rss=4097MB hwm=4097MB
RSS_SAMPLE t=195.9s rss=4097MB hwm=4097MB
RSS_SAMPLE t=196.2s rss=4097MB hwm=4097MB
RSS_SAMPLE t=196.4s rss=4097MB hwm=4097MB
RSS_SAMPLE t=196.7s rss=4097MB hwm=4097MB
RSS_SAMPLE t=196.9s rss=4097MB hwm=4097MB
RSS_SAMPLE t=197.2s rss=4097MB hwm=4097MB
RSS_SAMPLE t=197.4s rss=4097MB hwm=4097MB
RSS_SAMPLE t=197.7s rss=4097MB hwm=4097MB
RSS_SAMPLE t=197.9s rss=4097MB hwm=4097MB
RSS_SAMPLE t=198.2s rss=4098MB hwm=4098MB
RSS_SAMPLE t=198.4s rss=4098MB hwm=4098MB
RSS_SAMPLE t=198.7s rss=4098MB hwm=4098MB
RSS_SAMPLE t=198.9s rss=4098MB hwm=4098MB
RSS_SAMPLE t=199.2s rss=4098MB hwm=4098MB
RSS_SAMPLE t=199.4s rss=4098MB hwm=4098MB
RSS_SAMPLE t=199.7s rss=4098MB hwm=4098MB
RSS_SAMPLE t=199.9s rss=4098MB hwm=4098MB
RSS_SAMPLE t=200.2s rss=4098MB hwm=4098MB
RSS_SAMPLE t=200.4s rss=4099MB hwm=4099MB
RSS_SAMPLE t=200.7s rss=4099MB hwm=4099MB
RSS_SAMPLE t=200.9s rss=4099MB hwm=4099MB
RSS_SAMPLE t=201.2s rss=4099MB hwm=4099MB
RSS_SAMPLE t=201.4s rss=4099MB hwm=4099MB
RSS_SAMPLE t=201.7s rss=4099MB hwm=4099MB
RSS_SAMPLE t=201.9s rss=4099MB hwm=4099MB
RSS_SAMPLE t=202.2s rss=4099MB hwm=4099MB
RSS_SAMPLE t=202.4s rss=4099MB hwm=4099MB
RSS_SAMPLE t=202.7s rss=4099MB hwm=4099MB
RSS_SAMPLE t=202.9s rss=4099MB hwm=4099MB
RSS_SAMPLE t=203.2s rss=4099MB hwm=4099MB
RSS_SAMPLE t=203.4s rss=4099MB hwm=4099MB
RSS_SAMPLE t=203.7s rss=4099MB hwm=4099MB
MEM_POOL: workspaces=32 dense_usage_mb=1251 n_pipes=2562403
    strata[outer=0]: REFRESH slow=54691 fast=50426 slow_energy=2287581.5
    post_solve_diag[outer=0]: solves=50426 cap_armed=50426 (100.0%) settle_avg=294 above_sink_avg=103 (35.0%) settle_max=3515
    settle_hist[outer=0]: <100: 26106nets/10.1%work  <1k: 19435nets/42.3%work  <5k: 4885nets/47.6%work  <20k: 0nets/0.0%work  <60k: 0nets/0.0%work  >=60k: 0nets/0.0%work
    fanout_hist[outer=0]: fan1: 32190nets/48.2%work  fan2-4: 17335nets/47.9%work  fan5-16: 901nets/3.9%work  fan17-64: 0nets/0.0%work  fan65-256: 0nets/0.0%work  fan>256: 0nets/0.0%work
    rss_probe[outer=0]: pre_post_solve=1944MB post_post_solve=4118MB after_apply=4119MB
RSS_SAMPLE t=203.9s rss=4119MB hwm=4119MB
MuxSlotTracker[sweep 0 LEAK]: populated_cells=59731, overflow_tiles=4, at_cap_tiles=1773, peak_excess=10, capacity_hist={16:67346}
    E_decomp: base=10843049.8 eff=11397228.3 cong=554178.5 cong_share=4.9% sat_pipes=172177 max_util=1117.26  R_buckets: 1-2x=2562403 2-10x=0 10-100x=0 >=100x=0
    E_potential: beckmann=13774636303155.9 history_total=0.0
    SpanCache: epoch=1 entries=110 lookups=2562403 hits=2562293 misses=110 hit_rate=100.0%
  DCD   0: nets=105117 line=17518732 energy=2439206.083 dE=+0.000 friction=4560268.5 bins=2.8x(1231) excess=671.7 moved=59555 disp=inf solves=155543 skip=0 pops=1102154291 theta=0.250 refresh=136042ms dcd=7845ms total=146397ms
    cache_stats: entries=50924897 capacity=85458632 est_mb=738 rss_mb=4102
RSS_SAMPLE t=204.2s rss=4102MB hwm=4115MB
RSS_SAMPLE t=204.4s rss=4102MB hwm=4115MB
RSS_SAMPLE t=204.7s rss=4102MB hwm=4115MB
RSS_SAMPLE t=204.9s rss=4102MB hwm=4115MB
RSS_SAMPLE t=205.2s rss=4102MB hwm=4115MB
RSS_SAMPLE t=205.4s rss=4102MB hwm=4115MB
RSS_SAMPLE t=205.7s rss=4102MB hwm=4115MB
RSS_SAMPLE t=205.9s rss=4102MB hwm=4115MB
RSS_SAMPLE t=206.2s rss=4102MB hwm=4115MB
RSS_SAMPLE t=206.4s rss=4102MB hwm=4115MB
    SwitchMatrix: type_usage_pairs=924 lookups=2632 hits=1708 dijkstra_calls=924 avg_us=11.9 total_ms=11.0
PHASE_MARK outer=1 enter=pre_solve rss=4102MB
    rss_probe[outer=1]: pre_refresh_rss=4102MB post_pre_solve_rss=4103MB cache_entries=50924897 cache_cap=85458632 cache_est_mb=738
    pre_solve_diag[outer=1]: solves=0 fallback=0 (0.0%) cap_armed=0 (0.0%) settle_avg=0 settle_max=0 init_count=254
    Overflow: over=153787 (6.0% of used) avg_excess=3.08 max_excess=1516.43 (nc=1540.43 cap=24 span=1)  excess_buckets: <=1=63523 1-5=66532 5-20=21016 >20=2716  by_cap: cap1=68593 cap2=55579 cap3-5=192 cap>5=29423  by_span: s1=1816 s2-3=2127 s4-6=17426 s7-12=60961 s>12=71457  le1_cross: cap1=34878 cap2-5=25472 cap>5=3173
    Congestion: pipes=2562403 used=2562403 congested(>50%)=320437 saturated(>90%)=172177 max_util=1117.26 avg_util=0.3012
PHASE_MARK outer=1 enter=dcd_sweep rss=4103MB
RSS_SAMPLE t=206.7s rss=4103MB hwm=4115MB
RSS_SAMPLE t=206.9s rss=4103MB hwm=4115MB
RSS_SAMPLE t=207.2s rss=4103MB hwm=4115MB
RSS_SAMPLE t=207.4s rss=4103MB hwm=4115MB
RSS_SAMPLE t=207.7s rss=4103MB hwm=4115MB
RSS_SAMPLE t=207.9s rss=4103MB hwm=4115MB
RSS_SAMPLE t=208.2s rss=4103MB hwm=4115MB
RSS_SAMPLE t=208.4s rss=4103MB hwm=4115MB
RSS_SAMPLE t=208.7s rss=4103MB hwm=4115MB
RSS_SAMPLE t=208.9s rss=4103MB hwm=4115MB
RSS_SAMPLE t=209.2s rss=4103MB hwm=4115MB
RSS_SAMPLE t=209.4s rss=4103MB hwm=4115MB
RSS_SAMPLE t=209.7s rss=4103MB hwm=4115MB
RSS_SAMPLE t=209.9s rss=4103MB hwm=4115MB
RSS_SAMPLE t=210.2s rss=4103MB hwm=4115MB
RSS_SAMPLE t=210.4s rss=4103MB hwm=4115MB
RSS_SAMPLE t=210.7s rss=4103MB hwm=4115MB
RSS_SAMPLE t=210.9s rss=4103MB hwm=4115MB
RSS_SAMPLE t=211.2s rss=4103MB hwm=4115MB
RSS_SAMPLE t=211.4s rss=4103MB hwm=4115MB
RSS_SAMPLE t=211.7s rss=4103MB hwm=4115MB
RSS_SAMPLE t=211.9s rss=4103MB hwm=4115MB
RSS_SAMPLE t=212.2s rss=4103MB hwm=4115MB
RSS_SAMPLE t=212.4s rss=4103MB hwm=4115MB
RSS_SAMPLE t=212.7s rss=4103MB hwm=4115MB
RSS_SAMPLE t=212.9s rss=4103MB hwm=4115MB
RSS_SAMPLE t=213.2s rss=4103MB hwm=4115MB
RSS_SAMPLE t=213.4s rss=4103MB hwm=4115MB
RSS_SAMPLE t=213.7s rss=4103MB hwm=4115MB
RSS_SAMPLE t=213.9s rss=4103MB hwm=4115MB
RSS_SAMPLE t=214.2s rss=4103MB hwm=4115MB
PHASE_MARK outer=1 leave=dcd_sweep rss=4103MB
PHASE_MARK outer=1 enter=post_refresh rss=4103MB
RSS_SAMPLE t=214.4s rss=4112MB hwm=4115MB
RSS_SAMPLE t=214.7s rss=4112MB hwm=4115MB
RSS_SAMPLE t=214.9s rss=4112MB hwm=4115MB
RSS_SAMPLE t=215.2s rss=4112MB hwm=4115MB
RSS_SAMPLE t=215.4s rss=4112MB hwm=4115MB
RSS_SAMPLE t=215.7s rss=4112MB hwm=4115MB
RSS_SAMPLE t=215.9s rss=4112MB hwm=4115MB
RSS_SAMPLE t=216.2s rss=4112MB hwm=4115MB
RSS_SAMPLE t=216.4s rss=4112MB hwm=4115MB
RSS_SAMPLE t=216.7s rss=4112MB hwm=4115MB
MEM_POOL: workspaces=32 dense_usage_mb=1251 n_pipes=2562403
    strata[outer=1]: carry slow_energy=2287581.5
    post_solve_diag[outer=1]: solves=52090 cap_armed=52090 (100.0%) settle_avg=247 above_sink_avg=36 (14.4%) settle_max=2974
    settle_hist[outer=1]: <100: 28950nets/5.0%work  <1k: 18930nets/49.5%work  <5k: 4210nets/45.6%work  <20k: 0nets/0.0%work  <60k: 0nets/0.0%work  >=60k: 0nets/0.0%work
    fanout_hist[outer=1]: fan1: 32568nets/42.5%work  fan2-4: 18474nets/52.5%work  fan5-16: 1048nets/5.0%work  fan17-64: 0nets/0.0%work  fan65-256: 0nets/0.0%work  fan>256: 0nets/0.0%work
    rss_probe[outer=1]: pre_post_solve=4112MB post_post_solve=4132MB after_apply=4132MB
MuxSlotTracker[sweep 1 LEAK]: populated_cells=64146, overflow_tiles=1, at_cap_tiles=1077, peak_excess=5, capacity_hist={16:67346}
    E_decomp: base=16104866.1 eff=210303305879952.8 cong=210303289775086.6 cong_share=100.0% sat_pipes=255476 max_util=1291.68  R_buckets: 1-2x=134339 2-10x=1124 10-100x=587 >=100x=2426353
    E_potential: beckmann=32965959798842.8 history_total=0.0
    SpanCache: epoch=2 entries=2632 lookups=2562403 hits=2559771 misses=2632 hit_rate=99.9%
  DCD   1: nets=105117 line=17068083 energy=6376110108.007 dE=+6373670901.925 friction=10927677.4 bins=2.2x(1044) excess=422.1 moved=63862 disp=13.772 solves=52090 skip=105117 pops=12849992 theta=0.455 refresh=2695ms dcd=7604ms total=12884ms
    cache_stats: entries=48273910 capacity=82625649 est_mb=714 rss_mb=4133
RSS_SAMPLE t=216.9s rss=4133MB hwm=4133MB
RSS_SAMPLE t=217.2s rss=4133MB hwm=4133MB
RSS_SAMPLE t=217.4s rss=4133MB hwm=4133MB
RSS_SAMPLE t=217.7s rss=4133MB hwm=4133MB
RSS_SAMPLE t=217.9s rss=4133MB hwm=4133MB
RSS_SAMPLE t=218.2s rss=4133MB hwm=4133MB
RSS_SAMPLE t=218.4s rss=4133MB hwm=4133MB
RSS_SAMPLE t=218.7s rss=4133MB hwm=4133MB
RSS_SAMPLE t=218.9s rss=4133MB hwm=4133MB
RSS_SAMPLE t=219.2s rss=4133MB hwm=4133MB
    SwitchMatrix: type_usage_pairs=1380 lookups=3734 hits=2354 dijkstra_calls=1380 avg_us=11.0 total_ms=15.1
PHASE_MARK outer=2 enter=pre_solve rss=4133MB
    rss_probe[outer=2]: pre_refresh_rss=4133MB post_pre_solve_rss=4152MB cache_entries=48273910 cache_cap=82625649 cache_est_mb=714
    pre_solve_diag[outer=2]: solves=0 fallback=0 (0.0%) cap_armed=0 (0.0%) settle_avg=0 settle_max=0 init_count=242
    Overflow: over=228350 (8.9% of used) avg_excess=4.88 max_excess=2702.88 (nc=2726.88 cap=24 span=1)  excess_buckets: <=1=79447 1-5=95811 5-20=43691 >20=9401  by_cap: cap1=96408 cap2=85088 cap3-5=379 cap>5=46475  by_span: s1=2680 s2-3=4362 s4-6=24973 s7-12=95224 s>12=101111  le1_cross: cap1=45220 cap2-5=29924 cap>5=4303
    Congestion: pipes=2562403 used=2562403 congested(>50%)=494835 saturated(>90%)=255476 max_util=1291.68 avg_util=0.4537
PHASE_MARK outer=2 enter=dcd_sweep rss=4152MB
RSS_SAMPLE t=219.4s rss=4152MB hwm=4152MB
RSS_SAMPLE t=219.7s rss=4152MB hwm=4152MB
RSS_SAMPLE t=219.9s rss=4152MB hwm=4152MB
RSS_SAMPLE t=220.2s rss=4152MB hwm=4152MB
RSS_SAMPLE t=220.4s rss=4152MB hwm=4152MB
RSS_SAMPLE t=220.7s rss=4152MB hwm=4152MB
RSS_SAMPLE t=220.9s rss=4152MB hwm=4152MB
RSS_SAMPLE t=221.2s rss=4152MB hwm=4152MB
RSS_SAMPLE t=221.4s rss=4152MB hwm=4152MB
RSS_SAMPLE t=221.7s rss=4152MB hwm=4152MB
RSS_SAMPLE t=221.9s rss=4152MB hwm=4152MB
RSS_SAMPLE t=222.2s rss=4152MB hwm=4152MB
RSS_SAMPLE t=222.5s rss=4152MB hwm=4152MB
RSS_SAMPLE t=222.7s rss=4152MB hwm=4152MB
RSS_SAMPLE t=223.0s rss=4152MB hwm=4152MB
RSS_SAMPLE t=223.2s rss=4152MB hwm=4152MB
RSS_SAMPLE t=223.5s rss=4152MB hwm=4152MB
RSS_SAMPLE t=223.7s rss=4152MB hwm=4152MB
RSS_SAMPLE t=224.0s rss=4152MB hwm=4152MB
RSS_SAMPLE t=224.2s rss=4152MB hwm=4152MB
RSS_SAMPLE t=224.5s rss=4152MB hwm=4152MB
RSS_SAMPLE t=224.7s rss=4152MB hwm=4152MB
RSS_SAMPLE t=225.0s rss=4152MB hwm=4152MB
RSS_SAMPLE t=225.2s rss=4152MB hwm=4152MB
RSS_SAMPLE t=225.5s rss=4152MB hwm=4152MB
RSS_SAMPLE t=225.7s rss=4152MB hwm=4152MB
RSS_SAMPLE t=226.0s rss=4152MB hwm=4152MB
RSS_SAMPLE t=226.2s rss=4152MB hwm=4152MB
RSS_SAMPLE t=226.5s rss=4152MB hwm=4152MB
PHASE_MARK outer=2 leave=dcd_sweep rss=4152MB
PHASE_MARK outer=2 enter=post_refresh rss=4152MB
RSS_SAMPLE t=226.7s rss=4154MB hwm=4154MB
RSS_SAMPLE t=227.0s rss=4154MB hwm=4154MB
RSS_SAMPLE t=227.2s rss=4154MB hwm=4154MB
RSS_SAMPLE t=227.5s rss=4154MB hwm=4154MB
RSS_SAMPLE t=227.7s rss=4154MB hwm=4154MB
RSS_SAMPLE t=228.0s rss=4154MB hwm=4154MB
RSS_SAMPLE t=228.2s rss=4154MB hwm=4154MB
RSS_SAMPLE t=228.5s rss=4154MB hwm=4154MB
RSS_SAMPLE t=228.7s rss=4154MB hwm=4154MB
RSS_SAMPLE t=229.0s rss=4154MB hwm=4154MB
RSS_SAMPLE t=229.2s rss=4154MB hwm=4154MB
MEM_POOL: workspaces=32 dense_usage_mb=1251 n_pipes=2562403
    strata[outer=2]: carry slow_energy=2287581.5
    post_solve_diag[outer=2]: solves=52278 cap_armed=52278 (100.0%) settle_avg=192 above_sink_avg=16 (8.2%) settle_max=3128
    settle_hist[outer=2]: <100: 32269nets/6.8%work  <1k: 17296nets/56.2%work  <5k: 2713nets/37.0%work  <20k: 0nets/0.0%work  <60k: 0nets/0.0%work  >=60k: 0nets/0.0%work
    fanout_hist[outer=2]: fan1: 32603nets/40.2%work  fan2-4: 18596nets/53.8%work  fan5-16: 1079nets/6.0%work  fan17-64: 0nets/0.0%work  fan65-256: 0nets/0.0%work  fan>256: 0nets/0.0%work
    rss_probe[outer=2]: pre_post_solve=4154MB post_post_solve=4154MB after_apply=4154MB
MuxSlotTracker[sweep 2 LEAK]: populated_cells=65249, overflow_tiles=1, at_cap_tiles=1080, peak_excess=3, capacity_hist={16:67346}
RSS_SAMPLE t=229.5s rss=4155MB hwm=4155MB
    E_decomp: base=18868164.5 eff=413236342116989.3 cong=413236323248824.9 cong_share=100.0% sat_pipes=302284 max_util=1378.89  R_buckets: 1-2x=128618 2-10x=4832 10-100x=1604 >=100x=2427349
    E_potential: beckmann=48665029284000.2 history_total=0.0
    SpanCache: epoch=3 entries=3734 lookups=2562403 hits=2558669 misses=3734 hit_rate=99.9%
  DCD   2: nets=105117 line=17108316 energy=35499703232.736 dE=+29123593124.729 friction=11170480.7 bins=2.0x(1089) excess=379.3 moved=63511 disp=4.617 solves=52278 skip=105117 pops=10027325 theta=0.829 refresh=2803ms dcd=7256ms total=12537ms
    cache_stats: entries=46449230 capacity=80143955 est_mb=693 rss_mb=4155
RSS_SAMPLE t=229.7s rss=4155MB hwm=4155MB
RSS_SAMPLE t=230.0s rss=4155MB hwm=4155MB
RSS_SAMPLE t=230.2s rss=4155MB hwm=4155MB
RSS_SAMPLE t=230.5s rss=4155MB hwm=4155MB
RSS_SAMPLE t=230.7s rss=4155MB hwm=4155MB
RSS_SAMPLE t=231.0s rss=4155MB hwm=4155MB
RSS_SAMPLE t=231.2s rss=4155MB hwm=4155MB
RSS_SAMPLE t=231.5s rss=4155MB hwm=4155MB
RSS_SAMPLE t=231.7s rss=4155MB hwm=4155MB
RSS_SAMPLE t=232.0s rss=4155MB hwm=4155MB
    SwitchMatrix: type_usage_pairs=1488 lookups=4159 hits=2671 dijkstra_calls=1488 avg_us=13.0 total_ms=19.4
PHASE_MARK outer=3 enter=pre_solve rss=4155MB
    rss_probe[outer=3]: pre_refresh_rss=4155MB post_pre_solve_rss=4155MB cache_entries=46449230 cache_cap=80143955 cache_est_mb=693
    pre_solve_diag[outer=3]: solves=0 fallback=0 (0.0%) cap_armed=0 (0.0%) settle_avg=0 settle_max=0 init_count=254
    Overflow: over=268620 (10.5% of used) avg_excess=5.49 max_excess=3255.88 (nc=3279.88 cap=24 span=1)  excess_buckets: <=1=91124 1-5=107835 5-20=55510 >20=14151  by_cap: cap1=112769 cap2=98292 cap3-5=477 cap>5=57082  by_span: s1=3115 s2-3=6358 s4-6=28335 s7-12=112528 s>12=118284  le1_cross: cap1=54788 cap2-5=30925 cap>5=5411
    Congestion: pipes=2562403 used=2562403 congested(>50%)=589942 saturated(>90%)=302284 max_util=1378.89 avg_util=0.5262
PHASE_MARK outer=3 enter=dcd_sweep rss=4155MB
RSS_SAMPLE t=232.2s rss=4155MB hwm=4155MB
RSS_SAMPLE t=232.5s rss=4155MB hwm=4155MB
RSS_SAMPLE t=232.7s rss=4155MB hwm=4155MB
RSS_SAMPLE t=233.0s rss=4155MB hwm=4155MB
RSS_SAMPLE t=233.2s rss=4155MB hwm=4155MB
RSS_SAMPLE t=233.5s rss=4155MB hwm=4155MB
RSS_SAMPLE t=233.7s rss=4155MB hwm=4155MB
RSS_SAMPLE t=234.0s rss=4155MB hwm=4155MB
RSS_SAMPLE t=234.2s rss=4155MB hwm=4155MB
RSS_SAMPLE t=234.5s rss=4155MB hwm=4155MB
RSS_SAMPLE t=234.7s rss=4155MB hwm=4155MB
RSS_SAMPLE t=235.0s rss=4155MB hwm=4155MB
RSS_SAMPLE t=235.2s rss=4155MB hwm=4155MB
RSS_SAMPLE t=235.5s rss=4155MB hwm=4155MB
RSS_SAMPLE t=235.7s rss=4155MB hwm=4155MB
RSS_SAMPLE t=236.0s rss=4155MB hwm=4155MB
RSS_SAMPLE t=236.2s rss=4155MB hwm=4155MB
RSS_SAMPLE t=236.5s rss=4155MB hwm=4155MB
RSS_SAMPLE t=236.7s rss=4155MB hwm=4155MB
RSS_SAMPLE t=237.0s rss=4155MB hwm=4155MB
RSS_SAMPLE t=237.2s rss=4155MB hwm=4155MB
RSS_SAMPLE t=237.5s rss=4155MB hwm=4155MB
RSS_SAMPLE t=237.7s rss=4155MB hwm=4155MB
RSS_SAMPLE t=238.0s rss=4155MB hwm=4155MB
RSS_SAMPLE t=238.2s rss=4155MB hwm=4155MB
RSS_SAMPLE t=238.5s rss=4155MB hwm=4155MB
RSS_SAMPLE t=238.7s rss=4155MB hwm=4155MB
RSS_SAMPLE t=239.0s rss=4155MB hwm=4155MB
RSS_SAMPLE t=239.2s rss=4155MB hwm=4155MB
RSS_SAMPLE t=239.5s rss=4155MB hwm=4155MB
PHASE_MARK outer=3 leave=dcd_sweep rss=4155MB
PHASE_MARK outer=3 enter=post_refresh rss=4155MB
RSS_SAMPLE t=239.7s rss=4157MB hwm=4157MB
RSS_SAMPLE t=240.0s rss=4157MB hwm=4157MB
RSS_SAMPLE t=240.2s rss=4157MB hwm=4157MB
RSS_SAMPLE t=240.5s rss=4157MB hwm=4157MB
RSS_SAMPLE t=240.7s rss=4157MB hwm=4157MB
RSS_SAMPLE t=241.0s rss=4157MB hwm=4157MB
RSS_SAMPLE t=241.2s rss=4157MB hwm=4157MB
RSS_SAMPLE t=241.5s rss=4157MB hwm=4157MB
RSS_SAMPLE t=241.7s rss=4157MB hwm=4157MB
RSS_SAMPLE t=242.0s rss=4157MB hwm=4157MB
RSS_SAMPLE t=242.2s rss=4157MB hwm=4157MB
MEM_POOL: workspaces=32 dense_usage_mb=1251 n_pipes=2562403
RSS_SAMPLE t=242.5s rss=4222MB hwm=4222MB
RSS_SAMPLE t=242.7s rss=4239MB hwm=4239MB
RSS_SAMPLE t=243.0s rss=4249MB hwm=4249MB
RSS_SAMPLE t=243.2s rss=4256MB hwm=4256MB
RSS_SAMPLE t=243.5s rss=4262MB hwm=4262MB
RSS_SAMPLE t=243.7s rss=4265MB hwm=4265MB
RSS_SAMPLE t=244.0s rss=4268MB hwm=4268MB
RSS_SAMPLE t=244.2s rss=4268MB hwm=4268MB
RSS_SAMPLE t=244.5s rss=4269MB hwm=4269MB
RSS_SAMPLE t=244.7s rss=4272MB hwm=4272MB
RSS_SAMPLE t=245.0s rss=4274MB hwm=4274MB
RSS_SAMPLE t=245.2s rss=4281MB hwm=4281MB
RSS_SAMPLE t=245.5s rss=4282MB hwm=4282MB
RSS_SAMPLE t=245.7s rss=4284MB hwm=4284MB
RSS_SAMPLE t=246.0s rss=4285MB hwm=4285MB
RSS_SAMPLE t=246.2s rss=4289MB hwm=4289MB
RSS_SAMPLE t=246.5s rss=4289MB hwm=4289MB
RSS_SAMPLE t=246.7s rss=4289MB hwm=4289MB
RSS_SAMPLE t=247.0s rss=4290MB hwm=4290MB
RSS_SAMPLE t=247.2s rss=4290MB hwm=4290MB
RSS_SAMPLE t=247.5s rss=4290MB hwm=4290MB
RSS_SAMPLE t=247.7s rss=4291MB hwm=4291MB
RSS_SAMPLE t=248.0s rss=4292MB hwm=4292MB
RSS_SAMPLE t=248.2s rss=4293MB hwm=4293MB
RSS_SAMPLE t=248.5s rss=4293MB hwm=4293MB
RSS_SAMPLE t=248.7s rss=4294MB hwm=4294MB
RSS_SAMPLE t=249.0s rss=4294MB hwm=4294MB
RSS_SAMPLE t=249.2s rss=4295MB hwm=4295MB
RSS_SAMPLE t=249.5s rss=4295MB hwm=4295MB
RSS_SAMPLE t=249.7s rss=4296MB hwm=4296MB
RSS_SAMPLE t=250.0s rss=4297MB hwm=4297MB
RSS_SAMPLE t=250.2s rss=4297MB hwm=4297MB
RSS_SAMPLE t=250.5s rss=4297MB hwm=4297MB
RSS_SAMPLE t=250.7s rss=4297MB hwm=4297MB
RSS_SAMPLE t=251.0s rss=4298MB hwm=4298MB
RSS_SAMPLE t=251.2s rss=4302MB hwm=4302MB
RSS_SAMPLE t=251.5s rss=4302MB hwm=4302MB
RSS_SAMPLE t=251.7s rss=4302MB hwm=4302MB
RSS_SAMPLE t=252.0s rss=4303MB hwm=4303MB
RSS_SAMPLE t=252.2s rss=4303MB hwm=4303MB
RSS_SAMPLE t=252.5s rss=4303MB hwm=4303MB
RSS_SAMPLE t=252.7s rss=4303MB hwm=4303MB
RSS_SAMPLE t=253.0s rss=4304MB hwm=4304MB
RSS_SAMPLE t=253.2s rss=4305MB hwm=4305MB
RSS_SAMPLE t=253.5s rss=4305MB hwm=4305MB
RSS_SAMPLE t=253.7s rss=4305MB hwm=4305MB
RSS_SAMPLE t=254.0s rss=4305MB hwm=4305MB
RSS_SAMPLE t=254.2s rss=4306MB hwm=4306MB
RSS_SAMPLE t=254.5s rss=4306MB hwm=4306MB
RSS_SAMPLE t=254.7s rss=4306MB hwm=4306MB
RSS_SAMPLE t=255.0s rss=4307MB hwm=4307MB
RSS_SAMPLE t=255.2s rss=4307MB hwm=4307MB
RSS_SAMPLE t=255.5s rss=4307MB hwm=4307MB
RSS_SAMPLE t=255.7s rss=4307MB hwm=4307MB
RSS_SAMPLE t=256.0s rss=4312MB hwm=4312MB
RSS_SAMPLE t=256.2s rss=4312MB hwm=4312MB
RSS_SAMPLE t=256.5s rss=4312MB hwm=4312MB
RSS_SAMPLE t=256.7s rss=4312MB hwm=4312MB
RSS_SAMPLE t=257.0s rss=4312MB hwm=4312MB
RSS_SAMPLE t=257.2s rss=4312MB hwm=4312MB
RSS_SAMPLE t=257.5s rss=4312MB hwm=4312MB
RSS_SAMPLE t=257.7s rss=4312MB hwm=4312MB
RSS_SAMPLE t=258.0s rss=4312MB hwm=4312MB
RSS_SAMPLE t=258.2s rss=4312MB hwm=4312MB
RSS_SAMPLE t=258.5s rss=4312MB hwm=4312MB
RSS_SAMPLE t=258.7s rss=4312MB hwm=4312MB
RSS_SAMPLE t=259.0s rss=4312MB hwm=4312MB
RSS_SAMPLE t=259.2s rss=4312MB hwm=4312MB
RSS_SAMPLE t=259.5s rss=4312MB hwm=4312MB
RSS_SAMPLE t=259.7s rss=4312MB hwm=4312MB
RSS_SAMPLE t=260.0s rss=4312MB hwm=4312MB
RSS_SAMPLE t=260.2s rss=4312MB hwm=4312MB
RSS_SAMPLE t=260.5s rss=4312MB hwm=4312MB
RSS_SAMPLE t=260.7s rss=4312MB hwm=4312MB
RSS_SAMPLE t=261.0s rss=4312MB hwm=4312MB
RSS_SAMPLE t=261.2s rss=4312MB hwm=4312MB
RSS_SAMPLE t=261.5s rss=4312MB hwm=4312MB
RSS_SAMPLE t=261.7s rss=4312MB hwm=4312MB
RSS_SAMPLE t=262.0s rss=4313MB hwm=4313MB
RSS_SAMPLE t=262.2s rss=4313MB hwm=4313MB
RSS_SAMPLE t=262.5s rss=4313MB hwm=4313MB
RSS_SAMPLE t=262.7s rss=4313MB hwm=4313MB
RSS_SAMPLE t=263.0s rss=4313MB hwm=4313MB
RSS_SAMPLE t=263.3s rss=4313MB hwm=4313MB
RSS_SAMPLE t=263.5s rss=4313MB hwm=4313MB
RSS_SAMPLE t=263.8s rss=4313MB hwm=4313MB
RSS_SAMPLE t=264.0s rss=4314MB hwm=4314MB
RSS_SAMPLE t=264.3s rss=4314MB hwm=4314MB
RSS_SAMPLE t=264.5s rss=4314MB hwm=4314MB
RSS_SAMPLE t=264.8s rss=4314MB hwm=4314MB
RSS_SAMPLE t=265.0s rss=4314MB hwm=4314MB
RSS_SAMPLE t=265.3s rss=4314MB hwm=4314MB
RSS_SAMPLE t=265.5s rss=4315MB hwm=4315MB
RSS_SAMPLE t=265.8s rss=4315MB hwm=4315MB
RSS_SAMPLE t=266.0s rss=4315MB hwm=4315MB
RSS_SAMPLE t=266.3s rss=4315MB hwm=4315MB
RSS_SAMPLE t=266.5s rss=4315MB hwm=4315MB
RSS_SAMPLE t=266.8s rss=4315MB hwm=4315MB
RSS_SAMPLE t=267.0s rss=4315MB hwm=4315MB
RSS_SAMPLE t=267.3s rss=4315MB hwm=4315MB
RSS_SAMPLE t=267.5s rss=4315MB hwm=4315MB
RSS_SAMPLE t=267.8s rss=4315MB hwm=4315MB
RSS_SAMPLE t=268.0s rss=4315MB hwm=4315MB
RSS_SAMPLE t=268.3s rss=4315MB hwm=4315MB
RSS_SAMPLE t=268.5s rss=4315MB hwm=4315MB
RSS_SAMPLE t=268.8s rss=4315MB hwm=4315MB
RSS_SAMPLE t=269.0s rss=4315MB hwm=4315MB
RSS_SAMPLE t=269.3s rss=4315MB hwm=4315MB
RSS_SAMPLE t=269.5s rss=4315MB hwm=4315MB
RSS_SAMPLE t=269.8s rss=4315MB hwm=4315MB
RSS_SAMPLE t=270.0s rss=4315MB hwm=4315MB
RSS_SAMPLE t=270.3s rss=4315MB hwm=4315MB
RSS_SAMPLE t=270.5s rss=4315MB hwm=4315MB
RSS_SAMPLE t=270.8s rss=4315MB hwm=4315MB
RSS_SAMPLE t=271.0s rss=4316MB hwm=4316MB
RSS_SAMPLE t=271.3s rss=4316MB hwm=4316MB
RSS_SAMPLE t=271.5s rss=4316MB hwm=4316MB
RSS_SAMPLE t=271.8s rss=4316MB hwm=4316MB
RSS_SAMPLE t=272.0s rss=4316MB hwm=4316MB
RSS_SAMPLE t=272.3s rss=4316MB hwm=4316MB
RSS_SAMPLE t=272.5s rss=4316MB hwm=4316MB
RSS_SAMPLE t=272.8s rss=4316MB hwm=4316MB
RSS_SAMPLE t=273.0s rss=4316MB hwm=4316MB
RSS_SAMPLE t=273.3s rss=4316MB hwm=4316MB
RSS_SAMPLE t=273.5s rss=4316MB hwm=4316MB
RSS_SAMPLE t=273.8s rss=4316MB hwm=4316MB
RSS_SAMPLE t=274.0s rss=4316MB hwm=4316MB
RSS_SAMPLE t=274.3s rss=4316MB hwm=4316MB
RSS_SAMPLE t=274.5s rss=4316MB hwm=4316MB
RSS_SAMPLE t=274.8s rss=4316MB hwm=4316MB
RSS_SAMPLE t=275.0s rss=4316MB hwm=4316MB
RSS_SAMPLE t=275.3s rss=4316MB hwm=4316MB
RSS_SAMPLE t=275.5s rss=4317MB hwm=4317MB
RSS_SAMPLE t=275.8s rss=4317MB hwm=4317MB
RSS_SAMPLE t=276.0s rss=4317MB hwm=4317MB
RSS_SAMPLE t=276.3s rss=4317MB hwm=4317MB
RSS_SAMPLE t=276.5s rss=4317MB hwm=4317MB
RSS_SAMPLE t=276.8s rss=4317MB hwm=4317MB
RSS_SAMPLE t=277.0s rss=4317MB hwm=4317MB
RSS_SAMPLE t=277.3s rss=4317MB hwm=4317MB
RSS_SAMPLE t=277.5s rss=4317MB hwm=4317MB
RSS_SAMPLE t=277.8s rss=4317MB hwm=4317MB
RSS_SAMPLE t=278.0s rss=4317MB hwm=4317MB
RSS_SAMPLE t=278.3s rss=4317MB hwm=4317MB
RSS_SAMPLE t=278.5s rss=4317MB hwm=4317MB
RSS_SAMPLE t=278.8s rss=4317MB hwm=4317MB
RSS_SAMPLE t=279.0s rss=4317MB hwm=4317MB
RSS_SAMPLE t=279.3s rss=4317MB hwm=4317MB
RSS_SAMPLE t=279.5s rss=4317MB hwm=4317MB
RSS_SAMPLE t=279.8s rss=4317MB hwm=4317MB
RSS_SAMPLE t=280.0s rss=4317MB hwm=4317MB
RSS_SAMPLE t=280.3s rss=4317MB hwm=4317MB
RSS_SAMPLE t=280.5s rss=4317MB hwm=4317MB
RSS_SAMPLE t=280.8s rss=4317MB hwm=4317MB
RSS_SAMPLE t=281.0s rss=4317MB hwm=4317MB
RSS_SAMPLE t=281.3s rss=4317MB hwm=4317MB
RSS_SAMPLE t=281.5s rss=4317MB hwm=4317MB
RSS_SAMPLE t=281.8s rss=4317MB hwm=4317MB
RSS_SAMPLE t=282.0s rss=4317MB hwm=4317MB
RSS_SAMPLE t=282.3s rss=4317MB hwm=4317MB
RSS_SAMPLE t=282.5s rss=4317MB hwm=4317MB
RSS_SAMPLE t=282.8s rss=4317MB hwm=4317MB
RSS_SAMPLE t=283.0s rss=4317MB hwm=4317MB
RSS_SAMPLE t=283.3s rss=4317MB hwm=4317MB
RSS_SAMPLE t=283.5s rss=4317MB hwm=4317MB
RSS_SAMPLE t=283.8s rss=4317MB hwm=4317MB
RSS_SAMPLE t=284.0s rss=4317MB hwm=4317MB
RSS_SAMPLE t=284.3s rss=4317MB hwm=4317MB
RSS_SAMPLE t=284.5s rss=4317MB hwm=4317MB
RSS_SAMPLE t=284.8s rss=4317MB hwm=4317MB
RSS_SAMPLE t=285.0s rss=4317MB hwm=4317MB
RSS_SAMPLE t=285.3s rss=4318MB hwm=4318MB
RSS_SAMPLE t=285.5s rss=4318MB hwm=4318MB
RSS_SAMPLE t=285.8s rss=4318MB hwm=4318MB
RSS_SAMPLE t=286.0s rss=4318MB hwm=4318MB
RSS_SAMPLE t=286.3s rss=4318MB hwm=4318MB
RSS_SAMPLE t=286.5s rss=4318MB hwm=4318MB
RSS_SAMPLE t=286.8s rss=4318MB hwm=4318MB
RSS_SAMPLE t=287.0s rss=4318MB hwm=4318MB
RSS_SAMPLE t=287.3s rss=4318MB hwm=4318MB
RSS_SAMPLE t=287.5s rss=4318MB hwm=4318MB
RSS_SAMPLE t=287.8s rss=4318MB hwm=4318MB
RSS_SAMPLE t=288.0s rss=4318MB hwm=4318MB
RSS_SAMPLE t=288.3s rss=4318MB hwm=4318MB
RSS_SAMPLE t=288.5s rss=4318MB hwm=4318MB
RSS_SAMPLE t=288.8s rss=4318MB hwm=4318MB
RSS_SAMPLE t=289.0s rss=4318MB hwm=4318MB
RSS_SAMPLE t=289.3s rss=4318MB hwm=4318MB
RSS_SAMPLE t=289.5s rss=4318MB hwm=4318MB
RSS_SAMPLE t=289.8s rss=4318MB hwm=4318MB
RSS_SAMPLE t=290.0s rss=4318MB hwm=4318MB
RSS_SAMPLE t=290.3s rss=4318MB hwm=4318MB
RSS_SAMPLE t=290.5s rss=4318MB hwm=4318MB
RSS_SAMPLE t=290.8s rss=4318MB hwm=4318MB
RSS_SAMPLE t=291.0s rss=4318MB hwm=4318MB
RSS_SAMPLE t=291.3s rss=4318MB hwm=4318MB
RSS_SAMPLE t=291.5s rss=4318MB hwm=4318MB
RSS_SAMPLE t=291.8s rss=4318MB hwm=4318MB
RSS_SAMPLE t=292.0s rss=4318MB hwm=4318MB
RSS_SAMPLE t=292.3s rss=4318MB hwm=4318MB
RSS_SAMPLE t=292.5s rss=4318MB hwm=4318MB
RSS_SAMPLE t=292.8s rss=4318MB hwm=4318MB
RSS_SAMPLE t=293.0s rss=4318MB hwm=4318MB
RSS_SAMPLE t=293.3s rss=4318MB hwm=4318MB
RSS_SAMPLE t=293.5s rss=4318MB hwm=4318MB
RSS_SAMPLE t=293.8s rss=4318MB hwm=4318MB
RSS_SAMPLE t=294.0s rss=4318MB hwm=4318MB
RSS_SAMPLE t=294.3s rss=4318MB hwm=4318MB
MEM_POOL: workspaces=32 dense_usage_mb=1251 n_pipes=2562403
    strata[outer=3]: REFRESH slow=52813 fast=52304 slow_energy=30922136676.7
    post_solve_diag[outer=3]: solves=52304 cap_armed=52304 (100.0%) settle_avg=181 above_sink_avg=13 (7.2%) settle_max=3194
    settle_hist[outer=3]: <100: 33917nets/6.9%work  <1k: 15898nets/56.9%work  <5k: 2489nets/36.2%work  <20k: 0nets/0.0%work  <60k: 0nets/0.0%work  >=60k: 0nets/0.0%work
    fanout_hist[outer=3]: fan1: 32620nets/40.0%work  fan2-4: 18608nets/53.8%work  fan5-16: 1076nets/6.3%work  fan17-64: 0nets/0.0%work  fan65-256: 0nets/0.0%work  fan>256: 0nets/0.0%work
    rss_probe[outer=3]: pre_post_solve=4157MB post_post_solve=4318MB after_apply=4318MB
RSS_SAMPLE t=294.5s rss=4319MB hwm=4333MB
MuxSlotTracker[sweep 3 LEAK]: populated_cells=65701, overflow_tiles=1, at_cap_tiles=1092, peak_excess=3, capacity_hist={16:67346}
    E_decomp: base=14287111.6 eff=260818350079045.7 cong=260818335791934.1 cong_share=100.0% sat_pipes=208679 max_util=1069.69  R_buckets: 1-2x=127771 2-10x=4288 10-100x=2500 >=100x=2427844
    E_potential: beckmann=159686493862891.3 history_total=0.0
    SpanCache: epoch=4 entries=4159 lookups=2562403 hits=2558244 misses=4159 hit_rate=99.8%
  DCD   3: nets=105117 line=17136160 energy=92013396077.864 dE=+56513692845.128 friction=12554883.4 bins=2.0x(1052) excess=368.8 moved=62862 disp=3.752 solves=52304 skip=105117 pops=9457481 theta=1.509 refresh=55050ms dcd=7435ms total=65059ms
    cache_stats: entries=44085613 capacity=76710678 est_mb=663 rss_mb=4319
RSS_SAMPLE t=294.8s rss=4319MB hwm=4333MB
RSS_SAMPLE t=295.0s rss=4319MB hwm=4333MB
RSS_SAMPLE t=295.3s rss=4319MB hwm=4333MB
RSS_SAMPLE t=295.5s rss=4319MB hwm=4333MB
RSS_SAMPLE t=295.8s rss=4319MB hwm=4333MB
RSS_SAMPLE t=296.0s rss=4319MB hwm=4333MB
RSS_SAMPLE t=296.3s rss=4319MB hwm=4333MB
RSS_SAMPLE t=296.5s rss=4319MB hwm=4333MB
RSS_SAMPLE t=296.8s rss=4319MB hwm=4333MB
RSS_SAMPLE t=297.0s rss=4319MB hwm=4333MB
    SwitchMatrix: type_usage_pairs=1541 lookups=3649 hits=2108 dijkstra_calls=1541 avg_us=12.5 total_ms=19.2
PHASE_MARK outer=4 enter=pre_solve rss=4319MB
    rss_probe[outer=4]: pre_refresh_rss=4319MB post_pre_solve_rss=4319MB cache_entries=44085613 cache_cap=76710678 cache_est_mb=663
    pre_solve_diag[outer=4]: solves=0 fallback=0 (0.0%) cap_armed=0 (0.0%) settle_avg=0 settle_max=0 init_count=254
    Overflow: over=192438 (7.5% of used) avg_excess=8.86 max_excess=3917.46 (nc=3941.46 cap=24 span=1)  excess_buckets: <=1=56001 1-5=84932 5-20=40464 >20=11041  by_cap: cap1=58028 cap2=104559 cap3-5=154 cap>5=29697  by_span: s1=963 s2-3=8459 s4-6=15178 s7-12=107732 s>12=60106  le1_cross: cap1=30571 cap2-5=22224 cap>5=3206
    Congestion: pipes=2562403 used=2562403 congested(>50%)=331838 saturated(>90%)=208679 max_util=1069.69 avg_util=0.3946
PHASE_MARK outer=4 enter=dcd_sweep rss=4319MB
RSS_SAMPLE t=297.3s rss=4319MB hwm=4333MB
RSS_SAMPLE t=297.5s rss=4319MB hwm=4333MB
RSS_SAMPLE t=297.8s rss=4319MB hwm=4333MB
RSS_SAMPLE t=298.0s rss=4319MB hwm=4333MB
RSS_SAMPLE t=298.3s rss=4319MB hwm=4333MB
RSS_SAMPLE t=298.5s rss=4319MB hwm=4333MB
RSS_SAMPLE t=298.8s rss=4319MB hwm=4333MB
RSS_SAMPLE t=299.0s rss=4319MB hwm=4333MB
RSS_SAMPLE t=299.3s rss=4319MB hwm=4333MB
RSS_SAMPLE t=299.5s rss=4319MB hwm=4333MB
RSS_SAMPLE t=299.8s rss=4319MB hwm=4333MB
RSS_SAMPLE t=300.0s rss=4319MB hwm=4333MB
RSS_SAMPLE t=300.3s rss=4319MB hwm=4333MB
RSS_SAMPLE t=300.5s rss=4319MB hwm=4333MB
RSS_SAMPLE t=300.8s rss=4319MB hwm=4333MB
RSS_SAMPLE t=301.0s rss=4319MB hwm=4333MB
RSS_SAMPLE t=301.3s rss=4319MB hwm=4333MB
RSS_SAMPLE t=301.5s rss=4319MB hwm=4333MB
RSS_SAMPLE t=301.8s rss=4319MB hwm=4333MB
RSS_SAMPLE t=302.0s rss=4319MB hwm=4333MB
RSS_SAMPLE t=302.3s rss=4319MB hwm=4333MB
RSS_SAMPLE t=302.5s rss=4319MB hwm=4333MB
RSS_SAMPLE t=302.8s rss=4319MB hwm=4333MB
RSS_SAMPLE t=303.0s rss=4319MB hwm=4333MB
RSS_SAMPLE t=303.3s rss=4319MB hwm=4333MB
RSS_SAMPLE t=303.5s rss=4319MB hwm=4333MB
RSS_SAMPLE t=303.8s rss=4319MB hwm=4333MB
RSS_SAMPLE t=304.0s rss=4319MB hwm=4333MB
RSS_SAMPLE t=304.3s rss=4319MB hwm=4333MB
PHASE_MARK outer=4 leave=dcd_sweep rss=4319MB
PHASE_MARK outer=4 enter=post_refresh rss=4319MB
RSS_SAMPLE t=304.5s rss=4322MB hwm=4333MB
RSS_SAMPLE t=304.8s rss=4322MB hwm=4333MB
RSS_SAMPLE t=305.0s rss=4322MB hwm=4333MB
RSS_SAMPLE t=305.3s rss=4322MB hwm=4333MB
RSS_SAMPLE t=305.5s rss=4322MB hwm=4333MB
RSS_SAMPLE t=305.8s rss=4322MB hwm=4333MB
RSS_SAMPLE t=306.0s rss=4322MB hwm=4333MB
RSS_SAMPLE t=306.3s rss=4322MB hwm=4333MB
RSS_SAMPLE t=306.5s rss=4322MB hwm=4333MB
RSS_SAMPLE t=306.8s rss=4322MB hwm=4333MB
RSS_SAMPLE t=307.0s rss=4322MB hwm=4333MB
MEM_POOL: workspaces=32 dense_usage_mb=1251 n_pipes=2562403
    strata[outer=4]: carry slow_energy=30922136676.7
    post_solve_diag[outer=4]: solves=53509 cap_armed=53509 (100.0%) settle_avg=216 above_sink_avg=14 (6.4%) settle_max=3318
    settle_hist[outer=4]: <100: 32538nets/4.7%work  <1k: 17690nets/55.3%work  <5k: 3281nets/39.9%work  <20k: 0nets/0.0%work  <60k: 0nets/0.0%work  >=60k: 0nets/0.0%work
    fanout_hist[outer=4]: fan1: 33090nets/40.0%work  fan2-4: 19277nets/53.7%work  fan5-16: 1142nets/6.3%work  fan17-64: 0nets/0.0%work  fan65-256: 0nets/0.0%work  fan>256: 0nets/0.0%work
    rss_probe[outer=4]: pre_post_solve=4322MB post_post_solve=4322MB after_apply=4322MB
RSS_SAMPLE t=307.3s rss=4323MB hwm=4333MB
    E_decomp: base=12008665.3 eff=1042753139781452.4 cong=1042753127772787.1 cong_share=100.0% sat_pipes=127058 max_util=1309.03  R_buckets: 1-2x=80061 2-10x=27578 10-100x=17948 >=100x=2436816
    E_potential: beckmann=553696280236096.7 history_total=0.0
    SpanCache: epoch=5 entries=3649 lookups=2562403 hits=2558754 misses=3649 hit_rate=99.9%
  DCD   4: nets=105117 line=16920806 energy=64979285137.757 dE=-27034110940.107 friction=19190396.9 bins=2.0x(892) excess=364.2 moved=66062 disp=11.296 solves=53509 skip=105117 pops=11558435 theta=2.746 refresh=2852ms dcd=7288ms total=12682ms
    cache_stats: entries=44570526 capacity=76829417 est_mb=664 rss_mb=4323
RSS_SAMPLE t=307.5s rss=4323MB hwm=4333MB
RSS_SAMPLE t=307.8s rss=4323MB hwm=4333MB
RSS_SAMPLE t=308.0s rss=4323MB hwm=4333MB
RSS_SAMPLE t=308.3s rss=4323MB hwm=4333MB
RSS_SAMPLE t=308.5s rss=4323MB hwm=4333MB
RSS_SAMPLE t=308.8s rss=4323MB hwm=4333MB
RSS_SAMPLE t=309.0s rss=4323MB hwm=4333MB
RSS_SAMPLE t=309.3s rss=4323MB hwm=4333MB
RSS_SAMPLE t=309.5s rss=4323MB hwm=4333MB
    SwitchMatrix: type_usage_pairs=1501 lookups=3269 hits=1768 dijkstra_calls=1501 avg_us=11.6 total_ms=17.3
PHASE_MARK outer=5 enter=pre_solve rss=4323MB
    rss_probe[outer=5]: pre_refresh_rss=4323MB post_pre_solve_rss=4323MB cache_entries=44570526 cache_cap=76829417 cache_est_mb=664
    pre_solve_diag[outer=5]: solves=0 fallback=0 (0.0%) cap_armed=0 (0.0%) settle_avg=0 settle_max=0 init_count=242
    Overflow: over=117274 (4.6% of used) avg_excess=19.34 max_excess=3926.79 (nc=3950.79 cap=24 span=1)  excess_buckets: <=1=31020 1-5=26994 5-20=42783 >20=16477  by_cap: cap1=27480 cap2=75499 cap3-5=34 cap>5=14261  by_span: s1=606 s2-3=9520 s4-6=4259 s7-12=75058 s>12=27831  le1_cross: cap1=20063 cap2-5=9644 cap>5=1313
    Congestion: pipes=2562403 used=2562403 congested(>50%)=206344 saturated(>90%)=127058 max_util=1309.03 avg_util=0.3299
PHASE_MARK outer=5 enter=dcd_sweep rss=4323MB
RSS_SAMPLE t=309.8s rss=4323MB hwm=4333MB
RSS_SAMPLE t=310.0s rss=4323MB hwm=4333MB
RSS_SAMPLE t=310.3s rss=4323MB hwm=4333MB
RSS_SAMPLE t=310.5s rss=4323MB hwm=4333MB
RSS_SAMPLE t=310.8s rss=4323MB hwm=4333MB
RSS_SAMPLE t=311.0s rss=4323MB hwm=4333MB
RSS_SAMPLE t=311.3s rss=4323MB hwm=4333MB
RSS_SAMPLE t=311.5s rss=4323MB hwm=4333MB
RSS_SAMPLE t=311.8s rss=4323MB hwm=4333MB
RSS_SAMPLE t=312.0s rss=4323MB hwm=4333MB
RSS_SAMPLE t=312.3s rss=4323MB hwm=4333MB
RSS_SAMPLE t=312.5s rss=4323MB hwm=4333MB
RSS_SAMPLE t=312.8s rss=4323MB hwm=4333MB
RSS_SAMPLE t=313.0s rss=4323MB hwm=4333MB
RSS_SAMPLE t=313.3s rss=4323MB hwm=4333MB
RSS_SAMPLE t=313.5s rss=4323MB hwm=4333MB
RSS_SAMPLE t=313.8s rss=4323MB hwm=4333MB
RSS_SAMPLE t=314.0s rss=4323MB hwm=4333MB
RSS_SAMPLE t=314.3s rss=4323MB hwm=4333MB
RSS_SAMPLE t=314.5s rss=4323MB hwm=4333MB
RSS_SAMPLE t=314.8s rss=4323MB hwm=4333MB
RSS_SAMPLE t=315.0s rss=4323MB hwm=4333MB
RSS_SAMPLE t=315.3s rss=4323MB hwm=4333MB
RSS_SAMPLE t=315.5s rss=4323MB hwm=4333MB
RSS_SAMPLE t=315.8s rss=4323MB hwm=4333MB
RSS_SAMPLE t=316.0s rss=4323MB hwm=4333MB
RSS_SAMPLE t=316.3s rss=4323MB hwm=4333MB
RSS_SAMPLE t=316.5s rss=4323MB hwm=4333MB
RSS_SAMPLE t=316.8s rss=4323MB hwm=4333MB
RSS_SAMPLE t=317.0s rss=4323MB hwm=4333MB
PHASE_MARK outer=5 leave=dcd_sweep rss=4323MB
PHASE_MARK outer=5 enter=post_refresh rss=4323MB
RSS_SAMPLE t=317.3s rss=4323MB hwm=4333MB
RSS_SAMPLE t=317.5s rss=4323MB hwm=4333MB
RSS_SAMPLE t=317.8s rss=4323MB hwm=4333MB
RSS_SAMPLE t=318.0s rss=4323MB hwm=4333MB
RSS_SAMPLE t=318.3s rss=4323MB hwm=4333MB
RSS_SAMPLE t=318.5s rss=4323MB hwm=4333MB
RSS_SAMPLE t=318.8s rss=4323MB hwm=4333MB
RSS_SAMPLE t=319.0s rss=4323MB hwm=4333MB
RSS_SAMPLE t=319.3s rss=4323MB hwm=4333MB
RSS_SAMPLE t=319.5s rss=4323MB hwm=4333MB
MEM_POOL: workspaces=32 dense_usage_mb=1251 n_pipes=2562403
    strata[outer=5]: carry slow_energy=30922136676.7
    post_solve_diag[outer=5]: solves=53639 cap_armed=53639 (100.0%) settle_avg=196 above_sink_avg=10 (5.3%) settle_max=3310
    settle_hist[outer=5]: <100: 34731nets/4.9%work  <1k: 16058nets/57.5%work  <5k: 2850nets/37.6%work  <20k: 0nets/0.0%work  <60k: 0nets/0.0%work  >=60k: 0nets/0.0%work
    fanout_hist[outer=5]: fan1: 33114nets/39.2%work  fan2-4: 19364nets/54.3%work  fan5-16: 1161nets/6.5%work  fan17-64: 0nets/0.0%work  fan65-256: 0nets/0.0%work  fan>256: 0nets/0.0%work
    rss_probe[outer=5]: pre_post_solve=4323MB post_post_solve=4323MB after_apply=4323MB
RSS_SAMPLE t=319.8s rss=4324MB hwm=4333MB
    E_decomp: base=10821191.3 eff=3084832564268324.5 cong=3084832553447133.0 cong_share=100.0% sat_pipes=87847 max_util=1428.69  R_buckets: 1-2x=71520 2-10x=11595 10-100x=33534 >=100x=2445754
    E_potential: beckmann=947104276442153.1 history_total=0.0
    SpanCache: epoch=6 entries=3269 lookups=2562403 hits=2559134 misses=3269 hit_rate=99.9%
  DCD   5: nets=105117 line=16822103 energy=73802740617.229 dE=+8823455479.472 friction=23798795.5 bins=2.0x(903) excess=340.4 moved=65953 disp=4.417 solves=53639 skip=105117 pops=10488498 theta=5.000 refresh=2693ms dcd=7324ms total=12484ms
    cache_stats: entries=43815601 capacity=76018956 est_mb=657 rss_mb=4324
DCD done: energy=73802740617.229 line=16822103 friction=23798795.5 bins=2.0x(903) excess=340.4
MuxSlotTracker: 43178 commit rejections over entire DCD
MuxSlotTracker[post-DCD]: populated_cells=67197, overflow_tiles=0, at_cap_tiles=674, peak_excess=0, capacity_hist={16:67346}
Pre-legalization: HPWL=13356727
  type DFF: 302 valid columns, 1077536 total BELs
  type LUT6: 302 valid columns, 538768 total BELs
TypeAwarePlacement: 2 cell types
RSS_SAMPLE t=320.0s rss=2428MB hwm=4333MB
RSS_SAMPLE t=320.3s rss=2482MB hwm=4333MB
RSS_SAMPLE t=320.5s rss=2482MB hwm=4333MB
RSS_SAMPLE t=320.8s rss=2482MB hwm=4333MB
RSS_SAMPLE t=321.0s rss=2482MB hwm=4333MB
RSS_SAMPLE t=321.3s rss=2482MB hwm=4333MB
RSS_SAMPLE t=321.5s rss=2482MB hwm=4333MB
RSS_SAMPLE t=321.8s rss=2482MB hwm=4333MB
RSS_SAMPLE t=322.0s rss=2482MB hwm=4333MB
RSS_SAMPLE t=322.3s rss=2482MB hwm=4333MB
RSS_SAMPLE t=322.5s rss=2482MB hwm=4333MB
RSS_SAMPLE t=322.8s rss=2482MB hwm=4333MB
RSS_SAMPLE t=323.0s rss=2482MB hwm=4333MB
RSS_SAMPLE t=323.3s rss=2482MB hwm=4333MB
RSS_SAMPLE t=323.5s rss=2482MB hwm=4333MB
RSS_SAMPLE t=323.8s rss=2482MB hwm=4333MB
RSS_SAMPLE t=324.0s rss=2482MB hwm=4333MB
RSS_SAMPLE t=324.3s rss=2482MB hwm=4333MB
RSS_SAMPLE t=324.5s rss=2482MB hwm=4333MB
RSS_SAMPLE t=324.8s rss=2482MB hwm=4333MB
  SortedLegalizer: cluster_rejects=438713 shared_mux_rejects=16234649 arch_validity_rejects=0
RSS_SAMPLE t=325.0s rss=2443MB hwm=4333MB
Post-legalization: HPWL=13110520, line=16763619
Per-net HPWL: 105118 nets, total=13110520
  #0: hpwl=531 fanout=93000 (0.0%)
  #1: hpwl=528 fanout=12 (0.0%)
  #2: hpwl=526 fanout=13 (0.0%)
  #3: hpwl=526 fanout=9 (0.0%)
  #4: hpwl=526 fanout=23 (0.0%)
  #5: hpwl=524 fanout=5 (0.0%)
  #6: hpwl=523 fanout=6 (0.0%)
  #7: hpwl=523 fanout=3 (0.0%)
  #8: hpwl=523 fanout=17 (0.0%)
  #9: hpwl=523 fanout=10 (0.0%)
  50% of HPWL from top 16697 nets (of 105118)
