Running scope as unit: run-rda3bab2476da4718959ac7ee6f2a80d7.scope
chipdb: /home/kelvin/side-project/eisenjoch/chip_database/xc7_large.bin
design: /home/kelvin/side-project/eisenjoch/benchmark/ispd/generated/2016/FPGA01/FPGA01.json
RSS_SAMPLE t=0.0s rss=4MB hwm=4MB
RSS_SAMPLE t=0.3s rss=454MB hwm=454MB
RSS_SAMPLE t=0.5s rss=719MB hwm=719MB
RSS_SAMPLE t=0.8s rss=821MB hwm=821MB
RSS_SAMPLE t=1.0s rss=819MB hwm=824MB
RSS_SAMPLE t=1.3s rss=819MB hwm=824MB
RSS_SAMPLE t=1.5s rss=820MB hwm=824MB
cfg: max_outer_iters=3 blend_alpha=0.5 hardening_step=0 graph_model=TwoLevelPip
RSS_SAMPLE t=1.8s rss=820MB hwm=824MB
  topological compress: density=0.60 target_tiles=15971 final_tiles=15777 scale=1.851 center=(205.1,111.0)
  topological init: n_movable=76660, n_edges=229053, max_layer=26775, back_edges=54022, n_anchored=0
RSS_SAMPLE t=2.0s rss=820MB hwm=824MB
RSS_SAMPLE t=2.3s rss=820MB hwm=824MB
RSS_SAMPLE t=2.5s rss=820MB hwm=824MB
RSS_SAMPLE t=2.8s rss=820MB hwm=824MB
RSS_SAMPLE t=3.0s rss=820MB hwm=824MB
RSS_SAMPLE t=3.3s rss=820MB hwm=824MB
RSS_SAMPLE t=3.5s rss=820MB hwm=824MB
RSS_SAMPLE t=3.8s rss=820MB hwm=824MB
RSS_SAMPLE t=4.0s rss=820MB hwm=824MB
RSS_SAMPLE t=4.3s rss=820MB hwm=824MB
RSS_SAMPLE t=4.5s rss=820MB hwm=824MB
RSS_SAMPLE t=4.8s rss=820MB hwm=824MB
RSS_SAMPLE t=5.0s rss=820MB hwm=824MB
RSS_SAMPLE t=5.3s rss=820MB hwm=824MB
RSS_SAMPLE t=5.5s rss=820MB hwm=824MB
RSS_SAMPLE t=5.8s rss=820MB hwm=824MB
RSS_SAMPLE t=6.0s rss=820MB hwm=824MB
RSS_SAMPLE t=6.3s rss=820MB hwm=824MB
RSS_SAMPLE t=6.5s rss=820MB hwm=824MB
RSS_SAMPLE t=6.8s rss=820MB hwm=824MB
RSS_SAMPLE t=7.0s rss=820MB hwm=824MB
RSS_SAMPLE t=7.3s rss=820MB hwm=824MB
RSS_SAMPLE t=7.5s rss=820MB hwm=824MB
RSS_SAMPLE t=7.8s rss=820MB hwm=824MB
RSS_SAMPLE t=8.0s rss=820MB hwm=824MB
RSS_SAMPLE t=8.3s rss=820MB hwm=824MB
RSS_SAMPLE t=8.5s rss=820MB hwm=824MB
RSS_SAMPLE t=8.8s rss=820MB hwm=824MB
RSS_SAMPLE t=9.0s rss=820MB hwm=824MB
RSS_SAMPLE t=9.3s rss=820MB hwm=824MB
RSS_SAMPLE t=9.5s rss=820MB hwm=824MB
RSS_SAMPLE t=9.8s rss=820MB hwm=824MB
RSS_SAMPLE t=10.0s rss=820MB hwm=824MB
RSS_SAMPLE t=10.3s rss=820MB hwm=824MB
RSS_SAMPLE t=10.5s rss=820MB hwm=824MB
RSS_SAMPLE t=10.8s rss=820MB hwm=824MB
RSS_SAMPLE t=11.0s rss=820MB hwm=824MB
RSS_SAMPLE t=11.3s rss=820MB hwm=824MB
RSS_SAMPLE t=11.5s rss=820MB hwm=824MB
RSS_SAMPLE t=11.8s rss=820MB hwm=824MB
RSS_SAMPLE t=12.0s rss=820MB hwm=824MB
RSS_SAMPLE t=12.3s rss=820MB hwm=824MB
RSS_SAMPLE t=12.5s rss=820MB hwm=824MB
RSS_SAMPLE t=12.8s rss=820MB hwm=824MB
RSS_SAMPLE t=13.0s rss=820MB hwm=824MB
RSS_SAMPLE t=13.3s rss=820MB hwm=824MB
RSS_SAMPLE t=13.5s rss=820MB hwm=824MB
RSS_SAMPLE t=13.8s rss=820MB hwm=824MB
RSS_SAMPLE t=14.0s rss=820MB hwm=824MB
RSS_SAMPLE t=14.3s rss=820MB hwm=824MB
RSS_SAMPLE t=14.5s rss=820MB hwm=824MB
RSS_SAMPLE t=14.8s rss=820MB hwm=824MB
RSS_SAMPLE t=15.0s rss=820MB hwm=824MB
RSS_SAMPLE t=15.3s rss=820MB hwm=824MB
RSS_SAMPLE t=15.5s rss=820MB hwm=824MB
RSS_SAMPLE t=15.8s rss=820MB hwm=824MB
RSS_SAMPLE t=16.0s rss=820MB hwm=824MB
RSS_SAMPLE t=16.3s rss=820MB hwm=824MB
RSS_SAMPLE t=16.5s rss=820MB hwm=824MB
RSS_SAMPLE t=16.8s rss=820MB hwm=824MB
RSS_SAMPLE t=17.0s rss=820MB hwm=824MB
RSS_SAMPLE t=17.3s rss=820MB hwm=824MB
RSS_SAMPLE t=17.5s rss=820MB hwm=824MB
RSS_SAMPLE t=17.8s rss=820MB hwm=824MB
RSS_SAMPLE t=18.0s rss=820MB hwm=824MB
RSS_SAMPLE t=18.3s rss=820MB hwm=824MB
RSS_SAMPLE t=18.5s rss=820MB hwm=824MB
RSS_SAMPLE t=18.8s rss=820MB hwm=824MB
RSS_SAMPLE t=19.0s rss=820MB hwm=824MB
RSS_SAMPLE t=19.3s rss=820MB hwm=824MB
RSS_SAMPLE t=19.5s rss=820MB hwm=824MB
RSS_SAMPLE t=19.8s rss=820MB hwm=824MB
RSS_SAMPLE t=20.0s rss=820MB hwm=824MB
RSS_SAMPLE t=20.3s rss=820MB hwm=824MB
RSS_SAMPLE t=20.5s rss=820MB hwm=824MB
RSS_SAMPLE t=20.8s rss=820MB hwm=824MB
RSS_SAMPLE t=21.0s rss=820MB hwm=824MB
RSS_SAMPLE t=21.3s rss=820MB hwm=824MB
RSS_SAMPLE t=21.5s rss=820MB hwm=824MB
RSS_SAMPLE t=21.8s rss=820MB hwm=824MB
RSS_SAMPLE t=22.0s rss=820MB hwm=824MB
RSS_SAMPLE t=22.3s rss=820MB hwm=824MB
RSS_SAMPLE t=22.5s rss=820MB hwm=824MB
RSS_SAMPLE t=22.8s rss=820MB hwm=824MB
RSS_SAMPLE t=23.0s rss=820MB hwm=824MB
RSS_SAMPLE t=23.3s rss=820MB hwm=824MB
RSS_SAMPLE t=23.5s rss=820MB hwm=824MB
RSS_SAMPLE t=23.8s rss=820MB hwm=824MB
RSS_SAMPLE t=24.0s rss=820MB hwm=824MB
RSS_SAMPLE t=24.3s rss=820MB hwm=824MB
RSS_SAMPLE t=24.5s rss=820MB hwm=824MB
RSS_SAMPLE t=24.8s rss=820MB hwm=824MB
RSS_SAMPLE t=25.0s rss=820MB hwm=824MB
RSS_SAMPLE t=25.3s rss=820MB hwm=824MB
RSS_SAMPLE t=25.5s rss=820MB hwm=824MB
RSS_SAMPLE t=25.8s rss=820MB hwm=824MB
RSS_SAMPLE t=26.0s rss=820MB hwm=824MB
RSS_SAMPLE t=26.3s rss=820MB hwm=824MB
RSS_SAMPLE t=26.5s rss=820MB hwm=824MB
RSS_SAMPLE t=26.8s rss=820MB hwm=824MB
RSS_SAMPLE t=27.0s rss=820MB hwm=824MB
RSS_SAMPLE t=27.3s rss=820MB hwm=824MB
RSS_SAMPLE t=27.5s rss=820MB hwm=824MB
RSS_SAMPLE t=27.8s rss=820MB hwm=824MB
RSS_SAMPLE t=28.0s rss=820MB hwm=824MB
RSS_SAMPLE t=28.3s rss=820MB hwm=824MB
RSS_SAMPLE t=28.5s rss=820MB hwm=824MB
RSS_SAMPLE t=28.8s rss=820MB hwm=824MB
RSS_SAMPLE t=29.0s rss=820MB hwm=824MB
RSS_SAMPLE t=29.3s rss=820MB hwm=824MB
RSS_SAMPLE t=29.5s rss=820MB hwm=824MB
RSS_SAMPLE t=29.8s rss=820MB hwm=824MB
RSS_SAMPLE t=30.0s rss=820MB hwm=824MB
RSS_SAMPLE t=30.3s rss=820MB hwm=824MB
RSS_SAMPLE t=30.5s rss=820MB hwm=824MB
RSS_SAMPLE t=30.8s rss=820MB hwm=824MB
RSS_SAMPLE t=31.0s rss=820MB hwm=824MB
RSS_SAMPLE t=31.3s rss=820MB hwm=824MB
RSS_SAMPLE t=31.5s rss=820MB hwm=824MB
RSS_SAMPLE t=31.8s rss=820MB hwm=824MB
RSS_SAMPLE t=32.0s rss=820MB hwm=824MB
RSS_SAMPLE t=32.3s rss=820MB hwm=824MB
RSS_SAMPLE t=32.5s rss=820MB hwm=824MB
RSS_SAMPLE t=32.8s rss=820MB hwm=824MB
RSS_SAMPLE t=33.0s rss=820MB hwm=824MB
RSS_SAMPLE t=33.3s rss=820MB hwm=824MB
RSS_SAMPLE t=33.5s rss=820MB hwm=824MB
RSS_SAMPLE t=33.8s rss=820MB hwm=824MB
RSS_SAMPLE t=34.0s rss=820MB hwm=824MB
RSS_SAMPLE t=34.3s rss=820MB hwm=824MB
RSS_SAMPLE t=34.5s rss=820MB hwm=824MB
RSS_SAMPLE t=34.8s rss=820MB hwm=824MB
RSS_SAMPLE t=35.0s rss=820MB hwm=824MB
RSS_SAMPLE t=35.3s rss=820MB hwm=824MB
RSS_SAMPLE t=35.5s rss=820MB hwm=824MB
RSS_SAMPLE t=35.8s rss=820MB hwm=824MB
RSS_SAMPLE t=36.0s rss=820MB hwm=824MB
RSS_SAMPLE t=36.3s rss=820MB hwm=824MB
RSS_SAMPLE t=36.5s rss=820MB hwm=824MB
RSS_SAMPLE t=36.8s rss=820MB hwm=824MB
RSS_SAMPLE t=37.0s rss=820MB hwm=824MB
RSS_SAMPLE t=37.3s rss=820MB hwm=824MB
RSS_SAMPLE t=37.5s rss=820MB hwm=824MB
RSS_SAMPLE t=37.8s rss=820MB hwm=824MB
RSS_SAMPLE t=38.0s rss=820MB hwm=824MB
RSS_SAMPLE t=38.3s rss=820MB hwm=824MB
RSS_SAMPLE t=38.5s rss=820MB hwm=824MB
RSS_SAMPLE t=38.8s rss=820MB hwm=824MB
RSS_SAMPLE t=39.0s rss=820MB hwm=824MB
RSS_SAMPLE t=39.3s rss=820MB hwm=824MB
RSS_SAMPLE t=39.5s rss=820MB hwm=824MB
RSS_SAMPLE t=39.8s rss=820MB hwm=824MB
RSS_SAMPLE t=40.0s rss=820MB hwm=824MB
RSS_SAMPLE t=40.3s rss=820MB hwm=824MB
RSS_SAMPLE t=40.5s rss=820MB hwm=824MB
RSS_SAMPLE t=40.8s rss=820MB hwm=824MB
RSS_SAMPLE t=41.0s rss=820MB hwm=824MB
RSS_SAMPLE t=41.3s rss=820MB hwm=824MB
RSS_SAMPLE t=41.5s rss=820MB hwm=824MB
RSS_SAMPLE t=41.8s rss=820MB hwm=824MB
RSS_SAMPLE t=42.0s rss=820MB hwm=824MB
RSS_SAMPLE t=42.3s rss=820MB hwm=824MB
RSS_SAMPLE t=42.5s rss=820MB hwm=824MB
RSS_SAMPLE t=42.8s rss=820MB hwm=824MB
RSS_SAMPLE t=43.0s rss=820MB hwm=824MB
RSS_SAMPLE t=43.3s rss=820MB hwm=824MB
RSS_SAMPLE t=43.5s rss=820MB hwm=824MB
RSS_SAMPLE t=43.8s rss=820MB hwm=824MB
RSS_SAMPLE t=44.0s rss=820MB hwm=824MB
RSS_SAMPLE t=44.3s rss=820MB hwm=824MB
RSS_SAMPLE t=44.5s rss=820MB hwm=824MB
RSS_SAMPLE t=44.8s rss=820MB hwm=824MB
RSS_SAMPLE t=45.0s rss=820MB hwm=824MB
RSS_SAMPLE t=45.3s rss=820MB hwm=824MB
RSS_SAMPLE t=45.5s rss=820MB hwm=824MB
RSS_SAMPLE t=45.8s rss=820MB hwm=824MB
RSS_SAMPLE t=46.0s rss=820MB hwm=824MB
RSS_SAMPLE t=46.3s rss=820MB hwm=824MB
RSS_SAMPLE t=46.5s rss=820MB hwm=824MB
RSS_SAMPLE t=46.8s rss=820MB hwm=824MB
RSS_SAMPLE t=47.0s rss=820MB hwm=824MB
RSS_SAMPLE t=47.3s rss=820MB hwm=824MB
RSS_SAMPLE t=47.5s rss=820MB hwm=824MB
RSS_SAMPLE t=47.8s rss=820MB hwm=824MB
RSS_SAMPLE t=48.0s rss=820MB hwm=824MB
RSS_SAMPLE t=48.3s rss=820MB hwm=824MB
RSS_SAMPLE t=48.5s rss=820MB hwm=824MB
RSS_SAMPLE t=48.8s rss=820MB hwm=824MB
RSS_SAMPLE t=49.0s rss=820MB hwm=824MB
RSS_SAMPLE t=49.3s rss=820MB hwm=824MB
RSS_SAMPLE t=49.5s rss=820MB hwm=824MB
RSS_SAMPLE t=49.8s rss=820MB hwm=824MB
RSS_SAMPLE t=50.0s rss=820MB hwm=824MB
RSS_SAMPLE t=50.3s rss=820MB hwm=824MB
RSS_SAMPLE t=50.5s rss=820MB hwm=824MB
RSS_SAMPLE t=50.8s rss=820MB hwm=824MB
RSS_SAMPLE t=51.0s rss=820MB hwm=824MB
RSS_SAMPLE t=51.3s rss=820MB hwm=824MB
RSS_SAMPLE t=51.5s rss=820MB hwm=824MB
RSS_SAMPLE t=51.8s rss=820MB hwm=824MB
RSS_SAMPLE t=52.0s rss=820MB hwm=824MB
RSS_SAMPLE t=52.3s rss=820MB hwm=824MB
RSS_SAMPLE t=52.5s rss=820MB hwm=824MB
RSS_SAMPLE t=52.8s rss=820MB hwm=824MB
RSS_SAMPLE t=53.0s rss=820MB hwm=824MB
RSS_SAMPLE t=53.3s rss=820MB hwm=824MB
RSS_SAMPLE t=53.5s rss=857MB hwm=857MB
RSS_SAMPLE t=53.8s rss=900MB hwm=900MB
RSS_SAMPLE t=54.0s rss=933MB hwm=933MB
RSS_SAMPLE t=54.3s rss=933MB hwm=933MB
RSS_SAMPLE t=54.5s rss=933MB hwm=933MB
RSS_SAMPLE t=54.8s rss=934MB hwm=934MB
RSS_SAMPLE t=55.0s rss=934MB hwm=934MB
RSS_SAMPLE t=55.3s rss=934MB hwm=934MB
  Skipped truly-null coarse cells: 0 (of 69353 total); pruned pipes: src_null=0 dst_null=0
  Pipe capacity by span:
    span=  1: 138172 pipes, cap min=1 avg=134.5 max=432
    span=  2: 136455 pipes, cap min=2 avg=50.7 max=118
    span=  3: 135619 pipes, cap min=2 avg=26.1 max=52
    span=  4: 136319 pipes, cap min=2 avg=22.7 max=140
    span=  5: 135918 pipes, cap min=2 avg=66.1 max=124
    span=  6: 201217 pipes, cap min=2 avg=15.2 max=28
    span=  7: 200933 pipes, cap min=1 avg=7.3 max=20
    span=  8: 132748 pipes, cap min=2 avg=6.0 max=10
    span=  9: 130848 pipes, cap min=2 avg=6.0 max=10
    span= 10: 131090 pipes, cap min=2 avg=2.2 max=31
    span= 11: 129628 pipes, cap min=2 avg=2.0 max=4
    span= 12: 129018 pipes, cap min=2 avg=2.0 max=4
    span= 13: 128408 pipes, cap min=1 avg=1.5 max=4
    span= 14: 127798 pipes, cap min=1 avg=1.0 max=2
    span= 15: 127188 pipes, cap min=1 avg=1.0 max=2
    span= 16: 126578 pipes, cap min=1 avg=1.0 max=2
    span= 17: 125968 pipes, cap min=1 avg=1.0 max=2
    span= 18: 125358 pipes, cap min=1 avg=1.0 max=2
    span= 19: 63140 pipes, cap min=1 avg=1.0 max=2
  Thin span-1 pipes (cap<=2): 222 total, by tile-type pair (top 20):
    NULL <-> NULL: 220
    CLK_BUFG <-> NULL: 2
  Pipe cost: span^0.50 model (r1=1), span-1=1.000, span-12=3.464, 2×span-6=4.899, 12×span-1=12.000
RSS_SAMPLE t=55.5s rss=934MB hwm=934MB
  topological compress: density=0.60 target_tiles=15971 final_tiles=15777 scale=1.851 center=(205.1,111.0)
  topological init: n_movable=76660, n_edges=229053, max_layer=26775, back_edges=54022, n_anchored=0
  type DFF: 302 valid columns, 1077536 total BELs
  type LUT6: 302 valid columns, 538768 total BELs
TypeAwarePlacement: 2 cell types
Coordinate descent mode: 76660 cells, scale 1.00
CellValidityMask: 76660 cells, 311x223 grid, 2 bucket masks, per-cell valid positions: min=67346 avg=67346.0 max=67346, unmapped cells=0
RSS_SAMPLE t=55.8s rss=1031MB hwm=1031MB
MuxSlotTracker: 76660 cells (76660 with external fanout), 67346 tiles, total_cap=1077536, active_buckets=[DFF,LUT6], built in 67.9ms
MuxSlotTracker[post-seed]: populated_cells=27114, overflow_tiles=518, at_cap_tiles=50, peak_excess=41, capacity_hist={16:67346}
DCD placer: 76660 cells, 69353 nodes, outer_iters=3, dcd_iters_per_cell=8, graph_model=TwoLevelPip
MEM_STATIC: pipes=352MB nodes=1MB adjacency=78MB pipe_cost_vecs=59MB validity_mask=0MB n_pipes=2562403 n_edges=5124806 rss=1038MB
Softmin position update: enabled, theta 0.250 -> 5.000 (anneal over 3 iters)
RSS_SAMPLE t=56.0s rss=1065MB hwm=1065MB
RSS_SAMPLE t=56.3s rss=1065MB hwm=1065MB
RSS_SAMPLE t=56.5s rss=1065MB hwm=1065MB
RSS_SAMPLE t=56.8s rss=1065MB hwm=1065MB
RSS_SAMPLE t=57.0s rss=1065MB hwm=1065MB
RSS_SAMPLE t=57.3s rss=1065MB hwm=1065MB
RSS_SAMPLE t=57.5s rss=1065MB hwm=1065MB
RSS_SAMPLE t=57.8s rss=1065MB hwm=1065MB
RSS_SAMPLE t=58.0s rss=1065MB hwm=1065MB
    SwitchMatrix: type_usage_pairs=7 lookups=110 hits=103 dijkstra_calls=7 avg_us=10.1 total_ms=0.1
PHASE_MARK outer=0 enter=pre_solve rss=1068MB
RSS_SAMPLE t=58.3s rss=1172MB hwm=1172MB
RSS_SAMPLE t=58.5s rss=1201MB hwm=1201MB
RSS_SAMPLE t=58.8s rss=1210MB hwm=1210MB
RSS_SAMPLE t=59.0s rss=1219MB hwm=1219MB
RSS_SAMPLE t=59.3s rss=1225MB hwm=1225MB
RSS_SAMPLE t=59.5s rss=1233MB hwm=1233MB
RSS_SAMPLE t=59.8s rss=1238MB hwm=1238MB
RSS_SAMPLE t=60.0s rss=1245MB hwm=1245MB
RSS_SAMPLE t=60.3s rss=1251MB hwm=1251MB
RSS_SAMPLE t=60.5s rss=1257MB hwm=1257MB
RSS_SAMPLE t=60.8s rss=1261MB hwm=1261MB
RSS_SAMPLE t=61.0s rss=1266MB hwm=1266MB
RSS_SAMPLE t=61.3s rss=1271MB hwm=1271MB
RSS_SAMPLE t=61.5s rss=1277MB hwm=1277MB
RSS_SAMPLE t=61.8s rss=1282MB hwm=1282MB
RSS_SAMPLE t=62.0s rss=1287MB hwm=1287MB
RSS_SAMPLE t=62.3s rss=1291MB hwm=1291MB
RSS_SAMPLE t=62.5s rss=1296MB hwm=1296MB
RSS_SAMPLE t=62.8s rss=1301MB hwm=1301MB
RSS_SAMPLE t=63.0s rss=1306MB hwm=1306MB
RSS_SAMPLE t=63.3s rss=1311MB hwm=1311MB
RSS_SAMPLE t=63.5s rss=1316MB hwm=1316MB
RSS_SAMPLE t=63.8s rss=1322MB hwm=1322MB
RSS_SAMPLE t=64.0s rss=1327MB hwm=1327MB
RSS_SAMPLE t=64.3s rss=1333MB hwm=1333MB
RSS_SAMPLE t=64.5s rss=1338MB hwm=1338MB
RSS_SAMPLE t=64.8s rss=1344MB hwm=1344MB
RSS_SAMPLE t=65.0s rss=1350MB hwm=1350MB
RSS_SAMPLE t=65.3s rss=1355MB hwm=1355MB
RSS_SAMPLE t=65.5s rss=1360MB hwm=1360MB
RSS_SAMPLE t=65.8s rss=1364MB hwm=1364MB
RSS_SAMPLE t=66.0s rss=1368MB hwm=1368MB
RSS_SAMPLE t=66.3s rss=1374MB hwm=1374MB
RSS_SAMPLE t=66.5s rss=1379MB hwm=1379MB
RSS_SAMPLE t=66.8s rss=1385MB hwm=1385MB
RSS_SAMPLE t=67.0s rss=1391MB hwm=1391MB
RSS_SAMPLE t=67.3s rss=1397MB hwm=1397MB
RSS_SAMPLE t=67.5s rss=1402MB hwm=1402MB
RSS_SAMPLE t=67.8s rss=1406MB hwm=1406MB
RSS_SAMPLE t=68.0s rss=1412MB hwm=1412MB
RSS_SAMPLE t=68.3s rss=1417MB hwm=1417MB
RSS_SAMPLE t=68.5s rss=1422MB hwm=1422MB
RSS_SAMPLE t=68.8s rss=1428MB hwm=1428MB
RSS_SAMPLE t=69.0s rss=1433MB hwm=1433MB
RSS_SAMPLE t=69.3s rss=1438MB hwm=1438MB
RSS_SAMPLE t=69.5s rss=1443MB hwm=1443MB
RSS_SAMPLE t=69.8s rss=1448MB hwm=1448MB
RSS_SAMPLE t=70.0s rss=1452MB hwm=1452MB
RSS_SAMPLE t=70.3s rss=1457MB hwm=1457MB
RSS_SAMPLE t=70.5s rss=1461MB hwm=1461MB
RSS_SAMPLE t=70.8s rss=1466MB hwm=1466MB
RSS_SAMPLE t=71.0s rss=1471MB hwm=1471MB
RSS_SAMPLE t=71.3s rss=1477MB hwm=1477MB
RSS_SAMPLE t=71.5s rss=1483MB hwm=1483MB
RSS_SAMPLE t=71.8s rss=1487MB hwm=1487MB
RSS_SAMPLE t=72.0s rss=1493MB hwm=1493MB
RSS_SAMPLE t=72.3s rss=1497MB hwm=1497MB
RSS_SAMPLE t=72.5s rss=1502MB hwm=1502MB
RSS_SAMPLE t=72.8s rss=1507MB hwm=1507MB
RSS_SAMPLE t=73.0s rss=1513MB hwm=1513MB
RSS_SAMPLE t=73.3s rss=1518MB hwm=1518MB
RSS_SAMPLE t=73.5s rss=1522MB hwm=1522MB
RSS_SAMPLE t=73.8s rss=1527MB hwm=1527MB
RSS_SAMPLE t=74.0s rss=1532MB hwm=1532MB
RSS_SAMPLE t=74.3s rss=1537MB hwm=1537MB
RSS_SAMPLE t=74.5s rss=1543MB hwm=1543MB
RSS_SAMPLE t=74.8s rss=1548MB hwm=1548MB
RSS_SAMPLE t=75.0s rss=1552MB hwm=1552MB
RSS_SAMPLE t=75.3s rss=1557MB hwm=1557MB
RSS_SAMPLE t=75.5s rss=1561MB hwm=1561MB
RSS_SAMPLE t=75.8s rss=1566MB hwm=1566MB
RSS_SAMPLE t=76.0s rss=1571MB hwm=1571MB
RSS_SAMPLE t=76.3s rss=1577MB hwm=1577MB
RSS_SAMPLE t=76.5s rss=1581MB hwm=1581MB
RSS_SAMPLE t=76.8s rss=1585MB hwm=1585MB
RSS_SAMPLE t=77.0s rss=1590MB hwm=1590MB
RSS_SAMPLE t=77.3s rss=1595MB hwm=1595MB
RSS_SAMPLE t=77.6s rss=1599MB hwm=1599MB
RSS_SAMPLE t=77.8s rss=1605MB hwm=1605MB
RSS_SAMPLE t=78.1s rss=1609MB hwm=1609MB
RSS_SAMPLE t=78.3s rss=1615MB hwm=1615MB
RSS_SAMPLE t=78.6s rss=1621MB hwm=1621MB
RSS_SAMPLE t=78.8s rss=1627MB hwm=1627MB
RSS_SAMPLE t=79.1s rss=1633MB hwm=1633MB
RSS_SAMPLE t=79.3s rss=1638MB hwm=1638MB
RSS_SAMPLE t=79.6s rss=1644MB hwm=1644MB
RSS_SAMPLE t=79.8s rss=1648MB hwm=1648MB
RSS_SAMPLE t=80.1s rss=1653MB hwm=1653MB
RSS_SAMPLE t=80.3s rss=1658MB hwm=1658MB
RSS_SAMPLE t=80.6s rss=1663MB hwm=1663MB
RSS_SAMPLE t=80.8s rss=1666MB hwm=1666MB
RSS_SAMPLE t=81.1s rss=1670MB hwm=1670MB
RSS_SAMPLE t=81.3s rss=1675MB hwm=1675MB
RSS_SAMPLE t=81.6s rss=1677MB hwm=1677MB
RSS_SAMPLE t=81.8s rss=1681MB hwm=1681MB
RSS_SAMPLE t=82.1s rss=1683MB hwm=1683MB
RSS_SAMPLE t=82.3s rss=1686MB hwm=1686MB
RSS_SAMPLE t=82.6s rss=1687MB hwm=1687MB
RSS_SAMPLE t=82.8s rss=1689MB hwm=1689MB
RSS_SAMPLE t=83.1s rss=1690MB hwm=1690MB
RSS_SAMPLE t=83.3s rss=1691MB hwm=1691MB
RSS_SAMPLE t=83.6s rss=1692MB hwm=1692MB
RSS_SAMPLE t=83.8s rss=1693MB hwm=1693MB
RSS_SAMPLE t=84.1s rss=1693MB hwm=1693MB
RSS_SAMPLE t=84.3s rss=1693MB hwm=1693MB
RSS_SAMPLE t=84.6s rss=1694MB hwm=1694MB
RSS_SAMPLE t=84.8s rss=1694MB hwm=1694MB
RSS_SAMPLE t=85.1s rss=1694MB hwm=1694MB
RSS_SAMPLE t=85.3s rss=1695MB hwm=1695MB
RSS_SAMPLE t=85.6s rss=1695MB hwm=1695MB
RSS_SAMPLE t=85.8s rss=1695MB hwm=1695MB
RSS_SAMPLE t=86.1s rss=1695MB hwm=1695MB
RSS_SAMPLE t=86.3s rss=1696MB hwm=1696MB
RSS_SAMPLE t=86.6s rss=1696MB hwm=1696MB
RSS_SAMPLE t=86.8s rss=1697MB hwm=1697MB
RSS_SAMPLE t=87.1s rss=1697MB hwm=1697MB
RSS_SAMPLE t=87.3s rss=1697MB hwm=1697MB
RSS_SAMPLE t=87.6s rss=1697MB hwm=1697MB
RSS_SAMPLE t=87.8s rss=1698MB hwm=1698MB
RSS_SAMPLE t=88.1s rss=1698MB hwm=1698MB
RSS_SAMPLE t=88.3s rss=1699MB hwm=1699MB
RSS_SAMPLE t=88.6s rss=1699MB hwm=1699MB
RSS_SAMPLE t=88.8s rss=1699MB hwm=1699MB
RSS_SAMPLE t=89.1s rss=1699MB hwm=1699MB
RSS_SAMPLE t=89.3s rss=1700MB hwm=1700MB
RSS_SAMPLE t=89.6s rss=1700MB hwm=1700MB
RSS_SAMPLE t=89.8s rss=1700MB hwm=1700MB
RSS_SAMPLE t=90.1s rss=1701MB hwm=1701MB
RSS_SAMPLE t=90.3s rss=1701MB hwm=1701MB
RSS_SAMPLE t=90.6s rss=1701MB hwm=1701MB
RSS_SAMPLE t=90.8s rss=1702MB hwm=1702MB
RSS_SAMPLE t=91.1s rss=1702MB hwm=1702MB
RSS_SAMPLE t=91.3s rss=1702MB hwm=1702MB
RSS_SAMPLE t=91.6s rss=1703MB hwm=1703MB
RSS_SAMPLE t=91.8s rss=1703MB hwm=1703MB
RSS_SAMPLE t=92.1s rss=1703MB hwm=1703MB
RSS_SAMPLE t=92.3s rss=1703MB hwm=1703MB
RSS_SAMPLE t=92.6s rss=1703MB hwm=1703MB
RSS_SAMPLE t=92.8s rss=1704MB hwm=1704MB
RSS_SAMPLE t=93.1s rss=1704MB hwm=1704MB
RSS_SAMPLE t=93.3s rss=1704MB hwm=1704MB
RSS_SAMPLE t=93.6s rss=1705MB hwm=1705MB
RSS_SAMPLE t=93.8s rss=1705MB hwm=1705MB
RSS_SAMPLE t=94.1s rss=1705MB hwm=1705MB
RSS_SAMPLE t=94.3s rss=1706MB hwm=1706MB
RSS_SAMPLE t=94.6s rss=1706MB hwm=1706MB
RSS_SAMPLE t=94.8s rss=1707MB hwm=1707MB
RSS_SAMPLE t=95.1s rss=1707MB hwm=1707MB
RSS_SAMPLE t=95.3s rss=1707MB hwm=1707MB
RSS_SAMPLE t=95.6s rss=1708MB hwm=1708MB
RSS_SAMPLE t=95.8s rss=1708MB hwm=1708MB
RSS_SAMPLE t=96.1s rss=1708MB hwm=1708MB
RSS_SAMPLE t=96.3s rss=1709MB hwm=1709MB
RSS_SAMPLE t=96.6s rss=1709MB hwm=1709MB
RSS_SAMPLE t=96.8s rss=1709MB hwm=1709MB
RSS_SAMPLE t=97.1s rss=1710MB hwm=1710MB
RSS_SAMPLE t=97.3s rss=1710MB hwm=1710MB
RSS_SAMPLE t=97.6s rss=1710MB hwm=1710MB
RSS_SAMPLE t=97.8s rss=1710MB hwm=1710MB
RSS_SAMPLE t=98.1s rss=1711MB hwm=1711MB
RSS_SAMPLE t=98.3s rss=1711MB hwm=1711MB
RSS_SAMPLE t=98.6s rss=1711MB hwm=1711MB
RSS_SAMPLE t=98.8s rss=1712MB hwm=1712MB
RSS_SAMPLE t=99.1s rss=1712MB hwm=1712MB
RSS_SAMPLE t=99.3s rss=1712MB hwm=1712MB
    rss_probe[outer=0]: pre_refresh_rss=1068MB post_pre_solve_rss=1712MB cache_entries=31834091 cache_cap=50178912 cache_est_mb=436
    pre_solve_diag[outer=0]: solves=105117 fallback=0 (0.0%) cap_armed=105117 (100.0%) settle_avg=8443 settle_max=69353 init_count=254
  Cell placement by tile type (iter 0, 76660 cells):
    NULL: 31596
    CLB: 27114
    IOB_W: 15019
    CLK_BUFG: 2320
    BRAM: 351
    DSP: 182
    IOB_E: 78
    Overflow: over=0 (0.0% of used) avg_excess=0.00 max_excess=0.00 (nc=0.00 cap=0 span=0)  excess_buckets: <=1=0 1-5=0 5-20=0 >20=0  by_cap: cap1=0 cap2=0 cap3-5=0 cap>5=0  by_span: s1=0 s2-3=0 s4-6=0 s7-12=0 s>12=0  le1_cross: cap1=0 cap2-5=0 cap>5=0
    Congestion: pipes=2562403 used=0 congested(>50%)=0 saturated(>90%)=0 max_util=0.00 avg_util=0.0000
PHASE_MARK outer=0 enter=dcd_sweep rss=1712MB
RSS_SAMPLE t=99.6s rss=1712MB hwm=1712MB
RSS_SAMPLE t=99.8s rss=1712MB hwm=1712MB
RSS_SAMPLE t=100.1s rss=1713MB hwm=1713MB
RSS_SAMPLE t=100.3s rss=1713MB hwm=1713MB
RSS_SAMPLE t=100.6s rss=1713MB hwm=1713MB
RSS_SAMPLE t=100.8s rss=1713MB hwm=1713MB
RSS_SAMPLE t=101.1s rss=1713MB hwm=1713MB
RSS_SAMPLE t=101.3s rss=1713MB hwm=1713MB
RSS_SAMPLE t=101.6s rss=1714MB hwm=1714MB
RSS_SAMPLE t=101.8s rss=1714MB hwm=1714MB
RSS_SAMPLE t=102.1s rss=1714MB hwm=1714MB
RSS_SAMPLE t=102.3s rss=1714MB hwm=1714MB
RSS_SAMPLE t=102.6s rss=1714MB hwm=1714MB
RSS_SAMPLE t=102.8s rss=1714MB hwm=1714MB
RSS_SAMPLE t=103.1s rss=1715MB hwm=1715MB
RSS_SAMPLE t=103.3s rss=1715MB hwm=1715MB
RSS_SAMPLE t=103.6s rss=1715MB hwm=1715MB
RSS_SAMPLE t=103.8s rss=1715MB hwm=1715MB
RSS_SAMPLE t=104.1s rss=1715MB hwm=1715MB
RSS_SAMPLE t=104.3s rss=1715MB hwm=1715MB
RSS_SAMPLE t=104.6s rss=1716MB hwm=1716MB
RSS_SAMPLE t=104.8s rss=1716MB hwm=1716MB
RSS_SAMPLE t=105.1s rss=1716MB hwm=1716MB
RSS_SAMPLE t=105.3s rss=1716MB hwm=1716MB
RSS_SAMPLE t=105.6s rss=1716MB hwm=1716MB
RSS_SAMPLE t=105.8s rss=1716MB hwm=1716MB
RSS_SAMPLE t=106.1s rss=1717MB hwm=1717MB
RSS_SAMPLE t=106.3s rss=1717MB hwm=1717MB
RSS_SAMPLE t=106.6s rss=1717MB hwm=1717MB
PHASE_MARK outer=0 leave=dcd_sweep rss=1712MB
PHASE_MARK outer=0 enter=post_refresh rss=1712MB
RSS_SAMPLE t=106.8s rss=1746MB hwm=1746MB
RSS_SAMPLE t=107.1s rss=1746MB hwm=1746MB
RSS_SAMPLE t=107.3s rss=1746MB hwm=1746MB
RSS_SAMPLE t=107.6s rss=1746MB hwm=1746MB
RSS_SAMPLE t=107.8s rss=1746MB hwm=1746MB
RSS_SAMPLE t=108.1s rss=1746MB hwm=1746MB
RSS_SAMPLE t=108.3s rss=1747MB hwm=1747MB
RSS_SAMPLE t=108.6s rss=1747MB hwm=1747MB
RSS_SAMPLE t=108.8s rss=1747MB hwm=1747MB
RSS_SAMPLE t=109.1s rss=1747MB hwm=1747MB
RSS_SAMPLE t=109.3s rss=2599MB hwm=2599MB
RSS_SAMPLE t=109.6s rss=3229MB hwm=3229MB
RSS_SAMPLE t=109.8s rss=3439MB hwm=3439MB
RSS_SAMPLE t=110.1s rss=3501MB hwm=3501MB
RSS_SAMPLE t=110.3s rss=3572MB hwm=3572MB
RSS_SAMPLE t=110.6s rss=3604MB hwm=3604MB
RSS_SAMPLE t=110.8s rss=3630MB hwm=3630MB
RSS_SAMPLE t=111.1s rss=3637MB hwm=3637MB
RSS_SAMPLE t=111.3s rss=3639MB hwm=3639MB
RSS_SAMPLE t=111.6s rss=3647MB hwm=3647MB
RSS_SAMPLE t=111.8s rss=3648MB hwm=3648MB
RSS_SAMPLE t=112.1s rss=3652MB hwm=3652MB
RSS_SAMPLE t=112.3s rss=3661MB hwm=3661MB
RSS_SAMPLE t=112.6s rss=3690MB hwm=3690MB
RSS_SAMPLE t=112.8s rss=3694MB hwm=3694MB
RSS_SAMPLE t=113.1s rss=3694MB hwm=3694MB
RSS_SAMPLE t=113.3s rss=3697MB hwm=3697MB
RSS_SAMPLE t=113.6s rss=3700MB hwm=3700MB
RSS_SAMPLE t=113.8s rss=3703MB hwm=3703MB
RSS_SAMPLE t=114.1s rss=3703MB hwm=3703MB
RSS_SAMPLE t=114.3s rss=3703MB hwm=3703MB
RSS_SAMPLE t=114.6s rss=3703MB hwm=3703MB
RSS_SAMPLE t=114.8s rss=3705MB hwm=3705MB
RSS_SAMPLE t=115.1s rss=3708MB hwm=3708MB
RSS_SAMPLE t=115.3s rss=3708MB hwm=3708MB
RSS_SAMPLE t=115.6s rss=3710MB hwm=3710MB
RSS_SAMPLE t=115.8s rss=3713MB hwm=3713MB
RSS_SAMPLE t=116.1s rss=3720MB hwm=3720MB
RSS_SAMPLE t=116.3s rss=3720MB hwm=3720MB
RSS_SAMPLE t=116.6s rss=3722MB hwm=3722MB
RSS_SAMPLE t=116.8s rss=3722MB hwm=3722MB
RSS_SAMPLE t=117.1s rss=3723MB hwm=3723MB
RSS_SAMPLE t=117.3s rss=3723MB hwm=3723MB
RSS_SAMPLE t=117.6s rss=3723MB hwm=3723MB
RSS_SAMPLE t=117.8s rss=3723MB hwm=3723MB
RSS_SAMPLE t=118.1s rss=3724MB hwm=3724MB
RSS_SAMPLE t=118.3s rss=3725MB hwm=3725MB
RSS_SAMPLE t=118.6s rss=3725MB hwm=3725MB
RSS_SAMPLE t=118.8s rss=3725MB hwm=3725MB
RSS_SAMPLE t=119.1s rss=3725MB hwm=3725MB
RSS_SAMPLE t=119.3s rss=3727MB hwm=3727MB
RSS_SAMPLE t=119.6s rss=3727MB hwm=3727MB
RSS_SAMPLE t=119.8s rss=3728MB hwm=3728MB
RSS_SAMPLE t=120.1s rss=3729MB hwm=3729MB
RSS_SAMPLE t=120.3s rss=3733MB hwm=3733MB
RSS_SAMPLE t=120.6s rss=3734MB hwm=3734MB
RSS_SAMPLE t=120.8s rss=3734MB hwm=3734MB
RSS_SAMPLE t=121.1s rss=3734MB hwm=3734MB
RSS_SAMPLE t=121.3s rss=3734MB hwm=3734MB
RSS_SAMPLE t=121.6s rss=3734MB hwm=3734MB
RSS_SAMPLE t=121.8s rss=3735MB hwm=3735MB
RSS_SAMPLE t=122.1s rss=3736MB hwm=3736MB
RSS_SAMPLE t=122.3s rss=3736MB hwm=3736MB
RSS_SAMPLE t=122.6s rss=3738MB hwm=3738MB
RSS_SAMPLE t=122.8s rss=3738MB hwm=3738MB
RSS_SAMPLE t=123.1s rss=3738MB hwm=3738MB
RSS_SAMPLE t=123.3s rss=3738MB hwm=3738MB
RSS_SAMPLE t=123.6s rss=3739MB hwm=3739MB
RSS_SAMPLE t=123.8s rss=3739MB hwm=3739MB
RSS_SAMPLE t=124.1s rss=3739MB hwm=3739MB
RSS_SAMPLE t=124.3s rss=3739MB hwm=3739MB
RSS_SAMPLE t=124.6s rss=3741MB hwm=3741MB
RSS_SAMPLE t=124.8s rss=3741MB hwm=3741MB
RSS_SAMPLE t=125.1s rss=3741MB hwm=3741MB
RSS_SAMPLE t=125.3s rss=3741MB hwm=3741MB
RSS_SAMPLE t=125.6s rss=3741MB hwm=3741MB
RSS_SAMPLE t=125.8s rss=3741MB hwm=3741MB
RSS_SAMPLE t=126.1s rss=3742MB hwm=3742MB
RSS_SAMPLE t=126.3s rss=3742MB hwm=3742MB
RSS_SAMPLE t=126.6s rss=3742MB hwm=3742MB
RSS_SAMPLE t=126.9s rss=3742MB hwm=3742MB
RSS_SAMPLE t=127.1s rss=3742MB hwm=3742MB
RSS_SAMPLE t=127.4s rss=3743MB hwm=3743MB
RSS_SAMPLE t=127.6s rss=3743MB hwm=3743MB
RSS_SAMPLE t=127.9s rss=3743MB hwm=3743MB
RSS_SAMPLE t=128.1s rss=3743MB hwm=3743MB
RSS_SAMPLE t=128.4s rss=3743MB hwm=3743MB
RSS_SAMPLE t=128.6s rss=3744MB hwm=3744MB
RSS_SAMPLE t=128.9s rss=3744MB hwm=3744MB
RSS_SAMPLE t=129.1s rss=3745MB hwm=3745MB
RSS_SAMPLE t=129.4s rss=3745MB hwm=3745MB
RSS_SAMPLE t=129.6s rss=3745MB hwm=3745MB
RSS_SAMPLE t=129.9s rss=3746MB hwm=3746MB
RSS_SAMPLE t=130.1s rss=3746MB hwm=3746MB
RSS_SAMPLE t=130.4s rss=3746MB hwm=3746MB
RSS_SAMPLE t=130.6s rss=3747MB hwm=3747MB
RSS_SAMPLE t=130.9s rss=3748MB hwm=3748MB
RSS_SAMPLE t=131.1s rss=3748MB hwm=3748MB
RSS_SAMPLE t=131.4s rss=3749MB hwm=3749MB
RSS_SAMPLE t=131.6s rss=3749MB hwm=3749MB
RSS_SAMPLE t=131.9s rss=3750MB hwm=3750MB
RSS_SAMPLE t=132.1s rss=3751MB hwm=3751MB
RSS_SAMPLE t=132.4s rss=3751MB hwm=3751MB
RSS_SAMPLE t=132.6s rss=3751MB hwm=3751MB
RSS_SAMPLE t=132.9s rss=3752MB hwm=3752MB
RSS_SAMPLE t=133.1s rss=3752MB hwm=3752MB
RSS_SAMPLE t=133.4s rss=3753MB hwm=3753MB
RSS_SAMPLE t=133.6s rss=3753MB hwm=3753MB
RSS_SAMPLE t=133.9s rss=3753MB hwm=3753MB
RSS_SAMPLE t=134.1s rss=3754MB hwm=3754MB
RSS_SAMPLE t=134.4s rss=3754MB hwm=3754MB
RSS_SAMPLE t=134.6s rss=3755MB hwm=3755MB
RSS_SAMPLE t=134.9s rss=3755MB hwm=3755MB
RSS_SAMPLE t=135.1s rss=3756MB hwm=3756MB
RSS_SAMPLE t=135.4s rss=3756MB hwm=3756MB
RSS_SAMPLE t=135.6s rss=3756MB hwm=3756MB
RSS_SAMPLE t=135.9s rss=3756MB hwm=3756MB
RSS_SAMPLE t=136.1s rss=3757MB hwm=3757MB
RSS_SAMPLE t=136.4s rss=3758MB hwm=3758MB
RSS_SAMPLE t=136.6s rss=3758MB hwm=3758MB
RSS_SAMPLE t=136.9s rss=3758MB hwm=3758MB
RSS_SAMPLE t=137.1s rss=3758MB hwm=3758MB
RSS_SAMPLE t=137.4s rss=3759MB hwm=3759MB
RSS_SAMPLE t=137.6s rss=3759MB hwm=3759MB
RSS_SAMPLE t=137.9s rss=3760MB hwm=3760MB
RSS_SAMPLE t=138.1s rss=3760MB hwm=3760MB
RSS_SAMPLE t=138.4s rss=3760MB hwm=3760MB
RSS_SAMPLE t=138.6s rss=3760MB hwm=3760MB
RSS_SAMPLE t=138.9s rss=3761MB hwm=3761MB
RSS_SAMPLE t=139.1s rss=3761MB hwm=3761MB
RSS_SAMPLE t=139.4s rss=3761MB hwm=3761MB
RSS_SAMPLE t=139.6s rss=3762MB hwm=3762MB
RSS_SAMPLE t=139.9s rss=3762MB hwm=3762MB
RSS_SAMPLE t=140.1s rss=3763MB hwm=3763MB
RSS_SAMPLE t=140.4s rss=3763MB hwm=3763MB
RSS_SAMPLE t=140.6s rss=3763MB hwm=3763MB
RSS_SAMPLE t=140.9s rss=3763MB hwm=3763MB
RSS_SAMPLE t=141.1s rss=3765MB hwm=3765MB
RSS_SAMPLE t=141.4s rss=3765MB hwm=3765MB
RSS_SAMPLE t=141.6s rss=3766MB hwm=3766MB
RSS_SAMPLE t=141.9s rss=3766MB hwm=3766MB
RSS_SAMPLE t=142.1s rss=3767MB hwm=3767MB
RSS_SAMPLE t=142.4s rss=3767MB hwm=3767MB
RSS_SAMPLE t=142.6s rss=3768MB hwm=3768MB
RSS_SAMPLE t=142.9s rss=3768MB hwm=3768MB
RSS_SAMPLE t=143.1s rss=3769MB hwm=3769MB
RSS_SAMPLE t=143.4s rss=3769MB hwm=3769MB
RSS_SAMPLE t=143.6s rss=3769MB hwm=3769MB
RSS_SAMPLE t=143.9s rss=3770MB hwm=3770MB
RSS_SAMPLE t=144.1s rss=3770MB hwm=3770MB
RSS_SAMPLE t=144.4s rss=3770MB hwm=3770MB
RSS_SAMPLE t=144.6s rss=3771MB hwm=3771MB
RSS_SAMPLE t=144.9s rss=3772MB hwm=3772MB
RSS_SAMPLE t=145.1s rss=3773MB hwm=3773MB
RSS_SAMPLE t=145.4s rss=3773MB hwm=3773MB
RSS_SAMPLE t=145.6s rss=3773MB hwm=3773MB
RSS_SAMPLE t=145.9s rss=3773MB hwm=3773MB
RSS_SAMPLE t=146.1s rss=3774MB hwm=3774MB
RSS_SAMPLE t=146.4s rss=3774MB hwm=3774MB
RSS_SAMPLE t=146.6s rss=3774MB hwm=3774MB
RSS_SAMPLE t=146.9s rss=3775MB hwm=3775MB
RSS_SAMPLE t=147.1s rss=3775MB hwm=3775MB
RSS_SAMPLE t=147.4s rss=3776MB hwm=3776MB
RSS_SAMPLE t=147.6s rss=3776MB hwm=3776MB
RSS_SAMPLE t=147.9s rss=3776MB hwm=3776MB
RSS_SAMPLE t=148.1s rss=3776MB hwm=3776MB
RSS_SAMPLE t=148.4s rss=3777MB hwm=3777MB
RSS_SAMPLE t=148.6s rss=3777MB hwm=3777MB
RSS_SAMPLE t=148.9s rss=3778MB hwm=3778MB
RSS_SAMPLE t=149.1s rss=3778MB hwm=3778MB
RSS_SAMPLE t=149.4s rss=3778MB hwm=3778MB
RSS_SAMPLE t=149.6s rss=3779MB hwm=3779MB
RSS_SAMPLE t=149.9s rss=3779MB hwm=3779MB
RSS_SAMPLE t=150.1s rss=3780MB hwm=3780MB
RSS_SAMPLE t=150.4s rss=3780MB hwm=3780MB
RSS_SAMPLE t=150.6s rss=3781MB hwm=3781MB
RSS_SAMPLE t=150.9s rss=3781MB hwm=3781MB
RSS_SAMPLE t=151.1s rss=3782MB hwm=3782MB
RSS_SAMPLE t=151.4s rss=3782MB hwm=3782MB
RSS_SAMPLE t=151.6s rss=3782MB hwm=3782MB
RSS_SAMPLE t=151.9s rss=3783MB hwm=3783MB
RSS_SAMPLE t=152.1s rss=3783MB hwm=3783MB
RSS_SAMPLE t=152.4s rss=3783MB hwm=3783MB
RSS_SAMPLE t=152.6s rss=3783MB hwm=3783MB
RSS_SAMPLE t=152.9s rss=3784MB hwm=3784MB
RSS_SAMPLE t=153.1s rss=3784MB hwm=3784MB
RSS_SAMPLE t=153.4s rss=3784MB hwm=3784MB
RSS_SAMPLE t=153.6s rss=3785MB hwm=3785MB
RSS_SAMPLE t=153.9s rss=3785MB hwm=3785MB
RSS_SAMPLE t=154.1s rss=3785MB hwm=3785MB
RSS_SAMPLE t=154.4s rss=3785MB hwm=3785MB
RSS_SAMPLE t=154.6s rss=3785MB hwm=3785MB
RSS_SAMPLE t=154.9s rss=3786MB hwm=3786MB
RSS_SAMPLE t=155.1s rss=3786MB hwm=3786MB
RSS_SAMPLE t=155.4s rss=3786MB hwm=3786MB
RSS_SAMPLE t=155.6s rss=3786MB hwm=3786MB
RSS_SAMPLE t=155.9s rss=3786MB hwm=3786MB
RSS_SAMPLE t=156.1s rss=3787MB hwm=3787MB
RSS_SAMPLE t=156.4s rss=3787MB hwm=3787MB
RSS_SAMPLE t=156.6s rss=3787MB hwm=3787MB
RSS_SAMPLE t=156.9s rss=3787MB hwm=3787MB
RSS_SAMPLE t=157.1s rss=3787MB hwm=3787MB
RSS_SAMPLE t=157.4s rss=3787MB hwm=3787MB
RSS_SAMPLE t=157.6s rss=3787MB hwm=3787MB
RSS_SAMPLE t=157.9s rss=3787MB hwm=3787MB
RSS_SAMPLE t=158.1s rss=3787MB hwm=3787MB
RSS_SAMPLE t=158.4s rss=3787MB hwm=3787MB
RSS_SAMPLE t=158.6s rss=3788MB hwm=3788MB
RSS_SAMPLE t=158.9s rss=3788MB hwm=3788MB
RSS_SAMPLE t=159.1s rss=3788MB hwm=3788MB
RSS_SAMPLE t=159.4s rss=3788MB hwm=3788MB
RSS_SAMPLE t=159.6s rss=3788MB hwm=3788MB
RSS_SAMPLE t=159.9s rss=3788MB hwm=3788MB
RSS_SAMPLE t=160.1s rss=3788MB hwm=3788MB
RSS_SAMPLE t=160.4s rss=3788MB hwm=3788MB
RSS_SAMPLE t=160.6s rss=3788MB hwm=3788MB
RSS_SAMPLE t=160.9s rss=3788MB hwm=3788MB
RSS_SAMPLE t=161.1s rss=3788MB hwm=3788MB
RSS_SAMPLE t=161.4s rss=3788MB hwm=3788MB
RSS_SAMPLE t=161.6s rss=3788MB hwm=3788MB
RSS_SAMPLE t=161.9s rss=3789MB hwm=3789MB
RSS_SAMPLE t=162.1s rss=3789MB hwm=3789MB
RSS_SAMPLE t=162.4s rss=3789MB hwm=3789MB
RSS_SAMPLE t=162.6s rss=3789MB hwm=3789MB
RSS_SAMPLE t=162.9s rss=3790MB hwm=3790MB
RSS_SAMPLE t=163.1s rss=3790MB hwm=3790MB
RSS_SAMPLE t=163.4s rss=3791MB hwm=3791MB
RSS_SAMPLE t=163.6s rss=3791MB hwm=3791MB
RSS_SAMPLE t=163.9s rss=3791MB hwm=3791MB
RSS_SAMPLE t=164.1s rss=3791MB hwm=3791MB
RSS_SAMPLE t=164.4s rss=3791MB hwm=3791MB
RSS_SAMPLE t=164.6s rss=3791MB hwm=3791MB
RSS_SAMPLE t=164.9s rss=3791MB hwm=3791MB
RSS_SAMPLE t=165.1s rss=3791MB hwm=3791MB
RSS_SAMPLE t=165.4s rss=3791MB hwm=3791MB
RSS_SAMPLE t=165.6s rss=3791MB hwm=3791MB
RSS_SAMPLE t=165.9s rss=3792MB hwm=3792MB
RSS_SAMPLE t=166.1s rss=3792MB hwm=3792MB
RSS_SAMPLE t=166.4s rss=3792MB hwm=3792MB
RSS_SAMPLE t=166.6s rss=3792MB hwm=3792MB
RSS_SAMPLE t=166.9s rss=3792MB hwm=3792MB
RSS_SAMPLE t=167.1s rss=3792MB hwm=3792MB
RSS_SAMPLE t=167.4s rss=3792MB hwm=3792MB
RSS_SAMPLE t=167.6s rss=3792MB hwm=3792MB
RSS_SAMPLE t=167.9s rss=3792MB hwm=3792MB
RSS_SAMPLE t=168.1s rss=3792MB hwm=3792MB
RSS_SAMPLE t=168.4s rss=3792MB hwm=3792MB
RSS_SAMPLE t=168.6s rss=3792MB hwm=3792MB
RSS_SAMPLE t=168.9s rss=3792MB hwm=3792MB
RSS_SAMPLE t=169.1s rss=3792MB hwm=3792MB
RSS_SAMPLE t=169.4s rss=3792MB hwm=3792MB
RSS_SAMPLE t=169.6s rss=3792MB hwm=3792MB
RSS_SAMPLE t=169.9s rss=3792MB hwm=3792MB
RSS_SAMPLE t=170.1s rss=3793MB hwm=3793MB
RSS_SAMPLE t=170.4s rss=3793MB hwm=3793MB
RSS_SAMPLE t=170.6s rss=3793MB hwm=3793MB
RSS_SAMPLE t=170.9s rss=3793MB hwm=3793MB
RSS_SAMPLE t=171.1s rss=3793MB hwm=3793MB
RSS_SAMPLE t=171.4s rss=3793MB hwm=3793MB
RSS_SAMPLE t=171.6s rss=3793MB hwm=3793MB
RSS_SAMPLE t=171.9s rss=3793MB hwm=3793MB
RSS_SAMPLE t=172.1s rss=3793MB hwm=3793MB
RSS_SAMPLE t=172.4s rss=3793MB hwm=3793MB
RSS_SAMPLE t=172.6s rss=3793MB hwm=3793MB
RSS_SAMPLE t=172.9s rss=3793MB hwm=3793MB
RSS_SAMPLE t=173.1s rss=3793MB hwm=3793MB
RSS_SAMPLE t=173.4s rss=3793MB hwm=3793MB
RSS_SAMPLE t=173.6s rss=3793MB hwm=3793MB
RSS_SAMPLE t=173.9s rss=3793MB hwm=3793MB
RSS_SAMPLE t=174.1s rss=3793MB hwm=3793MB
RSS_SAMPLE t=174.4s rss=3793MB hwm=3793MB
RSS_SAMPLE t=174.6s rss=3793MB hwm=3793MB
RSS_SAMPLE t=174.9s rss=3793MB hwm=3793MB
RSS_SAMPLE t=175.1s rss=3793MB hwm=3793MB
RSS_SAMPLE t=175.4s rss=3793MB hwm=3793MB
RSS_SAMPLE t=175.6s rss=3794MB hwm=3794MB
RSS_SAMPLE t=175.9s rss=3794MB hwm=3794MB
RSS_SAMPLE t=176.1s rss=3794MB hwm=3794MB
RSS_SAMPLE t=176.4s rss=3794MB hwm=3794MB
RSS_SAMPLE t=176.6s rss=3794MB hwm=3794MB
RSS_SAMPLE t=176.9s rss=3794MB hwm=3794MB
RSS_SAMPLE t=177.2s rss=3794MB hwm=3794MB
RSS_SAMPLE t=177.4s rss=3794MB hwm=3794MB
RSS_SAMPLE t=177.7s rss=3794MB hwm=3794MB
RSS_SAMPLE t=177.9s rss=3794MB hwm=3794MB
RSS_SAMPLE t=178.2s rss=3794MB hwm=3794MB
RSS_SAMPLE t=178.4s rss=3794MB hwm=3794MB
RSS_SAMPLE t=178.7s rss=3794MB hwm=3794MB
RSS_SAMPLE t=178.9s rss=3794MB hwm=3794MB
RSS_SAMPLE t=179.2s rss=3794MB hwm=3794MB
RSS_SAMPLE t=179.4s rss=3794MB hwm=3794MB
RSS_SAMPLE t=179.7s rss=3794MB hwm=3794MB
RSS_SAMPLE t=179.9s rss=3794MB hwm=3794MB
RSS_SAMPLE t=180.2s rss=3794MB hwm=3794MB
RSS_SAMPLE t=180.4s rss=3794MB hwm=3794MB
RSS_SAMPLE t=180.7s rss=3794MB hwm=3794MB
RSS_SAMPLE t=180.9s rss=3794MB hwm=3794MB
RSS_SAMPLE t=181.2s rss=3795MB hwm=3795MB
RSS_SAMPLE t=181.4s rss=3795MB hwm=3795MB
RSS_SAMPLE t=181.7s rss=3795MB hwm=3795MB
RSS_SAMPLE t=181.9s rss=3795MB hwm=3795MB
RSS_SAMPLE t=182.2s rss=3795MB hwm=3795MB
RSS_SAMPLE t=182.4s rss=3795MB hwm=3795MB
RSS_SAMPLE t=182.7s rss=3795MB hwm=3795MB
RSS_SAMPLE t=182.9s rss=3795MB hwm=3795MB
RSS_SAMPLE t=183.2s rss=3795MB hwm=3795MB
RSS_SAMPLE t=183.4s rss=3795MB hwm=3795MB
RSS_SAMPLE t=183.7s rss=3795MB hwm=3795MB
RSS_SAMPLE t=183.9s rss=3795MB hwm=3795MB
RSS_SAMPLE t=184.2s rss=3795MB hwm=3795MB
RSS_SAMPLE t=184.4s rss=3795MB hwm=3795MB
RSS_SAMPLE t=184.7s rss=3796MB hwm=3796MB
RSS_SAMPLE t=184.9s rss=3796MB hwm=3796MB
RSS_SAMPLE t=185.2s rss=3796MB hwm=3796MB
RSS_SAMPLE t=185.4s rss=3796MB hwm=3796MB
RSS_SAMPLE t=185.7s rss=3796MB hwm=3796MB
RSS_SAMPLE t=185.9s rss=3796MB hwm=3796MB
RSS_SAMPLE t=186.2s rss=3796MB hwm=3796MB
RSS_SAMPLE t=186.4s rss=3796MB hwm=3796MB
RSS_SAMPLE t=186.7s rss=3796MB hwm=3796MB
RSS_SAMPLE t=186.9s rss=3796MB hwm=3796MB
RSS_SAMPLE t=187.2s rss=3796MB hwm=3796MB
MEM_POOL: workspaces=32 dense_usage_mb=1251 n_pipes=2562403
    post_solve_diag[outer=0]: solves=105117 cap_armed=105117 (100.0%) settle_avg=8068 above_sink_avg=50 (0.6%) settle_max=69353
    settle_hist[outer=0]: <100: 39264nets/0.1%work  <1k: 14057nets/0.8%work  <5k: 21495nets/5.4%work  <20k: 13080nets/18.3%work  <60k: 15500nets/61.9%work  >=60k: 1721nets/13.4%work
    rss_probe[outer=0]: pre_post_solve=1747MB post_post_solve=3815MB after_apply=3815MB
MuxSlotTracker[sweep 0 LEAK]: populated_cells=54065, overflow_tiles=7, at_cap_tiles=1354, peak_excess=14, capacity_hist={16:67346}
    E_decomp: base=10374791.3 eff=10918896.0 cong=544104.7 cong_share=5.0% sat_pipes=147936 max_util=1258.67  R_buckets: 1-2x=2562403 2-10x=0 10-100x=0 >=100x=0
    E_potential: beckmann=16789041932444.5 history_total=0.0
    SpanCache: epoch=1 entries=110 lookups=2562403 hits=2562293 misses=110 hit_rate=100.0%
  DCD   0: nets=105117 line=17462229 energy=2520551.925 dE=+0.000 friction=4668395.8 bins=2.9x(1009) excess=494.4 moved=53742 disp=inf solves=210234 skip=0 pops=1735618510 theta=0.250 refresh=121830ms dcd=7193ms total=131485ms
    cache_stats: entries=36984516 capacity=60802056 est_mb=527 rss_mb=3799
RSS_SAMPLE t=187.4s rss=3799MB hwm=3811MB
RSS_SAMPLE t=187.7s rss=3799MB hwm=3811MB
RSS_SAMPLE t=187.9s rss=3799MB hwm=3811MB
RSS_SAMPLE t=188.2s rss=3799MB hwm=3811MB
RSS_SAMPLE t=188.4s rss=3799MB hwm=3811MB
RSS_SAMPLE t=188.7s rss=3799MB hwm=3811MB
RSS_SAMPLE t=188.9s rss=3799MB hwm=3811MB
RSS_SAMPLE t=189.2s rss=3799MB hwm=3811MB
RSS_SAMPLE t=189.4s rss=3799MB hwm=3811MB
RSS_SAMPLE t=189.7s rss=3799MB hwm=3811MB
    SwitchMatrix: type_usage_pairs=956 lookups=2691 hits=1735 dijkstra_calls=956 avg_us=11.7 total_ms=11.2
PHASE_MARK outer=1 enter=pre_solve rss=3799MB
    rss_probe[outer=1]: pre_refresh_rss=3799MB post_pre_solve_rss=3799MB cache_entries=36984516 cache_cap=60802056 cache_est_mb=527
    pre_solve_diag[outer=1]: solves=0 fallback=0 (0.0%) cap_armed=0 (0.0%) settle_avg=0 settle_max=0 init_count=254
    Overflow: over=130486 (5.1% of used) avg_excess=3.50 max_excess=1625.88 (nc=1649.88 cap=24 span=1)  excess_buckets: <=1=56982 1-5=51237 5-20=18630 >20=3637  by_cap: cap1=47480 cap2=54494 cap3-5=171 cap>5=28341  by_span: s1=1835 s2-3=2414 s4-6=16619 s7-12=60431 s>12=49187  le1_cross: cap1=29550 cap2-5=24141 cap>5=3291
    Congestion: pipes=2562403 used=2562403 congested(>50%)=280952 saturated(>90%)=147936 max_util=1258.67 avg_util=0.2609
PHASE_MARK outer=1 enter=dcd_sweep rss=3799MB
RSS_SAMPLE t=189.9s rss=3799MB hwm=3811MB
RSS_SAMPLE t=190.2s rss=3799MB hwm=3811MB
RSS_SAMPLE t=190.4s rss=3799MB hwm=3811MB
RSS_SAMPLE t=190.7s rss=3799MB hwm=3811MB
RSS_SAMPLE t=190.9s rss=3799MB hwm=3811MB
RSS_SAMPLE t=191.2s rss=3799MB hwm=3811MB
RSS_SAMPLE t=191.4s rss=3799MB hwm=3811MB
RSS_SAMPLE t=191.7s rss=3799MB hwm=3811MB
RSS_SAMPLE t=191.9s rss=3799MB hwm=3811MB
RSS_SAMPLE t=192.2s rss=3799MB hwm=3811MB
RSS_SAMPLE t=192.4s rss=3799MB hwm=3811MB
RSS_SAMPLE t=192.7s rss=3799MB hwm=3811MB
RSS_SAMPLE t=192.9s rss=3799MB hwm=3811MB
RSS_SAMPLE t=193.2s rss=3799MB hwm=3811MB
RSS_SAMPLE t=193.4s rss=3799MB hwm=3811MB
RSS_SAMPLE t=193.7s rss=3799MB hwm=3811MB
RSS_SAMPLE t=193.9s rss=3799MB hwm=3811MB
RSS_SAMPLE t=194.2s rss=3799MB hwm=3811MB
RSS_SAMPLE t=194.4s rss=3799MB hwm=3811MB
RSS_SAMPLE t=194.7s rss=3799MB hwm=3811MB
RSS_SAMPLE t=194.9s rss=3799MB hwm=3811MB
RSS_SAMPLE t=195.2s rss=3799MB hwm=3811MB
RSS_SAMPLE t=195.4s rss=3799MB hwm=3811MB
RSS_SAMPLE t=195.7s rss=3799MB hwm=3811MB
RSS_SAMPLE t=195.9s rss=3799MB hwm=3811MB
RSS_SAMPLE t=196.2s rss=3799MB hwm=3811MB
RSS_SAMPLE t=196.4s rss=3799MB hwm=3811MB
RSS_SAMPLE t=196.7s rss=3799MB hwm=3811MB
RSS_SAMPLE t=196.9s rss=3799MB hwm=3811MB
PHASE_MARK outer=1 leave=dcd_sweep rss=3799MB
PHASE_MARK outer=1 enter=post_refresh rss=3799MB
RSS_SAMPLE t=197.2s rss=3807MB hwm=3811MB
RSS_SAMPLE t=197.4s rss=3807MB hwm=3811MB
RSS_SAMPLE t=197.7s rss=3807MB hwm=3811MB
RSS_SAMPLE t=197.9s rss=3808MB hwm=3811MB
RSS_SAMPLE t=198.2s rss=3808MB hwm=3811MB
RSS_SAMPLE t=198.4s rss=3808MB hwm=3811MB
RSS_SAMPLE t=198.7s rss=3808MB hwm=3811MB
RSS_SAMPLE t=198.9s rss=3808MB hwm=3811MB
RSS_SAMPLE t=199.2s rss=3808MB hwm=3811MB
RSS_SAMPLE t=199.4s rss=3808MB hwm=3811MB
RSS_SAMPLE t=199.7s rss=3901MB hwm=3901MB
RSS_SAMPLE t=199.9s rss=3927MB hwm=3927MB
RSS_SAMPLE t=200.2s rss=3945MB hwm=3945MB
RSS_SAMPLE t=200.4s rss=3970MB hwm=3970MB
RSS_SAMPLE t=200.7s rss=3979MB hwm=3979MB
RSS_SAMPLE t=200.9s rss=3984MB hwm=3984MB
RSS_SAMPLE t=201.2s rss=3988MB hwm=3988MB
RSS_SAMPLE t=201.4s rss=3990MB hwm=3990MB
RSS_SAMPLE t=201.7s rss=3993MB hwm=3993MB
RSS_SAMPLE t=201.9s rss=3993MB hwm=3993MB
RSS_SAMPLE t=202.2s rss=3995MB hwm=3995MB
RSS_SAMPLE t=202.4s rss=3995MB hwm=3995MB
RSS_SAMPLE t=202.7s rss=3996MB hwm=3996MB
RSS_SAMPLE t=202.9s rss=3997MB hwm=3997MB
RSS_SAMPLE t=203.2s rss=3997MB hwm=3997MB
RSS_SAMPLE t=203.4s rss=3997MB hwm=3997MB
RSS_SAMPLE t=203.7s rss=3998MB hwm=3998MB
RSS_SAMPLE t=203.9s rss=3998MB hwm=3998MB
RSS_SAMPLE t=204.2s rss=3998MB hwm=3998MB
RSS_SAMPLE t=204.4s rss=3999MB hwm=3999MB
RSS_SAMPLE t=204.7s rss=3999MB hwm=3999MB
RSS_SAMPLE t=204.9s rss=4000MB hwm=4000MB
RSS_SAMPLE t=205.2s rss=4001MB hwm=4001MB
RSS_SAMPLE t=205.4s rss=4002MB hwm=4002MB
RSS_SAMPLE t=205.7s rss=4002MB hwm=4002MB
RSS_SAMPLE t=205.9s rss=4003MB hwm=4003MB
RSS_SAMPLE t=206.2s rss=4003MB hwm=4003MB
RSS_SAMPLE t=206.4s rss=4004MB hwm=4004MB
RSS_SAMPLE t=206.7s rss=4004MB hwm=4004MB
RSS_SAMPLE t=206.9s rss=4004MB hwm=4004MB
RSS_SAMPLE t=207.2s rss=4005MB hwm=4005MB
RSS_SAMPLE t=207.4s rss=4006MB hwm=4006MB
RSS_SAMPLE t=207.7s rss=4006MB hwm=4006MB
RSS_SAMPLE t=207.9s rss=4006MB hwm=4006MB
RSS_SAMPLE t=208.2s rss=4007MB hwm=4007MB
RSS_SAMPLE t=208.4s rss=4008MB hwm=4008MB
RSS_SAMPLE t=208.7s rss=4008MB hwm=4008MB
RSS_SAMPLE t=208.9s rss=4009MB hwm=4009MB
RSS_SAMPLE t=209.2s rss=4009MB hwm=4009MB
RSS_SAMPLE t=209.4s rss=4010MB hwm=4010MB
RSS_SAMPLE t=209.7s rss=4011MB hwm=4011MB
RSS_SAMPLE t=209.9s rss=4012MB hwm=4012MB
RSS_SAMPLE t=210.2s rss=4012MB hwm=4012MB
RSS_SAMPLE t=210.4s rss=4013MB hwm=4013MB
RSS_SAMPLE t=210.7s rss=4014MB hwm=4014MB
RSS_SAMPLE t=210.9s rss=4014MB hwm=4014MB
RSS_SAMPLE t=211.2s rss=4015MB hwm=4015MB
RSS_SAMPLE t=211.4s rss=4015MB hwm=4015MB
RSS_SAMPLE t=211.7s rss=4015MB hwm=4015MB
RSS_SAMPLE t=211.9s rss=4016MB hwm=4016MB
RSS_SAMPLE t=212.2s rss=4017MB hwm=4017MB
RSS_SAMPLE t=212.4s rss=4017MB hwm=4017MB
RSS_SAMPLE t=212.7s rss=4017MB hwm=4017MB
RSS_SAMPLE t=212.9s rss=4018MB hwm=4018MB
RSS_SAMPLE t=213.2s rss=4018MB hwm=4018MB
RSS_SAMPLE t=213.4s rss=4018MB hwm=4018MB
RSS_SAMPLE t=213.7s rss=4018MB hwm=4018MB
RSS_SAMPLE t=213.9s rss=4019MB hwm=4019MB
RSS_SAMPLE t=214.2s rss=4020MB hwm=4020MB
RSS_SAMPLE t=214.4s rss=4020MB hwm=4020MB
RSS_SAMPLE t=214.7s rss=4020MB hwm=4020MB
RSS_SAMPLE t=214.9s rss=4021MB hwm=4021MB
RSS_SAMPLE t=215.2s rss=4021MB hwm=4021MB
RSS_SAMPLE t=215.4s rss=4022MB hwm=4022MB
RSS_SAMPLE t=215.7s rss=4022MB hwm=4022MB
RSS_SAMPLE t=215.9s rss=4022MB hwm=4022MB
RSS_SAMPLE t=216.2s rss=4023MB hwm=4023MB
RSS_SAMPLE t=216.4s rss=4023MB hwm=4023MB
RSS_SAMPLE t=216.7s rss=4024MB hwm=4024MB
RSS_SAMPLE t=216.9s rss=4024MB hwm=4024MB
RSS_SAMPLE t=217.2s rss=4024MB hwm=4024MB
RSS_SAMPLE t=217.4s rss=4025MB hwm=4025MB
RSS_SAMPLE t=217.7s rss=4025MB hwm=4025MB
RSS_SAMPLE t=217.9s rss=4025MB hwm=4025MB
RSS_SAMPLE t=218.2s rss=4026MB hwm=4026MB
RSS_SAMPLE t=218.4s rss=4026MB hwm=4026MB
RSS_SAMPLE t=218.7s rss=4026MB hwm=4026MB
RSS_SAMPLE t=218.9s rss=4026MB hwm=4026MB
RSS_SAMPLE t=219.2s rss=4027MB hwm=4027MB
RSS_SAMPLE t=219.4s rss=4028MB hwm=4028MB
RSS_SAMPLE t=219.7s rss=4029MB hwm=4029MB
RSS_SAMPLE t=219.9s rss=4030MB hwm=4030MB
RSS_SAMPLE t=220.2s rss=4030MB hwm=4030MB
RSS_SAMPLE t=220.4s rss=4031MB hwm=4031MB
RSS_SAMPLE t=220.7s rss=4031MB hwm=4031MB
RSS_SAMPLE t=220.9s rss=4032MB hwm=4032MB
RSS_SAMPLE t=221.2s rss=4032MB hwm=4032MB
RSS_SAMPLE t=221.4s rss=4032MB hwm=4032MB
RSS_SAMPLE t=221.7s rss=4032MB hwm=4032MB
RSS_SAMPLE t=221.9s rss=4032MB hwm=4032MB
RSS_SAMPLE t=222.2s rss=4032MB hwm=4032MB
RSS_SAMPLE t=222.4s rss=4032MB hwm=4032MB
RSS_SAMPLE t=222.7s rss=4032MB hwm=4032MB
RSS_SAMPLE t=222.9s rss=4032MB hwm=4032MB
RSS_SAMPLE t=223.2s rss=4032MB hwm=4032MB
RSS_SAMPLE t=223.4s rss=4032MB hwm=4032MB
RSS_SAMPLE t=223.7s rss=4032MB hwm=4032MB
RSS_SAMPLE t=223.9s rss=4032MB hwm=4032MB
RSS_SAMPLE t=224.2s rss=4032MB hwm=4032MB
RSS_SAMPLE t=224.4s rss=4032MB hwm=4032MB
RSS_SAMPLE t=224.7s rss=4032MB hwm=4032MB
RSS_SAMPLE t=224.9s rss=4032MB hwm=4032MB
RSS_SAMPLE t=225.2s rss=4032MB hwm=4032MB
RSS_SAMPLE t=225.4s rss=4032MB hwm=4032MB
RSS_SAMPLE t=225.7s rss=4032MB hwm=4032MB
RSS_SAMPLE t=225.9s rss=4032MB hwm=4032MB
RSS_SAMPLE t=226.2s rss=4032MB hwm=4032MB
RSS_SAMPLE t=226.4s rss=4032MB hwm=4032MB
RSS_SAMPLE t=226.7s rss=4032MB hwm=4032MB
RSS_SAMPLE t=226.9s rss=4032MB hwm=4032MB
RSS_SAMPLE t=227.2s rss=4032MB hwm=4032MB
RSS_SAMPLE t=227.4s rss=4032MB hwm=4032MB
RSS_SAMPLE t=227.7s rss=4032MB hwm=4032MB
RSS_SAMPLE t=227.9s rss=4032MB hwm=4032MB
RSS_SAMPLE t=228.2s rss=4032MB hwm=4032MB
RSS_SAMPLE t=228.4s rss=4032MB hwm=4032MB
RSS_SAMPLE t=228.7s rss=4032MB hwm=4032MB
RSS_SAMPLE t=228.9s rss=4032MB hwm=4032MB
RSS_SAMPLE t=229.2s rss=4032MB hwm=4032MB
RSS_SAMPLE t=229.4s rss=4032MB hwm=4032MB
RSS_SAMPLE t=229.7s rss=4032MB hwm=4032MB
RSS_SAMPLE t=229.9s rss=4032MB hwm=4032MB
RSS_SAMPLE t=230.2s rss=4032MB hwm=4032MB
RSS_SAMPLE t=230.5s rss=4032MB hwm=4032MB
RSS_SAMPLE t=230.7s rss=4032MB hwm=4032MB
RSS_SAMPLE t=231.0s rss=4032MB hwm=4032MB
RSS_SAMPLE t=231.2s rss=4032MB hwm=4032MB
RSS_SAMPLE t=231.5s rss=4032MB hwm=4032MB
RSS_SAMPLE t=231.7s rss=4032MB hwm=4032MB
RSS_SAMPLE t=232.0s rss=4032MB hwm=4032MB
RSS_SAMPLE t=232.2s rss=4032MB hwm=4032MB
RSS_SAMPLE t=232.5s rss=4032MB hwm=4032MB
RSS_SAMPLE t=232.7s rss=4032MB hwm=4032MB
RSS_SAMPLE t=233.0s rss=4032MB hwm=4032MB
RSS_SAMPLE t=233.2s rss=4032MB hwm=4032MB
RSS_SAMPLE t=233.5s rss=4032MB hwm=4032MB
RSS_SAMPLE t=233.7s rss=4032MB hwm=4032MB
RSS_SAMPLE t=234.0s rss=4032MB hwm=4032MB
RSS_SAMPLE t=234.2s rss=4032MB hwm=4032MB
RSS_SAMPLE t=234.5s rss=4032MB hwm=4032MB
RSS_SAMPLE t=234.7s rss=4032MB hwm=4032MB
RSS_SAMPLE t=235.0s rss=4032MB hwm=4032MB
RSS_SAMPLE t=235.2s rss=4032MB hwm=4032MB
RSS_SAMPLE t=235.5s rss=4032MB hwm=4032MB
RSS_SAMPLE t=235.7s rss=4032MB hwm=4032MB
RSS_SAMPLE t=236.0s rss=4032MB hwm=4032MB
RSS_SAMPLE t=236.2s rss=4032MB hwm=4032MB
RSS_SAMPLE t=236.5s rss=4032MB hwm=4032MB
RSS_SAMPLE t=236.7s rss=4032MB hwm=4032MB
RSS_SAMPLE t=237.0s rss=4032MB hwm=4032MB
RSS_SAMPLE t=237.2s rss=4032MB hwm=4032MB
RSS_SAMPLE t=237.5s rss=4032MB hwm=4032MB
RSS_SAMPLE t=237.7s rss=4032MB hwm=4032MB
RSS_SAMPLE t=238.0s rss=4032MB hwm=4032MB
RSS_SAMPLE t=238.2s rss=4032MB hwm=4032MB
RSS_SAMPLE t=238.5s rss=4032MB hwm=4032MB
MEM_POOL: workspaces=32 dense_usage_mb=1251 n_pipes=2562403
    post_solve_diag[outer=1]: solves=105117 cap_armed=105072 (100.0%) settle_avg=7343 above_sink_avg=62 (0.8%) settle_max=69353
    settle_hist[outer=1]: <100: 41289nets/0.1%work  <1k: 14837nets/0.9%work  <5k: 20370nets/5.7%work  <20k: 13138nets/19.9%work  <60k: 14098nets/61.7%work  >=60k: 1385nets/11.8%work
    rss_probe[outer=1]: pre_post_solve=3808MB post_post_solve=4052MB after_apply=4052MB
RSS_SAMPLE t=238.7s rss=4053MB hwm=4053MB
MuxSlotTracker[sweep 1 LEAK]: populated_cells=58765, overflow_tiles=3, at_cap_tiles=1102, peak_excess=8, capacity_hist={16:67346}
    E_decomp: base=9293943.6 eff=83143559085218.0 cong=83143549791274.3 cong_share=100.0% sat_pipes=120223 max_util=938.44  R_buckets: 1-2x=132493 2-10x=2571 10-100x=745 >=100x=2426594
    E_potential: beckmann=43645245418795.0 history_total=0.0
    SpanCache: epoch=2 entries=2691 lookups=2562403 hits=2559712 misses=2691 hit_rate=99.9%
  DCD   1: nets=105117 line=17041347 energy=15791990377.607 dE=+15789469825.682 friction=10823059.3 bins=2.4x(904) excess=326.1 moved=57626 disp=12.822 solves=105117 skip=105117 pops=771920837 theta=1.118 refresh=41777ms dcd=7067ms total=51433ms
    cache_stats: entries=35267353 capacity=60119696 est_mb=521 rss_mb=4053
RSS_SAMPLE t=239.0s rss=4053MB hwm=4053MB
RSS_SAMPLE t=239.2s rss=4053MB hwm=4053MB
RSS_SAMPLE t=239.5s rss=4053MB hwm=4053MB
RSS_SAMPLE t=239.7s rss=4053MB hwm=4053MB
RSS_SAMPLE t=240.0s rss=4053MB hwm=4053MB
RSS_SAMPLE t=240.2s rss=4053MB hwm=4053MB
RSS_SAMPLE t=240.5s rss=4053MB hwm=4053MB
RSS_SAMPLE t=240.7s rss=4053MB hwm=4053MB
RSS_SAMPLE t=241.0s rss=4053MB hwm=4053MB
RSS_SAMPLE t=241.2s rss=4053MB hwm=4053MB
    SwitchMatrix: type_usage_pairs=1324 lookups=3281 hits=1957 dijkstra_calls=1324 avg_us=10.7 total_ms=14.2
PHASE_MARK outer=2 enter=pre_solve rss=4053MB
    rss_probe[outer=2]: pre_refresh_rss=4053MB post_pre_solve_rss=4066MB cache_entries=35267353 cache_cap=60119696 cache_est_mb=521
    pre_solve_diag[outer=2]: solves=0 fallback=0 (0.0%) cap_armed=0 (0.0%) settle_avg=0 settle_max=0 init_count=248
    Overflow: over=109928 (4.3% of used) avg_excess=10.24 max_excess=3432.95 (nc=3456.95 cap=24 span=1)  excess_buckets: <=1=30073 1-5=51259 5-20=21821 >20=6775  by_cap: cap1=18060 cap2=79417 cap3-5=30 cap>5=12421  by_span: s1=709 s2-3=3675 s4-6=6501 s7-12=80609 s>12=18434  le1_cross: cap1=13423 cap2-5=14531 cap>5=2119
    Congestion: pipes=2562403 used=2562403 congested(>50%)=196640 saturated(>90%)=120223 max_util=938.44 avg_util=0.2566
PHASE_MARK outer=2 enter=dcd_sweep rss=4066MB
RSS_SAMPLE t=241.5s rss=4067MB hwm=4067MB
RSS_SAMPLE t=241.7s rss=4067MB hwm=4067MB
RSS_SAMPLE t=242.0s rss=4067MB hwm=4067MB
RSS_SAMPLE t=242.2s rss=4067MB hwm=4067MB
RSS_SAMPLE t=242.5s rss=4067MB hwm=4067MB
RSS_SAMPLE t=242.7s rss=4067MB hwm=4067MB
RSS_SAMPLE t=243.0s rss=4068MB hwm=4068MB
RSS_SAMPLE t=243.2s rss=4068MB hwm=4068MB
RSS_SAMPLE t=243.5s rss=4068MB hwm=4068MB
RSS_SAMPLE t=243.7s rss=4068MB hwm=4068MB
RSS_SAMPLE t=244.0s rss=4068MB hwm=4068MB
RSS_SAMPLE t=244.2s rss=4068MB hwm=4068MB
RSS_SAMPLE t=244.5s rss=4068MB hwm=4068MB
RSS_SAMPLE t=244.7s rss=4069MB hwm=4069MB
RSS_SAMPLE t=245.0s rss=4069MB hwm=4069MB
RSS_SAMPLE t=245.2s rss=4069MB hwm=4069MB
RSS_SAMPLE t=245.5s rss=4069MB hwm=4069MB
RSS_SAMPLE t=245.7s rss=4069MB hwm=4069MB
RSS_SAMPLE t=246.0s rss=4069MB hwm=4069MB
RSS_SAMPLE t=246.2s rss=4070MB hwm=4070MB
RSS_SAMPLE t=246.5s rss=4070MB hwm=4070MB
RSS_SAMPLE t=246.7s rss=4070MB hwm=4070MB
RSS_SAMPLE t=247.0s rss=4070MB hwm=4070MB
RSS_SAMPLE t=247.2s rss=4070MB hwm=4070MB
RSS_SAMPLE t=247.5s rss=4070MB hwm=4070MB
RSS_SAMPLE t=247.7s rss=4071MB hwm=4071MB
RSS_SAMPLE t=248.0s rss=4071MB hwm=4071MB
RSS_SAMPLE t=248.2s rss=4071MB hwm=4071MB
RSS_SAMPLE t=248.5s rss=4071MB hwm=4071MB
PHASE_MARK outer=2 leave=dcd_sweep rss=4071MB
PHASE_MARK outer=2 enter=post_refresh rss=4071MB
RSS_SAMPLE t=248.7s rss=4073MB hwm=4073MB
RSS_SAMPLE t=249.0s rss=4073MB hwm=4073MB
RSS_SAMPLE t=249.2s rss=4073MB hwm=4073MB
RSS_SAMPLE t=249.5s rss=4073MB hwm=4073MB
RSS_SAMPLE t=249.7s rss=4073MB hwm=4073MB
RSS_SAMPLE t=250.0s rss=4073MB hwm=4073MB
RSS_SAMPLE t=250.2s rss=4073MB hwm=4073MB
RSS_SAMPLE t=250.5s rss=4073MB hwm=4073MB
RSS_SAMPLE t=250.7s rss=4073MB hwm=4073MB
RSS_SAMPLE t=251.0s rss=4073MB hwm=4073MB
RSS_SAMPLE t=251.2s rss=4074MB hwm=4074MB
RSS_SAMPLE t=251.5s rss=4074MB hwm=4074MB
RSS_SAMPLE t=251.7s rss=4074MB hwm=4074MB
RSS_SAMPLE t=252.0s rss=4075MB hwm=4075MB
RSS_SAMPLE t=252.2s rss=4075MB hwm=4075MB
RSS_SAMPLE t=252.5s rss=4075MB hwm=4075MB
RSS_SAMPLE t=252.7s rss=4075MB hwm=4075MB
RSS_SAMPLE t=253.0s rss=4075MB hwm=4075MB
RSS_SAMPLE t=253.2s rss=4076MB hwm=4076MB
RSS_SAMPLE t=253.5s rss=4076MB hwm=4076MB
RSS_SAMPLE t=253.7s rss=4076MB hwm=4076MB
RSS_SAMPLE t=254.0s rss=4076MB hwm=4076MB
RSS_SAMPLE t=254.2s rss=4076MB hwm=4076MB
RSS_SAMPLE t=254.5s rss=4077MB hwm=4077MB
RSS_SAMPLE t=254.7s rss=4077MB hwm=4077MB
RSS_SAMPLE t=255.0s rss=4077MB hwm=4077MB
RSS_SAMPLE t=255.2s rss=4077MB hwm=4077MB
RSS_SAMPLE t=255.5s rss=4077MB hwm=4077MB
RSS_SAMPLE t=255.7s rss=4078MB hwm=4078MB
RSS_SAMPLE t=256.0s rss=4078MB hwm=4078MB
RSS_SAMPLE t=256.2s rss=4078MB hwm=4078MB
RSS_SAMPLE t=256.5s rss=4079MB hwm=4079MB
RSS_SAMPLE t=256.7s rss=4079MB hwm=4079MB
RSS_SAMPLE t=257.0s rss=4080MB hwm=4080MB
RSS_SAMPLE t=257.2s rss=4080MB hwm=4080MB
RSS_SAMPLE t=257.5s rss=4081MB hwm=4081MB
RSS_SAMPLE t=257.7s rss=4081MB hwm=4081MB
RSS_SAMPLE t=258.0s rss=4082MB hwm=4082MB
RSS_SAMPLE t=258.2s rss=4082MB hwm=4082MB
RSS_SAMPLE t=258.5s rss=4082MB hwm=4082MB
RSS_SAMPLE t=258.7s rss=4082MB hwm=4082MB
RSS_SAMPLE t=259.0s rss=4082MB hwm=4082MB
RSS_SAMPLE t=259.2s rss=4083MB hwm=4083MB
RSS_SAMPLE t=259.5s rss=4083MB hwm=4083MB
RSS_SAMPLE t=259.7s rss=4084MB hwm=4084MB
RSS_SAMPLE t=260.0s rss=4085MB hwm=4085MB
RSS_SAMPLE t=260.2s rss=4086MB hwm=4086MB
RSS_SAMPLE t=260.5s rss=4087MB hwm=4087MB
RSS_SAMPLE t=260.7s rss=4087MB hwm=4087MB
RSS_SAMPLE t=261.0s rss=4088MB hwm=4088MB
RSS_SAMPLE t=261.2s rss=4089MB hwm=4089MB
RSS_SAMPLE t=261.5s rss=4089MB hwm=4089MB
RSS_SAMPLE t=261.7s rss=4089MB hwm=4089MB
RSS_SAMPLE t=262.0s rss=4089MB hwm=4089MB
RSS_SAMPLE t=262.2s rss=4090MB hwm=4090MB
RSS_SAMPLE t=262.5s rss=4090MB hwm=4090MB
RSS_SAMPLE t=262.7s rss=4090MB hwm=4090MB
RSS_SAMPLE t=263.0s rss=4091MB hwm=4091MB
RSS_SAMPLE t=263.2s rss=4092MB hwm=4092MB
RSS_SAMPLE t=263.5s rss=4092MB hwm=4092MB
RSS_SAMPLE t=263.7s rss=4092MB hwm=4092MB
RSS_SAMPLE t=264.0s rss=4092MB hwm=4092MB
RSS_SAMPLE t=264.2s rss=4093MB hwm=4093MB
RSS_SAMPLE t=264.5s rss=4093MB hwm=4093MB
RSS_SAMPLE t=264.7s rss=4093MB hwm=4093MB
RSS_SAMPLE t=265.0s rss=4093MB hwm=4093MB
RSS_SAMPLE t=265.2s rss=4094MB hwm=4094MB
RSS_SAMPLE t=265.5s rss=4094MB hwm=4094MB
RSS_SAMPLE t=265.7s rss=4094MB hwm=4094MB
RSS_SAMPLE t=266.0s rss=4094MB hwm=4094MB
RSS_SAMPLE t=266.2s rss=4094MB hwm=4094MB
RSS_SAMPLE t=266.5s rss=4095MB hwm=4095MB
RSS_SAMPLE t=266.7s rss=4095MB hwm=4095MB
RSS_SAMPLE t=267.0s rss=4095MB hwm=4095MB
RSS_SAMPLE t=267.2s rss=4095MB hwm=4095MB
RSS_SAMPLE t=267.5s rss=4095MB hwm=4095MB
RSS_SAMPLE t=267.7s rss=4095MB hwm=4095MB
RSS_SAMPLE t=268.0s rss=4095MB hwm=4095MB
RSS_SAMPLE t=268.2s rss=4095MB hwm=4095MB
RSS_SAMPLE t=268.5s rss=4095MB hwm=4095MB
RSS_SAMPLE t=268.7s rss=4096MB hwm=4096MB
RSS_SAMPLE t=269.0s rss=4096MB hwm=4096MB
RSS_SAMPLE t=269.2s rss=4096MB hwm=4096MB
RSS_SAMPLE t=269.5s rss=4096MB hwm=4096MB
RSS_SAMPLE t=269.7s rss=4096MB hwm=4096MB
RSS_SAMPLE t=270.0s rss=4096MB hwm=4096MB
RSS_SAMPLE t=270.2s rss=4096MB hwm=4096MB
RSS_SAMPLE t=270.5s rss=4097MB hwm=4097MB
RSS_SAMPLE t=270.7s rss=4097MB hwm=4097MB
RSS_SAMPLE t=271.0s rss=4097MB hwm=4097MB
RSS_SAMPLE t=271.2s rss=4097MB hwm=4097MB
RSS_SAMPLE t=271.5s rss=4097MB hwm=4097MB
RSS_SAMPLE t=271.7s rss=4097MB hwm=4097MB
RSS_SAMPLE t=272.0s rss=4097MB hwm=4097MB
RSS_SAMPLE t=272.2s rss=4097MB hwm=4097MB
RSS_SAMPLE t=272.5s rss=4097MB hwm=4097MB
RSS_SAMPLE t=272.7s rss=4097MB hwm=4097MB
RSS_SAMPLE t=273.0s rss=4097MB hwm=4097MB
RSS_SAMPLE t=273.2s rss=4097MB hwm=4097MB
RSS_SAMPLE t=273.5s rss=4097MB hwm=4097MB
RSS_SAMPLE t=273.7s rss=4097MB hwm=4097MB
RSS_SAMPLE t=274.0s rss=4097MB hwm=4097MB
RSS_SAMPLE t=274.2s rss=4097MB hwm=4097MB
RSS_SAMPLE t=274.5s rss=4097MB hwm=4097MB
RSS_SAMPLE t=274.7s rss=4097MB hwm=4097MB
RSS_SAMPLE t=275.0s rss=4097MB hwm=4097MB
RSS_SAMPLE t=275.2s rss=4097MB hwm=4097MB
RSS_SAMPLE t=275.5s rss=4097MB hwm=4097MB
RSS_SAMPLE t=275.7s rss=4097MB hwm=4097MB
RSS_SAMPLE t=276.0s rss=4097MB hwm=4097MB
RSS_SAMPLE t=276.2s rss=4097MB hwm=4097MB
RSS_SAMPLE t=276.5s rss=4097MB hwm=4097MB
RSS_SAMPLE t=276.7s rss=4097MB hwm=4097MB
RSS_SAMPLE t=277.0s rss=4097MB hwm=4097MB
RSS_SAMPLE t=277.2s rss=4097MB hwm=4097MB
RSS_SAMPLE t=277.5s rss=4097MB hwm=4097MB
RSS_SAMPLE t=277.7s rss=4097MB hwm=4097MB
RSS_SAMPLE t=278.0s rss=4097MB hwm=4097MB
RSS_SAMPLE t=278.2s rss=4097MB hwm=4097MB
RSS_SAMPLE t=278.5s rss=4097MB hwm=4097MB
RSS_SAMPLE t=278.7s rss=4097MB hwm=4097MB
RSS_SAMPLE t=279.0s rss=4097MB hwm=4097MB
RSS_SAMPLE t=279.2s rss=4097MB hwm=4097MB
RSS_SAMPLE t=279.5s rss=4097MB hwm=4097MB
RSS_SAMPLE t=279.7s rss=4097MB hwm=4097MB
RSS_SAMPLE t=280.0s rss=4097MB hwm=4097MB
RSS_SAMPLE t=280.2s rss=4097MB hwm=4097MB
RSS_SAMPLE t=280.5s rss=4097MB hwm=4097MB
RSS_SAMPLE t=280.7s rss=4097MB hwm=4097MB
RSS_SAMPLE t=281.0s rss=4097MB hwm=4097MB
RSS_SAMPLE t=281.2s rss=4097MB hwm=4097MB
RSS_SAMPLE t=281.5s rss=4097MB hwm=4097MB
RSS_SAMPLE t=281.7s rss=4097MB hwm=4097MB
RSS_SAMPLE t=282.0s rss=4097MB hwm=4097MB
RSS_SAMPLE t=282.2s rss=4097MB hwm=4097MB
RSS_SAMPLE t=282.5s rss=4097MB hwm=4097MB
RSS_SAMPLE t=282.7s rss=4097MB hwm=4097MB
RSS_SAMPLE t=283.0s rss=4097MB hwm=4097MB
RSS_SAMPLE t=283.2s rss=4097MB hwm=4097MB
RSS_SAMPLE t=283.5s rss=4097MB hwm=4097MB
RSS_SAMPLE t=283.7s rss=4097MB hwm=4097MB
RSS_SAMPLE t=284.0s rss=4097MB hwm=4097MB
RSS_SAMPLE t=284.2s rss=4097MB hwm=4097MB
RSS_SAMPLE t=284.5s rss=4097MB hwm=4097MB
RSS_SAMPLE t=284.7s rss=4097MB hwm=4097MB
RSS_SAMPLE t=285.0s rss=4097MB hwm=4097MB
RSS_SAMPLE t=285.2s rss=4097MB hwm=4097MB
RSS_SAMPLE t=285.5s rss=4097MB hwm=4097MB
RSS_SAMPLE t=285.7s rss=4097MB hwm=4097MB
RSS_SAMPLE t=286.0s rss=4097MB hwm=4097MB
RSS_SAMPLE t=286.2s rss=4097MB hwm=4097MB
RSS_SAMPLE t=286.5s rss=4097MB hwm=4097MB
RSS_SAMPLE t=286.7s rss=4097MB hwm=4097MB
RSS_SAMPLE t=287.0s rss=4097MB hwm=4097MB
RSS_SAMPLE t=287.2s rss=4097MB hwm=4097MB
RSS_SAMPLE t=287.5s rss=4097MB hwm=4097MB
RSS_SAMPLE t=287.7s rss=4097MB hwm=4097MB
RSS_SAMPLE t=288.0s rss=4097MB hwm=4097MB
RSS_SAMPLE t=288.2s rss=4097MB hwm=4097MB
RSS_SAMPLE t=288.5s rss=4097MB hwm=4097MB
RSS_SAMPLE t=288.7s rss=4097MB hwm=4097MB
RSS_SAMPLE t=289.0s rss=4097MB hwm=4097MB
RSS_SAMPLE t=289.2s rss=4097MB hwm=4097MB
RSS_SAMPLE t=289.5s rss=4097MB hwm=4097MB
RSS_SAMPLE t=289.7s rss=4097MB hwm=4097MB
RSS_SAMPLE t=290.0s rss=4097MB hwm=4097MB
RSS_SAMPLE t=290.2s rss=4097MB hwm=4097MB
RSS_SAMPLE t=290.5s rss=4097MB hwm=4097MB
RSS_SAMPLE t=290.7s rss=4097MB hwm=4097MB
RSS_SAMPLE t=291.0s rss=4097MB hwm=4097MB
RSS_SAMPLE t=291.2s rss=4097MB hwm=4097MB
RSS_SAMPLE t=291.5s rss=4097MB hwm=4097MB
RSS_SAMPLE t=291.7s rss=4097MB hwm=4097MB
RSS_SAMPLE t=292.0s rss=4097MB hwm=4097MB
RSS_SAMPLE t=292.2s rss=4097MB hwm=4097MB
RSS_SAMPLE t=292.5s rss=4097MB hwm=4097MB
RSS_SAMPLE t=292.7s rss=4097MB hwm=4097MB
RSS_SAMPLE t=293.0s rss=4097MB hwm=4097MB
RSS_SAMPLE t=293.2s rss=4097MB hwm=4097MB
RSS_SAMPLE t=293.5s rss=4097MB hwm=4097MB
RSS_SAMPLE t=293.7s rss=4097MB hwm=4097MB
RSS_SAMPLE t=294.0s rss=4097MB hwm=4097MB
RSS_SAMPLE t=294.2s rss=4097MB hwm=4097MB
RSS_SAMPLE t=294.5s rss=4097MB hwm=4097MB
RSS_SAMPLE t=294.7s rss=4097MB hwm=4097MB
RSS_SAMPLE t=295.0s rss=4097MB hwm=4097MB
RSS_SAMPLE t=295.2s rss=4097MB hwm=4097MB
RSS_SAMPLE t=295.5s rss=4097MB hwm=4097MB
RSS_SAMPLE t=295.7s rss=4098MB hwm=4098MB
RSS_SAMPLE t=296.0s rss=4098MB hwm=4098MB
RSS_SAMPLE t=296.2s rss=4098MB hwm=4098MB
RSS_SAMPLE t=296.5s rss=4098MB hwm=4098MB
RSS_SAMPLE t=296.7s rss=4098MB hwm=4098MB
RSS_SAMPLE t=297.0s rss=4098MB hwm=4098MB
RSS_SAMPLE t=297.2s rss=4098MB hwm=4098MB
RSS_SAMPLE t=297.5s rss=4098MB hwm=4098MB
RSS_SAMPLE t=297.7s rss=4098MB hwm=4098MB
RSS_SAMPLE t=298.0s rss=4098MB hwm=4098MB
RSS_SAMPLE t=298.2s rss=4098MB hwm=4098MB
RSS_SAMPLE t=298.5s rss=4098MB hwm=4098MB
RSS_SAMPLE t=298.7s rss=4098MB hwm=4098MB
RSS_SAMPLE t=299.0s rss=4098MB hwm=4098MB
RSS_SAMPLE t=299.2s rss=4098MB hwm=4098MB
RSS_SAMPLE t=299.5s rss=4098MB hwm=4098MB
RSS_SAMPLE t=299.7s rss=4098MB hwm=4098MB
RSS_SAMPLE t=300.0s rss=4098MB hwm=4098MB
RSS_SAMPLE t=300.2s rss=4098MB hwm=4098MB
RSS_SAMPLE t=300.5s rss=4098MB hwm=4098MB
RSS_SAMPLE t=300.7s rss=4098MB hwm=4098MB
RSS_SAMPLE t=301.0s rss=4098MB hwm=4098MB
RSS_SAMPLE t=301.2s rss=4098MB hwm=4098MB
RSS_SAMPLE t=301.5s rss=4098MB hwm=4098MB
RSS_SAMPLE t=301.7s rss=4098MB hwm=4098MB
RSS_SAMPLE t=302.0s rss=4098MB hwm=4098MB
RSS_SAMPLE t=302.2s rss=4098MB hwm=4098MB
RSS_SAMPLE t=302.5s rss=4098MB hwm=4098MB
RSS_SAMPLE t=302.7s rss=4098MB hwm=4098MB
MEM_POOL: workspaces=32 dense_usage_mb=1251 n_pipes=2562403
    post_solve_diag[outer=2]: solves=105117 cap_armed=105099 (100.0%) settle_avg=6827 above_sink_avg=55 (0.8%) settle_max=69353
    settle_hist[outer=2]: <100: 42469nets/0.1%work  <1k: 14742nets/0.9%work  <5k: 20306nets/6.4%work  <20k: 13360nets/21.6%work  <60k: 13178nets/61.3%work  >=60k: 1062nets/9.7%work
    rss_probe[outer=2]: pre_post_solve=4073MB post_post_solve=4098MB after_apply=4098MB
MuxSlotTracker[sweep 2 LEAK]: populated_cells=60955, overflow_tiles=3, at_cap_tiles=1049, peak_excess=7, capacity_hist={16:67346}
RSS_SAMPLE t=303.0s rss=4099MB hwm=4099MB
    E_decomp: base=9254444.0 eff=119846476711722.8 cong=119846467457278.8 cong_share=100.0% sat_pipes=87457 max_util=1551.65  R_buckets: 1-2x=87244 2-10x=29138 10-100x=12399 >=100x=2433622
    E_potential: beckmann=791751957060395.1 history_total=0.0
    SpanCache: epoch=3 entries=3281 lookups=2562403 hits=2559122 misses=3281 hit_rate=99.9%
  DCD   2: nets=105117 line=16803328 energy=55885319905.594 dE=+40093329527.987 friction=93390494.5 bins=2.2x(877) excess=314.4 moved=59408 disp=9.109 solves=105117 skip=105117 pops=717637719 theta=5.000 refresh=54426ms dcd=7185ms total=64265ms
    cache_stats: entries=34277111 capacity=59384308 est_mb=515 rss_mb=4099
DCD done: energy=55885319905.594 line=16803328 friction=93390494.5 bins=2.2x(877) excess=314.4
MuxSlotTracker: 19148 commit rejections over entire DCD
MuxSlotTracker[post-DCD]: populated_cells=60955, overflow_tiles=3, at_cap_tiles=1049, peak_excess=7, capacity_hist={16:67346}
RSS_SAMPLE t=303.2s rss=2226MB hwm=4095MB
Pre-legalization: HPWL=13563165
  type DFF: 302 valid columns, 1077536 total BELs
  type LUT6: 302 valid columns, 538768 total BELs
TypeAwarePlacement: 2 cell types
RSS_SAMPLE t=303.5s rss=2300MB hwm=4095MB
RSS_SAMPLE t=303.8s rss=2300MB hwm=4095MB
RSS_SAMPLE t=304.0s rss=2300MB hwm=4095MB
RSS_SAMPLE t=304.3s rss=2300MB hwm=4095MB
RSS_SAMPLE t=304.5s rss=2300MB hwm=4095MB
RSS_SAMPLE t=304.8s rss=2300MB hwm=4095MB
RSS_SAMPLE t=305.0s rss=2300MB hwm=4095MB
RSS_SAMPLE t=305.3s rss=2300MB hwm=4095MB
RSS_SAMPLE t=305.5s rss=2300MB hwm=4095MB
RSS_SAMPLE t=305.8s rss=2300MB hwm=4095MB
RSS_SAMPLE t=306.0s rss=2300MB hwm=4095MB
RSS_SAMPLE t=306.3s rss=2300MB hwm=4095MB
RSS_SAMPLE t=306.5s rss=2300MB hwm=4095MB
RSS_SAMPLE t=306.8s rss=2300MB hwm=4095MB
RSS_SAMPLE t=307.0s rss=2300MB hwm=4095MB
RSS_SAMPLE t=307.3s rss=2300MB hwm=4095MB
RSS_SAMPLE t=307.5s rss=2300MB hwm=4095MB
RSS_SAMPLE t=307.8s rss=2300MB hwm=4095MB
RSS_SAMPLE t=308.0s rss=2300MB hwm=4095MB
RSS_SAMPLE t=308.3s rss=2300MB hwm=4095MB
RSS_SAMPLE t=308.5s rss=2300MB hwm=4095MB
RSS_SAMPLE t=308.8s rss=2300MB hwm=4095MB
RSS_SAMPLE t=309.0s rss=2300MB hwm=4095MB
RSS_SAMPLE t=309.3s rss=2300MB hwm=4095MB
RSS_SAMPLE t=309.5s rss=2300MB hwm=4095MB
RSS_SAMPLE t=309.8s rss=2300MB hwm=4095MB
RSS_SAMPLE t=310.0s rss=2300MB hwm=4095MB
RSS_SAMPLE t=310.3s rss=2300MB hwm=4095MB
RSS_SAMPLE t=310.5s rss=2300MB hwm=4095MB
RSS_SAMPLE t=310.8s rss=2300MB hwm=4095MB
  SortedLegalizer: cluster_rejects=348753 shared_mux_rejects=25311075 arch_validity_rejects=0
RSS_SAMPLE t=311.0s rss=2243MB hwm=4095MB
Post-legalization: HPWL=13293045, line=16775785
Per-net HPWL: 105118 nets, total=13293045
  #0: hpwl=531 fanout=93000 (0.0%)
  #1: hpwl=529 fanout=17 (0.0%)
  #2: hpwl=529 fanout=3 (0.0%)
  #3: hpwl=528 fanout=5 (0.0%)
  #4: hpwl=528 fanout=18 (0.0%)
  #5: hpwl=527 fanout=5 (0.0%)
  #6: hpwl=527 fanout=9 (0.0%)
  #7: hpwl=525 fanout=6 (0.0%)
  #8: hpwl=525 fanout=9 (0.0%)
  #9: hpwl=524 fanout=12 (0.0%)
  50% of HPWL from top 16774 nets (of 105118)
