Running scope as unit: run-r907264d4cf1a4697bb5eeee546498544.scope
chipdb: /home/kelvin/side-project/eisenjoch/chip_database/xc7_large.bin
design: /home/kelvin/side-project/eisenjoch/benchmark/ispd/generated/2016/FPGA01/FPGA01.json
RSS_SAMPLE t=0.0s rss=3MB hwm=3MB
RSS_SAMPLE t=0.3s rss=449MB hwm=449MB
RSS_SAMPLE t=0.5s rss=718MB hwm=718MB
RSS_SAMPLE t=0.8s rss=824MB hwm=824MB
RSS_SAMPLE t=1.0s rss=818MB hwm=823MB
RSS_SAMPLE t=1.3s rss=818MB hwm=823MB
RSS_SAMPLE t=1.5s rss=820MB hwm=823MB
cfg: max_outer_iters=3 blend_alpha=0.5 hardening_step=0 graph_model=TwoLevelPip
  topological compress: density=0.60 target_tiles=15971 final_tiles=15777 scale=1.851 center=(205.1,111.0)
  topological init: n_movable=76660, n_edges=229053, max_layer=26775, back_edges=54022, n_anchored=0
RSS_SAMPLE t=1.8s rss=820MB hwm=823MB
RSS_SAMPLE t=2.0s rss=820MB hwm=823MB
RSS_SAMPLE t=2.3s rss=820MB hwm=823MB
RSS_SAMPLE t=2.5s rss=820MB hwm=823MB
RSS_SAMPLE t=2.8s rss=820MB hwm=823MB
RSS_SAMPLE t=3.0s rss=820MB hwm=823MB
RSS_SAMPLE t=3.3s rss=820MB hwm=823MB
RSS_SAMPLE t=3.5s rss=820MB hwm=823MB
RSS_SAMPLE t=3.8s rss=820MB hwm=823MB
RSS_SAMPLE t=4.0s rss=820MB hwm=823MB
RSS_SAMPLE t=4.3s rss=820MB hwm=823MB
RSS_SAMPLE t=4.5s rss=820MB hwm=823MB
RSS_SAMPLE t=4.8s rss=820MB hwm=823MB
RSS_SAMPLE t=5.0s rss=820MB hwm=823MB
RSS_SAMPLE t=5.3s rss=820MB hwm=823MB
RSS_SAMPLE t=5.5s rss=820MB hwm=823MB
RSS_SAMPLE t=5.8s rss=820MB hwm=823MB
RSS_SAMPLE t=6.0s rss=820MB hwm=823MB
RSS_SAMPLE t=6.3s rss=820MB hwm=823MB
RSS_SAMPLE t=6.5s rss=820MB hwm=823MB
RSS_SAMPLE t=6.8s rss=820MB hwm=823MB
RSS_SAMPLE t=7.0s rss=820MB hwm=823MB
RSS_SAMPLE t=7.3s rss=820MB hwm=823MB
RSS_SAMPLE t=7.5s rss=820MB hwm=823MB
RSS_SAMPLE t=7.8s rss=820MB hwm=823MB
RSS_SAMPLE t=8.0s rss=820MB hwm=823MB
RSS_SAMPLE t=8.3s rss=820MB hwm=823MB
RSS_SAMPLE t=8.5s rss=820MB hwm=823MB
RSS_SAMPLE t=8.8s rss=820MB hwm=823MB
RSS_SAMPLE t=9.0s rss=820MB hwm=823MB
RSS_SAMPLE t=9.3s rss=820MB hwm=823MB
RSS_SAMPLE t=9.5s rss=820MB hwm=823MB
RSS_SAMPLE t=9.8s rss=820MB hwm=823MB
RSS_SAMPLE t=10.0s rss=820MB hwm=823MB
RSS_SAMPLE t=10.3s rss=820MB hwm=823MB
RSS_SAMPLE t=10.5s rss=820MB hwm=823MB
RSS_SAMPLE t=10.8s rss=820MB hwm=823MB
RSS_SAMPLE t=11.0s rss=820MB hwm=823MB
RSS_SAMPLE t=11.3s rss=820MB hwm=823MB
RSS_SAMPLE t=11.5s rss=820MB hwm=823MB
RSS_SAMPLE t=11.8s rss=820MB hwm=823MB
RSS_SAMPLE t=12.0s rss=820MB hwm=823MB
RSS_SAMPLE t=12.3s rss=820MB hwm=823MB
RSS_SAMPLE t=12.5s rss=820MB hwm=823MB
RSS_SAMPLE t=12.8s rss=820MB hwm=823MB
RSS_SAMPLE t=13.0s rss=820MB hwm=823MB
RSS_SAMPLE t=13.3s rss=820MB hwm=823MB
RSS_SAMPLE t=13.5s rss=820MB hwm=823MB
RSS_SAMPLE t=13.8s rss=820MB hwm=823MB
RSS_SAMPLE t=14.0s rss=820MB hwm=823MB
RSS_SAMPLE t=14.3s rss=820MB hwm=823MB
RSS_SAMPLE t=14.5s rss=820MB hwm=823MB
RSS_SAMPLE t=14.8s rss=820MB hwm=823MB
RSS_SAMPLE t=15.0s rss=820MB hwm=823MB
RSS_SAMPLE t=15.3s rss=820MB hwm=823MB
RSS_SAMPLE t=15.5s rss=820MB hwm=823MB
RSS_SAMPLE t=15.8s rss=820MB hwm=823MB
RSS_SAMPLE t=16.0s rss=820MB hwm=823MB
RSS_SAMPLE t=16.3s rss=820MB hwm=823MB
RSS_SAMPLE t=16.5s rss=820MB hwm=823MB
RSS_SAMPLE t=16.8s rss=820MB hwm=823MB
RSS_SAMPLE t=17.0s rss=820MB hwm=823MB
RSS_SAMPLE t=17.3s rss=820MB hwm=823MB
RSS_SAMPLE t=17.5s rss=820MB hwm=823MB
RSS_SAMPLE t=17.8s rss=820MB hwm=823MB
RSS_SAMPLE t=18.0s rss=820MB hwm=823MB
RSS_SAMPLE t=18.3s rss=820MB hwm=823MB
RSS_SAMPLE t=18.5s rss=820MB hwm=823MB
RSS_SAMPLE t=18.8s rss=820MB hwm=823MB
RSS_SAMPLE t=19.0s rss=820MB hwm=823MB
RSS_SAMPLE t=19.3s rss=820MB hwm=823MB
RSS_SAMPLE t=19.5s rss=820MB hwm=823MB
RSS_SAMPLE t=19.8s rss=820MB hwm=823MB
RSS_SAMPLE t=20.0s rss=820MB hwm=823MB
RSS_SAMPLE t=20.3s rss=820MB hwm=823MB
RSS_SAMPLE t=20.5s rss=820MB hwm=823MB
RSS_SAMPLE t=20.8s rss=820MB hwm=823MB
RSS_SAMPLE t=21.0s rss=820MB hwm=823MB
RSS_SAMPLE t=21.3s rss=820MB hwm=823MB
RSS_SAMPLE t=21.5s rss=820MB hwm=823MB
RSS_SAMPLE t=21.8s rss=820MB hwm=823MB
RSS_SAMPLE t=22.0s rss=820MB hwm=823MB
RSS_SAMPLE t=22.3s rss=820MB hwm=823MB
RSS_SAMPLE t=22.5s rss=820MB hwm=823MB
RSS_SAMPLE t=22.8s rss=820MB hwm=823MB
RSS_SAMPLE t=23.0s rss=820MB hwm=823MB
RSS_SAMPLE t=23.3s rss=820MB hwm=823MB
RSS_SAMPLE t=23.5s rss=820MB hwm=823MB
RSS_SAMPLE t=23.8s rss=820MB hwm=823MB
RSS_SAMPLE t=24.0s rss=820MB hwm=823MB
RSS_SAMPLE t=24.3s rss=820MB hwm=823MB
RSS_SAMPLE t=24.5s rss=820MB hwm=823MB
RSS_SAMPLE t=24.8s rss=820MB hwm=823MB
RSS_SAMPLE t=25.0s rss=820MB hwm=823MB
RSS_SAMPLE t=25.3s rss=820MB hwm=823MB
RSS_SAMPLE t=25.5s rss=820MB hwm=823MB
RSS_SAMPLE t=25.8s rss=820MB hwm=823MB
RSS_SAMPLE t=26.0s rss=820MB hwm=823MB
RSS_SAMPLE t=26.3s rss=820MB hwm=823MB
RSS_SAMPLE t=26.5s rss=820MB hwm=823MB
RSS_SAMPLE t=26.8s rss=820MB hwm=823MB
RSS_SAMPLE t=27.0s rss=820MB hwm=823MB
RSS_SAMPLE t=27.3s rss=820MB hwm=823MB
RSS_SAMPLE t=27.5s rss=820MB hwm=823MB
RSS_SAMPLE t=27.8s rss=820MB hwm=823MB
RSS_SAMPLE t=28.0s rss=820MB hwm=823MB
RSS_SAMPLE t=28.3s rss=820MB hwm=823MB
RSS_SAMPLE t=28.5s rss=820MB hwm=823MB
RSS_SAMPLE t=28.8s rss=820MB hwm=823MB
RSS_SAMPLE t=29.0s rss=820MB hwm=823MB
RSS_SAMPLE t=29.3s rss=820MB hwm=823MB
RSS_SAMPLE t=29.5s rss=820MB hwm=823MB
RSS_SAMPLE t=29.8s rss=820MB hwm=823MB
RSS_SAMPLE t=30.0s rss=820MB hwm=823MB
RSS_SAMPLE t=30.3s rss=820MB hwm=823MB
RSS_SAMPLE t=30.5s rss=820MB hwm=823MB
RSS_SAMPLE t=30.8s rss=820MB hwm=823MB
RSS_SAMPLE t=31.0s rss=820MB hwm=823MB
RSS_SAMPLE t=31.3s rss=820MB hwm=823MB
RSS_SAMPLE t=31.5s rss=820MB hwm=823MB
RSS_SAMPLE t=31.8s rss=820MB hwm=823MB
RSS_SAMPLE t=32.0s rss=820MB hwm=823MB
RSS_SAMPLE t=32.3s rss=820MB hwm=823MB
RSS_SAMPLE t=32.5s rss=820MB hwm=823MB
RSS_SAMPLE t=32.8s rss=820MB hwm=823MB
RSS_SAMPLE t=33.0s rss=820MB hwm=823MB
RSS_SAMPLE t=33.3s rss=820MB hwm=823MB
RSS_SAMPLE t=33.5s rss=820MB hwm=823MB
RSS_SAMPLE t=33.8s rss=820MB hwm=823MB
RSS_SAMPLE t=34.0s rss=820MB hwm=823MB
RSS_SAMPLE t=34.3s rss=820MB hwm=823MB
RSS_SAMPLE t=34.5s rss=820MB hwm=823MB
RSS_SAMPLE t=34.8s rss=820MB hwm=823MB
RSS_SAMPLE t=35.0s rss=820MB hwm=823MB
RSS_SAMPLE t=35.3s rss=820MB hwm=823MB
RSS_SAMPLE t=35.5s rss=820MB hwm=823MB
RSS_SAMPLE t=35.8s rss=820MB hwm=823MB
RSS_SAMPLE t=36.0s rss=820MB hwm=823MB
RSS_SAMPLE t=36.3s rss=820MB hwm=823MB
RSS_SAMPLE t=36.5s rss=820MB hwm=823MB
RSS_SAMPLE t=36.8s rss=820MB hwm=823MB
RSS_SAMPLE t=37.0s rss=820MB hwm=823MB
RSS_SAMPLE t=37.3s rss=820MB hwm=823MB
RSS_SAMPLE t=37.5s rss=820MB hwm=823MB
RSS_SAMPLE t=37.8s rss=820MB hwm=823MB
RSS_SAMPLE t=38.0s rss=820MB hwm=823MB
RSS_SAMPLE t=38.3s rss=820MB hwm=823MB
RSS_SAMPLE t=38.5s rss=820MB hwm=823MB
RSS_SAMPLE t=38.8s rss=820MB hwm=823MB
RSS_SAMPLE t=39.0s rss=820MB hwm=823MB
RSS_SAMPLE t=39.3s rss=820MB hwm=823MB
RSS_SAMPLE t=39.5s rss=820MB hwm=823MB
RSS_SAMPLE t=39.8s rss=820MB hwm=823MB
RSS_SAMPLE t=40.0s rss=820MB hwm=823MB
RSS_SAMPLE t=40.3s rss=820MB hwm=823MB
RSS_SAMPLE t=40.5s rss=820MB hwm=823MB
RSS_SAMPLE t=40.8s rss=820MB hwm=823MB
RSS_SAMPLE t=41.0s rss=820MB hwm=823MB
RSS_SAMPLE t=41.3s rss=820MB hwm=823MB
RSS_SAMPLE t=41.5s rss=820MB hwm=823MB
RSS_SAMPLE t=41.8s rss=820MB hwm=823MB
RSS_SAMPLE t=42.0s rss=820MB hwm=823MB
RSS_SAMPLE t=42.3s rss=820MB hwm=823MB
RSS_SAMPLE t=42.5s rss=820MB hwm=823MB
RSS_SAMPLE t=42.8s rss=820MB hwm=823MB
RSS_SAMPLE t=43.0s rss=820MB hwm=823MB
RSS_SAMPLE t=43.3s rss=820MB hwm=823MB
RSS_SAMPLE t=43.5s rss=820MB hwm=823MB
RSS_SAMPLE t=43.8s rss=820MB hwm=823MB
RSS_SAMPLE t=44.0s rss=820MB hwm=823MB
RSS_SAMPLE t=44.3s rss=820MB hwm=823MB
RSS_SAMPLE t=44.5s rss=820MB hwm=823MB
RSS_SAMPLE t=44.8s rss=820MB hwm=823MB
RSS_SAMPLE t=45.0s rss=820MB hwm=823MB
RSS_SAMPLE t=45.3s rss=820MB hwm=823MB
RSS_SAMPLE t=45.5s rss=820MB hwm=823MB
RSS_SAMPLE t=45.8s rss=820MB hwm=823MB
RSS_SAMPLE t=46.0s rss=820MB hwm=823MB
RSS_SAMPLE t=46.3s rss=820MB hwm=823MB
RSS_SAMPLE t=46.5s rss=820MB hwm=823MB
RSS_SAMPLE t=46.8s rss=820MB hwm=823MB
RSS_SAMPLE t=47.0s rss=820MB hwm=823MB
RSS_SAMPLE t=47.3s rss=820MB hwm=823MB
RSS_SAMPLE t=47.5s rss=820MB hwm=823MB
RSS_SAMPLE t=47.8s rss=820MB hwm=823MB
RSS_SAMPLE t=48.0s rss=820MB hwm=823MB
RSS_SAMPLE t=48.3s rss=820MB hwm=823MB
RSS_SAMPLE t=48.5s rss=820MB hwm=823MB
RSS_SAMPLE t=48.8s rss=820MB hwm=823MB
RSS_SAMPLE t=49.0s rss=820MB hwm=823MB
RSS_SAMPLE t=49.3s rss=820MB hwm=823MB
RSS_SAMPLE t=49.5s rss=820MB hwm=823MB
RSS_SAMPLE t=49.8s rss=820MB hwm=823MB
RSS_SAMPLE t=50.0s rss=820MB hwm=823MB
RSS_SAMPLE t=50.3s rss=820MB hwm=823MB
RSS_SAMPLE t=50.5s rss=820MB hwm=823MB
RSS_SAMPLE t=50.8s rss=820MB hwm=823MB
RSS_SAMPLE t=51.0s rss=820MB hwm=823MB
RSS_SAMPLE t=51.3s rss=820MB hwm=823MB
RSS_SAMPLE t=51.5s rss=820MB hwm=823MB
RSS_SAMPLE t=51.8s rss=820MB hwm=823MB
RSS_SAMPLE t=52.0s rss=820MB hwm=823MB
RSS_SAMPLE t=52.3s rss=820MB hwm=823MB
RSS_SAMPLE t=52.5s rss=820MB hwm=823MB
RSS_SAMPLE t=52.8s rss=820MB hwm=823MB
RSS_SAMPLE t=53.0s rss=820MB hwm=823MB
RSS_SAMPLE t=53.3s rss=820MB hwm=823MB
RSS_SAMPLE t=53.5s rss=820MB hwm=823MB
RSS_SAMPLE t=53.8s rss=849MB hwm=849MB
RSS_SAMPLE t=54.0s rss=893MB hwm=893MB
RSS_SAMPLE t=54.3s rss=931MB hwm=931MB
RSS_SAMPLE t=54.5s rss=933MB hwm=933MB
RSS_SAMPLE t=54.8s rss=933MB hwm=933MB
RSS_SAMPLE t=55.0s rss=933MB hwm=933MB
RSS_SAMPLE t=55.3s rss=933MB hwm=933MB
RSS_SAMPLE t=55.5s rss=933MB hwm=933MB
  Skipped truly-null coarse cells: 0 (of 69353 total); pruned pipes: src_null=0 dst_null=0
  Pipe capacity by span:
    span=  1: 138172 pipes, cap min=1 avg=134.5 max=432
    span=  2: 136455 pipes, cap min=2 avg=50.7 max=118
    span=  3: 135619 pipes, cap min=2 avg=26.1 max=52
    span=  4: 136319 pipes, cap min=2 avg=22.7 max=140
    span=  5: 135918 pipes, cap min=2 avg=66.1 max=124
    span=  6: 201217 pipes, cap min=2 avg=15.2 max=28
    span=  7: 200933 pipes, cap min=1 avg=7.3 max=20
    span=  8: 132748 pipes, cap min=2 avg=6.0 max=10
    span=  9: 130848 pipes, cap min=2 avg=6.0 max=10
    span= 10: 131090 pipes, cap min=2 avg=2.2 max=31
    span= 11: 129628 pipes, cap min=2 avg=2.0 max=4
    span= 12: 129018 pipes, cap min=2 avg=2.0 max=4
    span= 13: 128408 pipes, cap min=1 avg=1.5 max=4
    span= 14: 127798 pipes, cap min=1 avg=1.0 max=2
    span= 15: 127188 pipes, cap min=1 avg=1.0 max=2
    span= 16: 126578 pipes, cap min=1 avg=1.0 max=2
    span= 17: 125968 pipes, cap min=1 avg=1.0 max=2
    span= 18: 125358 pipes, cap min=1 avg=1.0 max=2
    span= 19: 63140 pipes, cap min=1 avg=1.0 max=2
  Thin span-1 pipes (cap<=2): 222 total, by tile-type pair (top 20):
    NULL <-> NULL: 220
    CLK_BUFG <-> NULL: 2
  Pipe cost: span^0.50 model (r1=1), span-1=1.000, span-12=3.464, 2×span-6=4.899, 12×span-1=12.000
RSS_SAMPLE t=55.8s rss=934MB hwm=934MB
  topological compress: density=0.60 target_tiles=15971 final_tiles=15777 scale=1.851 center=(205.1,111.0)
  topological init: n_movable=76660, n_edges=229053, max_layer=26775, back_edges=54022, n_anchored=0
  type DFF: 302 valid columns, 1077536 total BELs
  type LUT6: 302 valid columns, 538768 total BELs
TypeAwarePlacement: 2 cell types
Coordinate descent mode: 76660 cells, scale 1.00
CellValidityMask: 76660 cells, 311x223 grid, 2 bucket masks, per-cell valid positions: min=67346 avg=67346.0 max=67346, unmapped cells=0
RSS_SAMPLE t=56.0s rss=1030MB hwm=1030MB
MuxSlotTracker: 76660 cells (76660 with external fanout), 67346 tiles, total_cap=1077536, active_buckets=[DFF,LUT6], built in 69.4ms
MuxSlotTracker[post-seed]: populated_cells=27114, overflow_tiles=518, at_cap_tiles=50, peak_excess=41, capacity_hist={16:67346}
DCD placer: 76660 cells, 69353 nodes, outer_iters=3, dcd_iters_per_cell=8, graph_model=TwoLevelPip
MEM_STATIC: pipes=352MB nodes=1MB adjacency=78MB pipe_cost_vecs=59MB validity_mask=0MB n_pipes=2562403 n_edges=5124806 rss=1044MB
Softmin position update: enabled, theta 0.250 -> 5.000 (anneal over 3 iters)
RSS_SAMPLE t=56.3s rss=1071MB hwm=1071MB
RSS_SAMPLE t=56.5s rss=1071MB hwm=1071MB
RSS_SAMPLE t=56.8s rss=1071MB hwm=1071MB
RSS_SAMPLE t=57.0s rss=1071MB hwm=1071MB
RSS_SAMPLE t=57.3s rss=1071MB hwm=1071MB
RSS_SAMPLE t=57.5s rss=1071MB hwm=1071MB
RSS_SAMPLE t=57.8s rss=1071MB hwm=1071MB
RSS_SAMPLE t=58.0s rss=1071MB hwm=1071MB
RSS_SAMPLE t=58.3s rss=1071MB hwm=1071MB
RSS_SAMPLE t=58.5s rss=1071MB hwm=1071MB
    SwitchMatrix: type_usage_pairs=7 lookups=110 hits=103 dijkstra_calls=7 avg_us=10.4 total_ms=0.1
PHASE_MARK outer=0 enter=pre_solve rss=1074MB
RSS_SAMPLE t=58.8s rss=1173MB hwm=1173MB
RSS_SAMPLE t=59.0s rss=1222MB hwm=1222MB
RSS_SAMPLE t=59.3s rss=1235MB hwm=1235MB
RSS_SAMPLE t=59.5s rss=1242MB hwm=1242MB
RSS_SAMPLE t=59.8s rss=1247MB hwm=1247MB
RSS_SAMPLE t=60.0s rss=1251MB hwm=1251MB
RSS_SAMPLE t=60.3s rss=1256MB hwm=1256MB
RSS_SAMPLE t=60.5s rss=1259MB hwm=1259MB
RSS_SAMPLE t=60.8s rss=1264MB hwm=1264MB
RSS_SAMPLE t=61.0s rss=1270MB hwm=1270MB
RSS_SAMPLE t=61.3s rss=1275MB hwm=1275MB
RSS_SAMPLE t=61.5s rss=1284MB hwm=1284MB
RSS_SAMPLE t=61.8s rss=1289MB hwm=1289MB
RSS_SAMPLE t=62.0s rss=1295MB hwm=1295MB
RSS_SAMPLE t=62.3s rss=1302MB hwm=1302MB
RSS_SAMPLE t=62.5s rss=1308MB hwm=1308MB
RSS_SAMPLE t=62.8s rss=1313MB hwm=1313MB
RSS_SAMPLE t=63.0s rss=1320MB hwm=1320MB
RSS_SAMPLE t=63.3s rss=1326MB hwm=1326MB
RSS_SAMPLE t=63.5s rss=1331MB hwm=1331MB
RSS_SAMPLE t=63.8s rss=1337MB hwm=1337MB
RSS_SAMPLE t=64.0s rss=1343MB hwm=1343MB
RSS_SAMPLE t=64.3s rss=1348MB hwm=1348MB
RSS_SAMPLE t=64.5s rss=1355MB hwm=1355MB
RSS_SAMPLE t=64.8s rss=1360MB hwm=1360MB
RSS_SAMPLE t=65.0s rss=1365MB hwm=1365MB
RSS_SAMPLE t=65.3s rss=1372MB hwm=1372MB
RSS_SAMPLE t=65.5s rss=1380MB hwm=1380MB
RSS_SAMPLE t=65.8s rss=1385MB hwm=1385MB
RSS_SAMPLE t=66.0s rss=1391MB hwm=1391MB
RSS_SAMPLE t=66.3s rss=1397MB hwm=1397MB
RSS_SAMPLE t=66.5s rss=1404MB hwm=1404MB
RSS_SAMPLE t=66.8s rss=1410MB hwm=1410MB
RSS_SAMPLE t=67.0s rss=1417MB hwm=1417MB
RSS_SAMPLE t=67.3s rss=1424MB hwm=1424MB
RSS_SAMPLE t=67.5s rss=1430MB hwm=1430MB
RSS_SAMPLE t=67.8s rss=1437MB hwm=1437MB
RSS_SAMPLE t=68.0s rss=1445MB hwm=1445MB
RSS_SAMPLE t=68.3s rss=1451MB hwm=1451MB
RSS_SAMPLE t=68.5s rss=1456MB hwm=1456MB
RSS_SAMPLE t=68.8s rss=1463MB hwm=1463MB
RSS_SAMPLE t=69.0s rss=1471MB hwm=1471MB
RSS_SAMPLE t=69.3s rss=1477MB hwm=1477MB
RSS_SAMPLE t=69.5s rss=1483MB hwm=1483MB
RSS_SAMPLE t=69.8s rss=1490MB hwm=1490MB
RSS_SAMPLE t=70.0s rss=1496MB hwm=1496MB
RSS_SAMPLE t=70.3s rss=1503MB hwm=1503MB
RSS_SAMPLE t=70.5s rss=1508MB hwm=1508MB
RSS_SAMPLE t=70.8s rss=1515MB hwm=1515MB
RSS_SAMPLE t=71.0s rss=1521MB hwm=1521MB
RSS_SAMPLE t=71.3s rss=1527MB hwm=1527MB
RSS_SAMPLE t=71.6s rss=1533MB hwm=1533MB
RSS_SAMPLE t=71.8s rss=1539MB hwm=1539MB
RSS_SAMPLE t=72.1s rss=1546MB hwm=1546MB
RSS_SAMPLE t=72.3s rss=1550MB hwm=1550MB
RSS_SAMPLE t=72.6s rss=1558MB hwm=1558MB
RSS_SAMPLE t=72.8s rss=1564MB hwm=1564MB
RSS_SAMPLE t=73.1s rss=1570MB hwm=1570MB
RSS_SAMPLE t=73.3s rss=1577MB hwm=1577MB
RSS_SAMPLE t=73.6s rss=1584MB hwm=1584MB
RSS_SAMPLE t=73.8s rss=1590MB hwm=1590MB
RSS_SAMPLE t=74.1s rss=1597MB hwm=1597MB
RSS_SAMPLE t=74.3s rss=1604MB hwm=1604MB
RSS_SAMPLE t=74.6s rss=1610MB hwm=1610MB
RSS_SAMPLE t=74.8s rss=1617MB hwm=1617MB
RSS_SAMPLE t=75.1s rss=1622MB hwm=1622MB
RSS_SAMPLE t=75.3s rss=1628MB hwm=1628MB
RSS_SAMPLE t=75.6s rss=1636MB hwm=1636MB
RSS_SAMPLE t=75.8s rss=1643MB hwm=1643MB
RSS_SAMPLE t=76.1s rss=1650MB hwm=1650MB
RSS_SAMPLE t=76.3s rss=1655MB hwm=1655MB
RSS_SAMPLE t=76.6s rss=1662MB hwm=1662MB
RSS_SAMPLE t=76.8s rss=1668MB hwm=1668MB
RSS_SAMPLE t=77.1s rss=1674MB hwm=1674MB
RSS_SAMPLE t=77.3s rss=1681MB hwm=1681MB
RSS_SAMPLE t=77.6s rss=1688MB hwm=1688MB
RSS_SAMPLE t=77.8s rss=1695MB hwm=1695MB
RSS_SAMPLE t=78.1s rss=1702MB hwm=1702MB
RSS_SAMPLE t=78.3s rss=1709MB hwm=1709MB
RSS_SAMPLE t=78.6s rss=1716MB hwm=1716MB
RSS_SAMPLE t=78.8s rss=1723MB hwm=1723MB
RSS_SAMPLE t=79.1s rss=1730MB hwm=1730MB
RSS_SAMPLE t=79.3s rss=1737MB hwm=1737MB
RSS_SAMPLE t=79.6s rss=1743MB hwm=1743MB
RSS_SAMPLE t=79.8s rss=1749MB hwm=1749MB
RSS_SAMPLE t=80.1s rss=1756MB hwm=1756MB
RSS_SAMPLE t=80.3s rss=1762MB hwm=1762MB
RSS_SAMPLE t=80.6s rss=1769MB hwm=1769MB
RSS_SAMPLE t=80.8s rss=1776MB hwm=1776MB
RSS_SAMPLE t=81.1s rss=1782MB hwm=1782MB
RSS_SAMPLE t=81.3s rss=1789MB hwm=1789MB
RSS_SAMPLE t=81.6s rss=1796MB hwm=1796MB
RSS_SAMPLE t=81.8s rss=1803MB hwm=1803MB
RSS_SAMPLE t=82.1s rss=1812MB hwm=1812MB
RSS_SAMPLE t=82.3s rss=1817MB hwm=1817MB
RSS_SAMPLE t=82.6s rss=1824MB hwm=1824MB
RSS_SAMPLE t=82.8s rss=1831MB hwm=1831MB
RSS_SAMPLE t=83.1s rss=1837MB hwm=1837MB
RSS_SAMPLE t=83.3s rss=1845MB hwm=1845MB
RSS_SAMPLE t=83.6s rss=1852MB hwm=1852MB
RSS_SAMPLE t=83.8s rss=1857MB hwm=1857MB
RSS_SAMPLE t=84.1s rss=1864MB hwm=1864MB
RSS_SAMPLE t=84.3s rss=1869MB hwm=1869MB
RSS_SAMPLE t=84.6s rss=1874MB hwm=1874MB
RSS_SAMPLE t=84.8s rss=1878MB hwm=1878MB
RSS_SAMPLE t=85.1s rss=1880MB hwm=1880MB
RSS_SAMPLE t=85.3s rss=1883MB hwm=1883MB
RSS_SAMPLE t=85.6s rss=1884MB hwm=1884MB
RSS_SAMPLE t=85.8s rss=1885MB hwm=1885MB
RSS_SAMPLE t=86.1s rss=1886MB hwm=1886MB
RSS_SAMPLE t=86.3s rss=1886MB hwm=1886MB
RSS_SAMPLE t=86.6s rss=1887MB hwm=1887MB
RSS_SAMPLE t=86.8s rss=1887MB hwm=1887MB
RSS_SAMPLE t=87.1s rss=1887MB hwm=1887MB
RSS_SAMPLE t=87.3s rss=1888MB hwm=1888MB
RSS_SAMPLE t=87.6s rss=1888MB hwm=1888MB
RSS_SAMPLE t=87.8s rss=1888MB hwm=1888MB
RSS_SAMPLE t=88.1s rss=1889MB hwm=1889MB
RSS_SAMPLE t=88.3s rss=1889MB hwm=1889MB
RSS_SAMPLE t=88.6s rss=1889MB hwm=1889MB
RSS_SAMPLE t=88.8s rss=1889MB hwm=1889MB
RSS_SAMPLE t=89.1s rss=1890MB hwm=1890MB
RSS_SAMPLE t=89.3s rss=1890MB hwm=1890MB
RSS_SAMPLE t=89.6s rss=1890MB hwm=1890MB
RSS_SAMPLE t=89.8s rss=1891MB hwm=1891MB
RSS_SAMPLE t=90.1s rss=1891MB hwm=1891MB
RSS_SAMPLE t=90.3s rss=1891MB hwm=1891MB
RSS_SAMPLE t=90.6s rss=1892MB hwm=1892MB
RSS_SAMPLE t=90.8s rss=1892MB hwm=1892MB
RSS_SAMPLE t=91.1s rss=1892MB hwm=1892MB
RSS_SAMPLE t=91.3s rss=1893MB hwm=1893MB
RSS_SAMPLE t=91.6s rss=1893MB hwm=1893MB
RSS_SAMPLE t=91.8s rss=1893MB hwm=1893MB
RSS_SAMPLE t=92.1s rss=1893MB hwm=1893MB
RSS_SAMPLE t=92.3s rss=1894MB hwm=1894MB
RSS_SAMPLE t=92.6s rss=1894MB hwm=1894MB
RSS_SAMPLE t=92.8s rss=1894MB hwm=1894MB
RSS_SAMPLE t=93.1s rss=1895MB hwm=1895MB
RSS_SAMPLE t=93.3s rss=1895MB hwm=1895MB
RSS_SAMPLE t=93.6s rss=1895MB hwm=1895MB
RSS_SAMPLE t=93.8s rss=1896MB hwm=1896MB
RSS_SAMPLE t=94.1s rss=1896MB hwm=1896MB
RSS_SAMPLE t=94.3s rss=1896MB hwm=1896MB
RSS_SAMPLE t=94.6s rss=1896MB hwm=1896MB
RSS_SAMPLE t=94.8s rss=1897MB hwm=1897MB
RSS_SAMPLE t=95.1s rss=1897MB hwm=1897MB
RSS_SAMPLE t=95.3s rss=1897MB hwm=1897MB
RSS_SAMPLE t=95.6s rss=1897MB hwm=1897MB
RSS_SAMPLE t=95.8s rss=1898MB hwm=1898MB
RSS_SAMPLE t=96.1s rss=1898MB hwm=1898MB
RSS_SAMPLE t=96.3s rss=1898MB hwm=1898MB
RSS_SAMPLE t=96.6s rss=1898MB hwm=1898MB
RSS_SAMPLE t=96.8s rss=1898MB hwm=1898MB
RSS_SAMPLE t=97.1s rss=1899MB hwm=1899MB
RSS_SAMPLE t=97.3s rss=1899MB hwm=1899MB
RSS_SAMPLE t=97.6s rss=1900MB hwm=1900MB
RSS_SAMPLE t=97.8s rss=1900MB hwm=1900MB
RSS_SAMPLE t=98.1s rss=1901MB hwm=1901MB
RSS_SAMPLE t=98.3s rss=1901MB hwm=1901MB
RSS_SAMPLE t=98.6s rss=1901MB hwm=1901MB
RSS_SAMPLE t=98.8s rss=1902MB hwm=1902MB
RSS_SAMPLE t=99.1s rss=1902MB hwm=1902MB
RSS_SAMPLE t=99.3s rss=1902MB hwm=1902MB
RSS_SAMPLE t=99.6s rss=1903MB hwm=1903MB
RSS_SAMPLE t=99.8s rss=1903MB hwm=1903MB
RSS_SAMPLE t=100.1s rss=1903MB hwm=1903MB
RSS_SAMPLE t=100.3s rss=1904MB hwm=1904MB
RSS_SAMPLE t=100.6s rss=1904MB hwm=1904MB
RSS_SAMPLE t=100.8s rss=1904MB hwm=1904MB
RSS_SAMPLE t=101.1s rss=1905MB hwm=1905MB
RSS_SAMPLE t=101.3s rss=1905MB hwm=1905MB
RSS_SAMPLE t=101.6s rss=1905MB hwm=1905MB
RSS_SAMPLE t=101.8s rss=1905MB hwm=1905MB
RSS_SAMPLE t=102.1s rss=1906MB hwm=1906MB
RSS_SAMPLE t=102.3s rss=1906MB hwm=1906MB
RSS_SAMPLE t=102.6s rss=1906MB hwm=1906MB
RSS_SAMPLE t=102.8s rss=1907MB hwm=1907MB
RSS_SAMPLE t=103.1s rss=1907MB hwm=1907MB
RSS_SAMPLE t=103.3s rss=1907MB hwm=1907MB
RSS_SAMPLE t=103.6s rss=1908MB hwm=1908MB
RSS_SAMPLE t=103.8s rss=1908MB hwm=1908MB
    rss_probe[outer=0]: pre_refresh_rss=1074MB post_pre_solve_rss=1908MB cache_entries=42424857 cache_cap=69325648 cache_est_mb=600
    pre_solve_diag[outer=0]: solves=105117 fallback=0 (0.0%) cap_armed=105117 (100.0%) settle_avg=10344 settle_max=69353 init_count=254
  Cell placement by tile type (iter 0, 76660 cells):
    NULL: 31596
    CLB: 27114
    IOB_W: 15019
    CLK_BUFG: 2320
    BRAM: 351
    DSP: 182
    IOB_E: 78
    Overflow: over=0 (0.0% of used) avg_excess=0.00 max_excess=0.00 (nc=0.00 cap=0 span=0)  excess_buckets: <=1=0 1-5=0 5-20=0 >20=0  by_cap: cap1=0 cap2=0 cap3-5=0 cap>5=0  by_span: s1=0 s2-3=0 s4-6=0 s7-12=0 s>12=0  le1_cross: cap1=0 cap2-5=0 cap>5=0
    Congestion: pipes=2562403 used=0 congested(>50%)=0 saturated(>90%)=0 max_util=0.00 avg_util=0.0000
PHASE_MARK outer=0 enter=dcd_sweep rss=1908MB
RSS_SAMPLE t=104.1s rss=1908MB hwm=1908MB
RSS_SAMPLE t=104.3s rss=1908MB hwm=1908MB
RSS_SAMPLE t=104.6s rss=1908MB hwm=1908MB
RSS_SAMPLE t=104.8s rss=1909MB hwm=1909MB
RSS_SAMPLE t=105.1s rss=1909MB hwm=1909MB
RSS_SAMPLE t=105.3s rss=1909MB hwm=1909MB
RSS_SAMPLE t=105.6s rss=1909MB hwm=1909MB
RSS_SAMPLE t=105.8s rss=1909MB hwm=1909MB
RSS_SAMPLE t=106.1s rss=1909MB hwm=1909MB
RSS_SAMPLE t=106.3s rss=1910MB hwm=1910MB
RSS_SAMPLE t=106.6s rss=1910MB hwm=1910MB
RSS_SAMPLE t=106.8s rss=1910MB hwm=1910MB
RSS_SAMPLE t=107.1s rss=1910MB hwm=1910MB
RSS_SAMPLE t=107.3s rss=1910MB hwm=1910MB
RSS_SAMPLE t=107.6s rss=1910MB hwm=1910MB
RSS_SAMPLE t=107.8s rss=1911MB hwm=1911MB
RSS_SAMPLE t=108.1s rss=1911MB hwm=1911MB
RSS_SAMPLE t=108.3s rss=1911MB hwm=1911MB
RSS_SAMPLE t=108.6s rss=1911MB hwm=1911MB
RSS_SAMPLE t=108.8s rss=1911MB hwm=1911MB
RSS_SAMPLE t=109.1s rss=1912MB hwm=1912MB
RSS_SAMPLE t=109.3s rss=1912MB hwm=1912MB
RSS_SAMPLE t=109.6s rss=1912MB hwm=1912MB
RSS_SAMPLE t=109.8s rss=1912MB hwm=1912MB
RSS_SAMPLE t=110.1s rss=1912MB hwm=1912MB
RSS_SAMPLE t=110.3s rss=1912MB hwm=1912MB
RSS_SAMPLE t=110.6s rss=1913MB hwm=1913MB
RSS_SAMPLE t=110.8s rss=1913MB hwm=1913MB
PHASE_MARK outer=0 leave=dcd_sweep rss=1913MB
PHASE_MARK outer=0 enter=post_refresh rss=1913MB
RSS_SAMPLE t=111.1s rss=1942MB hwm=1942MB
RSS_SAMPLE t=111.3s rss=1942MB hwm=1942MB
RSS_SAMPLE t=111.6s rss=1942MB hwm=1942MB
RSS_SAMPLE t=111.8s rss=1942MB hwm=1942MB
RSS_SAMPLE t=112.1s rss=1942MB hwm=1942MB
RSS_SAMPLE t=112.3s rss=1942MB hwm=1942MB
RSS_SAMPLE t=112.6s rss=1942MB hwm=1942MB
RSS_SAMPLE t=112.8s rss=1942MB hwm=1942MB
RSS_SAMPLE t=113.1s rss=1942MB hwm=1942MB
RSS_SAMPLE t=113.3s rss=1942MB hwm=1942MB
RSS_SAMPLE t=113.6s rss=1942MB hwm=1942MB
RSS_SAMPLE t=113.8s rss=2701MB hwm=2701MB
RSS_SAMPLE t=114.1s rss=3395MB hwm=3395MB
RSS_SAMPLE t=114.3s rss=3573MB hwm=3573MB
RSS_SAMPLE t=114.6s rss=3686MB hwm=3686MB
RSS_SAMPLE t=114.8s rss=3732MB hwm=3732MB
RSS_SAMPLE t=115.1s rss=3763MB hwm=3763MB
RSS_SAMPLE t=115.3s rss=3782MB hwm=3782MB
RSS_SAMPLE t=115.6s rss=3790MB hwm=3790MB
RSS_SAMPLE t=115.8s rss=3804MB hwm=3804MB
RSS_SAMPLE t=116.1s rss=3823MB hwm=3823MB
RSS_SAMPLE t=116.3s rss=3833MB hwm=3833MB
RSS_SAMPLE t=116.6s rss=3842MB hwm=3842MB
RSS_SAMPLE t=116.8s rss=3846MB hwm=3846MB
RSS_SAMPLE t=117.1s rss=3846MB hwm=3846MB
RSS_SAMPLE t=117.3s rss=3851MB hwm=3851MB
RSS_SAMPLE t=117.6s rss=3866MB hwm=3866MB
RSS_SAMPLE t=117.8s rss=3877MB hwm=3877MB
RSS_SAMPLE t=118.1s rss=3878MB hwm=3878MB
RSS_SAMPLE t=118.3s rss=3887MB hwm=3887MB
RSS_SAMPLE t=118.6s rss=3899MB hwm=3899MB
RSS_SAMPLE t=118.8s rss=3899MB hwm=3899MB
RSS_SAMPLE t=119.1s rss=3899MB hwm=3899MB
RSS_SAMPLE t=119.3s rss=3902MB hwm=3902MB
RSS_SAMPLE t=119.6s rss=3905MB hwm=3905MB
RSS_SAMPLE t=119.8s rss=3908MB hwm=3908MB
RSS_SAMPLE t=120.1s rss=3909MB hwm=3909MB
RSS_SAMPLE t=120.3s rss=3909MB hwm=3909MB
RSS_SAMPLE t=120.6s rss=3909MB hwm=3909MB
RSS_SAMPLE t=120.8s rss=3910MB hwm=3910MB
RSS_SAMPLE t=121.1s rss=3911MB hwm=3911MB
RSS_SAMPLE t=121.3s rss=3911MB hwm=3911MB
RSS_SAMPLE t=121.6s rss=3911MB hwm=3911MB
RSS_SAMPLE t=121.8s rss=3911MB hwm=3911MB
RSS_SAMPLE t=122.1s rss=3911MB hwm=3911MB
RSS_SAMPLE t=122.3s rss=3911MB hwm=3911MB
RSS_SAMPLE t=122.6s rss=3913MB hwm=3913MB
RSS_SAMPLE t=122.8s rss=3916MB hwm=3916MB
RSS_SAMPLE t=123.1s rss=3917MB hwm=3917MB
RSS_SAMPLE t=123.3s rss=3917MB hwm=3917MB
RSS_SAMPLE t=123.6s rss=3917MB hwm=3917MB
RSS_SAMPLE t=123.8s rss=3918MB hwm=3918MB
RSS_SAMPLE t=124.1s rss=3918MB hwm=3918MB
RSS_SAMPLE t=124.3s rss=3918MB hwm=3918MB
RSS_SAMPLE t=124.6s rss=3919MB hwm=3919MB
RSS_SAMPLE t=124.8s rss=3920MB hwm=3920MB
RSS_SAMPLE t=125.1s rss=3920MB hwm=3920MB
RSS_SAMPLE t=125.3s rss=3921MB hwm=3921MB
RSS_SAMPLE t=125.6s rss=3922MB hwm=3922MB
RSS_SAMPLE t=125.8s rss=3923MB hwm=3923MB
RSS_SAMPLE t=126.1s rss=3925MB hwm=3925MB
RSS_SAMPLE t=126.3s rss=3926MB hwm=3926MB
RSS_SAMPLE t=126.6s rss=3927MB hwm=3927MB
RSS_SAMPLE t=126.8s rss=3928MB hwm=3928MB
RSS_SAMPLE t=127.1s rss=3928MB hwm=3928MB
RSS_SAMPLE t=127.3s rss=3931MB hwm=3931MB
RSS_SAMPLE t=127.6s rss=3932MB hwm=3932MB
RSS_SAMPLE t=127.8s rss=3933MB hwm=3933MB
RSS_SAMPLE t=128.1s rss=3936MB hwm=3936MB
RSS_SAMPLE t=128.4s rss=3940MB hwm=3940MB
RSS_SAMPLE t=128.6s rss=3941MB hwm=3941MB
RSS_SAMPLE t=128.9s rss=3942MB hwm=3942MB
RSS_SAMPLE t=129.1s rss=3944MB hwm=3944MB
RSS_SAMPLE t=129.4s rss=3945MB hwm=3945MB
RSS_SAMPLE t=129.6s rss=3945MB hwm=3945MB
RSS_SAMPLE t=129.9s rss=3946MB hwm=3946MB
RSS_SAMPLE t=130.1s rss=3946MB hwm=3946MB
RSS_SAMPLE t=130.4s rss=3947MB hwm=3947MB
RSS_SAMPLE t=130.6s rss=3949MB hwm=3949MB
RSS_SAMPLE t=130.9s rss=3949MB hwm=3949MB
RSS_SAMPLE t=131.1s rss=3950MB hwm=3950MB
RSS_SAMPLE t=131.4s rss=3951MB hwm=3951MB
RSS_SAMPLE t=131.6s rss=3952MB hwm=3952MB
RSS_SAMPLE t=131.9s rss=3952MB hwm=3952MB
RSS_SAMPLE t=132.1s rss=3954MB hwm=3954MB
RSS_SAMPLE t=132.4s rss=3954MB hwm=3954MB
RSS_SAMPLE t=132.6s rss=3956MB hwm=3956MB
RSS_SAMPLE t=132.9s rss=3957MB hwm=3957MB
RSS_SAMPLE t=133.1s rss=3957MB hwm=3957MB
RSS_SAMPLE t=133.4s rss=3958MB hwm=3958MB
RSS_SAMPLE t=133.6s rss=3959MB hwm=3959MB
RSS_SAMPLE t=133.9s rss=3960MB hwm=3960MB
RSS_SAMPLE t=134.1s rss=3961MB hwm=3961MB
RSS_SAMPLE t=134.4s rss=3961MB hwm=3961MB
RSS_SAMPLE t=134.6s rss=3962MB hwm=3962MB
RSS_SAMPLE t=134.9s rss=3963MB hwm=3963MB
RSS_SAMPLE t=135.1s rss=3964MB hwm=3964MB
RSS_SAMPLE t=135.4s rss=3964MB hwm=3964MB
RSS_SAMPLE t=135.6s rss=3966MB hwm=3966MB
RSS_SAMPLE t=135.9s rss=3966MB hwm=3966MB
RSS_SAMPLE t=136.1s rss=3967MB hwm=3967MB
RSS_SAMPLE t=136.4s rss=3967MB hwm=3967MB
RSS_SAMPLE t=136.6s rss=3968MB hwm=3968MB
RSS_SAMPLE t=136.9s rss=3969MB hwm=3969MB
RSS_SAMPLE t=137.1s rss=3970MB hwm=3970MB
RSS_SAMPLE t=137.4s rss=3971MB hwm=3971MB
RSS_SAMPLE t=137.6s rss=3972MB hwm=3972MB
RSS_SAMPLE t=137.9s rss=3973MB hwm=3973MB
RSS_SAMPLE t=138.1s rss=3974MB hwm=3974MB
RSS_SAMPLE t=138.4s rss=3974MB hwm=3974MB
RSS_SAMPLE t=138.6s rss=3975MB hwm=3975MB
RSS_SAMPLE t=138.9s rss=3975MB hwm=3975MB
RSS_SAMPLE t=139.1s rss=3976MB hwm=3976MB
RSS_SAMPLE t=139.4s rss=3977MB hwm=3977MB
RSS_SAMPLE t=139.6s rss=3978MB hwm=3978MB
RSS_SAMPLE t=139.9s rss=3978MB hwm=3978MB
RSS_SAMPLE t=140.1s rss=3978MB hwm=3978MB
RSS_SAMPLE t=140.4s rss=3979MB hwm=3979MB
RSS_SAMPLE t=140.6s rss=3980MB hwm=3980MB
RSS_SAMPLE t=140.9s rss=3981MB hwm=3981MB
RSS_SAMPLE t=141.1s rss=3982MB hwm=3982MB
RSS_SAMPLE t=141.4s rss=3983MB hwm=3983MB
RSS_SAMPLE t=141.6s rss=3984MB hwm=3984MB
RSS_SAMPLE t=141.9s rss=3984MB hwm=3984MB
RSS_SAMPLE t=142.1s rss=3986MB hwm=3986MB
RSS_SAMPLE t=142.4s rss=3986MB hwm=3986MB
RSS_SAMPLE t=142.6s rss=3987MB hwm=3987MB
RSS_SAMPLE t=142.9s rss=3988MB hwm=3988MB
RSS_SAMPLE t=143.1s rss=3988MB hwm=3988MB
RSS_SAMPLE t=143.4s rss=3989MB hwm=3989MB
RSS_SAMPLE t=143.6s rss=3989MB hwm=3989MB
RSS_SAMPLE t=143.9s rss=3990MB hwm=3990MB
RSS_SAMPLE t=144.1s rss=3990MB hwm=3990MB
RSS_SAMPLE t=144.4s rss=3990MB hwm=3990MB
RSS_SAMPLE t=144.6s rss=3992MB hwm=3992MB
RSS_SAMPLE t=144.9s rss=3992MB hwm=3992MB
RSS_SAMPLE t=145.1s rss=3992MB hwm=3992MB
RSS_SAMPLE t=145.4s rss=3993MB hwm=3993MB
RSS_SAMPLE t=145.6s rss=3994MB hwm=3994MB
RSS_SAMPLE t=145.9s rss=3995MB hwm=3995MB
RSS_SAMPLE t=146.1s rss=3996MB hwm=3996MB
RSS_SAMPLE t=146.4s rss=3996MB hwm=3996MB
RSS_SAMPLE t=146.6s rss=3997MB hwm=3997MB
RSS_SAMPLE t=146.9s rss=3998MB hwm=3998MB
RSS_SAMPLE t=147.1s rss=3999MB hwm=3999MB
RSS_SAMPLE t=147.4s rss=4000MB hwm=4000MB
RSS_SAMPLE t=147.6s rss=4000MB hwm=4000MB
RSS_SAMPLE t=147.9s rss=4001MB hwm=4001MB
RSS_SAMPLE t=148.1s rss=4001MB hwm=4001MB
RSS_SAMPLE t=148.4s rss=4001MB hwm=4001MB
RSS_SAMPLE t=148.6s rss=4002MB hwm=4002MB
RSS_SAMPLE t=148.9s rss=4002MB hwm=4002MB
RSS_SAMPLE t=149.1s rss=4002MB hwm=4002MB
RSS_SAMPLE t=149.4s rss=4003MB hwm=4003MB
RSS_SAMPLE t=149.6s rss=4003MB hwm=4003MB
RSS_SAMPLE t=149.9s rss=4004MB hwm=4004MB
RSS_SAMPLE t=150.1s rss=4004MB hwm=4004MB
RSS_SAMPLE t=150.4s rss=4004MB hwm=4004MB
RSS_SAMPLE t=150.6s rss=4005MB hwm=4005MB
RSS_SAMPLE t=150.9s rss=4006MB hwm=4006MB
RSS_SAMPLE t=151.1s rss=4007MB hwm=4007MB
RSS_SAMPLE t=151.4s rss=4008MB hwm=4008MB
RSS_SAMPLE t=151.6s rss=4009MB hwm=4009MB
RSS_SAMPLE t=151.9s rss=4010MB hwm=4010MB
RSS_SAMPLE t=152.1s rss=4011MB hwm=4011MB
RSS_SAMPLE t=152.4s rss=4012MB hwm=4012MB
RSS_SAMPLE t=152.6s rss=4012MB hwm=4012MB
RSS_SAMPLE t=152.9s rss=4013MB hwm=4013MB
RSS_SAMPLE t=153.1s rss=4014MB hwm=4014MB
RSS_SAMPLE t=153.4s rss=4015MB hwm=4015MB
RSS_SAMPLE t=153.6s rss=4016MB hwm=4016MB
RSS_SAMPLE t=153.9s rss=4017MB hwm=4017MB
RSS_SAMPLE t=154.1s rss=4018MB hwm=4018MB
RSS_SAMPLE t=154.4s rss=4020MB hwm=4020MB
RSS_SAMPLE t=154.6s rss=4022MB hwm=4022MB
RSS_SAMPLE t=154.9s rss=4022MB hwm=4022MB
RSS_SAMPLE t=155.1s rss=4023MB hwm=4023MB
RSS_SAMPLE t=155.4s rss=4024MB hwm=4024MB
RSS_SAMPLE t=155.6s rss=4025MB hwm=4025MB
RSS_SAMPLE t=155.9s rss=4027MB hwm=4027MB
RSS_SAMPLE t=156.1s rss=4028MB hwm=4028MB
RSS_SAMPLE t=156.4s rss=4029MB hwm=4029MB
RSS_SAMPLE t=156.6s rss=4029MB hwm=4029MB
RSS_SAMPLE t=156.9s rss=4030MB hwm=4030MB
RSS_SAMPLE t=157.1s rss=4031MB hwm=4031MB
RSS_SAMPLE t=157.4s rss=4032MB hwm=4032MB
RSS_SAMPLE t=157.6s rss=4033MB hwm=4033MB
RSS_SAMPLE t=157.9s rss=4034MB hwm=4034MB
RSS_SAMPLE t=158.1s rss=4036MB hwm=4036MB
RSS_SAMPLE t=158.4s rss=4037MB hwm=4037MB
RSS_SAMPLE t=158.6s rss=4038MB hwm=4038MB
RSS_SAMPLE t=158.9s rss=4039MB hwm=4039MB
RSS_SAMPLE t=159.1s rss=4040MB hwm=4040MB
RSS_SAMPLE t=159.4s rss=4041MB hwm=4041MB
RSS_SAMPLE t=159.6s rss=4042MB hwm=4042MB
RSS_SAMPLE t=159.9s rss=4044MB hwm=4044MB
RSS_SAMPLE t=160.1s rss=4047MB hwm=4047MB
RSS_SAMPLE t=160.4s rss=4047MB hwm=4047MB
RSS_SAMPLE t=160.6s rss=4048MB hwm=4048MB
RSS_SAMPLE t=160.9s rss=4049MB hwm=4049MB
RSS_SAMPLE t=161.1s rss=4050MB hwm=4050MB
RSS_SAMPLE t=161.4s rss=4051MB hwm=4051MB
RSS_SAMPLE t=161.6s rss=4052MB hwm=4052MB
RSS_SAMPLE t=161.9s rss=4053MB hwm=4053MB
RSS_SAMPLE t=162.1s rss=4055MB hwm=4055MB
RSS_SAMPLE t=162.4s rss=4056MB hwm=4056MB
RSS_SAMPLE t=162.6s rss=4057MB hwm=4057MB
RSS_SAMPLE t=162.9s rss=4059MB hwm=4059MB
RSS_SAMPLE t=163.1s rss=4060MB hwm=4060MB
RSS_SAMPLE t=163.4s rss=4062MB hwm=4062MB
RSS_SAMPLE t=163.6s rss=4063MB hwm=4063MB
RSS_SAMPLE t=163.9s rss=4064MB hwm=4064MB
RSS_SAMPLE t=164.1s rss=4066MB hwm=4066MB
RSS_SAMPLE t=164.4s rss=4068MB hwm=4068MB
RSS_SAMPLE t=164.6s rss=4069MB hwm=4069MB
RSS_SAMPLE t=164.9s rss=4070MB hwm=4070MB
RSS_SAMPLE t=165.1s rss=4072MB hwm=4072MB
RSS_SAMPLE t=165.4s rss=4073MB hwm=4073MB
RSS_SAMPLE t=165.6s rss=4074MB hwm=4074MB
RSS_SAMPLE t=165.9s rss=4075MB hwm=4075MB
RSS_SAMPLE t=166.1s rss=4075MB hwm=4075MB
RSS_SAMPLE t=166.4s rss=4075MB hwm=4075MB
RSS_SAMPLE t=166.6s rss=4075MB hwm=4075MB
RSS_SAMPLE t=166.9s rss=4075MB hwm=4075MB
RSS_SAMPLE t=167.1s rss=4075MB hwm=4075MB
RSS_SAMPLE t=167.4s rss=4075MB hwm=4075MB
RSS_SAMPLE t=167.6s rss=4076MB hwm=4076MB
RSS_SAMPLE t=167.9s rss=4076MB hwm=4076MB
RSS_SAMPLE t=168.1s rss=4076MB hwm=4076MB
RSS_SAMPLE t=168.4s rss=4076MB hwm=4076MB
RSS_SAMPLE t=168.6s rss=4076MB hwm=4076MB
RSS_SAMPLE t=168.9s rss=4076MB hwm=4076MB
RSS_SAMPLE t=169.1s rss=4076MB hwm=4076MB
RSS_SAMPLE t=169.4s rss=4076MB hwm=4076MB
RSS_SAMPLE t=169.6s rss=4076MB hwm=4076MB
RSS_SAMPLE t=169.9s rss=4076MB hwm=4076MB
RSS_SAMPLE t=170.1s rss=4076MB hwm=4076MB
RSS_SAMPLE t=170.4s rss=4076MB hwm=4076MB
RSS_SAMPLE t=170.6s rss=4076MB hwm=4076MB
RSS_SAMPLE t=170.9s rss=4076MB hwm=4076MB
RSS_SAMPLE t=171.1s rss=4077MB hwm=4077MB
RSS_SAMPLE t=171.4s rss=4077MB hwm=4077MB
RSS_SAMPLE t=171.6s rss=4077MB hwm=4077MB
RSS_SAMPLE t=171.9s rss=4077MB hwm=4077MB
RSS_SAMPLE t=172.1s rss=4077MB hwm=4077MB
RSS_SAMPLE t=172.4s rss=4077MB hwm=4077MB
RSS_SAMPLE t=172.6s rss=4077MB hwm=4077MB
RSS_SAMPLE t=172.9s rss=4077MB hwm=4077MB
RSS_SAMPLE t=173.1s rss=4077MB hwm=4077MB
RSS_SAMPLE t=173.4s rss=4077MB hwm=4077MB
RSS_SAMPLE t=173.7s rss=4077MB hwm=4077MB
RSS_SAMPLE t=173.9s rss=4077MB hwm=4077MB
RSS_SAMPLE t=174.2s rss=4078MB hwm=4078MB
RSS_SAMPLE t=174.4s rss=4078MB hwm=4078MB
RSS_SAMPLE t=174.7s rss=4078MB hwm=4078MB
RSS_SAMPLE t=174.9s rss=4078MB hwm=4078MB
RSS_SAMPLE t=175.2s rss=4078MB hwm=4078MB
RSS_SAMPLE t=175.4s rss=4078MB hwm=4078MB
RSS_SAMPLE t=175.7s rss=4078MB hwm=4078MB
RSS_SAMPLE t=175.9s rss=4078MB hwm=4078MB
RSS_SAMPLE t=176.2s rss=4078MB hwm=4078MB
RSS_SAMPLE t=176.4s rss=4078MB hwm=4078MB
RSS_SAMPLE t=176.7s rss=4078MB hwm=4078MB
RSS_SAMPLE t=176.9s rss=4078MB hwm=4078MB
RSS_SAMPLE t=177.2s rss=4079MB hwm=4079MB
RSS_SAMPLE t=177.4s rss=4079MB hwm=4079MB
RSS_SAMPLE t=177.7s rss=4079MB hwm=4079MB
RSS_SAMPLE t=177.9s rss=4079MB hwm=4079MB
RSS_SAMPLE t=178.2s rss=4079MB hwm=4079MB
RSS_SAMPLE t=178.4s rss=4079MB hwm=4079MB
RSS_SAMPLE t=178.7s rss=4079MB hwm=4079MB
RSS_SAMPLE t=178.9s rss=4079MB hwm=4079MB
RSS_SAMPLE t=179.2s rss=4079MB hwm=4079MB
RSS_SAMPLE t=179.4s rss=4079MB hwm=4079MB
RSS_SAMPLE t=179.7s rss=4079MB hwm=4079MB
RSS_SAMPLE t=179.9s rss=4079MB hwm=4079MB
RSS_SAMPLE t=180.2s rss=4079MB hwm=4079MB
RSS_SAMPLE t=180.4s rss=4079MB hwm=4079MB
RSS_SAMPLE t=180.7s rss=4079MB hwm=4079MB
RSS_SAMPLE t=180.9s rss=4079MB hwm=4079MB
RSS_SAMPLE t=181.2s rss=4079MB hwm=4079MB
RSS_SAMPLE t=181.4s rss=4079MB hwm=4079MB
RSS_SAMPLE t=181.7s rss=4079MB hwm=4079MB
RSS_SAMPLE t=181.9s rss=4080MB hwm=4080MB
RSS_SAMPLE t=182.2s rss=4080MB hwm=4080MB
RSS_SAMPLE t=182.4s rss=4080MB hwm=4080MB
RSS_SAMPLE t=182.7s rss=4080MB hwm=4080MB
RSS_SAMPLE t=182.9s rss=4080MB hwm=4080MB
RSS_SAMPLE t=183.2s rss=4080MB hwm=4080MB
RSS_SAMPLE t=183.4s rss=4080MB hwm=4080MB
RSS_SAMPLE t=183.7s rss=4080MB hwm=4080MB
RSS_SAMPLE t=183.9s rss=4080MB hwm=4080MB
RSS_SAMPLE t=184.2s rss=4081MB hwm=4081MB
RSS_SAMPLE t=184.4s rss=4081MB hwm=4081MB
RSS_SAMPLE t=184.7s rss=4081MB hwm=4081MB
RSS_SAMPLE t=184.9s rss=4081MB hwm=4081MB
RSS_SAMPLE t=185.2s rss=4081MB hwm=4081MB
RSS_SAMPLE t=185.4s rss=4081MB hwm=4081MB
RSS_SAMPLE t=185.7s rss=4081MB hwm=4081MB
RSS_SAMPLE t=185.9s rss=4081MB hwm=4081MB
RSS_SAMPLE t=186.2s rss=4081MB hwm=4081MB
RSS_SAMPLE t=186.4s rss=4081MB hwm=4081MB
RSS_SAMPLE t=186.7s rss=4081MB hwm=4081MB
RSS_SAMPLE t=186.9s rss=4082MB hwm=4082MB
RSS_SAMPLE t=187.2s rss=4082MB hwm=4082MB
RSS_SAMPLE t=187.4s rss=4082MB hwm=4082MB
RSS_SAMPLE t=187.7s rss=4082MB hwm=4082MB
RSS_SAMPLE t=187.9s rss=4082MB hwm=4082MB
RSS_SAMPLE t=188.2s rss=4082MB hwm=4082MB
RSS_SAMPLE t=188.4s rss=4082MB hwm=4082MB
RSS_SAMPLE t=188.7s rss=4082MB hwm=4082MB
RSS_SAMPLE t=188.9s rss=4082MB hwm=4082MB
RSS_SAMPLE t=189.2s rss=4082MB hwm=4082MB
RSS_SAMPLE t=189.4s rss=4082MB hwm=4082MB
RSS_SAMPLE t=189.7s rss=4083MB hwm=4083MB
RSS_SAMPLE t=189.9s rss=4083MB hwm=4083MB
RSS_SAMPLE t=190.2s rss=4083MB hwm=4083MB
RSS_SAMPLE t=190.4s rss=4083MB hwm=4083MB
RSS_SAMPLE t=190.7s rss=4083MB hwm=4083MB
RSS_SAMPLE t=190.9s rss=4083MB hwm=4083MB
RSS_SAMPLE t=191.2s rss=4083MB hwm=4083MB
RSS_SAMPLE t=191.4s rss=4083MB hwm=4083MB
RSS_SAMPLE t=191.7s rss=4083MB hwm=4083MB
RSS_SAMPLE t=191.9s rss=4083MB hwm=4083MB
RSS_SAMPLE t=192.2s rss=4083MB hwm=4083MB
RSS_SAMPLE t=192.4s rss=4084MB hwm=4084MB
MEM_POOL: workspaces=32 dense_usage_mb=1251 n_pipes=2562403
    post_solve_diag[outer=0]: solves=105117 cap_armed=105117 (100.0%) settle_avg=9395 above_sink_avg=228 (2.4%) settle_max=69353
    load_support[outer=0]: settle_avg=9395 load_nz_avg=5795 (61.7%) load_material_avg=2244 (23.9%)
    settle_hist[outer=0]: <100: 25312nets/0.1%work  <1k: 22051nets/0.7%work  <5k: 24012nets/6.3%work  <20k: 14236nets/15.8%work  <60k: 17126nets/61.0%work  >=60k: 2380nets/16.0%work
    fanout_hist[outer=0]: fan1: 43710nets/13.4%work  fan2-4: 48279nets/50.8%work  fan5-16: 12974nets/35.0%work  fan17-64: 154nets/0.8%work  fan65-256: 0nets/0.0%work  fan>256: 0nets/0.0%work
    rss_probe[outer=0]: pre_post_solve=1942MB post_post_solve=4103MB after_apply=4103MB
MuxSlotTracker[sweep 0 LEAK]: populated_cells=59991, overflow_tiles=3, at_cap_tiles=1494, peak_excess=11, capacity_hist={16:67346}
    E_decomp: base=10451609.1 eff=10981187.9 cong=529578.8 cong_share=4.8% sat_pipes=174222 max_util=1133.11  R_buckets: 1-2x=2562403 2-10x=0 10-100x=0 >=100x=0
    E_potential: beckmann=14335690396787.3 history_total=0.0
    SpanCache: epoch=1 entries=110 lookups=2562403 hits=2562293 misses=110 hit_rate=100.0%
  DCD   0: nets=105117 line=17105982 energy=2333441.892 dE=+0.000 friction=4326941.7 bins=2.7x(1073) excess=559.3 moved=59818 disp=inf solves=210234 skip=0 pops=2074887365 theta=0.250 refresh=126869ms dcd=6930ms total=136508ms
    cache_stats: entries=52713089 capacity=89031376 est_mb=769 rss_mb=4087
RSS_SAMPLE t=192.7s rss=4087MB hwm=4098MB
RSS_SAMPLE t=192.9s rss=4088MB hwm=4098MB
RSS_SAMPLE t=193.2s rss=4088MB hwm=4098MB
RSS_SAMPLE t=193.4s rss=4088MB hwm=4098MB
RSS_SAMPLE t=193.7s rss=4088MB hwm=4098MB
RSS_SAMPLE t=193.9s rss=4088MB hwm=4098MB
RSS_SAMPLE t=194.2s rss=4088MB hwm=4098MB
RSS_SAMPLE t=194.4s rss=4088MB hwm=4098MB
RSS_SAMPLE t=194.7s rss=4088MB hwm=4098MB
RSS_SAMPLE t=194.9s rss=4088MB hwm=4098MB
RSS_SAMPLE t=195.2s rss=4088MB hwm=4098MB
    SwitchMatrix: type_usage_pairs=894 lookups=2523 hits=1629 dijkstra_calls=894 avg_us=11.2 total_ms=10.0
PHASE_MARK outer=1 enter=pre_solve rss=4088MB
    rss_probe[outer=1]: pre_refresh_rss=4088MB post_pre_solve_rss=4088MB cache_entries=52713089 cache_cap=89031376 cache_est_mb=769
    pre_solve_diag[outer=1]: solves=0 fallback=0 (0.0%) cap_armed=0 (0.0%) settle_avg=0 settle_max=0 init_count=248
    Overflow: over=149975 (5.9% of used) avg_excess=2.34 max_excess=1517.01 (nc=1541.01 cap=24 span=1)  excess_buckets: <=1=78502 1-5=55402 5-20=14611 >20=1460  by_cap: cap1=78071 cap2=46009 cap3-5=135 cap>5=25760  by_span: s1=1545 s2-3=1856 s4-6=15783 s7-12=50955 s>12=79836  le1_cross: cap1=50030 cap2-5=25144 cap>5=3328
    Congestion: pipes=2562403 used=2562403 congested(>50%)=361429 saturated(>90%)=174222 max_util=1133.11 avg_util=0.2980
PHASE_MARK outer=1 enter=dcd_sweep rss=4088MB
RSS_SAMPLE t=195.4s rss=4088MB hwm=4098MB
RSS_SAMPLE t=195.7s rss=4088MB hwm=4098MB
RSS_SAMPLE t=195.9s rss=4088MB hwm=4098MB
RSS_SAMPLE t=196.2s rss=4088MB hwm=4098MB
RSS_SAMPLE t=196.4s rss=4088MB hwm=4098MB
RSS_SAMPLE t=196.7s rss=4088MB hwm=4098MB
RSS_SAMPLE t=196.9s rss=4088MB hwm=4098MB
RSS_SAMPLE t=197.2s rss=4088MB hwm=4098MB
RSS_SAMPLE t=197.4s rss=4088MB hwm=4098MB
RSS_SAMPLE t=197.7s rss=4088MB hwm=4098MB
RSS_SAMPLE t=197.9s rss=4088MB hwm=4098MB
RSS_SAMPLE t=198.2s rss=4088MB hwm=4098MB
RSS_SAMPLE t=198.4s rss=4088MB hwm=4098MB
RSS_SAMPLE t=198.7s rss=4088MB hwm=4098MB
RSS_SAMPLE t=198.9s rss=4088MB hwm=4098MB
RSS_SAMPLE t=199.2s rss=4088MB hwm=4098MB
RSS_SAMPLE t=199.4s rss=4088MB hwm=4098MB
RSS_SAMPLE t=199.7s rss=4088MB hwm=4098MB
RSS_SAMPLE t=199.9s rss=4088MB hwm=4098MB
RSS_SAMPLE t=200.2s rss=4088MB hwm=4098MB
RSS_SAMPLE t=200.4s rss=4088MB hwm=4098MB
RSS_SAMPLE t=200.7s rss=4088MB hwm=4098MB
RSS_SAMPLE t=200.9s rss=4088MB hwm=4098MB
RSS_SAMPLE t=201.2s rss=4088MB hwm=4098MB
RSS_SAMPLE t=201.4s rss=4088MB hwm=4098MB
RSS_SAMPLE t=201.7s rss=4088MB hwm=4098MB
RSS_SAMPLE t=201.9s rss=4088MB hwm=4098MB
PHASE_MARK outer=1 leave=dcd_sweep rss=4088MB
PHASE_MARK outer=1 enter=post_refresh rss=4088MB
RSS_SAMPLE t=202.2s rss=4097MB hwm=4098MB
RSS_SAMPLE t=202.4s rss=4097MB hwm=4098MB
RSS_SAMPLE t=202.7s rss=4097MB hwm=4098MB
RSS_SAMPLE t=202.9s rss=4097MB hwm=4098MB
RSS_SAMPLE t=203.2s rss=4097MB hwm=4098MB
RSS_SAMPLE t=203.4s rss=4097MB hwm=4098MB
RSS_SAMPLE t=203.7s rss=4097MB hwm=4098MB
RSS_SAMPLE t=203.9s rss=4097MB hwm=4098MB
RSS_SAMPLE t=204.2s rss=4097MB hwm=4098MB
RSS_SAMPLE t=204.4s rss=4097MB hwm=4098MB
RSS_SAMPLE t=204.7s rss=4097MB hwm=4098MB
RSS_SAMPLE t=204.9s rss=4162MB hwm=4162MB
RSS_SAMPLE t=205.2s rss=4184MB hwm=4184MB
RSS_SAMPLE t=205.4s rss=4200MB hwm=4200MB
RSS_SAMPLE t=205.7s rss=4208MB hwm=4208MB
RSS_SAMPLE t=205.9s rss=4211MB hwm=4211MB
RSS_SAMPLE t=206.2s rss=4213MB hwm=4213MB
RSS_SAMPLE t=206.4s rss=4215MB hwm=4215MB
RSS_SAMPLE t=206.7s rss=4216MB hwm=4216MB
RSS_SAMPLE t=206.9s rss=4217MB hwm=4217MB
RSS_SAMPLE t=207.2s rss=4218MB hwm=4218MB
RSS_SAMPLE t=207.4s rss=4219MB hwm=4219MB
RSS_SAMPLE t=207.7s rss=4220MB hwm=4220MB
RSS_SAMPLE t=207.9s rss=4222MB hwm=4222MB
RSS_SAMPLE t=208.2s rss=4223MB hwm=4223MB
RSS_SAMPLE t=208.4s rss=4224MB hwm=4224MB
RSS_SAMPLE t=208.7s rss=4225MB hwm=4225MB
RSS_SAMPLE t=208.9s rss=4226MB hwm=4226MB
RSS_SAMPLE t=209.2s rss=4227MB hwm=4227MB
RSS_SAMPLE t=209.4s rss=4228MB hwm=4228MB
RSS_SAMPLE t=209.7s rss=4229MB hwm=4229MB
RSS_SAMPLE t=209.9s rss=4230MB hwm=4230MB
RSS_SAMPLE t=210.2s rss=4232MB hwm=4232MB
RSS_SAMPLE t=210.4s rss=4232MB hwm=4232MB
RSS_SAMPLE t=210.7s rss=4233MB hwm=4233MB
RSS_SAMPLE t=210.9s rss=4235MB hwm=4235MB
RSS_SAMPLE t=211.2s rss=4236MB hwm=4236MB
RSS_SAMPLE t=211.4s rss=4237MB hwm=4237MB
RSS_SAMPLE t=211.7s rss=4238MB hwm=4238MB
RSS_SAMPLE t=211.9s rss=4240MB hwm=4240MB
RSS_SAMPLE t=212.2s rss=4242MB hwm=4242MB
RSS_SAMPLE t=212.4s rss=4242MB hwm=4242MB
RSS_SAMPLE t=212.7s rss=4244MB hwm=4244MB
RSS_SAMPLE t=212.9s rss=4245MB hwm=4245MB
RSS_SAMPLE t=213.2s rss=4247MB hwm=4247MB
RSS_SAMPLE t=213.4s rss=4248MB hwm=4248MB
RSS_SAMPLE t=213.7s rss=4250MB hwm=4250MB
RSS_SAMPLE t=213.9s rss=4251MB hwm=4251MB
RSS_SAMPLE t=214.2s rss=4253MB hwm=4253MB
RSS_SAMPLE t=214.4s rss=4254MB hwm=4254MB
RSS_SAMPLE t=214.7s rss=4256MB hwm=4256MB
RSS_SAMPLE t=214.9s rss=4257MB hwm=4257MB
RSS_SAMPLE t=215.2s rss=4258MB hwm=4258MB
RSS_SAMPLE t=215.4s rss=4258MB hwm=4258MB
RSS_SAMPLE t=215.7s rss=4259MB hwm=4259MB
RSS_SAMPLE t=215.9s rss=4260MB hwm=4260MB
RSS_SAMPLE t=216.2s rss=4260MB hwm=4260MB
RSS_SAMPLE t=216.4s rss=4261MB hwm=4261MB
RSS_SAMPLE t=216.7s rss=4262MB hwm=4262MB
RSS_SAMPLE t=216.9s rss=4263MB hwm=4263MB
RSS_SAMPLE t=217.2s rss=4263MB hwm=4263MB
RSS_SAMPLE t=217.4s rss=4264MB hwm=4264MB
RSS_SAMPLE t=217.7s rss=4265MB hwm=4265MB
RSS_SAMPLE t=217.9s rss=4266MB hwm=4266MB
RSS_SAMPLE t=218.2s rss=4267MB hwm=4267MB
RSS_SAMPLE t=218.4s rss=4268MB hwm=4268MB
RSS_SAMPLE t=218.7s rss=4268MB hwm=4268MB
RSS_SAMPLE t=218.9s rss=4269MB hwm=4269MB
RSS_SAMPLE t=219.2s rss=4270MB hwm=4270MB
RSS_SAMPLE t=219.4s rss=4271MB hwm=4271MB
RSS_SAMPLE t=219.7s rss=4271MB hwm=4271MB
RSS_SAMPLE t=219.9s rss=4272MB hwm=4272MB
RSS_SAMPLE t=220.2s rss=4272MB hwm=4272MB
RSS_SAMPLE t=220.4s rss=4272MB hwm=4272MB
RSS_SAMPLE t=220.7s rss=4273MB hwm=4273MB
RSS_SAMPLE t=220.9s rss=4274MB hwm=4274MB
RSS_SAMPLE t=221.2s rss=4274MB hwm=4274MB
RSS_SAMPLE t=221.4s rss=4274MB hwm=4274MB
RSS_SAMPLE t=221.7s rss=4275MB hwm=4275MB
RSS_SAMPLE t=221.9s rss=4275MB hwm=4275MB
RSS_SAMPLE t=222.2s rss=4275MB hwm=4275MB
RSS_SAMPLE t=222.4s rss=4276MB hwm=4276MB
RSS_SAMPLE t=222.7s rss=4276MB hwm=4276MB
RSS_SAMPLE t=222.9s rss=4276MB hwm=4276MB
RSS_SAMPLE t=223.2s rss=4276MB hwm=4276MB
RSS_SAMPLE t=223.4s rss=4277MB hwm=4277MB
RSS_SAMPLE t=223.7s rss=4278MB hwm=4278MB
RSS_SAMPLE t=223.9s rss=4279MB hwm=4279MB
RSS_SAMPLE t=224.2s rss=4280MB hwm=4280MB
RSS_SAMPLE t=224.4s rss=4281MB hwm=4281MB
RSS_SAMPLE t=224.7s rss=4281MB hwm=4281MB
RSS_SAMPLE t=224.9s rss=4281MB hwm=4281MB
RSS_SAMPLE t=225.2s rss=4281MB hwm=4281MB
RSS_SAMPLE t=225.4s rss=4282MB hwm=4282MB
RSS_SAMPLE t=225.7s rss=4282MB hwm=4282MB
RSS_SAMPLE t=225.9s rss=4283MB hwm=4283MB
RSS_SAMPLE t=226.2s rss=4283MB hwm=4283MB
RSS_SAMPLE t=226.4s rss=4283MB hwm=4283MB
RSS_SAMPLE t=226.7s rss=4283MB hwm=4283MB
RSS_SAMPLE t=226.9s rss=4283MB hwm=4283MB
RSS_SAMPLE t=227.2s rss=4283MB hwm=4283MB
RSS_SAMPLE t=227.4s rss=4283MB hwm=4283MB
RSS_SAMPLE t=227.7s rss=4283MB hwm=4283MB
RSS_SAMPLE t=227.9s rss=4283MB hwm=4283MB
RSS_SAMPLE t=228.2s rss=4283MB hwm=4283MB
RSS_SAMPLE t=228.4s rss=4283MB hwm=4283MB
RSS_SAMPLE t=228.7s rss=4283MB hwm=4283MB
RSS_SAMPLE t=228.9s rss=4283MB hwm=4283MB
RSS_SAMPLE t=229.2s rss=4283MB hwm=4283MB
RSS_SAMPLE t=229.4s rss=4283MB hwm=4283MB
RSS_SAMPLE t=229.7s rss=4283MB hwm=4283MB
RSS_SAMPLE t=229.9s rss=4283MB hwm=4283MB
RSS_SAMPLE t=230.2s rss=4283MB hwm=4283MB
RSS_SAMPLE t=230.4s rss=4283MB hwm=4283MB
RSS_SAMPLE t=230.7s rss=4283MB hwm=4283MB
RSS_SAMPLE t=230.9s rss=4283MB hwm=4283MB
RSS_SAMPLE t=231.2s rss=4283MB hwm=4283MB
RSS_SAMPLE t=231.4s rss=4283MB hwm=4283MB
RSS_SAMPLE t=231.7s rss=4283MB hwm=4283MB
RSS_SAMPLE t=231.9s rss=4283MB hwm=4283MB
RSS_SAMPLE t=232.2s rss=4283MB hwm=4283MB
RSS_SAMPLE t=232.5s rss=4284MB hwm=4284MB
RSS_SAMPLE t=232.7s rss=4284MB hwm=4284MB
RSS_SAMPLE t=233.0s rss=4284MB hwm=4284MB
RSS_SAMPLE t=233.2s rss=4284MB hwm=4284MB
RSS_SAMPLE t=233.5s rss=4284MB hwm=4284MB
RSS_SAMPLE t=233.7s rss=4284MB hwm=4284MB
RSS_SAMPLE t=234.0s rss=4284MB hwm=4284MB
RSS_SAMPLE t=234.2s rss=4284MB hwm=4284MB
RSS_SAMPLE t=234.5s rss=4284MB hwm=4284MB
RSS_SAMPLE t=234.7s rss=4284MB hwm=4284MB
RSS_SAMPLE t=235.0s rss=4284MB hwm=4284MB
RSS_SAMPLE t=235.2s rss=4284MB hwm=4284MB
RSS_SAMPLE t=235.5s rss=4284MB hwm=4284MB
RSS_SAMPLE t=235.7s rss=4284MB hwm=4284MB
RSS_SAMPLE t=236.0s rss=4285MB hwm=4285MB
RSS_SAMPLE t=236.2s rss=4285MB hwm=4285MB
RSS_SAMPLE t=236.5s rss=4285MB hwm=4285MB
RSS_SAMPLE t=236.7s rss=4285MB hwm=4285MB
RSS_SAMPLE t=237.0s rss=4285MB hwm=4285MB
RSS_SAMPLE t=237.2s rss=4285MB hwm=4285MB
RSS_SAMPLE t=237.5s rss=4285MB hwm=4285MB
RSS_SAMPLE t=237.7s rss=4285MB hwm=4285MB
RSS_SAMPLE t=238.0s rss=4285MB hwm=4285MB
RSS_SAMPLE t=238.2s rss=4285MB hwm=4285MB
RSS_SAMPLE t=238.5s rss=4285MB hwm=4285MB
RSS_SAMPLE t=238.7s rss=4285MB hwm=4285MB
RSS_SAMPLE t=239.0s rss=4286MB hwm=4286MB
RSS_SAMPLE t=239.2s rss=4286MB hwm=4286MB
RSS_SAMPLE t=239.5s rss=4286MB hwm=4286MB
RSS_SAMPLE t=239.7s rss=4286MB hwm=4286MB
RSS_SAMPLE t=240.0s rss=4286MB hwm=4286MB
RSS_SAMPLE t=240.2s rss=4286MB hwm=4286MB
RSS_SAMPLE t=240.5s rss=4286MB hwm=4286MB
RSS_SAMPLE t=240.7s rss=4286MB hwm=4286MB
RSS_SAMPLE t=241.0s rss=4286MB hwm=4286MB
RSS_SAMPLE t=241.2s rss=4286MB hwm=4286MB
RSS_SAMPLE t=241.5s rss=4286MB hwm=4286MB
RSS_SAMPLE t=241.7s rss=4287MB hwm=4287MB
RSS_SAMPLE t=242.0s rss=4287MB hwm=4287MB
RSS_SAMPLE t=242.2s rss=4287MB hwm=4287MB
RSS_SAMPLE t=242.5s rss=4287MB hwm=4287MB
RSS_SAMPLE t=242.7s rss=4287MB hwm=4287MB
RSS_SAMPLE t=243.0s rss=4287MB hwm=4287MB
RSS_SAMPLE t=243.2s rss=4287MB hwm=4287MB
RSS_SAMPLE t=243.5s rss=4287MB hwm=4287MB
RSS_SAMPLE t=243.7s rss=4287MB hwm=4287MB
RSS_SAMPLE t=244.0s rss=4287MB hwm=4287MB
RSS_SAMPLE t=244.2s rss=4287MB hwm=4287MB
RSS_SAMPLE t=244.5s rss=4287MB hwm=4287MB
RSS_SAMPLE t=244.7s rss=4287MB hwm=4287MB
RSS_SAMPLE t=245.0s rss=4287MB hwm=4287MB
RSS_SAMPLE t=245.2s rss=4287MB hwm=4287MB
RSS_SAMPLE t=245.5s rss=4287MB hwm=4287MB
RSS_SAMPLE t=245.7s rss=4287MB hwm=4287MB
RSS_SAMPLE t=246.0s rss=4287MB hwm=4287MB
RSS_SAMPLE t=246.2s rss=4287MB hwm=4287MB
RSS_SAMPLE t=246.5s rss=4287MB hwm=4287MB
RSS_SAMPLE t=246.7s rss=4287MB hwm=4287MB
RSS_SAMPLE t=247.0s rss=4287MB hwm=4287MB
RSS_SAMPLE t=247.2s rss=4288MB hwm=4288MB
RSS_SAMPLE t=247.5s rss=4288MB hwm=4288MB
RSS_SAMPLE t=247.7s rss=4288MB hwm=4288MB
MEM_POOL: workspaces=32 dense_usage_mb=1251 n_pipes=2562403
    post_solve_diag[outer=1]: solves=105117 cap_armed=105117 (100.0%) settle_avg=8150 above_sink_avg=137 (1.7%) settle_max=69353
    load_support[outer=1]: settle_avg=8150 load_nz_avg=958 (11.8%) load_material_avg=617 (7.6%)
    settle_hist[outer=1]: <100: 27214nets/0.1%work  <1k: 24032nets/1.0%work  <5k: 23455nets/6.8%work  <20k: 13670nets/17.7%work  <60k: 15015nets/61.1%work  >=60k: 1731nets/13.3%work
    fanout_hist[outer=1]: fan1: 43710nets/11.8%work  fan2-4: 48279nets/50.4%work  fan5-16: 12974nets/36.9%work  fan17-64: 154nets/0.9%work  fan65-256: 0nets/0.0%work  fan>256: 0nets/0.0%work
    rss_probe[outer=1]: pre_post_solve=4097MB post_post_solve=4307MB after_apply=4307MB
RSS_SAMPLE t=248.0s rss=4308MB hwm=4308MB
    E_decomp: base=8608144.0 eff=65076704183574.9 cong=65076695575430.9 cong_share=100.0% sat_pipes=119093 max_util=2466.84  R_buckets: 1-2x=134367 2-10x=1098 10-100x=570 >=100x=2426368
    E_potential: beckmann=7998658431181205.0 history_total=0.0
    SpanCache: epoch=2 entries=2523 lookups=2562403 hits=2559880 misses=2523 hit_rate=99.9%
  DCD   1: nets=105117 line=16356847 energy=5035631789.408 dE=+5033298347.515 friction=249777162.7 bins=2.0x(1094) excess=424.9 moved=64810 disp=11.586 solves=105117 skip=105117 pops=856664218 theta=1.118 refresh=45818ms dcd=6810ms total=55353ms
    cache_stats: entries=50733435 capacity=88852298 est_mb=767 rss_mb=4308
RSS_SAMPLE t=248.2s rss=4308MB hwm=4308MB
RSS_SAMPLE t=248.5s rss=4308MB hwm=4308MB
RSS_SAMPLE t=248.7s rss=4308MB hwm=4308MB
RSS_SAMPLE t=249.0s rss=4308MB hwm=4308MB
RSS_SAMPLE t=249.2s rss=4308MB hwm=4308MB
RSS_SAMPLE t=249.5s rss=4308MB hwm=4308MB
RSS_SAMPLE t=249.7s rss=4308MB hwm=4308MB
RSS_SAMPLE t=250.0s rss=4308MB hwm=4308MB
RSS_SAMPLE t=250.2s rss=4308MB hwm=4308MB
RSS_SAMPLE t=250.5s rss=4308MB hwm=4308MB
RSS_SAMPLE t=250.7s rss=4308MB hwm=4308MB
    SwitchMatrix: type_usage_pairs=1384 lookups=3253 hits=1869 dijkstra_calls=1384 avg_us=9.3 total_ms=12.9
PHASE_MARK outer=2 enter=pre_solve rss=4308MB
    rss_probe[outer=2]: pre_refresh_rss=4308MB post_pre_solve_rss=4327MB cache_entries=50733435 cache_cap=88852298 cache_est_mb=767
    pre_solve_diag[outer=2]: solves=0 fallback=0 (0.0%) cap_armed=0 (0.0%) settle_avg=0 settle_max=0 init_count=254
    Overflow: over=107477 (4.2% of used) avg_excess=11.26 max_excess=3183.64 (nc=3207.64 cap=24 span=1)  excess_buckets: <=1=37436 1-5=50465 5-20=15124 >20=4452  by_cap: cap1=28197 cap2=71997 cap3-5=25 cap>5=7258  by_span: s1=681 s2-3=1596 s4-6=4486 s7-12=72317 s>12=28397  le1_cross: cap1=21961 cap2-5=13953 cap>5=1522
    Congestion: pipes=2562403 used=2562403 congested(>50%)=214588 saturated(>90%)=119093 max_util=2466.84 avg_util=0.3196
PHASE_MARK outer=2 enter=dcd_sweep rss=4327MB
RSS_SAMPLE t=251.0s rss=4327MB hwm=4327MB
RSS_SAMPLE t=251.2s rss=4327MB hwm=4327MB
RSS_SAMPLE t=251.5s rss=4327MB hwm=4327MB
RSS_SAMPLE t=251.7s rss=4327MB hwm=4327MB
RSS_SAMPLE t=252.0s rss=4327MB hwm=4327MB
RSS_SAMPLE t=252.2s rss=4327MB hwm=4327MB
RSS_SAMPLE t=252.5s rss=4327MB hwm=4327MB
RSS_SAMPLE t=252.7s rss=4327MB hwm=4327MB
RSS_SAMPLE t=253.0s rss=4327MB hwm=4327MB
RSS_SAMPLE t=253.2s rss=4327MB hwm=4327MB
RSS_SAMPLE t=253.5s rss=4327MB hwm=4327MB
RSS_SAMPLE t=253.7s rss=4327MB hwm=4327MB
RSS_SAMPLE t=254.0s rss=4327MB hwm=4327MB
RSS_SAMPLE t=254.2s rss=4327MB hwm=4327MB
RSS_SAMPLE t=254.5s rss=4327MB hwm=4327MB
RSS_SAMPLE t=254.7s rss=4327MB hwm=4327MB
RSS_SAMPLE t=255.0s rss=4327MB hwm=4327MB
RSS_SAMPLE t=255.2s rss=4327MB hwm=4327MB
RSS_SAMPLE t=255.5s rss=4327MB hwm=4327MB
RSS_SAMPLE t=255.7s rss=4327MB hwm=4327MB
RSS_SAMPLE t=256.0s rss=4327MB hwm=4327MB
RSS_SAMPLE t=256.2s rss=4327MB hwm=4327MB
RSS_SAMPLE t=256.5s rss=4327MB hwm=4327MB
RSS_SAMPLE t=256.7s rss=4327MB hwm=4327MB
RSS_SAMPLE t=257.0s rss=4327MB hwm=4327MB
RSS_SAMPLE t=257.2s rss=4327MB hwm=4327MB
RSS_SAMPLE t=257.5s rss=4327MB hwm=4327MB
RSS_SAMPLE t=257.7s rss=4327MB hwm=4327MB
PHASE_MARK outer=2 leave=dcd_sweep rss=4327MB
PHASE_MARK outer=2 enter=post_refresh rss=4327MB
RSS_SAMPLE t=258.0s rss=4328MB hwm=4328MB
RSS_SAMPLE t=258.2s rss=4328MB hwm=4328MB
RSS_SAMPLE t=258.5s rss=4328MB hwm=4328MB
RSS_SAMPLE t=258.7s rss=4328MB hwm=4328MB
RSS_SAMPLE t=259.0s rss=4328MB hwm=4328MB
RSS_SAMPLE t=259.2s rss=4328MB hwm=4328MB
RSS_SAMPLE t=259.5s rss=4328MB hwm=4328MB
RSS_SAMPLE t=259.7s rss=4328MB hwm=4328MB
RSS_SAMPLE t=260.0s rss=4328MB hwm=4328MB
RSS_SAMPLE t=260.2s rss=4328MB hwm=4328MB
RSS_SAMPLE t=260.5s rss=4329MB hwm=4329MB
RSS_SAMPLE t=260.7s rss=4329MB hwm=4329MB
RSS_SAMPLE t=261.0s rss=4329MB hwm=4329MB
RSS_SAMPLE t=261.2s rss=4329MB hwm=4329MB
RSS_SAMPLE t=261.5s rss=4330MB hwm=4330MB
RSS_SAMPLE t=261.7s rss=4330MB hwm=4330MB
RSS_SAMPLE t=262.0s rss=4330MB hwm=4330MB
RSS_SAMPLE t=262.2s rss=4331MB hwm=4331MB
RSS_SAMPLE t=262.5s rss=4331MB hwm=4331MB
RSS_SAMPLE t=262.7s rss=4331MB hwm=4331MB
RSS_SAMPLE t=263.0s rss=4331MB hwm=4331MB
RSS_SAMPLE t=263.2s rss=4332MB hwm=4332MB
RSS_SAMPLE t=263.5s rss=4332MB hwm=4332MB
RSS_SAMPLE t=263.7s rss=4333MB hwm=4333MB
RSS_SAMPLE t=264.0s rss=4333MB hwm=4333MB
RSS_SAMPLE t=264.2s rss=4333MB hwm=4333MB
RSS_SAMPLE t=264.5s rss=4333MB hwm=4333MB
RSS_SAMPLE t=264.7s rss=4334MB hwm=4334MB
RSS_SAMPLE t=265.0s rss=4334MB hwm=4334MB
RSS_SAMPLE t=265.2s rss=4334MB hwm=4334MB
RSS_SAMPLE t=265.5s rss=4334MB hwm=4334MB
RSS_SAMPLE t=265.7s rss=4334MB hwm=4334MB
RSS_SAMPLE t=266.0s rss=4335MB hwm=4335MB
RSS_SAMPLE t=266.2s rss=4335MB hwm=4335MB
RSS_SAMPLE t=266.5s rss=4335MB hwm=4335MB
RSS_SAMPLE t=266.7s rss=4336MB hwm=4336MB
RSS_SAMPLE t=267.0s rss=4336MB hwm=4336MB
RSS_SAMPLE t=267.2s rss=4336MB hwm=4336MB
RSS_SAMPLE t=267.5s rss=4336MB hwm=4336MB
RSS_SAMPLE t=267.7s rss=4337MB hwm=4337MB
RSS_SAMPLE t=268.0s rss=4337MB hwm=4337MB
RSS_SAMPLE t=268.2s rss=4337MB hwm=4337MB
RSS_SAMPLE t=268.5s rss=4337MB hwm=4337MB
RSS_SAMPLE t=268.7s rss=4337MB hwm=4337MB
RSS_SAMPLE t=269.0s rss=4338MB hwm=4338MB
RSS_SAMPLE t=269.2s rss=4338MB hwm=4338MB
RSS_SAMPLE t=269.5s rss=4338MB hwm=4338MB
RSS_SAMPLE t=269.7s rss=4338MB hwm=4338MB
RSS_SAMPLE t=270.0s rss=4338MB hwm=4338MB
RSS_SAMPLE t=270.2s rss=4339MB hwm=4339MB
RSS_SAMPLE t=270.5s rss=4339MB hwm=4339MB
RSS_SAMPLE t=270.7s rss=4339MB hwm=4339MB
RSS_SAMPLE t=271.0s rss=4339MB hwm=4339MB
RSS_SAMPLE t=271.2s rss=4340MB hwm=4340MB
RSS_SAMPLE t=271.5s rss=4340MB hwm=4340MB
RSS_SAMPLE t=271.7s rss=4340MB hwm=4340MB
RSS_SAMPLE t=272.0s rss=4340MB hwm=4340MB
RSS_SAMPLE t=272.2s rss=4340MB hwm=4340MB
RSS_SAMPLE t=272.5s rss=4340MB hwm=4340MB
RSS_SAMPLE t=272.7s rss=4341MB hwm=4341MB
RSS_SAMPLE t=273.0s rss=4341MB hwm=4341MB
RSS_SAMPLE t=273.2s rss=4341MB hwm=4341MB
RSS_SAMPLE t=273.5s rss=4342MB hwm=4342MB
RSS_SAMPLE t=273.7s rss=4342MB hwm=4342MB
RSS_SAMPLE t=274.0s rss=4342MB hwm=4342MB
RSS_SAMPLE t=274.2s rss=4342MB hwm=4342MB
RSS_SAMPLE t=274.5s rss=4342MB hwm=4342MB
RSS_SAMPLE t=274.7s rss=4342MB hwm=4342MB
RSS_SAMPLE t=275.0s rss=4342MB hwm=4342MB
RSS_SAMPLE t=275.2s rss=4342MB hwm=4342MB
RSS_SAMPLE t=275.5s rss=4342MB hwm=4342MB
RSS_SAMPLE t=275.7s rss=4342MB hwm=4342MB
RSS_SAMPLE t=276.0s rss=4342MB hwm=4342MB
RSS_SAMPLE t=276.2s rss=4342MB hwm=4342MB
RSS_SAMPLE t=276.5s rss=4342MB hwm=4342MB
RSS_SAMPLE t=276.7s rss=4342MB hwm=4342MB
RSS_SAMPLE t=277.0s rss=4342MB hwm=4342MB
RSS_SAMPLE t=277.2s rss=4342MB hwm=4342MB
RSS_SAMPLE t=277.5s rss=4342MB hwm=4342MB
RSS_SAMPLE t=277.7s rss=4342MB hwm=4342MB
RSS_SAMPLE t=278.0s rss=4342MB hwm=4342MB
RSS_SAMPLE t=278.2s rss=4342MB hwm=4342MB
RSS_SAMPLE t=278.5s rss=4342MB hwm=4342MB
RSS_SAMPLE t=278.7s rss=4342MB hwm=4342MB
RSS_SAMPLE t=279.0s rss=4342MB hwm=4342MB
RSS_SAMPLE t=279.2s rss=4342MB hwm=4342MB
RSS_SAMPLE t=279.5s rss=4342MB hwm=4342MB
RSS_SAMPLE t=279.7s rss=4342MB hwm=4342MB
RSS_SAMPLE t=280.0s rss=4342MB hwm=4342MB
RSS_SAMPLE t=280.2s rss=4342MB hwm=4342MB
RSS_SAMPLE t=280.5s rss=4342MB hwm=4342MB
RSS_SAMPLE t=280.7s rss=4342MB hwm=4342MB
RSS_SAMPLE t=281.0s rss=4342MB hwm=4342MB
RSS_SAMPLE t=281.2s rss=4342MB hwm=4342MB
RSS_SAMPLE t=281.5s rss=4342MB hwm=4342MB
RSS_SAMPLE t=281.7s rss=4343MB hwm=4343MB
RSS_SAMPLE t=282.0s rss=4343MB hwm=4343MB
RSS_SAMPLE t=282.2s rss=4343MB hwm=4343MB
RSS_SAMPLE t=282.5s rss=4344MB hwm=4344MB
RSS_SAMPLE t=282.7s rss=4344MB hwm=4344MB
RSS_SAMPLE t=283.0s rss=4344MB hwm=4344MB
RSS_SAMPLE t=283.2s rss=4345MB hwm=4345MB
RSS_SAMPLE t=283.5s rss=4346MB hwm=4346MB
RSS_SAMPLE t=283.7s rss=4346MB hwm=4346MB
RSS_SAMPLE t=284.0s rss=4346MB hwm=4346MB
RSS_SAMPLE t=284.2s rss=4347MB hwm=4347MB
RSS_SAMPLE t=284.5s rss=4347MB hwm=4347MB
RSS_SAMPLE t=284.7s rss=4347MB hwm=4347MB
RSS_SAMPLE t=285.0s rss=4347MB hwm=4347MB
RSS_SAMPLE t=285.3s rss=4348MB hwm=4348MB
RSS_SAMPLE t=285.5s rss=4348MB hwm=4348MB
RSS_SAMPLE t=285.8s rss=4348MB hwm=4348MB
RSS_SAMPLE t=286.0s rss=4348MB hwm=4348MB
RSS_SAMPLE t=286.3s rss=4348MB hwm=4348MB
RSS_SAMPLE t=286.5s rss=4348MB hwm=4348MB
RSS_SAMPLE t=286.8s rss=4348MB hwm=4348MB
RSS_SAMPLE t=287.0s rss=4348MB hwm=4348MB
RSS_SAMPLE t=287.3s rss=4348MB hwm=4348MB
RSS_SAMPLE t=287.5s rss=4348MB hwm=4348MB
RSS_SAMPLE t=287.8s rss=4348MB hwm=4348MB
RSS_SAMPLE t=288.0s rss=4348MB hwm=4348MB
RSS_SAMPLE t=288.3s rss=4348MB hwm=4348MB
RSS_SAMPLE t=288.5s rss=4348MB hwm=4348MB
RSS_SAMPLE t=288.8s rss=4348MB hwm=4348MB
RSS_SAMPLE t=289.0s rss=4348MB hwm=4348MB
RSS_SAMPLE t=289.3s rss=4348MB hwm=4348MB
RSS_SAMPLE t=289.5s rss=4348MB hwm=4348MB
RSS_SAMPLE t=289.8s rss=4348MB hwm=4348MB
RSS_SAMPLE t=290.0s rss=4348MB hwm=4348MB
RSS_SAMPLE t=290.3s rss=4348MB hwm=4348MB
RSS_SAMPLE t=290.5s rss=4348MB hwm=4348MB
RSS_SAMPLE t=290.8s rss=4348MB hwm=4348MB
RSS_SAMPLE t=291.0s rss=4348MB hwm=4348MB
RSS_SAMPLE t=291.3s rss=4348MB hwm=4348MB
RSS_SAMPLE t=291.5s rss=4348MB hwm=4348MB
RSS_SAMPLE t=291.8s rss=4349MB hwm=4349MB
RSS_SAMPLE t=292.0s rss=4349MB hwm=4349MB
RSS_SAMPLE t=292.3s rss=4349MB hwm=4349MB
RSS_SAMPLE t=292.5s rss=4349MB hwm=4349MB
RSS_SAMPLE t=292.8s rss=4349MB hwm=4349MB
RSS_SAMPLE t=293.0s rss=4349MB hwm=4349MB
RSS_SAMPLE t=293.3s rss=4349MB hwm=4349MB
RSS_SAMPLE t=293.5s rss=4349MB hwm=4349MB
RSS_SAMPLE t=293.8s rss=4349MB hwm=4349MB
RSS_SAMPLE t=294.0s rss=4349MB hwm=4349MB
RSS_SAMPLE t=294.3s rss=4349MB hwm=4349MB
RSS_SAMPLE t=294.5s rss=4349MB hwm=4349MB
RSS_SAMPLE t=294.8s rss=4349MB hwm=4349MB
RSS_SAMPLE t=295.0s rss=4349MB hwm=4349MB
RSS_SAMPLE t=295.3s rss=4349MB hwm=4349MB
RSS_SAMPLE t=295.5s rss=4349MB hwm=4349MB
RSS_SAMPLE t=295.8s rss=4349MB hwm=4349MB
RSS_SAMPLE t=296.0s rss=4349MB hwm=4349MB
RSS_SAMPLE t=296.3s rss=4349MB hwm=4349MB
RSS_SAMPLE t=296.5s rss=4349MB hwm=4349MB
RSS_SAMPLE t=296.8s rss=4349MB hwm=4349MB
RSS_SAMPLE t=297.0s rss=4349MB hwm=4349MB
RSS_SAMPLE t=297.3s rss=4349MB hwm=4349MB
RSS_SAMPLE t=297.5s rss=4349MB hwm=4349MB
RSS_SAMPLE t=297.8s rss=4349MB hwm=4349MB
RSS_SAMPLE t=298.0s rss=4349MB hwm=4349MB
RSS_SAMPLE t=298.3s rss=4349MB hwm=4349MB
RSS_SAMPLE t=298.5s rss=4349MB hwm=4349MB
RSS_SAMPLE t=298.8s rss=4349MB hwm=4349MB
RSS_SAMPLE t=299.0s rss=4349MB hwm=4349MB
RSS_SAMPLE t=299.3s rss=4349MB hwm=4349MB
RSS_SAMPLE t=299.5s rss=4349MB hwm=4349MB
RSS_SAMPLE t=299.8s rss=4349MB hwm=4349MB
RSS_SAMPLE t=300.0s rss=4349MB hwm=4349MB
RSS_SAMPLE t=300.3s rss=4349MB hwm=4349MB
RSS_SAMPLE t=300.5s rss=4349MB hwm=4349MB
RSS_SAMPLE t=300.8s rss=4349MB hwm=4349MB
RSS_SAMPLE t=301.0s rss=4349MB hwm=4349MB
RSS_SAMPLE t=301.3s rss=4349MB hwm=4349MB
RSS_SAMPLE t=301.5s rss=4349MB hwm=4349MB
RSS_SAMPLE t=301.8s rss=4349MB hwm=4349MB
RSS_SAMPLE t=302.0s rss=4349MB hwm=4349MB
RSS_SAMPLE t=302.3s rss=4349MB hwm=4349MB
RSS_SAMPLE t=302.5s rss=4349MB hwm=4349MB
RSS_SAMPLE t=302.8s rss=4349MB hwm=4349MB
RSS_SAMPLE t=303.0s rss=4349MB hwm=4349MB
RSS_SAMPLE t=303.3s rss=4349MB hwm=4349MB
RSS_SAMPLE t=303.5s rss=4349MB hwm=4349MB
RSS_SAMPLE t=303.8s rss=4349MB hwm=4349MB
RSS_SAMPLE t=304.0s rss=4349MB hwm=4349MB
RSS_SAMPLE t=304.3s rss=4349MB hwm=4349MB
RSS_SAMPLE t=304.5s rss=4349MB hwm=4349MB
RSS_SAMPLE t=304.8s rss=4349MB hwm=4349MB
RSS_SAMPLE t=305.0s rss=4350MB hwm=4350MB
RSS_SAMPLE t=305.3s rss=4350MB hwm=4350MB
RSS_SAMPLE t=305.5s rss=4350MB hwm=4350MB
RSS_SAMPLE t=305.8s rss=4350MB hwm=4350MB
RSS_SAMPLE t=306.0s rss=4350MB hwm=4350MB
RSS_SAMPLE t=306.3s rss=4350MB hwm=4350MB
RSS_SAMPLE t=306.5s rss=4350MB hwm=4350MB
RSS_SAMPLE t=306.8s rss=4350MB hwm=4350MB
RSS_SAMPLE t=307.0s rss=4350MB hwm=4350MB
RSS_SAMPLE t=307.3s rss=4350MB hwm=4350MB
RSS_SAMPLE t=307.5s rss=4350MB hwm=4350MB
RSS_SAMPLE t=307.8s rss=4350MB hwm=4350MB
RSS_SAMPLE t=308.0s rss=4350MB hwm=4350MB
RSS_SAMPLE t=308.3s rss=4350MB hwm=4350MB
RSS_SAMPLE t=308.5s rss=4350MB hwm=4350MB
RSS_SAMPLE t=308.8s rss=4350MB hwm=4350MB
RSS_SAMPLE t=309.0s rss=4350MB hwm=4350MB
RSS_SAMPLE t=309.3s rss=4350MB hwm=4350MB
RSS_SAMPLE t=309.5s rss=4350MB hwm=4350MB
RSS_SAMPLE t=309.8s rss=4350MB hwm=4350MB
RSS_SAMPLE t=310.0s rss=4350MB hwm=4350MB
RSS_SAMPLE t=310.3s rss=4350MB hwm=4350MB
RSS_SAMPLE t=310.5s rss=4350MB hwm=4350MB
RSS_SAMPLE t=310.8s rss=4350MB hwm=4350MB
RSS_SAMPLE t=311.0s rss=4350MB hwm=4350MB
RSS_SAMPLE t=311.3s rss=4350MB hwm=4350MB
RSS_SAMPLE t=311.5s rss=4350MB hwm=4350MB
RSS_SAMPLE t=311.8s rss=4350MB hwm=4350MB
RSS_SAMPLE t=312.0s rss=4350MB hwm=4350MB
RSS_SAMPLE t=312.3s rss=4350MB hwm=4350MB
RSS_SAMPLE t=312.5s rss=4350MB hwm=4350MB
RSS_SAMPLE t=312.8s rss=4350MB hwm=4350MB
RSS_SAMPLE t=313.0s rss=4350MB hwm=4350MB
RSS_SAMPLE t=313.3s rss=4350MB hwm=4350MB
RSS_SAMPLE t=313.5s rss=4350MB hwm=4350MB
RSS_SAMPLE t=313.8s rss=4350MB hwm=4350MB
RSS_SAMPLE t=314.0s rss=4350MB hwm=4350MB
RSS_SAMPLE t=314.3s rss=4350MB hwm=4350MB
MEM_POOL: workspaces=32 dense_usage_mb=1251 n_pipes=2562403
    post_solve_diag[outer=2]: solves=105117 cap_armed=105117 (100.0%) settle_avg=7245 above_sink_avg=98 (1.3%) settle_max=69353
    load_support[outer=2]: settle_avg=7245 load_nz_avg=760 (10.5%) load_material_avg=615 (8.5%)
    settle_hist[outer=2]: <100: 31344nets/0.1%work  <1k: 23045nets/1.1%work  <5k: 22094nets/7.3%work  <20k: 13981nets/20.0%work  <60k: 13475nets/61.5%work  >=60k: 1178nets/10.0%work
    fanout_hist[outer=2]: fan1: 43710nets/11.2%work  fan2-4: 48279nets/49.5%work  fan5-16: 12974nets/38.4%work  fan17-64: 154nets/1.0%work  fan65-256: 0nets/0.0%work  fan>256: 0nets/0.0%work
    rss_probe[outer=2]: pre_post_solve=4328MB post_post_solve=4350MB after_apply=4350MB
    E_decomp: base=8853741.5 eff=20004227574192736.0 cong=20004227565338996.0 cong_share=100.0% sat_pipes=85770 max_util=1428.08  R_buckets: 1-2x=97395 2-10x=23694 10-100x=8742 >=100x=2432572
    E_potential: beckmann=536772561263822.6 history_total=0.0
    SpanCache: epoch=3 entries=3253 lookups=2562403 hits=2559150 misses=3253 hit_rate=99.9%
  DCD   2: nets=105117 line=15910166 energy=39317707712.401 dE=+34282075922.993 friction=88967949.1 bins=2.0x(960) excess=347.5 moved=66613 disp=11.101 solves=105117 skip=105117 pops=761616297 theta=5.000 refresh=56697ms dcd=6918ms total=66431ms
    cache_stats: entries=46586655 capacity=83630986 est_mb=723 rss_mb=4352
DCD done: energy=39317707712.401 line=15910166 friction=88967949.1 bins=2.0x(960) excess=347.5
MuxSlotTracker: 11478 commit rejections over entire DCD
MuxSlotTracker[post-DCD]: populated_cells=67082, overflow_tiles=0, at_cap_tiles=744, peak_excess=0, capacity_hist={16:67346}
RSS_SAMPLE t=314.5s rss=3714MB hwm=4347MB
Pre-legalization: HPWL=12453809
  type DFF: 302 valid columns, 1077536 total BELs
  type LUT6: 302 valid columns, 538768 total BELs
TypeAwarePlacement: 2 cell types
RSS_SAMPLE t=314.8s rss=2538MB hwm=4347MB
RSS_SAMPLE t=315.0s rss=2538MB hwm=4347MB
RSS_SAMPLE t=315.3s rss=2538MB hwm=4347MB
RSS_SAMPLE t=315.5s rss=2538MB hwm=4347MB
RSS_SAMPLE t=315.8s rss=2538MB hwm=4347MB
RSS_SAMPLE t=316.0s rss=2538MB hwm=4347MB
RSS_SAMPLE t=316.3s rss=2538MB hwm=4347MB
RSS_SAMPLE t=316.5s rss=2538MB hwm=4347MB
RSS_SAMPLE t=316.8s rss=2538MB hwm=4347MB
RSS_SAMPLE t=317.0s rss=2538MB hwm=4347MB
RSS_SAMPLE t=317.3s rss=2538MB hwm=4347MB
RSS_SAMPLE t=317.5s rss=2538MB hwm=4347MB
RSS_SAMPLE t=317.8s rss=2538MB hwm=4347MB
RSS_SAMPLE t=318.0s rss=2538MB hwm=4347MB
  SortedLegalizer: cluster_rejects=146140 shared_mux_rejects=11610335 arch_validity_rejects=0
RSS_SAMPLE t=318.3s rss=2474MB hwm=4347MB
Post-legalization: HPWL=12248117, line=15902188
Per-net HPWL: 105118 nets, total=12248117
  #0: hpwl=531 fanout=93000 (0.0%)
  #1: hpwl=527 fanout=5 (0.0%)
  #2: hpwl=527 fanout=13 (0.0%)
  #3: hpwl=525 fanout=12 (0.0%)
  #4: hpwl=524 fanout=18 (0.0%)
  #5: hpwl=523 fanout=9 (0.0%)
  #6: hpwl=523 fanout=18 (0.0%)
  #7: hpwl=523 fanout=11 (0.0%)
  #8: hpwl=521 fanout=13 (0.0%)
  #9: hpwl=520 fanout=17 (0.0%)
  50% of HPWL from top 15955 nets (of 105118)
