Running scope as unit: run-rd825e8e1ee8849b49899d9e9e4512022.scope
chipdb: /home/kelvin/side-project/eisenjoch/chip_database/xc7_large.bin
design: /home/kelvin/side-project/eisenjoch/benchmark/ispd/generated/2016/FPGA01/FPGA01.json
RSS_SAMPLE t=0.0s rss=3MB hwm=3MB
RSS_SAMPLE t=0.3s rss=418MB hwm=418MB
RSS_SAMPLE t=0.5s rss=706MB hwm=706MB
RSS_SAMPLE t=0.8s rss=814MB hwm=814MB
RSS_SAMPLE t=1.0s rss=819MB hwm=824MB
RSS_SAMPLE t=1.3s rss=819MB hwm=824MB
RSS_SAMPLE t=1.5s rss=820MB hwm=824MB
cfg: max_outer_iters=3 blend_alpha=0.5 hardening_step=0 graph_model=TwoLevelPip
  topological compress: density=0.60 target_tiles=15971 final_tiles=15777 scale=1.851 center=(205.1,111.0)
  topological init: n_movable=76660, n_edges=229053, max_layer=26775, back_edges=54022, n_anchored=0
RSS_SAMPLE t=1.8s rss=820MB hwm=824MB
RSS_SAMPLE t=2.0s rss=820MB hwm=824MB
RSS_SAMPLE t=2.3s rss=820MB hwm=824MB
RSS_SAMPLE t=2.5s rss=820MB hwm=824MB
RSS_SAMPLE t=2.8s rss=820MB hwm=824MB
RSS_SAMPLE t=3.0s rss=820MB hwm=824MB
RSS_SAMPLE t=3.3s rss=820MB hwm=824MB
RSS_SAMPLE t=3.5s rss=820MB hwm=824MB
RSS_SAMPLE t=3.8s rss=820MB hwm=824MB
RSS_SAMPLE t=4.0s rss=820MB hwm=824MB
RSS_SAMPLE t=4.3s rss=820MB hwm=824MB
RSS_SAMPLE t=4.5s rss=820MB hwm=824MB
RSS_SAMPLE t=4.8s rss=820MB hwm=824MB
RSS_SAMPLE t=5.0s rss=820MB hwm=824MB
RSS_SAMPLE t=5.3s rss=820MB hwm=824MB
RSS_SAMPLE t=5.5s rss=820MB hwm=824MB
RSS_SAMPLE t=5.8s rss=820MB hwm=824MB
RSS_SAMPLE t=6.0s rss=820MB hwm=824MB
RSS_SAMPLE t=6.3s rss=820MB hwm=824MB
RSS_SAMPLE t=6.5s rss=820MB hwm=824MB
RSS_SAMPLE t=6.8s rss=820MB hwm=824MB
RSS_SAMPLE t=7.0s rss=820MB hwm=824MB
RSS_SAMPLE t=7.3s rss=820MB hwm=824MB
RSS_SAMPLE t=7.5s rss=820MB hwm=824MB
RSS_SAMPLE t=7.8s rss=820MB hwm=824MB
RSS_SAMPLE t=8.0s rss=820MB hwm=824MB
RSS_SAMPLE t=8.3s rss=820MB hwm=824MB
RSS_SAMPLE t=8.5s rss=820MB hwm=824MB
RSS_SAMPLE t=8.8s rss=820MB hwm=824MB
RSS_SAMPLE t=9.0s rss=820MB hwm=824MB
RSS_SAMPLE t=9.3s rss=820MB hwm=824MB
RSS_SAMPLE t=9.5s rss=820MB hwm=824MB
RSS_SAMPLE t=9.8s rss=820MB hwm=824MB
RSS_SAMPLE t=10.0s rss=820MB hwm=824MB
RSS_SAMPLE t=10.3s rss=820MB hwm=824MB
RSS_SAMPLE t=10.5s rss=820MB hwm=824MB
RSS_SAMPLE t=10.8s rss=820MB hwm=824MB
RSS_SAMPLE t=11.0s rss=820MB hwm=824MB
RSS_SAMPLE t=11.3s rss=820MB hwm=824MB
RSS_SAMPLE t=11.5s rss=820MB hwm=824MB
RSS_SAMPLE t=11.8s rss=820MB hwm=824MB
RSS_SAMPLE t=12.0s rss=820MB hwm=824MB
RSS_SAMPLE t=12.3s rss=820MB hwm=824MB
RSS_SAMPLE t=12.5s rss=820MB hwm=824MB
RSS_SAMPLE t=12.8s rss=820MB hwm=824MB
RSS_SAMPLE t=13.0s rss=820MB hwm=824MB
RSS_SAMPLE t=13.3s rss=820MB hwm=824MB
RSS_SAMPLE t=13.5s rss=820MB hwm=824MB
RSS_SAMPLE t=13.8s rss=820MB hwm=824MB
RSS_SAMPLE t=14.0s rss=820MB hwm=824MB
RSS_SAMPLE t=14.3s rss=820MB hwm=824MB
RSS_SAMPLE t=14.5s rss=820MB hwm=824MB
RSS_SAMPLE t=14.8s rss=820MB hwm=824MB
RSS_SAMPLE t=15.0s rss=820MB hwm=824MB
RSS_SAMPLE t=15.3s rss=820MB hwm=824MB
RSS_SAMPLE t=15.5s rss=820MB hwm=824MB
RSS_SAMPLE t=15.8s rss=820MB hwm=824MB
RSS_SAMPLE t=16.0s rss=820MB hwm=824MB
RSS_SAMPLE t=16.3s rss=820MB hwm=824MB
RSS_SAMPLE t=16.5s rss=820MB hwm=824MB
RSS_SAMPLE t=16.8s rss=820MB hwm=824MB
RSS_SAMPLE t=17.0s rss=820MB hwm=824MB
RSS_SAMPLE t=17.3s rss=820MB hwm=824MB
RSS_SAMPLE t=17.5s rss=820MB hwm=824MB
RSS_SAMPLE t=17.8s rss=820MB hwm=824MB
RSS_SAMPLE t=18.0s rss=820MB hwm=824MB
RSS_SAMPLE t=18.3s rss=820MB hwm=824MB
RSS_SAMPLE t=18.5s rss=820MB hwm=824MB
RSS_SAMPLE t=18.8s rss=820MB hwm=824MB
RSS_SAMPLE t=19.0s rss=820MB hwm=824MB
RSS_SAMPLE t=19.3s rss=820MB hwm=824MB
RSS_SAMPLE t=19.5s rss=820MB hwm=824MB
RSS_SAMPLE t=19.8s rss=820MB hwm=824MB
RSS_SAMPLE t=20.0s rss=820MB hwm=824MB
RSS_SAMPLE t=20.3s rss=820MB hwm=824MB
RSS_SAMPLE t=20.5s rss=820MB hwm=824MB
RSS_SAMPLE t=20.8s rss=820MB hwm=824MB
RSS_SAMPLE t=21.0s rss=820MB hwm=824MB
RSS_SAMPLE t=21.3s rss=820MB hwm=824MB
RSS_SAMPLE t=21.5s rss=820MB hwm=824MB
RSS_SAMPLE t=21.8s rss=820MB hwm=824MB
RSS_SAMPLE t=22.0s rss=820MB hwm=824MB
RSS_SAMPLE t=22.3s rss=820MB hwm=824MB
RSS_SAMPLE t=22.5s rss=820MB hwm=824MB
RSS_SAMPLE t=22.8s rss=820MB hwm=824MB
RSS_SAMPLE t=23.0s rss=820MB hwm=824MB
RSS_SAMPLE t=23.3s rss=820MB hwm=824MB
RSS_SAMPLE t=23.5s rss=820MB hwm=824MB
RSS_SAMPLE t=23.8s rss=820MB hwm=824MB
RSS_SAMPLE t=24.0s rss=820MB hwm=824MB
RSS_SAMPLE t=24.3s rss=820MB hwm=824MB
RSS_SAMPLE t=24.5s rss=820MB hwm=824MB
RSS_SAMPLE t=24.8s rss=820MB hwm=824MB
RSS_SAMPLE t=25.0s rss=820MB hwm=824MB
RSS_SAMPLE t=25.3s rss=820MB hwm=824MB
RSS_SAMPLE t=25.5s rss=820MB hwm=824MB
RSS_SAMPLE t=25.8s rss=820MB hwm=824MB
RSS_SAMPLE t=26.0s rss=820MB hwm=824MB
RSS_SAMPLE t=26.3s rss=820MB hwm=824MB
RSS_SAMPLE t=26.5s rss=820MB hwm=824MB
RSS_SAMPLE t=26.8s rss=820MB hwm=824MB
RSS_SAMPLE t=27.0s rss=820MB hwm=824MB
RSS_SAMPLE t=27.3s rss=820MB hwm=824MB
RSS_SAMPLE t=27.5s rss=820MB hwm=824MB
RSS_SAMPLE t=27.8s rss=820MB hwm=824MB
RSS_SAMPLE t=28.0s rss=820MB hwm=824MB
RSS_SAMPLE t=28.3s rss=820MB hwm=824MB
RSS_SAMPLE t=28.5s rss=820MB hwm=824MB
RSS_SAMPLE t=28.8s rss=820MB hwm=824MB
RSS_SAMPLE t=29.0s rss=820MB hwm=824MB
RSS_SAMPLE t=29.3s rss=820MB hwm=824MB
RSS_SAMPLE t=29.5s rss=820MB hwm=824MB
RSS_SAMPLE t=29.8s rss=820MB hwm=824MB
RSS_SAMPLE t=30.0s rss=820MB hwm=824MB
RSS_SAMPLE t=30.3s rss=820MB hwm=824MB
RSS_SAMPLE t=30.5s rss=820MB hwm=824MB
RSS_SAMPLE t=30.8s rss=820MB hwm=824MB
RSS_SAMPLE t=31.0s rss=820MB hwm=824MB
RSS_SAMPLE t=31.3s rss=820MB hwm=824MB
RSS_SAMPLE t=31.5s rss=820MB hwm=824MB
RSS_SAMPLE t=31.8s rss=820MB hwm=824MB
RSS_SAMPLE t=32.0s rss=820MB hwm=824MB
RSS_SAMPLE t=32.3s rss=820MB hwm=824MB
RSS_SAMPLE t=32.5s rss=820MB hwm=824MB
RSS_SAMPLE t=32.8s rss=820MB hwm=824MB
RSS_SAMPLE t=33.0s rss=820MB hwm=824MB
RSS_SAMPLE t=33.3s rss=820MB hwm=824MB
RSS_SAMPLE t=33.5s rss=820MB hwm=824MB
RSS_SAMPLE t=33.8s rss=820MB hwm=824MB
RSS_SAMPLE t=34.0s rss=820MB hwm=824MB
RSS_SAMPLE t=34.3s rss=820MB hwm=824MB
RSS_SAMPLE t=34.5s rss=820MB hwm=824MB
RSS_SAMPLE t=34.8s rss=820MB hwm=824MB
RSS_SAMPLE t=35.0s rss=820MB hwm=824MB
RSS_SAMPLE t=35.3s rss=820MB hwm=824MB
RSS_SAMPLE t=35.5s rss=820MB hwm=824MB
RSS_SAMPLE t=35.8s rss=820MB hwm=824MB
RSS_SAMPLE t=36.0s rss=820MB hwm=824MB
RSS_SAMPLE t=36.3s rss=820MB hwm=824MB
RSS_SAMPLE t=36.5s rss=820MB hwm=824MB
RSS_SAMPLE t=36.8s rss=820MB hwm=824MB
RSS_SAMPLE t=37.0s rss=820MB hwm=824MB
RSS_SAMPLE t=37.3s rss=820MB hwm=824MB
RSS_SAMPLE t=37.5s rss=820MB hwm=824MB
RSS_SAMPLE t=37.8s rss=820MB hwm=824MB
RSS_SAMPLE t=38.0s rss=820MB hwm=824MB
RSS_SAMPLE t=38.3s rss=820MB hwm=824MB
RSS_SAMPLE t=38.5s rss=820MB hwm=824MB
RSS_SAMPLE t=38.8s rss=820MB hwm=824MB
RSS_SAMPLE t=39.0s rss=820MB hwm=824MB
RSS_SAMPLE t=39.3s rss=820MB hwm=824MB
RSS_SAMPLE t=39.5s rss=820MB hwm=824MB
RSS_SAMPLE t=39.8s rss=820MB hwm=824MB
RSS_SAMPLE t=40.0s rss=820MB hwm=824MB
RSS_SAMPLE t=40.3s rss=820MB hwm=824MB
RSS_SAMPLE t=40.5s rss=820MB hwm=824MB
RSS_SAMPLE t=40.8s rss=820MB hwm=824MB
RSS_SAMPLE t=41.0s rss=820MB hwm=824MB
RSS_SAMPLE t=41.3s rss=820MB hwm=824MB
RSS_SAMPLE t=41.5s rss=820MB hwm=824MB
RSS_SAMPLE t=41.8s rss=820MB hwm=824MB
RSS_SAMPLE t=42.0s rss=820MB hwm=824MB
RSS_SAMPLE t=42.3s rss=820MB hwm=824MB
RSS_SAMPLE t=42.5s rss=820MB hwm=824MB
RSS_SAMPLE t=42.8s rss=820MB hwm=824MB
RSS_SAMPLE t=43.0s rss=820MB hwm=824MB
RSS_SAMPLE t=43.3s rss=820MB hwm=824MB
RSS_SAMPLE t=43.5s rss=820MB hwm=824MB
RSS_SAMPLE t=43.8s rss=820MB hwm=824MB
RSS_SAMPLE t=44.0s rss=820MB hwm=824MB
RSS_SAMPLE t=44.3s rss=820MB hwm=824MB
RSS_SAMPLE t=44.5s rss=820MB hwm=824MB
RSS_SAMPLE t=44.8s rss=820MB hwm=824MB
RSS_SAMPLE t=45.0s rss=820MB hwm=824MB
RSS_SAMPLE t=45.3s rss=820MB hwm=824MB
RSS_SAMPLE t=45.5s rss=820MB hwm=824MB
RSS_SAMPLE t=45.8s rss=820MB hwm=824MB
RSS_SAMPLE t=46.0s rss=820MB hwm=824MB
RSS_SAMPLE t=46.3s rss=820MB hwm=824MB
RSS_SAMPLE t=46.5s rss=820MB hwm=824MB
RSS_SAMPLE t=46.8s rss=820MB hwm=824MB
RSS_SAMPLE t=47.0s rss=820MB hwm=824MB
RSS_SAMPLE t=47.3s rss=820MB hwm=824MB
RSS_SAMPLE t=47.5s rss=820MB hwm=824MB
RSS_SAMPLE t=47.8s rss=820MB hwm=824MB
RSS_SAMPLE t=48.0s rss=820MB hwm=824MB
RSS_SAMPLE t=48.3s rss=820MB hwm=824MB
RSS_SAMPLE t=48.5s rss=820MB hwm=824MB
RSS_SAMPLE t=48.8s rss=820MB hwm=824MB
RSS_SAMPLE t=49.0s rss=820MB hwm=824MB
RSS_SAMPLE t=49.3s rss=820MB hwm=824MB
RSS_SAMPLE t=49.5s rss=820MB hwm=824MB
RSS_SAMPLE t=49.8s rss=820MB hwm=824MB
RSS_SAMPLE t=50.0s rss=820MB hwm=824MB
RSS_SAMPLE t=50.3s rss=820MB hwm=824MB
RSS_SAMPLE t=50.5s rss=820MB hwm=824MB
RSS_SAMPLE t=50.8s rss=820MB hwm=824MB
RSS_SAMPLE t=51.0s rss=820MB hwm=824MB
RSS_SAMPLE t=51.3s rss=820MB hwm=824MB
RSS_SAMPLE t=51.5s rss=820MB hwm=824MB
RSS_SAMPLE t=51.8s rss=820MB hwm=824MB
RSS_SAMPLE t=52.0s rss=834MB hwm=834MB
RSS_SAMPLE t=52.3s rss=885MB hwm=885MB
RSS_SAMPLE t=52.5s rss=927MB hwm=927MB
RSS_SAMPLE t=52.8s rss=933MB hwm=933MB
RSS_SAMPLE t=53.0s rss=933MB hwm=933MB
RSS_SAMPLE t=53.3s rss=933MB hwm=933MB
RSS_SAMPLE t=53.5s rss=933MB hwm=933MB
RSS_SAMPLE t=53.8s rss=933MB hwm=933MB
  Skipped truly-null coarse cells: 0 (of 69353 total); pruned pipes: src_null=0 dst_null=0
  Pipe capacity by span:
    span=  1: 138172 pipes, cap min=1 avg=134.5 max=432
    span=  2: 136455 pipes, cap min=2 avg=50.7 max=118
    span=  3: 135619 pipes, cap min=2 avg=26.1 max=52
    span=  4: 136319 pipes, cap min=2 avg=22.7 max=140
    span=  5: 135918 pipes, cap min=2 avg=66.1 max=124
    span=  6: 201217 pipes, cap min=2 avg=15.2 max=28
    span=  7: 200933 pipes, cap min=1 avg=7.3 max=20
    span=  8: 132748 pipes, cap min=2 avg=6.0 max=10
    span=  9: 130848 pipes, cap min=2 avg=6.0 max=10
    span= 10: 131090 pipes, cap min=2 avg=2.2 max=31
    span= 11: 129628 pipes, cap min=2 avg=2.0 max=4
    span= 12: 129018 pipes, cap min=2 avg=2.0 max=4
    span= 13: 128408 pipes, cap min=1 avg=1.5 max=4
    span= 14: 127798 pipes, cap min=1 avg=1.0 max=2
    span= 15: 127188 pipes, cap min=1 avg=1.0 max=2
    span= 16: 126578 pipes, cap min=1 avg=1.0 max=2
    span= 17: 125968 pipes, cap min=1 avg=1.0 max=2
    span= 18: 125358 pipes, cap min=1 avg=1.0 max=2
    span= 19: 63140 pipes, cap min=1 avg=1.0 max=2
  Thin span-1 pipes (cap<=2): 222 total, by tile-type pair (top 20):
    NULL <-> NULL: 220
    CLK_BUFG <-> NULL: 2
  Pipe cost: span^0.50 model (r1=1), span-1=1.000, span-12=3.464, 2×span-6=4.899, 12×span-1=12.000
RSS_SAMPLE t=54.0s rss=934MB hwm=934MB
  topological compress: density=0.60 target_tiles=15971 final_tiles=15777 scale=1.851 center=(205.1,111.0)
  topological init: n_movable=76660, n_edges=229053, max_layer=26775, back_edges=54022, n_anchored=0
  type DFF: 302 valid columns, 1077536 total BELs
  type LUT6: 302 valid columns, 538768 total BELs
TypeAwarePlacement: 2 cell types
Coordinate descent mode: 76660 cells, scale 1.00
CellValidityMask: 76660 cells, 311x223 grid, 2 bucket masks, per-cell valid positions: min=67346 avg=67346.0 max=67346, unmapped cells=0
RSS_SAMPLE t=54.3s rss=1039MB hwm=1039MB
MuxSlotTracker: 76660 cells (76660 with external fanout), 67346 tiles, total_cap=1077536, active_buckets=[DFF,LUT6], built in 65.3ms
MuxSlotTracker[post-seed]: populated_cells=27114, overflow_tiles=518, at_cap_tiles=50, peak_excess=41, capacity_hist={16:67346}
DCD placer: 76660 cells, 69353 nodes, outer_iters=3, dcd_iters_per_cell=8, graph_model=TwoLevelPip
MEM_STATIC: pipes=352MB nodes=1MB adjacency=78MB pipe_cost_vecs=59MB validity_mask=0MB n_pipes=2562403 n_edges=5124806 rss=1044MB
Softmin position update: enabled, theta 0.250 -> 5.000 (anneal over 3 iters)
RSS_SAMPLE t=54.5s rss=1071MB hwm=1071MB
RSS_SAMPLE t=54.8s rss=1071MB hwm=1071MB
RSS_SAMPLE t=55.0s rss=1071MB hwm=1071MB
RSS_SAMPLE t=55.3s rss=1071MB hwm=1071MB
RSS_SAMPLE t=55.5s rss=1071MB hwm=1071MB
RSS_SAMPLE t=55.8s rss=1071MB hwm=1071MB
RSS_SAMPLE t=56.0s rss=1071MB hwm=1071MB
RSS_SAMPLE t=56.3s rss=1071MB hwm=1071MB
RSS_SAMPLE t=56.5s rss=1071MB hwm=1071MB
    SwitchMatrix: type_usage_pairs=7 lookups=110 hits=103 dijkstra_calls=7 avg_us=10.1 total_ms=0.1
PHASE_MARK outer=0 enter=pre_solve rss=1074MB
RSS_SAMPLE t=56.8s rss=1206MB hwm=1206MB
RSS_SAMPLE t=57.0s rss=1228MB hwm=1228MB
RSS_SAMPLE t=57.3s rss=1237MB hwm=1237MB
RSS_SAMPLE t=57.5s rss=1242MB hwm=1242MB
RSS_SAMPLE t=57.8s rss=1248MB hwm=1248MB
RSS_SAMPLE t=58.0s rss=1252MB hwm=1252MB
RSS_SAMPLE t=58.3s rss=1260MB hwm=1260MB
RSS_SAMPLE t=58.5s rss=1264MB hwm=1264MB
RSS_SAMPLE t=58.8s rss=1270MB hwm=1270MB
RSS_SAMPLE t=59.0s rss=1275MB hwm=1275MB
RSS_SAMPLE t=59.3s rss=1281MB hwm=1281MB
RSS_SAMPLE t=59.5s rss=1287MB hwm=1287MB
RSS_SAMPLE t=59.8s rss=1293MB hwm=1293MB
RSS_SAMPLE t=60.0s rss=1299MB hwm=1299MB
RSS_SAMPLE t=60.3s rss=1306MB hwm=1306MB
RSS_SAMPLE t=60.5s rss=1313MB hwm=1313MB
RSS_SAMPLE t=60.8s rss=1320MB hwm=1320MB
RSS_SAMPLE t=61.0s rss=1327MB hwm=1327MB
RSS_SAMPLE t=61.3s rss=1332MB hwm=1332MB
RSS_SAMPLE t=61.5s rss=1338MB hwm=1338MB
RSS_SAMPLE t=61.8s rss=1346MB hwm=1346MB
RSS_SAMPLE t=62.0s rss=1353MB hwm=1353MB
RSS_SAMPLE t=62.3s rss=1358MB hwm=1358MB
RSS_SAMPLE t=62.5s rss=1366MB hwm=1366MB
RSS_SAMPLE t=62.8s rss=1371MB hwm=1371MB
RSS_SAMPLE t=63.0s rss=1378MB hwm=1378MB
RSS_SAMPLE t=63.3s rss=1384MB hwm=1384MB
RSS_SAMPLE t=63.5s rss=1390MB hwm=1390MB
RSS_SAMPLE t=63.8s rss=1395MB hwm=1395MB
RSS_SAMPLE t=64.0s rss=1402MB hwm=1402MB
RSS_SAMPLE t=64.3s rss=1407MB hwm=1407MB
RSS_SAMPLE t=64.5s rss=1414MB hwm=1414MB
RSS_SAMPLE t=64.8s rss=1420MB hwm=1420MB
RSS_SAMPLE t=65.0s rss=1427MB hwm=1427MB
RSS_SAMPLE t=65.3s rss=1433MB hwm=1433MB
RSS_SAMPLE t=65.5s rss=1440MB hwm=1440MB
RSS_SAMPLE t=65.8s rss=1445MB hwm=1445MB
RSS_SAMPLE t=66.0s rss=1452MB hwm=1452MB
RSS_SAMPLE t=66.3s rss=1458MB hwm=1458MB
RSS_SAMPLE t=66.5s rss=1464MB hwm=1464MB
RSS_SAMPLE t=66.8s rss=1470MB hwm=1470MB
RSS_SAMPLE t=67.0s rss=1477MB hwm=1477MB
RSS_SAMPLE t=67.3s rss=1483MB hwm=1483MB
RSS_SAMPLE t=67.5s rss=1490MB hwm=1490MB
RSS_SAMPLE t=67.8s rss=1498MB hwm=1498MB
RSS_SAMPLE t=68.0s rss=1504MB hwm=1504MB
RSS_SAMPLE t=68.3s rss=1512MB hwm=1512MB
RSS_SAMPLE t=68.5s rss=1518MB hwm=1518MB
RSS_SAMPLE t=68.8s rss=1525MB hwm=1525MB
RSS_SAMPLE t=69.0s rss=1531MB hwm=1531MB
RSS_SAMPLE t=69.3s rss=1538MB hwm=1538MB
RSS_SAMPLE t=69.5s rss=1544MB hwm=1544MB
RSS_SAMPLE t=69.8s rss=1549MB hwm=1549MB
RSS_SAMPLE t=70.0s rss=1555MB hwm=1555MB
RSS_SAMPLE t=70.3s rss=1562MB hwm=1562MB
RSS_SAMPLE t=70.5s rss=1569MB hwm=1569MB
RSS_SAMPLE t=70.8s rss=1575MB hwm=1575MB
RSS_SAMPLE t=71.0s rss=1582MB hwm=1582MB
RSS_SAMPLE t=71.3s rss=1589MB hwm=1589MB
RSS_SAMPLE t=71.5s rss=1595MB hwm=1595MB
RSS_SAMPLE t=71.8s rss=1601MB hwm=1601MB
RSS_SAMPLE t=72.0s rss=1608MB hwm=1608MB
RSS_SAMPLE t=72.3s rss=1615MB hwm=1615MB
RSS_SAMPLE t=72.5s rss=1622MB hwm=1622MB
RSS_SAMPLE t=72.8s rss=1629MB hwm=1629MB
RSS_SAMPLE t=73.0s rss=1636MB hwm=1636MB
RSS_SAMPLE t=73.3s rss=1643MB hwm=1643MB
RSS_SAMPLE t=73.5s rss=1650MB hwm=1650MB
RSS_SAMPLE t=73.8s rss=1657MB hwm=1657MB
RSS_SAMPLE t=74.0s rss=1663MB hwm=1663MB
RSS_SAMPLE t=74.3s rss=1669MB hwm=1669MB
RSS_SAMPLE t=74.5s rss=1677MB hwm=1677MB
RSS_SAMPLE t=74.8s rss=1684MB hwm=1684MB
RSS_SAMPLE t=75.0s rss=1690MB hwm=1690MB
RSS_SAMPLE t=75.3s rss=1698MB hwm=1698MB
RSS_SAMPLE t=75.5s rss=1706MB hwm=1706MB
RSS_SAMPLE t=75.8s rss=1713MB hwm=1713MB
RSS_SAMPLE t=76.0s rss=1720MB hwm=1720MB
RSS_SAMPLE t=76.3s rss=1726MB hwm=1726MB
RSS_SAMPLE t=76.5s rss=1733MB hwm=1733MB
RSS_SAMPLE t=76.8s rss=1740MB hwm=1740MB
RSS_SAMPLE t=77.0s rss=1748MB hwm=1748MB
RSS_SAMPLE t=77.3s rss=1756MB hwm=1756MB
RSS_SAMPLE t=77.5s rss=1763MB hwm=1763MB
RSS_SAMPLE t=77.8s rss=1770MB hwm=1770MB
RSS_SAMPLE t=78.0s rss=1777MB hwm=1777MB
RSS_SAMPLE t=78.3s rss=1784MB hwm=1784MB
RSS_SAMPLE t=78.5s rss=1793MB hwm=1793MB
RSS_SAMPLE t=78.8s rss=1800MB hwm=1800MB
RSS_SAMPLE t=79.0s rss=1808MB hwm=1808MB
RSS_SAMPLE t=79.3s rss=1815MB hwm=1815MB
RSS_SAMPLE t=79.5s rss=1822MB hwm=1822MB
RSS_SAMPLE t=79.8s rss=1829MB hwm=1829MB
RSS_SAMPLE t=80.0s rss=1835MB hwm=1835MB
RSS_SAMPLE t=80.3s rss=1842MB hwm=1842MB
RSS_SAMPLE t=80.5s rss=1849MB hwm=1849MB
RSS_SAMPLE t=80.8s rss=1855MB hwm=1855MB
RSS_SAMPLE t=81.0s rss=1860MB hwm=1860MB
RSS_SAMPLE t=81.3s rss=1865MB hwm=1865MB
RSS_SAMPLE t=81.5s rss=1869MB hwm=1869MB
RSS_SAMPLE t=81.8s rss=1874MB hwm=1874MB
RSS_SAMPLE t=82.0s rss=1877MB hwm=1877MB
RSS_SAMPLE t=82.3s rss=1879MB hwm=1879MB
RSS_SAMPLE t=82.5s rss=1881MB hwm=1881MB
RSS_SAMPLE t=82.8s rss=1883MB hwm=1883MB
RSS_SAMPLE t=83.0s rss=1884MB hwm=1884MB
RSS_SAMPLE t=83.3s rss=1885MB hwm=1885MB
RSS_SAMPLE t=83.5s rss=1886MB hwm=1886MB
RSS_SAMPLE t=83.8s rss=1886MB hwm=1886MB
RSS_SAMPLE t=84.0s rss=1887MB hwm=1887MB
RSS_SAMPLE t=84.3s rss=1887MB hwm=1887MB
RSS_SAMPLE t=84.5s rss=1887MB hwm=1887MB
RSS_SAMPLE t=84.8s rss=1888MB hwm=1888MB
RSS_SAMPLE t=85.0s rss=1888MB hwm=1888MB
RSS_SAMPLE t=85.3s rss=1888MB hwm=1888MB
RSS_SAMPLE t=85.5s rss=1889MB hwm=1889MB
RSS_SAMPLE t=85.8s rss=1889MB hwm=1889MB
RSS_SAMPLE t=86.0s rss=1889MB hwm=1889MB
RSS_SAMPLE t=86.3s rss=1889MB hwm=1889MB
RSS_SAMPLE t=86.5s rss=1890MB hwm=1890MB
RSS_SAMPLE t=86.8s rss=1890MB hwm=1890MB
RSS_SAMPLE t=87.0s rss=1890MB hwm=1890MB
RSS_SAMPLE t=87.3s rss=1891MB hwm=1891MB
RSS_SAMPLE t=87.6s rss=1891MB hwm=1891MB
RSS_SAMPLE t=87.8s rss=1892MB hwm=1892MB
RSS_SAMPLE t=88.1s rss=1892MB hwm=1892MB
RSS_SAMPLE t=88.3s rss=1892MB hwm=1892MB
RSS_SAMPLE t=88.6s rss=1892MB hwm=1892MB
RSS_SAMPLE t=88.8s rss=1893MB hwm=1893MB
RSS_SAMPLE t=89.1s rss=1893MB hwm=1893MB
RSS_SAMPLE t=89.3s rss=1893MB hwm=1893MB
RSS_SAMPLE t=89.6s rss=1893MB hwm=1893MB
RSS_SAMPLE t=89.8s rss=1894MB hwm=1894MB
RSS_SAMPLE t=90.1s rss=1894MB hwm=1894MB
RSS_SAMPLE t=90.3s rss=1895MB hwm=1895MB
RSS_SAMPLE t=90.6s rss=1895MB hwm=1895MB
RSS_SAMPLE t=90.8s rss=1895MB hwm=1895MB
RSS_SAMPLE t=91.1s rss=1895MB hwm=1895MB
RSS_SAMPLE t=91.3s rss=1896MB hwm=1896MB
RSS_SAMPLE t=91.6s rss=1896MB hwm=1896MB
RSS_SAMPLE t=91.8s rss=1896MB hwm=1896MB
RSS_SAMPLE t=92.1s rss=1896MB hwm=1896MB
RSS_SAMPLE t=92.3s rss=1897MB hwm=1897MB
RSS_SAMPLE t=92.6s rss=1897MB hwm=1897MB
RSS_SAMPLE t=92.8s rss=1897MB hwm=1897MB
RSS_SAMPLE t=93.1s rss=1898MB hwm=1898MB
RSS_SAMPLE t=93.3s rss=1898MB hwm=1898MB
RSS_SAMPLE t=93.6s rss=1898MB hwm=1898MB
RSS_SAMPLE t=93.8s rss=1898MB hwm=1898MB
RSS_SAMPLE t=94.1s rss=1898MB hwm=1898MB
RSS_SAMPLE t=94.3s rss=1898MB hwm=1898MB
RSS_SAMPLE t=94.6s rss=1899MB hwm=1899MB
RSS_SAMPLE t=94.8s rss=1899MB hwm=1899MB
RSS_SAMPLE t=95.1s rss=1899MB hwm=1899MB
RSS_SAMPLE t=95.3s rss=1900MB hwm=1900MB
RSS_SAMPLE t=95.6s rss=1900MB hwm=1900MB
RSS_SAMPLE t=95.8s rss=1900MB hwm=1900MB
RSS_SAMPLE t=96.1s rss=1901MB hwm=1901MB
RSS_SAMPLE t=96.3s rss=1901MB hwm=1901MB
RSS_SAMPLE t=96.6s rss=1902MB hwm=1902MB
RSS_SAMPLE t=96.8s rss=1902MB hwm=1902MB
RSS_SAMPLE t=97.1s rss=1902MB hwm=1902MB
RSS_SAMPLE t=97.3s rss=1903MB hwm=1903MB
RSS_SAMPLE t=97.6s rss=1903MB hwm=1903MB
RSS_SAMPLE t=97.8s rss=1904MB hwm=1904MB
RSS_SAMPLE t=98.1s rss=1904MB hwm=1904MB
RSS_SAMPLE t=98.3s rss=1904MB hwm=1904MB
RSS_SAMPLE t=98.6s rss=1904MB hwm=1904MB
RSS_SAMPLE t=98.8s rss=1905MB hwm=1905MB
RSS_SAMPLE t=99.1s rss=1905MB hwm=1905MB
RSS_SAMPLE t=99.3s rss=1906MB hwm=1906MB
RSS_SAMPLE t=99.6s rss=1906MB hwm=1906MB
RSS_SAMPLE t=99.8s rss=1906MB hwm=1906MB
RSS_SAMPLE t=100.1s rss=1907MB hwm=1907MB
RSS_SAMPLE t=100.3s rss=1907MB hwm=1907MB
RSS_SAMPLE t=100.6s rss=1907MB hwm=1907MB
RSS_SAMPLE t=100.8s rss=1908MB hwm=1908MB
RSS_SAMPLE t=101.1s rss=1908MB hwm=1908MB
RSS_SAMPLE t=101.3s rss=1908MB hwm=1908MB
RSS_SAMPLE t=101.6s rss=1908MB hwm=1908MB
RSS_SAMPLE t=101.8s rss=1908MB hwm=1908MB
    rss_probe[outer=0]: pre_refresh_rss=1074MB post_pre_solve_rss=1908MB cache_entries=42424857 cache_cap=69325648 cache_est_mb=600
    pre_solve_diag[outer=0]: solves=105117 fallback=0 (0.0%) cap_armed=105117 (100.0%) settle_avg=10344 settle_max=69353 init_count=254
  Cell placement by tile type (iter 0, 76660 cells):
    NULL: 31596
    CLB: 27114
    IOB_W: 15019
    CLK_BUFG: 2320
    BRAM: 351
    DSP: 182
    IOB_E: 78
    Overflow: over=0 (0.0% of used) avg_excess=0.00 max_excess=0.00 (nc=0.00 cap=0 span=0)  excess_buckets: <=1=0 1-5=0 5-20=0 >20=0  by_cap: cap1=0 cap2=0 cap3-5=0 cap>5=0  by_span: s1=0 s2-3=0 s4-6=0 s7-12=0 s>12=0  le1_cross: cap1=0 cap2-5=0 cap>5=0
    Congestion: pipes=2562403 used=0 congested(>50%)=0 saturated(>90%)=0 max_util=0.00 avg_util=0.0000
PHASE_MARK outer=0 enter=dcd_sweep rss=1908MB
RSS_SAMPLE t=102.1s rss=1909MB hwm=1909MB
RSS_SAMPLE t=102.3s rss=1909MB hwm=1909MB
RSS_SAMPLE t=102.6s rss=1910MB hwm=1910MB
RSS_SAMPLE t=102.8s rss=1910MB hwm=1910MB
RSS_SAMPLE t=103.1s rss=1911MB hwm=1911MB
RSS_SAMPLE t=103.3s rss=1911MB hwm=1911MB
RSS_SAMPLE t=103.6s rss=1911MB hwm=1911MB
RSS_SAMPLE t=103.8s rss=1912MB hwm=1912MB
RSS_SAMPLE t=104.1s rss=1912MB hwm=1912MB
RSS_SAMPLE t=104.3s rss=1912MB hwm=1912MB
RSS_SAMPLE t=104.6s rss=1913MB hwm=1913MB
RSS_SAMPLE t=104.8s rss=1913MB hwm=1913MB
RSS_SAMPLE t=105.1s rss=1914MB hwm=1914MB
RSS_SAMPLE t=105.3s rss=1914MB hwm=1914MB
RSS_SAMPLE t=105.6s rss=1914MB hwm=1914MB
RSS_SAMPLE t=105.8s rss=1915MB hwm=1915MB
RSS_SAMPLE t=106.1s rss=1915MB hwm=1915MB
RSS_SAMPLE t=106.3s rss=1915MB hwm=1915MB
RSS_SAMPLE t=106.6s rss=1916MB hwm=1916MB
RSS_SAMPLE t=106.8s rss=1916MB hwm=1916MB
RSS_SAMPLE t=107.1s rss=1916MB hwm=1916MB
RSS_SAMPLE t=107.3s rss=1917MB hwm=1917MB
RSS_SAMPLE t=107.6s rss=1917MB hwm=1917MB
RSS_SAMPLE t=107.8s rss=1918MB hwm=1918MB
RSS_SAMPLE t=108.1s rss=1918MB hwm=1918MB
RSS_SAMPLE t=108.3s rss=1918MB hwm=1918MB
PHASE_MARK outer=0 leave=dcd_sweep rss=1908MB
PHASE_MARK outer=0 enter=post_refresh rss=1908MB
RSS_SAMPLE t=108.6s rss=1942MB hwm=1942MB
RSS_SAMPLE t=108.8s rss=1942MB hwm=1942MB
RSS_SAMPLE t=109.1s rss=1943MB hwm=1943MB
RSS_SAMPLE t=109.3s rss=1943MB hwm=1943MB
RSS_SAMPLE t=109.6s rss=1943MB hwm=1943MB
RSS_SAMPLE t=109.8s rss=1943MB hwm=1943MB
RSS_SAMPLE t=110.1s rss=1943MB hwm=1943MB
RSS_SAMPLE t=110.3s rss=1943MB hwm=1943MB
RSS_SAMPLE t=110.6s rss=1943MB hwm=1943MB
RSS_SAMPLE t=110.8s rss=1943MB hwm=1943MB
RSS_SAMPLE t=111.1s rss=2452MB hwm=2452MB
RSS_SAMPLE t=111.3s rss=3384MB hwm=3384MB
RSS_SAMPLE t=111.6s rss=3698MB hwm=3698MB
RSS_SAMPLE t=111.8s rss=3861MB hwm=3861MB
RSS_SAMPLE t=112.1s rss=3901MB hwm=3901MB
RSS_SAMPLE t=112.3s rss=3925MB hwm=3925MB
RSS_SAMPLE t=112.6s rss=3946MB hwm=3946MB
RSS_SAMPLE t=112.8s rss=3963MB hwm=3963MB
RSS_SAMPLE t=113.1s rss=3975MB hwm=3975MB
RSS_SAMPLE t=113.3s rss=3992MB hwm=3992MB
RSS_SAMPLE t=113.6s rss=3998MB hwm=3998MB
RSS_SAMPLE t=113.8s rss=3999MB hwm=3999MB
RSS_SAMPLE t=114.1s rss=4004MB hwm=4004MB
RSS_SAMPLE t=114.3s rss=4006MB hwm=4006MB
RSS_SAMPLE t=114.6s rss=4010MB hwm=4010MB
RSS_SAMPLE t=114.8s rss=4011MB hwm=4011MB
RSS_SAMPLE t=115.1s rss=4018MB hwm=4018MB
RSS_SAMPLE t=115.3s rss=4025MB hwm=4025MB
RSS_SAMPLE t=115.6s rss=4029MB hwm=4029MB
RSS_SAMPLE t=115.8s rss=4033MB hwm=4033MB
RSS_SAMPLE t=116.1s rss=4035MB hwm=4035MB
RSS_SAMPLE t=116.3s rss=4037MB hwm=4037MB
RSS_SAMPLE t=116.6s rss=4043MB hwm=4043MB
RSS_SAMPLE t=116.8s rss=4047MB hwm=4047MB
RSS_SAMPLE t=117.1s rss=4053MB hwm=4053MB
RSS_SAMPLE t=117.3s rss=4054MB hwm=4054MB
RSS_SAMPLE t=117.6s rss=4055MB hwm=4055MB
RSS_SAMPLE t=117.8s rss=4059MB hwm=4059MB
RSS_SAMPLE t=118.1s rss=4059MB hwm=4059MB
RSS_SAMPLE t=118.3s rss=4060MB hwm=4060MB
RSS_SAMPLE t=118.6s rss=4060MB hwm=4060MB
RSS_SAMPLE t=118.8s rss=4064MB hwm=4064MB
RSS_SAMPLE t=119.1s rss=4064MB hwm=4064MB
RSS_SAMPLE t=119.3s rss=4064MB hwm=4064MB
RSS_SAMPLE t=119.6s rss=4064MB hwm=4064MB
RSS_SAMPLE t=119.8s rss=4065MB hwm=4065MB
RSS_SAMPLE t=120.1s rss=4068MB hwm=4068MB
RSS_SAMPLE t=120.3s rss=4069MB hwm=4069MB
RSS_SAMPLE t=120.6s rss=4069MB hwm=4069MB
RSS_SAMPLE t=120.8s rss=4069MB hwm=4069MB
RSS_SAMPLE t=121.1s rss=4069MB hwm=4069MB
RSS_SAMPLE t=121.3s rss=4069MB hwm=4069MB
RSS_SAMPLE t=121.6s rss=4071MB hwm=4071MB
RSS_SAMPLE t=121.8s rss=4071MB hwm=4071MB
RSS_SAMPLE t=122.1s rss=4073MB hwm=4073MB
RSS_SAMPLE t=122.3s rss=4073MB hwm=4073MB
RSS_SAMPLE t=122.6s rss=4074MB hwm=4074MB
RSS_SAMPLE t=122.8s rss=4074MB hwm=4074MB
RSS_SAMPLE t=123.1s rss=4074MB hwm=4074MB
RSS_SAMPLE t=123.3s rss=4076MB hwm=4076MB
RSS_SAMPLE t=123.6s rss=4077MB hwm=4077MB
RSS_SAMPLE t=123.8s rss=4077MB hwm=4077MB
RSS_SAMPLE t=124.1s rss=4077MB hwm=4077MB
RSS_SAMPLE t=124.3s rss=4077MB hwm=4077MB
RSS_SAMPLE t=124.6s rss=4077MB hwm=4077MB
RSS_SAMPLE t=124.8s rss=4077MB hwm=4077MB
RSS_SAMPLE t=125.1s rss=4077MB hwm=4077MB
RSS_SAMPLE t=125.3s rss=4078MB hwm=4078MB
RSS_SAMPLE t=125.6s rss=4078MB hwm=4078MB
RSS_SAMPLE t=125.8s rss=4078MB hwm=4078MB
RSS_SAMPLE t=126.1s rss=4078MB hwm=4078MB
RSS_SAMPLE t=126.3s rss=4078MB hwm=4078MB
RSS_SAMPLE t=126.6s rss=4078MB hwm=4078MB
RSS_SAMPLE t=126.8s rss=4078MB hwm=4078MB
RSS_SAMPLE t=127.1s rss=4079MB hwm=4079MB
RSS_SAMPLE t=127.3s rss=4079MB hwm=4079MB
RSS_SAMPLE t=127.6s rss=4079MB hwm=4079MB
RSS_SAMPLE t=127.8s rss=4079MB hwm=4079MB
RSS_SAMPLE t=128.1s rss=4080MB hwm=4080MB
RSS_SAMPLE t=128.3s rss=4080MB hwm=4080MB
RSS_SAMPLE t=128.6s rss=4080MB hwm=4080MB
RSS_SAMPLE t=128.8s rss=4080MB hwm=4080MB
RSS_SAMPLE t=129.1s rss=4080MB hwm=4080MB
RSS_SAMPLE t=129.3s rss=4080MB hwm=4080MB
RSS_SAMPLE t=129.6s rss=4080MB hwm=4080MB
RSS_SAMPLE t=129.8s rss=4080MB hwm=4080MB
RSS_SAMPLE t=130.1s rss=4080MB hwm=4080MB
RSS_SAMPLE t=130.3s rss=4080MB hwm=4080MB
RSS_SAMPLE t=130.6s rss=4081MB hwm=4081MB
RSS_SAMPLE t=130.8s rss=4081MB hwm=4081MB
RSS_SAMPLE t=131.1s rss=4081MB hwm=4081MB
RSS_SAMPLE t=131.3s rss=4081MB hwm=4081MB
RSS_SAMPLE t=131.6s rss=4081MB hwm=4081MB
RSS_SAMPLE t=131.8s rss=4082MB hwm=4082MB
RSS_SAMPLE t=132.1s rss=4082MB hwm=4082MB
RSS_SAMPLE t=132.3s rss=4082MB hwm=4082MB
RSS_SAMPLE t=132.6s rss=4082MB hwm=4082MB
RSS_SAMPLE t=132.8s rss=4082MB hwm=4082MB
RSS_SAMPLE t=133.1s rss=4082MB hwm=4082MB
RSS_SAMPLE t=133.3s rss=4084MB hwm=4084MB
RSS_SAMPLE t=133.6s rss=4084MB hwm=4084MB
RSS_SAMPLE t=133.8s rss=4084MB hwm=4084MB
RSS_SAMPLE t=134.1s rss=4084MB hwm=4084MB
RSS_SAMPLE t=134.3s rss=4084MB hwm=4084MB
RSS_SAMPLE t=134.6s rss=4085MB hwm=4085MB
RSS_SAMPLE t=134.8s rss=4085MB hwm=4085MB
RSS_SAMPLE t=135.1s rss=4085MB hwm=4085MB
RSS_SAMPLE t=135.3s rss=4085MB hwm=4085MB
RSS_SAMPLE t=135.6s rss=4085MB hwm=4085MB
RSS_SAMPLE t=135.8s rss=4085MB hwm=4085MB
RSS_SAMPLE t=136.1s rss=4085MB hwm=4085MB
RSS_SAMPLE t=136.3s rss=4085MB hwm=4085MB
RSS_SAMPLE t=136.6s rss=4085MB hwm=4085MB
RSS_SAMPLE t=136.8s rss=4086MB hwm=4086MB
RSS_SAMPLE t=137.1s rss=4087MB hwm=4087MB
RSS_SAMPLE t=137.3s rss=4087MB hwm=4087MB
RSS_SAMPLE t=137.6s rss=4087MB hwm=4087MB
RSS_SAMPLE t=137.9s rss=4087MB hwm=4087MB
RSS_SAMPLE t=138.1s rss=4088MB hwm=4088MB
RSS_SAMPLE t=138.4s rss=4088MB hwm=4088MB
RSS_SAMPLE t=138.6s rss=4088MB hwm=4088MB
RSS_SAMPLE t=138.9s rss=4088MB hwm=4088MB
RSS_SAMPLE t=139.1s rss=4088MB hwm=4088MB
RSS_SAMPLE t=139.4s rss=4088MB hwm=4088MB
RSS_SAMPLE t=139.6s rss=4089MB hwm=4089MB
RSS_SAMPLE t=139.9s rss=4089MB hwm=4089MB
RSS_SAMPLE t=140.1s rss=4089MB hwm=4089MB
RSS_SAMPLE t=140.4s rss=4090MB hwm=4090MB
RSS_SAMPLE t=140.6s rss=4090MB hwm=4090MB
RSS_SAMPLE t=140.9s rss=4090MB hwm=4090MB
RSS_SAMPLE t=141.1s rss=4090MB hwm=4090MB
RSS_SAMPLE t=141.4s rss=4092MB hwm=4092MB
RSS_SAMPLE t=141.6s rss=4093MB hwm=4093MB
RSS_SAMPLE t=141.9s rss=4093MB hwm=4093MB
RSS_SAMPLE t=142.1s rss=4093MB hwm=4093MB
RSS_SAMPLE t=142.4s rss=4093MB hwm=4093MB
RSS_SAMPLE t=142.6s rss=4093MB hwm=4093MB
RSS_SAMPLE t=142.9s rss=4093MB hwm=4093MB
RSS_SAMPLE t=143.1s rss=4093MB hwm=4093MB
RSS_SAMPLE t=143.4s rss=4093MB hwm=4093MB
RSS_SAMPLE t=143.6s rss=4093MB hwm=4093MB
RSS_SAMPLE t=143.9s rss=4094MB hwm=4094MB
RSS_SAMPLE t=144.1s rss=4094MB hwm=4094MB
RSS_SAMPLE t=144.4s rss=4094MB hwm=4094MB
RSS_SAMPLE t=144.6s rss=4094MB hwm=4094MB
RSS_SAMPLE t=144.9s rss=4094MB hwm=4094MB
RSS_SAMPLE t=145.1s rss=4095MB hwm=4095MB
RSS_SAMPLE t=145.4s rss=4095MB hwm=4095MB
RSS_SAMPLE t=145.6s rss=4095MB hwm=4095MB
RSS_SAMPLE t=145.9s rss=4095MB hwm=4095MB
RSS_SAMPLE t=146.1s rss=4095MB hwm=4095MB
RSS_SAMPLE t=146.4s rss=4096MB hwm=4096MB
RSS_SAMPLE t=146.6s rss=4096MB hwm=4096MB
RSS_SAMPLE t=146.9s rss=4096MB hwm=4096MB
RSS_SAMPLE t=147.1s rss=4096MB hwm=4096MB
RSS_SAMPLE t=147.4s rss=4096MB hwm=4096MB
RSS_SAMPLE t=147.6s rss=4097MB hwm=4097MB
RSS_SAMPLE t=147.9s rss=4097MB hwm=4097MB
RSS_SAMPLE t=148.1s rss=4097MB hwm=4097MB
RSS_SAMPLE t=148.4s rss=4097MB hwm=4097MB
RSS_SAMPLE t=148.6s rss=4097MB hwm=4097MB
RSS_SAMPLE t=148.9s rss=4097MB hwm=4097MB
RSS_SAMPLE t=149.1s rss=4097MB hwm=4097MB
RSS_SAMPLE t=149.4s rss=4098MB hwm=4098MB
RSS_SAMPLE t=149.6s rss=4098MB hwm=4098MB
RSS_SAMPLE t=149.9s rss=4098MB hwm=4098MB
RSS_SAMPLE t=150.1s rss=4099MB hwm=4099MB
RSS_SAMPLE t=150.4s rss=4099MB hwm=4099MB
RSS_SAMPLE t=150.6s rss=4099MB hwm=4099MB
RSS_SAMPLE t=150.9s rss=4099MB hwm=4099MB
RSS_SAMPLE t=151.1s rss=4100MB hwm=4100MB
RSS_SAMPLE t=151.4s rss=4100MB hwm=4100MB
RSS_SAMPLE t=151.6s rss=4100MB hwm=4100MB
RSS_SAMPLE t=151.9s rss=4100MB hwm=4100MB
RSS_SAMPLE t=152.1s rss=4100MB hwm=4100MB
RSS_SAMPLE t=152.4s rss=4101MB hwm=4101MB
RSS_SAMPLE t=152.6s rss=4101MB hwm=4101MB
RSS_SAMPLE t=152.9s rss=4101MB hwm=4101MB
RSS_SAMPLE t=153.1s rss=4101MB hwm=4101MB
RSS_SAMPLE t=153.4s rss=4101MB hwm=4101MB
RSS_SAMPLE t=153.6s rss=4101MB hwm=4101MB
RSS_SAMPLE t=153.9s rss=4101MB hwm=4101MB
RSS_SAMPLE t=154.1s rss=4102MB hwm=4102MB
RSS_SAMPLE t=154.4s rss=4102MB hwm=4102MB
RSS_SAMPLE t=154.6s rss=4102MB hwm=4102MB
RSS_SAMPLE t=154.9s rss=4102MB hwm=4102MB
RSS_SAMPLE t=155.1s rss=4102MB hwm=4102MB
RSS_SAMPLE t=155.4s rss=4102MB hwm=4102MB
RSS_SAMPLE t=155.6s rss=4102MB hwm=4102MB
RSS_SAMPLE t=155.9s rss=4102MB hwm=4102MB
RSS_SAMPLE t=156.1s rss=4102MB hwm=4102MB
RSS_SAMPLE t=156.4s rss=4102MB hwm=4102MB
RSS_SAMPLE t=156.6s rss=4102MB hwm=4102MB
RSS_SAMPLE t=156.9s rss=4102MB hwm=4102MB
RSS_SAMPLE t=157.1s rss=4102MB hwm=4102MB
RSS_SAMPLE t=157.4s rss=4102MB hwm=4102MB
RSS_SAMPLE t=157.6s rss=4102MB hwm=4102MB
RSS_SAMPLE t=157.9s rss=4102MB hwm=4102MB
RSS_SAMPLE t=158.1s rss=4102MB hwm=4102MB
RSS_SAMPLE t=158.4s rss=4102MB hwm=4102MB
RSS_SAMPLE t=158.6s rss=4102MB hwm=4102MB
RSS_SAMPLE t=158.9s rss=4102MB hwm=4102MB
RSS_SAMPLE t=159.1s rss=4102MB hwm=4102MB
RSS_SAMPLE t=159.4s rss=4102MB hwm=4102MB
RSS_SAMPLE t=159.6s rss=4102MB hwm=4102MB
RSS_SAMPLE t=159.9s rss=4102MB hwm=4102MB
RSS_SAMPLE t=160.1s rss=4102MB hwm=4102MB
RSS_SAMPLE t=160.4s rss=4102MB hwm=4102MB
RSS_SAMPLE t=160.6s rss=4102MB hwm=4102MB
RSS_SAMPLE t=160.9s rss=4102MB hwm=4102MB
RSS_SAMPLE t=161.1s rss=4102MB hwm=4102MB
RSS_SAMPLE t=161.4s rss=4102MB hwm=4102MB
RSS_SAMPLE t=161.6s rss=4102MB hwm=4102MB
RSS_SAMPLE t=161.9s rss=4102MB hwm=4102MB
RSS_SAMPLE t=162.1s rss=4102MB hwm=4102MB
RSS_SAMPLE t=162.4s rss=4102MB hwm=4102MB
RSS_SAMPLE t=162.6s rss=4102MB hwm=4102MB
RSS_SAMPLE t=162.9s rss=4102MB hwm=4102MB
RSS_SAMPLE t=163.1s rss=4102MB hwm=4102MB
RSS_SAMPLE t=163.4s rss=4102MB hwm=4102MB
RSS_SAMPLE t=163.6s rss=4102MB hwm=4102MB
RSS_SAMPLE t=163.9s rss=4102MB hwm=4102MB
RSS_SAMPLE t=164.1s rss=4102MB hwm=4102MB
RSS_SAMPLE t=164.4s rss=4102MB hwm=4102MB
RSS_SAMPLE t=164.6s rss=4102MB hwm=4102MB
RSS_SAMPLE t=164.9s rss=4102MB hwm=4102MB
RSS_SAMPLE t=165.1s rss=4102MB hwm=4102MB
RSS_SAMPLE t=165.4s rss=4102MB hwm=4102MB
RSS_SAMPLE t=165.6s rss=4102MB hwm=4102MB
RSS_SAMPLE t=165.9s rss=4102MB hwm=4102MB
RSS_SAMPLE t=166.1s rss=4102MB hwm=4102MB
RSS_SAMPLE t=166.4s rss=4102MB hwm=4102MB
RSS_SAMPLE t=166.6s rss=4102MB hwm=4102MB
RSS_SAMPLE t=166.9s rss=4102MB hwm=4102MB
RSS_SAMPLE t=167.1s rss=4102MB hwm=4102MB
RSS_SAMPLE t=167.4s rss=4102MB hwm=4102MB
RSS_SAMPLE t=167.6s rss=4102MB hwm=4102MB
RSS_SAMPLE t=167.9s rss=4102MB hwm=4102MB
RSS_SAMPLE t=168.1s rss=4102MB hwm=4102MB
RSS_SAMPLE t=168.4s rss=4102MB hwm=4102MB
RSS_SAMPLE t=168.6s rss=4102MB hwm=4102MB
RSS_SAMPLE t=168.9s rss=4102MB hwm=4102MB
RSS_SAMPLE t=169.1s rss=4102MB hwm=4102MB
RSS_SAMPLE t=169.4s rss=4102MB hwm=4102MB
RSS_SAMPLE t=169.6s rss=4102MB hwm=4102MB
RSS_SAMPLE t=169.9s rss=4103MB hwm=4103MB
RSS_SAMPLE t=170.1s rss=4103MB hwm=4103MB
RSS_SAMPLE t=170.4s rss=4103MB hwm=4103MB
RSS_SAMPLE t=170.6s rss=4103MB hwm=4103MB
RSS_SAMPLE t=170.9s rss=4103MB hwm=4103MB
RSS_SAMPLE t=171.1s rss=4103MB hwm=4103MB
RSS_SAMPLE t=171.4s rss=4103MB hwm=4103MB
RSS_SAMPLE t=171.6s rss=4103MB hwm=4103MB
RSS_SAMPLE t=171.9s rss=4103MB hwm=4103MB
RSS_SAMPLE t=172.1s rss=4103MB hwm=4103MB
RSS_SAMPLE t=172.4s rss=4103MB hwm=4103MB
RSS_SAMPLE t=172.6s rss=4103MB hwm=4103MB
RSS_SAMPLE t=172.9s rss=4103MB hwm=4103MB
RSS_SAMPLE t=173.1s rss=4103MB hwm=4103MB
RSS_SAMPLE t=173.4s rss=4103MB hwm=4103MB
RSS_SAMPLE t=173.6s rss=4103MB hwm=4103MB
RSS_SAMPLE t=173.9s rss=4103MB hwm=4103MB
RSS_SAMPLE t=174.1s rss=4103MB hwm=4103MB
RSS_SAMPLE t=174.4s rss=4103MB hwm=4103MB
RSS_SAMPLE t=174.6s rss=4103MB hwm=4103MB
RSS_SAMPLE t=174.9s rss=4103MB hwm=4103MB
RSS_SAMPLE t=175.1s rss=4103MB hwm=4103MB
RSS_SAMPLE t=175.4s rss=4104MB hwm=4104MB
RSS_SAMPLE t=175.6s rss=4104MB hwm=4104MB
RSS_SAMPLE t=175.9s rss=4104MB hwm=4104MB
RSS_SAMPLE t=176.1s rss=4104MB hwm=4104MB
RSS_SAMPLE t=176.4s rss=4104MB hwm=4104MB
RSS_SAMPLE t=176.6s rss=4104MB hwm=4104MB
RSS_SAMPLE t=176.9s rss=4104MB hwm=4104MB
RSS_SAMPLE t=177.1s rss=4104MB hwm=4104MB
RSS_SAMPLE t=177.4s rss=4104MB hwm=4104MB
RSS_SAMPLE t=177.6s rss=4104MB hwm=4104MB
RSS_SAMPLE t=177.9s rss=4104MB hwm=4104MB
RSS_SAMPLE t=178.1s rss=4104MB hwm=4104MB
RSS_SAMPLE t=178.4s rss=4105MB hwm=4105MB
RSS_SAMPLE t=178.6s rss=4105MB hwm=4105MB
RSS_SAMPLE t=178.9s rss=4105MB hwm=4105MB
RSS_SAMPLE t=179.1s rss=4105MB hwm=4105MB
RSS_SAMPLE t=179.4s rss=4105MB hwm=4105MB
RSS_SAMPLE t=179.6s rss=4105MB hwm=4105MB
RSS_SAMPLE t=179.9s rss=4105MB hwm=4105MB
RSS_SAMPLE t=180.1s rss=4105MB hwm=4105MB
RSS_SAMPLE t=180.4s rss=4105MB hwm=4105MB
RSS_SAMPLE t=180.6s rss=4105MB hwm=4105MB
RSS_SAMPLE t=180.9s rss=4105MB hwm=4105MB
RSS_SAMPLE t=181.1s rss=4105MB hwm=4105MB
RSS_SAMPLE t=181.4s rss=4106MB hwm=4106MB
RSS_SAMPLE t=181.6s rss=4106MB hwm=4106MB
RSS_SAMPLE t=181.9s rss=4106MB hwm=4106MB
RSS_SAMPLE t=182.1s rss=4106MB hwm=4106MB
RSS_SAMPLE t=182.4s rss=4106MB hwm=4106MB
RSS_SAMPLE t=182.6s rss=4106MB hwm=4106MB
RSS_SAMPLE t=182.9s rss=4106MB hwm=4106MB
RSS_SAMPLE t=183.1s rss=4106MB hwm=4106MB
RSS_SAMPLE t=183.4s rss=4106MB hwm=4106MB
RSS_SAMPLE t=183.6s rss=4106MB hwm=4106MB
RSS_SAMPLE t=183.9s rss=4106MB hwm=4106MB
RSS_SAMPLE t=184.1s rss=4107MB hwm=4107MB
RSS_SAMPLE t=184.4s rss=4107MB hwm=4107MB
RSS_SAMPLE t=184.6s rss=4107MB hwm=4107MB
RSS_SAMPLE t=184.9s rss=4107MB hwm=4107MB
RSS_SAMPLE t=185.1s rss=4107MB hwm=4107MB
RSS_SAMPLE t=185.4s rss=4107MB hwm=4107MB
RSS_SAMPLE t=185.6s rss=4107MB hwm=4107MB
RSS_SAMPLE t=185.9s rss=4107MB hwm=4107MB
RSS_SAMPLE t=186.1s rss=4107MB hwm=4107MB
RSS_SAMPLE t=186.4s rss=4107MB hwm=4107MB
RSS_SAMPLE t=186.6s rss=4107MB hwm=4107MB
RSS_SAMPLE t=186.9s rss=4107MB hwm=4107MB
RSS_SAMPLE t=187.1s rss=4107MB hwm=4107MB
RSS_SAMPLE t=187.4s rss=4107MB hwm=4107MB
RSS_SAMPLE t=187.6s rss=4107MB hwm=4107MB
MEM_POOL: workspaces=32 dense_usage_mb=1251 n_pipes=2562403
    post_solve_diag[outer=0]: solves=105117 cap_armed=105117 (100.0%) settle_avg=9369 above_sink_avg=218 (2.3%) settle_max=69353
    load_support[outer=0]: settle_avg=9369 load_nz_avg=5688 (60.7%) load_material_avg=2244 (24.0%)
    prune_ceiling[outer=0]: settle_avg=9369 heuristic_prunable_avg=4212 (45.0%) vs oracle_zero_load=39.3%
    settle_hist[outer=0]: <100: 26823nets/0.1%work  <1k: 20887nets/0.7%work  <5k: 23860nets/6.1%work  <20k: 13978nets/15.7%work  <60k: 17200nets/61.4%work  >=60k: 2369nets/15.9%work
    fanout_hist[outer=0]: fan1: 43710nets/13.2%work  fan2-4: 48279nets/50.8%work  fan5-16: 12974nets/35.2%work  fan17-64: 154nets/0.8%work  fan65-256: 0nets/0.0%work  fan>256: 0nets/0.0%work
    rss_probe[outer=0]: pre_post_solve=1943MB post_post_solve=4127MB after_apply=4127MB
RSS_SAMPLE t=187.9s rss=4110MB hwm=4122MB
MuxSlotTracker[sweep 0 LEAK]: populated_cells=51629, overflow_tiles=3, at_cap_tiles=935, peak_excess=10, capacity_hist={16:67346}
    E_decomp: base=10190332.4 eff=10707722.8 cong=517390.5 cong_share=4.8% sat_pipes=166880 max_util=1171.25  R_buckets: 1-2x=2562403 2-10x=0 10-100x=0 >=100x=0
    E_potential: beckmann=14624020126072.8 history_total=0.0
    SpanCache: epoch=1 entries=110 lookups=2562403 hits=2562293 misses=110 hit_rate=100.0%
  DCD   0: nets=105117 line=17038183 energy=2299754.139 dE=+0.000 friction=4402019.2 bins=2.4x(813) excess=457.7 moved=51349 disp=inf solves=210234 skip=0 pops=2072128981 theta=0.250 refresh=124588ms dcd=6666ms total=133650ms
    cache_stats: entries=50773714 capacity=85137864 est_mb=736 rss_mb=4111
RSS_SAMPLE t=188.1s rss=4112MB hwm=4122MB
RSS_SAMPLE t=188.4s rss=4112MB hwm=4122MB
RSS_SAMPLE t=188.6s rss=4112MB hwm=4122MB
RSS_SAMPLE t=188.9s rss=4112MB hwm=4122MB
RSS_SAMPLE t=189.2s rss=4112MB hwm=4122MB
RSS_SAMPLE t=189.4s rss=4112MB hwm=4122MB
RSS_SAMPLE t=189.7s rss=4112MB hwm=4122MB
RSS_SAMPLE t=189.9s rss=4112MB hwm=4122MB
RSS_SAMPLE t=190.2s rss=4112MB hwm=4122MB
RSS_SAMPLE t=190.4s rss=4112MB hwm=4122MB
    SwitchMatrix: type_usage_pairs=939 lookups=2756 hits=1817 dijkstra_calls=939 avg_us=10.9 total_ms=10.2
PHASE_MARK outer=1 enter=pre_solve rss=4112MB
    rss_probe[outer=1]: pre_refresh_rss=4112MB post_pre_solve_rss=4112MB cache_entries=50773714 cache_cap=85137864 cache_est_mb=736
    pre_solve_diag[outer=1]: solves=0 fallback=0 (0.0%) cap_armed=0 (0.0%) settle_avg=0 settle_max=0 init_count=248
    Overflow: over=143928 (5.6% of used) avg_excess=2.41 max_excess=1539.43 (nc=1563.43 cap=24 span=1)  excess_buckets: <=1=75941 1-5=53194 5-20=13048 >20=1745  by_cap: cap1=76250 cap2=43378 cap3-5=127 cap>5=24173  by_span: s1=1439 s2-3=1979 s4-6=15160 s7-12=47450 s>12=77900  le1_cross: cap1=49287 cap2-5=23401 cap>5=3253
    Congestion: pipes=2562403 used=2562403 congested(>50%)=347911 saturated(>90%)=166880 max_util=1171.25 avg_util=0.2906
PHASE_MARK outer=1 enter=dcd_sweep rss=4112MB
RSS_SAMPLE t=190.7s rss=4112MB hwm=4122MB
RSS_SAMPLE t=190.9s rss=4113MB hwm=4122MB
RSS_SAMPLE t=191.2s rss=4113MB hwm=4122MB
RSS_SAMPLE t=191.4s rss=4113MB hwm=4122MB
RSS_SAMPLE t=191.7s rss=4114MB hwm=4122MB
RSS_SAMPLE t=191.9s rss=4114MB hwm=4122MB
RSS_SAMPLE t=192.2s rss=4114MB hwm=4122MB
RSS_SAMPLE t=192.4s rss=4115MB hwm=4122MB
RSS_SAMPLE t=192.7s rss=4115MB hwm=4122MB
RSS_SAMPLE t=192.9s rss=4116MB hwm=4122MB
RSS_SAMPLE t=193.2s rss=4116MB hwm=4122MB
RSS_SAMPLE t=193.4s rss=4116MB hwm=4122MB
RSS_SAMPLE t=193.7s rss=4117MB hwm=4122MB
RSS_SAMPLE t=193.9s rss=4117MB hwm=4122MB
RSS_SAMPLE t=194.2s rss=4118MB hwm=4122MB
RSS_SAMPLE t=194.4s rss=4118MB hwm=4122MB
RSS_SAMPLE t=194.7s rss=4118MB hwm=4122MB
RSS_SAMPLE t=194.9s rss=4119MB hwm=4122MB
RSS_SAMPLE t=195.2s rss=4119MB hwm=4122MB
RSS_SAMPLE t=195.4s rss=4119MB hwm=4122MB
RSS_SAMPLE t=195.7s rss=4120MB hwm=4122MB
RSS_SAMPLE t=195.9s rss=4120MB hwm=4122MB
RSS_SAMPLE t=196.2s rss=4121MB hwm=4122MB
RSS_SAMPLE t=196.4s rss=4121MB hwm=4122MB
RSS_SAMPLE t=196.7s rss=4121MB hwm=4122MB
RSS_SAMPLE t=196.9s rss=4122MB hwm=4122MB
PHASE_MARK outer=1 leave=dcd_sweep rss=4122MB
PHASE_MARK outer=1 enter=post_refresh rss=4122MB
RSS_SAMPLE t=197.2s rss=4125MB hwm=4125MB
RSS_SAMPLE t=197.4s rss=4125MB hwm=4125MB
RSS_SAMPLE t=197.7s rss=4125MB hwm=4125MB
RSS_SAMPLE t=197.9s rss=4125MB hwm=4125MB
RSS_SAMPLE t=198.2s rss=4125MB hwm=4125MB
RSS_SAMPLE t=198.4s rss=4125MB hwm=4125MB
RSS_SAMPLE t=198.7s rss=4125MB hwm=4125MB
RSS_SAMPLE t=198.9s rss=4125MB hwm=4125MB
RSS_SAMPLE t=199.2s rss=4125MB hwm=4125MB
RSS_SAMPLE t=199.4s rss=4156MB hwm=4156MB
RSS_SAMPLE t=199.7s rss=4174MB hwm=4174MB
RSS_SAMPLE t=199.9s rss=4178MB hwm=4178MB
RSS_SAMPLE t=200.2s rss=4183MB hwm=4183MB
RSS_SAMPLE t=200.4s rss=4186MB hwm=4186MB
RSS_SAMPLE t=200.7s rss=4186MB hwm=4186MB
RSS_SAMPLE t=200.9s rss=4188MB hwm=4188MB
RSS_SAMPLE t=201.2s rss=4189MB hwm=4189MB
RSS_SAMPLE t=201.4s rss=4190MB hwm=4190MB
RSS_SAMPLE t=201.7s rss=4191MB hwm=4191MB
RSS_SAMPLE t=201.9s rss=4192MB hwm=4192MB
RSS_SAMPLE t=202.2s rss=4193MB hwm=4193MB
RSS_SAMPLE t=202.4s rss=4194MB hwm=4194MB
RSS_SAMPLE t=202.7s rss=4195MB hwm=4195MB
RSS_SAMPLE t=202.9s rss=4196MB hwm=4196MB
RSS_SAMPLE t=203.2s rss=4197MB hwm=4197MB
RSS_SAMPLE t=203.4s rss=4198MB hwm=4198MB
RSS_SAMPLE t=203.7s rss=4199MB hwm=4199MB
RSS_SAMPLE t=203.9s rss=4200MB hwm=4200MB
RSS_SAMPLE t=204.2s rss=4201MB hwm=4201MB
RSS_SAMPLE t=204.4s rss=4202MB hwm=4202MB
RSS_SAMPLE t=204.7s rss=4204MB hwm=4204MB
RSS_SAMPLE t=204.9s rss=4205MB hwm=4205MB
RSS_SAMPLE t=205.2s rss=4205MB hwm=4205MB
RSS_SAMPLE t=205.4s rss=4206MB hwm=4206MB
RSS_SAMPLE t=205.7s rss=4207MB hwm=4207MB
RSS_SAMPLE t=205.9s rss=4208MB hwm=4208MB
RSS_SAMPLE t=206.2s rss=4209MB hwm=4209MB
RSS_SAMPLE t=206.4s rss=4210MB hwm=4210MB
RSS_SAMPLE t=206.7s rss=4211MB hwm=4211MB
RSS_SAMPLE t=206.9s rss=4212MB hwm=4212MB
RSS_SAMPLE t=207.2s rss=4213MB hwm=4213MB
RSS_SAMPLE t=207.4s rss=4214MB hwm=4214MB
RSS_SAMPLE t=207.7s rss=4215MB hwm=4215MB
RSS_SAMPLE t=207.9s rss=4216MB hwm=4216MB
RSS_SAMPLE t=208.2s rss=4218MB hwm=4218MB
RSS_SAMPLE t=208.4s rss=4219MB hwm=4219MB
RSS_SAMPLE t=208.7s rss=4221MB hwm=4221MB
RSS_SAMPLE t=208.9s rss=4222MB hwm=4222MB
RSS_SAMPLE t=209.2s rss=4222MB hwm=4222MB
RSS_SAMPLE t=209.4s rss=4224MB hwm=4224MB
RSS_SAMPLE t=209.7s rss=4225MB hwm=4225MB
RSS_SAMPLE t=209.9s rss=4225MB hwm=4225MB
RSS_SAMPLE t=210.2s rss=4226MB hwm=4226MB
RSS_SAMPLE t=210.4s rss=4227MB hwm=4227MB
RSS_SAMPLE t=210.7s rss=4228MB hwm=4228MB
RSS_SAMPLE t=210.9s rss=4229MB hwm=4229MB
RSS_SAMPLE t=211.2s rss=4230MB hwm=4230MB
RSS_SAMPLE t=211.4s rss=4230MB hwm=4230MB
RSS_SAMPLE t=211.7s rss=4231MB hwm=4231MB
RSS_SAMPLE t=211.9s rss=4231MB hwm=4231MB
RSS_SAMPLE t=212.2s rss=4231MB hwm=4231MB
RSS_SAMPLE t=212.4s rss=4232MB hwm=4232MB
RSS_SAMPLE t=212.7s rss=4233MB hwm=4233MB
RSS_SAMPLE t=212.9s rss=4234MB hwm=4234MB
RSS_SAMPLE t=213.2s rss=4234MB hwm=4234MB
RSS_SAMPLE t=213.4s rss=4235MB hwm=4235MB
RSS_SAMPLE t=213.7s rss=4235MB hwm=4235MB
RSS_SAMPLE t=213.9s rss=4235MB hwm=4235MB
RSS_SAMPLE t=214.2s rss=4235MB hwm=4235MB
RSS_SAMPLE t=214.4s rss=4236MB hwm=4236MB
RSS_SAMPLE t=214.7s rss=4236MB hwm=4236MB
RSS_SAMPLE t=214.9s rss=4236MB hwm=4236MB
RSS_SAMPLE t=215.2s rss=4236MB hwm=4236MB
RSS_SAMPLE t=215.4s rss=4237MB hwm=4237MB
RSS_SAMPLE t=215.7s rss=4237MB hwm=4237MB
RSS_SAMPLE t=215.9s rss=4237MB hwm=4237MB
RSS_SAMPLE t=216.2s rss=4238MB hwm=4238MB
RSS_SAMPLE t=216.4s rss=4239MB hwm=4239MB
RSS_SAMPLE t=216.7s rss=4239MB hwm=4239MB
RSS_SAMPLE t=216.9s rss=4239MB hwm=4239MB
RSS_SAMPLE t=217.2s rss=4240MB hwm=4240MB
RSS_SAMPLE t=217.4s rss=4240MB hwm=4240MB
RSS_SAMPLE t=217.7s rss=4241MB hwm=4241MB
RSS_SAMPLE t=217.9s rss=4241MB hwm=4241MB
RSS_SAMPLE t=218.2s rss=4242MB hwm=4242MB
RSS_SAMPLE t=218.4s rss=4242MB hwm=4242MB
RSS_SAMPLE t=218.7s rss=4243MB hwm=4243MB
RSS_SAMPLE t=218.9s rss=4244MB hwm=4244MB
RSS_SAMPLE t=219.2s rss=4245MB hwm=4245MB
RSS_SAMPLE t=219.4s rss=4246MB hwm=4246MB
RSS_SAMPLE t=219.7s rss=4247MB hwm=4247MB
RSS_SAMPLE t=219.9s rss=4247MB hwm=4247MB
RSS_SAMPLE t=220.2s rss=4247MB hwm=4247MB
RSS_SAMPLE t=220.4s rss=4248MB hwm=4248MB
RSS_SAMPLE t=220.7s rss=4248MB hwm=4248MB
RSS_SAMPLE t=220.9s rss=4249MB hwm=4249MB
RSS_SAMPLE t=221.2s rss=4249MB hwm=4249MB
RSS_SAMPLE t=221.4s rss=4249MB hwm=4249MB
RSS_SAMPLE t=221.7s rss=4249MB hwm=4249MB
RSS_SAMPLE t=221.9s rss=4249MB hwm=4249MB
RSS_SAMPLE t=222.2s rss=4249MB hwm=4249MB
RSS_SAMPLE t=222.4s rss=4249MB hwm=4249MB
RSS_SAMPLE t=222.7s rss=4249MB hwm=4249MB
RSS_SAMPLE t=222.9s rss=4250MB hwm=4250MB
RSS_SAMPLE t=223.2s rss=4250MB hwm=4250MB
RSS_SAMPLE t=223.4s rss=4250MB hwm=4250MB
RSS_SAMPLE t=223.7s rss=4250MB hwm=4250MB
RSS_SAMPLE t=224.0s rss=4250MB hwm=4250MB
RSS_SAMPLE t=224.2s rss=4250MB hwm=4250MB
RSS_SAMPLE t=224.5s rss=4250MB hwm=4250MB
RSS_SAMPLE t=224.7s rss=4250MB hwm=4250MB
RSS_SAMPLE t=225.0s rss=4250MB hwm=4250MB
RSS_SAMPLE t=225.2s rss=4250MB hwm=4250MB
RSS_SAMPLE t=225.5s rss=4250MB hwm=4250MB
RSS_SAMPLE t=225.7s rss=4250MB hwm=4250MB
RSS_SAMPLE t=226.0s rss=4250MB hwm=4250MB
RSS_SAMPLE t=226.2s rss=4251MB hwm=4251MB
RSS_SAMPLE t=226.5s rss=4251MB hwm=4251MB
RSS_SAMPLE t=226.7s rss=4251MB hwm=4251MB
RSS_SAMPLE t=227.0s rss=4251MB hwm=4251MB
RSS_SAMPLE t=227.2s rss=4251MB hwm=4251MB
RSS_SAMPLE t=227.5s rss=4251MB hwm=4251MB
RSS_SAMPLE t=227.7s rss=4251MB hwm=4251MB
RSS_SAMPLE t=228.0s rss=4251MB hwm=4251MB
RSS_SAMPLE t=228.2s rss=4251MB hwm=4251MB
RSS_SAMPLE t=228.5s rss=4251MB hwm=4251MB
RSS_SAMPLE t=228.7s rss=4251MB hwm=4251MB
RSS_SAMPLE t=229.0s rss=4251MB hwm=4251MB
RSS_SAMPLE t=229.2s rss=4251MB hwm=4251MB
RSS_SAMPLE t=229.5s rss=4251MB hwm=4251MB
RSS_SAMPLE t=229.7s rss=4251MB hwm=4251MB
RSS_SAMPLE t=230.0s rss=4251MB hwm=4251MB
RSS_SAMPLE t=230.2s rss=4251MB hwm=4251MB
RSS_SAMPLE t=230.5s rss=4252MB hwm=4252MB
RSS_SAMPLE t=230.7s rss=4252MB hwm=4252MB
RSS_SAMPLE t=231.0s rss=4252MB hwm=4252MB
RSS_SAMPLE t=231.2s rss=4252MB hwm=4252MB
RSS_SAMPLE t=231.5s rss=4252MB hwm=4252MB
RSS_SAMPLE t=231.7s rss=4252MB hwm=4252MB
RSS_SAMPLE t=232.0s rss=4252MB hwm=4252MB
RSS_SAMPLE t=232.2s rss=4252MB hwm=4252MB
RSS_SAMPLE t=232.5s rss=4252MB hwm=4252MB
RSS_SAMPLE t=232.7s rss=4253MB hwm=4253MB
RSS_SAMPLE t=233.0s rss=4253MB hwm=4253MB
RSS_SAMPLE t=233.2s rss=4253MB hwm=4253MB
RSS_SAMPLE t=233.5s rss=4253MB hwm=4253MB
RSS_SAMPLE t=233.7s rss=4253MB hwm=4253MB
RSS_SAMPLE t=234.0s rss=4253MB hwm=4253MB
RSS_SAMPLE t=234.2s rss=4253MB hwm=4253MB
RSS_SAMPLE t=234.5s rss=4253MB hwm=4253MB
RSS_SAMPLE t=234.7s rss=4253MB hwm=4253MB
RSS_SAMPLE t=235.0s rss=4253MB hwm=4253MB
RSS_SAMPLE t=235.2s rss=4253MB hwm=4253MB
RSS_SAMPLE t=235.5s rss=4253MB hwm=4253MB
RSS_SAMPLE t=235.7s rss=4253MB hwm=4253MB
RSS_SAMPLE t=236.0s rss=4253MB hwm=4253MB
RSS_SAMPLE t=236.2s rss=4253MB hwm=4253MB
RSS_SAMPLE t=236.5s rss=4253MB hwm=4253MB
RSS_SAMPLE t=236.7s rss=4253MB hwm=4253MB
RSS_SAMPLE t=237.0s rss=4253MB hwm=4253MB
RSS_SAMPLE t=237.2s rss=4254MB hwm=4254MB
RSS_SAMPLE t=237.5s rss=4254MB hwm=4254MB
RSS_SAMPLE t=237.7s rss=4254MB hwm=4254MB
RSS_SAMPLE t=238.0s rss=4254MB hwm=4254MB
RSS_SAMPLE t=238.2s rss=4254MB hwm=4254MB
RSS_SAMPLE t=238.5s rss=4254MB hwm=4254MB
RSS_SAMPLE t=238.7s rss=4254MB hwm=4254MB
RSS_SAMPLE t=239.0s rss=4254MB hwm=4254MB
RSS_SAMPLE t=239.2s rss=4254MB hwm=4254MB
RSS_SAMPLE t=239.5s rss=4254MB hwm=4254MB
RSS_SAMPLE t=239.7s rss=4254MB hwm=4254MB
RSS_SAMPLE t=240.0s rss=4254MB hwm=4254MB
MEM_POOL: workspaces=32 dense_usage_mb=1251 n_pipes=2562403
    post_solve_diag[outer=1]: solves=105117 cap_armed=105117 (100.0%) settle_avg=8352 above_sink_avg=118 (1.4%) settle_max=69353
    load_support[outer=1]: settle_avg=8352 load_nz_avg=954 (11.4%) load_material_avg=687 (8.2%)
    prune_ceiling[outer=1]: settle_avg=8352 heuristic_prunable_avg=1103 (13.2%) vs oracle_zero_load=88.6%
    settle_hist[outer=1]: <100: 29033nets/0.1%work  <1k: 21142nets/0.9%work  <5k: 24278nets/6.9%work  <20k: 13392nets/16.9%work  <60k: 15379nets/61.1%work  >=60k: 1893nets/14.2%work
    fanout_hist[outer=1]: fan1: 43710nets/11.8%work  fan2-4: 48279nets/50.5%work  fan5-16: 12974nets/36.9%work  fan17-64: 154nets/0.9%work  fan65-256: 0nets/0.0%work  fan>256: 0nets/0.0%work
    rss_probe[outer=1]: pre_post_solve=4125MB post_post_solve=4269MB after_apply=4269MB
MuxSlotTracker[sweep 1 LEAK]: populated_cells=56016, overflow_tiles=2, at_cap_tiles=622, peak_excess=7, capacity_hist={16:67346}
    E_decomp: base=8670148.2 eff=80660171417620.9 cong=80660162747472.7 cong_share=100.0% sat_pipes=117304 max_util=1247.18  R_buckets: 1-2x=133945 2-10x=1039 10-100x=876 >=100x=2426543
    E_potential: beckmann=184433201117540.5 history_total=0.0
    SpanCache: epoch=2 entries=2756 lookups=2562403 hits=2559647 misses=2756 hit_rate=99.9%
  DCD   1: nets=105117 line=16388081 energy=5460878757.921 dE=+5458579003.782 friction=13417188.2 bins=2.1x(711) excess=291.3 moved=52937 disp=8.942 solves=105117 skip=105117 pops=877943141 theta=1.118 refresh=43113ms dcd=6495ms total=52164ms
    cache_stats: entries=49157753 capacity=85259519 est_mb=737 rss_mb=4271
RSS_SAMPLE t=240.2s rss=4275MB hwm=4275MB
RSS_SAMPLE t=240.5s rss=4275MB hwm=4275MB
RSS_SAMPLE t=240.7s rss=4275MB hwm=4275MB
RSS_SAMPLE t=241.0s rss=4275MB hwm=4275MB
RSS_SAMPLE t=241.2s rss=4275MB hwm=4275MB
RSS_SAMPLE t=241.5s rss=4275MB hwm=4275MB
RSS_SAMPLE t=241.7s rss=4275MB hwm=4275MB
RSS_SAMPLE t=242.0s rss=4275MB hwm=4275MB
RSS_SAMPLE t=242.2s rss=4275MB hwm=4275MB
RSS_SAMPLE t=242.5s rss=4275MB hwm=4275MB
    SwitchMatrix: type_usage_pairs=1288 lookups=3229 hits=1941 dijkstra_calls=1288 avg_us=9.9 total_ms=12.8
PHASE_MARK outer=2 enter=pre_solve rss=4275MB
    rss_probe[outer=2]: pre_refresh_rss=4275MB post_pre_solve_rss=4289MB cache_entries=49157753 cache_cap=85259519 cache_est_mb=737
    pre_solve_diag[outer=2]: solves=0 fallback=0 (0.0%) cap_armed=0 (0.0%) settle_avg=0 settle_max=0 init_count=236
    Overflow: over=105738 (4.1% of used) avg_excess=10.91 max_excess=3477.37 (nc=3501.37 cap=24 span=1)  excess_buckets: <=1=36093 1-5=48122 5-20=16683 >20=4840  by_cap: cap1=27228 cap2=70754 cap3-5=24 cap>5=7732  by_span: s1=622 s2-3=2523 s4-6=4444 s7-12=70798 s>12=27351  le1_cross: cap1=21239 cap2-5=13454 cap>5=1400
    Congestion: pipes=2562403 used=2562403 congested(>50%)=210607 saturated(>90%)=117304 max_util=1247.18 avg_util=0.2605
PHASE_MARK outer=2 enter=dcd_sweep rss=4289MB
RSS_SAMPLE t=242.7s rss=4289MB hwm=4289MB
RSS_SAMPLE t=243.0s rss=4289MB hwm=4289MB
RSS_SAMPLE t=243.2s rss=4289MB hwm=4289MB
RSS_SAMPLE t=243.5s rss=4289MB hwm=4289MB
RSS_SAMPLE t=243.7s rss=4289MB hwm=4289MB
RSS_SAMPLE t=244.0s rss=4289MB hwm=4289MB
RSS_SAMPLE t=244.2s rss=4289MB hwm=4289MB
RSS_SAMPLE t=244.5s rss=4289MB hwm=4289MB
RSS_SAMPLE t=244.7s rss=4289MB hwm=4289MB
RSS_SAMPLE t=245.0s rss=4289MB hwm=4289MB
RSS_SAMPLE t=245.2s rss=4289MB hwm=4289MB
RSS_SAMPLE t=245.5s rss=4289MB hwm=4289MB
RSS_SAMPLE t=245.7s rss=4289MB hwm=4289MB
RSS_SAMPLE t=246.0s rss=4289MB hwm=4289MB
RSS_SAMPLE t=246.2s rss=4289MB hwm=4289MB
RSS_SAMPLE t=246.5s rss=4289MB hwm=4289MB
RSS_SAMPLE t=246.7s rss=4289MB hwm=4289MB
RSS_SAMPLE t=247.0s rss=4289MB hwm=4289MB
RSS_SAMPLE t=247.2s rss=4289MB hwm=4289MB
RSS_SAMPLE t=247.5s rss=4289MB hwm=4289MB
RSS_SAMPLE t=247.7s rss=4289MB hwm=4289MB
RSS_SAMPLE t=248.0s rss=4289MB hwm=4289MB
RSS_SAMPLE t=248.2s rss=4289MB hwm=4289MB
RSS_SAMPLE t=248.5s rss=4289MB hwm=4289MB
RSS_SAMPLE t=248.7s rss=4289MB hwm=4289MB
RSS_SAMPLE t=249.0s rss=4289MB hwm=4289MB
PHASE_MARK outer=2 leave=dcd_sweep rss=4289MB
PHASE_MARK outer=2 enter=post_refresh rss=4289MB
RSS_SAMPLE t=249.2s rss=4292MB hwm=4292MB
RSS_SAMPLE t=249.5s rss=4292MB hwm=4292MB
RSS_SAMPLE t=249.7s rss=4292MB hwm=4292MB
RSS_SAMPLE t=250.0s rss=4292MB hwm=4292MB
RSS_SAMPLE t=250.2s rss=4292MB hwm=4292MB
RSS_SAMPLE t=250.5s rss=4292MB hwm=4292MB
RSS_SAMPLE t=250.7s rss=4292MB hwm=4292MB
RSS_SAMPLE t=251.0s rss=4292MB hwm=4292MB
RSS_SAMPLE t=251.2s rss=4292MB hwm=4292MB
RSS_SAMPLE t=251.5s rss=4292MB hwm=4292MB
RSS_SAMPLE t=251.7s rss=4295MB hwm=4295MB
RSS_SAMPLE t=252.0s rss=4299MB hwm=4299MB
RSS_SAMPLE t=252.2s rss=4301MB hwm=4301MB
RSS_SAMPLE t=252.5s rss=4302MB hwm=4302MB
RSS_SAMPLE t=252.7s rss=4304MB hwm=4304MB
RSS_SAMPLE t=253.0s rss=4305MB hwm=4305MB
RSS_SAMPLE t=253.2s rss=4307MB hwm=4307MB
RSS_SAMPLE t=253.5s rss=4308MB hwm=4308MB
RSS_SAMPLE t=253.7s rss=4314MB hwm=4314MB
RSS_SAMPLE t=254.0s rss=4319MB hwm=4319MB
RSS_SAMPLE t=254.2s rss=4324MB hwm=4324MB
RSS_SAMPLE t=254.5s rss=4329MB hwm=4329MB
RSS_SAMPLE t=254.7s rss=4329MB hwm=4329MB
RSS_SAMPLE t=255.0s rss=4330MB hwm=4330MB
RSS_SAMPLE t=255.2s rss=4330MB hwm=4330MB
RSS_SAMPLE t=255.5s rss=4330MB hwm=4330MB
RSS_SAMPLE t=255.7s rss=4331MB hwm=4331MB
RSS_SAMPLE t=256.0s rss=4332MB hwm=4332MB
RSS_SAMPLE t=256.2s rss=4333MB hwm=4333MB
RSS_SAMPLE t=256.5s rss=4333MB hwm=4333MB
RSS_SAMPLE t=256.7s rss=4334MB hwm=4334MB
RSS_SAMPLE t=257.0s rss=4335MB hwm=4335MB
RSS_SAMPLE t=257.2s rss=4335MB hwm=4335MB
RSS_SAMPLE t=257.5s rss=4335MB hwm=4335MB
RSS_SAMPLE t=257.7s rss=4336MB hwm=4336MB
RSS_SAMPLE t=258.0s rss=4337MB hwm=4337MB
RSS_SAMPLE t=258.2s rss=4341MB hwm=4341MB
RSS_SAMPLE t=258.5s rss=4342MB hwm=4342MB
RSS_SAMPLE t=258.7s rss=4342MB hwm=4342MB
RSS_SAMPLE t=259.0s rss=4343MB hwm=4343MB
RSS_SAMPLE t=259.2s rss=4344MB hwm=4344MB
RSS_SAMPLE t=259.5s rss=4345MB hwm=4345MB
RSS_SAMPLE t=259.7s rss=4346MB hwm=4346MB
RSS_SAMPLE t=260.0s rss=4347MB hwm=4347MB
RSS_SAMPLE t=260.2s rss=4351MB hwm=4351MB
RSS_SAMPLE t=260.5s rss=4352MB hwm=4352MB
RSS_SAMPLE t=260.7s rss=4356MB hwm=4356MB
RSS_SAMPLE t=261.0s rss=4358MB hwm=4358MB
RSS_SAMPLE t=261.2s rss=4359MB hwm=4359MB
RSS_SAMPLE t=261.5s rss=4364MB hwm=4364MB
RSS_SAMPLE t=261.7s rss=4364MB hwm=4364MB
RSS_SAMPLE t=262.0s rss=4365MB hwm=4365MB
RSS_SAMPLE t=262.2s rss=4367MB hwm=4367MB
RSS_SAMPLE t=262.5s rss=4371MB hwm=4371MB
RSS_SAMPLE t=262.7s rss=4376MB hwm=4376MB
RSS_SAMPLE t=263.0s rss=4376MB hwm=4376MB
RSS_SAMPLE t=263.2s rss=4377MB hwm=4377MB
RSS_SAMPLE t=263.5s rss=4377MB hwm=4377MB
RSS_SAMPLE t=263.7s rss=4377MB hwm=4377MB
RSS_SAMPLE t=264.0s rss=4378MB hwm=4378MB
RSS_SAMPLE t=264.2s rss=4378MB hwm=4378MB
RSS_SAMPLE t=264.5s rss=4379MB hwm=4379MB
RSS_SAMPLE t=264.7s rss=4379MB hwm=4379MB
RSS_SAMPLE t=265.0s rss=4383MB hwm=4383MB
RSS_SAMPLE t=265.2s rss=4383MB hwm=4383MB
RSS_SAMPLE t=265.5s rss=4384MB hwm=4384MB
RSS_SAMPLE t=265.7s rss=4384MB hwm=4384MB
RSS_SAMPLE t=266.0s rss=4384MB hwm=4384MB
RSS_SAMPLE t=266.2s rss=4385MB hwm=4385MB
RSS_SAMPLE t=266.5s rss=4385MB hwm=4385MB
RSS_SAMPLE t=266.7s rss=4386MB hwm=4386MB
RSS_SAMPLE t=267.0s rss=4386MB hwm=4386MB
RSS_SAMPLE t=267.2s rss=4387MB hwm=4387MB
RSS_SAMPLE t=267.5s rss=4387MB hwm=4387MB
RSS_SAMPLE t=267.7s rss=4387MB hwm=4387MB
RSS_SAMPLE t=268.0s rss=4387MB hwm=4387MB
RSS_SAMPLE t=268.2s rss=4387MB hwm=4387MB
RSS_SAMPLE t=268.5s rss=4388MB hwm=4388MB
RSS_SAMPLE t=268.7s rss=4388MB hwm=4388MB
RSS_SAMPLE t=269.0s rss=4388MB hwm=4388MB
RSS_SAMPLE t=269.2s rss=4388MB hwm=4388MB
RSS_SAMPLE t=269.5s rss=4389MB hwm=4389MB
RSS_SAMPLE t=269.7s rss=4389MB hwm=4389MB
RSS_SAMPLE t=270.0s rss=4393MB hwm=4393MB
RSS_SAMPLE t=270.2s rss=4394MB hwm=4394MB
RSS_SAMPLE t=270.5s rss=4394MB hwm=4394MB
RSS_SAMPLE t=270.7s rss=4394MB hwm=4394MB
RSS_SAMPLE t=271.0s rss=4394MB hwm=4394MB
RSS_SAMPLE t=271.2s rss=4402MB hwm=4402MB
RSS_SAMPLE t=271.5s rss=4402MB hwm=4402MB
RSS_SAMPLE t=271.7s rss=4403MB hwm=4403MB
RSS_SAMPLE t=272.0s rss=4403MB hwm=4403MB
RSS_SAMPLE t=272.2s rss=4406MB hwm=4406MB
RSS_SAMPLE t=272.5s rss=4406MB hwm=4406MB
RSS_SAMPLE t=272.7s rss=4406MB hwm=4406MB
RSS_SAMPLE t=273.0s rss=4406MB hwm=4406MB
RSS_SAMPLE t=273.2s rss=4407MB hwm=4407MB
RSS_SAMPLE t=273.5s rss=4407MB hwm=4407MB
RSS_SAMPLE t=273.7s rss=4407MB hwm=4407MB
RSS_SAMPLE t=274.0s rss=4407MB hwm=4407MB
RSS_SAMPLE t=274.2s rss=4411MB hwm=4411MB
RSS_SAMPLE t=274.5s rss=4411MB hwm=4411MB
RSS_SAMPLE t=274.7s rss=4411MB hwm=4411MB
RSS_SAMPLE t=275.0s rss=4411MB hwm=4411MB
RSS_SAMPLE t=275.2s rss=4411MB hwm=4411MB
RSS_SAMPLE t=275.5s rss=4411MB hwm=4411MB
RSS_SAMPLE t=275.7s rss=4411MB hwm=4411MB
RSS_SAMPLE t=276.0s rss=4411MB hwm=4411MB
RSS_SAMPLE t=276.2s rss=4411MB hwm=4411MB
RSS_SAMPLE t=276.5s rss=4411MB hwm=4411MB
RSS_SAMPLE t=276.7s rss=4411MB hwm=4411MB
RSS_SAMPLE t=277.0s rss=4411MB hwm=4411MB
RSS_SAMPLE t=277.2s rss=4411MB hwm=4411MB
RSS_SAMPLE t=277.5s rss=4411MB hwm=4411MB
RSS_SAMPLE t=277.7s rss=4411MB hwm=4411MB
RSS_SAMPLE t=278.0s rss=4411MB hwm=4411MB
RSS_SAMPLE t=278.2s rss=4411MB hwm=4411MB
RSS_SAMPLE t=278.5s rss=4411MB hwm=4411MB
RSS_SAMPLE t=278.7s rss=4411MB hwm=4411MB
RSS_SAMPLE t=279.0s rss=4411MB hwm=4411MB
RSS_SAMPLE t=279.2s rss=4411MB hwm=4411MB
RSS_SAMPLE t=279.5s rss=4411MB hwm=4411MB
RSS_SAMPLE t=279.7s rss=4411MB hwm=4411MB
RSS_SAMPLE t=280.0s rss=4411MB hwm=4411MB
RSS_SAMPLE t=280.2s rss=4411MB hwm=4411MB
RSS_SAMPLE t=280.5s rss=4411MB hwm=4411MB
RSS_SAMPLE t=280.7s rss=4411MB hwm=4411MB
RSS_SAMPLE t=281.0s rss=4411MB hwm=4411MB
RSS_SAMPLE t=281.2s rss=4411MB hwm=4411MB
RSS_SAMPLE t=281.5s rss=4411MB hwm=4411MB
RSS_SAMPLE t=281.7s rss=4411MB hwm=4411MB
RSS_SAMPLE t=282.0s rss=4411MB hwm=4411MB
RSS_SAMPLE t=282.2s rss=4411MB hwm=4411MB
RSS_SAMPLE t=282.5s rss=4411MB hwm=4411MB
RSS_SAMPLE t=282.7s rss=4411MB hwm=4411MB
RSS_SAMPLE t=283.0s rss=4411MB hwm=4411MB
RSS_SAMPLE t=283.2s rss=4412MB hwm=4412MB
RSS_SAMPLE t=283.5s rss=4412MB hwm=4412MB
RSS_SAMPLE t=283.7s rss=4412MB hwm=4412MB
RSS_SAMPLE t=284.0s rss=4412MB hwm=4412MB
RSS_SAMPLE t=284.2s rss=4412MB hwm=4412MB
RSS_SAMPLE t=284.5s rss=4412MB hwm=4412MB
RSS_SAMPLE t=284.7s rss=4412MB hwm=4412MB
RSS_SAMPLE t=285.0s rss=4412MB hwm=4412MB
RSS_SAMPLE t=285.2s rss=4412MB hwm=4412MB
RSS_SAMPLE t=285.5s rss=4412MB hwm=4412MB
RSS_SAMPLE t=285.7s rss=4412MB hwm=4412MB
RSS_SAMPLE t=286.0s rss=4412MB hwm=4412MB
RSS_SAMPLE t=286.2s rss=4412MB hwm=4412MB
RSS_SAMPLE t=286.5s rss=4412MB hwm=4412MB
RSS_SAMPLE t=286.7s rss=4412MB hwm=4412MB
RSS_SAMPLE t=287.0s rss=4412MB hwm=4412MB
RSS_SAMPLE t=287.2s rss=4412MB hwm=4412MB
RSS_SAMPLE t=287.5s rss=4412MB hwm=4412MB
RSS_SAMPLE t=287.7s rss=4412MB hwm=4412MB
RSS_SAMPLE t=288.0s rss=4412MB hwm=4412MB
RSS_SAMPLE t=288.2s rss=4412MB hwm=4412MB
RSS_SAMPLE t=288.5s rss=4412MB hwm=4412MB
RSS_SAMPLE t=288.7s rss=4412MB hwm=4412MB
RSS_SAMPLE t=289.0s rss=4412MB hwm=4412MB
RSS_SAMPLE t=289.2s rss=4412MB hwm=4412MB
RSS_SAMPLE t=289.5s rss=4412MB hwm=4412MB
RSS_SAMPLE t=289.7s rss=4412MB hwm=4412MB
RSS_SAMPLE t=290.0s rss=4412MB hwm=4412MB
RSS_SAMPLE t=290.2s rss=4412MB hwm=4412MB
RSS_SAMPLE t=290.5s rss=4412MB hwm=4412MB
RSS_SAMPLE t=290.7s rss=4412MB hwm=4412MB
RSS_SAMPLE t=291.0s rss=4412MB hwm=4412MB
RSS_SAMPLE t=291.2s rss=4412MB hwm=4412MB
RSS_SAMPLE t=291.5s rss=4412MB hwm=4412MB
RSS_SAMPLE t=291.8s rss=4412MB hwm=4412MB
RSS_SAMPLE t=292.0s rss=4412MB hwm=4412MB
RSS_SAMPLE t=292.3s rss=4412MB hwm=4412MB
RSS_SAMPLE t=292.5s rss=4412MB hwm=4412MB
RSS_SAMPLE t=292.8s rss=4412MB hwm=4412MB
RSS_SAMPLE t=293.0s rss=4412MB hwm=4412MB
RSS_SAMPLE t=293.3s rss=4412MB hwm=4412MB
RSS_SAMPLE t=293.5s rss=4412MB hwm=4412MB
RSS_SAMPLE t=293.8s rss=4412MB hwm=4412MB
RSS_SAMPLE t=294.0s rss=4412MB hwm=4412MB
RSS_SAMPLE t=294.3s rss=4412MB hwm=4412MB
RSS_SAMPLE t=294.5s rss=4412MB hwm=4412MB
RSS_SAMPLE t=294.8s rss=4412MB hwm=4412MB
RSS_SAMPLE t=295.0s rss=4412MB hwm=4412MB
RSS_SAMPLE t=295.3s rss=4412MB hwm=4412MB
RSS_SAMPLE t=295.5s rss=4412MB hwm=4412MB
RSS_SAMPLE t=295.8s rss=4412MB hwm=4412MB
RSS_SAMPLE t=296.0s rss=4412MB hwm=4412MB
RSS_SAMPLE t=296.3s rss=4412MB hwm=4412MB
RSS_SAMPLE t=296.5s rss=4412MB hwm=4412MB
RSS_SAMPLE t=296.8s rss=4413MB hwm=4413MB
RSS_SAMPLE t=297.0s rss=4413MB hwm=4413MB
RSS_SAMPLE t=297.3s rss=4413MB hwm=4413MB
RSS_SAMPLE t=297.5s rss=4413MB hwm=4413MB
RSS_SAMPLE t=297.8s rss=4413MB hwm=4413MB
RSS_SAMPLE t=298.0s rss=4413MB hwm=4413MB
RSS_SAMPLE t=298.3s rss=4413MB hwm=4413MB
RSS_SAMPLE t=298.5s rss=4413MB hwm=4413MB
RSS_SAMPLE t=298.8s rss=4413MB hwm=4413MB
RSS_SAMPLE t=299.0s rss=4413MB hwm=4413MB
RSS_SAMPLE t=299.3s rss=4413MB hwm=4413MB
RSS_SAMPLE t=299.5s rss=4413MB hwm=4413MB
RSS_SAMPLE t=299.8s rss=4413MB hwm=4413MB
RSS_SAMPLE t=300.0s rss=4413MB hwm=4413MB
RSS_SAMPLE t=300.3s rss=4413MB hwm=4413MB
RSS_SAMPLE t=300.5s rss=4413MB hwm=4413MB
RSS_SAMPLE t=300.8s rss=4413MB hwm=4413MB
RSS_SAMPLE t=301.0s rss=4413MB hwm=4413MB
RSS_SAMPLE t=301.3s rss=4413MB hwm=4413MB
RSS_SAMPLE t=301.5s rss=4413MB hwm=4413MB
RSS_SAMPLE t=301.8s rss=4413MB hwm=4413MB
RSS_SAMPLE t=302.0s rss=4413MB hwm=4413MB
RSS_SAMPLE t=302.3s rss=4413MB hwm=4413MB
RSS_SAMPLE t=302.5s rss=4413MB hwm=4413MB
RSS_SAMPLE t=302.8s rss=4413MB hwm=4413MB
RSS_SAMPLE t=303.0s rss=4413MB hwm=4413MB
RSS_SAMPLE t=303.3s rss=4413MB hwm=4413MB
RSS_SAMPLE t=303.5s rss=4413MB hwm=4413MB
MEM_POOL: workspaces=32 dense_usage_mb=1251 n_pipes=2562403
    post_solve_diag[outer=2]: solves=105117 cap_armed=105117 (100.0%) settle_avg=7714 above_sink_avg=93 (1.2%) settle_max=69353
    load_support[outer=2]: settle_avg=7714 load_nz_avg=712 (9.2%) load_material_avg=555 (7.2%)
    prune_ceiling[outer=2]: settle_avg=7714 heuristic_prunable_avg=685 (8.9%) vs oracle_zero_load=90.8%
    settle_hist[outer=2]: <100: 31826nets/0.1%work  <1k: 19993nets/1.0%work  <5k: 23533nets/7.2%work  <20k: 13949nets/18.8%work  <60k: 14381nets/61.5%work  >=60k: 1435nets/11.5%work
    fanout_hist[outer=2]: fan1: 43710nets/11.7%work  fan2-4: 48279nets/49.8%work  fan5-16: 12974nets/37.5%work  fan17-64: 154nets/0.9%work  fan65-256: 0nets/0.0%work  fan>256: 0nets/0.0%work
    rss_probe[outer=2]: pre_post_solve=4292MB post_post_solve=4414MB after_apply=4414MB
RSS_SAMPLE t=303.8s rss=4414MB hwm=4414MB
    E_decomp: base=8509211.6 eff=469810424860447.7 cong=469810416351236.1 cong_share=100.0% sat_pipes=84964 max_util=1373.31  R_buckets: 1-2x=95706 2-10x=24516 10-100x=9606 >=100x=2432575
    E_potential: beckmann=743336904096608.9 history_total=0.0
    SpanCache: epoch=3 entries=3229 lookups=2562403 hits=2559174 misses=3229 hit_rate=99.9%
  DCD   2: nets=105117 line=15994677 energy=57639879690.034 dE=+52179000932.113 friction=42300496.6 bins=2.0x(773) excess=295.0 moved=58800 disp=10.344 solves=105117 skip=105117 pops=810864378 theta=5.000 refresh=54822ms dcd=6429ms total=63662ms
    cache_stats: entries=47476122 capacity=84384413 est_mb=729 rss_mb=4415
DCD done: energy=57639879690.034 line=15994677 friction=42300496.6 bins=2.0x(773) excess=295.0
MuxSlotTracker: 432945 commit rejections over entire DCD
MuxSlotTracker[post-DCD]: populated_cells=60006, overflow_tiles=0, at_cap_tiles=730, peak_excess=0, capacity_hist={16:67346}
Pre-legalization: HPWL=12845288
RSS_SAMPLE t=304.0s rss=2533MB hwm=4409MB
  type DFF: 302 valid columns, 1077536 total BELs
  type LUT6: 302 valid columns, 538768 total BELs
TypeAwarePlacement: 2 cell types
RSS_SAMPLE t=304.3s rss=2608MB hwm=4409MB
RSS_SAMPLE t=304.5s rss=2608MB hwm=4409MB
RSS_SAMPLE t=304.8s rss=2608MB hwm=4409MB
RSS_SAMPLE t=305.0s rss=2608MB hwm=4409MB
RSS_SAMPLE t=305.3s rss=2608MB hwm=4409MB
RSS_SAMPLE t=305.5s rss=2608MB hwm=4409MB
RSS_SAMPLE t=305.8s rss=2608MB hwm=4409MB
RSS_SAMPLE t=306.0s rss=2608MB hwm=4409MB
RSS_SAMPLE t=306.3s rss=2608MB hwm=4409MB
RSS_SAMPLE t=306.5s rss=2608MB hwm=4409MB
RSS_SAMPLE t=306.8s rss=2608MB hwm=4409MB
RSS_SAMPLE t=307.0s rss=2608MB hwm=4409MB
RSS_SAMPLE t=307.3s rss=2608MB hwm=4409MB
RSS_SAMPLE t=307.5s rss=2608MB hwm=4409MB
RSS_SAMPLE t=307.8s rss=2608MB hwm=4409MB
RSS_SAMPLE t=308.0s rss=2608MB hwm=4409MB
RSS_SAMPLE t=308.3s rss=2608MB hwm=4409MB
  SortedLegalizer: cluster_rejects=198830 shared_mux_rejects=14590226 arch_validity_rejects=0
RSS_SAMPLE t=308.5s rss=2551MB hwm=4409MB
Post-legalization: HPWL=12577540, line=16051023
Per-net HPWL: 105118 nets, total=12577540
  #0: hpwl=531 fanout=93000 (0.0%)
  #1: hpwl=528 fanout=23 (0.0%)
  #2: hpwl=528 fanout=13 (0.0%)
  #3: hpwl=527 fanout=21 (0.0%)
  #4: hpwl=526 fanout=16 (0.0%)
  #5: hpwl=525 fanout=18 (0.0%)
  #6: hpwl=524 fanout=13 (0.0%)
  #7: hpwl=524 fanout=16 (0.0%)
  #8: hpwl=524 fanout=12 (0.0%)
  #9: hpwl=524 fanout=7 (0.0%)
  50% of HPWL from top 16300 nets (of 105118)
