Running scope as unit: run-rff76d6fe11744f08b0bff5fd3544f718.scope
chipdb: /home/kelvin/side-project/eisenjoch/chip_database/xc7_large.bin
design: /home/kelvin/side-project/eisenjoch/benchmark/ispd/generated/2016/FPGA01/FPGA01.json
RSS_SAMPLE t=0.0s rss=3MB hwm=3MB
RSS_SAMPLE t=0.3s rss=425MB hwm=425MB
RSS_SAMPLE t=0.5s rss=715MB hwm=715MB
RSS_SAMPLE t=0.8s rss=824MB hwm=824MB
RSS_SAMPLE t=1.0s rss=819MB hwm=824MB
RSS_SAMPLE t=1.3s rss=819MB hwm=824MB
RSS_SAMPLE t=1.5s rss=820MB hwm=824MB
cfg: max_outer_iters=3 blend_alpha=0.5 hardening_step=0 graph_model=TwoLevelPip
  topological compress: density=0.60 target_tiles=15971 final_tiles=15777 scale=1.851 center=(205.1,111.0)
  topological init: n_movable=76660, n_edges=229053, max_layer=26775, back_edges=54022, n_anchored=0
RSS_SAMPLE t=1.8s rss=820MB hwm=824MB
RSS_SAMPLE t=2.0s rss=820MB hwm=824MB
RSS_SAMPLE t=2.3s rss=820MB hwm=824MB
RSS_SAMPLE t=2.5s rss=820MB hwm=824MB
RSS_SAMPLE t=2.8s rss=820MB hwm=824MB
RSS_SAMPLE t=3.0s rss=820MB hwm=824MB
RSS_SAMPLE t=3.3s rss=820MB hwm=824MB
RSS_SAMPLE t=3.5s rss=820MB hwm=824MB
RSS_SAMPLE t=3.8s rss=820MB hwm=824MB
RSS_SAMPLE t=4.0s rss=820MB hwm=824MB
RSS_SAMPLE t=4.3s rss=820MB hwm=824MB
RSS_SAMPLE t=4.5s rss=820MB hwm=824MB
RSS_SAMPLE t=4.8s rss=820MB hwm=824MB
RSS_SAMPLE t=5.0s rss=820MB hwm=824MB
RSS_SAMPLE t=5.3s rss=820MB hwm=824MB
RSS_SAMPLE t=5.5s rss=820MB hwm=824MB
RSS_SAMPLE t=5.8s rss=820MB hwm=824MB
RSS_SAMPLE t=6.0s rss=820MB hwm=824MB
RSS_SAMPLE t=6.3s rss=820MB hwm=824MB
RSS_SAMPLE t=6.5s rss=820MB hwm=824MB
RSS_SAMPLE t=6.8s rss=820MB hwm=824MB
RSS_SAMPLE t=7.0s rss=820MB hwm=824MB
RSS_SAMPLE t=7.3s rss=820MB hwm=824MB
RSS_SAMPLE t=7.5s rss=820MB hwm=824MB
RSS_SAMPLE t=7.8s rss=820MB hwm=824MB
RSS_SAMPLE t=8.0s rss=820MB hwm=824MB
RSS_SAMPLE t=8.3s rss=820MB hwm=824MB
RSS_SAMPLE t=8.5s rss=820MB hwm=824MB
RSS_SAMPLE t=8.8s rss=820MB hwm=824MB
RSS_SAMPLE t=9.0s rss=820MB hwm=824MB
RSS_SAMPLE t=9.3s rss=820MB hwm=824MB
RSS_SAMPLE t=9.5s rss=820MB hwm=824MB
RSS_SAMPLE t=9.8s rss=820MB hwm=824MB
RSS_SAMPLE t=10.0s rss=820MB hwm=824MB
RSS_SAMPLE t=10.3s rss=820MB hwm=824MB
RSS_SAMPLE t=10.5s rss=820MB hwm=824MB
RSS_SAMPLE t=10.8s rss=820MB hwm=824MB
RSS_SAMPLE t=11.0s rss=820MB hwm=824MB
RSS_SAMPLE t=11.3s rss=820MB hwm=824MB
RSS_SAMPLE t=11.5s rss=820MB hwm=824MB
RSS_SAMPLE t=11.8s rss=820MB hwm=824MB
RSS_SAMPLE t=12.0s rss=820MB hwm=824MB
RSS_SAMPLE t=12.3s rss=820MB hwm=824MB
RSS_SAMPLE t=12.5s rss=820MB hwm=824MB
RSS_SAMPLE t=12.8s rss=820MB hwm=824MB
RSS_SAMPLE t=13.0s rss=820MB hwm=824MB
RSS_SAMPLE t=13.3s rss=820MB hwm=824MB
RSS_SAMPLE t=13.5s rss=820MB hwm=824MB
RSS_SAMPLE t=13.8s rss=820MB hwm=824MB
RSS_SAMPLE t=14.0s rss=820MB hwm=824MB
RSS_SAMPLE t=14.3s rss=820MB hwm=824MB
RSS_SAMPLE t=14.5s rss=820MB hwm=824MB
RSS_SAMPLE t=14.8s rss=820MB hwm=824MB
RSS_SAMPLE t=15.0s rss=820MB hwm=824MB
RSS_SAMPLE t=15.3s rss=820MB hwm=824MB
RSS_SAMPLE t=15.5s rss=820MB hwm=824MB
RSS_SAMPLE t=15.8s rss=820MB hwm=824MB
RSS_SAMPLE t=16.0s rss=820MB hwm=824MB
RSS_SAMPLE t=16.3s rss=820MB hwm=824MB
RSS_SAMPLE t=16.5s rss=820MB hwm=824MB
RSS_SAMPLE t=16.8s rss=820MB hwm=824MB
RSS_SAMPLE t=17.0s rss=820MB hwm=824MB
RSS_SAMPLE t=17.3s rss=820MB hwm=824MB
RSS_SAMPLE t=17.5s rss=820MB hwm=824MB
RSS_SAMPLE t=17.8s rss=820MB hwm=824MB
RSS_SAMPLE t=18.0s rss=820MB hwm=824MB
RSS_SAMPLE t=18.3s rss=820MB hwm=824MB
RSS_SAMPLE t=18.5s rss=820MB hwm=824MB
RSS_SAMPLE t=18.8s rss=820MB hwm=824MB
RSS_SAMPLE t=19.0s rss=820MB hwm=824MB
RSS_SAMPLE t=19.3s rss=820MB hwm=824MB
RSS_SAMPLE t=19.5s rss=820MB hwm=824MB
RSS_SAMPLE t=19.8s rss=820MB hwm=824MB
RSS_SAMPLE t=20.0s rss=820MB hwm=824MB
RSS_SAMPLE t=20.3s rss=820MB hwm=824MB
RSS_SAMPLE t=20.5s rss=820MB hwm=824MB
RSS_SAMPLE t=20.8s rss=820MB hwm=824MB
RSS_SAMPLE t=21.0s rss=820MB hwm=824MB
RSS_SAMPLE t=21.3s rss=820MB hwm=824MB
RSS_SAMPLE t=21.5s rss=820MB hwm=824MB
RSS_SAMPLE t=21.8s rss=820MB hwm=824MB
RSS_SAMPLE t=22.0s rss=820MB hwm=824MB
RSS_SAMPLE t=22.3s rss=820MB hwm=824MB
RSS_SAMPLE t=22.5s rss=820MB hwm=824MB
RSS_SAMPLE t=22.8s rss=820MB hwm=824MB
RSS_SAMPLE t=23.0s rss=820MB hwm=824MB
RSS_SAMPLE t=23.3s rss=820MB hwm=824MB
RSS_SAMPLE t=23.5s rss=820MB hwm=824MB
RSS_SAMPLE t=23.8s rss=820MB hwm=824MB
RSS_SAMPLE t=24.0s rss=820MB hwm=824MB
RSS_SAMPLE t=24.3s rss=820MB hwm=824MB
RSS_SAMPLE t=24.5s rss=820MB hwm=824MB
RSS_SAMPLE t=24.8s rss=820MB hwm=824MB
RSS_SAMPLE t=25.0s rss=820MB hwm=824MB
RSS_SAMPLE t=25.3s rss=820MB hwm=824MB
RSS_SAMPLE t=25.5s rss=820MB hwm=824MB
RSS_SAMPLE t=25.8s rss=820MB hwm=824MB
RSS_SAMPLE t=26.0s rss=820MB hwm=824MB
RSS_SAMPLE t=26.3s rss=820MB hwm=824MB
RSS_SAMPLE t=26.5s rss=820MB hwm=824MB
RSS_SAMPLE t=26.8s rss=820MB hwm=824MB
RSS_SAMPLE t=27.0s rss=820MB hwm=824MB
RSS_SAMPLE t=27.3s rss=820MB hwm=824MB
RSS_SAMPLE t=27.5s rss=820MB hwm=824MB
RSS_SAMPLE t=27.8s rss=820MB hwm=824MB
RSS_SAMPLE t=28.0s rss=820MB hwm=824MB
RSS_SAMPLE t=28.3s rss=820MB hwm=824MB
RSS_SAMPLE t=28.5s rss=820MB hwm=824MB
RSS_SAMPLE t=28.8s rss=820MB hwm=824MB
RSS_SAMPLE t=29.0s rss=820MB hwm=824MB
RSS_SAMPLE t=29.3s rss=820MB hwm=824MB
RSS_SAMPLE t=29.5s rss=820MB hwm=824MB
RSS_SAMPLE t=29.8s rss=820MB hwm=824MB
RSS_SAMPLE t=30.0s rss=820MB hwm=824MB
RSS_SAMPLE t=30.3s rss=820MB hwm=824MB
RSS_SAMPLE t=30.5s rss=820MB hwm=824MB
RSS_SAMPLE t=30.8s rss=820MB hwm=824MB
RSS_SAMPLE t=31.0s rss=820MB hwm=824MB
RSS_SAMPLE t=31.3s rss=820MB hwm=824MB
RSS_SAMPLE t=31.5s rss=820MB hwm=824MB
RSS_SAMPLE t=31.8s rss=820MB hwm=824MB
RSS_SAMPLE t=32.0s rss=820MB hwm=824MB
RSS_SAMPLE t=32.3s rss=820MB hwm=824MB
RSS_SAMPLE t=32.5s rss=820MB hwm=824MB
RSS_SAMPLE t=32.8s rss=820MB hwm=824MB
RSS_SAMPLE t=33.0s rss=820MB hwm=824MB
RSS_SAMPLE t=33.3s rss=820MB hwm=824MB
RSS_SAMPLE t=33.5s rss=820MB hwm=824MB
RSS_SAMPLE t=33.8s rss=820MB hwm=824MB
RSS_SAMPLE t=34.0s rss=820MB hwm=824MB
RSS_SAMPLE t=34.3s rss=820MB hwm=824MB
RSS_SAMPLE t=34.5s rss=820MB hwm=824MB
RSS_SAMPLE t=34.8s rss=820MB hwm=824MB
RSS_SAMPLE t=35.0s rss=820MB hwm=824MB
RSS_SAMPLE t=35.3s rss=820MB hwm=824MB
RSS_SAMPLE t=35.5s rss=820MB hwm=824MB
RSS_SAMPLE t=35.8s rss=820MB hwm=824MB
RSS_SAMPLE t=36.0s rss=820MB hwm=824MB
RSS_SAMPLE t=36.3s rss=820MB hwm=824MB
RSS_SAMPLE t=36.5s rss=820MB hwm=824MB
RSS_SAMPLE t=36.8s rss=820MB hwm=824MB
RSS_SAMPLE t=37.0s rss=820MB hwm=824MB
RSS_SAMPLE t=37.3s rss=820MB hwm=824MB
RSS_SAMPLE t=37.5s rss=820MB hwm=824MB
RSS_SAMPLE t=37.8s rss=820MB hwm=824MB
RSS_SAMPLE t=38.0s rss=820MB hwm=824MB
RSS_SAMPLE t=38.3s rss=820MB hwm=824MB
RSS_SAMPLE t=38.5s rss=820MB hwm=824MB
RSS_SAMPLE t=38.8s rss=820MB hwm=824MB
RSS_SAMPLE t=39.0s rss=820MB hwm=824MB
RSS_SAMPLE t=39.3s rss=820MB hwm=824MB
RSS_SAMPLE t=39.5s rss=820MB hwm=824MB
RSS_SAMPLE t=39.8s rss=820MB hwm=824MB
RSS_SAMPLE t=40.0s rss=820MB hwm=824MB
RSS_SAMPLE t=40.3s rss=820MB hwm=824MB
RSS_SAMPLE t=40.5s rss=820MB hwm=824MB
RSS_SAMPLE t=40.8s rss=820MB hwm=824MB
RSS_SAMPLE t=41.0s rss=820MB hwm=824MB
RSS_SAMPLE t=41.3s rss=820MB hwm=824MB
RSS_SAMPLE t=41.5s rss=820MB hwm=824MB
RSS_SAMPLE t=41.8s rss=820MB hwm=824MB
RSS_SAMPLE t=42.0s rss=820MB hwm=824MB
RSS_SAMPLE t=42.3s rss=820MB hwm=824MB
RSS_SAMPLE t=42.5s rss=820MB hwm=824MB
RSS_SAMPLE t=42.8s rss=820MB hwm=824MB
RSS_SAMPLE t=43.0s rss=820MB hwm=824MB
RSS_SAMPLE t=43.3s rss=820MB hwm=824MB
RSS_SAMPLE t=43.5s rss=820MB hwm=824MB
RSS_SAMPLE t=43.8s rss=820MB hwm=824MB
RSS_SAMPLE t=44.0s rss=820MB hwm=824MB
RSS_SAMPLE t=44.3s rss=820MB hwm=824MB
RSS_SAMPLE t=44.5s rss=820MB hwm=824MB
RSS_SAMPLE t=44.8s rss=820MB hwm=824MB
RSS_SAMPLE t=45.0s rss=820MB hwm=824MB
RSS_SAMPLE t=45.3s rss=820MB hwm=824MB
RSS_SAMPLE t=45.5s rss=820MB hwm=824MB
RSS_SAMPLE t=45.8s rss=820MB hwm=824MB
RSS_SAMPLE t=46.0s rss=820MB hwm=824MB
RSS_SAMPLE t=46.3s rss=820MB hwm=824MB
RSS_SAMPLE t=46.5s rss=820MB hwm=824MB
RSS_SAMPLE t=46.8s rss=820MB hwm=824MB
RSS_SAMPLE t=47.0s rss=820MB hwm=824MB
RSS_SAMPLE t=47.3s rss=820MB hwm=824MB
RSS_SAMPLE t=47.5s rss=820MB hwm=824MB
RSS_SAMPLE t=47.8s rss=820MB hwm=824MB
RSS_SAMPLE t=48.0s rss=820MB hwm=824MB
RSS_SAMPLE t=48.3s rss=820MB hwm=824MB
RSS_SAMPLE t=48.5s rss=820MB hwm=824MB
RSS_SAMPLE t=48.8s rss=820MB hwm=824MB
RSS_SAMPLE t=49.0s rss=820MB hwm=824MB
RSS_SAMPLE t=49.3s rss=820MB hwm=824MB
RSS_SAMPLE t=49.5s rss=820MB hwm=824MB
RSS_SAMPLE t=49.8s rss=820MB hwm=824MB
RSS_SAMPLE t=50.0s rss=820MB hwm=824MB
RSS_SAMPLE t=50.3s rss=820MB hwm=824MB
RSS_SAMPLE t=50.5s rss=820MB hwm=824MB
RSS_SAMPLE t=50.8s rss=820MB hwm=824MB
RSS_SAMPLE t=51.0s rss=820MB hwm=824MB
RSS_SAMPLE t=51.3s rss=820MB hwm=824MB
RSS_SAMPLE t=51.5s rss=820MB hwm=824MB
RSS_SAMPLE t=51.8s rss=820MB hwm=824MB
RSS_SAMPLE t=52.0s rss=820MB hwm=824MB
RSS_SAMPLE t=52.3s rss=820MB hwm=824MB
RSS_SAMPLE t=52.5s rss=820MB hwm=824MB
RSS_SAMPLE t=52.8s rss=820MB hwm=824MB
RSS_SAMPLE t=53.0s rss=820MB hwm=824MB
RSS_SAMPLE t=53.3s rss=820MB hwm=824MB
RSS_SAMPLE t=53.5s rss=863MB hwm=863MB
RSS_SAMPLE t=53.8s rss=907MB hwm=907MB
RSS_SAMPLE t=54.0s rss=933MB hwm=933MB
RSS_SAMPLE t=54.3s rss=933MB hwm=933MB
RSS_SAMPLE t=54.5s rss=934MB hwm=934MB
RSS_SAMPLE t=54.8s rss=934MB hwm=934MB
RSS_SAMPLE t=55.0s rss=934MB hwm=934MB
RSS_SAMPLE t=55.3s rss=934MB hwm=934MB
  Skipped truly-null coarse cells: 0 (of 69353 total); pruned pipes: src_null=0 dst_null=0
  Pipe capacity by span:
    span=  1: 138172 pipes, cap min=1 avg=134.5 max=432
    span=  2: 136455 pipes, cap min=2 avg=50.7 max=118
    span=  3: 135619 pipes, cap min=2 avg=26.1 max=52
    span=  4: 136319 pipes, cap min=2 avg=22.7 max=140
    span=  5: 135918 pipes, cap min=2 avg=66.1 max=124
    span=  6: 201217 pipes, cap min=2 avg=15.2 max=28
    span=  7: 200933 pipes, cap min=1 avg=7.3 max=20
    span=  8: 132748 pipes, cap min=2 avg=6.0 max=10
    span=  9: 130848 pipes, cap min=2 avg=6.0 max=10
    span= 10: 131090 pipes, cap min=2 avg=2.2 max=31
    span= 11: 129628 pipes, cap min=2 avg=2.0 max=4
    span= 12: 129018 pipes, cap min=2 avg=2.0 max=4
    span= 13: 128408 pipes, cap min=1 avg=1.5 max=4
    span= 14: 127798 pipes, cap min=1 avg=1.0 max=2
    span= 15: 127188 pipes, cap min=1 avg=1.0 max=2
    span= 16: 126578 pipes, cap min=1 avg=1.0 max=2
    span= 17: 125968 pipes, cap min=1 avg=1.0 max=2
    span= 18: 125358 pipes, cap min=1 avg=1.0 max=2
    span= 19: 63140 pipes, cap min=1 avg=1.0 max=2
  Thin span-1 pipes (cap<=2): 222 total, by tile-type pair (top 20):
    NULL <-> NULL: 220
    CLK_BUFG <-> NULL: 2
  Pipe cost: span^0.50 model (r1=1), span-1=1.000, span-12=3.464, 2×span-6=4.899, 12×span-1=12.000
RSS_SAMPLE t=55.5s rss=988MB hwm=988MB
  topological compress: density=0.60 target_tiles=15971 final_tiles=15777 scale=1.851 center=(205.1,111.0)
  topological init: n_movable=76660, n_edges=229053, max_layer=26775, back_edges=54022, n_anchored=0
  type DFF: 302 valid columns, 1077536 total BELs
  type LUT6: 302 valid columns, 538768 total BELs
TypeAwarePlacement: 2 cell types
Coordinate descent mode: 76660 cells, scale 1.00
CellValidityMask: 76660 cells, 311x223 grid, 2 bucket masks, per-cell valid positions: min=67346 avg=67346.0 max=67346, unmapped cells=0
MuxSlotTracker: 76660 cells (76660 with external fanout), 67346 tiles, total_cap=1077536, active_buckets=[DFF,LUT6], built in 68.5ms
MuxSlotTracker[post-seed]: populated_cells=27114, overflow_tiles=518, at_cap_tiles=50, peak_excess=41, capacity_hist={16:67346}
DCD placer: 76660 cells, 69353 nodes, outer_iters=3, dcd_iters_per_cell=8, graph_model=TwoLevelPip
MEM_STATIC: pipes=352MB nodes=1MB adjacency=78MB pipe_cost_vecs=59MB validity_mask=0MB n_pipes=2562403 n_edges=5124806 rss=1044MB
Softmin position update: enabled, theta 0.250 -> 5.000 (anneal over 3 iters)
RSS_SAMPLE t=55.8s rss=1071MB hwm=1071MB
RSS_SAMPLE t=56.0s rss=1071MB hwm=1071MB
RSS_SAMPLE t=56.3s rss=1071MB hwm=1071MB
RSS_SAMPLE t=56.5s rss=1071MB hwm=1071MB
RSS_SAMPLE t=56.8s rss=1071MB hwm=1071MB
RSS_SAMPLE t=57.0s rss=1071MB hwm=1071MB
RSS_SAMPLE t=57.3s rss=1071MB hwm=1071MB
RSS_SAMPLE t=57.5s rss=1071MB hwm=1071MB
RSS_SAMPLE t=57.8s rss=1071MB hwm=1071MB
RSS_SAMPLE t=58.0s rss=1071MB hwm=1071MB
RSS_SAMPLE t=58.3s rss=1071MB hwm=1071MB
    SwitchMatrix: type_usage_pairs=7 lookups=110 hits=103 dijkstra_calls=7 avg_us=10.6 total_ms=0.1
RSS_SAMPLE t=58.5s rss=1074MB hwm=1074MB
PHASE_MARK outer=0 enter=pre_solve rss=1074MB
RSS_SAMPLE t=58.8s rss=1211MB hwm=1211MB
RSS_SAMPLE t=59.0s rss=1222MB hwm=1222MB
RSS_SAMPLE t=59.3s rss=1233MB hwm=1233MB
RSS_SAMPLE t=59.5s rss=1245MB hwm=1245MB
RSS_SAMPLE t=59.8s rss=1250MB hwm=1250MB
RSS_SAMPLE t=60.0s rss=1258MB hwm=1258MB
RSS_SAMPLE t=60.3s rss=1264MB hwm=1264MB
RSS_SAMPLE t=60.5s rss=1269MB hwm=1269MB
RSS_SAMPLE t=60.8s rss=1276MB hwm=1276MB
RSS_SAMPLE t=61.0s rss=1283MB hwm=1283MB
RSS_SAMPLE t=61.3s rss=1290MB hwm=1290MB
RSS_SAMPLE t=61.5s rss=1297MB hwm=1297MB
RSS_SAMPLE t=61.8s rss=1305MB hwm=1305MB
RSS_SAMPLE t=62.0s rss=1315MB hwm=1315MB
RSS_SAMPLE t=62.3s rss=1324MB hwm=1324MB
RSS_SAMPLE t=62.5s rss=1331MB hwm=1331MB
RSS_SAMPLE t=62.8s rss=1337MB hwm=1337MB
RSS_SAMPLE t=63.0s rss=1343MB hwm=1343MB
RSS_SAMPLE t=63.3s rss=1350MB hwm=1350MB
RSS_SAMPLE t=63.5s rss=1357MB hwm=1357MB
RSS_SAMPLE t=63.8s rss=1365MB hwm=1365MB
RSS_SAMPLE t=64.0s rss=1372MB hwm=1372MB
RSS_SAMPLE t=64.3s rss=1380MB hwm=1380MB
RSS_SAMPLE t=64.5s rss=1387MB hwm=1387MB
RSS_SAMPLE t=64.8s rss=1394MB hwm=1394MB
RSS_SAMPLE t=65.0s rss=1400MB hwm=1400MB
RSS_SAMPLE t=65.3s rss=1407MB hwm=1407MB
RSS_SAMPLE t=65.5s rss=1415MB hwm=1415MB
RSS_SAMPLE t=65.8s rss=1423MB hwm=1423MB
RSS_SAMPLE t=66.0s rss=1430MB hwm=1430MB
RSS_SAMPLE t=66.3s rss=1439MB hwm=1439MB
RSS_SAMPLE t=66.5s rss=1446MB hwm=1446MB
RSS_SAMPLE t=66.8s rss=1455MB hwm=1455MB
RSS_SAMPLE t=67.0s rss=1461MB hwm=1461MB
RSS_SAMPLE t=67.3s rss=1468MB hwm=1468MB
RSS_SAMPLE t=67.5s rss=1475MB hwm=1475MB
RSS_SAMPLE t=67.8s rss=1483MB hwm=1483MB
RSS_SAMPLE t=68.0s rss=1490MB hwm=1490MB
RSS_SAMPLE t=68.3s rss=1496MB hwm=1496MB
RSS_SAMPLE t=68.5s rss=1502MB hwm=1502MB
RSS_SAMPLE t=68.8s rss=1508MB hwm=1508MB
RSS_SAMPLE t=69.0s rss=1516MB hwm=1516MB
RSS_SAMPLE t=69.3s rss=1522MB hwm=1522MB
RSS_SAMPLE t=69.5s rss=1529MB hwm=1529MB
RSS_SAMPLE t=69.8s rss=1536MB hwm=1536MB
RSS_SAMPLE t=70.0s rss=1544MB hwm=1544MB
RSS_SAMPLE t=70.3s rss=1551MB hwm=1551MB
RSS_SAMPLE t=70.5s rss=1557MB hwm=1557MB
RSS_SAMPLE t=70.8s rss=1565MB hwm=1565MB
RSS_SAMPLE t=71.0s rss=1570MB hwm=1570MB
RSS_SAMPLE t=71.3s rss=1577MB hwm=1577MB
RSS_SAMPLE t=71.5s rss=1584MB hwm=1584MB
RSS_SAMPLE t=71.8s rss=1590MB hwm=1590MB
RSS_SAMPLE t=72.0s rss=1597MB hwm=1597MB
RSS_SAMPLE t=72.3s rss=1604MB hwm=1604MB
RSS_SAMPLE t=72.5s rss=1611MB hwm=1611MB
RSS_SAMPLE t=72.8s rss=1616MB hwm=1616MB
RSS_SAMPLE t=73.0s rss=1623MB hwm=1623MB
RSS_SAMPLE t=73.3s rss=1629MB hwm=1629MB
RSS_SAMPLE t=73.5s rss=1635MB hwm=1635MB
RSS_SAMPLE t=73.8s rss=1641MB hwm=1641MB
RSS_SAMPLE t=74.0s rss=1650MB hwm=1650MB
RSS_SAMPLE t=74.3s rss=1657MB hwm=1657MB
RSS_SAMPLE t=74.5s rss=1664MB hwm=1664MB
RSS_SAMPLE t=74.8s rss=1669MB hwm=1669MB
RSS_SAMPLE t=75.0s rss=1676MB hwm=1676MB
RSS_SAMPLE t=75.3s rss=1682MB hwm=1682MB
RSS_SAMPLE t=75.5s rss=1687MB hwm=1687MB
RSS_SAMPLE t=75.8s rss=1694MB hwm=1694MB
RSS_SAMPLE t=76.0s rss=1700MB hwm=1700MB
RSS_SAMPLE t=76.3s rss=1706MB hwm=1706MB
RSS_SAMPLE t=76.6s rss=1713MB hwm=1713MB
RSS_SAMPLE t=76.8s rss=1718MB hwm=1718MB
RSS_SAMPLE t=77.1s rss=1724MB hwm=1724MB
RSS_SAMPLE t=77.3s rss=1730MB hwm=1730MB
RSS_SAMPLE t=77.6s rss=1736MB hwm=1736MB
RSS_SAMPLE t=77.8s rss=1742MB hwm=1742MB
RSS_SAMPLE t=78.1s rss=1748MB hwm=1748MB
RSS_SAMPLE t=78.3s rss=1754MB hwm=1754MB
RSS_SAMPLE t=78.6s rss=1760MB hwm=1760MB
RSS_SAMPLE t=78.8s rss=1764MB hwm=1764MB
RSS_SAMPLE t=79.1s rss=1769MB hwm=1769MB
RSS_SAMPLE t=79.3s rss=1774MB hwm=1774MB
RSS_SAMPLE t=79.6s rss=1779MB hwm=1779MB
RSS_SAMPLE t=79.8s rss=1784MB hwm=1784MB
RSS_SAMPLE t=80.1s rss=1789MB hwm=1789MB
RSS_SAMPLE t=80.3s rss=1793MB hwm=1793MB
RSS_SAMPLE t=80.6s rss=1797MB hwm=1797MB
RSS_SAMPLE t=80.8s rss=1801MB hwm=1801MB
RSS_SAMPLE t=81.1s rss=1806MB hwm=1806MB
RSS_SAMPLE t=81.3s rss=1809MB hwm=1809MB
RSS_SAMPLE t=81.6s rss=1813MB hwm=1813MB
RSS_SAMPLE t=81.8s rss=1817MB hwm=1817MB
RSS_SAMPLE t=82.1s rss=1820MB hwm=1820MB
RSS_SAMPLE t=82.3s rss=1823MB hwm=1823MB
RSS_SAMPLE t=82.6s rss=1827MB hwm=1827MB
RSS_SAMPLE t=82.8s rss=1829MB hwm=1829MB
RSS_SAMPLE t=83.1s rss=1832MB hwm=1832MB
RSS_SAMPLE t=83.3s rss=1835MB hwm=1835MB
RSS_SAMPLE t=83.6s rss=1837MB hwm=1837MB
RSS_SAMPLE t=83.8s rss=1840MB hwm=1840MB
RSS_SAMPLE t=84.1s rss=1844MB hwm=1844MB
RSS_SAMPLE t=84.3s rss=1846MB hwm=1846MB
RSS_SAMPLE t=84.6s rss=1849MB hwm=1849MB
RSS_SAMPLE t=84.8s rss=1853MB hwm=1853MB
RSS_SAMPLE t=85.1s rss=1855MB hwm=1855MB
RSS_SAMPLE t=85.3s rss=1858MB hwm=1858MB
RSS_SAMPLE t=85.6s rss=1860MB hwm=1860MB
RSS_SAMPLE t=85.8s rss=1863MB hwm=1863MB
RSS_SAMPLE t=86.1s rss=1865MB hwm=1865MB
RSS_SAMPLE t=86.3s rss=1868MB hwm=1868MB
RSS_SAMPLE t=86.6s rss=1871MB hwm=1871MB
RSS_SAMPLE t=86.8s rss=1874MB hwm=1874MB
RSS_SAMPLE t=87.1s rss=1876MB hwm=1876MB
RSS_SAMPLE t=87.3s rss=1879MB hwm=1879MB
RSS_SAMPLE t=87.6s rss=1880MB hwm=1880MB
RSS_SAMPLE t=87.8s rss=1882MB hwm=1882MB
RSS_SAMPLE t=88.1s rss=1883MB hwm=1883MB
RSS_SAMPLE t=88.3s rss=1885MB hwm=1885MB
RSS_SAMPLE t=88.6s rss=1886MB hwm=1886MB
RSS_SAMPLE t=88.8s rss=1888MB hwm=1888MB
RSS_SAMPLE t=89.1s rss=1889MB hwm=1889MB
RSS_SAMPLE t=89.3s rss=1890MB hwm=1890MB
RSS_SAMPLE t=89.6s rss=1891MB hwm=1891MB
RSS_SAMPLE t=89.8s rss=1892MB hwm=1892MB
RSS_SAMPLE t=90.1s rss=1894MB hwm=1894MB
RSS_SAMPLE t=90.3s rss=1895MB hwm=1895MB
RSS_SAMPLE t=90.6s rss=1896MB hwm=1896MB
RSS_SAMPLE t=90.8s rss=1897MB hwm=1897MB
RSS_SAMPLE t=91.1s rss=1898MB hwm=1898MB
RSS_SAMPLE t=91.3s rss=1899MB hwm=1899MB
RSS_SAMPLE t=91.6s rss=1900MB hwm=1900MB
RSS_SAMPLE t=91.8s rss=1901MB hwm=1901MB
RSS_SAMPLE t=92.1s rss=1902MB hwm=1902MB
RSS_SAMPLE t=92.3s rss=1902MB hwm=1902MB
RSS_SAMPLE t=92.6s rss=1903MB hwm=1903MB
RSS_SAMPLE t=92.8s rss=1904MB hwm=1904MB
RSS_SAMPLE t=93.1s rss=1904MB hwm=1904MB
RSS_SAMPLE t=93.3s rss=1905MB hwm=1905MB
RSS_SAMPLE t=93.6s rss=1906MB hwm=1906MB
RSS_SAMPLE t=93.8s rss=1906MB hwm=1906MB
RSS_SAMPLE t=94.1s rss=1907MB hwm=1907MB
RSS_SAMPLE t=94.3s rss=1907MB hwm=1907MB
RSS_SAMPLE t=94.6s rss=1907MB hwm=1907MB
RSS_SAMPLE t=94.8s rss=1908MB hwm=1908MB
RSS_SAMPLE t=95.1s rss=1908MB hwm=1908MB
RSS_SAMPLE t=95.3s rss=1908MB hwm=1908MB
RSS_SAMPLE t=95.6s rss=1909MB hwm=1909MB
RSS_SAMPLE t=95.8s rss=1909MB hwm=1909MB
RSS_SAMPLE t=96.1s rss=1909MB hwm=1909MB
RSS_SAMPLE t=96.3s rss=1910MB hwm=1910MB
RSS_SAMPLE t=96.6s rss=1910MB hwm=1910MB
RSS_SAMPLE t=96.8s rss=1911MB hwm=1911MB
RSS_SAMPLE t=97.1s rss=1911MB hwm=1911MB
RSS_SAMPLE t=97.3s rss=1911MB hwm=1911MB
RSS_SAMPLE t=97.6s rss=1912MB hwm=1912MB
RSS_SAMPLE t=97.8s rss=1912MB hwm=1912MB
RSS_SAMPLE t=98.1s rss=1912MB hwm=1912MB
RSS_SAMPLE t=98.3s rss=1912MB hwm=1912MB
RSS_SAMPLE t=98.6s rss=1913MB hwm=1913MB
RSS_SAMPLE t=98.8s rss=1913MB hwm=1913MB
RSS_SAMPLE t=99.1s rss=1913MB hwm=1913MB
RSS_SAMPLE t=99.3s rss=1914MB hwm=1914MB
RSS_SAMPLE t=99.6s rss=1914MB hwm=1914MB
    rss_probe[outer=0]: pre_refresh_rss=1074MB post_pre_solve_rss=1914MB cache_entries=42424857 cache_cap=69325648 cache_est_mb=600
    pre_solve_diag[outer=0]: solves=105117 fallback=0 (0.0%) cap_armed=105117 (100.0%) settle_avg=10344 settle_max=69353 init_count=65
  Cell placement by tile type (iter 0, 76660 cells):
    NULL: 31596
    CLB: 27114
    IOB_W: 15019
    CLK_BUFG: 2320
    BRAM: 351
    DSP: 182
    IOB_E: 78
    Overflow: over=0 (0.0% of used) avg_excess=0.00 max_excess=0.00 (nc=0.00 cap=0 span=0)  excess_buckets: <=1=0 1-5=0 5-20=0 >20=0  by_cap: cap1=0 cap2=0 cap3-5=0 cap>5=0  by_span: s1=0 s2-3=0 s4-6=0 s7-12=0 s>12=0  le1_cross: cap1=0 cap2-5=0 cap>5=0
    Congestion: pipes=2562403 used=0 congested(>50%)=0 saturated(>90%)=0 max_util=0.00 avg_util=0.0000
PHASE_MARK outer=0 enter=dcd_sweep rss=1914MB
RSS_SAMPLE t=99.8s rss=1914MB hwm=1914MB
RSS_SAMPLE t=100.1s rss=1914MB hwm=1914MB
RSS_SAMPLE t=100.3s rss=1915MB hwm=1915MB
RSS_SAMPLE t=100.6s rss=1915MB hwm=1915MB
RSS_SAMPLE t=100.8s rss=1915MB hwm=1915MB
RSS_SAMPLE t=101.1s rss=1915MB hwm=1915MB
RSS_SAMPLE t=101.3s rss=1915MB hwm=1915MB
RSS_SAMPLE t=101.6s rss=1915MB hwm=1915MB
RSS_SAMPLE t=101.8s rss=1916MB hwm=1916MB
RSS_SAMPLE t=102.1s rss=1916MB hwm=1916MB
RSS_SAMPLE t=102.3s rss=1916MB hwm=1916MB
RSS_SAMPLE t=102.6s rss=1916MB hwm=1916MB
RSS_SAMPLE t=102.8s rss=1916MB hwm=1916MB
RSS_SAMPLE t=103.1s rss=1916MB hwm=1916MB
RSS_SAMPLE t=103.3s rss=1917MB hwm=1917MB
RSS_SAMPLE t=103.6s rss=1917MB hwm=1917MB
RSS_SAMPLE t=103.8s rss=1917MB hwm=1917MB
RSS_SAMPLE t=104.1s rss=1917MB hwm=1917MB
RSS_SAMPLE t=104.3s rss=1917MB hwm=1917MB
RSS_SAMPLE t=104.6s rss=1917MB hwm=1917MB
RSS_SAMPLE t=104.8s rss=1918MB hwm=1918MB
RSS_SAMPLE t=105.1s rss=1918MB hwm=1918MB
RSS_SAMPLE t=105.3s rss=1918MB hwm=1918MB
RSS_SAMPLE t=105.6s rss=1918MB hwm=1918MB
RSS_SAMPLE t=105.8s rss=1918MB hwm=1918MB
RSS_SAMPLE t=106.1s rss=1918MB hwm=1918MB
RSS_SAMPLE t=106.3s rss=1919MB hwm=1919MB
PHASE_MARK outer=0 leave=dcd_sweep rss=1919MB
PHASE_MARK outer=0 enter=post_refresh rss=1919MB
RSS_SAMPLE t=106.6s rss=1948MB hwm=1948MB
RSS_SAMPLE t=106.8s rss=1948MB hwm=1948MB
RSS_SAMPLE t=107.1s rss=1948MB hwm=1948MB
RSS_SAMPLE t=107.3s rss=1948MB hwm=1948MB
RSS_SAMPLE t=107.6s rss=1948MB hwm=1948MB
RSS_SAMPLE t=107.8s rss=1948MB hwm=1948MB
RSS_SAMPLE t=108.1s rss=1948MB hwm=1948MB
RSS_SAMPLE t=108.3s rss=1949MB hwm=1949MB
RSS_SAMPLE t=108.6s rss=1949MB hwm=1949MB
RSS_SAMPLE t=108.8s rss=1949MB hwm=1949MB
RSS_SAMPLE t=109.1s rss=2336MB hwm=2336MB
RSS_SAMPLE t=109.3s rss=3242MB hwm=3242MB
RSS_SAMPLE t=109.6s rss=3552MB hwm=3552MB
RSS_SAMPLE t=109.8s rss=3658MB hwm=3658MB
RSS_SAMPLE t=110.1s rss=3727MB hwm=3727MB
RSS_SAMPLE t=110.3s rss=3757MB hwm=3757MB
RSS_SAMPLE t=110.6s rss=3782MB hwm=3782MB
RSS_SAMPLE t=110.8s rss=3812MB hwm=3812MB
RSS_SAMPLE t=111.1s rss=3836MB hwm=3836MB
RSS_SAMPLE t=111.3s rss=3848MB hwm=3848MB
RSS_SAMPLE t=111.6s rss=3854MB hwm=3854MB
RSS_SAMPLE t=111.8s rss=3856MB hwm=3856MB
RSS_SAMPLE t=112.1s rss=3856MB hwm=3856MB
RSS_SAMPLE t=112.3s rss=3865MB hwm=3865MB
RSS_SAMPLE t=112.6s rss=3869MB hwm=3869MB
RSS_SAMPLE t=112.8s rss=3876MB hwm=3876MB
RSS_SAMPLE t=113.1s rss=3880MB hwm=3880MB
RSS_SAMPLE t=113.3s rss=3884MB hwm=3884MB
RSS_SAMPLE t=113.6s rss=3886MB hwm=3886MB
RSS_SAMPLE t=113.8s rss=3891MB hwm=3891MB
RSS_SAMPLE t=114.1s rss=3895MB hwm=3895MB
RSS_SAMPLE t=114.3s rss=3899MB hwm=3899MB
RSS_SAMPLE t=114.6s rss=3899MB hwm=3899MB
RSS_SAMPLE t=114.8s rss=3900MB hwm=3900MB
RSS_SAMPLE t=115.1s rss=3906MB hwm=3906MB
RSS_SAMPLE t=115.3s rss=3910MB hwm=3910MB
RSS_SAMPLE t=115.6s rss=3912MB hwm=3912MB
RSS_SAMPLE t=115.8s rss=3912MB hwm=3912MB
RSS_SAMPLE t=116.1s rss=3913MB hwm=3913MB
RSS_SAMPLE t=116.3s rss=3913MB hwm=3913MB
RSS_SAMPLE t=116.6s rss=3914MB hwm=3914MB
RSS_SAMPLE t=116.8s rss=3914MB hwm=3914MB
RSS_SAMPLE t=117.1s rss=3914MB hwm=3914MB
RSS_SAMPLE t=117.3s rss=3914MB hwm=3914MB
RSS_SAMPLE t=117.6s rss=3915MB hwm=3915MB
RSS_SAMPLE t=117.8s rss=3920MB hwm=3920MB
RSS_SAMPLE t=118.1s rss=3921MB hwm=3921MB
RSS_SAMPLE t=118.3s rss=3921MB hwm=3921MB
RSS_SAMPLE t=118.6s rss=3922MB hwm=3922MB
RSS_SAMPLE t=118.8s rss=3927MB hwm=3927MB
RSS_SAMPLE t=119.1s rss=3928MB hwm=3928MB
RSS_SAMPLE t=119.3s rss=3928MB hwm=3928MB
RSS_SAMPLE t=119.6s rss=3928MB hwm=3928MB
RSS_SAMPLE t=119.8s rss=3928MB hwm=3928MB
RSS_SAMPLE t=120.1s rss=3929MB hwm=3929MB
RSS_SAMPLE t=120.3s rss=3933MB hwm=3933MB
RSS_SAMPLE t=120.6s rss=3935MB hwm=3935MB
RSS_SAMPLE t=120.8s rss=3935MB hwm=3935MB
RSS_SAMPLE t=121.1s rss=3937MB hwm=3937MB
RSS_SAMPLE t=121.3s rss=3937MB hwm=3937MB
RSS_SAMPLE t=121.6s rss=3938MB hwm=3938MB
RSS_SAMPLE t=121.8s rss=3938MB hwm=3938MB
RSS_SAMPLE t=122.1s rss=3940MB hwm=3940MB
RSS_SAMPLE t=122.3s rss=3940MB hwm=3940MB
RSS_SAMPLE t=122.6s rss=3941MB hwm=3941MB
RSS_SAMPLE t=122.8s rss=3946MB hwm=3946MB
RSS_SAMPLE t=123.1s rss=3946MB hwm=3946MB
RSS_SAMPLE t=123.3s rss=3946MB hwm=3946MB
RSS_SAMPLE t=123.6s rss=3946MB hwm=3946MB
RSS_SAMPLE t=123.8s rss=3947MB hwm=3947MB
RSS_SAMPLE t=124.1s rss=3948MB hwm=3948MB
RSS_SAMPLE t=124.3s rss=3949MB hwm=3949MB
RSS_SAMPLE t=124.6s rss=3949MB hwm=3949MB
RSS_SAMPLE t=124.8s rss=3950MB hwm=3950MB
RSS_SAMPLE t=125.1s rss=3950MB hwm=3950MB
RSS_SAMPLE t=125.3s rss=3951MB hwm=3951MB
RSS_SAMPLE t=125.6s rss=3953MB hwm=3953MB
RSS_SAMPLE t=125.8s rss=3955MB hwm=3955MB
RSS_SAMPLE t=126.1s rss=3955MB hwm=3955MB
RSS_SAMPLE t=126.3s rss=3955MB hwm=3955MB
RSS_SAMPLE t=126.6s rss=3956MB hwm=3956MB
RSS_SAMPLE t=126.9s rss=3956MB hwm=3956MB
RSS_SAMPLE t=127.1s rss=3957MB hwm=3957MB
RSS_SAMPLE t=127.4s rss=3957MB hwm=3957MB
RSS_SAMPLE t=127.6s rss=3957MB hwm=3957MB
RSS_SAMPLE t=127.9s rss=3958MB hwm=3958MB
RSS_SAMPLE t=128.1s rss=3959MB hwm=3959MB
RSS_SAMPLE t=128.4s rss=3960MB hwm=3960MB
RSS_SAMPLE t=128.6s rss=3960MB hwm=3960MB
RSS_SAMPLE t=128.9s rss=3961MB hwm=3961MB
RSS_SAMPLE t=129.1s rss=3962MB hwm=3962MB
RSS_SAMPLE t=129.4s rss=3962MB hwm=3962MB
RSS_SAMPLE t=129.6s rss=3963MB hwm=3963MB
RSS_SAMPLE t=129.9s rss=3965MB hwm=3965MB
RSS_SAMPLE t=130.1s rss=3965MB hwm=3965MB
RSS_SAMPLE t=130.4s rss=3965MB hwm=3965MB
RSS_SAMPLE t=130.6s rss=3966MB hwm=3966MB
RSS_SAMPLE t=130.9s rss=3966MB hwm=3966MB
RSS_SAMPLE t=131.1s rss=3967MB hwm=3967MB
RSS_SAMPLE t=131.4s rss=3968MB hwm=3968MB
RSS_SAMPLE t=131.6s rss=3969MB hwm=3969MB
RSS_SAMPLE t=131.9s rss=3970MB hwm=3970MB
RSS_SAMPLE t=132.1s rss=3971MB hwm=3971MB
RSS_SAMPLE t=132.4s rss=3972MB hwm=3972MB
RSS_SAMPLE t=132.6s rss=3973MB hwm=3973MB
RSS_SAMPLE t=132.9s rss=3973MB hwm=3973MB
RSS_SAMPLE t=133.1s rss=3974MB hwm=3974MB
RSS_SAMPLE t=133.4s rss=3975MB hwm=3975MB
RSS_SAMPLE t=133.6s rss=3976MB hwm=3976MB
RSS_SAMPLE t=133.9s rss=3976MB hwm=3976MB
RSS_SAMPLE t=134.1s rss=3977MB hwm=3977MB
RSS_SAMPLE t=134.4s rss=3978MB hwm=3978MB
RSS_SAMPLE t=134.6s rss=3978MB hwm=3978MB
RSS_SAMPLE t=134.9s rss=3979MB hwm=3979MB
RSS_SAMPLE t=135.1s rss=3980MB hwm=3980MB
RSS_SAMPLE t=135.4s rss=3981MB hwm=3981MB
RSS_SAMPLE t=135.6s rss=3981MB hwm=3981MB
RSS_SAMPLE t=135.9s rss=3982MB hwm=3982MB
RSS_SAMPLE t=136.1s rss=3982MB hwm=3982MB
RSS_SAMPLE t=136.4s rss=3983MB hwm=3983MB
RSS_SAMPLE t=136.6s rss=3983MB hwm=3983MB
RSS_SAMPLE t=136.9s rss=3984MB hwm=3984MB
RSS_SAMPLE t=137.1s rss=3984MB hwm=3984MB
RSS_SAMPLE t=137.4s rss=3985MB hwm=3985MB
RSS_SAMPLE t=137.6s rss=3986MB hwm=3986MB
RSS_SAMPLE t=137.9s rss=3986MB hwm=3986MB
RSS_SAMPLE t=138.1s rss=3987MB hwm=3987MB
RSS_SAMPLE t=138.4s rss=3988MB hwm=3988MB
RSS_SAMPLE t=138.6s rss=3988MB hwm=3988MB
RSS_SAMPLE t=138.9s rss=3988MB hwm=3988MB
RSS_SAMPLE t=139.1s rss=3989MB hwm=3989MB
RSS_SAMPLE t=139.4s rss=3990MB hwm=3990MB
RSS_SAMPLE t=139.6s rss=3990MB hwm=3990MB
RSS_SAMPLE t=139.9s rss=3990MB hwm=3990MB
RSS_SAMPLE t=140.1s rss=3991MB hwm=3991MB
RSS_SAMPLE t=140.4s rss=3992MB hwm=3992MB
RSS_SAMPLE t=140.6s rss=3992MB hwm=3992MB
RSS_SAMPLE t=140.9s rss=3993MB hwm=3993MB
RSS_SAMPLE t=141.1s rss=3995MB hwm=3995MB
RSS_SAMPLE t=141.4s rss=3995MB hwm=3995MB
RSS_SAMPLE t=141.6s rss=3996MB hwm=3996MB
RSS_SAMPLE t=141.9s rss=3997MB hwm=3997MB
RSS_SAMPLE t=142.1s rss=3998MB hwm=3998MB
RSS_SAMPLE t=142.4s rss=3998MB hwm=3998MB
RSS_SAMPLE t=142.6s rss=3999MB hwm=3999MB
RSS_SAMPLE t=142.9s rss=4000MB hwm=4000MB
RSS_SAMPLE t=143.1s rss=4001MB hwm=4001MB
RSS_SAMPLE t=143.4s rss=4002MB hwm=4002MB
RSS_SAMPLE t=143.6s rss=4002MB hwm=4002MB
RSS_SAMPLE t=143.9s rss=4003MB hwm=4003MB
RSS_SAMPLE t=144.1s rss=4005MB hwm=4005MB
RSS_SAMPLE t=144.4s rss=4006MB hwm=4006MB
RSS_SAMPLE t=144.6s rss=4007MB hwm=4007MB
RSS_SAMPLE t=144.9s rss=4007MB hwm=4007MB
RSS_SAMPLE t=145.1s rss=4008MB hwm=4008MB
RSS_SAMPLE t=145.4s rss=4009MB hwm=4009MB
RSS_SAMPLE t=145.6s rss=4011MB hwm=4011MB
RSS_SAMPLE t=145.9s rss=4011MB hwm=4011MB
RSS_SAMPLE t=146.1s rss=4012MB hwm=4012MB
RSS_SAMPLE t=146.4s rss=4015MB hwm=4015MB
RSS_SAMPLE t=146.6s rss=4015MB hwm=4015MB
RSS_SAMPLE t=146.9s rss=4016MB hwm=4016MB
RSS_SAMPLE t=147.1s rss=4017MB hwm=4017MB
RSS_SAMPLE t=147.4s rss=4018MB hwm=4018MB
RSS_SAMPLE t=147.6s rss=4020MB hwm=4020MB
RSS_SAMPLE t=147.9s rss=4021MB hwm=4021MB
RSS_SAMPLE t=148.1s rss=4023MB hwm=4023MB
RSS_SAMPLE t=148.4s rss=4024MB hwm=4024MB
RSS_SAMPLE t=148.6s rss=4026MB hwm=4026MB
RSS_SAMPLE t=148.9s rss=4027MB hwm=4027MB
RSS_SAMPLE t=149.1s rss=4029MB hwm=4029MB
RSS_SAMPLE t=149.4s rss=4030MB hwm=4030MB
RSS_SAMPLE t=149.6s rss=4031MB hwm=4031MB
RSS_SAMPLE t=149.9s rss=4032MB hwm=4032MB
RSS_SAMPLE t=150.1s rss=4033MB hwm=4033MB
RSS_SAMPLE t=150.4s rss=4034MB hwm=4034MB
RSS_SAMPLE t=150.6s rss=4036MB hwm=4036MB
RSS_SAMPLE t=150.9s rss=4037MB hwm=4037MB
RSS_SAMPLE t=151.1s rss=4039MB hwm=4039MB
RSS_SAMPLE t=151.4s rss=4040MB hwm=4040MB
RSS_SAMPLE t=151.6s rss=4042MB hwm=4042MB
RSS_SAMPLE t=151.9s rss=4043MB hwm=4043MB
RSS_SAMPLE t=152.1s rss=4045MB hwm=4045MB
RSS_SAMPLE t=152.4s rss=4046MB hwm=4046MB
RSS_SAMPLE t=152.6s rss=4047MB hwm=4047MB
RSS_SAMPLE t=152.9s rss=4049MB hwm=4049MB
RSS_SAMPLE t=153.1s rss=4050MB hwm=4050MB
RSS_SAMPLE t=153.4s rss=4053MB hwm=4053MB
RSS_SAMPLE t=153.6s rss=4054MB hwm=4054MB
RSS_SAMPLE t=153.9s rss=4055MB hwm=4055MB
RSS_SAMPLE t=154.1s rss=4057MB hwm=4057MB
RSS_SAMPLE t=154.4s rss=4058MB hwm=4058MB
RSS_SAMPLE t=154.6s rss=4060MB hwm=4060MB
RSS_SAMPLE t=154.9s rss=4062MB hwm=4062MB
RSS_SAMPLE t=155.1s rss=4063MB hwm=4063MB
RSS_SAMPLE t=155.4s rss=4064MB hwm=4064MB
RSS_SAMPLE t=155.6s rss=4067MB hwm=4067MB
RSS_SAMPLE t=155.9s rss=4068MB hwm=4068MB
RSS_SAMPLE t=156.1s rss=4069MB hwm=4069MB
RSS_SAMPLE t=156.4s rss=4070MB hwm=4070MB
RSS_SAMPLE t=156.6s rss=4072MB hwm=4072MB
RSS_SAMPLE t=156.9s rss=4073MB hwm=4073MB
RSS_SAMPLE t=157.1s rss=4075MB hwm=4075MB
RSS_SAMPLE t=157.4s rss=4076MB hwm=4076MB
RSS_SAMPLE t=157.6s rss=4077MB hwm=4077MB
RSS_SAMPLE t=157.9s rss=4079MB hwm=4079MB
RSS_SAMPLE t=158.1s rss=4080MB hwm=4080MB
RSS_SAMPLE t=158.4s rss=4081MB hwm=4081MB
RSS_SAMPLE t=158.6s rss=4082MB hwm=4082MB
RSS_SAMPLE t=158.9s rss=4083MB hwm=4083MB
RSS_SAMPLE t=159.1s rss=4084MB hwm=4084MB
RSS_SAMPLE t=159.4s rss=4085MB hwm=4085MB
RSS_SAMPLE t=159.6s rss=4087MB hwm=4087MB
RSS_SAMPLE t=159.9s rss=4088MB hwm=4088MB
RSS_SAMPLE t=160.1s rss=4089MB hwm=4089MB
RSS_SAMPLE t=160.4s rss=4090MB hwm=4090MB
RSS_SAMPLE t=160.6s rss=4091MB hwm=4091MB
RSS_SAMPLE t=160.9s rss=4092MB hwm=4092MB
RSS_SAMPLE t=161.1s rss=4093MB hwm=4093MB
RSS_SAMPLE t=161.4s rss=4094MB hwm=4094MB
RSS_SAMPLE t=161.6s rss=4096MB hwm=4096MB
RSS_SAMPLE t=161.9s rss=4097MB hwm=4097MB
RSS_SAMPLE t=162.1s rss=4098MB hwm=4098MB
RSS_SAMPLE t=162.4s rss=4098MB hwm=4098MB
RSS_SAMPLE t=162.6s rss=4100MB hwm=4100MB
RSS_SAMPLE t=162.9s rss=4101MB hwm=4101MB
RSS_SAMPLE t=163.1s rss=4102MB hwm=4102MB
RSS_SAMPLE t=163.4s rss=4103MB hwm=4103MB
RSS_SAMPLE t=163.6s rss=4104MB hwm=4104MB
RSS_SAMPLE t=163.9s rss=4105MB hwm=4105MB
RSS_SAMPLE t=164.1s rss=4105MB hwm=4105MB
RSS_SAMPLE t=164.4s rss=4107MB hwm=4107MB
RSS_SAMPLE t=164.6s rss=4107MB hwm=4107MB
RSS_SAMPLE t=164.9s rss=4108MB hwm=4108MB
RSS_SAMPLE t=165.1s rss=4109MB hwm=4109MB
RSS_SAMPLE t=165.4s rss=4110MB hwm=4110MB
RSS_SAMPLE t=165.6s rss=4110MB hwm=4110MB
RSS_SAMPLE t=165.9s rss=4111MB hwm=4111MB
RSS_SAMPLE t=166.1s rss=4112MB hwm=4112MB
RSS_SAMPLE t=166.4s rss=4113MB hwm=4113MB
RSS_SAMPLE t=166.6s rss=4113MB hwm=4113MB
RSS_SAMPLE t=166.9s rss=4114MB hwm=4114MB
RSS_SAMPLE t=167.1s rss=4115MB hwm=4115MB
RSS_SAMPLE t=167.4s rss=4115MB hwm=4115MB
RSS_SAMPLE t=167.6s rss=4116MB hwm=4116MB
RSS_SAMPLE t=167.9s rss=4116MB hwm=4116MB
RSS_SAMPLE t=168.1s rss=4116MB hwm=4116MB
RSS_SAMPLE t=168.4s rss=4117MB hwm=4117MB
RSS_SAMPLE t=168.6s rss=4117MB hwm=4117MB
RSS_SAMPLE t=168.9s rss=4117MB hwm=4117MB
RSS_SAMPLE t=169.1s rss=4118MB hwm=4118MB
RSS_SAMPLE t=169.4s rss=4118MB hwm=4118MB
RSS_SAMPLE t=169.6s rss=4118MB hwm=4118MB
RSS_SAMPLE t=169.9s rss=4119MB hwm=4119MB
RSS_SAMPLE t=170.1s rss=4119MB hwm=4119MB
RSS_SAMPLE t=170.4s rss=4119MB hwm=4119MB
RSS_SAMPLE t=170.6s rss=4120MB hwm=4120MB
RSS_SAMPLE t=170.9s rss=4120MB hwm=4120MB
RSS_SAMPLE t=171.1s rss=4120MB hwm=4120MB
RSS_SAMPLE t=171.4s rss=4120MB hwm=4120MB
RSS_SAMPLE t=171.6s rss=4121MB hwm=4121MB
RSS_SAMPLE t=171.9s rss=4121MB hwm=4121MB
RSS_SAMPLE t=172.1s rss=4121MB hwm=4121MB
RSS_SAMPLE t=172.4s rss=4121MB hwm=4121MB
RSS_SAMPLE t=172.6s rss=4121MB hwm=4121MB
RSS_SAMPLE t=172.9s rss=4121MB hwm=4121MB
RSS_SAMPLE t=173.1s rss=4121MB hwm=4121MB
RSS_SAMPLE t=173.4s rss=4122MB hwm=4122MB
RSS_SAMPLE t=173.6s rss=4122MB hwm=4122MB
RSS_SAMPLE t=173.9s rss=4122MB hwm=4122MB
RSS_SAMPLE t=174.1s rss=4122MB hwm=4122MB
RSS_SAMPLE t=174.4s rss=4122MB hwm=4122MB
RSS_SAMPLE t=174.6s rss=4122MB hwm=4122MB
RSS_SAMPLE t=174.9s rss=4122MB hwm=4122MB
RSS_SAMPLE t=175.1s rss=4122MB hwm=4122MB
RSS_SAMPLE t=175.4s rss=4122MB hwm=4122MB
RSS_SAMPLE t=175.6s rss=4122MB hwm=4122MB
RSS_SAMPLE t=175.9s rss=4122MB hwm=4122MB
RSS_SAMPLE t=176.1s rss=4123MB hwm=4123MB
RSS_SAMPLE t=176.4s rss=4123MB hwm=4123MB
RSS_SAMPLE t=176.6s rss=4123MB hwm=4123MB
RSS_SAMPLE t=176.9s rss=4123MB hwm=4123MB
RSS_SAMPLE t=177.1s rss=4123MB hwm=4123MB
RSS_SAMPLE t=177.4s rss=4123MB hwm=4123MB
RSS_SAMPLE t=177.6s rss=4123MB hwm=4123MB
RSS_SAMPLE t=177.9s rss=4123MB hwm=4123MB
RSS_SAMPLE t=178.1s rss=4123MB hwm=4123MB
RSS_SAMPLE t=178.4s rss=4124MB hwm=4124MB
RSS_SAMPLE t=178.6s rss=4124MB hwm=4124MB
RSS_SAMPLE t=178.9s rss=4124MB hwm=4124MB
RSS_SAMPLE t=179.1s rss=4124MB hwm=4124MB
RSS_SAMPLE t=179.4s rss=4124MB hwm=4124MB
RSS_SAMPLE t=179.6s rss=4124MB hwm=4124MB
RSS_SAMPLE t=179.9s rss=4124MB hwm=4124MB
RSS_SAMPLE t=180.1s rss=4124MB hwm=4124MB
RSS_SAMPLE t=180.4s rss=4124MB hwm=4124MB
RSS_SAMPLE t=180.6s rss=4124MB hwm=4124MB
RSS_SAMPLE t=180.9s rss=4124MB hwm=4124MB
RSS_SAMPLE t=181.1s rss=4124MB hwm=4124MB
RSS_SAMPLE t=181.4s rss=4125MB hwm=4125MB
RSS_SAMPLE t=181.6s rss=4125MB hwm=4125MB
MEM_POOL: workspaces=32 dense_usage_mb=1251 n_pipes=2562403
    post_solve_diag[outer=0]: solves=105117 cap_armed=105117 (100.0%) settle_avg=9399 above_sink_avg=228 (2.4%) settle_max=69353
    load_support[outer=0]: settle_avg=9399 load_nz_avg=5783 (61.5%) load_material_avg=2243 (23.9%)
    settle_hist[outer=0]: <100: 25265nets/0.1%work  <1k: 22026nets/0.7%work  <5k: 24094nets/6.4%work  <20k: 14207nets/15.8%work  <60k: 17151nets/61.0%work  >=60k: 2374nets/15.9%work
    fanout_hist[outer=0]: fan1: 43710nets/13.4%work  fan2-4: 48279nets/50.8%work  fan5-16: 12974nets/35.0%work  fan17-64: 154nets/0.8%work  fan65-256: 0nets/0.0%work  fan>256: 0nets/0.0%work
    rss_probe[outer=0]: pre_post_solve=1949MB post_post_solve=4144MB after_apply=4145MB
MuxSlotTracker[sweep 0 LEAK]: populated_cells=60062, overflow_tiles=3, at_cap_tiles=1502, peak_excess=11, capacity_hist={16:67346}
    E_decomp: base=10461637.0 eff=10991664.3 cong=530027.3 cong_share=4.8% sat_pipes=176393 max_util=1136.42  R_buckets: 1-2x=2562403 2-10x=0 10-100x=0 >=100x=0
    E_potential: beckmann=14274612680045.3 history_total=0.0
    SpanCache: epoch=1 entries=110 lookups=2562403 hits=2562293 misses=110 hit_rate=100.0%
  DCD   0: nets=105117 line=17148315 energy=2335022.762 dE=+0.000 friction=4326108.1 bins=2.8x(1085) excess=567.7 moved=59903 disp=inf solves=210234 skip=0 pops=2075283850 theta=0.250 refresh=116452ms dcd=6811ms total=126103ms
    cache_stats: entries=52769459 capacity=89158132 est_mb=770 rss_mb=4129
RSS_SAMPLE t=181.9s rss=4129MB hwm=4141MB
RSS_SAMPLE t=182.1s rss=4130MB hwm=4141MB
RSS_SAMPLE t=182.4s rss=4130MB hwm=4141MB
RSS_SAMPLE t=182.6s rss=4130MB hwm=4141MB
RSS_SAMPLE t=182.9s rss=4130MB hwm=4141MB
RSS_SAMPLE t=183.1s rss=4130MB hwm=4141MB
RSS_SAMPLE t=183.4s rss=4130MB hwm=4141MB
RSS_SAMPLE t=183.7s rss=4130MB hwm=4141MB
RSS_SAMPLE t=183.9s rss=4130MB hwm=4141MB
RSS_SAMPLE t=184.2s rss=4130MB hwm=4141MB
RSS_SAMPLE t=184.4s rss=4130MB hwm=4141MB
    SwitchMatrix: type_usage_pairs=852 lookups=2492 hits=1640 dijkstra_calls=852 avg_us=11.4 total_ms=9.7
PHASE_MARK outer=1 enter=pre_solve rss=4130MB
    rss_probe[outer=1]: pre_refresh_rss=4130MB post_pre_solve_rss=4130MB cache_entries=52769459 cache_cap=89158132 cache_est_mb=770
    pre_solve_diag[outer=1]: solves=0 fallback=0 (0.0%) cap_armed=0 (0.0%) settle_avg=0 settle_max=0 init_count=65
    Overflow: over=151959 (5.9% of used) avg_excess=2.33 max_excess=1515.92 (nc=1539.92 cap=24 span=1)  excess_buckets: <=1=79721 1-5=56066 5-20=14684 >20=1488  by_cap: cap1=79468 cap2=46458 cap3-5=141 cap>5=25892  by_span: s1=1556 s2-3=1857 s4-6=15861 s7-12=51463 s>12=81222  le1_cross: cap1=50986 cap2-5=25435 cap>5=3300
    Congestion: pipes=2562403 used=2562403 congested(>50%)=362768 saturated(>90%)=176393 max_util=1136.42 avg_util=0.2983
PHASE_MARK outer=1 enter=dcd_sweep rss=4130MB
RSS_SAMPLE t=184.7s rss=4130MB hwm=4141MB
RSS_SAMPLE t=184.9s rss=4130MB hwm=4141MB
RSS_SAMPLE t=185.2s rss=4130MB hwm=4141MB
RSS_SAMPLE t=185.4s rss=4130MB hwm=4141MB
RSS_SAMPLE t=185.7s rss=4130MB hwm=4141MB
RSS_SAMPLE t=185.9s rss=4130MB hwm=4141MB
RSS_SAMPLE t=186.2s rss=4130MB hwm=4141MB
RSS_SAMPLE t=186.4s rss=4130MB hwm=4141MB
RSS_SAMPLE t=186.7s rss=4130MB hwm=4141MB
RSS_SAMPLE t=186.9s rss=4130MB hwm=4141MB
RSS_SAMPLE t=187.2s rss=4130MB hwm=4141MB
RSS_SAMPLE t=187.4s rss=4130MB hwm=4141MB
RSS_SAMPLE t=187.7s rss=4130MB hwm=4141MB
RSS_SAMPLE t=187.9s rss=4130MB hwm=4141MB
RSS_SAMPLE t=188.2s rss=4130MB hwm=4141MB
RSS_SAMPLE t=188.4s rss=4130MB hwm=4141MB
RSS_SAMPLE t=188.7s rss=4130MB hwm=4141MB
RSS_SAMPLE t=188.9s rss=4130MB hwm=4141MB
RSS_SAMPLE t=189.2s rss=4130MB hwm=4141MB
RSS_SAMPLE t=189.4s rss=4130MB hwm=4141MB
RSS_SAMPLE t=189.7s rss=4130MB hwm=4141MB
RSS_SAMPLE t=189.9s rss=4130MB hwm=4141MB
RSS_SAMPLE t=190.2s rss=4130MB hwm=4141MB
RSS_SAMPLE t=190.4s rss=4130MB hwm=4141MB
RSS_SAMPLE t=190.7s rss=4130MB hwm=4141MB
RSS_SAMPLE t=190.9s rss=4130MB hwm=4141MB
RSS_SAMPLE t=191.2s rss=4130MB hwm=4141MB
RSS_SAMPLE t=191.4s rss=4130MB hwm=4141MB
PHASE_MARK outer=1 leave=dcd_sweep rss=4130MB
PHASE_MARK outer=1 enter=post_refresh rss=4130MB
RSS_SAMPLE t=191.7s rss=4138MB hwm=4141MB
RSS_SAMPLE t=191.9s rss=4138MB hwm=4141MB
RSS_SAMPLE t=192.2s rss=4138MB hwm=4141MB
RSS_SAMPLE t=192.4s rss=4138MB hwm=4141MB
RSS_SAMPLE t=192.7s rss=4138MB hwm=4141MB
RSS_SAMPLE t=192.9s rss=4138MB hwm=4141MB
RSS_SAMPLE t=193.2s rss=4138MB hwm=4141MB
RSS_SAMPLE t=193.4s rss=4138MB hwm=4141MB
RSS_SAMPLE t=193.7s rss=4138MB hwm=4141MB
RSS_SAMPLE t=193.9s rss=4138MB hwm=4141MB
RSS_SAMPLE t=194.2s rss=4138MB hwm=4141MB
RSS_SAMPLE t=194.4s rss=4230MB hwm=4230MB
RSS_SAMPLE t=194.7s rss=4241MB hwm=4241MB
RSS_SAMPLE t=194.9s rss=4256MB hwm=4256MB
RSS_SAMPLE t=195.2s rss=4260MB hwm=4260MB
RSS_SAMPLE t=195.4s rss=4260MB hwm=4260MB
RSS_SAMPLE t=195.7s rss=4264MB hwm=4264MB
RSS_SAMPLE t=195.9s rss=4266MB hwm=4266MB
RSS_SAMPLE t=196.2s rss=4268MB hwm=4268MB
RSS_SAMPLE t=196.4s rss=4269MB hwm=4269MB
RSS_SAMPLE t=196.7s rss=4270MB hwm=4270MB
RSS_SAMPLE t=196.9s rss=4271MB hwm=4271MB
RSS_SAMPLE t=197.2s rss=4272MB hwm=4272MB
RSS_SAMPLE t=197.4s rss=4273MB hwm=4273MB
RSS_SAMPLE t=197.7s rss=4275MB hwm=4275MB
RSS_SAMPLE t=197.9s rss=4275MB hwm=4275MB
RSS_SAMPLE t=198.2s rss=4276MB hwm=4276MB
RSS_SAMPLE t=198.4s rss=4281MB hwm=4281MB
RSS_SAMPLE t=198.7s rss=4286MB hwm=4286MB
RSS_SAMPLE t=198.9s rss=4286MB hwm=4286MB
RSS_SAMPLE t=199.2s rss=4287MB hwm=4287MB
RSS_SAMPLE t=199.4s rss=4288MB hwm=4288MB
RSS_SAMPLE t=199.7s rss=4289MB hwm=4289MB
RSS_SAMPLE t=199.9s rss=4290MB hwm=4290MB
RSS_SAMPLE t=200.2s rss=4290MB hwm=4290MB
RSS_SAMPLE t=200.4s rss=4295MB hwm=4295MB
RSS_SAMPLE t=200.7s rss=4296MB hwm=4296MB
RSS_SAMPLE t=200.9s rss=4296MB hwm=4296MB
RSS_SAMPLE t=201.2s rss=4297MB hwm=4297MB
RSS_SAMPLE t=201.4s rss=4298MB hwm=4298MB
RSS_SAMPLE t=201.7s rss=4299MB hwm=4299MB
RSS_SAMPLE t=201.9s rss=4299MB hwm=4299MB
RSS_SAMPLE t=202.2s rss=4300MB hwm=4300MB
RSS_SAMPLE t=202.4s rss=4301MB hwm=4301MB
RSS_SAMPLE t=202.7s rss=4301MB hwm=4301MB
RSS_SAMPLE t=202.9s rss=4302MB hwm=4302MB
RSS_SAMPLE t=203.2s rss=4302MB hwm=4302MB
RSS_SAMPLE t=203.4s rss=4303MB hwm=4303MB
RSS_SAMPLE t=203.7s rss=4303MB hwm=4303MB
RSS_SAMPLE t=203.9s rss=4304MB hwm=4304MB
RSS_SAMPLE t=204.2s rss=4304MB hwm=4304MB
RSS_SAMPLE t=204.4s rss=4305MB hwm=4305MB
RSS_SAMPLE t=204.7s rss=4305MB hwm=4305MB
RSS_SAMPLE t=204.9s rss=4306MB hwm=4306MB
RSS_SAMPLE t=205.2s rss=4307MB hwm=4307MB
RSS_SAMPLE t=205.4s rss=4308MB hwm=4308MB
RSS_SAMPLE t=205.7s rss=4308MB hwm=4308MB
RSS_SAMPLE t=205.9s rss=4308MB hwm=4308MB
RSS_SAMPLE t=206.2s rss=4309MB hwm=4309MB
RSS_SAMPLE t=206.4s rss=4309MB hwm=4309MB
RSS_SAMPLE t=206.7s rss=4310MB hwm=4310MB
RSS_SAMPLE t=206.9s rss=4310MB hwm=4310MB
RSS_SAMPLE t=207.2s rss=4311MB hwm=4311MB
RSS_SAMPLE t=207.4s rss=4315MB hwm=4315MB
RSS_SAMPLE t=207.7s rss=4315MB hwm=4315MB
RSS_SAMPLE t=207.9s rss=4320MB hwm=4320MB
RSS_SAMPLE t=208.2s rss=4320MB hwm=4320MB
RSS_SAMPLE t=208.4s rss=4320MB hwm=4320MB
RSS_SAMPLE t=208.7s rss=4321MB hwm=4321MB
RSS_SAMPLE t=208.9s rss=4322MB hwm=4322MB
RSS_SAMPLE t=209.2s rss=4323MB hwm=4323MB
RSS_SAMPLE t=209.4s rss=4324MB hwm=4324MB
RSS_SAMPLE t=209.7s rss=4325MB hwm=4325MB
RSS_SAMPLE t=209.9s rss=4326MB hwm=4326MB
RSS_SAMPLE t=210.2s rss=4328MB hwm=4328MB
RSS_SAMPLE t=210.4s rss=4329MB hwm=4329MB
RSS_SAMPLE t=210.7s rss=4331MB hwm=4331MB
RSS_SAMPLE t=210.9s rss=4332MB hwm=4332MB
RSS_SAMPLE t=211.2s rss=4333MB hwm=4333MB
RSS_SAMPLE t=211.4s rss=4335MB hwm=4335MB
RSS_SAMPLE t=211.7s rss=4336MB hwm=4336MB
RSS_SAMPLE t=211.9s rss=4338MB hwm=4338MB
RSS_SAMPLE t=212.2s rss=4339MB hwm=4339MB
RSS_SAMPLE t=212.4s rss=4341MB hwm=4341MB
RSS_SAMPLE t=212.7s rss=4343MB hwm=4343MB
RSS_SAMPLE t=212.9s rss=4345MB hwm=4345MB
RSS_SAMPLE t=213.2s rss=4347MB hwm=4347MB
RSS_SAMPLE t=213.4s rss=4348MB hwm=4348MB
RSS_SAMPLE t=213.7s rss=4349MB hwm=4349MB
RSS_SAMPLE t=213.9s rss=4350MB hwm=4350MB
RSS_SAMPLE t=214.2s rss=4351MB hwm=4351MB
RSS_SAMPLE t=214.4s rss=4352MB hwm=4352MB
RSS_SAMPLE t=214.7s rss=4353MB hwm=4353MB
RSS_SAMPLE t=214.9s rss=4354MB hwm=4354MB
RSS_SAMPLE t=215.2s rss=4355MB hwm=4355MB
RSS_SAMPLE t=215.4s rss=4356MB hwm=4356MB
RSS_SAMPLE t=215.7s rss=4357MB hwm=4357MB
RSS_SAMPLE t=215.9s rss=4359MB hwm=4359MB
RSS_SAMPLE t=216.2s rss=4360MB hwm=4360MB
RSS_SAMPLE t=216.4s rss=4361MB hwm=4361MB
RSS_SAMPLE t=216.7s rss=4362MB hwm=4362MB
RSS_SAMPLE t=216.9s rss=4363MB hwm=4363MB
RSS_SAMPLE t=217.2s rss=4364MB hwm=4364MB
RSS_SAMPLE t=217.4s rss=4365MB hwm=4365MB
RSS_SAMPLE t=217.7s rss=4366MB hwm=4366MB
RSS_SAMPLE t=217.9s rss=4367MB hwm=4367MB
RSS_SAMPLE t=218.2s rss=4368MB hwm=4368MB
RSS_SAMPLE t=218.4s rss=4369MB hwm=4369MB
RSS_SAMPLE t=218.7s rss=4371MB hwm=4371MB
RSS_SAMPLE t=218.9s rss=4372MB hwm=4372MB
RSS_SAMPLE t=219.2s rss=4373MB hwm=4373MB
RSS_SAMPLE t=219.4s rss=4374MB hwm=4374MB
RSS_SAMPLE t=219.7s rss=4375MB hwm=4375MB
RSS_SAMPLE t=219.9s rss=4376MB hwm=4376MB
RSS_SAMPLE t=220.2s rss=4378MB hwm=4378MB
RSS_SAMPLE t=220.4s rss=4379MB hwm=4379MB
RSS_SAMPLE t=220.7s rss=4380MB hwm=4380MB
RSS_SAMPLE t=220.9s rss=4381MB hwm=4381MB
RSS_SAMPLE t=221.2s rss=4382MB hwm=4382MB
RSS_SAMPLE t=221.4s rss=4383MB hwm=4383MB
RSS_SAMPLE t=221.7s rss=4383MB hwm=4383MB
RSS_SAMPLE t=221.9s rss=4384MB hwm=4384MB
RSS_SAMPLE t=222.2s rss=4385MB hwm=4385MB
RSS_SAMPLE t=222.4s rss=4385MB hwm=4385MB
RSS_SAMPLE t=222.7s rss=4385MB hwm=4385MB
RSS_SAMPLE t=222.9s rss=4386MB hwm=4386MB
RSS_SAMPLE t=223.2s rss=4386MB hwm=4386MB
RSS_SAMPLE t=223.4s rss=4387MB hwm=4387MB
RSS_SAMPLE t=223.7s rss=4387MB hwm=4387MB
RSS_SAMPLE t=223.9s rss=4388MB hwm=4388MB
RSS_SAMPLE t=224.2s rss=4388MB hwm=4388MB
RSS_SAMPLE t=224.4s rss=4388MB hwm=4388MB
RSS_SAMPLE t=224.7s rss=4389MB hwm=4389MB
RSS_SAMPLE t=224.9s rss=4389MB hwm=4389MB
RSS_SAMPLE t=225.2s rss=4389MB hwm=4389MB
RSS_SAMPLE t=225.4s rss=4389MB hwm=4389MB
RSS_SAMPLE t=225.7s rss=4389MB hwm=4389MB
RSS_SAMPLE t=225.9s rss=4389MB hwm=4389MB
RSS_SAMPLE t=226.2s rss=4389MB hwm=4389MB
RSS_SAMPLE t=226.4s rss=4389MB hwm=4389MB
RSS_SAMPLE t=226.7s rss=4389MB hwm=4389MB
RSS_SAMPLE t=226.9s rss=4390MB hwm=4390MB
RSS_SAMPLE t=227.2s rss=4390MB hwm=4390MB
RSS_SAMPLE t=227.4s rss=4390MB hwm=4390MB
RSS_SAMPLE t=227.7s rss=4390MB hwm=4390MB
RSS_SAMPLE t=227.9s rss=4390MB hwm=4390MB
RSS_SAMPLE t=228.2s rss=4390MB hwm=4390MB
RSS_SAMPLE t=228.4s rss=4390MB hwm=4390MB
RSS_SAMPLE t=228.7s rss=4390MB hwm=4390MB
RSS_SAMPLE t=228.9s rss=4390MB hwm=4390MB
RSS_SAMPLE t=229.2s rss=4390MB hwm=4390MB
RSS_SAMPLE t=229.4s rss=4390MB hwm=4390MB
RSS_SAMPLE t=229.7s rss=4390MB hwm=4390MB
RSS_SAMPLE t=229.9s rss=4390MB hwm=4390MB
RSS_SAMPLE t=230.2s rss=4390MB hwm=4390MB
RSS_SAMPLE t=230.4s rss=4390MB hwm=4390MB
RSS_SAMPLE t=230.7s rss=4390MB hwm=4390MB
RSS_SAMPLE t=230.9s rss=4390MB hwm=4390MB
RSS_SAMPLE t=231.2s rss=4390MB hwm=4390MB
RSS_SAMPLE t=231.4s rss=4390MB hwm=4390MB
RSS_SAMPLE t=231.7s rss=4390MB hwm=4390MB
RSS_SAMPLE t=231.9s rss=4390MB hwm=4390MB
RSS_SAMPLE t=232.2s rss=4390MB hwm=4390MB
RSS_SAMPLE t=232.4s rss=4390MB hwm=4390MB
RSS_SAMPLE t=232.7s rss=4390MB hwm=4390MB
MEM_POOL: workspaces=32 dense_usage_mb=1251 n_pipes=2562403
    post_solve_diag[outer=1]: solves=105117 cap_armed=105117 (100.0%) settle_avg=8140 above_sink_avg=134 (1.6%) settle_max=69353
    load_support[outer=1]: settle_avg=8140 load_nz_avg=867 (10.6%) load_material_avg=614 (7.5%)
    settle_hist[outer=1]: <100: 27677nets/0.1%work  <1k: 23610nets/1.0%work  <5k: 23549nets/6.9%work  <20k: 13505nets/17.6%work  <60k: 15041nets/61.2%work  >=60k: 1735nets/13.3%work
    fanout_hist[outer=1]: fan1: 43710nets/11.8%work  fan2-4: 48279nets/50.3%work  fan5-16: 12974nets/37.0%work  fan17-64: 154nets/0.9%work  fan65-256: 0nets/0.0%work  fan>256: 0nets/0.0%work
    rss_probe[outer=1]: pre_post_solve=4138MB post_post_solve=4410MB after_apply=4410MB
    E_decomp: base=8621375.5 eff=65932874249397.9 cong=65932865628022.3 cong_share=100.0% sat_pipes=119822 max_util=2471.22  R_buckets: 1-2x=134373 2-10x=1110 10-100x=558 >=100x=2426362
    E_potential: beckmann=7556982765419199.0 history_total=0.0
    SpanCache: epoch=2 entries=2492 lookups=2562403 hits=2559911 misses=2492 hit_rate=99.9%
  DCD   1: nets=105117 line=16320566 energy=5206870215.003 dE=+5204535192.241 friction=234858822.8 bins=2.0x(1113) excess=410.2 moved=64737 disp=11.588 solves=105117 skip=105117 pops=855654081 theta=1.118 refresh=41449ms dcd=6796ms total=51045ms
    cache_stats: entries=50445946 capacity=88156783 est_mb=761 rss_mb=4411
RSS_SAMPLE t=232.9s rss=4411MB hwm=4411MB
RSS_SAMPLE t=233.2s rss=4411MB hwm=4411MB
RSS_SAMPLE t=233.4s rss=4411MB hwm=4411MB
RSS_SAMPLE t=233.7s rss=4411MB hwm=4411MB
RSS_SAMPLE t=233.9s rss=4411MB hwm=4411MB
RSS_SAMPLE t=234.2s rss=4411MB hwm=4411MB
RSS_SAMPLE t=234.4s rss=4411MB hwm=4411MB
RSS_SAMPLE t=234.7s rss=4411MB hwm=4411MB
RSS_SAMPLE t=234.9s rss=4411MB hwm=4411MB
RSS_SAMPLE t=235.2s rss=4411MB hwm=4411MB
RSS_SAMPLE t=235.4s rss=4411MB hwm=4411MB
RSS_SAMPLE t=235.7s rss=4411MB hwm=4411MB
    SwitchMatrix: type_usage_pairs=1384 lookups=3266 hits=1882 dijkstra_calls=1384 avg_us=8.5 total_ms=11.8
PHASE_MARK outer=2 enter=pre_solve rss=4411MB
    rss_probe[outer=2]: pre_refresh_rss=4411MB post_pre_solve_rss=4429MB cache_entries=50445946 cache_cap=88156783 cache_est_mb=761
    pre_solve_diag[outer=2]: solves=0 fallback=0 (0.0%) cap_armed=0 (0.0%) settle_avg=0 settle_max=0 init_count=65
    Overflow: over=108214 (4.2% of used) avg_excess=11.21 max_excess=3174.43 (nc=3198.43 cap=24 span=1)  excess_buckets: <=1=37825 1-5=50732 5-20=15136 >20=4521  by_cap: cap1=28642 cap2=72191 cap3-5=26 cap>5=7355  by_span: s1=697 s2-3=1557 s4-6=4592 s7-12=72525 s>12=28843  le1_cross: cap1=22377 cap2-5=13926 cap>5=1522
    Congestion: pipes=2562403 used=2562403 congested(>50%)=216373 saturated(>90%)=119822 max_util=2471.22 avg_util=0.3162
PHASE_MARK outer=2 enter=dcd_sweep rss=4429MB
RSS_SAMPLE t=235.9s rss=4429MB hwm=4429MB
RSS_SAMPLE t=236.2s rss=4429MB hwm=4429MB
RSS_SAMPLE t=236.4s rss=4429MB hwm=4429MB
RSS_SAMPLE t=236.7s rss=4429MB hwm=4429MB
RSS_SAMPLE t=236.9s rss=4429MB hwm=4429MB
RSS_SAMPLE t=237.2s rss=4429MB hwm=4429MB
RSS_SAMPLE t=237.4s rss=4429MB hwm=4429MB
RSS_SAMPLE t=237.7s rss=4429MB hwm=4429MB
RSS_SAMPLE t=237.9s rss=4429MB hwm=4429MB
RSS_SAMPLE t=238.2s rss=4429MB hwm=4429MB
RSS_SAMPLE t=238.4s rss=4429MB hwm=4429MB
RSS_SAMPLE t=238.7s rss=4429MB hwm=4429MB
RSS_SAMPLE t=238.9s rss=4429MB hwm=4429MB
RSS_SAMPLE t=239.2s rss=4429MB hwm=4429MB
RSS_SAMPLE t=239.4s rss=4429MB hwm=4429MB
RSS_SAMPLE t=239.7s rss=4429MB hwm=4429MB
RSS_SAMPLE t=239.9s rss=4429MB hwm=4429MB
RSS_SAMPLE t=240.2s rss=4429MB hwm=4429MB
RSS_SAMPLE t=240.4s rss=4429MB hwm=4429MB
RSS_SAMPLE t=240.7s rss=4429MB hwm=4429MB
RSS_SAMPLE t=240.9s rss=4429MB hwm=4429MB
RSS_SAMPLE t=241.2s rss=4429MB hwm=4429MB
RSS_SAMPLE t=241.4s rss=4429MB hwm=4429MB
RSS_SAMPLE t=241.7s rss=4429MB hwm=4429MB
RSS_SAMPLE t=241.9s rss=4429MB hwm=4429MB
RSS_SAMPLE t=242.2s rss=4429MB hwm=4429MB
RSS_SAMPLE t=242.4s rss=4429MB hwm=4429MB
RSS_SAMPLE t=242.7s rss=4429MB hwm=4429MB
PHASE_MARK outer=2 leave=dcd_sweep rss=4429MB
PHASE_MARK outer=2 enter=post_refresh rss=4429MB
RSS_SAMPLE t=242.9s rss=4430MB hwm=4430MB
RSS_SAMPLE t=243.2s rss=4431MB hwm=4431MB
RSS_SAMPLE t=243.4s rss=4431MB hwm=4431MB
RSS_SAMPLE t=243.7s rss=4431MB hwm=4431MB
RSS_SAMPLE t=243.9s rss=4431MB hwm=4431MB
RSS_SAMPLE t=244.2s rss=4431MB hwm=4431MB
RSS_SAMPLE t=244.4s rss=4431MB hwm=4431MB
RSS_SAMPLE t=244.7s rss=4431MB hwm=4431MB
RSS_SAMPLE t=244.9s rss=4431MB hwm=4431MB
RSS_SAMPLE t=245.2s rss=4431MB hwm=4431MB
RSS_SAMPLE t=245.4s rss=4431MB hwm=4431MB
RSS_SAMPLE t=245.7s rss=4431MB hwm=4431MB
RSS_SAMPLE t=246.0s rss=4432MB hwm=4432MB
RSS_SAMPLE t=246.2s rss=4432MB hwm=4432MB
RSS_SAMPLE t=246.5s rss=4433MB hwm=4433MB
RSS_SAMPLE t=246.7s rss=4433MB hwm=4433MB
RSS_SAMPLE t=247.0s rss=4433MB hwm=4433MB
RSS_SAMPLE t=247.2s rss=4433MB hwm=4433MB
RSS_SAMPLE t=247.5s rss=4433MB hwm=4433MB
RSS_SAMPLE t=247.7s rss=4434MB hwm=4434MB
RSS_SAMPLE t=248.0s rss=4434MB hwm=4434MB
RSS_SAMPLE t=248.2s rss=4434MB hwm=4434MB
RSS_SAMPLE t=248.5s rss=4434MB hwm=4434MB
RSS_SAMPLE t=248.7s rss=4434MB hwm=4434MB
RSS_SAMPLE t=249.0s rss=4434MB hwm=4434MB
RSS_SAMPLE t=249.2s rss=4435MB hwm=4435MB
RSS_SAMPLE t=249.5s rss=4435MB hwm=4435MB
RSS_SAMPLE t=249.7s rss=4435MB hwm=4435MB
RSS_SAMPLE t=250.0s rss=4435MB hwm=4435MB
RSS_SAMPLE t=250.2s rss=4435MB hwm=4435MB
RSS_SAMPLE t=250.5s rss=4435MB hwm=4435MB
RSS_SAMPLE t=250.7s rss=4436MB hwm=4436MB
RSS_SAMPLE t=251.0s rss=4436MB hwm=4436MB
RSS_SAMPLE t=251.2s rss=4436MB hwm=4436MB
RSS_SAMPLE t=251.5s rss=4436MB hwm=4436MB
RSS_SAMPLE t=251.7s rss=4436MB hwm=4436MB
RSS_SAMPLE t=252.0s rss=4436MB hwm=4436MB
RSS_SAMPLE t=252.2s rss=4436MB hwm=4436MB
RSS_SAMPLE t=252.5s rss=4436MB hwm=4436MB
RSS_SAMPLE t=252.7s rss=4436MB hwm=4436MB
RSS_SAMPLE t=253.0s rss=4436MB hwm=4436MB
RSS_SAMPLE t=253.2s rss=4436MB hwm=4436MB
RSS_SAMPLE t=253.5s rss=4437MB hwm=4437MB
RSS_SAMPLE t=253.7s rss=4437MB hwm=4437MB
RSS_SAMPLE t=254.0s rss=4437MB hwm=4437MB
RSS_SAMPLE t=254.2s rss=4437MB hwm=4437MB
RSS_SAMPLE t=254.5s rss=4437MB hwm=4437MB
RSS_SAMPLE t=254.7s rss=4437MB hwm=4437MB
RSS_SAMPLE t=255.0s rss=4437MB hwm=4437MB
RSS_SAMPLE t=255.2s rss=4437MB hwm=4437MB
RSS_SAMPLE t=255.5s rss=4438MB hwm=4438MB
RSS_SAMPLE t=255.7s rss=4438MB hwm=4438MB
RSS_SAMPLE t=256.0s rss=4438MB hwm=4438MB
RSS_SAMPLE t=256.2s rss=4438MB hwm=4438MB
RSS_SAMPLE t=256.5s rss=4438MB hwm=4438MB
RSS_SAMPLE t=256.7s rss=4439MB hwm=4439MB
RSS_SAMPLE t=257.0s rss=4439MB hwm=4439MB
RSS_SAMPLE t=257.2s rss=4439MB hwm=4439MB
RSS_SAMPLE t=257.5s rss=4439MB hwm=4439MB
RSS_SAMPLE t=257.7s rss=4439MB hwm=4439MB
RSS_SAMPLE t=258.0s rss=4439MB hwm=4439MB
RSS_SAMPLE t=258.2s rss=4439MB hwm=4439MB
RSS_SAMPLE t=258.5s rss=4439MB hwm=4439MB
RSS_SAMPLE t=258.7s rss=4440MB hwm=4440MB
RSS_SAMPLE t=259.0s rss=4440MB hwm=4440MB
RSS_SAMPLE t=259.2s rss=4440MB hwm=4440MB
RSS_SAMPLE t=259.5s rss=4440MB hwm=4440MB
RSS_SAMPLE t=259.7s rss=4440MB hwm=4440MB
RSS_SAMPLE t=260.0s rss=4440MB hwm=4440MB
RSS_SAMPLE t=260.2s rss=4441MB hwm=4441MB
RSS_SAMPLE t=260.5s rss=4441MB hwm=4441MB
RSS_SAMPLE t=260.7s rss=4441MB hwm=4441MB
RSS_SAMPLE t=261.0s rss=4441MB hwm=4441MB
RSS_SAMPLE t=261.2s rss=4442MB hwm=4442MB
RSS_SAMPLE t=261.5s rss=4442MB hwm=4442MB
RSS_SAMPLE t=261.7s rss=4442MB hwm=4442MB
RSS_SAMPLE t=262.0s rss=4443MB hwm=4443MB
RSS_SAMPLE t=262.2s rss=4443MB hwm=4443MB
RSS_SAMPLE t=262.5s rss=4444MB hwm=4444MB
RSS_SAMPLE t=262.7s rss=4444MB hwm=4444MB
RSS_SAMPLE t=263.0s rss=4444MB hwm=4444MB
RSS_SAMPLE t=263.2s rss=4445MB hwm=4445MB
RSS_SAMPLE t=263.5s rss=4445MB hwm=4445MB
RSS_SAMPLE t=263.7s rss=4446MB hwm=4446MB
RSS_SAMPLE t=264.0s rss=4447MB hwm=4447MB
RSS_SAMPLE t=264.2s rss=4447MB hwm=4447MB
RSS_SAMPLE t=264.5s rss=4447MB hwm=4447MB
RSS_SAMPLE t=264.7s rss=4448MB hwm=4448MB
RSS_SAMPLE t=265.0s rss=4448MB hwm=4448MB
RSS_SAMPLE t=265.2s rss=4449MB hwm=4449MB
RSS_SAMPLE t=265.5s rss=4450MB hwm=4450MB
RSS_SAMPLE t=265.7s rss=4451MB hwm=4451MB
RSS_SAMPLE t=266.0s rss=4452MB hwm=4452MB
RSS_SAMPLE t=266.2s rss=4453MB hwm=4453MB
RSS_SAMPLE t=266.5s rss=4454MB hwm=4454MB
RSS_SAMPLE t=266.7s rss=4455MB hwm=4455MB
RSS_SAMPLE t=267.0s rss=4455MB hwm=4455MB
RSS_SAMPLE t=267.2s rss=4456MB hwm=4456MB
RSS_SAMPLE t=267.5s rss=4457MB hwm=4457MB
RSS_SAMPLE t=267.7s rss=4457MB hwm=4457MB
RSS_SAMPLE t=268.0s rss=4457MB hwm=4457MB
RSS_SAMPLE t=268.2s rss=4458MB hwm=4458MB
RSS_SAMPLE t=268.5s rss=4458MB hwm=4458MB
RSS_SAMPLE t=268.7s rss=4459MB hwm=4459MB
RSS_SAMPLE t=269.0s rss=4459MB hwm=4459MB
RSS_SAMPLE t=269.2s rss=4460MB hwm=4460MB
RSS_SAMPLE t=269.5s rss=4460MB hwm=4460MB
RSS_SAMPLE t=269.7s rss=4461MB hwm=4461MB
RSS_SAMPLE t=270.0s rss=4461MB hwm=4461MB
RSS_SAMPLE t=270.2s rss=4462MB hwm=4462MB
RSS_SAMPLE t=270.5s rss=4462MB hwm=4462MB
RSS_SAMPLE t=270.7s rss=4463MB hwm=4463MB
RSS_SAMPLE t=271.0s rss=4464MB hwm=4464MB
RSS_SAMPLE t=271.2s rss=4465MB hwm=4465MB
RSS_SAMPLE t=271.5s rss=4466MB hwm=4466MB
RSS_SAMPLE t=271.7s rss=4466MB hwm=4466MB
RSS_SAMPLE t=272.0s rss=4467MB hwm=4467MB
RSS_SAMPLE t=272.2s rss=4468MB hwm=4468MB
RSS_SAMPLE t=272.5s rss=4469MB hwm=4469MB
RSS_SAMPLE t=272.7s rss=4470MB hwm=4470MB
RSS_SAMPLE t=273.0s rss=4471MB hwm=4471MB
RSS_SAMPLE t=273.2s rss=4472MB hwm=4472MB
RSS_SAMPLE t=273.5s rss=4473MB hwm=4473MB
RSS_SAMPLE t=273.7s rss=4474MB hwm=4474MB
RSS_SAMPLE t=274.0s rss=4475MB hwm=4475MB
RSS_SAMPLE t=274.2s rss=4475MB hwm=4475MB
RSS_SAMPLE t=274.5s rss=4476MB hwm=4476MB
RSS_SAMPLE t=274.7s rss=4478MB hwm=4478MB
RSS_SAMPLE t=275.0s rss=4478MB hwm=4478MB
RSS_SAMPLE t=275.2s rss=4479MB hwm=4479MB
RSS_SAMPLE t=275.5s rss=4480MB hwm=4480MB
RSS_SAMPLE t=275.7s rss=4481MB hwm=4481MB
RSS_SAMPLE t=276.0s rss=4482MB hwm=4482MB
RSS_SAMPLE t=276.2s rss=4482MB hwm=4482MB
RSS_SAMPLE t=276.5s rss=4483MB hwm=4483MB
RSS_SAMPLE t=276.7s rss=4484MB hwm=4484MB
RSS_SAMPLE t=277.0s rss=4484MB hwm=4484MB
RSS_SAMPLE t=277.2s rss=4484MB hwm=4484MB
RSS_SAMPLE t=277.5s rss=4485MB hwm=4485MB
RSS_SAMPLE t=277.7s rss=4485MB hwm=4485MB
RSS_SAMPLE t=278.0s rss=4486MB hwm=4486MB
RSS_SAMPLE t=278.2s rss=4486MB hwm=4486MB
RSS_SAMPLE t=278.5s rss=4486MB hwm=4486MB
RSS_SAMPLE t=278.7s rss=4487MB hwm=4487MB
RSS_SAMPLE t=279.0s rss=4487MB hwm=4487MB
RSS_SAMPLE t=279.2s rss=4488MB hwm=4488MB
RSS_SAMPLE t=279.5s rss=4488MB hwm=4488MB
RSS_SAMPLE t=279.7s rss=4488MB hwm=4488MB
RSS_SAMPLE t=280.0s rss=4489MB hwm=4489MB
RSS_SAMPLE t=280.2s rss=4489MB hwm=4489MB
RSS_SAMPLE t=280.5s rss=4489MB hwm=4489MB
RSS_SAMPLE t=280.7s rss=4490MB hwm=4490MB
RSS_SAMPLE t=281.0s rss=4490MB hwm=4490MB
RSS_SAMPLE t=281.2s rss=4490MB hwm=4490MB
RSS_SAMPLE t=281.5s rss=4490MB hwm=4490MB
RSS_SAMPLE t=281.7s rss=4490MB hwm=4490MB
RSS_SAMPLE t=282.0s rss=4490MB hwm=4490MB
RSS_SAMPLE t=282.2s rss=4490MB hwm=4490MB
RSS_SAMPLE t=282.5s rss=4490MB hwm=4490MB
RSS_SAMPLE t=282.7s rss=4490MB hwm=4490MB
RSS_SAMPLE t=283.0s rss=4490MB hwm=4490MB
RSS_SAMPLE t=283.2s rss=4490MB hwm=4490MB
RSS_SAMPLE t=283.5s rss=4490MB hwm=4490MB
RSS_SAMPLE t=283.7s rss=4490MB hwm=4490MB
RSS_SAMPLE t=284.0s rss=4490MB hwm=4490MB
RSS_SAMPLE t=284.2s rss=4490MB hwm=4490MB
RSS_SAMPLE t=284.5s rss=4490MB hwm=4490MB
RSS_SAMPLE t=284.7s rss=4490MB hwm=4490MB
RSS_SAMPLE t=285.0s rss=4490MB hwm=4490MB
RSS_SAMPLE t=285.2s rss=4491MB hwm=4491MB
RSS_SAMPLE t=285.5s rss=4491MB hwm=4491MB
RSS_SAMPLE t=285.7s rss=4491MB hwm=4491MB
RSS_SAMPLE t=286.0s rss=4491MB hwm=4491MB
RSS_SAMPLE t=286.2s rss=4491MB hwm=4491MB
RSS_SAMPLE t=286.5s rss=4491MB hwm=4491MB
RSS_SAMPLE t=286.7s rss=4491MB hwm=4491MB
RSS_SAMPLE t=287.0s rss=4491MB hwm=4491MB
RSS_SAMPLE t=287.2s rss=4491MB hwm=4491MB
RSS_SAMPLE t=287.5s rss=4491MB hwm=4491MB
RSS_SAMPLE t=287.7s rss=4491MB hwm=4491MB
RSS_SAMPLE t=288.0s rss=4491MB hwm=4491MB
RSS_SAMPLE t=288.2s rss=4491MB hwm=4491MB
RSS_SAMPLE t=288.5s rss=4491MB hwm=4491MB
RSS_SAMPLE t=288.7s rss=4491MB hwm=4491MB
RSS_SAMPLE t=289.0s rss=4491MB hwm=4491MB
RSS_SAMPLE t=289.2s rss=4491MB hwm=4491MB
RSS_SAMPLE t=289.5s rss=4491MB hwm=4491MB
RSS_SAMPLE t=289.7s rss=4491MB hwm=4491MB
RSS_SAMPLE t=290.0s rss=4491MB hwm=4491MB
RSS_SAMPLE t=290.2s rss=4491MB hwm=4491MB
RSS_SAMPLE t=290.5s rss=4491MB hwm=4491MB
RSS_SAMPLE t=290.7s rss=4491MB hwm=4491MB
RSS_SAMPLE t=291.0s rss=4491MB hwm=4491MB
RSS_SAMPLE t=291.2s rss=4491MB hwm=4491MB
RSS_SAMPLE t=291.5s rss=4491MB hwm=4491MB
RSS_SAMPLE t=291.7s rss=4491MB hwm=4491MB
RSS_SAMPLE t=292.0s rss=4491MB hwm=4491MB
RSS_SAMPLE t=292.2s rss=4491MB hwm=4491MB
RSS_SAMPLE t=292.5s rss=4491MB hwm=4491MB
RSS_SAMPLE t=292.7s rss=4491MB hwm=4491MB
RSS_SAMPLE t=293.0s rss=4491MB hwm=4491MB
RSS_SAMPLE t=293.2s rss=4491MB hwm=4491MB
MEM_POOL: workspaces=32 dense_usage_mb=1251 n_pipes=2562403
    post_solve_diag[outer=2]: solves=105117 cap_armed=105117 (100.0%) settle_avg=7230 above_sink_avg=96 (1.3%) settle_max=69353
    load_support[outer=2]: settle_avg=7230 load_nz_avg=706 (9.8%) load_material_avg=554 (7.7%)
    settle_hist[outer=2]: <100: 31589nets/0.1%work  <1k: 22951nets/1.1%work  <5k: 22076nets/7.3%work  <20k: 13824nets/19.9%work  <60k: 13500nets/61.6%work  >=60k: 1177nets/10.0%work
    fanout_hist[outer=2]: fan1: 43710nets/11.2%work  fan2-4: 48279nets/49.3%work  fan5-16: 12974nets/38.5%work  fan17-64: 154nets/1.0%work  fan65-256: 0nets/0.0%work  fan>256: 0nets/0.0%work
    rss_probe[outer=2]: pre_post_solve=4431MB post_post_solve=4491MB after_apply=4491MB
    E_decomp: base=8877528.5 eff=18899910505173548.0 cong=18899910496296020.0 cong_share=100.0% sat_pipes=86122 max_util=1844.87  R_buckets: 1-2x=97770 2-10x=23429 10-100x=8860 >=100x=2432344
    E_potential: beckmann=587929596893089.4 history_total=0.0
    SpanCache: epoch=3 entries=3266 lookups=2562403 hits=2559137 misses=3266 hit_rate=99.9%
  DCD   2: nets=105117 line=15886360 energy=37711480673.059 dE=+32504610458.056 friction=92124047.8 bins=2.0x(961) excess=340.4 moved=66473 disp=11.058 solves=105117 skip=105117 pops=759978467 theta=5.000 refresh=50477ms dcd=7225ms total=60502ms
    cache_stats: entries=46239000 capacity=82763062 est_mb=715 rss_mb=4492
DCD done: energy=37711480673.059 line=15886360 friction=92124047.8 bins=2.0x(961) excess=340.4
MuxSlotTracker: 11058 commit rejections over entire DCD
MuxSlotTracker[post-DCD]: populated_cells=66945, overflow_tiles=0, at_cap_tiles=715, peak_excess=0, capacity_hist={16:67346}
RSS_SAMPLE t=293.5s rss=4433MB hwm=4486MB
Pre-legalization: HPWL=12458181
  type DFF: 302 valid columns, 1077536 total BELs
  type LUT6: 302 valid columns, 538768 total BELs
TypeAwarePlacement: 2 cell types
RSS_SAMPLE t=293.7s rss=2532MB hwm=4486MB
RSS_SAMPLE t=294.0s rss=2532MB hwm=4486MB
RSS_SAMPLE t=294.2s rss=2532MB hwm=4486MB
RSS_SAMPLE t=294.5s rss=2532MB hwm=4486MB
RSS_SAMPLE t=294.7s rss=2532MB hwm=4486MB
RSS_SAMPLE t=295.0s rss=2532MB hwm=4486MB
RSS_SAMPLE t=295.2s rss=2532MB hwm=4486MB
RSS_SAMPLE t=295.5s rss=2532MB hwm=4486MB
RSS_SAMPLE t=295.7s rss=2532MB hwm=4486MB
RSS_SAMPLE t=296.0s rss=2532MB hwm=4486MB
RSS_SAMPLE t=296.2s rss=2532MB hwm=4486MB
RSS_SAMPLE t=296.5s rss=2532MB hwm=4486MB
RSS_SAMPLE t=296.7s rss=2532MB hwm=4486MB
RSS_SAMPLE t=297.0s rss=2532MB hwm=4486MB
  SortedLegalizer: cluster_rejects=132441 shared_mux_rejects=11491875 arch_validity_rejects=0
Post-legalization: HPWL=12246663, line=15891555
Per-net HPWL: 105118 nets, total=12246663
  #0: hpwl=531 fanout=93000 (0.0%)
  #1: hpwl=527 fanout=13 (0.0%)
  #2: hpwl=526 fanout=5 (0.0%)
  #3: hpwl=526 fanout=13 (0.0%)
  #4: hpwl=524 fanout=23 (0.0%)
  #5: hpwl=523 fanout=9 (0.0%)
  #6: hpwl=523 fanout=9 (0.0%)
  #7: hpwl=523 fanout=7 (0.0%)
  #8: hpwl=522 fanout=12 (0.0%)
  #9: hpwl=521 fanout=17 (0.0%)
  50% of HPWL from top 15948 nets (of 105118)
RSS_SAMPLE t=297.2s rss=2438MB hwm=4486MB
