Running scope as unit: run-r9a47ee9967204a1791ad06f5422880ae.scope
chipdb: /home/kelvin/side-project/eisenjoch/chip_database/xc7_large.bin
design: /home/kelvin/side-project/eisenjoch/benchmark/ispd/generated/2016/FPGA01/FPGA01.json
RSS_SAMPLE t=0.0s rss=3MB hwm=3MB
RSS_SAMPLE t=0.3s rss=368MB hwm=368MB
RSS_SAMPLE t=0.5s rss=704MB hwm=704MB
RSS_SAMPLE t=0.8s rss=810MB hwm=810MB
RSS_SAMPLE t=1.0s rss=819MB hwm=824MB
RSS_SAMPLE t=1.3s rss=819MB hwm=824MB
RSS_SAMPLE t=1.5s rss=820MB hwm=824MB
cfg: max_outer_iters=3 blend_alpha=0.5 hardening_step=0 graph_model=TwoLevelPip
RSS_SAMPLE t=1.8s rss=820MB hwm=824MB
  topological compress: density=0.60 target_tiles=15971 final_tiles=15777 scale=1.851 center=(205.1,111.0)
  topological init: n_movable=76660, n_edges=229053, max_layer=26775, back_edges=54022, n_anchored=0
RSS_SAMPLE t=2.0s rss=820MB hwm=824MB
RSS_SAMPLE t=2.3s rss=820MB hwm=824MB
RSS_SAMPLE t=2.5s rss=820MB hwm=824MB
RSS_SAMPLE t=2.8s rss=820MB hwm=824MB
RSS_SAMPLE t=3.0s rss=820MB hwm=824MB
RSS_SAMPLE t=3.3s rss=820MB hwm=824MB
RSS_SAMPLE t=3.5s rss=820MB hwm=824MB
RSS_SAMPLE t=3.8s rss=820MB hwm=824MB
RSS_SAMPLE t=4.0s rss=820MB hwm=824MB
RSS_SAMPLE t=4.3s rss=820MB hwm=824MB
RSS_SAMPLE t=4.5s rss=820MB hwm=824MB
RSS_SAMPLE t=4.8s rss=820MB hwm=824MB
RSS_SAMPLE t=5.0s rss=820MB hwm=824MB
RSS_SAMPLE t=5.3s rss=820MB hwm=824MB
RSS_SAMPLE t=5.5s rss=820MB hwm=824MB
RSS_SAMPLE t=5.8s rss=820MB hwm=824MB
RSS_SAMPLE t=6.0s rss=820MB hwm=824MB
RSS_SAMPLE t=6.3s rss=820MB hwm=824MB
RSS_SAMPLE t=6.5s rss=820MB hwm=824MB
RSS_SAMPLE t=6.8s rss=820MB hwm=824MB
RSS_SAMPLE t=7.0s rss=820MB hwm=824MB
RSS_SAMPLE t=7.3s rss=820MB hwm=824MB
RSS_SAMPLE t=7.5s rss=820MB hwm=824MB
RSS_SAMPLE t=7.8s rss=820MB hwm=824MB
RSS_SAMPLE t=8.0s rss=820MB hwm=824MB
RSS_SAMPLE t=8.3s rss=820MB hwm=824MB
RSS_SAMPLE t=8.5s rss=820MB hwm=824MB
RSS_SAMPLE t=8.8s rss=820MB hwm=824MB
RSS_SAMPLE t=9.0s rss=820MB hwm=824MB
RSS_SAMPLE t=9.3s rss=820MB hwm=824MB
RSS_SAMPLE t=9.5s rss=820MB hwm=824MB
RSS_SAMPLE t=9.8s rss=820MB hwm=824MB
RSS_SAMPLE t=10.0s rss=820MB hwm=824MB
RSS_SAMPLE t=10.3s rss=820MB hwm=824MB
RSS_SAMPLE t=10.5s rss=820MB hwm=824MB
RSS_SAMPLE t=10.8s rss=820MB hwm=824MB
RSS_SAMPLE t=11.0s rss=820MB hwm=824MB
RSS_SAMPLE t=11.3s rss=820MB hwm=824MB
RSS_SAMPLE t=11.5s rss=820MB hwm=824MB
RSS_SAMPLE t=11.8s rss=820MB hwm=824MB
RSS_SAMPLE t=12.0s rss=820MB hwm=824MB
RSS_SAMPLE t=12.3s rss=820MB hwm=824MB
RSS_SAMPLE t=12.5s rss=820MB hwm=824MB
RSS_SAMPLE t=12.8s rss=820MB hwm=824MB
RSS_SAMPLE t=13.0s rss=820MB hwm=824MB
RSS_SAMPLE t=13.3s rss=820MB hwm=824MB
RSS_SAMPLE t=13.5s rss=820MB hwm=824MB
RSS_SAMPLE t=13.8s rss=820MB hwm=824MB
RSS_SAMPLE t=14.0s rss=820MB hwm=824MB
RSS_SAMPLE t=14.3s rss=820MB hwm=824MB
RSS_SAMPLE t=14.5s rss=820MB hwm=824MB
RSS_SAMPLE t=14.8s rss=820MB hwm=824MB
RSS_SAMPLE t=15.0s rss=820MB hwm=824MB
RSS_SAMPLE t=15.3s rss=820MB hwm=824MB
RSS_SAMPLE t=15.5s rss=820MB hwm=824MB
RSS_SAMPLE t=15.8s rss=820MB hwm=824MB
RSS_SAMPLE t=16.0s rss=820MB hwm=824MB
RSS_SAMPLE t=16.3s rss=820MB hwm=824MB
RSS_SAMPLE t=16.5s rss=820MB hwm=824MB
RSS_SAMPLE t=16.8s rss=820MB hwm=824MB
RSS_SAMPLE t=17.0s rss=820MB hwm=824MB
RSS_SAMPLE t=17.3s rss=820MB hwm=824MB
RSS_SAMPLE t=17.5s rss=820MB hwm=824MB
RSS_SAMPLE t=17.8s rss=820MB hwm=824MB
RSS_SAMPLE t=18.0s rss=820MB hwm=824MB
RSS_SAMPLE t=18.3s rss=820MB hwm=824MB
RSS_SAMPLE t=18.5s rss=820MB hwm=824MB
RSS_SAMPLE t=18.8s rss=820MB hwm=824MB
RSS_SAMPLE t=19.0s rss=820MB hwm=824MB
RSS_SAMPLE t=19.3s rss=820MB hwm=824MB
RSS_SAMPLE t=19.5s rss=820MB hwm=824MB
RSS_SAMPLE t=19.8s rss=820MB hwm=824MB
RSS_SAMPLE t=20.0s rss=820MB hwm=824MB
RSS_SAMPLE t=20.3s rss=820MB hwm=824MB
RSS_SAMPLE t=20.5s rss=820MB hwm=824MB
RSS_SAMPLE t=20.8s rss=820MB hwm=824MB
RSS_SAMPLE t=21.0s rss=820MB hwm=824MB
RSS_SAMPLE t=21.3s rss=820MB hwm=824MB
RSS_SAMPLE t=21.5s rss=820MB hwm=824MB
RSS_SAMPLE t=21.8s rss=820MB hwm=824MB
RSS_SAMPLE t=22.0s rss=820MB hwm=824MB
RSS_SAMPLE t=22.3s rss=820MB hwm=824MB
RSS_SAMPLE t=22.5s rss=820MB hwm=824MB
RSS_SAMPLE t=22.8s rss=820MB hwm=824MB
RSS_SAMPLE t=23.0s rss=820MB hwm=824MB
RSS_SAMPLE t=23.3s rss=820MB hwm=824MB
RSS_SAMPLE t=23.5s rss=820MB hwm=824MB
RSS_SAMPLE t=23.8s rss=820MB hwm=824MB
RSS_SAMPLE t=24.0s rss=820MB hwm=824MB
RSS_SAMPLE t=24.3s rss=820MB hwm=824MB
RSS_SAMPLE t=24.5s rss=820MB hwm=824MB
RSS_SAMPLE t=24.8s rss=820MB hwm=824MB
RSS_SAMPLE t=25.0s rss=820MB hwm=824MB
RSS_SAMPLE t=25.3s rss=820MB hwm=824MB
RSS_SAMPLE t=25.5s rss=820MB hwm=824MB
RSS_SAMPLE t=25.8s rss=820MB hwm=824MB
RSS_SAMPLE t=26.0s rss=820MB hwm=824MB
RSS_SAMPLE t=26.3s rss=820MB hwm=824MB
RSS_SAMPLE t=26.5s rss=820MB hwm=824MB
RSS_SAMPLE t=26.8s rss=820MB hwm=824MB
RSS_SAMPLE t=27.0s rss=820MB hwm=824MB
RSS_SAMPLE t=27.3s rss=820MB hwm=824MB
RSS_SAMPLE t=27.5s rss=820MB hwm=824MB
RSS_SAMPLE t=27.8s rss=820MB hwm=824MB
RSS_SAMPLE t=28.0s rss=820MB hwm=824MB
RSS_SAMPLE t=28.3s rss=820MB hwm=824MB
RSS_SAMPLE t=28.5s rss=820MB hwm=824MB
RSS_SAMPLE t=28.8s rss=820MB hwm=824MB
RSS_SAMPLE t=29.0s rss=820MB hwm=824MB
RSS_SAMPLE t=29.3s rss=820MB hwm=824MB
RSS_SAMPLE t=29.5s rss=820MB hwm=824MB
RSS_SAMPLE t=29.8s rss=820MB hwm=824MB
RSS_SAMPLE t=30.0s rss=820MB hwm=824MB
RSS_SAMPLE t=30.3s rss=820MB hwm=824MB
RSS_SAMPLE t=30.5s rss=820MB hwm=824MB
RSS_SAMPLE t=30.8s rss=820MB hwm=824MB
RSS_SAMPLE t=31.0s rss=820MB hwm=824MB
RSS_SAMPLE t=31.3s rss=820MB hwm=824MB
RSS_SAMPLE t=31.5s rss=820MB hwm=824MB
RSS_SAMPLE t=31.8s rss=820MB hwm=824MB
RSS_SAMPLE t=32.0s rss=820MB hwm=824MB
RSS_SAMPLE t=32.3s rss=820MB hwm=824MB
RSS_SAMPLE t=32.5s rss=820MB hwm=824MB
RSS_SAMPLE t=32.8s rss=820MB hwm=824MB
RSS_SAMPLE t=33.0s rss=820MB hwm=824MB
RSS_SAMPLE t=33.3s rss=820MB hwm=824MB
RSS_SAMPLE t=33.5s rss=820MB hwm=824MB
RSS_SAMPLE t=33.8s rss=820MB hwm=824MB
RSS_SAMPLE t=34.0s rss=820MB hwm=824MB
RSS_SAMPLE t=34.3s rss=820MB hwm=824MB
RSS_SAMPLE t=34.5s rss=820MB hwm=824MB
RSS_SAMPLE t=34.8s rss=820MB hwm=824MB
RSS_SAMPLE t=35.0s rss=820MB hwm=824MB
RSS_SAMPLE t=35.3s rss=820MB hwm=824MB
RSS_SAMPLE t=35.5s rss=820MB hwm=824MB
RSS_SAMPLE t=35.8s rss=820MB hwm=824MB
RSS_SAMPLE t=36.0s rss=820MB hwm=824MB
RSS_SAMPLE t=36.3s rss=820MB hwm=824MB
RSS_SAMPLE t=36.5s rss=820MB hwm=824MB
RSS_SAMPLE t=36.8s rss=820MB hwm=824MB
RSS_SAMPLE t=37.0s rss=820MB hwm=824MB
RSS_SAMPLE t=37.3s rss=820MB hwm=824MB
RSS_SAMPLE t=37.5s rss=820MB hwm=824MB
RSS_SAMPLE t=37.8s rss=820MB hwm=824MB
RSS_SAMPLE t=38.0s rss=820MB hwm=824MB
RSS_SAMPLE t=38.3s rss=820MB hwm=824MB
RSS_SAMPLE t=38.5s rss=820MB hwm=824MB
RSS_SAMPLE t=38.8s rss=820MB hwm=824MB
RSS_SAMPLE t=39.0s rss=820MB hwm=824MB
RSS_SAMPLE t=39.3s rss=820MB hwm=824MB
RSS_SAMPLE t=39.5s rss=820MB hwm=824MB
RSS_SAMPLE t=39.8s rss=820MB hwm=824MB
RSS_SAMPLE t=40.0s rss=820MB hwm=824MB
RSS_SAMPLE t=40.3s rss=820MB hwm=824MB
RSS_SAMPLE t=40.5s rss=820MB hwm=824MB
RSS_SAMPLE t=40.8s rss=820MB hwm=824MB
RSS_SAMPLE t=41.0s rss=820MB hwm=824MB
RSS_SAMPLE t=41.3s rss=820MB hwm=824MB
RSS_SAMPLE t=41.5s rss=820MB hwm=824MB
RSS_SAMPLE t=41.8s rss=820MB hwm=824MB
RSS_SAMPLE t=42.0s rss=820MB hwm=824MB
RSS_SAMPLE t=42.3s rss=820MB hwm=824MB
RSS_SAMPLE t=42.5s rss=820MB hwm=824MB
RSS_SAMPLE t=42.8s rss=820MB hwm=824MB
RSS_SAMPLE t=43.0s rss=820MB hwm=824MB
RSS_SAMPLE t=43.3s rss=820MB hwm=824MB
RSS_SAMPLE t=43.5s rss=820MB hwm=824MB
RSS_SAMPLE t=43.8s rss=820MB hwm=824MB
RSS_SAMPLE t=44.0s rss=820MB hwm=824MB
RSS_SAMPLE t=44.3s rss=820MB hwm=824MB
RSS_SAMPLE t=44.5s rss=820MB hwm=824MB
RSS_SAMPLE t=44.8s rss=820MB hwm=824MB
RSS_SAMPLE t=45.0s rss=820MB hwm=824MB
RSS_SAMPLE t=45.3s rss=820MB hwm=824MB
RSS_SAMPLE t=45.5s rss=820MB hwm=824MB
RSS_SAMPLE t=45.8s rss=820MB hwm=824MB
RSS_SAMPLE t=46.0s rss=820MB hwm=824MB
RSS_SAMPLE t=46.3s rss=820MB hwm=824MB
RSS_SAMPLE t=46.5s rss=820MB hwm=824MB
RSS_SAMPLE t=46.8s rss=820MB hwm=824MB
RSS_SAMPLE t=47.0s rss=820MB hwm=824MB
RSS_SAMPLE t=47.3s rss=820MB hwm=824MB
RSS_SAMPLE t=47.5s rss=820MB hwm=824MB
RSS_SAMPLE t=47.8s rss=820MB hwm=824MB
RSS_SAMPLE t=48.0s rss=820MB hwm=824MB
RSS_SAMPLE t=48.3s rss=820MB hwm=824MB
RSS_SAMPLE t=48.5s rss=820MB hwm=824MB
RSS_SAMPLE t=48.8s rss=820MB hwm=824MB
RSS_SAMPLE t=49.0s rss=820MB hwm=824MB
RSS_SAMPLE t=49.3s rss=820MB hwm=824MB
RSS_SAMPLE t=49.5s rss=820MB hwm=824MB
RSS_SAMPLE t=49.8s rss=820MB hwm=824MB
RSS_SAMPLE t=50.0s rss=820MB hwm=824MB
RSS_SAMPLE t=50.3s rss=820MB hwm=824MB
RSS_SAMPLE t=50.5s rss=820MB hwm=824MB
RSS_SAMPLE t=50.8s rss=820MB hwm=824MB
RSS_SAMPLE t=51.0s rss=820MB hwm=824MB
RSS_SAMPLE t=51.3s rss=820MB hwm=824MB
RSS_SAMPLE t=51.5s rss=820MB hwm=824MB
RSS_SAMPLE t=51.8s rss=820MB hwm=824MB
RSS_SAMPLE t=52.0s rss=820MB hwm=824MB
RSS_SAMPLE t=52.3s rss=820MB hwm=824MB
RSS_SAMPLE t=52.5s rss=820MB hwm=824MB
RSS_SAMPLE t=52.8s rss=820MB hwm=824MB
RSS_SAMPLE t=53.0s rss=820MB hwm=824MB
RSS_SAMPLE t=53.3s rss=820MB hwm=824MB
RSS_SAMPLE t=53.5s rss=820MB hwm=824MB
RSS_SAMPLE t=53.8s rss=820MB hwm=824MB
RSS_SAMPLE t=54.0s rss=820MB hwm=824MB
RSS_SAMPLE t=54.3s rss=871MB hwm=871MB
RSS_SAMPLE t=54.5s rss=914MB hwm=914MB
RSS_SAMPLE t=54.8s rss=933MB hwm=933MB
RSS_SAMPLE t=55.0s rss=933MB hwm=933MB
RSS_SAMPLE t=55.3s rss=933MB hwm=933MB
RSS_SAMPLE t=55.5s rss=933MB hwm=933MB
RSS_SAMPLE t=55.8s rss=933MB hwm=933MB
RSS_SAMPLE t=56.0s rss=934MB hwm=934MB
  Skipped truly-null coarse cells: 0 (of 69353 total); pruned pipes: src_null=0 dst_null=0
  Pipe capacity by span:
    span=  1: 138172 pipes, cap min=1 avg=134.5 max=432
    span=  2: 136455 pipes, cap min=2 avg=50.7 max=118
    span=  3: 135619 pipes, cap min=2 avg=26.1 max=52
    span=  4: 136319 pipes, cap min=2 avg=22.7 max=140
    span=  5: 135918 pipes, cap min=2 avg=66.1 max=124
    span=  6: 201217 pipes, cap min=2 avg=15.2 max=28
    span=  7: 200933 pipes, cap min=1 avg=7.3 max=20
    span=  8: 132748 pipes, cap min=2 avg=6.0 max=10
    span=  9: 130848 pipes, cap min=2 avg=6.0 max=10
    span= 10: 131090 pipes, cap min=2 avg=2.2 max=31
    span= 11: 129628 pipes, cap min=2 avg=2.0 max=4
    span= 12: 129018 pipes, cap min=2 avg=2.0 max=4
    span= 13: 128408 pipes, cap min=1 avg=1.5 max=4
    span= 14: 127798 pipes, cap min=1 avg=1.0 max=2
    span= 15: 127188 pipes, cap min=1 avg=1.0 max=2
    span= 16: 126578 pipes, cap min=1 avg=1.0 max=2
    span= 17: 125968 pipes, cap min=1 avg=1.0 max=2
    span= 18: 125358 pipes, cap min=1 avg=1.0 max=2
    span= 19: 63140 pipes, cap min=1 avg=1.0 max=2
  Thin span-1 pipes (cap<=2): 222 total, by tile-type pair (top 20):
    NULL <-> NULL: 220
    CLK_BUFG <-> NULL: 2
  Pipe cost: span^0.50 model (r1=1), span-1=1.000, span-12=3.464, 2×span-6=4.899, 12×span-1=12.000
RSS_SAMPLE t=56.3s rss=1017MB hwm=1017MB
  topological compress: density=0.60 target_tiles=15971 final_tiles=15777 scale=1.851 center=(205.1,111.0)
  topological init: n_movable=76660, n_edges=229053, max_layer=26775, back_edges=54022, n_anchored=0
  type DFF: 302 valid columns, 1077536 total BELs
  type LUT6: 302 valid columns, 538768 total BELs
TypeAwarePlacement: 2 cell types
Coordinate descent mode: 76660 cells, scale 1.00
CellValidityMask: 76660 cells, 311x223 grid, 2 bucket masks, per-cell valid positions: min=67346 avg=67346.0 max=67346, unmapped cells=0
MuxSlotTracker: 76660 cells (76660 with external fanout), 67346 tiles, total_cap=1077536, active_buckets=[DFF,LUT6], built in 67.7ms
MuxSlotTracker[post-seed]: populated_cells=27114, overflow_tiles=518, at_cap_tiles=50, peak_excess=41, capacity_hist={16:67346}
DCD placer: 76660 cells, 69353 nodes, outer_iters=3, dcd_iters_per_cell=8, graph_model=TwoLevelPip
MEM_STATIC: pipes=352MB nodes=1MB adjacency=78MB pipe_cost_vecs=59MB validity_mask=0MB n_pipes=2562403 n_edges=5124806 rss=1044MB
Softmin position update: enabled, theta 0.250 -> 5.000 (anneal over 3 iters)
RSS_SAMPLE t=56.5s rss=1071MB hwm=1071MB
RSS_SAMPLE t=56.8s rss=1071MB hwm=1071MB
RSS_SAMPLE t=57.0s rss=1071MB hwm=1071MB
RSS_SAMPLE t=57.3s rss=1071MB hwm=1071MB
RSS_SAMPLE t=57.5s rss=1071MB hwm=1071MB
RSS_SAMPLE t=57.8s rss=1071MB hwm=1071MB
RSS_SAMPLE t=58.0s rss=1071MB hwm=1071MB
RSS_SAMPLE t=58.3s rss=1071MB hwm=1071MB
RSS_SAMPLE t=58.5s rss=1071MB hwm=1071MB
RSS_SAMPLE t=58.8s rss=1071MB hwm=1071MB
RSS_SAMPLE t=59.0s rss=1071MB hwm=1071MB
    SwitchMatrix: type_usage_pairs=7 lookups=110 hits=103 dijkstra_calls=7 avg_us=11.1 total_ms=0.1
PHASE_MARK outer=0 enter=pre_solve rss=1074MB
RSS_SAMPLE t=59.3s rss=1212MB hwm=1212MB
RSS_SAMPLE t=59.5s rss=1229MB hwm=1229MB
RSS_SAMPLE t=59.8s rss=1236MB hwm=1236MB
RSS_SAMPLE t=60.0s rss=1244MB hwm=1244MB
RSS_SAMPLE t=60.3s rss=1248MB hwm=1248MB
RSS_SAMPLE t=60.5s rss=1254MB hwm=1254MB
RSS_SAMPLE t=60.8s rss=1259MB hwm=1259MB
RSS_SAMPLE t=61.0s rss=1265MB hwm=1265MB
RSS_SAMPLE t=61.3s rss=1269MB hwm=1269MB
RSS_SAMPLE t=61.5s rss=1275MB hwm=1275MB
RSS_SAMPLE t=61.8s rss=1282MB hwm=1282MB
RSS_SAMPLE t=62.0s rss=1288MB hwm=1288MB
RSS_SAMPLE t=62.3s rss=1294MB hwm=1294MB
RSS_SAMPLE t=62.5s rss=1301MB hwm=1301MB
RSS_SAMPLE t=62.8s rss=1308MB hwm=1308MB
RSS_SAMPLE t=63.0s rss=1316MB hwm=1316MB
RSS_SAMPLE t=63.3s rss=1322MB hwm=1322MB
RSS_SAMPLE t=63.5s rss=1328MB hwm=1328MB
RSS_SAMPLE t=63.8s rss=1335MB hwm=1335MB
RSS_SAMPLE t=64.0s rss=1341MB hwm=1341MB
RSS_SAMPLE t=64.3s rss=1348MB hwm=1348MB
RSS_SAMPLE t=64.5s rss=1354MB hwm=1354MB
RSS_SAMPLE t=64.8s rss=1361MB hwm=1361MB
RSS_SAMPLE t=65.0s rss=1367MB hwm=1367MB
RSS_SAMPLE t=65.3s rss=1374MB hwm=1374MB
RSS_SAMPLE t=65.5s rss=1380MB hwm=1380MB
RSS_SAMPLE t=65.8s rss=1387MB hwm=1387MB
RSS_SAMPLE t=66.0s rss=1392MB hwm=1392MB
RSS_SAMPLE t=66.3s rss=1398MB hwm=1398MB
RSS_SAMPLE t=66.5s rss=1404MB hwm=1404MB
RSS_SAMPLE t=66.8s rss=1411MB hwm=1411MB
RSS_SAMPLE t=67.0s rss=1416MB hwm=1416MB
RSS_SAMPLE t=67.3s rss=1424MB hwm=1424MB
RSS_SAMPLE t=67.5s rss=1429MB hwm=1429MB
RSS_SAMPLE t=67.8s rss=1437MB hwm=1437MB
RSS_SAMPLE t=68.0s rss=1442MB hwm=1442MB
RSS_SAMPLE t=68.3s rss=1448MB hwm=1448MB
RSS_SAMPLE t=68.5s rss=1456MB hwm=1456MB
RSS_SAMPLE t=68.8s rss=1463MB hwm=1463MB
RSS_SAMPLE t=69.0s rss=1469MB hwm=1469MB
RSS_SAMPLE t=69.3s rss=1475MB hwm=1475MB
RSS_SAMPLE t=69.5s rss=1480MB hwm=1480MB
RSS_SAMPLE t=69.8s rss=1486MB hwm=1486MB
RSS_SAMPLE t=70.0s rss=1492MB hwm=1492MB
RSS_SAMPLE t=70.3s rss=1499MB hwm=1499MB
RSS_SAMPLE t=70.5s rss=1505MB hwm=1505MB
RSS_SAMPLE t=70.8s rss=1510MB hwm=1510MB
RSS_SAMPLE t=71.0s rss=1517MB hwm=1517MB
RSS_SAMPLE t=71.3s rss=1524MB hwm=1524MB
RSS_SAMPLE t=71.5s rss=1530MB hwm=1530MB
RSS_SAMPLE t=71.8s rss=1536MB hwm=1536MB
RSS_SAMPLE t=72.0s rss=1542MB hwm=1542MB
RSS_SAMPLE t=72.3s rss=1550MB hwm=1550MB
RSS_SAMPLE t=72.5s rss=1556MB hwm=1556MB
RSS_SAMPLE t=72.8s rss=1562MB hwm=1562MB
RSS_SAMPLE t=73.0s rss=1568MB hwm=1568MB
RSS_SAMPLE t=73.3s rss=1575MB hwm=1575MB
RSS_SAMPLE t=73.5s rss=1582MB hwm=1582MB
RSS_SAMPLE t=73.8s rss=1587MB hwm=1587MB
RSS_SAMPLE t=74.0s rss=1594MB hwm=1594MB
RSS_SAMPLE t=74.3s rss=1601MB hwm=1601MB
RSS_SAMPLE t=74.5s rss=1607MB hwm=1607MB
RSS_SAMPLE t=74.8s rss=1613MB hwm=1613MB
RSS_SAMPLE t=75.0s rss=1620MB hwm=1620MB
RSS_SAMPLE t=75.3s rss=1627MB hwm=1627MB
RSS_SAMPLE t=75.5s rss=1632MB hwm=1632MB
RSS_SAMPLE t=75.8s rss=1639MB hwm=1639MB
RSS_SAMPLE t=76.0s rss=1645MB hwm=1645MB
RSS_SAMPLE t=76.3s rss=1650MB hwm=1650MB
RSS_SAMPLE t=76.5s rss=1657MB hwm=1657MB
RSS_SAMPLE t=76.8s rss=1664MB hwm=1664MB
RSS_SAMPLE t=77.0s rss=1670MB hwm=1670MB
RSS_SAMPLE t=77.3s rss=1678MB hwm=1678MB
RSS_SAMPLE t=77.5s rss=1684MB hwm=1684MB
RSS_SAMPLE t=77.8s rss=1691MB hwm=1691MB
RSS_SAMPLE t=78.0s rss=1697MB hwm=1697MB
RSS_SAMPLE t=78.3s rss=1704MB hwm=1704MB
RSS_SAMPLE t=78.6s rss=1711MB hwm=1711MB
RSS_SAMPLE t=78.8s rss=1717MB hwm=1717MB
RSS_SAMPLE t=79.1s rss=1724MB hwm=1724MB
RSS_SAMPLE t=79.3s rss=1731MB hwm=1731MB
RSS_SAMPLE t=79.6s rss=1738MB hwm=1738MB
RSS_SAMPLE t=79.8s rss=1746MB hwm=1746MB
RSS_SAMPLE t=80.1s rss=1752MB hwm=1752MB
RSS_SAMPLE t=80.3s rss=1759MB hwm=1759MB
RSS_SAMPLE t=80.6s rss=1767MB hwm=1767MB
RSS_SAMPLE t=80.8s rss=1774MB hwm=1774MB
RSS_SAMPLE t=81.1s rss=1782MB hwm=1782MB
RSS_SAMPLE t=81.3s rss=1788MB hwm=1788MB
RSS_SAMPLE t=81.6s rss=1795MB hwm=1795MB
RSS_SAMPLE t=81.8s rss=1801MB hwm=1801MB
RSS_SAMPLE t=82.1s rss=1808MB hwm=1808MB
RSS_SAMPLE t=82.3s rss=1815MB hwm=1815MB
RSS_SAMPLE t=82.6s rss=1822MB hwm=1822MB
RSS_SAMPLE t=82.8s rss=1829MB hwm=1829MB
RSS_SAMPLE t=83.1s rss=1836MB hwm=1836MB
RSS_SAMPLE t=83.3s rss=1841MB hwm=1841MB
RSS_SAMPLE t=83.6s rss=1847MB hwm=1847MB
RSS_SAMPLE t=83.8s rss=1853MB hwm=1853MB
RSS_SAMPLE t=84.1s rss=1859MB hwm=1859MB
RSS_SAMPLE t=84.3s rss=1865MB hwm=1865MB
RSS_SAMPLE t=84.6s rss=1872MB hwm=1872MB
RSS_SAMPLE t=84.8s rss=1877MB hwm=1877MB
RSS_SAMPLE t=85.1s rss=1883MB hwm=1883MB
RSS_SAMPLE t=85.3s rss=1885MB hwm=1885MB
RSS_SAMPLE t=85.6s rss=1886MB hwm=1886MB
RSS_SAMPLE t=85.8s rss=1887MB hwm=1887MB
RSS_SAMPLE t=86.1s rss=1887MB hwm=1887MB
RSS_SAMPLE t=86.3s rss=1888MB hwm=1888MB
RSS_SAMPLE t=86.6s rss=1888MB hwm=1888MB
RSS_SAMPLE t=86.8s rss=1888MB hwm=1888MB
RSS_SAMPLE t=87.1s rss=1888MB hwm=1888MB
RSS_SAMPLE t=87.3s rss=1888MB hwm=1888MB
RSS_SAMPLE t=87.6s rss=1889MB hwm=1889MB
RSS_SAMPLE t=87.8s rss=1889MB hwm=1889MB
RSS_SAMPLE t=88.1s rss=1889MB hwm=1889MB
RSS_SAMPLE t=88.3s rss=1890MB hwm=1890MB
RSS_SAMPLE t=88.6s rss=1890MB hwm=1890MB
RSS_SAMPLE t=88.8s rss=1890MB hwm=1890MB
RSS_SAMPLE t=89.1s rss=1890MB hwm=1890MB
RSS_SAMPLE t=89.3s rss=1891MB hwm=1891MB
RSS_SAMPLE t=89.6s rss=1891MB hwm=1891MB
RSS_SAMPLE t=89.8s rss=1891MB hwm=1891MB
RSS_SAMPLE t=90.1s rss=1892MB hwm=1892MB
RSS_SAMPLE t=90.3s rss=1892MB hwm=1892MB
RSS_SAMPLE t=90.6s rss=1892MB hwm=1892MB
RSS_SAMPLE t=90.8s rss=1893MB hwm=1893MB
RSS_SAMPLE t=91.1s rss=1893MB hwm=1893MB
RSS_SAMPLE t=91.3s rss=1893MB hwm=1893MB
RSS_SAMPLE t=91.6s rss=1894MB hwm=1894MB
RSS_SAMPLE t=91.8s rss=1894MB hwm=1894MB
RSS_SAMPLE t=92.1s rss=1894MB hwm=1894MB
RSS_SAMPLE t=92.3s rss=1894MB hwm=1894MB
RSS_SAMPLE t=92.6s rss=1895MB hwm=1895MB
RSS_SAMPLE t=92.8s rss=1895MB hwm=1895MB
RSS_SAMPLE t=93.1s rss=1895MB hwm=1895MB
RSS_SAMPLE t=93.3s rss=1896MB hwm=1896MB
RSS_SAMPLE t=93.6s rss=1896MB hwm=1896MB
RSS_SAMPLE t=93.8s rss=1896MB hwm=1896MB
RSS_SAMPLE t=94.1s rss=1897MB hwm=1897MB
RSS_SAMPLE t=94.3s rss=1897MB hwm=1897MB
RSS_SAMPLE t=94.6s rss=1897MB hwm=1897MB
RSS_SAMPLE t=94.8s rss=1897MB hwm=1897MB
RSS_SAMPLE t=95.1s rss=1898MB hwm=1898MB
RSS_SAMPLE t=95.3s rss=1898MB hwm=1898MB
RSS_SAMPLE t=95.6s rss=1898MB hwm=1898MB
RSS_SAMPLE t=95.8s rss=1899MB hwm=1899MB
RSS_SAMPLE t=96.1s rss=1899MB hwm=1899MB
RSS_SAMPLE t=96.3s rss=1899MB hwm=1899MB
RSS_SAMPLE t=96.6s rss=1899MB hwm=1899MB
RSS_SAMPLE t=96.8s rss=1899MB hwm=1899MB
RSS_SAMPLE t=97.1s rss=1900MB hwm=1900MB
RSS_SAMPLE t=97.3s rss=1900MB hwm=1900MB
RSS_SAMPLE t=97.6s rss=1900MB hwm=1900MB
RSS_SAMPLE t=97.8s rss=1900MB hwm=1900MB
RSS_SAMPLE t=98.1s rss=1901MB hwm=1901MB
RSS_SAMPLE t=98.3s rss=1901MB hwm=1901MB
RSS_SAMPLE t=98.6s rss=1901MB hwm=1901MB
RSS_SAMPLE t=98.8s rss=1902MB hwm=1902MB
RSS_SAMPLE t=99.1s rss=1903MB hwm=1903MB
RSS_SAMPLE t=99.3s rss=1903MB hwm=1903MB
RSS_SAMPLE t=99.6s rss=1903MB hwm=1903MB
RSS_SAMPLE t=99.8s rss=1904MB hwm=1904MB
RSS_SAMPLE t=100.1s rss=1904MB hwm=1904MB
RSS_SAMPLE t=100.3s rss=1904MB hwm=1904MB
RSS_SAMPLE t=100.6s rss=1905MB hwm=1905MB
RSS_SAMPLE t=100.8s rss=1905MB hwm=1905MB
RSS_SAMPLE t=101.1s rss=1905MB hwm=1905MB
RSS_SAMPLE t=101.3s rss=1906MB hwm=1906MB
RSS_SAMPLE t=101.6s rss=1906MB hwm=1906MB
RSS_SAMPLE t=101.8s rss=1906MB hwm=1906MB
RSS_SAMPLE t=102.1s rss=1906MB hwm=1906MB
RSS_SAMPLE t=102.3s rss=1907MB hwm=1907MB
RSS_SAMPLE t=102.6s rss=1907MB hwm=1907MB
RSS_SAMPLE t=102.8s rss=1907MB hwm=1907MB
RSS_SAMPLE t=103.1s rss=1908MB hwm=1908MB
RSS_SAMPLE t=103.3s rss=1908MB hwm=1908MB
RSS_SAMPLE t=103.6s rss=1908MB hwm=1908MB
RSS_SAMPLE t=103.8s rss=1909MB hwm=1909MB
RSS_SAMPLE t=104.1s rss=1909MB hwm=1909MB
RSS_SAMPLE t=104.3s rss=1909MB hwm=1909MB
RSS_SAMPLE t=104.6s rss=1909MB hwm=1909MB
    rss_probe[outer=0]: pre_refresh_rss=1074MB post_pre_solve_rss=1909MB cache_entries=42424857 cache_cap=69325648 cache_est_mb=600
    pre_solve_diag[outer=0]: solves=105117 fallback=0 (0.0%) cap_armed=105117 (100.0%) settle_avg=10344 settle_max=69353 init_count=254
  Cell placement by tile type (iter 0, 76660 cells):
    NULL: 31596
    CLB: 27114
    IOB_W: 15019
    CLK_BUFG: 2320
    BRAM: 351
    DSP: 182
    IOB_E: 78
    Overflow: over=0 (0.0% of used) avg_excess=0.00 max_excess=0.00 (nc=0.00 cap=0 span=0)  excess_buckets: <=1=0 1-5=0 5-20=0 >20=0  by_cap: cap1=0 cap2=0 cap3-5=0 cap>5=0  by_span: s1=0 s2-3=0 s4-6=0 s7-12=0 s>12=0  le1_cross: cap1=0 cap2-5=0 cap>5=0
    Congestion: pipes=2562403 used=0 congested(>50%)=0 saturated(>90%)=0 max_util=0.00 avg_util=0.0000
PHASE_MARK outer=0 enter=dcd_sweep rss=1909MB
RSS_SAMPLE t=104.8s rss=1910MB hwm=1910MB
RSS_SAMPLE t=105.1s rss=1910MB hwm=1910MB
RSS_SAMPLE t=105.3s rss=1910MB hwm=1910MB
RSS_SAMPLE t=105.6s rss=1910MB hwm=1910MB
RSS_SAMPLE t=105.8s rss=1910MB hwm=1910MB
RSS_SAMPLE t=106.1s rss=1911MB hwm=1911MB
RSS_SAMPLE t=106.3s rss=1911MB hwm=1911MB
RSS_SAMPLE t=106.6s rss=1911MB hwm=1911MB
RSS_SAMPLE t=106.8s rss=1911MB hwm=1911MB
RSS_SAMPLE t=107.1s rss=1911MB hwm=1911MB
RSS_SAMPLE t=107.3s rss=1911MB hwm=1911MB
RSS_SAMPLE t=107.6s rss=1912MB hwm=1912MB
RSS_SAMPLE t=107.8s rss=1912MB hwm=1912MB
RSS_SAMPLE t=108.1s rss=1912MB hwm=1912MB
RSS_SAMPLE t=108.3s rss=1912MB hwm=1912MB
RSS_SAMPLE t=108.6s rss=1912MB hwm=1912MB
RSS_SAMPLE t=108.8s rss=1912MB hwm=1912MB
RSS_SAMPLE t=109.1s rss=1913MB hwm=1913MB
RSS_SAMPLE t=109.3s rss=1913MB hwm=1913MB
RSS_SAMPLE t=109.6s rss=1913MB hwm=1913MB
RSS_SAMPLE t=109.8s rss=1913MB hwm=1913MB
RSS_SAMPLE t=110.1s rss=1913MB hwm=1913MB
RSS_SAMPLE t=110.3s rss=1914MB hwm=1914MB
RSS_SAMPLE t=110.6s rss=1914MB hwm=1914MB
RSS_SAMPLE t=110.8s rss=1914MB hwm=1914MB
RSS_SAMPLE t=111.1s rss=1914MB hwm=1914MB
RSS_SAMPLE t=111.3s rss=1914MB hwm=1914MB
PHASE_MARK outer=0 leave=dcd_sweep rss=1914MB
PHASE_MARK outer=0 enter=post_refresh rss=1914MB
RSS_SAMPLE t=111.6s rss=1945MB hwm=1945MB
RSS_SAMPLE t=111.8s rss=1945MB hwm=1945MB
RSS_SAMPLE t=112.1s rss=1945MB hwm=1945MB
RSS_SAMPLE t=112.3s rss=1945MB hwm=1945MB
RSS_SAMPLE t=112.6s rss=1945MB hwm=1945MB
RSS_SAMPLE t=112.8s rss=1945MB hwm=1945MB
RSS_SAMPLE t=113.1s rss=1945MB hwm=1945MB
RSS_SAMPLE t=113.3s rss=1945MB hwm=1945MB
RSS_SAMPLE t=113.6s rss=1945MB hwm=1945MB
RSS_SAMPLE t=113.8s rss=1945MB hwm=1945MB
RSS_SAMPLE t=114.1s rss=1946MB hwm=1946MB
RSS_SAMPLE t=114.3s rss=3048MB hwm=3048MB
RSS_SAMPLE t=114.6s rss=3445MB hwm=3445MB
RSS_SAMPLE t=114.8s rss=3601MB hwm=3601MB
RSS_SAMPLE t=115.1s rss=3707MB hwm=3707MB
RSS_SAMPLE t=115.3s rss=3733MB hwm=3733MB
RSS_SAMPLE t=115.6s rss=3792MB hwm=3792MB
RSS_SAMPLE t=115.8s rss=3795MB hwm=3795MB
RSS_SAMPLE t=116.1s rss=3812MB hwm=3812MB
RSS_SAMPLE t=116.3s rss=3834MB hwm=3834MB
RSS_SAMPLE t=116.6s rss=3843MB hwm=3843MB
RSS_SAMPLE t=116.8s rss=3857MB hwm=3857MB
RSS_SAMPLE t=117.1s rss=3866MB hwm=3866MB
RSS_SAMPLE t=117.3s rss=3873MB hwm=3873MB
RSS_SAMPLE t=117.6s rss=3874MB hwm=3874MB
RSS_SAMPLE t=117.8s rss=3877MB hwm=3877MB
RSS_SAMPLE t=118.1s rss=3877MB hwm=3877MB
RSS_SAMPLE t=118.3s rss=3879MB hwm=3879MB
RSS_SAMPLE t=118.6s rss=3879MB hwm=3879MB
RSS_SAMPLE t=118.8s rss=3879MB hwm=3879MB
RSS_SAMPLE t=119.1s rss=3883MB hwm=3883MB
RSS_SAMPLE t=119.3s rss=3891MB hwm=3891MB
RSS_SAMPLE t=119.6s rss=3894MB hwm=3894MB
RSS_SAMPLE t=119.8s rss=3895MB hwm=3895MB
RSS_SAMPLE t=120.1s rss=3902MB hwm=3902MB
RSS_SAMPLE t=120.3s rss=3903MB hwm=3903MB
RSS_SAMPLE t=120.6s rss=3911MB hwm=3911MB
RSS_SAMPLE t=120.8s rss=3914MB hwm=3914MB
RSS_SAMPLE t=121.1s rss=3914MB hwm=3914MB
RSS_SAMPLE t=121.3s rss=3914MB hwm=3914MB
RSS_SAMPLE t=121.6s rss=3922MB hwm=3922MB
RSS_SAMPLE t=121.8s rss=3923MB hwm=3923MB
RSS_SAMPLE t=122.1s rss=3923MB hwm=3923MB
RSS_SAMPLE t=122.3s rss=3923MB hwm=3923MB
RSS_SAMPLE t=122.6s rss=3925MB hwm=3925MB
RSS_SAMPLE t=122.8s rss=3925MB hwm=3925MB
RSS_SAMPLE t=123.1s rss=3925MB hwm=3925MB
RSS_SAMPLE t=123.3s rss=3925MB hwm=3925MB
RSS_SAMPLE t=123.6s rss=3925MB hwm=3925MB
RSS_SAMPLE t=123.8s rss=3925MB hwm=3925MB
RSS_SAMPLE t=124.1s rss=3925MB hwm=3925MB
RSS_SAMPLE t=124.3s rss=3926MB hwm=3926MB
RSS_SAMPLE t=124.6s rss=3926MB hwm=3926MB
RSS_SAMPLE t=124.8s rss=3927MB hwm=3927MB
RSS_SAMPLE t=125.1s rss=3928MB hwm=3928MB
RSS_SAMPLE t=125.3s rss=3928MB hwm=3928MB
RSS_SAMPLE t=125.6s rss=3928MB hwm=3928MB
RSS_SAMPLE t=125.8s rss=3928MB hwm=3928MB
RSS_SAMPLE t=126.1s rss=3932MB hwm=3932MB
RSS_SAMPLE t=126.3s rss=3933MB hwm=3933MB
RSS_SAMPLE t=126.6s rss=3937MB hwm=3937MB
RSS_SAMPLE t=126.8s rss=3938MB hwm=3938MB
RSS_SAMPLE t=127.1s rss=3938MB hwm=3938MB
RSS_SAMPLE t=127.3s rss=3939MB hwm=3939MB
RSS_SAMPLE t=127.6s rss=3939MB hwm=3939MB
RSS_SAMPLE t=127.8s rss=3939MB hwm=3939MB
RSS_SAMPLE t=128.1s rss=3943MB hwm=3943MB
RSS_SAMPLE t=128.4s rss=3945MB hwm=3945MB
RSS_SAMPLE t=128.6s rss=3945MB hwm=3945MB
RSS_SAMPLE t=128.9s rss=3946MB hwm=3946MB
RSS_SAMPLE t=129.1s rss=3946MB hwm=3946MB
RSS_SAMPLE t=129.4s rss=3946MB hwm=3946MB
RSS_SAMPLE t=129.6s rss=3947MB hwm=3947MB
RSS_SAMPLE t=129.9s rss=3948MB hwm=3948MB
RSS_SAMPLE t=130.1s rss=3948MB hwm=3948MB
RSS_SAMPLE t=130.4s rss=3949MB hwm=3949MB
RSS_SAMPLE t=130.6s rss=3950MB hwm=3950MB
RSS_SAMPLE t=130.9s rss=3951MB hwm=3951MB
RSS_SAMPLE t=131.1s rss=3952MB hwm=3952MB
RSS_SAMPLE t=131.4s rss=3952MB hwm=3952MB
RSS_SAMPLE t=131.6s rss=3953MB hwm=3953MB
RSS_SAMPLE t=131.9s rss=3954MB hwm=3954MB
RSS_SAMPLE t=132.1s rss=3955MB hwm=3955MB
RSS_SAMPLE t=132.4s rss=3955MB hwm=3955MB
RSS_SAMPLE t=132.6s rss=3956MB hwm=3956MB
RSS_SAMPLE t=132.9s rss=3956MB hwm=3956MB
RSS_SAMPLE t=133.1s rss=3956MB hwm=3956MB
RSS_SAMPLE t=133.4s rss=3957MB hwm=3957MB
RSS_SAMPLE t=133.6s rss=3958MB hwm=3958MB
RSS_SAMPLE t=133.9s rss=3958MB hwm=3958MB
RSS_SAMPLE t=134.1s rss=3960MB hwm=3960MB
RSS_SAMPLE t=134.4s rss=3960MB hwm=3960MB
RSS_SAMPLE t=134.6s rss=3961MB hwm=3961MB
RSS_SAMPLE t=134.9s rss=3963MB hwm=3963MB
RSS_SAMPLE t=135.1s rss=3963MB hwm=3963MB
RSS_SAMPLE t=135.4s rss=3964MB hwm=3964MB
RSS_SAMPLE t=135.6s rss=3965MB hwm=3965MB
RSS_SAMPLE t=135.9s rss=3966MB hwm=3966MB
RSS_SAMPLE t=136.1s rss=3966MB hwm=3966MB
RSS_SAMPLE t=136.4s rss=3967MB hwm=3967MB
RSS_SAMPLE t=136.6s rss=3968MB hwm=3968MB
RSS_SAMPLE t=136.9s rss=3968MB hwm=3968MB
RSS_SAMPLE t=137.1s rss=3969MB hwm=3969MB
RSS_SAMPLE t=137.4s rss=3970MB hwm=3970MB
RSS_SAMPLE t=137.6s rss=3970MB hwm=3970MB
RSS_SAMPLE t=137.9s rss=3972MB hwm=3972MB
RSS_SAMPLE t=138.1s rss=3972MB hwm=3972MB
RSS_SAMPLE t=138.4s rss=3973MB hwm=3973MB
RSS_SAMPLE t=138.6s rss=3974MB hwm=3974MB
RSS_SAMPLE t=138.9s rss=3974MB hwm=3974MB
RSS_SAMPLE t=139.1s rss=3975MB hwm=3975MB
RSS_SAMPLE t=139.4s rss=3975MB hwm=3975MB
RSS_SAMPLE t=139.6s rss=3976MB hwm=3976MB
RSS_SAMPLE t=139.9s rss=3977MB hwm=3977MB
RSS_SAMPLE t=140.1s rss=3977MB hwm=3977MB
RSS_SAMPLE t=140.4s rss=3978MB hwm=3978MB
RSS_SAMPLE t=140.6s rss=3979MB hwm=3979MB
RSS_SAMPLE t=140.9s rss=3980MB hwm=3980MB
RSS_SAMPLE t=141.1s rss=3981MB hwm=3981MB
RSS_SAMPLE t=141.4s rss=3981MB hwm=3981MB
RSS_SAMPLE t=141.6s rss=3982MB hwm=3982MB
RSS_SAMPLE t=141.9s rss=3983MB hwm=3983MB
RSS_SAMPLE t=142.1s rss=3983MB hwm=3983MB
RSS_SAMPLE t=142.4s rss=3984MB hwm=3984MB
RSS_SAMPLE t=142.6s rss=3984MB hwm=3984MB
RSS_SAMPLE t=142.9s rss=3985MB hwm=3985MB
RSS_SAMPLE t=143.1s rss=3986MB hwm=3986MB
RSS_SAMPLE t=143.4s rss=3987MB hwm=3987MB
RSS_SAMPLE t=143.6s rss=3988MB hwm=3988MB
RSS_SAMPLE t=143.9s rss=3989MB hwm=3989MB
RSS_SAMPLE t=144.1s rss=3990MB hwm=3990MB
RSS_SAMPLE t=144.4s rss=3991MB hwm=3991MB
RSS_SAMPLE t=144.6s rss=3992MB hwm=3992MB
RSS_SAMPLE t=144.9s rss=3993MB hwm=3993MB
RSS_SAMPLE t=145.1s rss=3994MB hwm=3994MB
RSS_SAMPLE t=145.4s rss=3995MB hwm=3995MB
RSS_SAMPLE t=145.6s rss=3996MB hwm=3996MB
RSS_SAMPLE t=145.9s rss=3997MB hwm=3997MB
RSS_SAMPLE t=146.1s rss=3999MB hwm=3999MB
RSS_SAMPLE t=146.4s rss=4000MB hwm=4000MB
RSS_SAMPLE t=146.6s rss=4001MB hwm=4001MB
RSS_SAMPLE t=146.9s rss=4002MB hwm=4002MB
RSS_SAMPLE t=147.1s rss=4003MB hwm=4003MB
RSS_SAMPLE t=147.4s rss=4004MB hwm=4004MB
RSS_SAMPLE t=147.6s rss=4005MB hwm=4005MB
RSS_SAMPLE t=147.9s rss=4006MB hwm=4006MB
RSS_SAMPLE t=148.1s rss=4007MB hwm=4007MB
RSS_SAMPLE t=148.4s rss=4007MB hwm=4007MB
RSS_SAMPLE t=148.6s rss=4008MB hwm=4008MB
RSS_SAMPLE t=148.9s rss=4009MB hwm=4009MB
RSS_SAMPLE t=149.1s rss=4011MB hwm=4011MB
RSS_SAMPLE t=149.4s rss=4012MB hwm=4012MB
RSS_SAMPLE t=149.6s rss=4013MB hwm=4013MB
RSS_SAMPLE t=149.9s rss=4014MB hwm=4014MB
RSS_SAMPLE t=150.1s rss=4014MB hwm=4014MB
RSS_SAMPLE t=150.4s rss=4015MB hwm=4015MB
RSS_SAMPLE t=150.6s rss=4016MB hwm=4016MB
RSS_SAMPLE t=150.9s rss=4016MB hwm=4016MB
RSS_SAMPLE t=151.1s rss=4016MB hwm=4016MB
RSS_SAMPLE t=151.4s rss=4018MB hwm=4018MB
RSS_SAMPLE t=151.6s rss=4019MB hwm=4019MB
RSS_SAMPLE t=151.9s rss=4020MB hwm=4020MB
RSS_SAMPLE t=152.1s rss=4020MB hwm=4020MB
RSS_SAMPLE t=152.4s rss=4021MB hwm=4021MB
RSS_SAMPLE t=152.6s rss=4021MB hwm=4021MB
RSS_SAMPLE t=152.9s rss=4022MB hwm=4022MB
RSS_SAMPLE t=153.1s rss=4023MB hwm=4023MB
RSS_SAMPLE t=153.4s rss=4024MB hwm=4024MB
RSS_SAMPLE t=153.6s rss=4025MB hwm=4025MB
RSS_SAMPLE t=153.9s rss=4026MB hwm=4026MB
RSS_SAMPLE t=154.1s rss=4027MB hwm=4027MB
RSS_SAMPLE t=154.4s rss=4028MB hwm=4028MB
RSS_SAMPLE t=154.6s rss=4029MB hwm=4029MB
RSS_SAMPLE t=154.9s rss=4030MB hwm=4030MB
RSS_SAMPLE t=155.1s rss=4031MB hwm=4031MB
RSS_SAMPLE t=155.4s rss=4032MB hwm=4032MB
RSS_SAMPLE t=155.6s rss=4033MB hwm=4033MB
RSS_SAMPLE t=155.9s rss=4034MB hwm=4034MB
RSS_SAMPLE t=156.1s rss=4035MB hwm=4035MB
RSS_SAMPLE t=156.4s rss=4036MB hwm=4036MB
RSS_SAMPLE t=156.6s rss=4037MB hwm=4037MB
RSS_SAMPLE t=156.9s rss=4037MB hwm=4037MB
RSS_SAMPLE t=157.1s rss=4038MB hwm=4038MB
RSS_SAMPLE t=157.4s rss=4039MB hwm=4039MB
RSS_SAMPLE t=157.6s rss=4040MB hwm=4040MB
RSS_SAMPLE t=157.9s rss=4041MB hwm=4041MB
RSS_SAMPLE t=158.1s rss=4042MB hwm=4042MB
RSS_SAMPLE t=158.4s rss=4042MB hwm=4042MB
RSS_SAMPLE t=158.6s rss=4043MB hwm=4043MB
RSS_SAMPLE t=158.9s rss=4044MB hwm=4044MB
RSS_SAMPLE t=159.1s rss=4045MB hwm=4045MB
RSS_SAMPLE t=159.4s rss=4046MB hwm=4046MB
RSS_SAMPLE t=159.6s rss=4047MB hwm=4047MB
RSS_SAMPLE t=159.9s rss=4048MB hwm=4048MB
RSS_SAMPLE t=160.1s rss=4049MB hwm=4049MB
RSS_SAMPLE t=160.4s rss=4050MB hwm=4050MB
RSS_SAMPLE t=160.6s rss=4051MB hwm=4051MB
RSS_SAMPLE t=160.9s rss=4052MB hwm=4052MB
RSS_SAMPLE t=161.1s rss=4053MB hwm=4053MB
RSS_SAMPLE t=161.4s rss=4054MB hwm=4054MB
RSS_SAMPLE t=161.6s rss=4056MB hwm=4056MB
RSS_SAMPLE t=161.9s rss=4057MB hwm=4057MB
RSS_SAMPLE t=162.1s rss=4059MB hwm=4059MB
RSS_SAMPLE t=162.4s rss=4060MB hwm=4060MB
RSS_SAMPLE t=162.6s rss=4061MB hwm=4061MB
RSS_SAMPLE t=162.9s rss=4062MB hwm=4062MB
RSS_SAMPLE t=163.1s rss=4063MB hwm=4063MB
RSS_SAMPLE t=163.4s rss=4065MB hwm=4065MB
RSS_SAMPLE t=163.6s rss=4066MB hwm=4066MB
RSS_SAMPLE t=163.9s rss=4069MB hwm=4069MB
RSS_SAMPLE t=164.1s rss=4069MB hwm=4069MB
RSS_SAMPLE t=164.4s rss=4071MB hwm=4071MB
RSS_SAMPLE t=164.6s rss=4072MB hwm=4072MB
RSS_SAMPLE t=164.9s rss=4073MB hwm=4073MB
RSS_SAMPLE t=165.1s rss=4075MB hwm=4075MB
RSS_SAMPLE t=165.4s rss=4077MB hwm=4077MB
RSS_SAMPLE t=165.6s rss=4077MB hwm=4077MB
RSS_SAMPLE t=165.9s rss=4079MB hwm=4079MB
RSS_SAMPLE t=166.1s rss=4080MB hwm=4080MB
RSS_SAMPLE t=166.4s rss=4081MB hwm=4081MB
RSS_SAMPLE t=166.6s rss=4082MB hwm=4082MB
RSS_SAMPLE t=166.9s rss=4083MB hwm=4083MB
RSS_SAMPLE t=167.1s rss=4084MB hwm=4084MB
RSS_SAMPLE t=167.4s rss=4084MB hwm=4084MB
RSS_SAMPLE t=167.6s rss=4085MB hwm=4085MB
RSS_SAMPLE t=167.9s rss=4085MB hwm=4085MB
RSS_SAMPLE t=168.1s rss=4085MB hwm=4085MB
RSS_SAMPLE t=168.4s rss=4085MB hwm=4085MB
RSS_SAMPLE t=168.6s rss=4086MB hwm=4086MB
RSS_SAMPLE t=168.9s rss=4086MB hwm=4086MB
RSS_SAMPLE t=169.1s rss=4086MB hwm=4086MB
RSS_SAMPLE t=169.4s rss=4087MB hwm=4087MB
RSS_SAMPLE t=169.6s rss=4087MB hwm=4087MB
RSS_SAMPLE t=169.9s rss=4087MB hwm=4087MB
RSS_SAMPLE t=170.1s rss=4087MB hwm=4087MB
RSS_SAMPLE t=170.4s rss=4088MB hwm=4088MB
RSS_SAMPLE t=170.6s rss=4088MB hwm=4088MB
RSS_SAMPLE t=170.9s rss=4088MB hwm=4088MB
RSS_SAMPLE t=171.1s rss=4088MB hwm=4088MB
RSS_SAMPLE t=171.4s rss=4088MB hwm=4088MB
RSS_SAMPLE t=171.6s rss=4088MB hwm=4088MB
RSS_SAMPLE t=171.9s rss=4088MB hwm=4088MB
RSS_SAMPLE t=172.1s rss=4088MB hwm=4088MB
RSS_SAMPLE t=172.4s rss=4088MB hwm=4088MB
RSS_SAMPLE t=172.6s rss=4088MB hwm=4088MB
RSS_SAMPLE t=172.9s rss=4088MB hwm=4088MB
RSS_SAMPLE t=173.1s rss=4088MB hwm=4088MB
RSS_SAMPLE t=173.4s rss=4088MB hwm=4088MB
RSS_SAMPLE t=173.7s rss=4088MB hwm=4088MB
RSS_SAMPLE t=173.9s rss=4088MB hwm=4088MB
RSS_SAMPLE t=174.2s rss=4088MB hwm=4088MB
RSS_SAMPLE t=174.4s rss=4089MB hwm=4089MB
RSS_SAMPLE t=174.7s rss=4089MB hwm=4089MB
RSS_SAMPLE t=174.9s rss=4089MB hwm=4089MB
RSS_SAMPLE t=175.2s rss=4089MB hwm=4089MB
RSS_SAMPLE t=175.4s rss=4089MB hwm=4089MB
RSS_SAMPLE t=175.7s rss=4089MB hwm=4089MB
RSS_SAMPLE t=175.9s rss=4089MB hwm=4089MB
RSS_SAMPLE t=176.2s rss=4089MB hwm=4089MB
RSS_SAMPLE t=176.4s rss=4089MB hwm=4089MB
RSS_SAMPLE t=176.7s rss=4089MB hwm=4089MB
RSS_SAMPLE t=176.9s rss=4089MB hwm=4089MB
RSS_SAMPLE t=177.2s rss=4089MB hwm=4089MB
RSS_SAMPLE t=177.4s rss=4090MB hwm=4090MB
RSS_SAMPLE t=177.7s rss=4090MB hwm=4090MB
RSS_SAMPLE t=177.9s rss=4090MB hwm=4090MB
RSS_SAMPLE t=178.2s rss=4090MB hwm=4090MB
RSS_SAMPLE t=178.4s rss=4090MB hwm=4090MB
RSS_SAMPLE t=178.7s rss=4090MB hwm=4090MB
RSS_SAMPLE t=178.9s rss=4090MB hwm=4090MB
RSS_SAMPLE t=179.2s rss=4090MB hwm=4090MB
RSS_SAMPLE t=179.4s rss=4090MB hwm=4090MB
RSS_SAMPLE t=179.7s rss=4090MB hwm=4090MB
RSS_SAMPLE t=179.9s rss=4090MB hwm=4090MB
RSS_SAMPLE t=180.2s rss=4090MB hwm=4090MB
RSS_SAMPLE t=180.4s rss=4090MB hwm=4090MB
RSS_SAMPLE t=180.7s rss=4090MB hwm=4090MB
RSS_SAMPLE t=180.9s rss=4090MB hwm=4090MB
RSS_SAMPLE t=181.2s rss=4090MB hwm=4090MB
RSS_SAMPLE t=181.4s rss=4091MB hwm=4091MB
RSS_SAMPLE t=181.7s rss=4091MB hwm=4091MB
RSS_SAMPLE t=181.9s rss=4091MB hwm=4091MB
RSS_SAMPLE t=182.2s rss=4091MB hwm=4091MB
RSS_SAMPLE t=182.4s rss=4091MB hwm=4091MB
RSS_SAMPLE t=182.7s rss=4091MB hwm=4091MB
RSS_SAMPLE t=182.9s rss=4091MB hwm=4091MB
RSS_SAMPLE t=183.2s rss=4091MB hwm=4091MB
RSS_SAMPLE t=183.4s rss=4091MB hwm=4091MB
RSS_SAMPLE t=183.7s rss=4091MB hwm=4091MB
RSS_SAMPLE t=183.9s rss=4091MB hwm=4091MB
RSS_SAMPLE t=184.2s rss=4092MB hwm=4092MB
RSS_SAMPLE t=184.4s rss=4092MB hwm=4092MB
RSS_SAMPLE t=184.7s rss=4092MB hwm=4092MB
RSS_SAMPLE t=184.9s rss=4092MB hwm=4092MB
RSS_SAMPLE t=185.2s rss=4092MB hwm=4092MB
RSS_SAMPLE t=185.4s rss=4092MB hwm=4092MB
RSS_SAMPLE t=185.7s rss=4092MB hwm=4092MB
RSS_SAMPLE t=185.9s rss=4092MB hwm=4092MB
RSS_SAMPLE t=186.2s rss=4092MB hwm=4092MB
RSS_SAMPLE t=186.4s rss=4092MB hwm=4092MB
RSS_SAMPLE t=186.7s rss=4093MB hwm=4093MB
RSS_SAMPLE t=186.9s rss=4093MB hwm=4093MB
RSS_SAMPLE t=187.2s rss=4093MB hwm=4093MB
RSS_SAMPLE t=187.4s rss=4093MB hwm=4093MB
RSS_SAMPLE t=187.7s rss=4093MB hwm=4093MB
RSS_SAMPLE t=187.9s rss=4093MB hwm=4093MB
RSS_SAMPLE t=188.2s rss=4093MB hwm=4093MB
RSS_SAMPLE t=188.4s rss=4093MB hwm=4093MB
RSS_SAMPLE t=188.7s rss=4093MB hwm=4093MB
RSS_SAMPLE t=188.9s rss=4094MB hwm=4094MB
RSS_SAMPLE t=189.2s rss=4094MB hwm=4094MB
RSS_SAMPLE t=189.4s rss=4094MB hwm=4094MB
RSS_SAMPLE t=189.7s rss=4094MB hwm=4094MB
RSS_SAMPLE t=189.9s rss=4094MB hwm=4094MB
RSS_SAMPLE t=190.2s rss=4094MB hwm=4094MB
RSS_SAMPLE t=190.4s rss=4094MB hwm=4094MB
RSS_SAMPLE t=190.7s rss=4094MB hwm=4094MB
RSS_SAMPLE t=190.9s rss=4095MB hwm=4095MB
RSS_SAMPLE t=191.2s rss=4095MB hwm=4095MB
RSS_SAMPLE t=191.4s rss=4095MB hwm=4095MB
RSS_SAMPLE t=191.7s rss=4095MB hwm=4095MB
RSS_SAMPLE t=191.9s rss=4095MB hwm=4095MB
RSS_SAMPLE t=192.2s rss=4095MB hwm=4095MB
RSS_SAMPLE t=192.4s rss=4095MB hwm=4095MB
MEM_POOL: workspaces=32 dense_usage_mb=1251 n_pipes=2562403
    post_solve_diag[outer=0]: solves=105117 cap_armed=105117 (100.0%) settle_avg=9395 above_sink_avg=228 (2.4%) settle_max=69353
    load_support[outer=0]: settle_avg=9395 load_nz_avg=5778 (61.5%) load_material_avg=2242 (23.9%)
    settle_hist[outer=0]: <100: 25291nets/0.1%work  <1k: 22021nets/0.7%work  <5k: 24036nets/6.4%work  <20k: 14257nets/15.8%work  <60k: 17148nets/61.1%work  >=60k: 2364nets/15.9%work
    fanout_hist[outer=0]: fan1: 43710nets/13.4%work  fan2-4: 48279nets/50.8%work  fan5-16: 12974nets/35.0%work  fan17-64: 154nets/0.8%work  fan65-256: 0nets/0.0%work  fan>256: 0nets/0.0%work
    rss_probe[outer=0]: pre_post_solve=1946MB post_post_solve=4114MB after_apply=4115MB
MuxSlotTracker[sweep 0 LEAK]: populated_cells=60006, overflow_tiles=4, at_cap_tiles=1517, peak_excess=10, capacity_hist={16:67346}
RSS_SAMPLE t=192.7s rss=4099MB hwm=4111MB
    E_decomp: base=10465395.1 eff=10995574.8 cong=530179.7 cong_share=4.8% sat_pipes=176598 max_util=1127.09  R_buckets: 1-2x=2562403 2-10x=0 10-100x=0 >=100x=0
    E_potential: beckmann=13633789594244.7 history_total=0.0
    SpanCache: epoch=1 entries=110 lookups=2562403 hits=2562293 misses=110 hit_rate=100.0%
  DCD   0: nets=105117 line=17141328 energy=2332954.853 dE=+0.000 friction=4257785.2 bins=2.7x(1086) excess=560.7 moved=59810 disp=inf solves=210234 skip=0 pops=2074936236 theta=0.250 refresh=126700ms dcd=6781ms total=136199ms
    cache_stats: entries=52756521 capacity=89148332 est_mb=770 rss_mb=4099
RSS_SAMPLE t=192.9s rss=4099MB hwm=4111MB
RSS_SAMPLE t=193.2s rss=4099MB hwm=4111MB
RSS_SAMPLE t=193.4s rss=4099MB hwm=4111MB
RSS_SAMPLE t=193.7s rss=4099MB hwm=4111MB
RSS_SAMPLE t=193.9s rss=4099MB hwm=4111MB
RSS_SAMPLE t=194.2s rss=4099MB hwm=4111MB
RSS_SAMPLE t=194.4s rss=4099MB hwm=4111MB
RSS_SAMPLE t=194.7s rss=4099MB hwm=4111MB
RSS_SAMPLE t=194.9s rss=4099MB hwm=4111MB
RSS_SAMPLE t=195.2s rss=4099MB hwm=4111MB
RSS_SAMPLE t=195.4s rss=4099MB hwm=4111MB
    SwitchMatrix: type_usage_pairs=848 lookups=2503 hits=1655 dijkstra_calls=848 avg_us=12.5 total_ms=10.6
PHASE_MARK outer=1 enter=pre_solve rss=4099MB
    rss_probe[outer=1]: pre_refresh_rss=4099MB post_pre_solve_rss=4099MB cache_entries=52756521 cache_cap=89148332 cache_est_mb=770
    pre_solve_diag[outer=1]: solves=0 fallback=0 (0.0%) cap_armed=0 (0.0%) settle_avg=0 settle_max=0 init_count=254
    Overflow: over=152243 (5.9% of used) avg_excess=2.33 max_excess=1515.57 (nc=1539.57 cap=24 span=1)  excess_buckets: <=1=79764 1-5=56244 5-20=14757 >20=1478  by_cap: cap1=79601 cap2=46591 cap3-5=140 cap>5=25911  by_span: s1=1560 s2-3=1857 s4-6=15889 s7-12=51522 s>12=81415  le1_cross: cap1=50987 cap2-5=25548 cap>5=3229
    Congestion: pipes=2562403 used=2562403 congested(>50%)=363703 saturated(>90%)=176598 max_util=1127.09 avg_util=0.2984
PHASE_MARK outer=1 enter=dcd_sweep rss=4099MB
RSS_SAMPLE t=195.7s rss=4099MB hwm=4111MB
RSS_SAMPLE t=195.9s rss=4099MB hwm=4111MB
RSS_SAMPLE t=196.2s rss=4099MB hwm=4111MB
RSS_SAMPLE t=196.4s rss=4099MB hwm=4111MB
RSS_SAMPLE t=196.7s rss=4099MB hwm=4111MB
RSS_SAMPLE t=196.9s rss=4099MB hwm=4111MB
RSS_SAMPLE t=197.2s rss=4099MB hwm=4111MB
RSS_SAMPLE t=197.4s rss=4099MB hwm=4111MB
RSS_SAMPLE t=197.7s rss=4099MB hwm=4111MB
RSS_SAMPLE t=197.9s rss=4099MB hwm=4111MB
RSS_SAMPLE t=198.2s rss=4099MB hwm=4111MB
RSS_SAMPLE t=198.4s rss=4099MB hwm=4111MB
RSS_SAMPLE t=198.7s rss=4099MB hwm=4111MB
RSS_SAMPLE t=198.9s rss=4099MB hwm=4111MB
RSS_SAMPLE t=199.2s rss=4099MB hwm=4111MB
RSS_SAMPLE t=199.4s rss=4099MB hwm=4111MB
RSS_SAMPLE t=199.7s rss=4099MB hwm=4111MB
RSS_SAMPLE t=199.9s rss=4099MB hwm=4111MB
RSS_SAMPLE t=200.2s rss=4099MB hwm=4111MB
RSS_SAMPLE t=200.4s rss=4099MB hwm=4111MB
RSS_SAMPLE t=200.7s rss=4099MB hwm=4111MB
RSS_SAMPLE t=200.9s rss=4099MB hwm=4111MB
RSS_SAMPLE t=201.2s rss=4099MB hwm=4111MB
RSS_SAMPLE t=201.4s rss=4099MB hwm=4111MB
RSS_SAMPLE t=201.7s rss=4099MB hwm=4111MB
RSS_SAMPLE t=201.9s rss=4099MB hwm=4111MB
RSS_SAMPLE t=202.2s rss=4099MB hwm=4111MB
PHASE_MARK outer=1 leave=dcd_sweep rss=4099MB
PHASE_MARK outer=1 enter=post_refresh rss=4099MB
RSS_SAMPLE t=202.4s rss=4108MB hwm=4111MB
RSS_SAMPLE t=202.7s rss=4108MB hwm=4111MB
RSS_SAMPLE t=202.9s rss=4108MB hwm=4111MB
RSS_SAMPLE t=203.2s rss=4108MB hwm=4111MB
RSS_SAMPLE t=203.4s rss=4108MB hwm=4111MB
RSS_SAMPLE t=203.7s rss=4108MB hwm=4111MB
RSS_SAMPLE t=203.9s rss=4108MB hwm=4111MB
RSS_SAMPLE t=204.2s rss=4108MB hwm=4111MB
RSS_SAMPLE t=204.4s rss=4108MB hwm=4111MB
RSS_SAMPLE t=204.7s rss=4108MB hwm=4111MB
RSS_SAMPLE t=204.9s rss=4108MB hwm=4111MB
RSS_SAMPLE t=205.2s rss=4176MB hwm=4176MB
RSS_SAMPLE t=205.4s rss=4191MB hwm=4191MB
RSS_SAMPLE t=205.7s rss=4197MB hwm=4197MB
RSS_SAMPLE t=205.9s rss=4202MB hwm=4202MB
RSS_SAMPLE t=206.2s rss=4207MB hwm=4207MB
RSS_SAMPLE t=206.4s rss=4211MB hwm=4211MB
RSS_SAMPLE t=206.7s rss=4213MB hwm=4213MB
RSS_SAMPLE t=206.9s rss=4215MB hwm=4215MB
RSS_SAMPLE t=207.2s rss=4216MB hwm=4216MB
RSS_SAMPLE t=207.4s rss=4218MB hwm=4218MB
RSS_SAMPLE t=207.7s rss=4220MB hwm=4220MB
RSS_SAMPLE t=207.9s rss=4222MB hwm=4222MB
RSS_SAMPLE t=208.2s rss=4224MB hwm=4224MB
RSS_SAMPLE t=208.4s rss=4226MB hwm=4226MB
RSS_SAMPLE t=208.7s rss=4227MB hwm=4227MB
RSS_SAMPLE t=208.9s rss=4228MB hwm=4228MB
RSS_SAMPLE t=209.2s rss=4229MB hwm=4229MB
RSS_SAMPLE t=209.4s rss=4230MB hwm=4230MB
RSS_SAMPLE t=209.7s rss=4233MB hwm=4233MB
RSS_SAMPLE t=209.9s rss=4234MB hwm=4234MB
RSS_SAMPLE t=210.2s rss=4235MB hwm=4235MB
RSS_SAMPLE t=210.4s rss=4237MB hwm=4237MB
RSS_SAMPLE t=210.7s rss=4239MB hwm=4239MB
RSS_SAMPLE t=210.9s rss=4240MB hwm=4240MB
RSS_SAMPLE t=211.2s rss=4241MB hwm=4241MB
RSS_SAMPLE t=211.4s rss=4242MB hwm=4242MB
RSS_SAMPLE t=211.7s rss=4243MB hwm=4243MB
RSS_SAMPLE t=211.9s rss=4244MB hwm=4244MB
RSS_SAMPLE t=212.2s rss=4244MB hwm=4244MB
RSS_SAMPLE t=212.4s rss=4246MB hwm=4246MB
RSS_SAMPLE t=212.7s rss=4246MB hwm=4246MB
RSS_SAMPLE t=212.9s rss=4248MB hwm=4248MB
RSS_SAMPLE t=213.2s rss=4249MB hwm=4249MB
RSS_SAMPLE t=213.4s rss=4250MB hwm=4250MB
RSS_SAMPLE t=213.7s rss=4251MB hwm=4251MB
RSS_SAMPLE t=213.9s rss=4252MB hwm=4252MB
RSS_SAMPLE t=214.2s rss=4254MB hwm=4254MB
RSS_SAMPLE t=214.4s rss=4254MB hwm=4254MB
RSS_SAMPLE t=214.7s rss=4255MB hwm=4255MB
RSS_SAMPLE t=214.9s rss=4257MB hwm=4257MB
RSS_SAMPLE t=215.2s rss=4258MB hwm=4258MB
RSS_SAMPLE t=215.4s rss=4259MB hwm=4259MB
RSS_SAMPLE t=215.7s rss=4260MB hwm=4260MB
RSS_SAMPLE t=215.9s rss=4261MB hwm=4261MB
RSS_SAMPLE t=216.2s rss=4261MB hwm=4261MB
RSS_SAMPLE t=216.4s rss=4262MB hwm=4262MB
RSS_SAMPLE t=216.7s rss=4263MB hwm=4263MB
RSS_SAMPLE t=216.9s rss=4265MB hwm=4265MB
RSS_SAMPLE t=217.2s rss=4265MB hwm=4265MB
RSS_SAMPLE t=217.4s rss=4266MB hwm=4266MB
RSS_SAMPLE t=217.7s rss=4267MB hwm=4267MB
RSS_SAMPLE t=217.9s rss=4268MB hwm=4268MB
RSS_SAMPLE t=218.2s rss=4269MB hwm=4269MB
RSS_SAMPLE t=218.4s rss=4269MB hwm=4269MB
RSS_SAMPLE t=218.7s rss=4270MB hwm=4270MB
RSS_SAMPLE t=218.9s rss=4271MB hwm=4271MB
RSS_SAMPLE t=219.2s rss=4271MB hwm=4271MB
RSS_SAMPLE t=219.4s rss=4271MB hwm=4271MB
RSS_SAMPLE t=219.7s rss=4272MB hwm=4272MB
RSS_SAMPLE t=219.9s rss=4273MB hwm=4273MB
RSS_SAMPLE t=220.2s rss=4274MB hwm=4274MB
RSS_SAMPLE t=220.4s rss=4275MB hwm=4275MB
RSS_SAMPLE t=220.7s rss=4276MB hwm=4276MB
RSS_SAMPLE t=220.9s rss=4277MB hwm=4277MB
RSS_SAMPLE t=221.2s rss=4277MB hwm=4277MB
RSS_SAMPLE t=221.4s rss=4278MB hwm=4278MB
RSS_SAMPLE t=221.7s rss=4279MB hwm=4279MB
RSS_SAMPLE t=221.9s rss=4280MB hwm=4280MB
RSS_SAMPLE t=222.2s rss=4280MB hwm=4280MB
RSS_SAMPLE t=222.4s rss=4280MB hwm=4280MB
RSS_SAMPLE t=222.7s rss=4281MB hwm=4281MB
RSS_SAMPLE t=222.9s rss=4281MB hwm=4281MB
RSS_SAMPLE t=223.2s rss=4282MB hwm=4282MB
RSS_SAMPLE t=223.4s rss=4283MB hwm=4283MB
RSS_SAMPLE t=223.7s rss=4284MB hwm=4284MB
RSS_SAMPLE t=223.9s rss=4284MB hwm=4284MB
RSS_SAMPLE t=224.2s rss=4285MB hwm=4285MB
RSS_SAMPLE t=224.4s rss=4285MB hwm=4285MB
RSS_SAMPLE t=224.7s rss=4286MB hwm=4286MB
RSS_SAMPLE t=224.9s rss=4286MB hwm=4286MB
RSS_SAMPLE t=225.2s rss=4287MB hwm=4287MB
RSS_SAMPLE t=225.4s rss=4287MB hwm=4287MB
RSS_SAMPLE t=225.7s rss=4288MB hwm=4288MB
RSS_SAMPLE t=225.9s rss=4288MB hwm=4288MB
RSS_SAMPLE t=226.2s rss=4289MB hwm=4289MB
RSS_SAMPLE t=226.4s rss=4289MB hwm=4289MB
RSS_SAMPLE t=226.7s rss=4289MB hwm=4289MB
RSS_SAMPLE t=226.9s rss=4289MB hwm=4289MB
RSS_SAMPLE t=227.2s rss=4289MB hwm=4289MB
RSS_SAMPLE t=227.4s rss=4289MB hwm=4289MB
RSS_SAMPLE t=227.7s rss=4289MB hwm=4289MB
RSS_SAMPLE t=227.9s rss=4289MB hwm=4289MB
RSS_SAMPLE t=228.2s rss=4289MB hwm=4289MB
RSS_SAMPLE t=228.4s rss=4290MB hwm=4290MB
RSS_SAMPLE t=228.7s rss=4290MB hwm=4290MB
RSS_SAMPLE t=228.9s rss=4290MB hwm=4290MB
RSS_SAMPLE t=229.2s rss=4290MB hwm=4290MB
RSS_SAMPLE t=229.4s rss=4290MB hwm=4290MB
RSS_SAMPLE t=229.7s rss=4290MB hwm=4290MB
RSS_SAMPLE t=229.9s rss=4290MB hwm=4290MB
RSS_SAMPLE t=230.2s rss=4290MB hwm=4290MB
RSS_SAMPLE t=230.4s rss=4290MB hwm=4290MB
RSS_SAMPLE t=230.7s rss=4290MB hwm=4290MB
RSS_SAMPLE t=230.9s rss=4290MB hwm=4290MB
RSS_SAMPLE t=231.2s rss=4290MB hwm=4290MB
RSS_SAMPLE t=231.4s rss=4290MB hwm=4290MB
RSS_SAMPLE t=231.7s rss=4290MB hwm=4290MB
RSS_SAMPLE t=231.9s rss=4290MB hwm=4290MB
RSS_SAMPLE t=232.2s rss=4290MB hwm=4290MB
RSS_SAMPLE t=232.4s rss=4290MB hwm=4290MB
RSS_SAMPLE t=232.7s rss=4291MB hwm=4291MB
RSS_SAMPLE t=232.9s rss=4291MB hwm=4291MB
RSS_SAMPLE t=233.2s rss=4291MB hwm=4291MB
RSS_SAMPLE t=233.4s rss=4291MB hwm=4291MB
RSS_SAMPLE t=233.7s rss=4291MB hwm=4291MB
RSS_SAMPLE t=234.0s rss=4291MB hwm=4291MB
RSS_SAMPLE t=234.2s rss=4291MB hwm=4291MB
RSS_SAMPLE t=234.5s rss=4291MB hwm=4291MB
RSS_SAMPLE t=234.7s rss=4291MB hwm=4291MB
RSS_SAMPLE t=235.0s rss=4291MB hwm=4291MB
RSS_SAMPLE t=235.2s rss=4291MB hwm=4291MB
RSS_SAMPLE t=235.5s rss=4291MB hwm=4291MB
RSS_SAMPLE t=235.7s rss=4291MB hwm=4291MB
RSS_SAMPLE t=236.0s rss=4291MB hwm=4291MB
RSS_SAMPLE t=236.2s rss=4291MB hwm=4291MB
RSS_SAMPLE t=236.5s rss=4291MB hwm=4291MB
RSS_SAMPLE t=236.7s rss=4291MB hwm=4291MB
RSS_SAMPLE t=237.0s rss=4291MB hwm=4291MB
RSS_SAMPLE t=237.2s rss=4292MB hwm=4292MB
RSS_SAMPLE t=237.5s rss=4292MB hwm=4292MB
RSS_SAMPLE t=237.7s rss=4292MB hwm=4292MB
RSS_SAMPLE t=238.0s rss=4292MB hwm=4292MB
RSS_SAMPLE t=238.2s rss=4292MB hwm=4292MB
RSS_SAMPLE t=238.5s rss=4293MB hwm=4293MB
RSS_SAMPLE t=238.7s rss=4293MB hwm=4293MB
RSS_SAMPLE t=239.0s rss=4293MB hwm=4293MB
RSS_SAMPLE t=239.2s rss=4293MB hwm=4293MB
RSS_SAMPLE t=239.5s rss=4293MB hwm=4293MB
RSS_SAMPLE t=239.7s rss=4293MB hwm=4293MB
RSS_SAMPLE t=240.0s rss=4293MB hwm=4293MB
RSS_SAMPLE t=240.2s rss=4293MB hwm=4293MB
RSS_SAMPLE t=240.5s rss=4293MB hwm=4293MB
RSS_SAMPLE t=240.7s rss=4293MB hwm=4293MB
RSS_SAMPLE t=241.0s rss=4293MB hwm=4293MB
RSS_SAMPLE t=241.2s rss=4293MB hwm=4293MB
RSS_SAMPLE t=241.5s rss=4293MB hwm=4293MB
RSS_SAMPLE t=241.7s rss=4293MB hwm=4293MB
RSS_SAMPLE t=242.0s rss=4293MB hwm=4293MB
RSS_SAMPLE t=242.2s rss=4293MB hwm=4293MB
RSS_SAMPLE t=242.5s rss=4293MB hwm=4293MB
RSS_SAMPLE t=242.7s rss=4293MB hwm=4293MB
RSS_SAMPLE t=243.0s rss=4293MB hwm=4293MB
RSS_SAMPLE t=243.2s rss=4293MB hwm=4293MB
RSS_SAMPLE t=243.5s rss=4293MB hwm=4293MB
RSS_SAMPLE t=243.7s rss=4293MB hwm=4293MB
RSS_SAMPLE t=244.0s rss=4293MB hwm=4293MB
RSS_SAMPLE t=244.2s rss=4294MB hwm=4294MB
RSS_SAMPLE t=244.5s rss=4294MB hwm=4294MB
RSS_SAMPLE t=244.7s rss=4294MB hwm=4294MB
RSS_SAMPLE t=245.0s rss=4294MB hwm=4294MB
RSS_SAMPLE t=245.2s rss=4294MB hwm=4294MB
RSS_SAMPLE t=245.5s rss=4294MB hwm=4294MB
RSS_SAMPLE t=245.7s rss=4294MB hwm=4294MB
RSS_SAMPLE t=246.0s rss=4294MB hwm=4294MB
RSS_SAMPLE t=246.2s rss=4294MB hwm=4294MB
RSS_SAMPLE t=246.5s rss=4294MB hwm=4294MB
MEM_POOL: workspaces=32 dense_usage_mb=1251 n_pipes=2562403
    post_solve_diag[outer=1]: solves=105117 cap_armed=105117 (100.0%) settle_avg=8159 above_sink_avg=136 (1.7%) settle_max=69353
    load_support[outer=1]: settle_avg=8159 load_nz_avg=1002 (12.3%) load_material_avg=630 (7.7%)
    settle_hist[outer=1]: <100: 27351nets/0.1%work  <1k: 23964nets/1.0%work  <5k: 23420nets/6.8%work  <20k: 13618nets/17.7%work  <60k: 15018nets/61.1%work  >=60k: 1746nets/13.4%work
    fanout_hist[outer=1]: fan1: 43710nets/11.8%work  fan2-4: 48279nets/50.3%work  fan5-16: 12974nets/36.9%work  fan17-64: 154nets/0.9%work  fan65-256: 0nets/0.0%work  fan>256: 0nets/0.0%work
    rss_probe[outer=1]: pre_post_solve=4108MB post_post_solve=4313MB after_apply=4313MB
MuxSlotTracker[sweep 1 LEAK]: populated_cells=64871, overflow_tiles=1, at_cap_tiles=985, peak_excess=5, capacity_hist={16:67346}
RSS_SAMPLE t=246.7s rss=4315MB hwm=4315MB
    E_decomp: base=8616790.3 eff=64763770382431.9 cong=64763761765641.6 cong_share=100.0% sat_pipes=119868 max_util=2520.65  R_buckets: 1-2x=134435 2-10x=1039 10-100x=566 >=100x=2426363
    E_potential: beckmann=8429048081210979.0 history_total=0.0
    SpanCache: epoch=2 entries=2503 lookups=2562403 hits=2559900 misses=2503 hit_rate=99.9%
  DCD   1: nets=105117 line=16299443 energy=5123664926.067 dE=+5121331971.214 friction=263794765.6 bins=2.1x(1074) excess=412.7 moved=64652 disp=11.375 solves=105117 skip=105117 pops=857688704 theta=1.118 refresh=44333ms dcd=6877ms total=54028ms
    cache_stats: entries=50578165 capacity=88577186 est_mb=765 rss_mb=4315
RSS_SAMPLE t=247.0s rss=4315MB hwm=4315MB
RSS_SAMPLE t=247.2s rss=4315MB hwm=4315MB
RSS_SAMPLE t=247.5s rss=4315MB hwm=4315MB
RSS_SAMPLE t=247.7s rss=4315MB hwm=4315MB
RSS_SAMPLE t=248.0s rss=4315MB hwm=4315MB
RSS_SAMPLE t=248.2s rss=4315MB hwm=4315MB
RSS_SAMPLE t=248.5s rss=4315MB hwm=4315MB
RSS_SAMPLE t=248.7s rss=4315MB hwm=4315MB
RSS_SAMPLE t=249.0s rss=4315MB hwm=4315MB
RSS_SAMPLE t=249.2s rss=4315MB hwm=4315MB
RSS_SAMPLE t=249.5s rss=4315MB hwm=4315MB
    SwitchMatrix: type_usage_pairs=1351 lookups=3270 hits=1919 dijkstra_calls=1351 avg_us=9.1 total_ms=12.3
PHASE_MARK outer=2 enter=pre_solve rss=4315MB
    rss_probe[outer=2]: pre_refresh_rss=4315MB post_pre_solve_rss=4333MB cache_entries=50578165 cache_cap=88577186 cache_est_mb=765
    pre_solve_diag[outer=2]: solves=0 fallback=0 (0.0%) cap_armed=0 (0.0%) settle_avg=0 settle_max=0 init_count=248
    Overflow: over=108215 (4.2% of used) avg_excess=11.26 max_excess=3171.11 (nc=3195.11 cap=24 span=1)  excess_buckets: <=1=37982 1-5=50797 5-20=14967 >20=4469  by_cap: cap1=28815 cap2=72055 cap3-5=25 cap>5=7320  by_span: s1=681 s2-3=1567 s4-6=4548 s7-12=72393 s>12=29026  le1_cross: cap1=22461 cap2-5=13987 cap>5=1534
    Congestion: pipes=2562403 used=2562403 congested(>50%)=216952 saturated(>90%)=119868 max_util=2520.65 avg_util=0.3213
PHASE_MARK outer=2 enter=dcd_sweep rss=4333MB
RSS_SAMPLE t=249.7s rss=4333MB hwm=4333MB
RSS_SAMPLE t=250.0s rss=4333MB hwm=4333MB
RSS_SAMPLE t=250.2s rss=4333MB hwm=4333MB
RSS_SAMPLE t=250.5s rss=4333MB hwm=4333MB
RSS_SAMPLE t=250.7s rss=4333MB hwm=4333MB
RSS_SAMPLE t=251.0s rss=4333MB hwm=4333MB
RSS_SAMPLE t=251.2s rss=4333MB hwm=4333MB
RSS_SAMPLE t=251.5s rss=4333MB hwm=4333MB
RSS_SAMPLE t=251.7s rss=4333MB hwm=4333MB
RSS_SAMPLE t=252.0s rss=4333MB hwm=4333MB
RSS_SAMPLE t=252.2s rss=4333MB hwm=4333MB
RSS_SAMPLE t=252.5s rss=4333MB hwm=4333MB
RSS_SAMPLE t=252.7s rss=4333MB hwm=4333MB
RSS_SAMPLE t=253.0s rss=4333MB hwm=4333MB
RSS_SAMPLE t=253.2s rss=4333MB hwm=4333MB
RSS_SAMPLE t=253.5s rss=4333MB hwm=4333MB
RSS_SAMPLE t=253.7s rss=4333MB hwm=4333MB
RSS_SAMPLE t=254.0s rss=4333MB hwm=4333MB
RSS_SAMPLE t=254.2s rss=4333MB hwm=4333MB
RSS_SAMPLE t=254.5s rss=4333MB hwm=4333MB
RSS_SAMPLE t=254.7s rss=4333MB hwm=4333MB
RSS_SAMPLE t=255.0s rss=4333MB hwm=4333MB
RSS_SAMPLE t=255.2s rss=4333MB hwm=4333MB
RSS_SAMPLE t=255.5s rss=4333MB hwm=4333MB
RSS_SAMPLE t=255.7s rss=4333MB hwm=4333MB
RSS_SAMPLE t=256.0s rss=4333MB hwm=4333MB
RSS_SAMPLE t=256.2s rss=4333MB hwm=4333MB
RSS_SAMPLE t=256.5s rss=4333MB hwm=4333MB
PHASE_MARK outer=2 leave=dcd_sweep rss=4333MB
PHASE_MARK outer=2 enter=post_refresh rss=4333MB
RSS_SAMPLE t=256.7s rss=4335MB hwm=4335MB
RSS_SAMPLE t=257.0s rss=4335MB hwm=4335MB
RSS_SAMPLE t=257.2s rss=4335MB hwm=4335MB
RSS_SAMPLE t=257.5s rss=4335MB hwm=4335MB
RSS_SAMPLE t=257.7s rss=4335MB hwm=4335MB
RSS_SAMPLE t=258.0s rss=4335MB hwm=4335MB
RSS_SAMPLE t=258.2s rss=4335MB hwm=4335MB
RSS_SAMPLE t=258.5s rss=4335MB hwm=4335MB
RSS_SAMPLE t=258.7s rss=4335MB hwm=4335MB
RSS_SAMPLE t=259.0s rss=4335MB hwm=4335MB
RSS_SAMPLE t=259.2s rss=4335MB hwm=4335MB
RSS_SAMPLE t=259.5s rss=4337MB hwm=4337MB
RSS_SAMPLE t=259.7s rss=4339MB hwm=4339MB
RSS_SAMPLE t=260.0s rss=4340MB hwm=4340MB
RSS_SAMPLE t=260.2s rss=4342MB hwm=4342MB
RSS_SAMPLE t=260.5s rss=4343MB hwm=4343MB
RSS_SAMPLE t=260.7s rss=4344MB hwm=4344MB
RSS_SAMPLE t=261.0s rss=4344MB hwm=4344MB
RSS_SAMPLE t=261.2s rss=4345MB hwm=4345MB
RSS_SAMPLE t=261.5s rss=4346MB hwm=4346MB
RSS_SAMPLE t=261.7s rss=4347MB hwm=4347MB
RSS_SAMPLE t=262.0s rss=4347MB hwm=4347MB
RSS_SAMPLE t=262.2s rss=4348MB hwm=4348MB
RSS_SAMPLE t=262.5s rss=4349MB hwm=4349MB
RSS_SAMPLE t=262.7s rss=4349MB hwm=4349MB
RSS_SAMPLE t=263.0s rss=4349MB hwm=4349MB
RSS_SAMPLE t=263.2s rss=4350MB hwm=4350MB
RSS_SAMPLE t=263.5s rss=4350MB hwm=4350MB
RSS_SAMPLE t=263.7s rss=4351MB hwm=4351MB
RSS_SAMPLE t=264.0s rss=4352MB hwm=4352MB
RSS_SAMPLE t=264.2s rss=4352MB hwm=4352MB
RSS_SAMPLE t=264.5s rss=4352MB hwm=4352MB
RSS_SAMPLE t=264.7s rss=4353MB hwm=4353MB
RSS_SAMPLE t=265.0s rss=4353MB hwm=4353MB
RSS_SAMPLE t=265.2s rss=4354MB hwm=4354MB
RSS_SAMPLE t=265.5s rss=4355MB hwm=4355MB
RSS_SAMPLE t=265.7s rss=4355MB hwm=4355MB
RSS_SAMPLE t=266.0s rss=4355MB hwm=4355MB
RSS_SAMPLE t=266.2s rss=4356MB hwm=4356MB
RSS_SAMPLE t=266.5s rss=4356MB hwm=4356MB
RSS_SAMPLE t=266.7s rss=4356MB hwm=4356MB
RSS_SAMPLE t=267.0s rss=4356MB hwm=4356MB
RSS_SAMPLE t=267.2s rss=4357MB hwm=4357MB
RSS_SAMPLE t=267.5s rss=4357MB hwm=4357MB
RSS_SAMPLE t=267.7s rss=4357MB hwm=4357MB
RSS_SAMPLE t=268.0s rss=4358MB hwm=4358MB
RSS_SAMPLE t=268.2s rss=4359MB hwm=4359MB
RSS_SAMPLE t=268.5s rss=4359MB hwm=4359MB
RSS_SAMPLE t=268.7s rss=4360MB hwm=4360MB
RSS_SAMPLE t=269.0s rss=4360MB hwm=4360MB
RSS_SAMPLE t=269.2s rss=4360MB hwm=4360MB
RSS_SAMPLE t=269.5s rss=4361MB hwm=4361MB
RSS_SAMPLE t=269.7s rss=4362MB hwm=4362MB
RSS_SAMPLE t=270.0s rss=4362MB hwm=4362MB
RSS_SAMPLE t=270.2s rss=4363MB hwm=4363MB
RSS_SAMPLE t=270.5s rss=4364MB hwm=4364MB
RSS_SAMPLE t=270.7s rss=4364MB hwm=4364MB
RSS_SAMPLE t=271.0s rss=4365MB hwm=4365MB
RSS_SAMPLE t=271.2s rss=4365MB hwm=4365MB
RSS_SAMPLE t=271.5s rss=4366MB hwm=4366MB
RSS_SAMPLE t=271.7s rss=4366MB hwm=4366MB
RSS_SAMPLE t=272.0s rss=4366MB hwm=4366MB
RSS_SAMPLE t=272.2s rss=4367MB hwm=4367MB
RSS_SAMPLE t=272.5s rss=4367MB hwm=4367MB
RSS_SAMPLE t=272.7s rss=4368MB hwm=4368MB
RSS_SAMPLE t=273.0s rss=4368MB hwm=4368MB
RSS_SAMPLE t=273.2s rss=4368MB hwm=4368MB
RSS_SAMPLE t=273.5s rss=4369MB hwm=4369MB
RSS_SAMPLE t=273.7s rss=4369MB hwm=4369MB
RSS_SAMPLE t=274.0s rss=4369MB hwm=4369MB
RSS_SAMPLE t=274.2s rss=4370MB hwm=4370MB
RSS_SAMPLE t=274.5s rss=4370MB hwm=4370MB
RSS_SAMPLE t=274.7s rss=4370MB hwm=4370MB
RSS_SAMPLE t=275.0s rss=4371MB hwm=4371MB
RSS_SAMPLE t=275.2s rss=4371MB hwm=4371MB
RSS_SAMPLE t=275.5s rss=4371MB hwm=4371MB
RSS_SAMPLE t=275.7s rss=4371MB hwm=4371MB
RSS_SAMPLE t=276.0s rss=4371MB hwm=4371MB
RSS_SAMPLE t=276.2s rss=4371MB hwm=4371MB
RSS_SAMPLE t=276.5s rss=4371MB hwm=4371MB
RSS_SAMPLE t=276.7s rss=4372MB hwm=4372MB
RSS_SAMPLE t=277.0s rss=4372MB hwm=4372MB
RSS_SAMPLE t=277.2s rss=4372MB hwm=4372MB
RSS_SAMPLE t=277.5s rss=4372MB hwm=4372MB
RSS_SAMPLE t=277.7s rss=4372MB hwm=4372MB
RSS_SAMPLE t=278.0s rss=4372MB hwm=4372MB
RSS_SAMPLE t=278.2s rss=4372MB hwm=4372MB
RSS_SAMPLE t=278.5s rss=4372MB hwm=4372MB
RSS_SAMPLE t=278.7s rss=4373MB hwm=4373MB
RSS_SAMPLE t=279.0s rss=4373MB hwm=4373MB
RSS_SAMPLE t=279.2s rss=4373MB hwm=4373MB
RSS_SAMPLE t=279.5s rss=4373MB hwm=4373MB
RSS_SAMPLE t=279.7s rss=4373MB hwm=4373MB
RSS_SAMPLE t=280.0s rss=4373MB hwm=4373MB
RSS_SAMPLE t=280.2s rss=4373MB hwm=4373MB
RSS_SAMPLE t=280.5s rss=4373MB hwm=4373MB
RSS_SAMPLE t=280.7s rss=4374MB hwm=4374MB
RSS_SAMPLE t=281.0s rss=4374MB hwm=4374MB
RSS_SAMPLE t=281.2s rss=4374MB hwm=4374MB
RSS_SAMPLE t=281.5s rss=4374MB hwm=4374MB
RSS_SAMPLE t=281.7s rss=4374MB hwm=4374MB
RSS_SAMPLE t=282.0s rss=4375MB hwm=4375MB
RSS_SAMPLE t=282.2s rss=4375MB hwm=4375MB
RSS_SAMPLE t=282.5s rss=4375MB hwm=4375MB
RSS_SAMPLE t=282.7s rss=4376MB hwm=4376MB
RSS_SAMPLE t=283.0s rss=4376MB hwm=4376MB
RSS_SAMPLE t=283.2s rss=4377MB hwm=4377MB
RSS_SAMPLE t=283.5s rss=4377MB hwm=4377MB
RSS_SAMPLE t=283.7s rss=4377MB hwm=4377MB
RSS_SAMPLE t=284.0s rss=4377MB hwm=4377MB
RSS_SAMPLE t=284.3s rss=4377MB hwm=4377MB
RSS_SAMPLE t=284.5s rss=4377MB hwm=4377MB
RSS_SAMPLE t=284.8s rss=4378MB hwm=4378MB
RSS_SAMPLE t=285.0s rss=4378MB hwm=4378MB
RSS_SAMPLE t=285.3s rss=4378MB hwm=4378MB
RSS_SAMPLE t=285.5s rss=4379MB hwm=4379MB
RSS_SAMPLE t=285.8s rss=4380MB hwm=4380MB
RSS_SAMPLE t=286.0s rss=4380MB hwm=4380MB
RSS_SAMPLE t=286.3s rss=4380MB hwm=4380MB
RSS_SAMPLE t=286.5s rss=4380MB hwm=4380MB
RSS_SAMPLE t=286.8s rss=4380MB hwm=4380MB
RSS_SAMPLE t=287.0s rss=4381MB hwm=4381MB
RSS_SAMPLE t=287.3s rss=4381MB hwm=4381MB
RSS_SAMPLE t=287.5s rss=4381MB hwm=4381MB
RSS_SAMPLE t=287.8s rss=4381MB hwm=4381MB
RSS_SAMPLE t=288.0s rss=4381MB hwm=4381MB
RSS_SAMPLE t=288.3s rss=4381MB hwm=4381MB
RSS_SAMPLE t=288.5s rss=4381MB hwm=4381MB
RSS_SAMPLE t=288.8s rss=4381MB hwm=4381MB
RSS_SAMPLE t=289.0s rss=4381MB hwm=4381MB
RSS_SAMPLE t=289.3s rss=4381MB hwm=4381MB
RSS_SAMPLE t=289.5s rss=4381MB hwm=4381MB
RSS_SAMPLE t=289.8s rss=4381MB hwm=4381MB
RSS_SAMPLE t=290.0s rss=4381MB hwm=4381MB
RSS_SAMPLE t=290.3s rss=4381MB hwm=4381MB
RSS_SAMPLE t=290.5s rss=4381MB hwm=4381MB
RSS_SAMPLE t=290.8s rss=4381MB hwm=4381MB
RSS_SAMPLE t=291.0s rss=4381MB hwm=4381MB
RSS_SAMPLE t=291.3s rss=4381MB hwm=4381MB
RSS_SAMPLE t=291.5s rss=4381MB hwm=4381MB
RSS_SAMPLE t=291.8s rss=4381MB hwm=4381MB
RSS_SAMPLE t=292.0s rss=4381MB hwm=4381MB
RSS_SAMPLE t=292.3s rss=4381MB hwm=4381MB
RSS_SAMPLE t=292.5s rss=4381MB hwm=4381MB
RSS_SAMPLE t=292.8s rss=4381MB hwm=4381MB
RSS_SAMPLE t=293.0s rss=4381MB hwm=4381MB
RSS_SAMPLE t=293.3s rss=4381MB hwm=4381MB
RSS_SAMPLE t=293.5s rss=4381MB hwm=4381MB
RSS_SAMPLE t=293.8s rss=4381MB hwm=4381MB
RSS_SAMPLE t=294.0s rss=4381MB hwm=4381MB
RSS_SAMPLE t=294.3s rss=4381MB hwm=4381MB
RSS_SAMPLE t=294.5s rss=4381MB hwm=4381MB
RSS_SAMPLE t=294.8s rss=4381MB hwm=4381MB
RSS_SAMPLE t=295.0s rss=4381MB hwm=4381MB
RSS_SAMPLE t=295.3s rss=4381MB hwm=4381MB
RSS_SAMPLE t=295.5s rss=4381MB hwm=4381MB
RSS_SAMPLE t=295.8s rss=4381MB hwm=4381MB
RSS_SAMPLE t=296.0s rss=4381MB hwm=4381MB
RSS_SAMPLE t=296.3s rss=4381MB hwm=4381MB
RSS_SAMPLE t=296.5s rss=4381MB hwm=4381MB
RSS_SAMPLE t=296.8s rss=4381MB hwm=4381MB
RSS_SAMPLE t=297.0s rss=4381MB hwm=4381MB
RSS_SAMPLE t=297.3s rss=4381MB hwm=4381MB
RSS_SAMPLE t=297.5s rss=4381MB hwm=4381MB
RSS_SAMPLE t=297.8s rss=4381MB hwm=4381MB
RSS_SAMPLE t=298.0s rss=4381MB hwm=4381MB
RSS_SAMPLE t=298.3s rss=4381MB hwm=4381MB
RSS_SAMPLE t=298.5s rss=4381MB hwm=4381MB
RSS_SAMPLE t=298.8s rss=4381MB hwm=4381MB
RSS_SAMPLE t=299.0s rss=4381MB hwm=4381MB
RSS_SAMPLE t=299.3s rss=4381MB hwm=4381MB
RSS_SAMPLE t=299.5s rss=4381MB hwm=4381MB
RSS_SAMPLE t=299.8s rss=4381MB hwm=4381MB
RSS_SAMPLE t=300.0s rss=4381MB hwm=4381MB
RSS_SAMPLE t=300.3s rss=4381MB hwm=4381MB
RSS_SAMPLE t=300.5s rss=4381MB hwm=4381MB
RSS_SAMPLE t=300.8s rss=4381MB hwm=4381MB
RSS_SAMPLE t=301.0s rss=4381MB hwm=4381MB
RSS_SAMPLE t=301.3s rss=4381MB hwm=4381MB
RSS_SAMPLE t=301.5s rss=4381MB hwm=4381MB
RSS_SAMPLE t=301.8s rss=4381MB hwm=4381MB
RSS_SAMPLE t=302.0s rss=4381MB hwm=4381MB
RSS_SAMPLE t=302.3s rss=4381MB hwm=4381MB
RSS_SAMPLE t=302.5s rss=4381MB hwm=4381MB
RSS_SAMPLE t=302.8s rss=4381MB hwm=4381MB
RSS_SAMPLE t=303.0s rss=4382MB hwm=4382MB
RSS_SAMPLE t=303.3s rss=4382MB hwm=4382MB
RSS_SAMPLE t=303.5s rss=4382MB hwm=4382MB
RSS_SAMPLE t=303.8s rss=4382MB hwm=4382MB
RSS_SAMPLE t=304.0s rss=4382MB hwm=4382MB
RSS_SAMPLE t=304.3s rss=4382MB hwm=4382MB
RSS_SAMPLE t=304.5s rss=4382MB hwm=4382MB
RSS_SAMPLE t=304.8s rss=4382MB hwm=4382MB
RSS_SAMPLE t=305.0s rss=4382MB hwm=4382MB
RSS_SAMPLE t=305.3s rss=4382MB hwm=4382MB
RSS_SAMPLE t=305.5s rss=4382MB hwm=4382MB
RSS_SAMPLE t=305.8s rss=4382MB hwm=4382MB
RSS_SAMPLE t=306.0s rss=4382MB hwm=4382MB
RSS_SAMPLE t=306.3s rss=4382MB hwm=4382MB
RSS_SAMPLE t=306.5s rss=4382MB hwm=4382MB
RSS_SAMPLE t=306.8s rss=4382MB hwm=4382MB
RSS_SAMPLE t=307.0s rss=4382MB hwm=4382MB
RSS_SAMPLE t=307.3s rss=4382MB hwm=4382MB
RSS_SAMPLE t=307.5s rss=4382MB hwm=4382MB
RSS_SAMPLE t=307.8s rss=4382MB hwm=4382MB
RSS_SAMPLE t=308.0s rss=4382MB hwm=4382MB
RSS_SAMPLE t=308.3s rss=4382MB hwm=4382MB
RSS_SAMPLE t=308.5s rss=4382MB hwm=4382MB
RSS_SAMPLE t=308.8s rss=4382MB hwm=4382MB
RSS_SAMPLE t=309.0s rss=4382MB hwm=4382MB
RSS_SAMPLE t=309.3s rss=4382MB hwm=4382MB
RSS_SAMPLE t=309.5s rss=4382MB hwm=4382MB
RSS_SAMPLE t=309.8s rss=4382MB hwm=4382MB
RSS_SAMPLE t=310.0s rss=4382MB hwm=4382MB
RSS_SAMPLE t=310.3s rss=4382MB hwm=4382MB
RSS_SAMPLE t=310.5s rss=4382MB hwm=4382MB
RSS_SAMPLE t=310.8s rss=4382MB hwm=4382MB
RSS_SAMPLE t=311.0s rss=4382MB hwm=4382MB
RSS_SAMPLE t=311.3s rss=4382MB hwm=4382MB
RSS_SAMPLE t=311.5s rss=4382MB hwm=4382MB
RSS_SAMPLE t=311.8s rss=4382MB hwm=4382MB
RSS_SAMPLE t=312.0s rss=4382MB hwm=4382MB
RSS_SAMPLE t=312.3s rss=4382MB hwm=4382MB
RSS_SAMPLE t=312.5s rss=4382MB hwm=4382MB
RSS_SAMPLE t=312.8s rss=4382MB hwm=4382MB
RSS_SAMPLE t=313.0s rss=4382MB hwm=4382MB
RSS_SAMPLE t=313.3s rss=4382MB hwm=4382MB
MEM_POOL: workspaces=32 dense_usage_mb=1251 n_pipes=2562403
    post_solve_diag[outer=2]: solves=105117 cap_armed=105117 (100.0%) settle_avg=7239 above_sink_avg=96 (1.3%) settle_max=69353
    load_support[outer=2]: settle_avg=7239 load_nz_avg=755 (10.4%) load_material_avg=606 (8.4%)
    settle_hist[outer=2]: <100: 31736nets/0.1%work  <1k: 22686nets/1.1%work  <5k: 22059nets/7.3%work  <20k: 13992nets/20.2%work  <60k: 13482nets/61.4%work  >=60k: 1162nets/9.9%work
    fanout_hist[outer=2]: fan1: 43710nets/11.1%work  fan2-4: 48279nets/49.5%work  fan5-16: 12974nets/38.5%work  fan17-64: 154nets/1.0%work  fan65-256: 0nets/0.0%work  fan>256: 0nets/0.0%work
    rss_probe[outer=2]: pre_post_solve=4335MB post_post_solve=4382MB after_apply=4382MB
RSS_SAMPLE t=313.5s rss=4383MB hwm=4383MB
    E_decomp: base=8858253.7 eff=21081948189864180.0 cong=21081948181005928.0 cong_share=100.0% sat_pipes=85820 max_util=2277.49  R_buckets: 1-2x=97414 2-10x=23825 10-100x=8797 >=100x=2432367
    E_potential: beckmann=1139578174233666.2 history_total=0.0
    SpanCache: epoch=3 entries=3270 lookups=2562403 hits=2559133 misses=3270 hit_rate=99.9%
  DCD   2: nets=105117 line=15880736 energy=39480042288.734 dE=+34356377362.666 friction=104024831.7 bins=1.9x(955) excess=349.0 moved=66376 disp=11.103 solves=105117 skip=105117 pops=760940603 theta=5.000 refresh=57023ms dcd=6950ms total=66786ms
    cache_stats: entries=46357837 capacity=83032563 est_mb=717 rss_mb=4383
DCD done: energy=39480042288.734 line=15880736 friction=104024831.7 bins=1.9x(955) excess=349.0
MuxSlotTracker: 10873 commit rejections over entire DCD
MuxSlotTracker[post-DCD]: populated_cells=66853, overflow_tiles=0, at_cap_tiles=762, peak_excess=0, capacity_hist={16:67346}
Pre-legalization: HPWL=12464726
  type DFF: 302 valid columns, 1077536 total BELs
  type LUT6: 302 valid columns, 538768 total BELs
TypeAwarePlacement: 2 cell types
RSS_SAMPLE t=313.8s rss=2529MB hwm=4378MB
RSS_SAMPLE t=314.0s rss=2568MB hwm=4378MB
RSS_SAMPLE t=314.3s rss=2568MB hwm=4378MB
RSS_SAMPLE t=314.5s rss=2568MB hwm=4378MB
RSS_SAMPLE t=314.8s rss=2568MB hwm=4378MB
RSS_SAMPLE t=315.0s rss=2568MB hwm=4378MB
RSS_SAMPLE t=315.3s rss=2568MB hwm=4378MB
RSS_SAMPLE t=315.5s rss=2568MB hwm=4378MB
RSS_SAMPLE t=315.8s rss=2568MB hwm=4378MB
RSS_SAMPLE t=316.0s rss=2568MB hwm=4378MB
RSS_SAMPLE t=316.3s rss=2568MB hwm=4378MB
RSS_SAMPLE t=316.5s rss=2568MB hwm=4378MB
RSS_SAMPLE t=316.8s rss=2568MB hwm=4378MB
RSS_SAMPLE t=317.0s rss=2568MB hwm=4378MB
  SortedLegalizer: cluster_rejects=145290 shared_mux_rejects=11618672 arch_validity_rejects=0
RSS_SAMPLE t=317.3s rss=2511MB hwm=4378MB
Post-legalization: HPWL=12256731, line=15897578
Per-net HPWL: 105118 nets, total=12256731
  #0: hpwl=531 fanout=93000 (0.0%)
  #1: hpwl=528 fanout=12 (0.0%)
  #2: hpwl=528 fanout=5 (0.0%)
  #3: hpwl=526 fanout=5 (0.0%)
  #4: hpwl=525 fanout=17 (0.0%)
  #5: hpwl=525 fanout=3 (0.0%)
  #6: hpwl=524 fanout=13 (0.0%)
  #7: hpwl=524 fanout=20 (0.0%)
  #8: hpwl=524 fanout=23 (0.0%)
  #9: hpwl=524 fanout=7 (0.0%)
  50% of HPWL from top 15951 nets (of 105118)
