chipdb: chip_database/xc7_large.bin
design: benchmark/ispd/generated/2016/FPGA01/FPGA01.json
RSS_SAMPLE t=0.0s rss=3MB hwm=3MB
RSS_SAMPLE t=0.3s rss=411MB hwm=411MB
RSS_SAMPLE t=0.5s rss=705MB hwm=705MB
RSS_SAMPLE t=0.8s rss=823MB hwm=823MB
RSS_SAMPLE t=1.0s rss=819MB hwm=822MB
RSS_SAMPLE t=1.3s rss=819MB hwm=822MB
RSS_SAMPLE t=1.5s rss=820MB hwm=822MB
cfg: max_outer_iters=11 blend_alpha=0.5 hardening_step=0 graph_model=TwoLevelPip
  topological compress: density=0.60 target_tiles=15971 final_tiles=15777 scale=1.851 center=(205.1,111.0)
  topological init: n_movable=76660, n_edges=229053, max_layer=26775, back_edges=54022, n_anchored=0
  ALG_T prepare_discrete: 0.2s
  ALG_T collect_movable: 0.2s
  ALG_T pre_network: 0.2s
  BUILD_T tile_type_by_node: 0.0s
  BUILD_T coarse_aggregate: 0.0s
  Skipped truly-null coarse cells: 0 (of 69353 total); pruned pipes: src_null=0 dst_null=0
  Pipe capacity by span:
  Thin span-1 pipes (cap<=2): 0 total, by tile-type pair (top 20):
  Pipe cost: span^0.50 model (r1=1), span-1=1.000, span-12=3.464, 2×span-6=4.899, 12×span-1=12.000
  BUILD_T pipe_loop: 0.0s
  BUILD_T grids_and_adjacency: 0.0s
  BUILD_T tile_templates: 0.0s
  ALG_T network: 0.18s
RSS_SAMPLE t=1.8s rss=822MB hwm=822MB
  topological compress: density=0.60 target_tiles=15971 final_tiles=15777 scale=1.851 center=(205.1,111.0)
  topological init: n_movable=76660, n_edges=229053, max_layer=26775, back_edges=54022, n_anchored=0
  type DFF: 302 valid columns, 1077536 total BELs
  type LUT6: 302 valid columns, 538768 total BELs
TypeAwarePlacement: 2 cell types
Coordinate descent mode: 76660 cells, scale 1.00
CellValidityMask: 76660 cells, 311x223 grid, 2 bucket masks, per-cell valid positions: min=67346 avg=67346.0 max=67346, unmapped cells=0
MuxSlotTracker: 76660 cells (76660 with external fanout), 67346 tiles, total_cap=1077536, active_buckets=[DFF,LUT6], built in 71.6ms
MuxSlotTracker[post-seed]: populated_cells=27114, overflow_tiles=518, at_cap_tiles=50, peak_excess=41, capacity_hist={16:67346}
DCD placer: 76660 cells, 69353 nodes, outer_iters=11, dcd_iters_per_cell=8, graph_model=TwoLevelPip
MEM_STATIC: pipes=0MB nodes=1MB adjacency=0MB pipe_cost_vecs=0MB validity_mask=0MB n_pipes=0 n_edges=0 rss=934MB
Softmin position update: enabled, theta 0.250 -> 5.000 (anneal over 11 iters)
  ALG_T dcd_setup_done: 0.09s (pre-loop)
    analytic_phase[outer=0]: solve skipped, k=0.33
    SwitchMatrix: type_usage_pairs=0 lookups=0 hits=0 dijkstra_calls=0 avg_us=0.0 total_ms=0.0
PHASE_MARK outer=0 enter=pre_solve rss=957MB
    rss_probe[outer=0]: pre_refresh_rss=957MB post_pre_solve_rss=980MB cache_entries=0 cache_cap=0 cache_est_mb=5
    pre_solve_diag[outer=0]: solves=0 fallback=0 (0.0%) cap_armed=0 (0.0%) settle_avg=0 settle_max=0 init_count=254
  Cell placement by tile type (iter 0, 76660 cells):
    NULL: 31596
    CLB: 27114
    IOB_W: 15019
    CLK_BUFG: 2320
    BRAM: 351
    DSP: 182
    IOB_E: 78
    Overflow: over=0 (0.0% of used) avg_excess=0.00 max_excess=0.00 (nc=0.00 cap=0 span=0)  excess_buckets: <=1=0 1-5=0 5-20=0 >20=0  by_cap: cap1=0 cap2=0 cap3-5=0 cap>5=0  by_span: s1=0 s2-3=0 s4-6=0 s7-12=0 s>12=0  le1_cross: cap1=0 cap2-5=0 cap>5=0
    Congestion: pipes=0 used=0 congested(>50%)=0 saturated(>90%)=0 max_util=0.00 avg_util=0.0000
PHASE_MARK outer=0 enter=dcd_sweep rss=980MB
PHASE_MARK outer=0 leave=dcd_sweep rss=980MB
PHASE_MARK outer=0 enter=post_refresh rss=980MB
RSS_SAMPLE t=2.0s rss=989MB hwm=989MB
MEM_POOL: workspaces=27 dense_usage_mb=0 n_pipes=0
    post_solve_diag[outer=0]: solves=0 cap_armed=0 (0.0%) settle_avg=0 above_sink_avg=0 (0.0%) settle_max=0
    load_support[outer=0]: settle_avg=0 load_nz_avg=0 (0.0%) load_material_avg=0 (0.0%)
    prune_ceiling[outer=0]: settle_avg=0 heuristic_prunable_avg=0 (0.0%) vs oracle_zero_load=0.0%
    settle_hist[outer=0]: <100: 0nets/0.0%work  <1k: 0nets/0.0%work  <5k: 0nets/0.0%work  <20k: 0nets/0.0%work  <60k: 0nets/0.0%work  >=60k: 0nets/0.0%work
    fanout_hist[outer=0]: fan1: 0nets/0.0%work  fan2-4: 0nets/0.0%work  fan5-16: 0nets/0.0%work  fan17-64: 0nets/0.0%work  fan65-256: 0nets/0.0%work  fan>256: 0nets/0.0%work
    rss_probe[outer=0]: pre_post_solve=992MB post_post_solve=992MB after_apply=992MB
MuxSlotTracker[sweep 0 LEAK]: populated_cells=45657, overflow_tiles=120, at_cap_tiles=278, peak_excess=14, capacity_hist={16:67346}
    E_decomp: base=0.0 eff=0.0 cong=0.0 cong_share=0.0% sat_pipes=0 max_util=0.00  R_buckets: 1-2x=0 2-10x=0 10-100x=0 >=100x=0
    E_potential: beckmann=0.0 history_total=-0.0
    SpanCache: epoch=1 entries=0 lookups=0 hits=0 misses=0 hit_rate=0.0%
  DCD   0: nets=105117 line=14019398 energy=0.000 dE=+0.000 friction=0.0 bins=3.1x(538) excess=233.4 moved=37138 disp=inf solves=0 skip=0 pops=0 theta=0.250 refresh=21ms dcd=20ms total=100ms
    cache_stats: entries=0 capacity=0 est_mb=5 rss_mb=994
    analytic_phase[outer=1]: solve skipped, k=0.33
    SwitchMatrix: type_usage_pairs=0 lookups=0 hits=0 dijkstra_calls=0 avg_us=0.0 total_ms=0.0
PHASE_MARK outer=1 enter=pre_solve rss=994MB
    rss_probe[outer=1]: pre_refresh_rss=994MB post_pre_solve_rss=994MB cache_entries=0 cache_cap=0 cache_est_mb=5
    pre_solve_diag[outer=1]: solves=0 fallback=0 (0.0%) cap_armed=0 (0.0%) settle_avg=0 settle_max=0 init_count=236
    Overflow: over=0 (0.0% of used) avg_excess=0.00 max_excess=0.00 (nc=0.00 cap=0 span=0)  excess_buckets: <=1=0 1-5=0 5-20=0 >20=0  by_cap: cap1=0 cap2=0 cap3-5=0 cap>5=0  by_span: s1=0 s2-3=0 s4-6=0 s7-12=0 s>12=0  le1_cross: cap1=0 cap2-5=0 cap>5=0
    Congestion: pipes=0 used=0 congested(>50%)=0 saturated(>90%)=0 max_util=0.00 avg_util=0.0000
PHASE_MARK outer=1 enter=dcd_sweep rss=994MB
PHASE_MARK outer=1 leave=dcd_sweep rss=994MB
PHASE_MARK outer=1 enter=post_refresh rss=994MB
MEM_POOL: workspaces=27 dense_usage_mb=0 n_pipes=0
    post_solve_diag[outer=1]: solves=0 cap_armed=0 (0.0%) settle_avg=0 above_sink_avg=0 (0.0%) settle_max=0
    load_support[outer=1]: settle_avg=0 load_nz_avg=0 (0.0%) load_material_avg=0 (0.0%)
    prune_ceiling[outer=1]: settle_avg=0 heuristic_prunable_avg=0 (0.0%) vs oracle_zero_load=0.0%
    settle_hist[outer=1]: <100: 0nets/0.0%work  <1k: 0nets/0.0%work  <5k: 0nets/0.0%work  <20k: 0nets/0.0%work  <60k: 0nets/0.0%work  >=60k: 0nets/0.0%work
    fanout_hist[outer=1]: fan1: 0nets/0.0%work  fan2-4: 0nets/0.0%work  fan5-16: 0nets/0.0%work  fan17-64: 0nets/0.0%work  fan65-256: 0nets/0.0%work  fan>256: 0nets/0.0%work
    rss_probe[outer=1]: pre_post_solve=997MB post_post_solve=997MB after_apply=997MB
MuxSlotTracker[sweep 1 LEAK]: populated_cells=54819, overflow_tiles=13, at_cap_tiles=224, peak_excess=8, capacity_hist={16:67346}
    E_decomp: base=0.0 eff=0.0 cong=0.0 cong_share=0.0% sat_pipes=0 max_util=0.00  R_buckets: 1-2x=0 2-10x=0 10-100x=0 >=100x=0
    E_potential: beckmann=0.0 history_total=-0.0
    SpanCache: epoch=2 entries=0 lookups=0 hits=0 misses=0 hit_rate=0.0%
  DCD   1: nets=105117 line=11712649 energy=0.000 dE=+0.000 friction=0.0 bins=2.2x(365) excess=112.8 moved=45952 disp=22.589 solves=0 skip=105117 pops=0 theta=0.337 refresh=14ms dcd=20ms total=73ms
    cache_stats: entries=0 capacity=0 est_mb=5 rss_mb=998
    analytic_phase[outer=2]: solve skipped, k=0.33
    SwitchMatrix: type_usage_pairs=0 lookups=0 hits=0 dijkstra_calls=0 avg_us=0.0 total_ms=0.0
PHASE_MARK outer=2 enter=pre_solve rss=998MB
    rss_probe[outer=2]: pre_refresh_rss=998MB post_pre_solve_rss=998MB cache_entries=0 cache_cap=0 cache_est_mb=5
    pre_solve_diag[outer=2]: solves=0 fallback=0 (0.0%) cap_armed=0 (0.0%) settle_avg=0 settle_max=0 init_count=242
    Overflow: over=0 (0.0% of used) avg_excess=0.00 max_excess=0.00 (nc=0.00 cap=0 span=0)  excess_buckets: <=1=0 1-5=0 5-20=0 >20=0  by_cap: cap1=0 cap2=0 cap3-5=0 cap>5=0  by_span: s1=0 s2-3=0 s4-6=0 s7-12=0 s>12=0  le1_cross: cap1=0 cap2-5=0 cap>5=0
    Congestion: pipes=0 used=0 congested(>50%)=0 saturated(>90%)=0 max_util=0.00 avg_util=0.0000
PHASE_MARK outer=2 enter=dcd_sweep rss=998MB
PHASE_MARK outer=2 leave=dcd_sweep rss=998MB
PHASE_MARK outer=2 enter=post_refresh rss=998MB
MEM_POOL: workspaces=27 dense_usage_mb=0 n_pipes=0
    post_solve_diag[outer=2]: solves=0 cap_armed=0 (0.0%) settle_avg=0 above_sink_avg=0 (0.0%) settle_max=0
    load_support[outer=2]: settle_avg=0 load_nz_avg=0 (0.0%) load_material_avg=0 (0.0%)
    prune_ceiling[outer=2]: settle_avg=0 heuristic_prunable_avg=0 (0.0%) vs oracle_zero_load=0.0%
    settle_hist[outer=2]: <100: 0nets/0.0%work  <1k: 0nets/0.0%work  <5k: 0nets/0.0%work  <20k: 0nets/0.0%work  <60k: 0nets/0.0%work  >=60k: 0nets/0.0%work
    fanout_hist[outer=2]: fan1: 0nets/0.0%work  fan2-4: 0nets/0.0%work  fan5-16: 0nets/0.0%work  fan17-64: 0nets/0.0%work  fan65-256: 0nets/0.0%work  fan>256: 0nets/0.0%work
    rss_probe[outer=2]: pre_post_solve=999MB post_post_solve=999MB after_apply=999MB
MuxSlotTracker[sweep 2 LEAK]: populated_cells=59760, overflow_tiles=3, at_cap_tiles=185, peak_excess=5, capacity_hist={16:67346}
    E_decomp: base=0.0 eff=0.0 cong=0.0 cong_share=0.0% sat_pipes=0 max_util=0.00  R_buckets: 1-2x=0 2-10x=0 10-100x=0 >=100x=0
    E_potential: beckmann=0.0 history_total=-0.0
    SpanCache: epoch=3 entries=0 lookups=0 hits=0 misses=0 hit_rate=0.0%
  DCD   2: nets=105117 line=10248216 energy=0.000 dE=+0.000 friction=0.0 bins=2.0x(271) excess=83.8 moved=50696 disp=14.565 solves=0 skip=105117 pops=0 theta=0.455 refresh=16ms dcd=20ms total=73ms
    cache_stats: entries=0 capacity=0 est_mb=5 rss_mb=1000
    analytic_phase[outer=3]: solve skipped, k=0.33
    SwitchMatrix: type_usage_pairs=0 lookups=0 hits=0 dijkstra_calls=0 avg_us=0.0 total_ms=0.0
PHASE_MARK outer=3 enter=pre_solve rss=1000MB
    rss_probe[outer=3]: pre_refresh_rss=1000MB post_pre_solve_rss=1000MB cache_entries=0 cache_cap=0 cache_est_mb=5
    pre_solve_diag[outer=3]: solves=0 fallback=0 (0.0%) cap_armed=0 (0.0%) settle_avg=0 settle_max=0 init_count=248
    Overflow: over=0 (0.0% of used) avg_excess=0.00 max_excess=0.00 (nc=0.00 cap=0 span=0)  excess_buckets: <=1=0 1-5=0 5-20=0 >20=0  by_cap: cap1=0 cap2=0 cap3-5=0 cap>5=0  by_span: s1=0 s2-3=0 s4-6=0 s7-12=0 s>12=0  le1_cross: cap1=0 cap2-5=0 cap>5=0
    Congestion: pipes=0 used=0 congested(>50%)=0 saturated(>90%)=0 max_util=0.00 avg_util=0.0000
PHASE_MARK outer=3 enter=dcd_sweep rss=1000MB
RSS_SAMPLE t=2.3s rss=1000MB hwm=1000MB
PHASE_MARK outer=3 leave=dcd_sweep rss=1000MB
PHASE_MARK outer=3 enter=post_refresh rss=1000MB
MEM_POOL: workspaces=27 dense_usage_mb=0 n_pipes=0
    post_solve_diag[outer=3]: solves=0 cap_armed=0 (0.0%) settle_avg=0 above_sink_avg=0 (0.0%) settle_max=0
    load_support[outer=3]: settle_avg=0 load_nz_avg=0 (0.0%) load_material_avg=0 (0.0%)
    prune_ceiling[outer=3]: settle_avg=0 heuristic_prunable_avg=0 (0.0%) vs oracle_zero_load=0.0%
    settle_hist[outer=3]: <100: 0nets/0.0%work  <1k: 0nets/0.0%work  <5k: 0nets/0.0%work  <20k: 0nets/0.0%work  <60k: 0nets/0.0%work  >=60k: 0nets/0.0%work
    fanout_hist[outer=3]: fan1: 0nets/0.0%work  fan2-4: 0nets/0.0%work  fan5-16: 0nets/0.0%work  fan17-64: 0nets/0.0%work  fan65-256: 0nets/0.0%work  fan>256: 0nets/0.0%work
    rss_probe[outer=3]: pre_post_solve=1001MB post_post_solve=1001MB after_apply=1001MB
MuxSlotTracker[sweep 3 LEAK]: populated_cells=62783, overflow_tiles=2, at_cap_tiles=154, peak_excess=2, capacity_hist={16:67346}
    E_decomp: base=0.0 eff=0.0 cong=0.0 cong_share=0.0% sat_pipes=0 max_util=0.00  R_buckets: 1-2x=0 2-10x=0 10-100x=0 >=100x=0
    E_potential: beckmann=0.0 history_total=-0.0
    SpanCache: epoch=4 entries=0 lookups=0 hits=0 misses=0 hit_rate=0.0%
  DCD   3: nets=105117 line=9223858 energy=0.000 dE=+0.000 friction=0.0 bins=2.0x(215) excess=64.8 moved=52480 disp=10.387 solves=0 skip=105117 pops=0 theta=0.614 refresh=15ms dcd=20ms total=72ms
    cache_stats: entries=0 capacity=0 est_mb=5 rss_mb=1002
    analytic_phase[outer=4]: solve skipped, k=0.33
    SwitchMatrix: type_usage_pairs=0 lookups=0 hits=0 dijkstra_calls=0 avg_us=0.0 total_ms=0.0
PHASE_MARK outer=4 enter=pre_solve rss=1002MB
    rss_probe[outer=4]: pre_refresh_rss=1002MB post_pre_solve_rss=1002MB cache_entries=0 cache_cap=0 cache_est_mb=5
    pre_solve_diag[outer=4]: solves=0 fallback=0 (0.0%) cap_armed=0 (0.0%) settle_avg=0 settle_max=0 init_count=239
    Overflow: over=0 (0.0% of used) avg_excess=0.00 max_excess=0.00 (nc=0.00 cap=0 span=0)  excess_buckets: <=1=0 1-5=0 5-20=0 >20=0  by_cap: cap1=0 cap2=0 cap3-5=0 cap>5=0  by_span: s1=0 s2-3=0 s4-6=0 s7-12=0 s>12=0  le1_cross: cap1=0 cap2-5=0 cap>5=0
    Congestion: pipes=0 used=0 congested(>50%)=0 saturated(>90%)=0 max_util=0.00 avg_util=0.0000
PHASE_MARK outer=4 enter=dcd_sweep rss=1002MB
PHASE_MARK outer=4 leave=dcd_sweep rss=1002MB
PHASE_MARK outer=4 enter=post_refresh rss=1002MB
MEM_POOL: workspaces=27 dense_usage_mb=0 n_pipes=0
    post_solve_diag[outer=4]: solves=0 cap_armed=0 (0.0%) settle_avg=0 above_sink_avg=0 (0.0%) settle_max=0
    load_support[outer=4]: settle_avg=0 load_nz_avg=0 (0.0%) load_material_avg=0 (0.0%)
    prune_ceiling[outer=4]: settle_avg=0 heuristic_prunable_avg=0 (0.0%) vs oracle_zero_load=0.0%
    settle_hist[outer=4]: <100: 0nets/0.0%work  <1k: 0nets/0.0%work  <5k: 0nets/0.0%work  <20k: 0nets/0.0%work  <60k: 0nets/0.0%work  >=60k: 0nets/0.0%work
    fanout_hist[outer=4]: fan1: 0nets/0.0%work  fan2-4: 0nets/0.0%work  fan5-16: 0nets/0.0%work  fan17-64: 0nets/0.0%work  fan65-256: 0nets/0.0%work  fan>256: 0nets/0.0%work
    rss_probe[outer=4]: pre_post_solve=1002MB post_post_solve=1002MB after_apply=1002MB
MuxSlotTracker[sweep 4 LEAK]: populated_cells=64855, overflow_tiles=1, at_cap_tiles=140, peak_excess=2, capacity_hist={16:67346}
    E_decomp: base=0.0 eff=0.0 cong=0.0 cong_share=0.0% sat_pipes=0 max_util=0.00  R_buckets: 1-2x=0 2-10x=0 10-100x=0 >=100x=0
    E_potential: beckmann=0.0 history_total=-0.0
    SpanCache: epoch=5 entries=0 lookups=0 hits=0 misses=0 hit_rate=0.0%
  DCD   4: nets=105117 line=8481223 energy=0.000 dE=+0.000 friction=0.0 bins=2.0x(209) excess=69.4 moved=52644 disp=7.805 solves=0 skip=105117 pops=0 theta=0.829 refresh=16ms dcd=20ms total=71ms
    cache_stats: entries=0 capacity=0 est_mb=5 rss_mb=1002
    analytic_phase[outer=5]: solve skipped, k=0.33
    SwitchMatrix: type_usage_pairs=0 lookups=0 hits=0 dijkstra_calls=0 avg_us=0.0 total_ms=0.0
PHASE_MARK outer=5 enter=pre_solve rss=1002MB
    rss_probe[outer=5]: pre_refresh_rss=1002MB post_pre_solve_rss=1002MB cache_entries=0 cache_cap=0 cache_est_mb=5
    pre_solve_diag[outer=5]: solves=0 fallback=0 (0.0%) cap_armed=0 (0.0%) settle_avg=0 settle_max=0 init_count=248
    Overflow: over=0 (0.0% of used) avg_excess=0.00 max_excess=0.00 (nc=0.00 cap=0 span=0)  excess_buckets: <=1=0 1-5=0 5-20=0 >20=0  by_cap: cap1=0 cap2=0 cap3-5=0 cap>5=0  by_span: s1=0 s2-3=0 s4-6=0 s7-12=0 s>12=0  le1_cross: cap1=0 cap2-5=0 cap>5=0
    Congestion: pipes=0 used=0 congested(>50%)=0 saturated(>90%)=0 max_util=0.00 avg_util=0.0000
PHASE_MARK outer=5 enter=dcd_sweep rss=1002MB
PHASE_MARK outer=5 leave=dcd_sweep rss=1002MB
PHASE_MARK outer=5 enter=post_refresh rss=1002MB
MEM_POOL: workspaces=27 dense_usage_mb=0 n_pipes=0
    post_solve_diag[outer=5]: solves=0 cap_armed=0 (0.0%) settle_avg=0 above_sink_avg=0 (0.0%) settle_max=0
    load_support[outer=5]: settle_avg=0 load_nz_avg=0 (0.0%) load_material_avg=0 (0.0%)
    prune_ceiling[outer=5]: settle_avg=0 heuristic_prunable_avg=0 (0.0%) vs oracle_zero_load=0.0%
    settle_hist[outer=5]: <100: 0nets/0.0%work  <1k: 0nets/0.0%work  <5k: 0nets/0.0%work  <20k: 0nets/0.0%work  <60k: 0nets/0.0%work  >=60k: 0nets/0.0%work
    fanout_hist[outer=5]: fan1: 0nets/0.0%work  fan2-4: 0nets/0.0%work  fan5-16: 0nets/0.0%work  fan17-64: 0nets/0.0%work  fan65-256: 0nets/0.0%work  fan>256: 0nets/0.0%work
    rss_probe[outer=5]: pre_post_solve=1003MB post_post_solve=1003MB after_apply=1003MB
MuxSlotTracker[sweep 5 LEAK]: populated_cells=66364, overflow_tiles=1, at_cap_tiles=124, peak_excess=2, capacity_hist={16:67346}
    E_decomp: base=0.0 eff=0.0 cong=0.0 cong_share=0.0% sat_pipes=0 max_util=0.00  R_buckets: 1-2x=0 2-10x=0 10-100x=0 >=100x=0
    E_potential: beckmann=0.0 history_total=-0.0
    SpanCache: epoch=6 entries=0 lookups=0 hits=0 misses=0 hit_rate=0.0%
  DCD   5: nets=105117 line=7902749 energy=0.000 dE=+0.000 friction=0.0 bins=2.0x(213) excess=67.3 moved=51844 disp=6.070 solves=0 skip=105117 pops=0 theta=1.118 refresh=15ms dcd=20ms total=70ms
    cache_stats: entries=0 capacity=0 est_mb=5 rss_mb=1003
    analytic_phase[outer=6]: solve skipped, k=0.33
    SwitchMatrix: type_usage_pairs=0 lookups=0 hits=0 dijkstra_calls=0 avg_us=0.0 total_ms=0.0
PHASE_MARK outer=6 enter=pre_solve rss=1003MB
    rss_probe[outer=6]: pre_refresh_rss=1003MB post_pre_solve_rss=1003MB cache_entries=0 cache_cap=0 cache_est_mb=5
    pre_solve_diag[outer=6]: solves=0 fallback=0 (0.0%) cap_armed=0 (0.0%) settle_avg=0 settle_max=0 init_count=248
    Overflow: over=0 (0.0% of used) avg_excess=0.00 max_excess=0.00 (nc=0.00 cap=0 span=0)  excess_buckets: <=1=0 1-5=0 5-20=0 >20=0  by_cap: cap1=0 cap2=0 cap3-5=0 cap>5=0  by_span: s1=0 s2-3=0 s4-6=0 s7-12=0 s>12=0  le1_cross: cap1=0 cap2-5=0 cap>5=0
    Congestion: pipes=0 used=0 congested(>50%)=0 saturated(>90%)=0 max_util=0.00 avg_util=0.0000
PHASE_MARK outer=6 enter=dcd_sweep rss=1003MB
RSS_SAMPLE t=2.5s rss=1003MB hwm=1003MB
PHASE_MARK outer=6 leave=dcd_sweep rss=1003MB
PHASE_MARK outer=6 enter=post_refresh rss=1003MB
MEM_POOL: workspaces=27 dense_usage_mb=0 n_pipes=0
    post_solve_diag[outer=6]: solves=0 cap_armed=0 (0.0%) settle_avg=0 above_sink_avg=0 (0.0%) settle_max=0
    load_support[outer=6]: settle_avg=0 load_nz_avg=0 (0.0%) load_material_avg=0 (0.0%)
    prune_ceiling[outer=6]: settle_avg=0 heuristic_prunable_avg=0 (0.0%) vs oracle_zero_load=0.0%
    settle_hist[outer=6]: <100: 0nets/0.0%work  <1k: 0nets/0.0%work  <5k: 0nets/0.0%work  <20k: 0nets/0.0%work  <60k: 0nets/0.0%work  >=60k: 0nets/0.0%work
    fanout_hist[outer=6]: fan1: 0nets/0.0%work  fan2-4: 0nets/0.0%work  fan5-16: 0nets/0.0%work  fan17-64: 0nets/0.0%work  fan65-256: 0nets/0.0%work  fan>256: 0nets/0.0%work
    rss_probe[outer=6]: pre_post_solve=1004MB post_post_solve=1004MB after_apply=1004MB
MuxSlotTracker[sweep 6 LEAK]: populated_cells=67515, overflow_tiles=1, at_cap_tiles=125, peak_excess=1, capacity_hist={16:67346}
    E_decomp: base=0.0 eff=0.0 cong=0.0 cong_share=0.0% sat_pipes=0 max_util=0.00  R_buckets: 1-2x=0 2-10x=0 10-100x=0 >=100x=0
    E_potential: beckmann=0.0 history_total=-0.0
    SpanCache: epoch=7 entries=0 lookups=0 hits=0 misses=0 hit_rate=0.0%
  DCD   6: nets=105117 line=7432695 energy=0.000 dE=+0.000 friction=0.0 bins=2.0x(216) excess=68.0 moved=50248 disp=4.834 solves=0 skip=105117 pops=0 theta=1.509 refresh=15ms dcd=19ms total=70ms
    cache_stats: entries=0 capacity=0 est_mb=5 rss_mb=1004
    analytic_phase[outer=7]: solve skipped, k=0.33
    SwitchMatrix: type_usage_pairs=0 lookups=0 hits=0 dijkstra_calls=0 avg_us=0.0 total_ms=0.0
PHASE_MARK outer=7 enter=pre_solve rss=1004MB
    rss_probe[outer=7]: pre_refresh_rss=1004MB post_pre_solve_rss=1004MB cache_entries=0 cache_cap=0 cache_est_mb=5
    pre_solve_diag[outer=7]: solves=0 fallback=0 (0.0%) cap_armed=0 (0.0%) settle_avg=0 settle_max=0 init_count=242
    Overflow: over=0 (0.0% of used) avg_excess=0.00 max_excess=0.00 (nc=0.00 cap=0 span=0)  excess_buckets: <=1=0 1-5=0 5-20=0 >20=0  by_cap: cap1=0 cap2=0 cap3-5=0 cap>5=0  by_span: s1=0 s2-3=0 s4-6=0 s7-12=0 s>12=0  le1_cross: cap1=0 cap2-5=0 cap>5=0
    Congestion: pipes=0 used=0 congested(>50%)=0 saturated(>90%)=0 max_util=0.00 avg_util=0.0000
PHASE_MARK outer=7 enter=dcd_sweep rss=1004MB
PHASE_MARK outer=7 leave=dcd_sweep rss=1004MB
PHASE_MARK outer=7 enter=post_refresh rss=1004MB
MEM_POOL: workspaces=27 dense_usage_mb=0 n_pipes=0
    post_solve_diag[outer=7]: solves=0 cap_armed=0 (0.0%) settle_avg=0 above_sink_avg=0 (0.0%) settle_max=0
    load_support[outer=7]: settle_avg=0 load_nz_avg=0 (0.0%) load_material_avg=0 (0.0%)
    prune_ceiling[outer=7]: settle_avg=0 heuristic_prunable_avg=0 (0.0%) vs oracle_zero_load=0.0%
    settle_hist[outer=7]: <100: 0nets/0.0%work  <1k: 0nets/0.0%work  <5k: 0nets/0.0%work  <20k: 0nets/0.0%work  <60k: 0nets/0.0%work  >=60k: 0nets/0.0%work
    fanout_hist[outer=7]: fan1: 0nets/0.0%work  fan2-4: 0nets/0.0%work  fan5-16: 0nets/0.0%work  fan17-64: 0nets/0.0%work  fan65-256: 0nets/0.0%work  fan>256: 0nets/0.0%work
    rss_probe[outer=7]: pre_post_solve=1004MB post_post_solve=1004MB after_apply=1004MB
    E_decomp: base=0.0 eff=0.0 cong=0.0 cong_share=0.0% sat_pipes=0 max_util=0.00  R_buckets: 1-2x=0 2-10x=0 10-100x=0 >=100x=0
    E_potential: beckmann=0.0 history_total=-0.0
    SpanCache: epoch=8 entries=0 lookups=0 hits=0 misses=0 hit_rate=0.0%
  DCD   7: nets=105117 line=7050474 energy=0.000 dE=+0.000 friction=0.0 bins=1.9x(259) excess=80.5 moved=48140 disp=3.985 solves=0 skip=105117 pops=0 theta=2.035 refresh=14ms dcd=20ms total=69ms
    cache_stats: entries=0 capacity=0 est_mb=5 rss_mb=1004
    analytic_phase[outer=8]: solve skipped, k=0.33
    SwitchMatrix: type_usage_pairs=0 lookups=0 hits=0 dijkstra_calls=0 avg_us=0.0 total_ms=0.0
PHASE_MARK outer=8 enter=pre_solve rss=1004MB
    rss_probe[outer=8]: pre_refresh_rss=1004MB post_pre_solve_rss=1004MB cache_entries=0 cache_cap=0 cache_est_mb=5
    pre_solve_diag[outer=8]: solves=0 fallback=0 (0.0%) cap_armed=0 (0.0%) settle_avg=0 settle_max=0 init_count=245
    Overflow: over=0 (0.0% of used) avg_excess=0.00 max_excess=0.00 (nc=0.00 cap=0 span=0)  excess_buckets: <=1=0 1-5=0 5-20=0 >20=0  by_cap: cap1=0 cap2=0 cap3-5=0 cap>5=0  by_span: s1=0 s2-3=0 s4-6=0 s7-12=0 s>12=0  le1_cross: cap1=0 cap2-5=0 cap>5=0
    Congestion: pipes=0 used=0 congested(>50%)=0 saturated(>90%)=0 max_util=0.00 avg_util=0.0000
PHASE_MARK outer=8 enter=dcd_sweep rss=1004MB
PHASE_MARK outer=8 leave=dcd_sweep rss=1004MB
PHASE_MARK outer=8 enter=post_refresh rss=1004MB
MEM_POOL: workspaces=27 dense_usage_mb=0 n_pipes=0
    post_solve_diag[outer=8]: solves=0 cap_armed=0 (0.0%) settle_avg=0 above_sink_avg=0 (0.0%) settle_max=0
    load_support[outer=8]: settle_avg=0 load_nz_avg=0 (0.0%) load_material_avg=0 (0.0%)
    prune_ceiling[outer=8]: settle_avg=0 heuristic_prunable_avg=0 (0.0%) vs oracle_zero_load=0.0%
    settle_hist[outer=8]: <100: 0nets/0.0%work  <1k: 0nets/0.0%work  <5k: 0nets/0.0%work  <20k: 0nets/0.0%work  <60k: 0nets/0.0%work  >=60k: 0nets/0.0%work
    fanout_hist[outer=8]: fan1: 0nets/0.0%work  fan2-4: 0nets/0.0%work  fan5-16: 0nets/0.0%work  fan17-64: 0nets/0.0%work  fan65-256: 0nets/0.0%work  fan>256: 0nets/0.0%work
    rss_probe[outer=8]: pre_post_solve=1004MB post_post_solve=1004MB after_apply=1004MB
    E_decomp: base=0.0 eff=0.0 cong=0.0 cong_share=0.0% sat_pipes=0 max_util=0.00  R_buckets: 1-2x=0 2-10x=0 10-100x=0 >=100x=0
    E_potential: beckmann=0.0 history_total=-0.0
    SpanCache: epoch=9 entries=0 lookups=0 hits=0 misses=0 hit_rate=0.0%
  DCD   8: nets=105117 line=6750482 energy=0.000 dE=+0.000 friction=0.0 bins=1.9x(275) excess=86.9 moved=45901 disp=3.277 solves=0 skip=105117 pops=0 theta=2.746 refresh=15ms dcd=19ms total=67ms
    cache_stats: entries=0 capacity=0 est_mb=5 rss_mb=1004
    analytic_phase[outer=9]: solve skipped, k=0.33
    SwitchMatrix: type_usage_pairs=0 lookups=0 hits=0 dijkstra_calls=0 avg_us=0.0 total_ms=0.0
PHASE_MARK outer=9 enter=pre_solve rss=1004MB
    rss_probe[outer=9]: pre_refresh_rss=1004MB post_pre_solve_rss=1004MB cache_entries=0 cache_cap=0 cache_est_mb=5
    pre_solve_diag[outer=9]: solves=0 fallback=0 (0.0%) cap_armed=0 (0.0%) settle_avg=0 settle_max=0 init_count=242
    Overflow: over=0 (0.0% of used) avg_excess=0.00 max_excess=0.00 (nc=0.00 cap=0 span=0)  excess_buckets: <=1=0 1-5=0 5-20=0 >20=0  by_cap: cap1=0 cap2=0 cap3-5=0 cap>5=0  by_span: s1=0 s2-3=0 s4-6=0 s7-12=0 s>12=0  le1_cross: cap1=0 cap2-5=0 cap>5=0
    Congestion: pipes=0 used=0 congested(>50%)=0 saturated(>90%)=0 max_util=0.00 avg_util=0.0000
PHASE_MARK outer=9 enter=dcd_sweep rss=1004MB
PHASE_MARK outer=9 leave=dcd_sweep rss=1004MB
PHASE_MARK outer=9 enter=post_refresh rss=1004MB
RSS_SAMPLE t=2.8s rss=1004MB hwm=1004MB
MEM_POOL: workspaces=27 dense_usage_mb=0 n_pipes=0
    post_solve_diag[outer=9]: solves=0 cap_armed=0 (0.0%) settle_avg=0 above_sink_avg=0 (0.0%) settle_max=0
    load_support[outer=9]: settle_avg=0 load_nz_avg=0 (0.0%) load_material_avg=0 (0.0%)
    prune_ceiling[outer=9]: settle_avg=0 heuristic_prunable_avg=0 (0.0%) vs oracle_zero_load=0.0%
    settle_hist[outer=9]: <100: 0nets/0.0%work  <1k: 0nets/0.0%work  <5k: 0nets/0.0%work  <20k: 0nets/0.0%work  <60k: 0nets/0.0%work  >=60k: 0nets/0.0%work
    fanout_hist[outer=9]: fan1: 0nets/0.0%work  fan2-4: 0nets/0.0%work  fan5-16: 0nets/0.0%work  fan17-64: 0nets/0.0%work  fan65-256: 0nets/0.0%work  fan>256: 0nets/0.0%work
    rss_probe[outer=9]: pre_post_solve=1004MB post_post_solve=1004MB after_apply=1004MB
    E_decomp: base=0.0 eff=0.0 cong=0.0 cong_share=0.0% sat_pipes=0 max_util=0.00  R_buckets: 1-2x=0 2-10x=0 10-100x=0 >=100x=0
    E_potential: beckmann=0.0 history_total=-0.0
    SpanCache: epoch=10 entries=0 lookups=0 hits=0 misses=0 hit_rate=0.0%
  DCD   9: nets=105117 line=6502550 energy=0.000 dE=+0.000 friction=0.0 bins=2.0x(300) excess=97.7 moved=43332 disp=2.727 solves=0 skip=105117 pops=0 theta=3.706 refresh=15ms dcd=19ms total=68ms
    cache_stats: entries=0 capacity=0 est_mb=5 rss_mb=1005
    analytic_phase[outer=10]: solve skipped, k=0.33
    SwitchMatrix: type_usage_pairs=0 lookups=0 hits=0 dijkstra_calls=0 avg_us=0.0 total_ms=0.0
PHASE_MARK outer=10 enter=pre_solve rss=1005MB
    rss_probe[outer=10]: pre_refresh_rss=1005MB post_pre_solve_rss=1005MB cache_entries=0 cache_cap=0 cache_est_mb=5
    pre_solve_diag[outer=10]: solves=0 fallback=0 (0.0%) cap_armed=0 (0.0%) settle_avg=0 settle_max=0 init_count=248
    Overflow: over=0 (0.0% of used) avg_excess=0.00 max_excess=0.00 (nc=0.00 cap=0 span=0)  excess_buckets: <=1=0 1-5=0 5-20=0 >20=0  by_cap: cap1=0 cap2=0 cap3-5=0 cap>5=0  by_span: s1=0 s2-3=0 s4-6=0 s7-12=0 s>12=0  le1_cross: cap1=0 cap2-5=0 cap>5=0
    Congestion: pipes=0 used=0 congested(>50%)=0 saturated(>90%)=0 max_util=0.00 avg_util=0.0000
PHASE_MARK outer=10 enter=dcd_sweep rss=1005MB
PHASE_MARK outer=10 leave=dcd_sweep rss=1005MB
PHASE_MARK outer=10 enter=post_refresh rss=1005MB
MEM_POOL: workspaces=27 dense_usage_mb=0 n_pipes=0
    post_solve_diag[outer=10]: solves=0 cap_armed=0 (0.0%) settle_avg=0 above_sink_avg=0 (0.0%) settle_max=0
    load_support[outer=10]: settle_avg=0 load_nz_avg=0 (0.0%) load_material_avg=0 (0.0%)
    prune_ceiling[outer=10]: settle_avg=0 heuristic_prunable_avg=0 (0.0%) vs oracle_zero_load=0.0%
    settle_hist[outer=10]: <100: 0nets/0.0%work  <1k: 0nets/0.0%work  <5k: 0nets/0.0%work  <20k: 0nets/0.0%work  <60k: 0nets/0.0%work  >=60k: 0nets/0.0%work
    fanout_hist[outer=10]: fan1: 0nets/0.0%work  fan2-4: 0nets/0.0%work  fan5-16: 0nets/0.0%work  fan17-64: 0nets/0.0%work  fan65-256: 0nets/0.0%work  fan>256: 0nets/0.0%work
    rss_probe[outer=10]: pre_post_solve=1005MB post_post_solve=1005MB after_apply=1005MB
    E_decomp: base=0.0 eff=0.0 cong=0.0 cong_share=0.0% sat_pipes=0 max_util=0.00  R_buckets: 1-2x=0 2-10x=0 10-100x=0 >=100x=0
    E_potential: beckmann=0.0 history_total=-0.0
    SpanCache: epoch=11 entries=0 lookups=0 hits=0 misses=0 hit_rate=0.0%
  DCD  10: nets=105117 line=6288431 energy=0.000 dE=+0.000 friction=0.0 bins=2.0x(320) excess=96.9 moved=40618 disp=2.334 solves=0 skip=105117 pops=0 theta=5.000 refresh=16ms dcd=18ms total=67ms
    cache_stats: entries=0 capacity=0 est_mb=5 rss_mb=1005
DCD done: energy=0.000 line=6288431 friction=0.0 bins=2.0x(320) excess=96.9
MuxSlotTracker: 150813 commit rejections over entire DCD
MuxSlotTracker[post-DCD]: populated_cells=70524, overflow_tiles=0, at_cap_tiles=180, peak_excess=0, capacity_hist={16:67346}
  ALG_T dcd_done: 1.33s
Pre-legalization: HPWL=4541694
  type DFF: 302 valid columns, 1077536 total BELs
  type LUT6: 302 valid columns, 538768 total BELs
TypeAwarePlacement: 2 cell types
RSS_SAMPLE t=3.0s rss=1005MB hwm=1005MB
RSS_SAMPLE t=3.3s rss=1005MB hwm=1005MB
RSS_SAMPLE t=3.5s rss=1005MB hwm=1005MB
  SortedLegalizer: cluster_rejects=331676 shared_mux_rejects=1492190 arch_validity_rejects=0
  ALG_T legalize_done: 2.04s
Post-legalization: HPWL=4523586, line=6420470
OT_RESULT place_secs=2.15 total_hpwl=4523586
[ perf record: Woken up 368 times to write data ]
[ perf record: Captured and wrote 112.629 MB measurements/now.perf (26849 samples) ]
