chipdb: /home/kelvin/side-project/eisenjoch/chip_database/xc7_large.bin
design: /home/kelvin/side-project/eisenjoch/benchmark/output/stereovision3.json
cfg: max_outer_iters=20 blend_alpha=0.5 hardening_step=0 graph_model=TwoLevelPip
  topological compress: density=0.60 target_tiles=46 final_tiles=46 scale=0.026 center=(117.5,111.0)
  topological init: n_movable=222, n_edges=514, max_layer=42, back_edges=1, n_anchored=2
Locked 53 boundary/IO cells as fixed anchors
  Skipped truly-null coarse cells: 0 (of 69353 total); pruned pipes: src_null=0 dst_null=0
  Pipe capacity by span:
    span=  1: 138172 pipes, cap min=1 avg=134.5 max=432
    span=  2: 136455 pipes, cap min=2 avg=50.7 max=118
    span=  3: 135619 pipes, cap min=2 avg=26.1 max=52
    span=  4: 136319 pipes, cap min=2 avg=22.7 max=140
    span=  5: 135918 pipes, cap min=2 avg=66.1 max=124
    span=  6: 201217 pipes, cap min=2 avg=15.2 max=28
    span=  7: 200933 pipes, cap min=1 avg=7.3 max=20
    span=  8: 132748 pipes, cap min=2 avg=6.0 max=10
    span=  9: 130848 pipes, cap min=2 avg=6.0 max=10
    span= 10: 131090 pipes, cap min=2 avg=2.2 max=31
    span= 11: 129628 pipes, cap min=2 avg=2.0 max=4
    span= 12: 129018 pipes, cap min=2 avg=2.0 max=4
    span= 13: 128408 pipes, cap min=1 avg=1.5 max=4
    span= 14: 127798 pipes, cap min=1 avg=1.0 max=2
    span= 15: 127188 pipes, cap min=1 avg=1.0 max=2
    span= 16: 126578 pipes, cap min=1 avg=1.0 max=2
    span= 17: 125968 pipes, cap min=1 avg=1.0 max=2
    span= 18: 125358 pipes, cap min=1 avg=1.0 max=2
    span= 19: 63140 pipes, cap min=1 avg=1.0 max=2
  Thin span-1 pipes (cap<=2): 222 total, by tile-type pair (top 20):
    NULL <-> NULL: 220
    CLK_BUFG <-> NULL: 2
  Pipe cost: span^0.50 model (r1=1), span-1=1.000, span-12=3.464, 2×span-6=4.899, 12×span-1=12.000
  topological compress: density=0.60 target_tiles=35 final_tiles=35 scale=0.020 center=(125.9,111.0)
  topological init: n_movable=169, n_edges=456, max_layer=40, back_edges=1, n_anchored=58
  type DFF: 302 valid columns, 1077536 total BELs
  type LUT6: 302 valid columns, 538768 total BELs
TypeAwarePlacement: 2 cell types
Coordinate descent mode: 169 cells, scale 1.00
CellValidityMask: 169 cells, 311x223 grid, per-cell valid positions: min=67346 avg=67346.0 max=67346, unmapped cells=0
MuxSlotTracker: 169 cells (169 with external fanout), 67346 tiles, total_cap=1077536, active_buckets=[DFF,LUT6], built in 82.8ms
MuxSlotTracker[post-seed]: populated_cells=169, overflow_tiles=0, at_cap_tiles=0, peak_excess=0, capacity_hist={16:67346}
DCD placer: 169 cells, 69353 nodes, outer_iters=20, dcd_iters_per_cell=8, graph_model=TwoLevelPip
Softmin position update: enabled, theta 0.250 -> 5.000 (anneal over 20 iters)
    SwitchMatrix: type_usage_pairs=7 lookups=110 hits=103 dijkstra_calls=7 avg_us=11.4 total_ms=0.1
    rss_probe[outer=0]: pre_refresh_rss=665MB post_pre_solve_rss=676MB cache_entries=46359 cache_cap=104160 cache_est_mb=1
    pre_solve_diag[outer=0]: solves=295 fallback=0 (0.0%) cap_armed=295 (100.0%) settle_avg=684 settle_max=5800 init_count=69
  Cell placement by tile type (iter 0, 169 cells):
    CLB: 169
    Overflow: over=0 (0.0% of used) avg_excess=0.00 max_excess=0.00 (nc=0.00 cap=0 span=0)  excess_buckets: <=1=0 1-5=0 5-20=0 >20=0  by_cap: cap1=0 cap2=0 cap3-5=0 cap>5=0  by_span: s1=0 s2-3=0 s4-6=0 s7-12=0 s>12=0  le1_cross: cap1=0 cap2-5=0 cap>5=0
    Congestion: pipes=2562403 used=0 congested(>50%)=0 saturated(>90%)=0 max_util=0.00 avg_util=0.0000
    rss_probe[outer=0]: pre_post_solve=677MB post_post_solve=743MB after_apply=743MB
    E_decomp: base=8119.1 eff=8500.2 cong=381.1 cong_share=4.5% sat_pipes=0 max_util=0.28  R_buckets: 1-2x=263746 2-10x=0 10-100x=0 >=100x=0
    E_potential: beckmann=8119.1 history_total=0.0
    SpanCache: epoch=1 entries=110 lookups=2562403 hits=2562293 misses=110 hit_rate=100.0%
  DCD   0: nets=295 line=7062 energy=2191.219 dE=+0.000 friction=28.2 bins=1.9x(8) excess=3.9 moved=169 disp=inf solves=590 skip=0 pops=400147 theta=0.250 refresh=82ms dcd=18ms total=141ms
    cache_stats: entries=44637 capacity=105392 est_mb=1 rss_mb=740
    SwitchMatrix: type_usage_pairs=18 lookups=128 hits=110 dijkstra_calls=18 avg_us=14.4 total_ms=0.3
    rss_probe[outer=1]: pre_refresh_rss=740MB post_pre_solve_rss=740MB cache_entries=44637 cache_cap=105392 cache_est_mb=1
    pre_solve_diag[outer=1]: solves=0 fallback=0 (0.0%) cap_armed=0 (0.0%) settle_avg=0 settle_max=0 init_count=60
    Overflow: over=0 (0.0% of used) avg_excess=0.00 max_excess=0.00 (nc=0.00 cap=0 span=0)  excess_buckets: <=1=0 1-5=0 5-20=0 >20=0  by_cap: cap1=0 cap2=0 cap3-5=0 cap>5=0  by_span: s1=0 s2-3=0 s4-6=0 s7-12=0 s>12=0  le1_cross: cap1=0 cap2-5=0 cap>5=0
    Congestion: pipes=2562403 used=263746 congested(>50%)=0 saturated(>90%)=0 max_util=0.28 avg_util=0.0003
    rss_probe[outer=1]: pre_post_solve=740MB post_post_solve=757MB after_apply=757MB
    E_decomp: base=12395.4 eff=13632.8 cong=1237.3 cong_share=9.1% sat_pipes=0 max_util=0.86  R_buckets: 1-2x=264850 2-10x=51 10-100x=15 >=100x=1
    E_potential: beckmann=12395.5 history_total=0.0
    SpanCache: epoch=2 entries=128 lookups=2562403 hits=2562275 misses=128 hit_rate=100.0%
  DCD   1: nets=295 line=6706 energy=2300.986 dE=+109.767 friction=72.0 bins=2.0x(10) excess=4.8 moved=169 disp=1.047 solves=295 skip=295 pops=199987 theta=0.293 refresh=71ms dcd=17ms total=125ms
    cache_stats: entries=44586 capacity=106848 est_mb=1 rss_mb=758
    SwitchMatrix: type_usage_pairs=27 lookups=145 hits=118 dijkstra_calls=27 avg_us=12.5 total_ms=0.3
    rss_probe[outer=2]: pre_refresh_rss=754MB post_pre_solve_rss=754MB cache_entries=44586 cache_cap=106848 cache_est_mb=1
    pre_solve_diag[outer=2]: solves=0 fallback=0 (0.0%) cap_armed=0 (0.0%) settle_avg=0 settle_max=0 init_count=60
    Overflow: over=0 (0.0% of used) avg_excess=0.00 max_excess=0.00 (nc=0.00 cap=0 span=0)  excess_buckets: <=1=0 1-5=0 5-20=0 >20=0  by_cap: cap1=0 cap2=0 cap3-5=0 cap>5=0  by_span: s1=0 s2-3=0 s4-6=0 s7-12=0 s>12=0  le1_cross: cap1=0 cap2-5=0 cap>5=0
    Congestion: pipes=2562403 used=264917 congested(>50%)=2 saturated(>90%)=0 max_util=0.86 avg_util=0.0004
    rss_probe[outer=2]: pre_post_solve=754MB post_post_solve=767MB after_apply=767MB
    E_decomp: base=14369.2 eff=19284.1 cong=4914.9 cong_share=25.5% sat_pipes=0 max_util=0.86  R_buckets: 1-2x=267086 2-10x=436 10-100x=42 >=100x=4
    E_potential: beckmann=14369.3 history_total=0.0
    SpanCache: epoch=3 entries=145 lookups=2562403 hits=2562258 misses=145 hit_rate=100.0%
  DCD   2: nets=295 line=6467 energy=2295.625 dE=-5.361 friction=88.3 bins=1.8x(10) excess=4.1 moved=169 disp=1.089 solves=295 skip=295 pops=199672 theta=0.343 refresh=70ms dcd=17ms total=123ms
    cache_stats: entries=44724 capacity=107968 est_mb=1 rss_mb=767
    SwitchMatrix: type_usage_pairs=29 lookups=154 hits=125 dijkstra_calls=29 avg_us=12.3 total_ms=0.4
    rss_probe[outer=3]: pre_refresh_rss=767MB post_pre_solve_rss=767MB cache_entries=44724 cache_cap=107968 cache_est_mb=1
    pre_solve_diag[outer=3]: solves=0 fallback=0 (0.0%) cap_armed=0 (0.0%) settle_avg=0 settle_max=0 init_count=56
    Overflow: over=0 (0.0% of used) avg_excess=0.00 max_excess=0.00 (nc=0.00 cap=0 span=0)  excess_buckets: <=1=0 1-5=0 5-20=0 >20=0  by_cap: cap1=0 cap2=0 cap3-5=0 cap>5=0  by_span: s1=0 s2-3=0 s4-6=0 s7-12=0 s>12=0  le1_cross: cap1=0 cap2-5=0 cap>5=0
    Congestion: pipes=2562403 used=267568 congested(>50%)=4 saturated(>90%)=0 max_util=0.86 avg_util=0.0005
    rss_probe[outer=3]: pre_post_solve=767MB post_post_solve=784MB after_apply=784MB
    E_decomp: base=15269.9 eff=26801.3 cong=11531.4 cong_share=43.0% sat_pipes=0 max_util=0.76  R_buckets: 1-2x=270432 2-10x=468 10-100x=217 >=100x=3
    E_potential: beckmann=15270.0 history_total=0.0
    SpanCache: epoch=4 entries=154 lookups=2562403 hits=2562249 misses=154 hit_rate=100.0%
  DCD   3: nets=295 line=6548 energy=2299.308 dE=+3.683 friction=96.3 bins=1.9x(7) excess=3.8 moved=169 disp=1.148 solves=295 skip=295 pops=199013 theta=0.401 refresh=72ms dcd=16ms total=125ms
    cache_stats: entries=44787 capacity=109200 est_mb=1 rss_mb=784
    SwitchMatrix: type_usage_pairs=33 lookups=154 hits=121 dijkstra_calls=33 avg_us=13.4 total_ms=0.4
    rss_probe[outer=4]: pre_refresh_rss=784MB post_pre_solve_rss=784MB cache_entries=44787 cache_cap=109200 cache_est_mb=1
    pre_solve_diag[outer=4]: solves=0 fallback=0 (0.0%) cap_armed=0 (0.0%) settle_avg=0 settle_max=0 init_count=60
    Overflow: over=0 (0.0% of used) avg_excess=0.00 max_excess=0.00 (nc=0.00 cap=0 span=0)  excess_buckets: <=1=0 1-5=0 5-20=0 >20=0  by_cap: cap1=0 cap2=0 cap3-5=0 cap>5=0  by_span: s1=0 s2-3=0 s4-6=0 s7-12=0 s>12=0  le1_cross: cap1=0 cap2-5=0 cap>5=0
    Congestion: pipes=2562403 used=271120 congested(>50%)=9 saturated(>90%)=0 max_util=0.76 avg_util=0.0005
    rss_probe[outer=4]: pre_post_solve=784MB post_post_solve=787MB after_apply=787MB
    E_decomp: base=15825.7 eff=52896.0 cong=37070.2 cong_share=70.1% sat_pipes=0 max_util=0.86  R_buckets: 1-2x=270719 2-10x=386 10-100x=83 >=100x=40
    E_potential: beckmann=15825.8 history_total=0.0
    SpanCache: epoch=5 entries=154 lookups=2562403 hits=2562249 misses=154 hit_rate=100.0%
  DCD   4: nets=295 line=6562 energy=2297.521 dE=-1.787 friction=101.4 bins=2.0x(6) excess=3.8 moved=169 disp=1.124 solves=295 skip=295 pops=197592 theta=0.470 refresh=66ms dcd=17ms total=120ms
    cache_stats: entries=44537 capacity=109424 est_mb=1 rss_mb=787
    SwitchMatrix: type_usage_pairs=31 lookups=159 hits=128 dijkstra_calls=31 avg_us=15.1 total_ms=0.5
    rss_probe[outer=5]: pre_refresh_rss=787MB post_pre_solve_rss=787MB cache_entries=44537 cache_cap=109424 cache_est_mb=1
    pre_solve_diag[outer=5]: solves=0 fallback=0 (0.0%) cap_armed=0 (0.0%) settle_avg=0 settle_max=0 init_count=45
    Overflow: over=0 (0.0% of used) avg_excess=0.00 max_excess=0.00 (nc=0.00 cap=0 span=0)  excess_buckets: <=1=0 1-5=0 5-20=0 >20=0  by_cap: cap1=0 cap2=0 cap3-5=0 cap>5=0  by_span: s1=0 s2-3=0 s4-6=0 s7-12=0 s>12=0  le1_cross: cap1=0 cap2-5=0 cap>5=0
    Congestion: pipes=2562403 used=271228 congested(>50%)=5 saturated(>90%)=0 max_util=0.86 avg_util=0.0005
    rss_probe[outer=5]: pre_post_solve=787MB post_post_solve=793MB after_apply=793MB
    E_decomp: base=15984.8 eff=44291.4 cong=28306.7 cong_share=63.9% sat_pipes=0 max_util=0.88  R_buckets: 1-2x=270599 2-10x=447 10-100x=160 >=100x=46
    E_potential: beckmann=15984.8 history_total=0.0
    SpanCache: epoch=6 entries=159 lookups=2562403 hits=2562244 misses=159 hit_rate=100.0%
  DCD   5: nets=295 line=6507 energy=2258.449 dE=-39.072 friction=95.6 bins=2.0x(8) excess=4.0 moved=169 disp=1.077 solves=295 skip=295 pops=197857 theta=0.550 refresh=68ms dcd=17ms total=122ms
    cache_stats: entries=44956 capacity=110096 est_mb=1 rss_mb=793
    SwitchMatrix: type_usage_pairs=28 lookups=152 hits=124 dijkstra_calls=28 avg_us=12.8 total_ms=0.4
    rss_probe[outer=6]: pre_refresh_rss=793MB post_pre_solve_rss=793MB cache_entries=44956 cache_cap=110096 cache_est_mb=1
    pre_solve_diag[outer=6]: solves=0 fallback=0 (0.0%) cap_armed=0 (0.0%) settle_avg=0 settle_max=0 init_count=45
    Overflow: over=0 (0.0% of used) avg_excess=0.00 max_excess=0.00 (nc=0.00 cap=0 span=0)  excess_buckets: <=1=0 1-5=0 5-20=0 >20=0  by_cap: cap1=0 cap2=0 cap3-5=0 cap>5=0  by_span: s1=0 s2-3=0 s4-6=0 s7-12=0 s>12=0  le1_cross: cap1=0 cap2-5=0 cap>5=0
    Congestion: pipes=2562403 used=271252 congested(>50%)=4 saturated(>90%)=0 max_util=0.88 avg_util=0.0005
    rss_probe[outer=6]: pre_post_solve=793MB post_post_solve=796MB after_apply=796MB
    E_decomp: base=16118.9 eff=40435.2 cong=24316.4 cong_share=60.1% sat_pipes=1 max_util=0.96  R_buckets: 1-2x=270563 2-10x=587 10-100x=89 >=100x=13
    E_potential: beckmann=16118.9 history_total=0.0
    SpanCache: epoch=7 entries=152 lookups=2562403 hits=2562251 misses=152 hit_rate=100.0%
  DCD   6: nets=295 line=6731 energy=2255.837 dE=-2.612 friction=94.3 bins=2.0x(6) excess=3.9 moved=169 disp=1.095 solves=295 skip=295 pops=197468 theta=0.644 refresh=70ms dcd=16ms total=125ms
    cache_stats: entries=44748 capacity=110432 est_mb=1 rss_mb=796
    SwitchMatrix: type_usage_pairs=29 lookups=150 hits=121 dijkstra_calls=29 avg_us=13.2 total_ms=0.4
    rss_probe[outer=7]: pre_refresh_rss=796MB post_pre_solve_rss=796MB cache_entries=44748 cache_cap=110432 cache_est_mb=1
    pre_solve_diag[outer=7]: solves=0 fallback=0 (0.0%) cap_armed=0 (0.0%) settle_avg=0 settle_max=0 init_count=60
    Overflow: over=0 (0.0% of used) avg_excess=0.00 max_excess=0.00 (nc=0.00 cap=0 span=0)  excess_buckets: <=1=0 1-5=0 5-20=0 >20=0  by_cap: cap1=0 cap2=0 cap3-5=0 cap>5=0  by_span: s1=0 s2-3=0 s4-6=0 s7-12=0 s>12=0  le1_cross: cap1=0 cap2-5=0 cap>5=0
    Congestion: pipes=2562403 used=271252 congested(>50%)=2 saturated(>90%)=1 max_util=0.96 avg_util=0.0005
    rss_probe[outer=7]: pre_post_solve=796MB post_post_solve=797MB after_apply=797MB
    E_decomp: base=16194.4 eff=47293.9 cong=31099.6 cong_share=65.8% sat_pipes=1 max_util=0.95  R_buckets: 1-2x=270832 2-10x=515 10-100x=42 >=100x=14
    E_potential: beckmann=16194.4 history_total=0.0
    SpanCache: epoch=8 entries=150 lookups=2562403 hits=2562253 misses=150 hit_rate=100.0%
  DCD   7: nets=295 line=6633 energy=2309.859 dE=+54.022 friction=93.3 bins=1.8x(8) excess=3.5 moved=169 disp=1.112 solves=295 skip=295 pops=197776 theta=0.754 refresh=65ms dcd=17ms total=118ms
    cache_stats: entries=45349 capacity=110768 est_mb=1 rss_mb=797
    SwitchMatrix: type_usage_pairs=35 lookups=155 hits=120 dijkstra_calls=35 avg_us=13.7 total_ms=0.5
    rss_probe[outer=8]: pre_refresh_rss=797MB post_pre_solve_rss=797MB cache_entries=45349 cache_cap=110768 cache_est_mb=1
    pre_solve_diag[outer=8]: solves=0 fallback=0 (0.0%) cap_armed=0 (0.0%) settle_avg=0 settle_max=0 init_count=59
    Overflow: over=0 (0.0% of used) avg_excess=0.00 max_excess=0.00 (nc=0.00 cap=0 span=0)  excess_buckets: <=1=0 1-5=0 5-20=0 >20=0  by_cap: cap1=0 cap2=0 cap3-5=0 cap>5=0  by_span: s1=0 s2-3=0 s4-6=0 s7-12=0 s>12=0  le1_cross: cap1=0 cap2-5=0 cap>5=0
    Congestion: pipes=2562403 used=271403 congested(>50%)=3 saturated(>90%)=1 max_util=0.95 avg_util=0.0005
    rss_probe[outer=8]: pre_post_solve=797MB post_post_solve=800MB after_apply=800MB
    E_decomp: base=16298.7 eff=46453.7 cong=30155.0 cong_share=64.9% sat_pipes=0 max_util=0.53  R_buckets: 1-2x=271345 2-10x=489 10-100x=76 >=100x=10
    E_potential: beckmann=16298.7 history_total=0.0
    SpanCache: epoch=9 entries=155 lookups=2562403 hits=2562248 misses=155 hit_rate=100.0%
  DCD   8: nets=295 line=6580 energy=2254.294 dE=-55.565 friction=94.3 bins=2.0x(6) excess=3.2 moved=169 disp=1.112 solves=295 skip=295 pops=197440 theta=0.883 refresh=64ms dcd=16ms total=116ms
    cache_stats: entries=45349 capacity=111216 est_mb=1 rss_mb=800
    SwitchMatrix: type_usage_pairs=32 lookups=152 hits=120 dijkstra_calls=32 avg_us=12.8 total_ms=0.4
    rss_probe[outer=9]: pre_refresh_rss=800MB post_pre_solve_rss=800MB cache_entries=45349 cache_cap=111216 cache_est_mb=1
    pre_solve_diag[outer=9]: solves=0 fallback=0 (0.0%) cap_armed=0 (0.0%) settle_avg=0 settle_max=0 init_count=63
    Overflow: over=0 (0.0% of used) avg_excess=0.00 max_excess=0.00 (nc=0.00 cap=0 span=0)  excess_buckets: <=1=0 1-5=0 5-20=0 >20=0  by_cap: cap1=0 cap2=0 cap3-5=0 cap>5=0  by_span: s1=0 s2-3=0 s4-6=0 s7-12=0 s>12=0  le1_cross: cap1=0 cap2-5=0 cap>5=0
    Congestion: pipes=2562403 used=271920 congested(>50%)=1 saturated(>90%)=0 max_util=0.53 avg_util=0.0005
    rss_probe[outer=9]: pre_post_solve=800MB post_post_solve=802MB after_apply=802MB
    E_decomp: base=16383.7 eff=35818.5 cong=19434.8 cong_share=54.3% sat_pipes=0 max_util=0.54  R_buckets: 1-2x=271700 2-10x=335 10-100x=169 >=100x=36
    E_potential: beckmann=16383.7 history_total=0.0
    SpanCache: epoch=10 entries=152 lookups=2562403 hits=2562251 misses=152 hit_rate=100.0%
  DCD   9: nets=295 line=6534 energy=2278.298 dE=+24.004 friction=93.3 bins=2.0x(6) excess=4.6 moved=169 disp=1.095 solves=295 skip=295 pops=196468 theta=1.033 refresh=64ms dcd=16ms total=115ms
    cache_stats: entries=44978 capacity=111328 est_mb=1 rss_mb=802
    SwitchMatrix: type_usage_pairs=30 lookups=151 hits=121 dijkstra_calls=30 avg_us=12.7 total_ms=0.4
    rss_probe[outer=10]: pre_refresh_rss=802MB post_pre_solve_rss=802MB cache_entries=44978 cache_cap=111328 cache_est_mb=1
    pre_solve_diag[outer=10]: solves=0 fallback=0 (0.0%) cap_armed=0 (0.0%) settle_avg=0 settle_max=0 init_count=67
    Overflow: over=0 (0.0% of used) avg_excess=0.00 max_excess=0.00 (nc=0.00 cap=0 span=0)  excess_buckets: <=1=0 1-5=0 5-20=0 >20=0  by_cap: cap1=0 cap2=0 cap3-5=0 cap>5=0  by_span: s1=0 s2-3=0 s4-6=0 s7-12=0 s>12=0  le1_cross: cap1=0 cap2-5=0 cap>5=0
    Congestion: pipes=2562403 used=272240 congested(>50%)=1 saturated(>90%)=0 max_util=0.54 avg_util=0.0005
    rss_probe[outer=10]: pre_post_solve=802MB post_post_solve=803MB after_apply=803MB
    E_decomp: base=16428.6 eff=33885.9 cong=17457.3 cong_share=51.5% sat_pipes=0 max_util=0.55  R_buckets: 1-2x=274267 2-10x=415 10-100x=143 >=100x=13
    E_potential: beckmann=16428.7 history_total=0.0
    SpanCache: epoch=11 entries=151 lookups=2562403 hits=2562252 misses=151 hit_rate=100.0%
  DCD  10: nets=295 line=6691 energy=2269.842 dE=-8.456 friction=101.3 bins=2.0x(6) excess=3.0 moved=169 disp=1.166 solves=295 skip=295 pops=195669 theta=1.210 refresh=65ms dcd=16ms total=117ms
    cache_stats: entries=45001 capacity=111552 est_mb=1 rss_mb=803
    SwitchMatrix: type_usage_pairs=28 lookups=153 hits=125 dijkstra_calls=28 avg_us=13.3 total_ms=0.4
    rss_probe[outer=11]: pre_refresh_rss=803MB post_pre_solve_rss=803MB cache_entries=45001 cache_cap=111552 cache_est_mb=1
    pre_solve_diag[outer=11]: solves=0 fallback=0 (0.0%) cap_armed=0 (0.0%) settle_avg=0 settle_max=0 init_count=52
    Overflow: over=0 (0.0% of used) avg_excess=0.00 max_excess=0.00 (nc=0.00 cap=0 span=0)  excess_buckets: <=1=0 1-5=0 5-20=0 >20=0  by_cap: cap1=0 cap2=0 cap3-5=0 cap>5=0  by_span: s1=0 s2-3=0 s4-6=0 s7-12=0 s>12=0  le1_cross: cap1=0 cap2-5=0 cap>5=0
    Congestion: pipes=2562403 used=274838 congested(>50%)=2 saturated(>90%)=0 max_util=0.55 avg_util=0.0005
    rss_probe[outer=11]: pre_post_solve=803MB post_post_solve=807MB after_apply=807MB
    E_decomp: base=16282.2 eff=26060.7 cong=9778.5 cong_share=37.5% sat_pipes=0 max_util=0.55  R_buckets: 1-2x=274594 2-10x=514 10-100x=156 >=100x=5
    E_potential: beckmann=16282.2 history_total=0.0
    SpanCache: epoch=12 entries=153 lookups=2562403 hits=2562250 misses=153 hit_rate=100.0%
  DCD  11: nets=295 line=6796 energy=2259.717 dE=-10.125 friction=90.2 bins=1.9x(6) excess=3.1 moved=169 disp=1.077 solves=295 skip=295 pops=195134 theta=1.416 refresh=64ms dcd=16ms total=116ms
    cache_stats: entries=45225 capacity=111776 est_mb=1 rss_mb=807
    SwitchMatrix: type_usage_pairs=31 lookups=156 hits=125 dijkstra_calls=31 avg_us=12.7 total_ms=0.4
    rss_probe[outer=12]: pre_refresh_rss=807MB post_pre_solve_rss=807MB cache_entries=45225 cache_cap=111776 cache_est_mb=1
    pre_solve_diag[outer=12]: solves=0 fallback=0 (0.0%) cap_armed=0 (0.0%) settle_avg=0 settle_max=0 init_count=58
    Overflow: over=0 (0.0% of used) avg_excess=0.00 max_excess=0.00 (nc=0.00 cap=0 span=0)  excess_buckets: <=1=0 1-5=0 5-20=0 >20=0  by_cap: cap1=0 cap2=0 cap3-5=0 cap>5=0  by_span: s1=0 s2-3=0 s4-6=0 s7-12=0 s>12=0  le1_cross: cap1=0 cap2-5=0 cap>5=0
    Congestion: pipes=2562403 used=275269 congested(>50%)=2 saturated(>90%)=0 max_util=0.55 avg_util=0.0005
    rss_probe[outer=12]: pre_post_solve=807MB post_post_solve=810MB after_apply=810MB
    E_decomp: base=16357.0 eff=29885.9 cong=13528.9 cong_share=45.3% sat_pipes=0 max_util=0.63  R_buckets: 1-2x=275578 2-10x=460 10-100x=53 >=100x=14
    E_potential: beckmann=16357.0 history_total=0.0
    SpanCache: epoch=13 entries=156 lookups=2562403 hits=2562247 misses=156 hit_rate=100.0%
  DCD  12: nets=295 line=6638 energy=2247.809 dE=-11.908 friction=94.7 bins=1.9x(6) excess=3.5 moved=169 disp=1.112 solves=295 skip=295 pops=195151 theta=1.658 refresh=66ms dcd=16ms total=118ms
    cache_stats: entries=45314 capacity=111776 est_mb=1 rss_mb=810
    SwitchMatrix: type_usage_pairs=28 lookups=149 hits=121 dijkstra_calls=28 avg_us=12.8 total_ms=0.4
    rss_probe[outer=13]: pre_refresh_rss=810MB post_pre_solve_rss=810MB cache_entries=45314 cache_cap=111776 cache_est_mb=1
    pre_solve_diag[outer=13]: solves=0 fallback=0 (0.0%) cap_armed=0 (0.0%) settle_avg=0 settle_max=0 init_count=60
    Overflow: over=0 (0.0% of used) avg_excess=0.00 max_excess=0.00 (nc=0.00 cap=0 span=0)  excess_buckets: <=1=0 1-5=0 5-20=0 >20=0  by_cap: cap1=0 cap2=0 cap3-5=0 cap>5=0  by_span: s1=0 s2-3=0 s4-6=0 s7-12=0 s>12=0  le1_cross: cap1=0 cap2-5=0 cap>5=0
    Congestion: pipes=2562403 used=276105 congested(>50%)=7 saturated(>90%)=0 max_util=0.63 avg_util=0.0005
    rss_probe[outer=13]: pre_post_solve=810MB post_post_solve=811MB after_apply=811MB
    E_decomp: base=16407.6 eff=45983.4 cong=29575.8 cong_share=64.3% sat_pipes=0 max_util=0.88  R_buckets: 1-2x=276174 2-10x=569 10-100x=25 >=100x=13
    E_potential: beckmann=16407.7 history_total=0.0
    SpanCache: epoch=14 entries=149 lookups=2562403 hits=2562254 misses=149 hit_rate=100.0%
  DCD  13: nets=295 line=6702 energy=2274.690 dE=+26.881 friction=104.7 bins=2.0x(7) excess=4.2 moved=169 disp=1.107 solves=295 skip=295 pops=194688 theta=1.941 refresh=65ms dcd=16ms total=116ms
    cache_stats: entries=44816 capacity=111776 est_mb=1 rss_mb=811
    SwitchMatrix: type_usage_pairs=31 lookups=159 hits=128 dijkstra_calls=31 avg_us=13.2 total_ms=0.4
    rss_probe[outer=14]: pre_refresh_rss=811MB post_pre_solve_rss=811MB cache_entries=44816 cache_cap=111776 cache_est_mb=1
    pre_solve_diag[outer=14]: solves=0 fallback=0 (0.0%) cap_armed=0 (0.0%) settle_avg=0 settle_max=0 init_count=60
    Overflow: over=0 (0.0% of used) avg_excess=0.00 max_excess=0.00 (nc=0.00 cap=0 span=0)  excess_buckets: <=1=0 1-5=0 5-20=0 >20=0  by_cap: cap1=0 cap2=0 cap3-5=0 cap>5=0  by_span: s1=0 s2-3=0 s4-6=0 s7-12=0 s>12=0  le1_cross: cap1=0 cap2-5=0 cap>5=0
    Congestion: pipes=2562403 used=276781 congested(>50%)=3 saturated(>90%)=0 max_util=0.88 avg_util=0.0005
    rss_probe[outer=14]: pre_post_solve=811MB post_post_solve=812MB after_apply=812MB
    E_decomp: base=16134.4 eff=33247.3 cong=17113.0 cong_share=51.5% sat_pipes=0 max_util=0.83  R_buckets: 1-2x=276634 2-10x=627 10-100x=146 >=100x=8
    E_potential: beckmann=16134.5 history_total=0.0
    SpanCache: epoch=15 entries=159 lookups=2562403 hits=2562244 misses=159 hit_rate=100.0%
  DCD  14: nets=295 line=6640 energy=2264.555 dE=-10.135 friction=104.9 bins=2.0x(7) excess=4.2 moved=169 disp=1.118 solves=295 skip=295 pops=194398 theta=2.273 refresh=67ms dcd=18ms total=122ms
    cache_stats: entries=45040 capacity=111888 est_mb=1 rss_mb=812
    SwitchMatrix: type_usage_pairs=31 lookups=160 hits=129 dijkstra_calls=31 avg_us=13.3 total_ms=0.4
    rss_probe[outer=15]: pre_refresh_rss=812MB post_pre_solve_rss=812MB cache_entries=45040 cache_cap=111888 cache_est_mb=1
    pre_solve_diag[outer=15]: solves=0 fallback=0 (0.0%) cap_armed=0 (0.0%) settle_avg=0 settle_max=0 init_count=60
    Overflow: over=0 (0.0% of used) avg_excess=0.00 max_excess=0.00 (nc=0.00 cap=0 span=0)  excess_buckets: <=1=0 1-5=0 5-20=0 >20=0  by_cap: cap1=0 cap2=0 cap3-5=0 cap>5=0  by_span: s1=0 s2-3=0 s4-6=0 s7-12=0 s>12=0  le1_cross: cap1=0 cap2-5=0 cap>5=0
    Congestion: pipes=2562403 used=277415 congested(>50%)=16 saturated(>90%)=0 max_util=0.83 avg_util=0.0005
    rss_probe[outer=15]: pre_post_solve=812MB post_post_solve=817MB after_apply=817MB
    E_decomp: base=15607.1 eff=26775.9 cong=11168.8 cong_share=41.7% sat_pipes=0 max_util=0.61  R_buckets: 1-2x=276817 2-10x=466 10-100x=245 >=100x=16
    E_potential: beckmann=15607.2 history_total=0.0
    SpanCache: epoch=16 entries=160 lookups=2562403 hits=2562243 misses=160 hit_rate=100.0%
  DCD  15: nets=295 line=6516 energy=2191.493 dE=-73.062 friction=106.8 bins=1.8x(10) excess=3.6 moved=169 disp=1.154 solves=295 skip=295 pops=194005 theta=2.661 refresh=68ms dcd=17ms total=121ms
    cache_stats: entries=44636 capacity=112112 est_mb=1 rss_mb=817
    SwitchMatrix: type_usage_pairs=33 lookups=155 hits=122 dijkstra_calls=33 avg_us=15.2 total_ms=0.5
    rss_probe[outer=16]: pre_refresh_rss=817MB post_pre_solve_rss=817MB cache_entries=44636 cache_cap=112112 cache_est_mb=1
    pre_solve_diag[outer=16]: solves=0 fallback=0 (0.0%) cap_armed=0 (0.0%) settle_avg=0 settle_max=0 init_count=59
    Overflow: over=0 (0.0% of used) avg_excess=0.00 max_excess=0.00 (nc=0.00 cap=0 span=0)  excess_buckets: <=1=0 1-5=0 5-20=0 >20=0  by_cap: cap1=0 cap2=0 cap3-5=0 cap>5=0  by_span: s1=0 s2-3=0 s4-6=0 s7-12=0 s>12=0  le1_cross: cap1=0 cap2-5=0 cap>5=0
    Congestion: pipes=2562403 used=277544 congested(>50%)=3 saturated(>90%)=0 max_util=0.61 avg_util=0.0005
    rss_probe[outer=16]: pre_post_solve=817MB post_post_solve=819MB after_apply=819MB
    E_decomp: base=15591.4 eff=33041.2 cong=17449.8 cong_share=52.8% sat_pipes=0 max_util=0.65  R_buckets: 1-2x=277471 2-10x=634 10-100x=44 >=100x=6
    E_potential: beckmann=15591.5 history_total=0.0
    SpanCache: epoch=17 entries=155 lookups=2562403 hits=2562248 misses=155 hit_rate=100.0%
  DCD  16: nets=295 line=6288 energy=2201.082 dE=+9.589 friction=99.4 bins=2.0x(7) excess=4.4 moved=169 disp=1.071 solves=295 skip=295 pops=192385 theta=3.116 refresh=66ms dcd=16ms total=117ms
    cache_stats: entries=44547 capacity=112224 est_mb=1 rss_mb=819
    SwitchMatrix: type_usage_pairs=31 lookups=153 hits=122 dijkstra_calls=31 avg_us=14.8 total_ms=0.5
    rss_probe[outer=17]: pre_refresh_rss=819MB post_pre_solve_rss=819MB cache_entries=44547 cache_cap=112224 cache_est_mb=1
    pre_solve_diag[outer=17]: solves=0 fallback=0 (0.0%) cap_armed=0 (0.0%) settle_avg=0 settle_max=0 init_count=58
    Overflow: over=0 (0.0% of used) avg_excess=0.00 max_excess=0.00 (nc=0.00 cap=0 span=0)  excess_buckets: <=1=0 1-5=0 5-20=0 >20=0  by_cap: cap1=0 cap2=0 cap3-5=0 cap>5=0  by_span: s1=0 s2-3=0 s4-6=0 s7-12=0 s>12=0  le1_cross: cap1=0 cap2-5=0 cap>5=0
    Congestion: pipes=2562403 used=278155 congested(>50%)=3 saturated(>90%)=0 max_util=0.65 avg_util=0.0005
    rss_probe[outer=17]: pre_post_solve=819MB post_post_solve=819MB after_apply=819MB
    E_decomp: base=15594.2 eff=30646.4 cong=15052.1 cong_share=49.1% sat_pipes=0 max_util=0.68  R_buckets: 1-2x=277648 2-10x=379 10-100x=120 >=100x=9
    E_potential: beckmann=15594.3 history_total=0.0
    SpanCache: epoch=18 entries=153 lookups=2562403 hits=2562250 misses=153 hit_rate=100.0%
  DCD  17: nets=295 line=6500 energy=2209.436 dE=+8.354 friction=108.1 bins=1.9x(7) excess=4.9 moved=169 disp=1.071 solves=295 skip=295 pops=193373 theta=3.648 refresh=65ms dcd=17ms total=120ms
    cache_stats: entries=44494 capacity=112336 est_mb=1 rss_mb=819
    SwitchMatrix: type_usage_pairs=28 lookups=156 hits=128 dijkstra_calls=28 avg_us=13.8 total_ms=0.4
    rss_probe[outer=18]: pre_refresh_rss=819MB post_pre_solve_rss=819MB cache_entries=44494 cache_cap=112336 cache_est_mb=1
    pre_solve_diag[outer=18]: solves=0 fallback=0 (0.0%) cap_armed=0 (0.0%) settle_avg=0 settle_max=0 init_count=60
    Overflow: over=0 (0.0% of used) avg_excess=0.00 max_excess=0.00 (nc=0.00 cap=0 span=0)  excess_buckets: <=1=0 1-5=0 5-20=0 >20=0  by_cap: cap1=0 cap2=0 cap3-5=0 cap>5=0  by_span: s1=0 s2-3=0 s4-6=0 s7-12=0 s>12=0  le1_cross: cap1=0 cap2-5=0 cap>5=0
    Congestion: pipes=2562403 used=278156 congested(>50%)=5 saturated(>90%)=0 max_util=0.68 avg_util=0.0005
    rss_probe[outer=18]: pre_post_solve=819MB post_post_solve=819MB after_apply=819MB
    E_decomp: base=15529.8 eff=21048.8 cong=5518.9 cong_share=26.2% sat_pipes=1 max_util=1.13  R_buckets: 1-2x=277359 2-10x=782 10-100x=42 >=100x=7
    E_potential: beckmann=15530.0 history_total=0.0
    SpanCache: epoch=19 entries=156 lookups=2562403 hits=2562247 misses=156 hit_rate=100.0%
  DCD  18: nets=295 line=6386 energy=2216.608 dE=+7.172 friction=104.6 bins=1.8x(10) excess=4.4 moved=169 disp=1.142 solves=295 skip=295 pops=193997 theta=4.271 refresh=67ms dcd=17ms total=120ms
    cache_stats: entries=44936 capacity=112336 est_mb=1 rss_mb=819
    SwitchMatrix: type_usage_pairs=31 lookups=159 hits=128 dijkstra_calls=31 avg_us=14.6 total_ms=0.5
    rss_probe[outer=19]: pre_refresh_rss=819MB post_pre_solve_rss=819MB cache_entries=44936 cache_cap=112336 cache_est_mb=1
    pre_solve_diag[outer=19]: solves=0 fallback=0 (0.0%) cap_armed=0 (0.0%) settle_avg=0 settle_max=0 init_count=60
    Overflow: over=1 (0.0% of used) avg_excess=0.13 max_excess=0.13 (nc=1.13 cap=1 span=18)  excess_buckets: <=1=1 1-5=0 5-20=0 >20=0  by_cap: cap1=1 cap2=0 cap3-5=0 cap>5=0  by_span: s1=0 s2-3=0 s4-6=0 s7-12=0 s>12=1  le1_cross: cap1=1 cap2-5=0 cap>5=0
    Congestion: pipes=2562403 used=278190 congested(>50%)=7 saturated(>90%)=1 max_util=1.13 avg_util=0.0005
    rss_probe[outer=19]: pre_post_solve=819MB post_post_solve=819MB after_apply=819MB
    E_decomp: base=15556.6 eff=34213.4 cong=18656.8 cong_share=54.5% sat_pipes=0 max_util=0.65  R_buckets: 1-2x=277601 2-10x=484 10-100x=181 >=100x=8
    E_potential: beckmann=15556.6 history_total=0.0
    SpanCache: epoch=20 entries=159 lookups=2562403 hits=2562244 misses=159 hit_rate=100.0%
  DCD  19: nets=295 line=6389 energy=2252.594 dE=+35.986 friction=99.7 bins=2.0x(9) excess=4.6 moved=169 disp=1.172 solves=295 skip=295 pops=193268 theta=5.000 refresh=63ms dcd=16ms total=114ms
    cache_stats: entries=44744 capacity=112560 est_mb=1 rss_mb=819
DCD done: energy=2252.594 line=6389 friction=99.7 bins=2.0x(9) excess=4.6
MuxSlotTracker: 236 commit rejections over entire DCD
MuxSlotTracker[post-DCD]: populated_cells=169, overflow_tiles=0, at_cap_tiles=2, peak_excess=0, capacity_hist={16:67346}
Pre-legalization: HPWL=6416
  type DFF: 302 valid columns, 1077536 total BELs
  type LUT6: 302 valid columns, 538768 total BELs
TypeAwarePlacement: 2 cell types
  SortedLegalizer: cluster_rejects=0 shared_mux_rejects=31 arch_validity_rejects=0
Post-legalization: HPWL=6485, line=9135
Per-net HPWL: 298 nets, total=6485
  #0: hpwl=424 fanout=320 (6.5%)
  #1: hpwl=322 fanout=1 (5.0%)
  #2: hpwl=321 fanout=1 (4.9%)
  #3: hpwl=197 fanout=82 (3.0%)
  #4: hpwl=184 fanout=38 (2.8%)
  #5: hpwl=145 fanout=1 (2.2%)
  #6: hpwl=142 fanout=1 (2.2%)
  #7: hpwl=136 fanout=2 (2.1%)
  #8: hpwl=133 fanout=2 (2.1%)
  #9: hpwl=132 fanout=2 (2.0%)
  50% of HPWL from top 19 nets (of 298)
