chipdb: /home/kelvin/side-project/eisenjoch/chip_database/xc7_large.bin
design: /home/kelvin/side-project/eisenjoch/benchmark/output/stereovision3.json
cfg: max_outer_iters=20 blend_alpha=0.5 hardening_step=0 graph_model=TwoLevelPip
  topological compress: density=0.60 target_tiles=46 final_tiles=46 scale=0.026 center=(117.5,111.0)
  topological init: n_movable=222, n_edges=514, max_layer=42, back_edges=1, n_anchored=2
Locked 53 boundary/IO cells as fixed anchors
  Skipped truly-null coarse cells: 0 (of 69353 total); pruned pipes: src_null=0 dst_null=0
  Pipe capacity by span:
    span=  1: 138172 pipes, cap min=1 avg=134.5 max=432
    span=  2: 136455 pipes, cap min=2 avg=50.7 max=118
    span=  3: 135619 pipes, cap min=2 avg=26.1 max=52
    span=  4: 136319 pipes, cap min=2 avg=22.7 max=140
    span=  5: 135918 pipes, cap min=2 avg=66.1 max=124
    span=  6: 201217 pipes, cap min=2 avg=15.2 max=28
    span=  7: 200933 pipes, cap min=1 avg=7.3 max=20
    span=  8: 132748 pipes, cap min=2 avg=6.0 max=10
    span=  9: 130848 pipes, cap min=2 avg=6.0 max=10
    span= 10: 131090 pipes, cap min=2 avg=2.2 max=31
    span= 11: 129628 pipes, cap min=2 avg=2.0 max=4
    span= 12: 129018 pipes, cap min=2 avg=2.0 max=4
    span= 13: 128408 pipes, cap min=1 avg=1.5 max=4
    span= 14: 127798 pipes, cap min=1 avg=1.0 max=2
    span= 15: 127188 pipes, cap min=1 avg=1.0 max=2
    span= 16: 126578 pipes, cap min=1 avg=1.0 max=2
    span= 17: 125968 pipes, cap min=1 avg=1.0 max=2
    span= 18: 125358 pipes, cap min=1 avg=1.0 max=2
    span= 19: 63140 pipes, cap min=1 avg=1.0 max=2
  Thin span-1 pipes (cap<=2): 222 total, by tile-type pair (top 20):
    NULL <-> NULL: 220
    CLK_BUFG <-> NULL: 2
  Pipe cost: span^0.50 model (r1=1), span-1=1.000, span-12=3.464, 2×span-6=4.899, 12×span-1=12.000
  topological compress: density=0.60 target_tiles=35 final_tiles=35 scale=0.020 center=(125.9,111.0)
  topological init: n_movable=169, n_edges=456, max_layer=40, back_edges=1, n_anchored=58
  type DFF: 302 valid columns, 1077536 total BELs
  type LUT6: 302 valid columns, 538768 total BELs
TypeAwarePlacement: 2 cell types
Coordinate descent mode: 169 cells, scale 1.00
CellValidityMask: 169 cells, 311x223 grid, per-cell valid positions: min=67346 avg=67346.0 max=67346, unmapped cells=0
MuxSlotTracker: 169 cells (169 with external fanout), 67346 tiles, total_cap=1077536, active_buckets=[DFF,LUT6], built in 76.1ms
MuxSlotTracker[post-seed]: populated_cells=169, overflow_tiles=0, at_cap_tiles=0, peak_excess=0, capacity_hist={16:67346}
DCD placer: 169 cells, 69353 nodes, outer_iters=20, dcd_iters_per_cell=8, graph_model=TwoLevelPip
Softmin position update: enabled, theta 0.250 -> 5.000 (anneal over 20 iters)
    SwitchMatrix: type_usage_pairs=7 lookups=110 hits=103 dijkstra_calls=7 avg_us=10.4 total_ms=0.1
    rss_probe[outer=0]: pre_refresh_rss=666MB post_pre_solve_rss=677MB cache_entries=46359 cache_cap=104160 cache_est_mb=1
    pre_solve_diag[outer=0]: solves=295 fallback=0 (0.0%) cap_armed=295 (100.0%) settle_avg=684 settle_max=5800 init_count=68
  Cell placement by tile type (iter 0, 169 cells):
    CLB: 169
    Overflow: over=0 (0.0% of used) avg_excess=0.00 max_excess=0.00 (nc=0.00 cap=0 span=0)  excess_buckets: <=1=0 1-5=0 5-20=0 >20=0  by_cap: cap1=0 cap2=0 cap3-5=0 cap>5=0  by_span: s1=0 s2-3=0 s4-6=0 s7-12=0 s>12=0  le1_cross: cap1=0 cap2-5=0 cap>5=0
    Congestion: pipes=2562403 used=0 congested(>50%)=0 saturated(>90%)=0 max_util=0.00 avg_util=0.0000
    rss_probe[outer=0]: pre_post_solve=677MB post_post_solve=744MB after_apply=744MB
    E_decomp: base=8334.6 eff=8728.5 cong=394.0 cong_share=4.5% sat_pipes=0 max_util=0.35  R_buckets: 1-2x=260329 2-10x=0 10-100x=0 >=100x=0
    E_potential: beckmann=8334.6 history_total=0.0
    SpanCache: epoch=1 entries=110 lookups=2562403 hits=2562293 misses=110 hit_rate=100.0%
  DCD   0: nets=295 line=7072 energy=2234.981 dE=+0.000 friction=34.9 bins=1.8x(7) excess=2.4 moved=169 disp=inf solves=590 skip=0 pops=403470 theta=0.250 refresh=84ms dcd=16ms total=136ms
    cache_stats: entries=45439 capacity=107968 est_mb=1 rss_mb=741
    SwitchMatrix: type_usage_pairs=16 lookups=129 hits=113 dijkstra_calls=16 avg_us=12.6 total_ms=0.2
    rss_probe[outer=1]: pre_refresh_rss=741MB post_pre_solve_rss=741MB cache_entries=45439 cache_cap=107968 cache_est_mb=1
    pre_solve_diag[outer=1]: solves=0 fallback=0 (0.0%) cap_armed=0 (0.0%) settle_avg=0 settle_max=0 init_count=16
    Overflow: over=0 (0.0% of used) avg_excess=0.00 max_excess=0.00 (nc=0.00 cap=0 span=0)  excess_buckets: <=1=0 1-5=0 5-20=0 >20=0  by_cap: cap1=0 cap2=0 cap3-5=0 cap>5=0  by_span: s1=0 s2-3=0 s4-6=0 s7-12=0 s>12=0  le1_cross: cap1=0 cap2-5=0 cap>5=0
    Congestion: pipes=2562403 used=260329 congested(>50%)=0 saturated(>90%)=0 max_util=0.35 avg_util=0.0003
    rss_probe[outer=1]: pre_post_solve=741MB post_post_solve=756MB after_apply=756MB
    E_decomp: base=12432.8 eff=14787.5 cong=2354.7 cong_share=15.9% sat_pipes=1 max_util=1.18  R_buckets: 1-2x=265736 2-10x=168 10-100x=13 >=100x=1
    E_potential: beckmann=12432.9 history_total=0.0
    SpanCache: epoch=2 entries=129 lookups=2562403 hits=2562274 misses=129 hit_rate=100.0%
  DCD   1: nets=295 line=7107 energy=2314.754 dE=+79.773 friction=76.5 bins=2.0x(7) excess=4.5 moved=169 disp=1.284 solves=295 skip=295 pops=203778 theta=0.293 refresh=67ms dcd=16ms total=120ms
    cache_stats: entries=46600 capacity=110320 est_mb=1 rss_mb=756
    SwitchMatrix: type_usage_pairs=27 lookups=148 hits=121 dijkstra_calls=27 avg_us=14.0 total_ms=0.4
    rss_probe[outer=2]: pre_refresh_rss=753MB post_pre_solve_rss=753MB cache_entries=46600 cache_cap=110320 cache_est_mb=1
    pre_solve_diag[outer=2]: solves=0 fallback=0 (0.0%) cap_armed=0 (0.0%) settle_avg=0 settle_max=0 init_count=24
    Overflow: over=1 (0.0% of used) avg_excess=0.18 max_excess=0.18 (nc=1.18 cap=1 span=18)  excess_buckets: <=1=1 1-5=0 5-20=0 >20=0  by_cap: cap1=1 cap2=0 cap3-5=0 cap>5=0  by_span: s1=0 s2-3=0 s4-6=0 s7-12=0 s>12=1  le1_cross: cap1=1 cap2-5=0 cap>5=0
    Congestion: pipes=2562403 used=265918 congested(>50%)=3 saturated(>90%)=1 max_util=1.18 avg_util=0.0004
    rss_probe[outer=2]: pre_post_solve=753MB post_post_solve=764MB after_apply=764MB
    E_decomp: base=14462.9 eff=24249.3 cong=9786.4 cong_share=40.4% sat_pipes=0 max_util=0.78  R_buckets: 1-2x=269637 2-10x=303 10-100x=149 >=100x=14
    E_potential: beckmann=14463.0 history_total=0.0
    SpanCache: epoch=3 entries=148 lookups=2562403 hits=2562255 misses=148 hit_rate=100.0%
  DCD   2: nets=295 line=7379 energy=2359.748 dE=+44.994 friction=101.7 bins=1.9x(8) excess=4.4 moved=169 disp=1.426 solves=295 skip=295 pops=203787 theta=0.343 refresh=65ms dcd=16ms total=116ms
    cache_stats: entries=46738 capacity=111664 est_mb=1 rss_mb=764
    SwitchMatrix: type_usage_pairs=28 lookups=152 hits=124 dijkstra_calls=28 avg_us=13.2 total_ms=0.4
    rss_probe[outer=3]: pre_refresh_rss=764MB post_pre_solve_rss=764MB cache_entries=46738 cache_cap=111664 cache_est_mb=1
    pre_solve_diag[outer=3]: solves=0 fallback=0 (0.0%) cap_armed=0 (0.0%) settle_avg=0 settle_max=0 init_count=16
    Overflow: over=0 (0.0% of used) avg_excess=0.00 max_excess=0.00 (nc=0.00 cap=0 span=0)  excess_buckets: <=1=0 1-5=0 5-20=0 >20=0  by_cap: cap1=0 cap2=0 cap3-5=0 cap>5=0  by_span: s1=0 s2-3=0 s4-6=0 s7-12=0 s>12=0  le1_cross: cap1=0 cap2-5=0 cap>5=0
    Congestion: pipes=2562403 used=270103 congested(>50%)=3 saturated(>90%)=0 max_util=0.78 avg_util=0.0005
    rss_probe[outer=3]: pre_post_solve=764MB post_post_solve=788MB after_apply=788MB
    E_decomp: base=15011.2 eff=40107.2 cong=25096.0 cong_share=62.6% sat_pipes=0 max_util=0.76  R_buckets: 1-2x=269871 2-10x=660 10-100x=216 >=100x=51
    E_potential: beckmann=15011.3 history_total=0.0
    SpanCache: epoch=4 entries=152 lookups=2562403 hits=2562251 misses=152 hit_rate=100.0%
  DCD   3: nets=295 line=7667 energy=2312.179 dE=-47.569 friction=96.7 bins=2.0x(6) excess=4.2 moved=169 disp=1.657 solves=295 skip=295 pops=206498 theta=0.401 refresh=75ms dcd=17ms total=125ms
    cache_stats: entries=49215 capacity=115136 est_mb=1 rss_mb=788
    SwitchMatrix: type_usage_pairs=32 lookups=153 hits=121 dijkstra_calls=32 avg_us=12.5 total_ms=0.4
    rss_probe[outer=4]: pre_refresh_rss=788MB post_pre_solve_rss=788MB cache_entries=49215 cache_cap=115136 cache_est_mb=1
    pre_solve_diag[outer=4]: solves=0 fallback=0 (0.0%) cap_armed=0 (0.0%) settle_avg=0 settle_max=0 init_count=44
    Overflow: over=0 (0.0% of used) avg_excess=0.00 max_excess=0.00 (nc=0.00 cap=0 span=0)  excess_buckets: <=1=0 1-5=0 5-20=0 >20=0  by_cap: cap1=0 cap2=0 cap3-5=0 cap>5=0  by_span: s1=0 s2-3=0 s4-6=0 s7-12=0 s>12=0  le1_cross: cap1=0 cap2-5=0 cap>5=0
    Congestion: pipes=2562403 used=270798 congested(>50%)=4 saturated(>90%)=0 max_util=0.76 avg_util=0.0005
    rss_probe[outer=4]: pre_post_solve=788MB post_post_solve=795MB after_apply=795MB
    E_decomp: base=15460.9 eff=72005.2 cong=56544.3 cong_share=78.5% sat_pipes=0 max_util=0.51  R_buckets: 1-2x=270614 2-10x=334 10-100x=254 >=100x=25
    E_potential: beckmann=15460.9 history_total=0.0
    SpanCache: epoch=5 entries=153 lookups=2562403 hits=2562250 misses=153 hit_rate=100.0%
  DCD   4: nets=295 line=7661 energy=2339.339 dE=+27.160 friction=106.3 bins=2.0x(6) excess=4.4 moved=169 disp=1.663 solves=295 skip=295 pops=205227 theta=0.470 refresh=68ms dcd=16ms total=119ms
    cache_stats: entries=48840 capacity=115920 est_mb=1 rss_mb=795
    SwitchMatrix: type_usage_pairs=32 lookups=151 hits=119 dijkstra_calls=32 avg_us=12.2 total_ms=0.4
    rss_probe[outer=5]: pre_refresh_rss=795MB post_pre_solve_rss=795MB cache_entries=48840 cache_cap=115920 cache_est_mb=1
    pre_solve_diag[outer=5]: solves=0 fallback=0 (0.0%) cap_armed=0 (0.0%) settle_avg=0 settle_max=0 init_count=45
    Overflow: over=0 (0.0% of used) avg_excess=0.00 max_excess=0.00 (nc=0.00 cap=0 span=0)  excess_buckets: <=1=0 1-5=0 5-20=0 >20=0  by_cap: cap1=0 cap2=0 cap3-5=0 cap>5=0  by_span: s1=0 s2-3=0 s4-6=0 s7-12=0 s>12=0  le1_cross: cap1=0 cap2-5=0 cap>5=0
    Congestion: pipes=2562403 used=271227 congested(>50%)=1 saturated(>90%)=0 max_util=0.51 avg_util=0.0005
    rss_probe[outer=5]: pre_post_solve=795MB post_post_solve=798MB after_apply=798MB
    E_decomp: base=15907.2 eff=64764.1 cong=48856.9 cong_share=75.4% sat_pipes=0 max_util=0.59  R_buckets: 1-2x=270566 2-10x=649 10-100x=156 >=100x=14
    E_potential: beckmann=15907.2 history_total=0.0
    SpanCache: epoch=6 entries=151 lookups=2562403 hits=2562252 misses=151 hit_rate=100.0%
  DCD   5: nets=295 line=8015 energy=2355.554 dE=+16.215 friction=99.8 bins=2.0x(4) excess=2.6 moved=169 disp=1.746 solves=295 skip=295 pops=208838 theta=0.550 refresh=69ms dcd=17ms total=121ms
    cache_stats: entries=50345 capacity=118384 est_mb=1 rss_mb=798
    SwitchMatrix: type_usage_pairs=28 lookups=152 hits=124 dijkstra_calls=28 avg_us=12.9 total_ms=0.4
    rss_probe[outer=6]: pre_refresh_rss=798MB post_pre_solve_rss=798MB cache_entries=50345 cache_cap=118384 cache_est_mb=1
    pre_solve_diag[outer=6]: solves=0 fallback=0 (0.0%) cap_armed=0 (0.0%) settle_avg=0 settle_max=0 init_count=16
    Overflow: over=0 (0.0% of used) avg_excess=0.00 max_excess=0.00 (nc=0.00 cap=0 span=0)  excess_buckets: <=1=0 1-5=0 5-20=0 >20=0  by_cap: cap1=0 cap2=0 cap3-5=0 cap>5=0  by_span: s1=0 s2-3=0 s4-6=0 s7-12=0 s>12=0  le1_cross: cap1=0 cap2-5=0 cap>5=0
    Congestion: pipes=2562403 used=271385 congested(>50%)=3 saturated(>90%)=0 max_util=0.59 avg_util=0.0005
    rss_probe[outer=6]: pre_post_solve=798MB post_post_solve=799MB after_apply=799MB
    E_decomp: base=16055.7 eff=56415.1 cong=40359.4 cong_share=71.5% sat_pipes=0 max_util=0.67  R_buckets: 1-2x=271132 2-10x=270 10-100x=17 >=100x=95
    E_potential: beckmann=16055.8 history_total=0.0
    SpanCache: epoch=7 entries=152 lookups=2562403 hits=2562251 misses=152 hit_rate=100.0%
  DCD   6: nets=295 line=8183 energy=2316.567 dE=-38.987 friction=112.6 bins=2.0x(6) excess=3.0 moved=169 disp=1.645 solves=295 skip=295 pops=211003 theta=0.644 refresh=67ms dcd=17ms total=123ms
    cache_stats: entries=51929 capacity=122192 est_mb=1 rss_mb=799
    SwitchMatrix: type_usage_pairs=29 lookups=153 hits=124 dijkstra_calls=29 avg_us=13.8 total_ms=0.4
    rss_probe[outer=7]: pre_refresh_rss=799MB post_pre_solve_rss=799MB cache_entries=51929 cache_cap=122192 cache_est_mb=1
    pre_solve_diag[outer=7]: solves=0 fallback=0 (0.0%) cap_armed=0 (0.0%) settle_avg=0 settle_max=0 init_count=70
    Overflow: over=0 (0.0% of used) avg_excess=0.00 max_excess=0.00 (nc=0.00 cap=0 span=0)  excess_buckets: <=1=0 1-5=0 5-20=0 >20=0  by_cap: cap1=0 cap2=0 cap3-5=0 cap>5=0  by_span: s1=0 s2-3=0 s4-6=0 s7-12=0 s>12=0  le1_cross: cap1=0 cap2-5=0 cap>5=0
    Congestion: pipes=2562403 used=271514 congested(>50%)=5 saturated(>90%)=0 max_util=0.67 avg_util=0.0005
    rss_probe[outer=7]: pre_post_solve=799MB post_post_solve=801MB after_apply=801MB
    E_decomp: base=15577.5 eff=142903.0 cong=127325.5 cong_share=89.1% sat_pipes=3 max_util=1.24  R_buckets: 1-2x=270871 2-10x=1001 10-100x=20 >=100x=23
    E_potential: beckmann=15578.2 history_total=0.0
    SpanCache: epoch=8 entries=153 lookups=2562403 hits=2562250 misses=153 hit_rate=100.0%
  DCD   7: nets=295 line=7805 energy=2348.005 dE=+31.438 friction=132.9 bins=2.0x(7) excess=4.6 moved=169 disp=1.562 solves=295 skip=295 pops=209410 theta=0.754 refresh=69ms dcd=17ms total=121ms
    cache_stats: entries=51548 capacity=122752 est_mb=1 rss_mb=801
    SwitchMatrix: type_usage_pairs=32 lookups=160 hits=128 dijkstra_calls=32 avg_us=14.0 total_ms=0.4
    rss_probe[outer=8]: pre_refresh_rss=801MB post_pre_solve_rss=801MB cache_entries=51548 cache_cap=122752 cache_est_mb=1
    pre_solve_diag[outer=8]: solves=0 fallback=0 (0.0%) cap_armed=0 (0.0%) settle_avg=0 settle_max=0 init_count=60
    Overflow: over=3 (0.0% of used) avg_excess=0.18 max_excess=0.24 (nc=1.24 cap=1 span=18)  excess_buckets: <=1=3 1-5=0 5-20=0 >20=0  by_cap: cap1=3 cap2=0 cap3-5=0 cap>5=0  by_span: s1=0 s2-3=0 s4-6=0 s7-12=0 s>12=3  le1_cross: cap1=3 cap2-5=0 cap>5=0
    Congestion: pipes=2562403 used=271915 congested(>50%)=42 saturated(>90%)=3 max_util=1.24 avg_util=0.0005
    rss_probe[outer=8]: pre_post_solve=801MB post_post_solve=802MB after_apply=802MB
    E_decomp: base=15609.2 eff=46081.2 cong=30472.1 cong_share=66.1% sat_pipes=0 max_util=0.70  R_buckets: 1-2x=271314 2-10x=577 10-100x=337 >=100x=4
    E_potential: beckmann=15609.3 history_total=0.0
    SpanCache: epoch=9 entries=160 lookups=2562403 hits=2562243 misses=160 hit_rate=100.0%
  DCD   8: nets=295 line=8184 energy=2385.521 dE=+37.516 friction=126.8 bins=1.9x(4) excess=2.5 moved=169 disp=1.538 solves=295 skip=295 pops=210908 theta=0.883 refresh=68ms dcd=18ms total=120ms
    cache_stats: entries=52840 capacity=124208 est_mb=1 rss_mb=802
    SwitchMatrix: type_usage_pairs=31 lookups=154 hits=123 dijkstra_calls=31 avg_us=13.6 total_ms=0.4
    rss_probe[outer=9]: pre_refresh_rss=802MB post_pre_solve_rss=802MB cache_entries=52840 cache_cap=124208 cache_est_mb=1
    pre_solve_diag[outer=9]: solves=0 fallback=0 (0.0%) cap_armed=0 (0.0%) settle_avg=0 settle_max=0 init_count=63
    Overflow: over=0 (0.0% of used) avg_excess=0.00 max_excess=0.00 (nc=0.00 cap=0 span=0)  excess_buckets: <=1=0 1-5=0 5-20=0 >20=0  by_cap: cap1=0 cap2=0 cap3-5=0 cap>5=0  by_span: s1=0 s2-3=0 s4-6=0 s7-12=0 s>12=0  le1_cross: cap1=0 cap2-5=0 cap>5=0
    Congestion: pipes=2562403 used=272232 congested(>50%)=16 saturated(>90%)=0 max_util=0.70 avg_util=0.0005
    rss_probe[outer=9]: pre_post_solve=802MB post_post_solve=804MB after_apply=804MB
    E_decomp: base=15467.4 eff=43895.8 cong=28428.4 cong_share=64.8% sat_pipes=21 max_util=1.93  R_buckets: 1-2x=271441 2-10x=753 10-100x=137 >=100x=42
    E_potential: beckmann=15476.4 history_total=0.0
    SpanCache: epoch=10 entries=154 lookups=2562403 hits=2562249 misses=154 hit_rate=100.0%
  DCD   9: nets=295 line=8043 energy=2341.386 dE=-44.135 friction=187.4 bins=2.0x(6) excess=4.6 moved=169 disp=1.846 solves=295 skip=295 pops=214203 theta=1.033 refresh=69ms dcd=17ms total=119ms
    cache_stats: entries=55436 capacity=126112 est_mb=1 rss_mb=804
    SwitchMatrix: type_usage_pairs=34 lookups=167 hits=133 dijkstra_calls=34 avg_us=13.1 total_ms=0.4
    rss_probe[outer=10]: pre_refresh_rss=804MB post_pre_solve_rss=804MB cache_entries=55436 cache_cap=126112 cache_est_mb=1
    pre_solve_diag[outer=10]: solves=0 fallback=0 (0.0%) cap_armed=0 (0.0%) settle_avg=0 settle_max=0 init_count=59
    Overflow: over=20 (0.0% of used) avg_excess=0.45 max_excess=0.93 (nc=1.93 cap=1 span=18)  excess_buckets: <=1=20 1-5=0 5-20=0 >20=0  by_cap: cap1=20 cap2=0 cap3-5=0 cap>5=0  by_span: s1=0 s2-3=0 s4-6=0 s7-12=0 s>12=20  le1_cross: cap1=20 cap2-5=0 cap>5=0
    Congestion: pipes=2562403 used=272373 congested(>50%)=71 saturated(>90%)=21 max_util=1.93 avg_util=0.0005
    rss_probe[outer=10]: pre_post_solve=804MB post_post_solve=806MB after_apply=806MB
    E_decomp: base=15596.4 eff=55385.0 cong=39788.6 cong_share=71.8% sat_pipes=8 max_util=1.03  R_buckets: 1-2x=271729 2-10x=604 10-100x=209 >=100x=26
    E_potential: beckmann=15597.2 history_total=0.0
    SpanCache: epoch=11 entries=167 lookups=2562403 hits=2562236 misses=167 hit_rate=100.0%
  DCD  10: nets=295 line=8126 energy=2381.145 dE=+39.759 friction=169.3 bins=2.0x(7) excess=4.5 moved=169 disp=1.740 solves=295 skip=295 pops=215583 theta=1.210 refresh=67ms dcd=17ms total=120ms
    cache_stats: entries=55606 capacity=128464 est_mb=1 rss_mb=806
    SwitchMatrix: type_usage_pairs=30 lookups=166 hits=136 dijkstra_calls=30 avg_us=15.2 total_ms=0.5
    rss_probe[outer=11]: pre_refresh_rss=806MB post_pre_solve_rss=806MB cache_entries=55606 cache_cap=128464 cache_est_mb=1
    pre_solve_diag[outer=11]: solves=0 fallback=0 (0.0%) cap_armed=0 (0.0%) settle_avg=0 settle_max=0 init_count=66
    Overflow: over=1 (0.0% of used) avg_excess=0.06 max_excess=0.06 (nc=2.06 cap=2 span=7)  excess_buckets: <=1=1 1-5=0 5-20=0 >20=0  by_cap: cap1=0 cap2=1 cap3-5=0 cap>5=0  by_span: s1=0 s2-3=0 s4-6=0 s7-12=1 s>12=0  le1_cross: cap1=0 cap2-5=1 cap>5=0
    Congestion: pipes=2562403 used=272568 congested(>50%)=91 saturated(>90%)=8 max_util=1.03 avg_util=0.0005
    rss_probe[outer=11]: pre_post_solve=806MB post_post_solve=809MB after_apply=809MB
    E_decomp: base=15731.8 eff=27381.8 cong=11650.0 cong_share=42.5% sat_pipes=0 max_util=0.71  R_buckets: 1-2x=274336 2-10x=847 10-100x=197 >=100x=5
    E_potential: beckmann=15732.0 history_total=0.0
    SpanCache: epoch=12 entries=166 lookups=2562403 hits=2562237 misses=166 hit_rate=100.0%
  DCD  11: nets=295 line=8464 energy=2423.196 dE=+42.051 friction=143.2 bins=1.9x(5) excess=2.9 moved=169 disp=1.799 solves=295 skip=295 pops=218277 theta=1.416 refresh=69ms dcd=17ms total=122ms
    cache_stats: entries=57451 capacity=129360 est_mb=1 rss_mb=809
    SwitchMatrix: type_usage_pairs=32 lookups=160 hits=128 dijkstra_calls=32 avg_us=14.2 total_ms=0.5
    rss_probe[outer=12]: pre_refresh_rss=809MB post_pre_solve_rss=809MB cache_entries=57451 cache_cap=129360 cache_est_mb=1
    pre_solve_diag[outer=12]: solves=0 fallback=0 (0.0%) cap_armed=0 (0.0%) settle_avg=0 settle_max=0 init_count=60
    Overflow: over=0 (0.0% of used) avg_excess=0.00 max_excess=0.00 (nc=0.00 cap=0 span=0)  excess_buckets: <=1=0 1-5=0 5-20=0 >20=0  by_cap: cap1=0 cap2=0 cap3-5=0 cap>5=0  by_span: s1=0 s2-3=0 s4-6=0 s7-12=0 s>12=0  le1_cross: cap1=0 cap2-5=0 cap>5=0
    Congestion: pipes=2562403 used=275385 congested(>50%)=21 saturated(>90%)=0 max_util=0.71 avg_util=0.0005
    rss_probe[outer=12]: pre_post_solve=809MB post_post_solve=809MB after_apply=809MB
    E_decomp: base=15860.3 eff=46390.7 cong=30530.3 cong_share=65.8% sat_pipes=15 max_util=1.74  R_buckets: 1-2x=276233 2-10x=901 10-100x=113 >=100x=36
    E_potential: beckmann=15864.1 history_total=0.0
    SpanCache: epoch=13 entries=160 lookups=2562403 hits=2562243 misses=160 hit_rate=100.0%
  DCD  12: nets=295 line=8219 energy=2385.114 dE=-38.082 friction=169.9 bins=2.0x(7) excess=3.5 moved=169 disp=1.769 solves=295 skip=295 pops=217648 theta=1.658 refresh=68ms dcd=16ms total=121ms
    cache_stats: entries=56419 capacity=130256 est_mb=1 rss_mb=809
    SwitchMatrix: type_usage_pairs=33 lookups=165 hits=132 dijkstra_calls=33 avg_us=12.7 total_ms=0.4
    rss_probe[outer=13]: pre_refresh_rss=809MB post_pre_solve_rss=809MB cache_entries=56419 cache_cap=130256 cache_est_mb=1
    pre_solve_diag[outer=13]: solves=0 fallback=0 (0.0%) cap_armed=0 (0.0%) settle_avg=0 settle_max=0 init_count=52
    Overflow: over=14 (0.0% of used) avg_excess=0.37 max_excess=0.74 (nc=1.74 cap=1 span=17)  excess_buckets: <=1=14 1-5=0 5-20=0 >20=0  by_cap: cap1=14 cap2=0 cap3-5=0 cap>5=0  by_span: s1=0 s2-3=0 s4-6=0 s7-12=0 s>12=14  le1_cross: cap1=14 cap2-5=0 cap>5=0
    Congestion: pipes=2562403 used=277283 congested(>50%)=60 saturated(>90%)=15 max_util=1.74 avg_util=0.0005
    rss_probe[outer=13]: pre_post_solve=809MB post_post_solve=813MB after_apply=813MB
    E_decomp: base=15838.8 eff=27203.8 cong=11365.0 cong_share=41.8% sat_pipes=15 max_util=1.27  R_buckets: 1-2x=277188 2-10x=821 10-100x=269 >=100x=28
    E_potential: beckmann=15840.8 history_total=0.0
    SpanCache: epoch=14 entries=165 lookups=2562403 hits=2562238 misses=165 hit_rate=100.0%
  DCD  13: nets=295 line=8186 energy=2373.434 dE=-11.680 friction=175.1 bins=2.0x(6) excess=4.2 moved=169 disp=1.870 solves=295 skip=295 pops=218641 theta=1.941 refresh=67ms dcd=17ms total=117ms
    cache_stats: entries=57437 capacity=131152 est_mb=1 rss_mb=813
    SwitchMatrix: type_usage_pairs=28 lookups=172 hits=144 dijkstra_calls=28 avg_us=12.6 total_ms=0.4
    rss_probe[outer=14]: pre_refresh_rss=813MB post_pre_solve_rss=813MB cache_entries=57437 cache_cap=131152 cache_est_mb=1
    pre_solve_diag[outer=14]: solves=0 fallback=0 (0.0%) cap_armed=0 (0.0%) settle_avg=0 settle_max=0 init_count=60
    Overflow: over=14 (0.0% of used) avg_excess=0.19 max_excess=0.27 (nc=1.27 cap=1 span=18)  excess_buckets: <=1=14 1-5=0 5-20=0 >20=0  by_cap: cap1=14 cap2=0 cap3-5=0 cap>5=0  by_span: s1=0 s2-3=0 s4-6=0 s7-12=0 s>12=14  le1_cross: cap1=14 cap2-5=0 cap>5=0
    Congestion: pipes=2562403 used=278306 congested(>50%)=105 saturated(>90%)=15 max_util=1.27 avg_util=0.0005
    rss_probe[outer=14]: pre_post_solve=813MB post_post_solve=813MB after_apply=813MB
    E_decomp: base=15629.0 eff=25466.7 cong=9837.7 cong_share=38.6% sat_pipes=2 max_util=1.21  R_buckets: 1-2x=279144 2-10x=1163 10-100x=90 >=100x=14
    E_potential: beckmann=15629.4 history_total=0.0
    SpanCache: epoch=15 entries=172 lookups=2562403 hits=2562231 misses=172 hit_rate=100.0%
  DCD  14: nets=295 line=8069 energy=2387.320 dE=+13.886 friction=141.6 bins=2.0x(7) excess=4.5 moved=169 disp=1.698 solves=295 skip=295 pops=218950 theta=2.273 refresh=66ms dcd=16ms total=116ms
    cache_stats: entries=56733 capacity=131376 est_mb=1 rss_mb=813
    SwitchMatrix: type_usage_pairs=29 lookups=161 hits=132 dijkstra_calls=29 avg_us=13.3 total_ms=0.4
    rss_probe[outer=15]: pre_refresh_rss=813MB post_pre_solve_rss=813MB cache_entries=56733 cache_cap=131376 cache_est_mb=1
    pre_solve_diag[outer=15]: solves=0 fallback=0 (0.0%) cap_armed=0 (0.0%) settle_avg=0 settle_max=0 init_count=20
    Overflow: over=1 (0.0% of used) avg_excess=0.21 max_excess=0.21 (nc=1.21 cap=1 span=18)  excess_buckets: <=1=1 1-5=0 5-20=0 >20=0  by_cap: cap1=1 cap2=0 cap3-5=0 cap>5=0  by_span: s1=0 s2-3=0 s4-6=0 s7-12=0 s>12=1  le1_cross: cap1=1 cap2-5=0 cap>5=0
    Congestion: pipes=2562403 used=280411 congested(>50%)=44 saturated(>90%)=2 max_util=1.21 avg_util=0.0005
    rss_probe[outer=15]: pre_post_solve=813MB post_post_solve=814MB after_apply=814MB
    E_decomp: base=15609.6 eff=35277.6 cong=19668.0 cong_share=55.8% sat_pipes=0 max_util=0.69  R_buckets: 1-2x=281909 2-10x=821 10-100x=18 >=100x=27
    E_potential: beckmann=15609.7 history_total=0.0
    SpanCache: epoch=16 entries=161 lookups=2562403 hits=2562242 misses=161 hit_rate=100.0%
  DCD  15: nets=295 line=8348 energy=2423.077 dE=+35.757 friction=114.0 bins=2.0x(5) excess=3.8 moved=169 disp=1.852 solves=295 skip=295 pops=225389 theta=2.661 refresh=67ms dcd=17ms total=118ms
    cache_stats: entries=58821 capacity=133952 est_mb=1 rss_mb=814
    SwitchMatrix: type_usage_pairs=31 lookups=153 hits=122 dijkstra_calls=31 avg_us=13.2 total_ms=0.4
    rss_probe[outer=16]: pre_refresh_rss=814MB post_pre_solve_rss=814MB cache_entries=58821 cache_cap=133952 cache_est_mb=1
    pre_solve_diag[outer=16]: solves=0 fallback=0 (0.0%) cap_armed=0 (0.0%) settle_avg=0 settle_max=0 init_count=44
    Overflow: over=0 (0.0% of used) avg_excess=0.00 max_excess=0.00 (nc=0.00 cap=0 span=0)  excess_buckets: <=1=0 1-5=0 5-20=0 >20=0  by_cap: cap1=0 cap2=0 cap3-5=0 cap>5=0  by_span: s1=0 s2-3=0 s4-6=0 s7-12=0 s>12=0  le1_cross: cap1=0 cap2-5=0 cap>5=0
    Congestion: pipes=2562403 used=282775 congested(>50%)=8 saturated(>90%)=0 max_util=0.69 avg_util=0.0005
    rss_probe[outer=16]: pre_post_solve=814MB post_post_solve=814MB after_apply=814MB
    E_decomp: base=15899.3 eff=42867.4 cong=26968.1 cong_share=62.9% sat_pipes=1 max_util=0.94  R_buckets: 1-2x=285586 2-10x=680 10-100x=37 >=100x=11
    E_potential: beckmann=15899.5 history_total=0.0
    SpanCache: epoch=17 entries=153 lookups=2562403 hits=2562250 misses=153 hit_rate=100.0%
  DCD  16: nets=295 line=8205 energy=2471.378 dE=+48.301 friction=130.6 bins=2.0x(7) excess=3.9 moved=169 disp=1.710 solves=295 skip=295 pops=226912 theta=3.116 refresh=66ms dcd=17ms total=118ms
    cache_stats: entries=58822 capacity=134400 est_mb=1 rss_mb=814
    SwitchMatrix: type_usage_pairs=30 lookups=162 hits=132 dijkstra_calls=30 avg_us=12.2 total_ms=0.4
    rss_probe[outer=17]: pre_refresh_rss=814MB post_pre_solve_rss=814MB cache_entries=58822 cache_cap=134400 cache_est_mb=1
    pre_solve_diag[outer=17]: solves=0 fallback=0 (0.0%) cap_armed=0 (0.0%) settle_avg=0 settle_max=0 init_count=44
    Overflow: over=0 (0.0% of used) avg_excess=0.00 max_excess=0.00 (nc=0.00 cap=0 span=0)  excess_buckets: <=1=0 1-5=0 5-20=0 >20=0  by_cap: cap1=0 cap2=0 cap3-5=0 cap>5=0  by_span: s1=0 s2-3=0 s4-6=0 s7-12=0 s>12=0  le1_cross: cap1=0 cap2-5=0 cap>5=0
    Congestion: pipes=2562403 used=286314 congested(>50%)=19 saturated(>90%)=1 max_util=0.94 avg_util=0.0005
    rss_probe[outer=17]: pre_post_solve=814MB post_post_solve=815MB after_apply=815MB
    E_decomp: base=15999.8 eff=80232.3 cong=64232.5 cong_share=80.1% sat_pipes=1 max_util=0.97  R_buckets: 1-2x=290328 2-10x=600 10-100x=249 >=100x=104
    E_potential: beckmann=16000.2 history_total=0.0
    SpanCache: epoch=18 entries=162 lookups=2562403 hits=2562241 misses=162 hit_rate=100.0%
  DCD  17: nets=295 line=8667 energy=2455.831 dE=-15.547 friction=138.9 bins=1.8x(7) excess=2.9 moved=169 disp=1.751 solves=295 skip=295 pops=230006 theta=3.648 refresh=67ms dcd=16ms total=118ms
    cache_stats: entries=59449 capacity=134624 est_mb=1 rss_mb=815
    SwitchMatrix: type_usage_pairs=29 lookups=158 hits=129 dijkstra_calls=29 avg_us=14.2 total_ms=0.4
    rss_probe[outer=18]: pre_refresh_rss=815MB post_pre_solve_rss=815MB cache_entries=59449 cache_cap=134624 cache_est_mb=1
    pre_solve_diag[outer=18]: solves=0 fallback=0 (0.0%) cap_armed=0 (0.0%) settle_avg=0 settle_max=0 init_count=45
    Overflow: over=0 (0.0% of used) avg_excess=0.00 max_excess=0.00 (nc=0.00 cap=0 span=0)  excess_buckets: <=1=0 1-5=0 5-20=0 >20=0  by_cap: cap1=0 cap2=0 cap3-5=0 cap>5=0  by_span: s1=0 s2-3=0 s4-6=0 s7-12=0 s>12=0  le1_cross: cap1=0 cap2-5=0 cap>5=0
    Congestion: pipes=2562403 used=291281 congested(>50%)=38 saturated(>90%)=1 max_util=0.97 avg_util=0.0005
    rss_probe[outer=18]: pre_post_solve=815MB post_post_solve=818MB after_apply=818MB
    E_decomp: base=16323.6 eff=54151.0 cong=37827.3 cong_share=69.9% sat_pipes=19 max_util=1.64  R_buckets: 1-2x=295446 2-10x=436 10-100x=337 >=100x=46
    E_potential: beckmann=16325.5 history_total=0.0
    SpanCache: epoch=19 entries=158 lookups=2562403 hits=2562245 misses=158 hit_rate=100.0%
  DCD  18: nets=295 line=8577 energy=2485.066 dE=+29.235 friction=166.2 bins=2.0x(6) excess=4.6 moved=169 disp=1.757 solves=295 skip=295 pops=232366 theta=4.271 refresh=68ms dcd=17ms total=118ms
    cache_stats: entries=59891 capacity=135296 est_mb=1 rss_mb=818
    SwitchMatrix: type_usage_pairs=33 lookups=166 hits=133 dijkstra_calls=33 avg_us=12.3 total_ms=0.4
    rss_probe[outer=19]: pre_refresh_rss=818MB post_pre_solve_rss=818MB cache_entries=59891 cache_cap=135296 cache_est_mb=1
    pre_solve_diag[outer=19]: solves=0 fallback=0 (0.0%) cap_armed=0 (0.0%) settle_avg=0 settle_max=0 init_count=52
    Overflow: over=9 (0.0% of used) avg_excess=0.17 max_excess=0.64 (nc=1.64 cap=1 span=18)  excess_buckets: <=1=9 1-5=0 5-20=0 >20=0  by_cap: cap1=8 cap2=1 cap3-5=0 cap>5=0  by_span: s1=0 s2-3=0 s4-6=0 s7-12=1 s>12=8  le1_cross: cap1=8 cap2-5=1 cap>5=0
    Congestion: pipes=2562403 used=296265 congested(>50%)=105 saturated(>90%)=19 max_util=1.64 avg_util=0.0005
    rss_probe[outer=19]: pre_post_solve=818MB post_post_solve=818MB after_apply=818MB
    E_decomp: base=16327.5 eff=66181.0 cong=49853.6 cong_share=75.3% sat_pipes=6 max_util=1.06  R_buckets: 1-2x=301633 2-10x=758 10-100x=167 >=100x=41
    E_potential: beckmann=16328.0 history_total=0.0
    SpanCache: epoch=20 entries=166 lookups=2562403 hits=2562237 misses=166 hit_rate=100.0%
  DCD  19: nets=295 line=8692 energy=2491.945 dE=+6.879 friction=137.9 bins=2.0x(5) excess=3.8 moved=169 disp=1.846 solves=295 skip=295 pops=235540 theta=5.000 refresh=70ms dcd=17ms total=121ms
    cache_stats: entries=59814 capacity=136080 est_mb=1 rss_mb=818
DCD done: energy=2491.945 line=8692 friction=137.9 bins=2.0x(5) excess=3.8
MuxSlotTracker: 259 commit rejections over entire DCD
MuxSlotTracker[post-DCD]: populated_cells=169, overflow_tiles=0, at_cap_tiles=1, peak_excess=0, capacity_hist={16:67346}
Pre-legalization: HPWL=7678
  type DFF: 302 valid columns, 1077536 total BELs
  type LUT6: 302 valid columns, 538768 total BELs
TypeAwarePlacement: 2 cell types
  SortedLegalizer: cluster_rejects=0 shared_mux_rejects=47 arch_validity_rejects=0
Post-legalization: HPWL=7716, line=12423
Per-net HPWL: 298 nets, total=7716
  #0: hpwl=424 fanout=320 (5.5%)
  #1: hpwl=322 fanout=1 (4.2%)
  #2: hpwl=321 fanout=1 (4.2%)
  #3: hpwl=213 fanout=38 (2.8%)
  #4: hpwl=207 fanout=82 (2.7%)
  #5: hpwl=196 fanout=1 (2.5%)
  #6: hpwl=144 fanout=1 (1.9%)
  #7: hpwl=142 fanout=2 (1.8%)
  #8: hpwl=140 fanout=2 (1.8%)
  #9: hpwl=140 fanout=2 (1.8%)
  50% of HPWL from top 22 nets (of 298)
