chipdb: /home/kelvin/side-project/eisenjoch/chip_database/xc7_large.bin
design: /home/kelvin/side-project/eisenjoch/benchmark/output/stereovision3.json
cfg: max_outer_iters=20 blend_alpha=0.5 hardening_step=0 graph_model=TwoLevelPip
  topological compress: density=0.60 target_tiles=46 final_tiles=46 scale=0.026 center=(117.5,111.0)
  topological init: n_movable=222, n_edges=514, max_layer=42, back_edges=1, n_anchored=2
Locked 53 boundary/IO cells as fixed anchors
  Skipped truly-null coarse cells: 0 (of 69353 total); pruned pipes: src_null=0 dst_null=0
  Pipe capacity by span:
    span=  1: 138172 pipes, cap min=1 avg=134.5 max=432
    span=  2: 136455 pipes, cap min=2 avg=50.7 max=118
    span=  3: 135619 pipes, cap min=2 avg=26.1 max=52
    span=  4: 136319 pipes, cap min=2 avg=22.7 max=140
    span=  5: 135918 pipes, cap min=2 avg=66.1 max=124
    span=  6: 201217 pipes, cap min=2 avg=15.2 max=28
    span=  7: 200933 pipes, cap min=1 avg=7.3 max=20
    span=  8: 132748 pipes, cap min=2 avg=6.0 max=10
    span=  9: 130848 pipes, cap min=2 avg=6.0 max=10
    span= 10: 131090 pipes, cap min=2 avg=2.2 max=31
    span= 11: 129628 pipes, cap min=2 avg=2.0 max=4
    span= 12: 129018 pipes, cap min=2 avg=2.0 max=4
    span= 13: 128408 pipes, cap min=1 avg=1.5 max=4
    span= 14: 127798 pipes, cap min=1 avg=1.0 max=2
    span= 15: 127188 pipes, cap min=1 avg=1.0 max=2
    span= 16: 126578 pipes, cap min=1 avg=1.0 max=2
    span= 17: 125968 pipes, cap min=1 avg=1.0 max=2
    span= 18: 125358 pipes, cap min=1 avg=1.0 max=2
    span= 19: 63140 pipes, cap min=1 avg=1.0 max=2
  Thin span-1 pipes (cap<=2): 222 total, by tile-type pair (top 20):
    NULL <-> NULL: 220
    CLK_BUFG <-> NULL: 2
  Pipe cost: span^0.50 model (r1=1), span-1=1.000, span-12=3.464, 2×span-6=4.899, 12×span-1=12.000
  topological compress: density=0.60 target_tiles=35 final_tiles=35 scale=0.020 center=(125.9,111.0)
  topological init: n_movable=169, n_edges=456, max_layer=40, back_edges=1, n_anchored=58
  type DFF: 302 valid columns, 1077536 total BELs
  type LUT6: 302 valid columns, 538768 total BELs
TypeAwarePlacement: 2 cell types
Coordinate descent mode: 169 cells, scale 1.00
CellValidityMask: 169 cells, 311x223 grid, per-cell valid positions: min=67346 avg=67346.0 max=67346, unmapped cells=0
MuxSlotTracker: 169 cells (169 with external fanout), 67346 tiles, total_cap=1077536, active_buckets=[DFF,LUT6], built in 78.3ms
MuxSlotTracker[post-seed]: populated_cells=169, overflow_tiles=0, at_cap_tiles=0, peak_excess=0, capacity_hist={16:67346}
DCD placer: 169 cells, 69353 nodes, outer_iters=20, dcd_iters_per_cell=8, graph_model=TwoLevelPip
Softmin position update: enabled, theta 0.250 -> 5.000 (anneal over 20 iters)
    SwitchMatrix: type_usage_pairs=7 lookups=110 hits=103 dijkstra_calls=7 avg_us=11.7 total_ms=0.1
    rss_probe[outer=0]: pre_refresh_rss=666MB post_pre_solve_rss=677MB cache_entries=46359 cache_cap=104160 cache_est_mb=1
    pre_solve_diag[outer=0]: solves=295 fallback=0 (0.0%) cap_armed=295 (100.0%) settle_avg=684 settle_max=5800 init_count=69
  Cell placement by tile type (iter 0, 169 cells):
    CLB: 169
    Overflow: over=0 (0.0% of used) avg_excess=0.00 max_excess=0.00 (nc=0.00 cap=0 span=0)  excess_buckets: <=1=0 1-5=0 5-20=0 >20=0  by_cap: cap1=0 cap2=0 cap3-5=0 cap>5=0  by_span: s1=0 s2-3=0 s4-6=0 s7-12=0 s>12=0  le1_cross: cap1=0 cap2-5=0 cap>5=0
    Congestion: pipes=2562403 used=0 congested(>50%)=0 saturated(>90%)=0 max_util=0.00 avg_util=0.0000
    rss_probe[outer=0]: pre_post_solve=677MB post_post_solve=743MB after_apply=743MB
    E_decomp: base=8334.6 eff=8728.5 cong=394.0 cong_share=4.5% sat_pipes=0 max_util=0.35  R_buckets: 1-2x=260329 2-10x=0 10-100x=0 >=100x=0
    E_potential: beckmann=8334.6 history_total=0.0
    SpanCache: epoch=1 entries=110 lookups=2562403 hits=2562293 misses=110 hit_rate=100.0%
  DCD   0: nets=295 line=7072 energy=2234.981 dE=+0.000 friction=34.9 bins=1.8x(7) excess=2.4 moved=169 disp=inf solves=590 skip=0 pops=403470 theta=0.250 refresh=84ms dcd=20ms total=142ms
    cache_stats: entries=45439 capacity=107968 est_mb=1 rss_mb=740
    SwitchMatrix: type_usage_pairs=16 lookups=129 hits=113 dijkstra_calls=16 avg_us=15.4 total_ms=0.2
    rss_probe[outer=1]: pre_refresh_rss=740MB post_pre_solve_rss=741MB cache_entries=45439 cache_cap=107968 cache_est_mb=1
    pre_solve_diag[outer=1]: solves=0 fallback=0 (0.0%) cap_armed=0 (0.0%) settle_avg=0 settle_max=0 init_count=45
    Overflow: over=0 (0.0% of used) avg_excess=0.00 max_excess=0.00 (nc=0.00 cap=0 span=0)  excess_buckets: <=1=0 1-5=0 5-20=0 >20=0  by_cap: cap1=0 cap2=0 cap3-5=0 cap>5=0  by_span: s1=0 s2-3=0 s4-6=0 s7-12=0 s>12=0  le1_cross: cap1=0 cap2-5=0 cap>5=0
    Congestion: pipes=2562403 used=260329 congested(>50%)=0 saturated(>90%)=0 max_util=0.35 avg_util=0.0003
    rss_probe[outer=1]: pre_post_solve=741MB post_post_solve=758MB after_apply=758MB
    E_decomp: base=12422.4 eff=14800.3 cong=2377.9 cong_share=16.1% sat_pipes=1 max_util=1.37  R_buckets: 1-2x=261071 2-10x=168 10-100x=13 >=100x=1
    E_potential: beckmann=12422.6 history_total=0.0
    SpanCache: epoch=2 entries=129 lookups=2562403 hits=2562274 misses=129 hit_rate=100.0%
  DCD   1: nets=295 line=7202 energy=2315.661 dE=+80.681 friction=76.1 bins=2.0x(8) excess=4.5 moved=169 disp=1.290 solves=295 skip=295 pops=204039 theta=0.293 refresh=72ms dcd=17ms total=126ms
    cache_stats: entries=46761 capacity=110320 est_mb=1 rss_mb=758
    SwitchMatrix: type_usage_pairs=26 lookups=145 hits=119 dijkstra_calls=26 avg_us=14.5 total_ms=0.4
    rss_probe[outer=2]: pre_refresh_rss=755MB post_pre_solve_rss=755MB cache_entries=46761 cache_cap=110320 cache_est_mb=1
    pre_solve_diag[outer=2]: solves=0 fallback=0 (0.0%) cap_armed=0 (0.0%) settle_avg=0 settle_max=0 init_count=52
    Overflow: over=1 (0.0% of used) avg_excess=0.37 max_excess=0.37 (nc=1.37 cap=1 span=18)  excess_buckets: <=1=1 1-5=0 5-20=0 >20=0  by_cap: cap1=1 cap2=0 cap3-5=0 cap>5=0  by_span: s1=0 s2-3=0 s4-6=0 s7-12=0 s>12=1  le1_cross: cap1=1 cap2-5=0 cap>5=0
    Congestion: pipes=2562403 used=261253 congested(>50%)=2 saturated(>90%)=1 max_util=1.37 avg_util=0.0004
    rss_probe[outer=2]: pre_post_solve=755MB post_post_solve=761MB after_apply=761MB
    E_decomp: base=14520.1 eff=22890.1 cong=8370.0 cong_share=36.6% sat_pipes=0 max_util=0.78  R_buckets: 1-2x=265248 2-10x=245 10-100x=158 >=100x=14
    E_potential: beckmann=14520.2 history_total=0.0
    SpanCache: epoch=3 entries=145 lookups=2562403 hits=2562258 misses=145 hit_rate=100.0%
  DCD   2: nets=295 line=7403 energy=2371.996 dE=+56.335 friction=100.1 bins=2.0x(8) excess=4.2 moved=169 disp=1.467 solves=295 skip=295 pops=204482 theta=0.343 refresh=67ms dcd=17ms total=118ms
    cache_stats: entries=47192 capacity=112224 est_mb=1 rss_mb=761
    SwitchMatrix: type_usage_pairs=29 lookups=156 hits=127 dijkstra_calls=29 avg_us=14.8 total_ms=0.4
    rss_probe[outer=3]: pre_refresh_rss=761MB post_pre_solve_rss=761MB cache_entries=47192 cache_cap=112224 cache_est_mb=1
    pre_solve_diag[outer=3]: solves=0 fallback=0 (0.0%) cap_armed=0 (0.0%) settle_avg=0 settle_max=0 init_count=64
    Overflow: over=0 (0.0% of used) avg_excess=0.00 max_excess=0.00 (nc=0.00 cap=0 span=0)  excess_buckets: <=1=0 1-5=0 5-20=0 >20=0  by_cap: cap1=0 cap2=0 cap3-5=0 cap>5=0  by_span: s1=0 s2-3=0 s4-6=0 s7-12=0 s>12=0  le1_cross: cap1=0 cap2-5=0 cap>5=0
    Congestion: pipes=2562403 used=265665 congested(>50%)=4 saturated(>90%)=0 max_util=0.78 avg_util=0.0005
    rss_probe[outer=3]: pre_post_solve=761MB post_post_solve=786MB after_apply=786MB
    E_decomp: base=15303.8 eff=33769.3 cong=18465.5 cong_share=54.7% sat_pipes=0 max_util=0.80  R_buckets: 1-2x=269834 2-10x=650 10-100x=119 >=100x=53
    E_potential: beckmann=15303.8 history_total=0.0
    SpanCache: epoch=4 entries=156 lookups=2562403 hits=2562247 misses=156 hit_rate=100.0%
  DCD   3: nets=295 line=7863 energy=2339.884 dE=-32.112 friction=96.5 bins=2.0x(7) excess=4.4 moved=169 disp=1.704 solves=295 skip=295 pops=207730 theta=0.401 refresh=73ms dcd=17ms total=130ms
    cache_stats: entries=49447 capacity=115584 est_mb=1 rss_mb=786
    SwitchMatrix: type_usage_pairs=33 lookups=150 hits=117 dijkstra_calls=33 avg_us=16.2 total_ms=0.5
    rss_probe[outer=4]: pre_refresh_rss=786MB post_pre_solve_rss=786MB cache_entries=49447 cache_cap=115584 cache_est_mb=1
    pre_solve_diag[outer=4]: solves=0 fallback=0 (0.0%) cap_armed=0 (0.0%) settle_avg=0 settle_max=0 init_count=66
    Overflow: over=0 (0.0% of used) avg_excess=0.00 max_excess=0.00 (nc=0.00 cap=0 span=0)  excess_buckets: <=1=0 1-5=0 5-20=0 >20=0  by_cap: cap1=0 cap2=0 cap3-5=0 cap>5=0  by_span: s1=0 s2-3=0 s4-6=0 s7-12=0 s>12=0  le1_cross: cap1=0 cap2-5=0 cap>5=0
    Congestion: pipes=2562403 used=270656 congested(>50%)=3 saturated(>90%)=0 max_util=0.80 avg_util=0.0005
    rss_probe[outer=4]: pre_post_solve=786MB post_post_solve=789MB after_apply=789MB
    E_decomp: base=15627.3 eff=46835.5 cong=31208.2 cong_share=66.6% sat_pipes=0 max_util=0.83  R_buckets: 1-2x=270717 2-10x=535 10-100x=38 >=100x=50
    E_potential: beckmann=15627.4 history_total=0.0
    SpanCache: epoch=5 entries=150 lookups=2562403 hits=2562253 misses=150 hit_rate=100.0%
  DCD   4: nets=295 line=8030 energy=2319.026 dE=-20.858 friction=104.3 bins=2.0x(5) excess=3.4 moved=169 disp=1.550 solves=295 skip=295 pops=206153 theta=0.470 refresh=66ms dcd=16ms total=118ms
    cache_stats: entries=49074 capacity=116480 est_mb=1 rss_mb=789
    SwitchMatrix: type_usage_pairs=32 lookups=153 hits=121 dijkstra_calls=32 avg_us=13.0 total_ms=0.4
    rss_probe[outer=5]: pre_refresh_rss=789MB post_pre_solve_rss=789MB cache_entries=49074 cache_cap=116480 cache_est_mb=1
    pre_solve_diag[outer=5]: solves=0 fallback=0 (0.0%) cap_armed=0 (0.0%) settle_avg=0 settle_max=0 init_count=59
    Overflow: over=0 (0.0% of used) avg_excess=0.00 max_excess=0.00 (nc=0.00 cap=0 span=0)  excess_buckets: <=1=0 1-5=0 5-20=0 >20=0  by_cap: cap1=0 cap2=0 cap3-5=0 cap>5=0  by_span: s1=0 s2-3=0 s4-6=0 s7-12=0 s>12=0  le1_cross: cap1=0 cap2-5=0 cap>5=0
    Congestion: pipes=2562403 used=271340 congested(>50%)=11 saturated(>90%)=0 max_util=0.83 avg_util=0.0005
    rss_probe[outer=5]: pre_post_solve=789MB post_post_solve=794MB after_apply=794MB
    E_decomp: base=16082.6 eff=86146.2 cong=70063.6 cong_share=81.3% sat_pipes=0 max_util=0.57  R_buckets: 1-2x=272031 2-10x=701 10-100x=40 >=100x=28
    E_potential: beckmann=16082.7 history_total=0.0
    SpanCache: epoch=6 entries=153 lookups=2562403 hits=2562250 misses=153 hit_rate=100.0%
  DCD   5: nets=295 line=8281 energy=2341.383 dE=+22.357 friction=101.1 bins=2.0x(5) excess=2.9 moved=169 disp=1.870 solves=295 skip=295 pops=208729 theta=0.550 refresh=67ms dcd=17ms total=121ms
    cache_stats: entries=50850 capacity=120176 est_mb=1 rss_mb=794
    SwitchMatrix: type_usage_pairs=31 lookups=150 hits=119 dijkstra_calls=31 avg_us=14.1 total_ms=0.4
    rss_probe[outer=6]: pre_refresh_rss=794MB post_pre_solve_rss=794MB cache_entries=50850 cache_cap=120176 cache_est_mb=1
    pre_solve_diag[outer=6]: solves=0 fallback=0 (0.0%) cap_armed=0 (0.0%) settle_avg=0 settle_max=0 init_count=60
    Overflow: over=0 (0.0% of used) avg_excess=0.00 max_excess=0.00 (nc=0.00 cap=0 span=0)  excess_buckets: <=1=0 1-5=0 5-20=0 >20=0  by_cap: cap1=0 cap2=0 cap3-5=0 cap>5=0  by_span: s1=0 s2-3=0 s4-6=0 s7-12=0 s>12=0  le1_cross: cap1=0 cap2-5=0 cap>5=0
    Congestion: pipes=2562403 used=272800 congested(>50%)=15 saturated(>90%)=0 max_util=0.57 avg_util=0.0005
    rss_probe[outer=6]: pre_post_solve=794MB post_post_solve=797MB after_apply=797MB
    E_decomp: base=16038.8 eff=25854.9 cong=9816.1 cong_share=38.0% sat_pipes=0 max_util=0.87  R_buckets: 1-2x=273304 2-10x=222 10-100x=184 >=100x=28
    E_potential: beckmann=16038.9 history_total=0.0
    SpanCache: epoch=7 entries=150 lookups=2562403 hits=2562253 misses=150 hit_rate=100.0%
  DCD   6: nets=295 line=7940 energy=2327.521 dE=-13.862 friction=112.6 bins=1.8x(5) excess=2.0 moved=169 disp=1.568 solves=295 skip=295 pops=207264 theta=0.644 refresh=65ms dcd=17ms total=128ms
    cache_stats: entries=50908 capacity=121184 est_mb=1 rss_mb=797
    SwitchMatrix: type_usage_pairs=31 lookups=154 hits=123 dijkstra_calls=31 avg_us=13.5 total_ms=0.4
    rss_probe[outer=7]: pre_refresh_rss=797MB post_pre_solve_rss=797MB cache_entries=50908 cache_cap=121184 cache_est_mb=1
    pre_solve_diag[outer=7]: solves=0 fallback=0 (0.0%) cap_armed=0 (0.0%) settle_avg=0 settle_max=0 init_count=60
    Overflow: over=0 (0.0% of used) avg_excess=0.00 max_excess=0.00 (nc=0.00 cap=0 span=0)  excess_buckets: <=1=0 1-5=0 5-20=0 >20=0  by_cap: cap1=0 cap2=0 cap3-5=0 cap>5=0  by_span: s1=0 s2-3=0 s4-6=0 s7-12=0 s>12=0  le1_cross: cap1=0 cap2-5=0 cap>5=0
    Congestion: pipes=2562403 used=273738 congested(>50%)=5 saturated(>90%)=0 max_util=0.87 avg_util=0.0005
    rss_probe[outer=7]: pre_post_solve=797MB post_post_solve=797MB after_apply=797MB
    E_decomp: base=16005.8 eff=32287.8 cong=16282.0 cong_share=50.4% sat_pipes=2 max_util=0.93  R_buckets: 1-2x=274756 2-10x=631 10-100x=196 >=100x=29
    E_potential: beckmann=16006.2 history_total=0.0
    SpanCache: epoch=8 entries=154 lookups=2562403 hits=2562249 misses=154 hit_rate=100.0%
  DCD   7: nets=295 line=7891 energy=2297.927 dE=-29.594 friction=123.2 bins=1.6x(5) excess=1.6 moved=169 disp=1.515 solves=295 skip=295 pops=207590 theta=0.754 refresh=63ms dcd=16ms total=114ms
    cache_stats: entries=51898 capacity=122640 est_mb=1 rss_mb=797
    SwitchMatrix: type_usage_pairs=31 lookups=157 hits=126 dijkstra_calls=31 avg_us=11.9 total_ms=0.4
    rss_probe[outer=8]: pre_refresh_rss=797MB post_pre_solve_rss=797MB cache_entries=51898 cache_cap=122640 cache_est_mb=1
    pre_solve_diag[outer=8]: solves=0 fallback=0 (0.0%) cap_armed=0 (0.0%) settle_avg=0 settle_max=0 init_count=60
    Overflow: over=0 (0.0% of used) avg_excess=0.00 max_excess=0.00 (nc=0.00 cap=0 span=0)  excess_buckets: <=1=0 1-5=0 5-20=0 >20=0  by_cap: cap1=0 cap2=0 cap3-5=0 cap>5=0  by_span: s1=0 s2-3=0 s4-6=0 s7-12=0 s>12=0  le1_cross: cap1=0 cap2-5=0 cap>5=0
    Congestion: pipes=2562403 used=275612 congested(>50%)=33 saturated(>90%)=2 max_util=0.93 avg_util=0.0005
    rss_probe[outer=8]: pre_post_solve=797MB post_post_solve=797MB after_apply=797MB
    E_decomp: base=15781.2 eff=41061.9 cong=25280.7 cong_share=61.6% sat_pipes=0 max_util=0.81  R_buckets: 1-2x=277865 2-10x=506 10-100x=224 >=100x=8
    E_potential: beckmann=15781.4 history_total=0.0
    SpanCache: epoch=9 entries=157 lookups=2562403 hits=2562246 misses=157 hit_rate=100.0%
  DCD   8: nets=295 line=8281 energy=2324.233 dE=+26.306 friction=131.1 bins=2.0x(5) excess=2.4 moved=169 disp=1.609 solves=295 skip=295 pops=210312 theta=0.883 refresh=63ms dcd=16ms total=114ms
    cache_stats: entries=53667 capacity=124432 est_mb=1 rss_mb=797
    SwitchMatrix: type_usage_pairs=28 lookups=151 hits=123 dijkstra_calls=28 avg_us=12.6 total_ms=0.4
    rss_probe[outer=9]: pre_refresh_rss=797MB post_pre_solve_rss=797MB cache_entries=53667 cache_cap=124432 cache_est_mb=1
    pre_solve_diag[outer=9]: solves=0 fallback=0 (0.0%) cap_armed=0 (0.0%) settle_avg=0 settle_max=0 init_count=60
    Overflow: over=0 (0.0% of used) avg_excess=0.00 max_excess=0.00 (nc=0.00 cap=0 span=0)  excess_buckets: <=1=0 1-5=0 5-20=0 >20=0  by_cap: cap1=0 cap2=0 cap3-5=0 cap>5=0  by_span: s1=0 s2-3=0 s4-6=0 s7-12=0 s>12=0  le1_cross: cap1=0 cap2-5=0 cap>5=0
    Congestion: pipes=2562403 used=278603 congested(>50%)=21 saturated(>90%)=0 max_util=0.81 avg_util=0.0005
    rss_probe[outer=9]: pre_post_solve=797MB post_post_solve=802MB after_apply=802MB
    E_decomp: base=15749.5 eff=43143.3 cong=27393.8 cong_share=63.5% sat_pipes=1 max_util=0.93  R_buckets: 1-2x=279401 2-10x=780 10-100x=64 >=100x=17
    E_potential: beckmann=15749.7 history_total=0.0
    SpanCache: epoch=10 entries=151 lookups=2562403 hits=2562252 misses=151 hit_rate=100.0%
  DCD   9: nets=295 line=8153 energy=2342.304 dE=+18.071 friction=120.5 bins=2.0x(5) excess=3.6 moved=169 disp=1.822 solves=295 skip=295 pops=212303 theta=1.033 refresh=66ms dcd=16ms total=116ms
    cache_stats: entries=53933 capacity=124768 est_mb=1 rss_mb=802
    SwitchMatrix: type_usage_pairs=28 lookups=162 hits=134 dijkstra_calls=28 avg_us=13.5 total_ms=0.4
    rss_probe[outer=10]: pre_refresh_rss=802MB post_pre_solve_rss=802MB cache_entries=53933 cache_cap=124768 cache_est_mb=1
    pre_solve_diag[outer=10]: solves=0 fallback=0 (0.0%) cap_armed=0 (0.0%) settle_avg=0 settle_max=0 init_count=59
    Overflow: over=0 (0.0% of used) avg_excess=0.00 max_excess=0.00 (nc=0.00 cap=0 span=0)  excess_buckets: <=1=0 1-5=0 5-20=0 >20=0  by_cap: cap1=0 cap2=0 cap3-5=0 cap>5=0  by_span: s1=0 s2-3=0 s4-6=0 s7-12=0 s>12=0  le1_cross: cap1=0 cap2-5=0 cap>5=0
    Congestion: pipes=2562403 used=280262 congested(>50%)=49 saturated(>90%)=1 max_util=0.93 avg_util=0.0005
    rss_probe[outer=10]: pre_post_solve=802MB post_post_solve=807MB after_apply=807MB
    E_decomp: base=16014.3 eff=51649.7 cong=35635.4 cong_share=69.0% sat_pipes=14 max_util=1.21  R_buckets: 1-2x=281510 2-10x=737 10-100x=17 >=100x=19
    E_potential: beckmann=16015.8 history_total=0.0
    SpanCache: epoch=11 entries=162 lookups=2562403 hits=2562241 misses=162 hit_rate=100.0%
  DCD  10: nets=295 line=8062 energy=2387.337 dE=+45.033 friction=147.8 bins=2.0x(7) excess=3.2 moved=169 disp=1.615 solves=295 skip=295 pops=213649 theta=1.210 refresh=64ms dcd=16ms total=114ms
    cache_stats: entries=54450 capacity=126448 est_mb=1 rss_mb=807
    SwitchMatrix: type_usage_pairs=36 lookups=171 hits=135 dijkstra_calls=36 avg_us=12.8 total_ms=0.5
    rss_probe[outer=11]: pre_refresh_rss=807MB post_pre_solve_rss=807MB cache_entries=54450 cache_cap=126448 cache_est_mb=1
    pre_solve_diag[outer=11]: solves=0 fallback=0 (0.0%) cap_armed=0 (0.0%) settle_avg=0 settle_max=0 init_count=24
    Overflow: over=11 (0.0% of used) avg_excess=0.17 max_excess=0.21 (nc=1.21 cap=1 span=18)  excess_buckets: <=1=11 1-5=0 5-20=0 >20=0  by_cap: cap1=11 cap2=0 cap3-5=0 cap>5=0  by_span: s1=0 s2-3=0 s4-6=0 s7-12=0 s>12=11  le1_cross: cap1=11 cap2-5=0 cap>5=0
    Congestion: pipes=2562403 used=282283 congested(>50%)=91 saturated(>90%)=14 max_util=1.21 avg_util=0.0005
    rss_probe[outer=11]: pre_post_solve=807MB post_post_solve=809MB after_apply=809MB
    E_decomp: base=16496.3 eff=45832.5 cong=29336.2 cong_share=64.0% sat_pipes=2 max_util=2.32  R_buckets: 1-2x=284939 2-10x=592 10-100x=106 >=100x=64
    E_potential: beckmann=16499.5 history_total=0.0
    SpanCache: epoch=12 entries=171 lookups=2562403 hits=2562232 misses=171 hit_rate=100.0%
  DCD  11: nets=295 line=8237 energy=2434.077 dE=+46.740 friction=140.8 bins=2.0x(5) excess=3.6 moved=169 disp=1.615 solves=295 skip=295 pops=217845 theta=1.416 refresh=63ms dcd=15ms total=113ms
    cache_stats: entries=56509 capacity=127120 est_mb=1 rss_mb=809
    SwitchMatrix: type_usage_pairs=30 lookups=167 hits=137 dijkstra_calls=30 avg_us=13.7 total_ms=0.4
    rss_probe[outer=12]: pre_refresh_rss=809MB post_pre_solve_rss=809MB cache_entries=56509 cache_cap=127120 cache_est_mb=1
    pre_solve_diag[outer=12]: solves=0 fallback=0 (0.0%) cap_armed=0 (0.0%) settle_avg=0 settle_max=0 init_count=59
    Overflow: over=2 (0.0% of used) avg_excess=0.77 max_excess=1.32 (nc=2.32 cap=1 span=18)  excess_buckets: <=1=1 1-5=1 5-20=0 >20=0  by_cap: cap1=2 cap2=0 cap3-5=0 cap>5=0  by_span: s1=0 s2-3=0 s4-6=0 s7-12=0 s>12=2  le1_cross: cap1=1 cap2-5=0 cap>5=0
    Congestion: pipes=2562403 used=285701 congested(>50%)=48 saturated(>90%)=2 max_util=2.32 avg_util=0.0005
    rss_probe[outer=12]: pre_post_solve=809MB post_post_solve=810MB after_apply=810MB
    E_decomp: base=16102.4 eff=45278.6 cong=29176.2 cong_share=64.4% sat_pipes=2 max_util=1.18  R_buckets: 1-2x=287451 2-10x=1033 10-100x=61 >=100x=52
    E_potential: beckmann=16102.8 history_total=0.0
    SpanCache: epoch=13 entries=167 lookups=2562403 hits=2562236 misses=167 hit_rate=100.0%
  DCD  12: nets=295 line=8279 energy=2421.068 dE=-13.009 friction=132.6 bins=2.0x(4) excess=2.5 moved=169 disp=1.988 solves=295 skip=295 pops=220896 theta=1.658 refresh=63ms dcd=15ms total=117ms
    cache_stats: entries=58287 capacity=128464 est_mb=1 rss_mb=810
    SwitchMatrix: type_usage_pairs=35 lookups=163 hits=128 dijkstra_calls=35 avg_us=13.7 total_ms=0.5
    rss_probe[outer=13]: pre_refresh_rss=810MB post_pre_solve_rss=810MB cache_entries=58287 cache_cap=128464 cache_est_mb=1
    pre_solve_diag[outer=13]: solves=0 fallback=0 (0.0%) cap_armed=0 (0.0%) settle_avg=0 settle_max=0 init_count=65
    Overflow: over=2 (0.0% of used) avg_excess=0.26 max_excess=0.36 (nc=2.36 cap=2 span=7)  excess_buckets: <=1=2 1-5=0 5-20=0 >20=0  by_cap: cap1=1 cap2=1 cap3-5=0 cap>5=0  by_span: s1=0 s2-3=0 s4-6=0 s7-12=1 s>12=1  le1_cross: cap1=1 cap2-5=1 cap>5=0
    Congestion: pipes=2562403 used=288597 congested(>50%)=18 saturated(>90%)=2 max_util=1.18 avg_util=0.0005
    rss_probe[outer=13]: pre_post_solve=810MB post_post_solve=810MB after_apply=810MB
    E_decomp: base=16136.5 eff=38993.4 cong=22857.0 cong_share=58.6% sat_pipes=1 max_util=1.02  R_buckets: 1-2x=289713 2-10x=653 10-100x=258 >=100x=16
    E_potential: beckmann=16136.7 history_total=0.0
    SpanCache: epoch=14 entries=163 lookups=2562403 hits=2562240 misses=163 hit_rate=100.0%
  DCD  13: nets=295 line=8268 energy=2402.777 dE=-18.291 friction=129.0 bins=2.0x(6) excess=4.4 moved=169 disp=2.000 solves=295 skip=295 pops=221743 theta=1.941 refresh=64ms dcd=15ms total=114ms
    cache_stats: entries=57360 capacity=129136 est_mb=1 rss_mb=810
    SwitchMatrix: type_usage_pairs=30 lookups=159 hits=129 dijkstra_calls=30 avg_us=13.3 total_ms=0.4
    rss_probe[outer=14]: pre_refresh_rss=810MB post_pre_solve_rss=810MB cache_entries=57360 cache_cap=129136 cache_est_mb=1
    pre_solve_diag[outer=14]: solves=0 fallback=0 (0.0%) cap_armed=0 (0.0%) settle_avg=0 settle_max=0 init_count=59
    Overflow: over=1 (0.0% of used) avg_excess=0.02 max_excess=0.02 (nc=1.02 cap=1 span=17)  excess_buckets: <=1=1 1-5=0 5-20=0 >20=0  by_cap: cap1=1 cap2=0 cap3-5=0 cap>5=0  by_span: s1=0 s2-3=0 s4-6=0 s7-12=0 s>12=1  le1_cross: cap1=1 cap2-5=0 cap>5=0
    Congestion: pipes=2562403 used=290640 congested(>50%)=12 saturated(>90%)=1 max_util=1.02 avg_util=0.0005
    rss_probe[outer=14]: pre_post_solve=810MB post_post_solve=811MB after_apply=811MB
    E_decomp: base=15858.9 eff=30718.8 cong=14859.9 cong_share=48.4% sat_pipes=2 max_util=1.32  R_buckets: 1-2x=291841 2-10x=881 10-100x=76 >=100x=8
    E_potential: beckmann=15859.4 history_total=0.0
    SpanCache: epoch=15 entries=159 lookups=2562403 hits=2562244 misses=159 hit_rate=100.0%
  DCD  14: nets=295 line=8322 energy=2418.078 dE=+15.301 friction=141.0 bins=1.9x(8) excess=4.0 moved=169 disp=1.669 solves=295 skip=295 pops=224631 theta=2.273 refresh=66ms dcd=15ms total=115ms
    cache_stats: entries=57727 capacity=130144 est_mb=1 rss_mb=811
    SwitchMatrix: type_usage_pairs=33 lookups=161 hits=128 dijkstra_calls=33 avg_us=13.2 total_ms=0.4
    rss_probe[outer=15]: pre_refresh_rss=811MB post_pre_solve_rss=811MB cache_entries=57727 cache_cap=130144 cache_est_mb=1
    pre_solve_diag[outer=15]: solves=0 fallback=0 (0.0%) cap_armed=0 (0.0%) settle_avg=0 settle_max=0 init_count=67
    Overflow: over=1 (0.0% of used) avg_excess=0.32 max_excess=0.32 (nc=1.32 cap=1 span=13)  excess_buckets: <=1=1 1-5=0 5-20=0 >20=0  by_cap: cap1=1 cap2=0 cap3-5=0 cap>5=0  by_span: s1=0 s2-3=0 s4-6=0 s7-12=0 s>12=1  le1_cross: cap1=1 cap2-5=0 cap>5=0
    Congestion: pipes=2562403 used=292806 congested(>50%)=66 saturated(>90%)=2 max_util=1.32 avg_util=0.0005
    rss_probe[outer=15]: pre_post_solve=811MB post_post_solve=811MB after_apply=811MB
    E_decomp: base=16024.1 eff=56657.3 cong=40633.2 cong_share=71.7% sat_pipes=2 max_util=1.01  R_buckets: 1-2x=294404 2-10x=361 10-100x=261 >=100x=31
    E_potential: beckmann=16024.6 history_total=0.0
    SpanCache: epoch=16 entries=161 lookups=2562403 hits=2562242 misses=161 hit_rate=100.0%
  DCD  15: nets=295 line=8246 energy=2475.819 dE=+57.741 friction=156.2 bins=2.0x(7) excess=4.9 moved=169 disp=1.757 solves=295 skip=295 pops=226353 theta=2.661 refresh=68ms dcd=15ms total=118ms
    cache_stats: entries=57564 capacity=130368 est_mb=1 rss_mb=811
    SwitchMatrix: type_usage_pairs=34 lookups=165 hits=131 dijkstra_calls=34 avg_us=13.4 total_ms=0.5
    rss_probe[outer=16]: pre_refresh_rss=811MB post_pre_solve_rss=811MB cache_entries=57564 cache_cap=130368 cache_est_mb=1
    pre_solve_diag[outer=16]: solves=0 fallback=0 (0.0%) cap_armed=0 (0.0%) settle_avg=0 settle_max=0 init_count=59
    Overflow: over=1 (0.0% of used) avg_excess=0.03 max_excess=0.03 (nc=2.03 cap=2 span=7)  excess_buckets: <=1=1 1-5=0 5-20=0 >20=0  by_cap: cap1=0 cap2=1 cap3-5=0 cap>5=0  by_span: s1=0 s2-3=0 s4-6=0 s7-12=1 s>12=0  le1_cross: cap1=0 cap2-5=1 cap>5=0
    Congestion: pipes=2562403 used=295057 congested(>50%)=75 saturated(>90%)=2 max_util=1.01 avg_util=0.0005
    rss_probe[outer=16]: pre_post_solve=811MB post_post_solve=815MB after_apply=815MB
    E_decomp: base=15939.7 eff=37064.3 cong=21124.6 cong_share=57.0% sat_pipes=1 max_util=0.94  R_buckets: 1-2x=296386 2-10x=914 10-100x=94 >=100x=67
    E_potential: beckmann=15940.0 history_total=0.0
    SpanCache: epoch=17 entries=165 lookups=2562403 hits=2562238 misses=165 hit_rate=100.0%
  DCD  16: nets=295 line=8806 energy=2468.663 dE=-7.156 friction=135.9 bins=2.0x(6) excess=3.2 moved=169 disp=1.822 solves=295 skip=295 pops=230735 theta=3.116 refresh=70ms dcd=16ms total=120ms
    cache_stats: entries=58944 capacity=131040 est_mb=1 rss_mb=815
    SwitchMatrix: type_usage_pairs=33 lookups=158 hits=125 dijkstra_calls=33 avg_us=12.9 total_ms=0.4
    rss_probe[outer=17]: pre_refresh_rss=815MB post_pre_solve_rss=815MB cache_entries=58944 cache_cap=131040 cache_est_mb=1
    pre_solve_diag[outer=17]: solves=0 fallback=0 (0.0%) cap_armed=0 (0.0%) settle_avg=0 settle_max=0 init_count=66
    Overflow: over=0 (0.0% of used) avg_excess=0.00 max_excess=0.00 (nc=0.00 cap=0 span=0)  excess_buckets: <=1=0 1-5=0 5-20=0 >20=0  by_cap: cap1=0 cap2=0 cap3-5=0 cap>5=0  by_span: s1=0 s2-3=0 s4-6=0 s7-12=0 s>12=0  le1_cross: cap1=0 cap2-5=0 cap>5=0
    Congestion: pipes=2562403 used=297461 congested(>50%)=38 saturated(>90%)=1 max_util=0.94 avg_util=0.0005
    rss_probe[outer=17]: pre_post_solve=815MB post_post_solve=815MB after_apply=815MB
    E_decomp: base=16067.3 eff=30339.4 cong=14272.1 cong_share=47.0% sat_pipes=0 max_util=0.83  R_buckets: 1-2x=301938 2-10x=510 10-100x=33 >=100x=20
    E_potential: beckmann=16067.6 history_total=0.0
    SpanCache: epoch=18 entries=158 lookups=2562403 hits=2562245 misses=158 hit_rate=100.0%
  DCD  17: nets=295 line=8782 energy=2484.315 dE=+15.652 friction=153.2 bins=2.0x(7) excess=5.0 moved=169 disp=1.899 solves=295 skip=295 pops=233837 theta=3.648 refresh=67ms dcd=16ms total=118ms
    cache_stats: entries=59520 capacity=131264 est_mb=1 rss_mb=815
    SwitchMatrix: type_usage_pairs=31 lookups=158 hits=127 dijkstra_calls=31 avg_us=15.5 total_ms=0.5
    rss_probe[outer=18]: pre_refresh_rss=815MB post_pre_solve_rss=815MB cache_entries=59520 cache_cap=131264 cache_est_mb=1
    pre_solve_diag[outer=18]: solves=0 fallback=0 (0.0%) cap_armed=0 (0.0%) settle_avg=0 settle_max=0 init_count=43
    Overflow: over=0 (0.0% of used) avg_excess=0.00 max_excess=0.00 (nc=0.00 cap=0 span=0)  excess_buckets: <=1=0 1-5=0 5-20=0 >20=0  by_cap: cap1=0 cap2=0 cap3-5=0 cap>5=0  by_span: s1=0 s2-3=0 s4-6=0 s7-12=0 s>12=0  le1_cross: cap1=0 cap2-5=0 cap>5=0
    Congestion: pipes=2562403 used=302501 congested(>50%)=48 saturated(>90%)=0 max_util=0.83 avg_util=0.0005
    rss_probe[outer=18]: pre_post_solve=815MB post_post_solve=817MB after_apply=817MB
    E_decomp: base=15956.9 eff=43405.0 cong=27448.1 cong_share=63.2% sat_pipes=16 max_util=1.28  R_buckets: 1-2x=306217 2-10x=787 10-100x=152 >=100x=14
    E_potential: beckmann=15958.1 history_total=0.0
    SpanCache: epoch=19 entries=158 lookups=2562403 hits=2562245 misses=158 hit_rate=100.0%
  DCD  18: nets=295 line=9046 energy=2492.159 dE=+7.844 friction=169.0 bins=2.0x(6) excess=3.4 moved=169 disp=1.716 solves=295 skip=295 pops=236888 theta=4.271 refresh=67ms dcd=16ms total=117ms
    cache_stats: entries=60389 capacity=132384 est_mb=1 rss_mb=817
    SwitchMatrix: type_usage_pairs=32 lookups=163 hits=131 dijkstra_calls=32 avg_us=14.1 total_ms=0.5
    rss_probe[outer=19]: pre_refresh_rss=817MB post_pre_solve_rss=817MB cache_entries=60389 cache_cap=132384 cache_est_mb=1
    pre_solve_diag[outer=19]: solves=0 fallback=0 (0.0%) cap_armed=0 (0.0%) settle_avg=0 settle_max=0 init_count=45
    Overflow: over=14 (0.0% of used) avg_excess=0.06 max_excess=0.28 (nc=1.28 cap=1 span=17)  excess_buckets: <=1=14 1-5=0 5-20=0 >20=0  by_cap: cap1=14 cap2=0 cap3-5=0 cap>5=0  by_span: s1=0 s2-3=0 s4-6=0 s7-12=0 s>12=14  le1_cross: cap1=14 cap2-5=0 cap>5=0
    Congestion: pipes=2562403 used=307170 congested(>50%)=63 saturated(>90%)=16 max_util=1.28 avg_util=0.0005
    rss_probe[outer=19]: pre_post_solve=817MB post_post_solve=817MB after_apply=817MB
    E_decomp: base=16083.6 eff=32049.1 cong=15965.5 cong_share=49.8% sat_pipes=10 max_util=1.16  R_buckets: 1-2x=308285 2-10x=723 10-100x=41 >=100x=28
    E_potential: beckmann=16084.6 history_total=0.0
    SpanCache: epoch=20 entries=163 lookups=2562403 hits=2562240 misses=163 hit_rate=100.0%
  DCD  19: nets=295 line=9001 energy=2548.440 dE=+56.281 friction=169.4 bins=2.0x(6) excess=3.8 moved=169 disp=1.947 solves=295 skip=295 pops=238127 theta=5.000 refresh=68ms dcd=15ms total=120ms
    cache_stats: entries=61152 capacity=134624 est_mb=1 rss_mb=817
DCD done: energy=2548.440 line=9001 friction=169.4 bins=2.0x(6) excess=3.8
MuxSlotTracker: 263 commit rejections over entire DCD
MuxSlotTracker[post-DCD]: populated_cells=169, overflow_tiles=0, at_cap_tiles=1, peak_excess=0, capacity_hist={16:67346}
Pre-legalization: HPWL=7819
  type DFF: 302 valid columns, 1077536 total BELs
  type LUT6: 302 valid columns, 538768 total BELs
TypeAwarePlacement: 2 cell types
  SortedLegalizer: cluster_rejects=0 shared_mux_rejects=15 arch_validity_rejects=0
Post-legalization: HPWL=7823, line=12924
Per-net HPWL: 298 nets, total=7823
  #0: hpwl=424 fanout=320 (5.4%)
  #1: hpwl=322 fanout=1 (4.1%)
  #2: hpwl=321 fanout=1 (4.1%)
  #3: hpwl=205 fanout=82 (2.6%)
  #4: hpwl=203 fanout=1 (2.6%)
  #5: hpwl=191 fanout=38 (2.4%)
  #6: hpwl=142 fanout=1 (1.8%)
  #7: hpwl=141 fanout=2 (1.8%)
  #8: hpwl=141 fanout=2 (1.8%)
  #9: hpwl=140 fanout=1 (1.8%)
  50% of HPWL from top 23 nets (of 298)
