chipdb: /home/kelvin/side-project/eisenjoch/chip_database/xc7_large.bin
design: /home/kelvin/side-project/eisenjoch/benchmark/output/stereovision3.json
cfg: max_outer_iters=20 blend_alpha=0.5 hardening_step=0 graph_model=TwoLevelPip
  topological compress: density=0.60 target_tiles=46 final_tiles=46 scale=0.026 center=(117.5,111.0)
  topological init: n_movable=222, n_edges=514, max_layer=42, back_edges=1, n_anchored=2
Locked 53 boundary/IO cells as fixed anchors
  Skipped truly-null coarse cells: 0 (of 69353 total); pruned pipes: src_null=0 dst_null=0
  Pipe capacity by span:
    span=  1: 138172 pipes, cap min=1 avg=134.5 max=432
    span=  2: 136455 pipes, cap min=2 avg=50.7 max=118
    span=  3: 135619 pipes, cap min=2 avg=26.1 max=52
    span=  4: 136319 pipes, cap min=2 avg=22.7 max=140
    span=  5: 135918 pipes, cap min=2 avg=66.1 max=124
    span=  6: 201217 pipes, cap min=2 avg=15.2 max=28
    span=  7: 200933 pipes, cap min=1 avg=7.3 max=20
    span=  8: 132748 pipes, cap min=2 avg=6.0 max=10
    span=  9: 130848 pipes, cap min=2 avg=6.0 max=10
    span= 10: 131090 pipes, cap min=2 avg=2.2 max=31
    span= 11: 129628 pipes, cap min=2 avg=2.0 max=4
    span= 12: 129018 pipes, cap min=2 avg=2.0 max=4
    span= 13: 128408 pipes, cap min=1 avg=1.5 max=4
    span= 14: 127798 pipes, cap min=1 avg=1.0 max=2
    span= 15: 127188 pipes, cap min=1 avg=1.0 max=2
    span= 16: 126578 pipes, cap min=1 avg=1.0 max=2
    span= 17: 125968 pipes, cap min=1 avg=1.0 max=2
    span= 18: 125358 pipes, cap min=1 avg=1.0 max=2
    span= 19: 63140 pipes, cap min=1 avg=1.0 max=2
  Thin span-1 pipes (cap<=2): 222 total, by tile-type pair (top 20):
    NULL <-> NULL: 220
    CLK_BUFG <-> NULL: 2
  Pipe cost: span^0.50 model (r1=1), span-1=1.000, span-12=3.464, 2×span-6=4.899, 12×span-1=12.000
  topological compress: density=0.60 target_tiles=35 final_tiles=35 scale=0.020 center=(125.9,111.0)
  topological init: n_movable=169, n_edges=456, max_layer=40, back_edges=1, n_anchored=58
  type DFF: 302 valid columns, 1077536 total BELs
  type LUT6: 302 valid columns, 538768 total BELs
TypeAwarePlacement: 2 cell types
Coordinate descent mode: 169 cells, scale 1.00
CellValidityMask: 169 cells, 311x223 grid, per-cell valid positions: min=67346 avg=67346.0 max=67346, unmapped cells=0
MuxSlotTracker: 169 cells (169 with external fanout), 67346 tiles, total_cap=1077536, active_buckets=[DFF,LUT6], built in 75.9ms
MuxSlotTracker[post-seed]: populated_cells=169, overflow_tiles=0, at_cap_tiles=0, peak_excess=0, capacity_hist={16:67346}
DCD placer: 169 cells, 69353 nodes, outer_iters=20, dcd_iters_per_cell=8, graph_model=TwoLevelPip
Softmin position update: enabled, theta 0.250 -> 5.000 (anneal over 20 iters)
    SwitchMatrix: type_usage_pairs=7 lookups=110 hits=103 dijkstra_calls=7 avg_us=11.0 total_ms=0.1
    rss_probe[outer=0]: pre_refresh_rss=666MB post_pre_solve_rss=677MB cache_entries=46359 cache_cap=104160 cache_est_mb=1
    pre_solve_diag[outer=0]: solves=295 fallback=0 (0.0%) cap_armed=295 (100.0%) settle_avg=684 settle_max=5800 init_count=70
  Cell placement by tile type (iter 0, 169 cells):
    CLB: 169
    Overflow: over=0 (0.0% of used) avg_excess=0.00 max_excess=0.00 (nc=0.00 cap=0 span=0)  excess_buckets: <=1=0 1-5=0 5-20=0 >20=0  by_cap: cap1=0 cap2=0 cap3-5=0 cap>5=0  by_span: s1=0 s2-3=0 s4-6=0 s7-12=0 s>12=0  le1_cross: cap1=0 cap2-5=0 cap>5=0
    Congestion: pipes=2562403 used=0 congested(>50%)=0 saturated(>90%)=0 max_util=0.00 avg_util=0.0000
    rss_probe[outer=0]: pre_post_solve=677MB post_post_solve=743MB after_apply=743MB
    E_decomp: base=8334.6 eff=8728.5 cong=394.0 cong_share=4.5% sat_pipes=0 max_util=0.35  R_buckets: 1-2x=260329 2-10x=0 10-100x=0 >=100x=0
    E_potential: beckmann=8334.6 history_total=0.0
    SpanCache: epoch=1 entries=110 lookups=2562403 hits=2562293 misses=110 hit_rate=100.0%
  DCD   0: nets=295 line=7072 energy=2234.981 dE=+0.000 friction=34.9 bins=1.8x(7) excess=2.4 moved=169 disp=inf solves=590 skip=0 pops=403470 theta=0.250 refresh=79ms dcd=18ms total=132ms
    cache_stats: entries=45439 capacity=107968 est_mb=1 rss_mb=740
    SwitchMatrix: type_usage_pairs=16 lookups=129 hits=113 dijkstra_calls=16 avg_us=12.4 total_ms=0.2
    rss_probe[outer=1]: pre_refresh_rss=740MB post_pre_solve_rss=740MB cache_entries=45439 cache_cap=107968 cache_est_mb=1
    pre_solve_diag[outer=1]: solves=0 fallback=0 (0.0%) cap_armed=0 (0.0%) settle_avg=0 settle_max=0 init_count=45
    Overflow: over=0 (0.0% of used) avg_excess=0.00 max_excess=0.00 (nc=0.00 cap=0 span=0)  excess_buckets: <=1=0 1-5=0 5-20=0 >20=0  by_cap: cap1=0 cap2=0 cap3-5=0 cap>5=0  by_span: s1=0 s2-3=0 s4-6=0 s7-12=0 s>12=0  le1_cross: cap1=0 cap2-5=0 cap>5=0
    Congestion: pipes=2562403 used=260329 congested(>50%)=0 saturated(>90%)=0 max_util=0.35 avg_util=0.0003
    rss_probe[outer=1]: pre_post_solve=740MB post_post_solve=758MB after_apply=758MB
    E_decomp: base=12453.1 eff=14821.6 cong=2368.6 cong_share=16.0% sat_pipes=1 max_util=1.37  R_buckets: 1-2x=265736 2-10x=168 10-100x=13 >=100x=1
    E_potential: beckmann=12453.3 history_total=0.0
    SpanCache: epoch=2 entries=129 lookups=2562403 hits=2562274 misses=129 hit_rate=100.0%
  DCD   1: nets=295 line=7106 energy=2322.164 dE=+87.184 friction=78.9 bins=2.0x(8) excess=4.9 moved=169 disp=1.308 solves=295 skip=295 pops=203572 theta=0.293 refresh=64ms dcd=15ms total=114ms
    cache_stats: entries=46607 capacity=110320 est_mb=1 rss_mb=758
    SwitchMatrix: type_usage_pairs=26 lookups=149 hits=123 dijkstra_calls=26 avg_us=12.9 total_ms=0.3
    rss_probe[outer=2]: pre_refresh_rss=758MB post_pre_solve_rss=758MB cache_entries=46607 cache_cap=110320 cache_est_mb=1
    pre_solve_diag[outer=2]: solves=0 fallback=0 (0.0%) cap_armed=0 (0.0%) settle_avg=0 settle_max=0 init_count=56
    Overflow: over=1 (0.0% of used) avg_excess=0.37 max_excess=0.37 (nc=1.37 cap=1 span=18)  excess_buckets: <=1=1 1-5=0 5-20=0 >20=0  by_cap: cap1=1 cap2=0 cap3-5=0 cap>5=0  by_span: s1=0 s2-3=0 s4-6=0 s7-12=0 s>12=1  le1_cross: cap1=1 cap2-5=0 cap>5=0
    Congestion: pipes=2562403 used=265918 congested(>50%)=2 saturated(>90%)=1 max_util=1.37 avg_util=0.0004
    rss_probe[outer=2]: pre_post_solve=758MB post_post_solve=780MB after_apply=780MB
    E_decomp: base=14443.4 eff=26564.8 cong=12121.4 cong_share=45.6% sat_pipes=0 max_util=0.80  R_buckets: 1-2x=265562 2-10x=399 10-100x=160 >=100x=14
    E_potential: beckmann=14443.6 history_total=0.0
    SpanCache: epoch=3 entries=149 lookups=2562403 hits=2562254 misses=149 hit_rate=100.0%
  DCD   2: nets=295 line=7289 energy=2379.164 dE=+57.000 friction=102.4 bins=2.0x(8) excess=4.4 moved=169 disp=1.432 solves=295 skip=295 pops=203743 theta=0.343 refresh=72ms dcd=15ms total=121ms
    cache_stats: entries=46708 capacity=112112 est_mb=1 rss_mb=780
    SwitchMatrix: type_usage_pairs=26 lookups=154 hits=128 dijkstra_calls=26 avg_us=12.6 total_ms=0.3
    rss_probe[outer=3]: pre_refresh_rss=780MB post_pre_solve_rss=780MB cache_entries=46708 cache_cap=112112 cache_est_mb=1
    pre_solve_diag[outer=3]: solves=0 fallback=0 (0.0%) cap_armed=0 (0.0%) settle_avg=0 settle_max=0 init_count=70
    Overflow: over=0 (0.0% of used) avg_excess=0.00 max_excess=0.00 (nc=0.00 cap=0 span=0)  excess_buckets: <=1=0 1-5=0 5-20=0 >20=0  by_cap: cap1=0 cap2=0 cap3-5=0 cap>5=0  by_span: s1=0 s2-3=0 s4-6=0 s7-12=0 s>12=0  le1_cross: cap1=0 cap2-5=0 cap>5=0
    Congestion: pipes=2562403 used=266135 congested(>50%)=18 saturated(>90%)=0 max_util=0.80 avg_util=0.0005
    rss_probe[outer=3]: pre_post_solve=780MB post_post_solve=785MB after_apply=785MB
    E_decomp: base=15290.9 eff=46675.7 cong=31384.8 cong_share=67.2% sat_pipes=0 max_util=0.71  R_buckets: 1-2x=270809 2-10x=594 10-100x=63 >=100x=117
    E_potential: beckmann=15290.9 history_total=0.0
    SpanCache: epoch=4 entries=154 lookups=2562403 hits=2562249 misses=154 hit_rate=100.0%
  DCD   3: nets=295 line=7572 energy=2309.743 dE=-69.421 friction=95.4 bins=2.0x(7) excess=3.6 moved=169 disp=1.609 solves=295 skip=295 pops=206610 theta=0.401 refresh=68ms dcd=15ms total=118ms
    cache_stats: entries=48899 capacity=114800 est_mb=1 rss_mb=785
    SwitchMatrix: type_usage_pairs=30 lookups=153 hits=123 dijkstra_calls=30 avg_us=12.7 total_ms=0.4
    rss_probe[outer=4]: pre_refresh_rss=785MB post_pre_solve_rss=785MB cache_entries=48899 cache_cap=114800 cache_est_mb=1
    pre_solve_diag[outer=4]: solves=0 fallback=0 (0.0%) cap_armed=0 (0.0%) settle_avg=0 settle_max=0 init_count=66
    Overflow: over=0 (0.0% of used) avg_excess=0.00 max_excess=0.00 (nc=0.00 cap=0 span=0)  excess_buckets: <=1=0 1-5=0 5-20=0 >20=0  by_cap: cap1=0 cap2=0 cap3-5=0 cap>5=0  by_span: s1=0 s2-3=0 s4-6=0 s7-12=0 s>12=0  le1_cross: cap1=0 cap2-5=0 cap>5=0
    Congestion: pipes=2562403 used=271583 congested(>50%)=2 saturated(>90%)=0 max_util=0.71 avg_util=0.0005
    rss_probe[outer=4]: pre_post_solve=785MB post_post_solve=786MB after_apply=786MB
    E_decomp: base=15612.8 eff=62584.7 cong=46971.9 cong_share=75.1% sat_pipes=0 max_util=0.70  R_buckets: 1-2x=271440 2-10x=599 10-100x=138 >=100x=24
    E_potential: beckmann=15612.9 history_total=0.0
    SpanCache: epoch=5 entries=153 lookups=2562403 hits=2562250 misses=153 hit_rate=100.0%
  DCD   4: nets=295 line=7626 energy=2336.415 dE=+26.672 friction=111.6 bins=2.0x(6) excess=5.1 moved=169 disp=1.627 solves=295 skip=295 pops=206404 theta=0.470 refresh=63ms dcd=15ms total=111ms
    cache_stats: entries=49063 capacity=117152 est_mb=1 rss_mb=786
    SwitchMatrix: type_usage_pairs=34 lookups=163 hits=129 dijkstra_calls=34 avg_us=13.1 total_ms=0.4
    rss_probe[outer=5]: pre_refresh_rss=786MB post_pre_solve_rss=786MB cache_entries=49063 cache_cap=117152 cache_est_mb=1
    pre_solve_diag[outer=5]: solves=0 fallback=0 (0.0%) cap_armed=0 (0.0%) settle_avg=0 settle_max=0 init_count=65
    Overflow: over=0 (0.0% of used) avg_excess=0.00 max_excess=0.00 (nc=0.00 cap=0 span=0)  excess_buckets: <=1=0 1-5=0 5-20=0 >20=0  by_cap: cap1=0 cap2=0 cap3-5=0 cap>5=0  by_span: s1=0 s2-3=0 s4-6=0 s7-12=0 s>12=0  le1_cross: cap1=0 cap2-5=0 cap>5=0
    Congestion: pipes=2562403 used=272201 congested(>50%)=12 saturated(>90%)=0 max_util=0.70 avg_util=0.0005
    rss_probe[outer=5]: pre_post_solve=786MB post_post_solve=788MB after_apply=788MB
    E_decomp: base=16132.6 eff=53624.4 cong=37491.8 cong_share=69.9% sat_pipes=0 max_util=0.70  R_buckets: 1-2x=271628 2-10x=574 10-100x=43 >=100x=75
    E_potential: beckmann=16132.7 history_total=0.0
    SpanCache: epoch=6 entries=163 lookups=2562403 hits=2562240 misses=163 hit_rate=100.0%
  DCD   5: nets=295 line=8000 energy=2355.533 dE=+19.118 friction=108.2 bins=2.0x(6) excess=4.6 moved=169 disp=1.669 solves=295 skip=295 pops=207032 theta=0.550 refresh=68ms dcd=15ms total=120ms
    cache_stats: entries=50094 capacity=119504 est_mb=1 rss_mb=788
    SwitchMatrix: type_usage_pairs=34 lookups=155 hits=121 dijkstra_calls=34 avg_us=12.8 total_ms=0.4
    rss_probe[outer=6]: pre_refresh_rss=788MB post_pre_solve_rss=788MB cache_entries=50094 cache_cap=119504 cache_est_mb=1
    pre_solve_diag[outer=6]: solves=0 fallback=0 (0.0%) cap_armed=0 (0.0%) settle_avg=0 settle_max=0 init_count=67
    Overflow: over=0 (0.0% of used) avg_excess=0.00 max_excess=0.00 (nc=0.00 cap=0 span=0)  excess_buckets: <=1=0 1-5=0 5-20=0 >20=0  by_cap: cap1=0 cap2=0 cap3-5=0 cap>5=0  by_span: s1=0 s2-3=0 s4-6=0 s7-12=0 s>12=0  le1_cross: cap1=0 cap2-5=0 cap>5=0
    Congestion: pipes=2562403 used=272320 congested(>50%)=5 saturated(>90%)=0 max_util=0.70 avg_util=0.0005
    rss_probe[outer=6]: pre_post_solve=788MB post_post_solve=793MB after_apply=793MB
    E_decomp: base=16071.5 eff=45409.0 cong=29337.4 cong_share=64.6% sat_pipes=0 max_util=0.77  R_buckets: 1-2x=271783 2-10x=500 10-100x=68 >=100x=29
    E_potential: beckmann=16071.6 history_total=0.0
    SpanCache: epoch=7 entries=155 lookups=2562403 hits=2562248 misses=155 hit_rate=100.0%
  DCD   6: nets=295 line=8339 energy=2320.431 dE=-35.102 friction=109.9 bins=2.0x(8) excess=3.2 moved=169 disp=1.746 solves=295 skip=295 pops=209613 theta=0.644 refresh=66ms dcd=18ms total=122ms
    cache_stats: entries=51588 capacity=120960 est_mb=1 rss_mb=793
    SwitchMatrix: type_usage_pairs=30 lookups=152 hits=122 dijkstra_calls=30 avg_us=12.6 total_ms=0.4
    rss_probe[outer=7]: pre_refresh_rss=793MB post_pre_solve_rss=793MB cache_entries=51588 cache_cap=120960 cache_est_mb=1
    pre_solve_diag[outer=7]: solves=0 fallback=0 (0.0%) cap_armed=0 (0.0%) settle_avg=0 settle_max=0 init_count=64
    Overflow: over=0 (0.0% of used) avg_excess=0.00 max_excess=0.00 (nc=0.00 cap=0 span=0)  excess_buckets: <=1=0 1-5=0 5-20=0 >20=0  by_cap: cap1=0 cap2=0 cap3-5=0 cap>5=0  by_span: s1=0 s2-3=0 s4-6=0 s7-12=0 s>12=0  le1_cross: cap1=0 cap2-5=0 cap>5=0
    Congestion: pipes=2562403 used=272380 congested(>50%)=3 saturated(>90%)=0 max_util=0.77 avg_util=0.0005
    rss_probe[outer=7]: pre_post_solve=793MB post_post_solve=795MB after_apply=795MB
    E_decomp: base=15980.9 eff=66208.3 cong=50227.4 cong_share=75.9% sat_pipes=0 max_util=0.65  R_buckets: 1-2x=271803 2-10x=241 10-100x=230 >=100x=106
    E_potential: beckmann=15981.0 history_total=0.0
    SpanCache: epoch=8 entries=152 lookups=2562403 hits=2562251 misses=152 hit_rate=100.0%
  DCD   7: nets=295 line=8234 energy=2382.552 dE=+62.122 friction=119.8 bins=2.0x(6) excess=4.1 moved=169 disp=1.657 solves=295 skip=295 pops=211834 theta=0.754 refresh=67ms dcd=16ms total=118ms
    cache_stats: entries=52759 capacity=122640 est_mb=1 rss_mb=795
    SwitchMatrix: type_usage_pairs=32 lookups=158 hits=126 dijkstra_calls=32 avg_us=12.8 total_ms=0.4
    rss_probe[outer=8]: pre_refresh_rss=795MB post_pre_solve_rss=795MB cache_entries=52759 cache_cap=122640 cache_est_mb=1
    pre_solve_diag[outer=8]: solves=0 fallback=0 (0.0%) cap_armed=0 (0.0%) settle_avg=0 settle_max=0 init_count=59
    Overflow: over=0 (0.0% of used) avg_excess=0.00 max_excess=0.00 (nc=0.00 cap=0 span=0)  excess_buckets: <=1=0 1-5=0 5-20=0 >20=0  by_cap: cap1=0 cap2=0 cap3-5=0 cap>5=0  by_span: s1=0 s2-3=0 s4-6=0 s7-12=0 s>12=0  le1_cross: cap1=0 cap2-5=0 cap>5=0
    Congestion: pipes=2562403 used=272380 congested(>50%)=18 saturated(>90%)=0 max_util=0.65 avg_util=0.0005
    rss_probe[outer=8]: pre_post_solve=795MB post_post_solve=802MB after_apply=802MB
    E_decomp: base=15919.2 eff=40187.5 cong=24268.3 cong_share=60.4% sat_pipes=3 max_util=1.47  R_buckets: 1-2x=272058 2-10x=682 10-100x=41 >=100x=39
    E_potential: beckmann=15919.7 history_total=0.0
    SpanCache: epoch=9 entries=158 lookups=2562403 hits=2562245 misses=158 hit_rate=100.0%
  DCD   8: nets=295 line=8370 energy=2346.471 dE=-36.081 friction=121.0 bins=2.0x(6) excess=3.4 moved=169 disp=1.657 solves=295 skip=295 pops=214365 theta=0.883 refresh=66ms dcd=16ms total=116ms
    cache_stats: entries=53470 capacity=123872 est_mb=1 rss_mb=802
    SwitchMatrix: type_usage_pairs=31 lookups=154 hits=123 dijkstra_calls=31 avg_us=14.5 total_ms=0.5
    rss_probe[outer=9]: pre_refresh_rss=802MB post_pre_solve_rss=802MB cache_entries=53470 cache_cap=123872 cache_est_mb=1
    pre_solve_diag[outer=9]: solves=0 fallback=0 (0.0%) cap_armed=0 (0.0%) settle_avg=0 settle_max=0 init_count=53
    Overflow: over=1 (0.0% of used) avg_excess=0.47 max_excess=0.47 (nc=1.47 cap=1 span=18)  excess_buckets: <=1=1 1-5=0 5-20=0 >20=0  by_cap: cap1=1 cap2=0 cap3-5=0 cap>5=0  by_span: s1=0 s2-3=0 s4-6=0 s7-12=0 s>12=1  le1_cross: cap1=1 cap2-5=0 cap>5=0
    Congestion: pipes=2562403 used=272820 congested(>50%)=17 saturated(>90%)=3 max_util=1.47 avg_util=0.0005
    rss_probe[outer=9]: pre_post_solve=802MB post_post_solve=803MB after_apply=803MB
    E_decomp: base=15826.6 eff=84898.0 cong=69071.4 cong_share=81.4% sat_pipes=1 max_util=1.20  R_buckets: 1-2x=272447 2-10x=595 10-100x=229 >=100x=9
    E_potential: beckmann=15826.8 history_total=0.0
    SpanCache: epoch=10 entries=154 lookups=2562403 hits=2562249 misses=154 hit_rate=100.0%
  DCD   9: nets=295 line=8210 energy=2361.615 dE=+15.144 friction=118.8 bins=1.9x(7) excess=3.8 moved=169 disp=1.710 solves=295 skip=295 pops=212119 theta=1.033 refresh=68ms dcd=16ms total=119ms
    cache_stats: entries=53105 capacity=125440 est_mb=1 rss_mb=803
    SwitchMatrix: type_usage_pairs=30 lookups=152 hits=122 dijkstra_calls=30 avg_us=11.8 total_ms=0.4
    rss_probe[outer=10]: pre_refresh_rss=803MB post_pre_solve_rss=803MB cache_entries=53105 cache_cap=125440 cache_est_mb=1
    pre_solve_diag[outer=10]: solves=0 fallback=0 (0.0%) cap_armed=0 (0.0%) settle_avg=0 settle_max=0 init_count=60
    Overflow: over=1 (0.0% of used) avg_excess=0.20 max_excess=0.20 (nc=1.20 cap=1 span=17)  excess_buckets: <=1=1 1-5=0 5-20=0 >20=0  by_cap: cap1=1 cap2=0 cap3-5=0 cap>5=0  by_span: s1=0 s2-3=0 s4-6=0 s7-12=0 s>12=1  le1_cross: cap1=1 cap2-5=0 cap>5=0
    Congestion: pipes=2562403 used=273280 congested(>50%)=8 saturated(>90%)=1 max_util=1.20 avg_util=0.0005
    rss_probe[outer=10]: pre_post_solve=803MB post_post_solve=806MB after_apply=806MB
    E_decomp: base=15695.4 eff=33442.1 cong=17746.7 cong_share=53.1% sat_pipes=14 max_util=1.41  R_buckets: 1-2x=274018 2-10x=298 10-100x=413 >=100x=29
    E_potential: beckmann=15697.1 history_total=0.0
    SpanCache: epoch=11 entries=152 lookups=2562403 hits=2562251 misses=152 hit_rate=100.0%
  DCD  10: nets=295 line=8272 energy=2363.996 dE=+2.381 friction=140.2 bins=1.9x(6) excess=2.2 moved=169 disp=1.639 solves=295 skip=295 pops=213870 theta=1.210 refresh=67ms dcd=16ms total=118ms
    cache_stats: entries=54369 capacity=126336 est_mb=1 rss_mb=806
    SwitchMatrix: type_usage_pairs=34 lookups=165 hits=131 dijkstra_calls=34 avg_us=13.2 total_ms=0.4
    rss_probe[outer=11]: pre_refresh_rss=806MB post_pre_solve_rss=806MB cache_entries=54369 cache_cap=126336 cache_est_mb=1
    pre_solve_diag[outer=11]: solves=0 fallback=0 (0.0%) cap_armed=0 (0.0%) settle_avg=0 settle_max=0 init_count=45
    Overflow: over=13 (0.0% of used) avg_excess=0.19 max_excess=0.41 (nc=1.41 cap=1 span=18)  excess_buckets: <=1=13 1-5=0 5-20=0 >20=0  by_cap: cap1=13 cap2=0 cap3-5=0 cap>5=0  by_span: s1=0 s2-3=0 s4-6=0 s7-12=0 s>12=13  le1_cross: cap1=13 cap2-5=0 cap>5=0
    Congestion: pipes=2562403 used=274758 congested(>50%)=38 saturated(>90%)=14 max_util=1.41 avg_util=0.0005
    rss_probe[outer=11]: pre_post_solve=806MB post_post_solve=814MB after_apply=814MB
    E_decomp: base=15758.2 eff=32781.5 cong=17023.2 cong_share=51.9% sat_pipes=15 max_util=1.32  R_buckets: 1-2x=275071 2-10x=404 10-100x=325 >=100x=27
    E_potential: beckmann=15759.6 history_total=0.0
    SpanCache: epoch=12 entries=165 lookups=2562403 hits=2562238 misses=165 hit_rate=100.0%
  DCD  11: nets=295 line=8148 energy=2347.506 dE=-16.491 friction=146.7 bins=2.0x(8) excess=4.2 moved=169 disp=1.751 solves=295 skip=295 pops=214910 theta=1.416 refresh=68ms dcd=17ms total=119ms
    cache_stats: entries=54418 capacity=127120 est_mb=1 rss_mb=814
    SwitchMatrix: type_usage_pairs=31 lookups=156 hits=125 dijkstra_calls=31 avg_us=12.8 total_ms=0.4
    rss_probe[outer=12]: pre_refresh_rss=814MB post_pre_solve_rss=814MB cache_entries=54418 cache_cap=127120 cache_est_mb=1
    pre_solve_diag[outer=12]: solves=0 fallback=0 (0.0%) cap_armed=0 (0.0%) settle_avg=0 settle_max=0 init_count=58
    Overflow: over=14 (0.0% of used) avg_excess=0.12 max_excess=0.32 (nc=1.32 cap=1 span=18)  excess_buckets: <=1=14 1-5=0 5-20=0 >20=0  by_cap: cap1=14 cap2=0 cap3-5=0 cap>5=0  by_span: s1=0 s2-3=0 s4-6=0 s7-12=0 s>12=14  le1_cross: cap1=14 cap2-5=0 cap>5=0
    Congestion: pipes=2562403 used=275827 congested(>50%)=59 saturated(>90%)=15 max_util=1.32 avg_util=0.0005
    rss_probe[outer=12]: pre_post_solve=814MB post_post_solve=818MB after_apply=818MB
    E_decomp: base=15755.7 eff=32489.8 cong=16734.1 cong_share=51.5% sat_pipes=0 max_util=0.69  R_buckets: 1-2x=276419 2-10x=916 10-100x=43 >=100x=27
    E_potential: beckmann=15755.8 history_total=0.0
    SpanCache: epoch=13 entries=156 lookups=2562403 hits=2562247 misses=156 hit_rate=100.0%
  DCD  12: nets=295 line=8313 energy=2331.744 dE=-15.762 friction=132.1 bins=2.0x(6) excess=4.1 moved=169 disp=1.669 solves=295 skip=295 pops=215271 theta=1.658 refresh=67ms dcd=17ms total=120ms
    cache_stats: entries=55122 capacity=127232 est_mb=1 rss_mb=818
    SwitchMatrix: type_usage_pairs=32 lookups=157 hits=125 dijkstra_calls=32 avg_us=13.1 total_ms=0.4
    rss_probe[outer=13]: pre_refresh_rss=818MB post_pre_solve_rss=818MB cache_entries=55122 cache_cap=127232 cache_est_mb=1
    pre_solve_diag[outer=13]: solves=0 fallback=0 (0.0%) cap_armed=0 (0.0%) settle_avg=0 settle_max=0 init_count=57
    Overflow: over=0 (0.0% of used) avg_excess=0.00 max_excess=0.00 (nc=0.00 cap=0 span=0)  excess_buckets: <=1=0 1-5=0 5-20=0 >20=0  by_cap: cap1=0 cap2=0 cap3-5=0 cap>5=0  by_span: s1=0 s2-3=0 s4-6=0 s7-12=0 s>12=0  le1_cross: cap1=0 cap2-5=0 cap>5=0
    Congestion: pipes=2562403 used=277405 congested(>50%)=23 saturated(>90%)=0 max_util=0.69 avg_util=0.0005
    rss_probe[outer=13]: pre_post_solve=818MB post_post_solve=820MB after_apply=820MB
    E_decomp: base=15631.7 eff=107132.0 cong=91500.3 cong_share=85.4% sat_pipes=0 max_util=0.79  R_buckets: 1-2x=278742 2-10x=745 10-100x=140 >=100x=31
    E_potential: beckmann=15631.9 history_total=0.0
    SpanCache: epoch=14 entries=157 lookups=2562403 hits=2562246 misses=157 hit_rate=100.0%
  DCD  13: nets=295 line=8144 energy=2386.616 dE=+54.872 friction=141.0 bins=1.9x(7) excess=3.4 moved=169 disp=1.763 solves=295 skip=295 pops=217899 theta=1.941 refresh=66ms dcd=17ms total=116ms
    cache_stats: entries=55469 capacity=126896 est_mb=1 rss_mb=820
    SwitchMatrix: type_usage_pairs=31 lookups=158 hits=127 dijkstra_calls=31 avg_us=12.4 total_ms=0.4
    rss_probe[outer=14]: pre_refresh_rss=820MB post_pre_solve_rss=820MB cache_entries=55469 cache_cap=126896 cache_est_mb=1
    pre_solve_diag[outer=14]: solves=0 fallback=0 (0.0%) cap_armed=0 (0.0%) settle_avg=0 settle_max=0 init_count=45
    Overflow: over=0 (0.0% of used) avg_excess=0.00 max_excess=0.00 (nc=0.00 cap=0 span=0)  excess_buckets: <=1=0 1-5=0 5-20=0 >20=0  by_cap: cap1=0 cap2=0 cap3-5=0 cap>5=0  by_span: s1=0 s2-3=0 s4-6=0 s7-12=0 s>12=0  le1_cross: cap1=0 cap2-5=0 cap>5=0
    Congestion: pipes=2562403 used=279658 congested(>50%)=33 saturated(>90%)=0 max_util=0.79 avg_util=0.0005
    rss_probe[outer=14]: pre_post_solve=820MB post_post_solve=821MB after_apply=821MB
    E_decomp: base=15880.7 eff=39591.6 cong=23710.9 cong_share=59.9% sat_pipes=9 max_util=1.26  R_buckets: 1-2x=282923 2-10x=539 10-100x=225 >=100x=31
    E_potential: beckmann=15881.3 history_total=0.0
    SpanCache: epoch=15 entries=158 lookups=2562403 hits=2562245 misses=158 hit_rate=100.0%
  DCD  14: nets=295 line=8506 energy=2387.275 dE=+0.660 friction=137.0 bins=1.8x(6) excess=3.1 moved=169 disp=1.846 solves=295 skip=295 pops=220565 theta=2.273 refresh=65ms dcd=16ms total=115ms
    cache_stats: entries=55518 capacity=126896 est_mb=1 rss_mb=821
    SwitchMatrix: type_usage_pairs=29 lookups=151 hits=122 dijkstra_calls=29 avg_us=12.3 total_ms=0.4
    rss_probe[outer=15]: pre_refresh_rss=821MB post_pre_solve_rss=821MB cache_entries=55518 cache_cap=126896 cache_est_mb=1
    pre_solve_diag[outer=15]: solves=0 fallback=0 (0.0%) cap_armed=0 (0.0%) settle_avg=0 settle_max=0 init_count=60
    Overflow: over=1 (0.0% of used) avg_excess=0.26 max_excess=0.26 (nc=1.26 cap=1 span=18)  excess_buckets: <=1=1 1-5=0 5-20=0 >20=0  by_cap: cap1=1 cap2=0 cap3-5=0 cap>5=0  by_span: s1=0 s2-3=0 s4-6=0 s7-12=0 s>12=1  le1_cross: cap1=1 cap2-5=0 cap>5=0
    Congestion: pipes=2562403 used=283718 congested(>50%)=23 saturated(>90%)=9 max_util=1.26 avg_util=0.0005
    rss_probe[outer=15]: pre_post_solve=821MB post_post_solve=821MB after_apply=821MB
    E_decomp: base=15875.7 eff=38450.6 cong=22574.8 cong_share=58.7% sat_pipes=0 max_util=0.78  R_buckets: 1-2x=285071 2-10x=416 10-100x=136 >=100x=21
    E_potential: beckmann=15876.2 history_total=0.0
    SpanCache: epoch=16 entries=151 lookups=2562403 hits=2562252 misses=151 hit_rate=100.0%
  DCD  15: nets=295 line=8278 energy=2419.682 dE=+32.407 friction=147.2 bins=2.0x(5) excess=3.8 moved=169 disp=1.917 solves=295 skip=295 pops=222006 theta=2.661 refresh=64ms dcd=17ms total=115ms
    cache_stats: entries=54654 capacity=127120 est_mb=1 rss_mb=821
    SwitchMatrix: type_usage_pairs=33 lookups=168 hits=135 dijkstra_calls=33 avg_us=12.6 total_ms=0.4
    rss_probe[outer=16]: pre_refresh_rss=821MB post_pre_solve_rss=821MB cache_entries=54654 cache_cap=127120 cache_est_mb=1
    pre_solve_diag[outer=16]: solves=0 fallback=0 (0.0%) cap_armed=0 (0.0%) settle_avg=0 settle_max=0 init_count=60
    Overflow: over=0 (0.0% of used) avg_excess=0.00 max_excess=0.00 (nc=0.00 cap=0 span=0)  excess_buckets: <=1=0 1-5=0 5-20=0 >20=0  by_cap: cap1=0 cap2=0 cap3-5=0 cap>5=0  by_span: s1=0 s2-3=0 s4-6=0 s7-12=0 s>12=0  le1_cross: cap1=0 cap2-5=0 cap>5=0
    Congestion: pipes=2562403 used=285644 congested(>50%)=60 saturated(>90%)=0 max_util=0.78 avg_util=0.0005
    rss_probe[outer=16]: pre_post_solve=821MB post_post_solve=821MB after_apply=821MB
    E_decomp: base=15831.3 eff=40701.6 cong=24870.3 cong_share=61.1% sat_pipes=1 max_util=1.17  R_buckets: 1-2x=293060 2-10x=852 10-100x=62 >=100x=30
    E_potential: beckmann=15831.7 history_total=0.0
    SpanCache: epoch=17 entries=168 lookups=2562403 hits=2562235 misses=168 hit_rate=100.0%
  DCD  16: nets=295 line=8866 energy=2440.614 dE=+20.932 friction=135.2 bins=2.0x(6) excess=4.0 moved=169 disp=1.964 solves=295 skip=295 pops=228270 theta=3.116 refresh=71ms dcd=16ms total=120ms
    cache_stats: entries=56807 capacity=129248 est_mb=1 rss_mb=822
    SwitchMatrix: type_usage_pairs=31 lookups=166 hits=135 dijkstra_calls=31 avg_us=12.2 total_ms=0.4
    rss_probe[outer=17]: pre_refresh_rss=822MB post_pre_solve_rss=822MB cache_entries=56807 cache_cap=129248 cache_est_mb=1
    pre_solve_diag[outer=17]: solves=0 fallback=0 (0.0%) cap_armed=0 (0.0%) settle_avg=0 settle_max=0 init_count=20
    Overflow: over=1 (0.0% of used) avg_excess=0.17 max_excess=0.17 (nc=1.17 cap=1 span=17)  excess_buckets: <=1=1 1-5=0 5-20=0 >20=0  by_cap: cap1=1 cap2=0 cap3-5=0 cap>5=0  by_span: s1=0 s2-3=0 s4-6=0 s7-12=0 s>12=1  le1_cross: cap1=1 cap2-5=0 cap>5=0
    Congestion: pipes=2562403 used=294004 congested(>50%)=63 saturated(>90%)=1 max_util=1.17 avg_util=0.0005
    rss_probe[outer=17]: pre_post_solve=822MB post_post_solve=823MB after_apply=823MB
    E_decomp: base=16290.9 eff=48028.0 cong=31737.1 cong_share=66.1% sat_pipes=0 max_util=0.76  R_buckets: 1-2x=294468 2-10x=629 10-100x=206 >=100x=20
    E_potential: beckmann=16291.1 history_total=0.0
    SpanCache: epoch=18 entries=166 lookups=2562403 hits=2562237 misses=166 hit_rate=100.0%
  DCD  17: nets=295 line=8793 energy=2473.555 dE=+32.942 friction=124.6 bins=1.9x(5) excess=3.4 moved=169 disp=1.846 solves=295 skip=295 pops=229142 theta=3.648 refresh=66ms dcd=16ms total=116ms
    cache_stats: entries=56150 capacity=129472 est_mb=1 rss_mb=823
    SwitchMatrix: type_usage_pairs=29 lookups=159 hits=130 dijkstra_calls=29 avg_us=13.7 total_ms=0.4
    rss_probe[outer=18]: pre_refresh_rss=823MB post_pre_solve_rss=823MB cache_entries=56150 cache_cap=129472 cache_est_mb=1
    pre_solve_diag[outer=18]: solves=0 fallback=0 (0.0%) cap_armed=0 (0.0%) settle_avg=0 settle_max=0 init_count=44
    Overflow: over=0 (0.0% of used) avg_excess=0.00 max_excess=0.00 (nc=0.00 cap=0 span=0)  excess_buckets: <=1=0 1-5=0 5-20=0 >20=0  by_cap: cap1=0 cap2=0 cap3-5=0 cap>5=0  by_span: s1=0 s2-3=0 s4-6=0 s7-12=0 s>12=0  le1_cross: cap1=0 cap2-5=0 cap>5=0
    Congestion: pipes=2562403 used=295323 congested(>50%)=41 saturated(>90%)=0 max_util=0.76 avg_util=0.0005
    rss_probe[outer=18]: pre_post_solve=823MB post_post_solve=824MB after_apply=824MB
    E_decomp: base=16175.1 eff=47983.3 cong=31808.2 cong_share=66.3% sat_pipes=14 max_util=1.09  R_buckets: 1-2x=299099 2-10x=696 10-100x=201 >=100x=51
    E_potential: beckmann=16175.9 history_total=0.0
    SpanCache: epoch=19 entries=159 lookups=2562403 hits=2562244 misses=159 hit_rate=100.0%
  DCD  18: nets=295 line=8979 energy=2492.277 dE=+18.721 friction=126.4 bins=2.0x(5) excess=2.6 moved=169 disp=1.882 solves=295 skip=295 pops=230394 theta=4.271 refresh=67ms dcd=16ms total=117ms
    cache_stats: entries=57385 capacity=129472 est_mb=1 rss_mb=824
    SwitchMatrix: type_usage_pairs=30 lookups=161 hits=131 dijkstra_calls=30 avg_us=13.7 total_ms=0.4
    rss_probe[outer=19]: pre_refresh_rss=824MB post_pre_solve_rss=824MB cache_entries=57385 cache_cap=129472 cache_est_mb=1
    pre_solve_diag[outer=19]: solves=0 fallback=0 (0.0%) cap_armed=0 (0.0%) settle_avg=0 settle_max=0 init_count=59
    Overflow: over=11 (0.0% of used) avg_excess=0.03 max_excess=0.09 (nc=1.09 cap=1 span=18)  excess_buckets: <=1=11 1-5=0 5-20=0 >20=0  by_cap: cap1=11 cap2=0 cap3-5=0 cap>5=0  by_span: s1=0 s2-3=0 s4-6=0 s7-12=0 s>12=11  le1_cross: cap1=11 cap2-5=0 cap>5=0
    Congestion: pipes=2562403 used=300047 congested(>50%)=26 saturated(>90%)=14 max_util=1.09 avg_util=0.0005
    rss_probe[outer=19]: pre_post_solve=824MB post_post_solve=825MB after_apply=825MB
    E_decomp: base=16068.3 eff=34830.6 cong=18762.2 cong_share=53.9% sat_pipes=2 max_util=1.06  R_buckets: 1-2x=303038 2-10x=395 10-100x=349 >=100x=29
    E_potential: beckmann=16068.8 history_total=0.0
    SpanCache: epoch=20 entries=161 lookups=2562403 hits=2562242 misses=161 hit_rate=100.0%
  DCD  19: nets=295 line=9051 energy=2476.875 dE=-15.401 friction=138.8 bins=1.9x(6) excess=3.5 moved=169 disp=2.018 solves=295 skip=295 pops=232811 theta=5.000 refresh=66ms dcd=15ms total=116ms
    cache_stats: entries=57333 capacity=129472 est_mb=1 rss_mb=825
DCD done: energy=2476.875 line=9051 friction=138.8 bins=1.9x(6) excess=3.5
MuxSlotTracker: 275 commit rejections over entire DCD
MuxSlotTracker[post-DCD]: populated_cells=169, overflow_tiles=0, at_cap_tiles=0, peak_excess=0, capacity_hist={16:67346}
Pre-legalization: HPWL=7608
  type DFF: 302 valid columns, 1077536 total BELs
  type LUT6: 302 valid columns, 538768 total BELs
TypeAwarePlacement: 2 cell types
  SortedLegalizer: cluster_rejects=0 shared_mux_rejects=66 arch_validity_rejects=0
Post-legalization: HPWL=7650, line=12649
Per-net HPWL: 298 nets, total=7650
  #0: hpwl=424 fanout=320 (5.5%)
  #1: hpwl=322 fanout=1 (4.2%)
  #2: hpwl=321 fanout=1 (4.2%)
  #3: hpwl=213 fanout=38 (2.8%)
  #4: hpwl=203 fanout=82 (2.7%)
  #5: hpwl=203 fanout=1 (2.7%)
  #6: hpwl=141 fanout=2 (1.8%)
  #7: hpwl=141 fanout=2 (1.8%)
  #8: hpwl=141 fanout=2 (1.8%)
  #9: hpwl=141 fanout=1 (1.8%)
  50% of HPWL from top 22 nets (of 298)
