chipdb: /home/kelvin/side-project/eisenjoch/chip_database/xc7_large.bin
design: /home/kelvin/side-project/eisenjoch/benchmark/output/stereovision3.json
cfg: max_outer_iters=20 blend_alpha=0.5 hardening_step=0 graph_model=TwoLevelPip
  topological compress: density=0.60 target_tiles=46 final_tiles=46 scale=0.026 center=(117.5,111.0)
  topological init: n_movable=222, n_edges=514, max_layer=42, back_edges=1, n_anchored=2
Locked 53 boundary/IO cells as fixed anchors
  Skipped truly-null coarse cells: 0 (of 69353 total); pruned pipes: src_null=0 dst_null=0
  Pipe capacity by span:
    span=  1: 138172 pipes, cap min=1 avg=134.5 max=432
    span=  2: 136455 pipes, cap min=2 avg=50.7 max=118
    span=  3: 135619 pipes, cap min=2 avg=26.1 max=52
    span=  4: 136319 pipes, cap min=2 avg=22.7 max=140
    span=  5: 135918 pipes, cap min=2 avg=66.1 max=124
    span=  6: 201217 pipes, cap min=2 avg=15.2 max=28
    span=  7: 200933 pipes, cap min=1 avg=7.3 max=20
    span=  8: 132748 pipes, cap min=2 avg=6.0 max=10
    span=  9: 130848 pipes, cap min=2 avg=6.0 max=10
    span= 10: 131090 pipes, cap min=2 avg=2.2 max=31
    span= 11: 129628 pipes, cap min=2 avg=2.0 max=4
    span= 12: 129018 pipes, cap min=2 avg=2.0 max=4
    span= 13: 128408 pipes, cap min=1 avg=1.5 max=4
    span= 14: 127798 pipes, cap min=1 avg=1.0 max=2
    span= 15: 127188 pipes, cap min=1 avg=1.0 max=2
    span= 16: 126578 pipes, cap min=1 avg=1.0 max=2
    span= 17: 125968 pipes, cap min=1 avg=1.0 max=2
    span= 18: 125358 pipes, cap min=1 avg=1.0 max=2
    span= 19: 63140 pipes, cap min=1 avg=1.0 max=2
  Thin span-1 pipes (cap<=2): 222 total, by tile-type pair (top 20):
    NULL <-> NULL: 220
    CLK_BUFG <-> NULL: 2
  Pipe cost: span^0.50 model (r1=1), span-1=1.000, span-12=3.464, 2×span-6=4.899, 12×span-1=12.000
  topological compress: density=0.60 target_tiles=35 final_tiles=35 scale=0.020 center=(125.9,111.0)
  topological init: n_movable=169, n_edges=456, max_layer=40, back_edges=1, n_anchored=58
  type DFF: 302 valid columns, 1077536 total BELs
  type LUT6: 302 valid columns, 538768 total BELs
TypeAwarePlacement: 2 cell types
Coordinate descent mode: 169 cells, scale 1.00
CellValidityMask: 169 cells, 311x223 grid, per-cell valid positions: min=67346 avg=67346.0 max=67346, unmapped cells=0
MuxSlotTracker: 169 cells (169 with external fanout), 67346 tiles, total_cap=1077536, active_buckets=[DFF,LUT6], built in 81.6ms
MuxSlotTracker[post-seed]: populated_cells=169, overflow_tiles=0, at_cap_tiles=0, peak_excess=0, capacity_hist={16:67346}
DCD placer: 169 cells, 69353 nodes, outer_iters=20, dcd_iters_per_cell=8, graph_model=TwoLevelPip
Softmin position update: enabled, theta 0.250 -> 5.000 (anneal over 20 iters)
    SwitchMatrix: type_usage_pairs=7 lookups=110 hits=103 dijkstra_calls=7 avg_us=11.0 total_ms=0.1
    rss_probe[outer=0]: pre_refresh_rss=665MB post_pre_solve_rss=676MB cache_entries=46359 cache_cap=104160 cache_est_mb=1
    pre_solve_diag[outer=0]: solves=295 fallback=0 (0.0%) cap_armed=295 (100.0%) settle_avg=684 settle_max=5800 init_count=69
  Cell placement by tile type (iter 0, 169 cells):
    CLB: 169
    Overflow: over=0 (0.0% of used) avg_excess=0.00 max_excess=0.00 (nc=0.00 cap=0 span=0)  excess_buckets: <=1=0 1-5=0 5-20=0 >20=0  by_cap: cap1=0 cap2=0 cap3-5=0 cap>5=0  by_span: s1=0 s2-3=0 s4-6=0 s7-12=0 s>12=0  le1_cross: cap1=0 cap2-5=0 cap>5=0
    Congestion: pipes=2562403 used=0 congested(>50%)=0 saturated(>90%)=0 max_util=0.00 avg_util=0.0000
    rss_probe[outer=0]: pre_post_solve=677MB post_post_solve=679MB after_apply=679MB
    E_decomp: base=2130.4 eff=2150.2 cong=19.8 cong_share=0.9% sat_pipes=58 max_util=1.50  R_buckets: 1-2x=999 2-10x=0 10-100x=0 >=100x=0
    E_potential: beckmann=2142.6 history_total=0.0
    SpanCache: epoch=1 entries=110 lookups=2562403 hits=2562293 misses=110 hit_rate=100.0%
  DCD   0: nets=295 line=7072 energy=2234.981 dE=+0.000 friction=213.2 bins=1.8x(7) excess=2.4 moved=169 disp=inf solves=590 skip=0 pops=403470 theta=0.250 refresh=70ms dcd=23ms total=131ms
    cache_stats: entries=45439 capacity=107968 est_mb=1 rss_mb=679
    SwitchMatrix: type_usage_pairs=29 lookups=170 hits=141 dijkstra_calls=29 avg_us=12.1 total_ms=0.4
    rss_probe[outer=1]: pre_refresh_rss=679MB post_pre_solve_rss=679MB cache_entries=45439 cache_cap=107968 cache_est_mb=1
    pre_solve_diag[outer=1]: solves=0 fallback=0 (0.0%) cap_armed=0 (0.0%) settle_avg=0 settle_max=0 init_count=16
    Overflow: over=39 (3.9% of used) avg_excess=0.72 max_excess=1.00 (nc=3.00 cap=2 span=7)  excess_buckets: <=1=39 1-5=0 5-20=0 >20=0  by_cap: cap1=0 cap2=39 cap3-5=0 cap>5=0  by_span: s1=0 s2-3=0 s4-6=0 s7-12=39 s>12=0  le1_cross: cap1=0 cap2-5=39 cap>5=0
    Congestion: pipes=2562403 used=999 congested(>50%)=97 saturated(>90%)=58 max_util=1.50 avg_util=0.0001
    rss_probe[outer=1]: pre_post_solve=679MB post_post_solve=682MB after_apply=682MB
    E_decomp: base=3220.7 eff=34965.8 cong=31745.1 cong_share=90.8% sat_pipes=54 max_util=1.62  R_buckets: 1-2x=1503 2-10x=27 10-100x=13 >=100x=17
    E_potential: beckmann=3228.6 history_total=0.0
    SpanCache: epoch=2 entries=170 lookups=2562403 hits=2562233 misses=170 hit_rate=100.0%
  DCD   1: nets=295 line=7129 energy=2374.697 dE=+139.716 friction=285.0 bins=2.0x(7) excess=4.8 moved=169 disp=1.349 solves=295 skip=295 pops=204699 theta=0.293 refresh=67ms dcd=17ms total=119ms
    cache_stats: entries=47145 capacity=110432 est_mb=1 rss_mb=682
    SwitchMatrix: type_usage_pairs=37 lookups=189 hits=152 dijkstra_calls=37 avg_us=12.3 total_ms=0.5
    rss_probe[outer=2]: pre_refresh_rss=681MB post_pre_solve_rss=681MB cache_entries=47145 cache_cap=110432 cache_est_mb=1
    pre_solve_diag[outer=2]: solves=0 fallback=0 (0.0%) cap_armed=0 (0.0%) settle_avg=0 settle_max=0 init_count=59
    Overflow: over=38 (2.4% of used) avg_excess=0.32 max_excess=1.25 (nc=3.25 cap=2 span=7)  excess_buckets: <=1=37 1-5=1 5-20=0 >20=0  by_cap: cap1=1 cap2=37 cap3-5=0 cap>5=0  by_span: s1=1 s2-3=0 s4-6=0 s7-12=37 s>12=0  le1_cross: cap1=1 cap2-5=36 cap>5=0
    Congestion: pipes=2562403 used=1560 congested(>50%)=287 saturated(>90%)=54 max_util=1.62 avg_util=0.0002
    rss_probe[outer=2]: pre_post_solve=681MB post_post_solve=683MB after_apply=683MB
    E_decomp: base=4174.6 eff=158836.9 cong=154662.3 cong_share=97.4% sat_pipes=48 max_util=1.75  R_buckets: 1-2x=2202 2-10x=15 10-100x=48 >=100x=36
    E_potential: beckmann=4181.6 history_total=0.0
    SpanCache: epoch=3 entries=189 lookups=2562403 hits=2562214 misses=189 hit_rate=100.0%
  DCD   2: nets=295 line=7565 energy=2364.002 dE=-10.694 friction=335.5 bins=1.9x(5) excess=2.0 moved=169 disp=1.586 solves=295 skip=295 pops=206503 theta=0.343 refresh=58ms dcd=17ms total=111ms
    cache_stats: entries=48729 capacity=113232 est_mb=1 rss_mb=683
    SwitchMatrix: type_usage_pairs=42 lookups=194 hits=152 dijkstra_calls=42 avg_us=12.0 total_ms=0.5
    rss_probe[outer=3]: pre_refresh_rss=683MB post_pre_solve_rss=683MB cache_entries=48729 cache_cap=113232 cache_est_mb=1
    pre_solve_diag[outer=3]: solves=0 fallback=0 (0.0%) cap_armed=0 (0.0%) settle_avg=0 settle_max=0 init_count=67
    Overflow: over=22 (1.0% of used) avg_excess=0.24 max_excess=1.50 (nc=3.50 cap=2 span=7)  excess_buckets: <=1=21 1-5=1 5-20=0 >20=0  by_cap: cap1=1 cap2=21 cap3-5=0 cap>5=0  by_span: s1=1 s2-3=0 s4-6=0 s7-12=21 s>12=0  le1_cross: cap1=1 cap2-5=20 cap>5=0
    Congestion: pipes=2562403 used=2301 congested(>50%)=356 saturated(>90%)=48 max_util=1.75 avg_util=0.0003
    rss_probe[outer=3]: pre_post_solve=683MB post_post_solve=702MB after_apply=702MB
    E_decomp: base=4367.1 eff=444691.2 cong=440324.2 cong_share=99.0% sat_pipes=56 max_util=4.03  R_buckets: 1-2x=2520 2-10x=25 10-100x=40 >=100x=33
    E_potential: beckmann=5022.0 history_total=0.0
    SpanCache: epoch=4 entries=194 lookups=2562403 hits=2562209 misses=194 hit_rate=100.0%
  DCD   3: nets=295 line=7583 energy=2341.335 dE=-22.667 friction=533.1 bins=2.0x(4) excess=2.8 moved=169 disp=1.592 solves=295 skip=295 pops=206248 theta=0.401 refresh=66ms dcd=17ms total=119ms
    cache_stats: entries=48491 capacity=114352 est_mb=1 rss_mb=702
    SwitchMatrix: type_usage_pairs=40 lookups=190 hits=150 dijkstra_calls=40 avg_us=12.5 total_ms=0.5
    rss_probe[outer=4]: pre_refresh_rss=702MB post_pre_solve_rss=702MB cache_entries=48491 cache_cap=114352 cache_est_mb=1
    pre_solve_diag[outer=4]: solves=0 fallback=0 (0.0%) cap_armed=0 (0.0%) settle_avg=0 settle_max=0 init_count=44
    Overflow: over=41 (1.6% of used) avg_excess=2.25 max_excess=6.06 (nc=8.06 cap=2 span=7)  excess_buckets: <=1=25 1-5=1 5-20=15 >20=0  by_cap: cap1=1 cap2=40 cap3-5=0 cap>5=0  by_span: s1=1 s2-3=0 s4-6=0 s7-12=40 s>12=0  le1_cross: cap1=1 cap2-5=24 cap>5=0
    Congestion: pipes=2562403 used=2618 congested(>50%)=319 saturated(>90%)=56 max_util=4.03 avg_util=0.0003
    rss_probe[outer=4]: pre_post_solve=702MB post_post_solve=703MB after_apply=703MB
    E_decomp: base=4580.7 eff=931743.5 cong=927162.8 cong_share=99.5% sat_pipes=110 max_util=3.23  R_buckets: 1-2x=2739 2-10x=58 10-100x=24 >=100x=28
    E_potential: beckmann=4745.8 history_total=0.0
    SpanCache: epoch=5 entries=190 lookups=2562403 hits=2562213 misses=190 hit_rate=100.0%
  DCD   4: nets=295 line=7908 energy=2345.184 dE=+3.849 friction=556.4 bins=2.0x(6) excess=3.9 moved=169 disp=1.414 solves=295 skip=295 pops=209139 theta=0.470 refresh=58ms dcd=17ms total=110ms
    cache_stats: entries=50146 capacity=116592 est_mb=1 rss_mb=703
    SwitchMatrix: type_usage_pairs=36 lookups=191 hits=155 dijkstra_calls=36 avg_us=12.4 total_ms=0.4
    rss_probe[outer=5]: pre_refresh_rss=703MB post_pre_solve_rss=703MB cache_entries=50146 cache_cap=116592 cache_est_mb=1
    pre_solve_diag[outer=5]: solves=0 fallback=0 (0.0%) cap_armed=0 (0.0%) settle_avg=0 settle_max=0 init_count=44
    Overflow: over=78 (2.7% of used) avg_excess=1.63 max_excess=4.47 (nc=6.47 cap=2 span=7)  excess_buckets: <=1=27 1-5=51 5-20=0 >20=0  by_cap: cap1=2 cap2=76 cap3-5=0 cap>5=0  by_span: s1=2 s2-3=0 s4-6=0 s7-12=76 s>12=0  le1_cross: cap1=2 cap2-5=25 cap>5=0
    Congestion: pipes=2562403 used=2849 congested(>50%)=435 saturated(>90%)=110 max_util=3.23 avg_util=0.0003
    rss_probe[outer=5]: pre_post_solve=703MB post_post_solve=704MB after_apply=704MB
    E_decomp: base=4930.5 eff=919534.6 cong=914604.1 cong_share=99.5% sat_pipes=146 max_util=3.62  R_buckets: 1-2x=3115 2-10x=49 10-100x=31 >=100x=19
    E_potential: beckmann=5056.2 history_total=0.0
    SpanCache: epoch=6 entries=191 lookups=2562403 hits=2562212 misses=191 hit_rate=100.0%
  DCD   5: nets=295 line=8543 energy=2392.038 dE=+46.854 friction=571.3 bins=2.0x(4) excess=3.4 moved=169 disp=1.479 solves=295 skip=295 pops=211287 theta=0.550 refresh=58ms dcd=16ms total=127ms
    cache_stats: entries=51458 capacity=118720 est_mb=1 rss_mb=704
    SwitchMatrix: type_usage_pairs=39 lookups=198 hits=159 dijkstra_calls=39 avg_us=13.1 total_ms=0.5
    rss_probe[outer=6]: pre_refresh_rss=704MB post_pre_solve_rss=704MB cache_entries=51458 cache_cap=118720 cache_est_mb=1
    pre_solve_diag[outer=6]: solves=0 fallback=0 (0.0%) cap_armed=0 (0.0%) settle_avg=0 settle_max=0 init_count=44
    Overflow: over=99 (3.1% of used) avg_excess=1.06 max_excess=5.25 (nc=7.25 cap=2 span=7)  excess_buckets: <=1=45 1-5=53 5-20=1 >20=0  by_cap: cap1=2 cap2=97 cap3-5=0 cap>5=0  by_span: s1=2 s2-3=0 s4-6=0 s7-12=97 s>12=0  le1_cross: cap1=2 cap2-5=43 cap>5=0
    Congestion: pipes=2562403 used=3214 congested(>50%)=496 saturated(>90%)=146 max_util=3.62 avg_util=0.0003
    rss_probe[outer=6]: pre_post_solve=704MB post_post_solve=704MB after_apply=704MB
    E_decomp: base=4960.2 eff=1091878.9 cong=1086918.7 cong_share=99.5% sat_pipes=87 max_util=2.26  R_buckets: 1-2x=3423 2-10x=67 10-100x=69 >=100x=34
    E_potential: beckmann=4983.5 history_total=0.0
    SpanCache: epoch=7 entries=198 lookups=2562403 hits=2562205 misses=198 hit_rate=100.0%
  DCD   6: nets=295 line=8453 energy=2388.409 dE=-3.629 friction=444.5 bins=2.0x(5) excess=3.4 moved=169 disp=1.680 solves=295 skip=295 pops=210153 theta=0.644 refresh=57ms dcd=16ms total=109ms
    cache_stats: entries=52309 capacity=119952 est_mb=1 rss_mb=704
    SwitchMatrix: type_usage_pairs=37 lookups=188 hits=151 dijkstra_calls=37 avg_us=12.5 total_ms=0.5
    rss_probe[outer=7]: pre_refresh_rss=704MB post_pre_solve_rss=704MB cache_entries=52309 cache_cap=119952 cache_est_mb=1
    pre_solve_diag[outer=7]: solves=0 fallback=0 (0.0%) cap_armed=0 (0.0%) settle_avg=0 settle_max=0 init_count=44
    Overflow: over=48 (1.3% of used) avg_excess=0.62 max_excess=2.52 (nc=4.52 cap=2 span=7)  excess_buckets: <=1=34 1-5=14 5-20=0 >20=0  by_cap: cap1=2 cap2=46 cap3-5=0 cap>5=0  by_span: s1=1 s2-3=0 s4-6=0 s7-12=47 s>12=0  le1_cross: cap1=2 cap2-5=32 cap>5=0
    Congestion: pipes=2562403 used=3593 congested(>50%)=482 saturated(>90%)=87 max_util=2.26 avg_util=0.0003
    rss_probe[outer=7]: pre_post_solve=704MB post_post_solve=705MB after_apply=705MB
    E_decomp: base=5180.4 eff=539460.2 cong=534279.8 cong_share=99.0% sat_pipes=68 max_util=2.38  R_buckets: 1-2x=3798 2-10x=74 10-100x=34 >=100x=38
    E_potential: beckmann=5197.9 history_total=0.0
    SpanCache: epoch=8 entries=188 lookups=2562403 hits=2562215 misses=188 hit_rate=100.0%
  DCD   7: nets=295 line=8816 energy=2411.528 dE=+23.119 friction=451.2 bins=1.9x(5) excess=3.1 moved=169 disp=1.604 solves=295 skip=295 pops=214455 theta=0.754 refresh=56ms dcd=16ms total=107ms
    cache_stats: entries=54264 capacity=121408 est_mb=1 rss_mb=705
    SwitchMatrix: type_usage_pairs=37 lookups=188 hits=151 dijkstra_calls=37 avg_us=11.9 total_ms=0.4
    rss_probe[outer=8]: pre_refresh_rss=705MB post_pre_solve_rss=705MB cache_entries=54264 cache_cap=121408 cache_est_mb=1
    pre_solve_diag[outer=8]: solves=0 fallback=0 (0.0%) cap_armed=0 (0.0%) settle_avg=0 settle_max=0 init_count=16
    Overflow: over=63 (1.6% of used) avg_excess=0.45 max_excess=2.75 (nc=4.75 cap=2 span=7)  excess_buckets: <=1=61 1-5=2 5-20=0 >20=0  by_cap: cap1=1 cap2=62 cap3-5=0 cap>5=0  by_span: s1=1 s2-3=0 s4-6=0 s7-12=62 s>12=0  le1_cross: cap1=1 cap2-5=60 cap>5=0
    Congestion: pipes=2562403 used=3944 congested(>50%)=509 saturated(>90%)=68 max_util=2.38 avg_util=0.0003
    rss_probe[outer=8]: pre_post_solve=705MB post_post_solve=706MB after_apply=706MB
    E_decomp: base=5035.5 eff=428854.6 cong=423819.1 cong_share=98.8% sat_pipes=72 max_util=1.70  R_buckets: 1-2x=4099 2-10x=88 10-100x=30 >=100x=35
    E_potential: beckmann=5047.1 history_total=0.0
    SpanCache: epoch=9 entries=188 lookups=2562403 hits=2562215 misses=188 hit_rate=100.0%
  DCD   8: nets=295 line=8843 energy=2415.204 dE=+3.675 friction=423.8 bins=1.8x(6) excess=1.9 moved=169 disp=1.574 solves=295 skip=295 pops=215998 theta=0.883 refresh=60ms dcd=18ms total=116ms
    cache_stats: entries=56000 capacity=126224 est_mb=1 rss_mb=706
    SwitchMatrix: type_usage_pairs=40 lookups=187 hits=147 dijkstra_calls=40 avg_us=12.1 total_ms=0.5
    rss_probe[outer=9]: pre_refresh_rss=706MB post_pre_solve_rss=706MB cache_entries=56000 cache_cap=126224 cache_est_mb=1
    pre_solve_diag[outer=9]: solves=0 fallback=0 (0.0%) cap_armed=0 (0.0%) settle_avg=0 settle_max=0 init_count=16
    Overflow: over=57 (1.3% of used) avg_excess=0.33 max_excess=0.83 (nc=2.83 cap=2 span=7)  excess_buckets: <=1=57 1-5=0 5-20=0 >20=0  by_cap: cap1=2 cap2=55 cap3-5=0 cap>5=0  by_span: s1=1 s2-3=0 s4-6=0 s7-12=56 s>12=0  le1_cross: cap1=2 cap2-5=55 cap>5=0
    Congestion: pipes=2562403 used=4252 congested(>50%)=498 saturated(>90%)=72 max_util=1.70 avg_util=0.0003
    rss_probe[outer=9]: pre_post_solve=706MB post_post_solve=706MB after_apply=706MB
    E_decomp: base=5445.3 eff=503536.6 cong=498091.3 cong_share=98.9% sat_pipes=43 max_util=1.69  R_buckets: 1-2x=4262 2-10x=50 10-100x=54 >=100x=25
    E_potential: beckmann=5456.5 history_total=0.0
    SpanCache: epoch=10 entries=187 lookups=2562403 hits=2562216 misses=187 hit_rate=100.0%
  DCD   9: nets=295 line=8691 energy=2396.499 dE=-18.705 friction=450.9 bins=1.9x(4) excess=2.8 moved=169 disp=1.722 solves=295 skip=295 pops=216123 theta=1.033 refresh=57ms dcd=16ms total=105ms
    cache_stats: entries=55840 capacity=128240 est_mb=1 rss_mb=706
    SwitchMatrix: type_usage_pairs=37 lookups=184 hits=147 dijkstra_calls=37 avg_us=12.5 total_ms=0.5
    rss_probe[outer=10]: pre_refresh_rss=706MB post_pre_solve_rss=706MB cache_entries=55840 cache_cap=128240 cache_est_mb=1
    pre_solve_diag[outer=10]: solves=0 fallback=0 (0.0%) cap_armed=0 (0.0%) settle_avg=0 settle_max=0 init_count=16
    Overflow: over=33 (0.8% of used) avg_excess=0.56 max_excess=1.38 (nc=3.38 cap=2 span=7)  excess_buckets: <=1=32 1-5=1 5-20=0 >20=0  by_cap: cap1=2 cap2=31 cap3-5=0 cap>5=0  by_span: s1=1 s2-3=0 s4-6=0 s7-12=32 s>12=0  le1_cross: cap1=2 cap2-5=30 cap>5=0
    Congestion: pipes=2562403 used=4391 congested(>50%)=585 saturated(>90%)=43 max_util=1.69 avg_util=0.0004
    rss_probe[outer=10]: pre_post_solve=706MB post_post_solve=706MB after_apply=706MB
    E_decomp: base=5456.5 eff=220086.4 cong=214629.9 cong_share=97.5% sat_pipes=92 max_util=3.33  R_buckets: 1-2x=4444 2-10x=68 10-100x=36 >=100x=20
    E_potential: beckmann=5515.4 history_total=0.0
    SpanCache: epoch=11 entries=184 lookups=2562403 hits=2562219 misses=184 hit_rate=100.0%
  DCD  10: nets=295 line=8617 energy=2403.659 dE=+7.160 friction=529.9 bins=2.0x(4) excess=2.8 moved=169 disp=1.574 solves=295 skip=295 pops=217772 theta=1.210 refresh=57ms dcd=16ms total=104ms
    cache_stats: entries=56914 capacity=129584 est_mb=1 rss_mb=707
    SwitchMatrix: type_usage_pairs=40 lookups=188 hits=148 dijkstra_calls=40 avg_us=12.1 total_ms=0.5
    rss_probe[outer=11]: pre_refresh_rss=707MB post_pre_solve_rss=707MB cache_entries=56914 cache_cap=129584 cache_est_mb=1
    pre_solve_diag[outer=11]: solves=0 fallback=0 (0.0%) cap_armed=0 (0.0%) settle_avg=0 settle_max=0 init_count=44
    Overflow: over=61 (1.3% of used) avg_excess=0.95 max_excess=4.66 (nc=6.66 cap=2 span=7)  excess_buckets: <=1=40 1-5=21 5-20=0 >20=0  by_cap: cap1=1 cap2=60 cap3-5=0 cap>5=0  by_span: s1=1 s2-3=0 s4-6=0 s7-12=60 s>12=0  le1_cross: cap1=1 cap2-5=39 cap>5=0
    Congestion: pipes=2562403 used=4568 congested(>50%)=549 saturated(>90%)=92 max_util=3.33 avg_util=0.0004
    rss_probe[outer=11]: pre_post_solve=707MB post_post_solve=707MB after_apply=707MB
    E_decomp: base=5355.2 eff=542109.3 cong=536754.1 cong_share=99.0% sat_pipes=78 max_util=1.67  R_buckets: 1-2x=4657 2-10x=17 10-100x=29 >=100x=44
    E_potential: beckmann=5365.4 history_total=0.0
    SpanCache: epoch=12 entries=188 lookups=2562403 hits=2562215 misses=188 hit_rate=100.0%
  DCD  11: nets=295 line=8873 energy=2417.555 dE=+13.896 friction=455.0 bins=2.0x(5) excess=3.4 moved=169 disp=1.538 solves=295 skip=295 pops=222550 theta=1.416 refresh=61ms dcd=18ms total=110ms
    cache_stats: entries=58189 capacity=131040 est_mb=1 rss_mb=707
    SwitchMatrix: type_usage_pairs=39 lookups=189 hits=150 dijkstra_calls=39 avg_us=12.6 total_ms=0.5
    rss_probe[outer=12]: pre_refresh_rss=707MB post_pre_solve_rss=707MB cache_entries=58189 cache_cap=131040 cache_est_mb=1
    pre_solve_diag[outer=12]: solves=0 fallback=0 (0.0%) cap_armed=0 (0.0%) settle_avg=0 settle_max=0 init_count=44
    Overflow: over=22 (0.5% of used) avg_excess=0.41 max_excess=1.33 (nc=3.33 cap=2 span=7)  excess_buckets: <=1=20 1-5=2 5-20=0 >20=0  by_cap: cap1=1 cap2=21 cap3-5=0 cap>5=0  by_span: s1=1 s2-3=0 s4-6=0 s7-12=21 s>12=0  le1_cross: cap1=1 cap2-5=19 cap>5=0
    Congestion: pipes=2562403 used=4747 congested(>50%)=571 saturated(>90%)=78 max_util=1.67 avg_util=0.0003
    rss_probe[outer=12]: pre_post_solve=707MB post_post_solve=708MB after_apply=708MB
    E_decomp: base=5400.5 eff=389377.5 cong=383977.0 cong_share=98.6% sat_pipes=132 max_util=2.59  R_buckets: 1-2x=4783 2-10x=34 10-100x=17 >=100x=39
    E_potential: beckmann=5460.2 history_total=0.0
    SpanCache: epoch=13 entries=189 lookups=2562403 hits=2562214 misses=189 hit_rate=100.0%
  DCD  12: nets=295 line=8892 energy=2448.312 dE=+30.756 friction=561.5 bins=1.9x(4) excess=2.4 moved=169 disp=1.805 solves=295 skip=295 pops=227523 theta=1.658 refresh=59ms dcd=17ms total=109ms
    cache_stats: entries=59632 capacity=131376 est_mb=1 rss_mb=708
    SwitchMatrix: type_usage_pairs=37 lookups=195 hits=158 dijkstra_calls=37 avg_us=13.5 total_ms=0.5
    rss_probe[outer=13]: pre_refresh_rss=708MB post_pre_solve_rss=708MB cache_entries=59632 cache_cap=131376 cache_est_mb=1
    pre_solve_diag[outer=13]: solves=0 fallback=0 (0.0%) cap_armed=0 (0.0%) settle_avg=0 settle_max=0 init_count=43
    Overflow: over=104 (2.1% of used) avg_excess=0.79 max_excess=3.19 (nc=5.19 cap=2 span=7)  excess_buckets: <=1=83 1-5=21 5-20=0 >20=0  by_cap: cap1=1 cap2=103 cap3-5=0 cap>5=0  by_span: s1=1 s2-3=0 s4-6=0 s7-12=103 s>12=0  le1_cross: cap1=1 cap2-5=82 cap>5=0
    Congestion: pipes=2562403 used=4873 congested(>50%)=559 saturated(>90%)=132 max_util=2.59 avg_util=0.0004
    rss_probe[outer=13]: pre_post_solve=708MB post_post_solve=708MB after_apply=708MB
    E_decomp: base=4946.8 eff=444877.3 cong=439930.4 cong_share=98.9% sat_pipes=75 max_util=1.92  R_buckets: 1-2x=4803 2-10x=31 10-100x=51 >=100x=46
    E_potential: beckmann=4962.0 history_total=0.0
    SpanCache: epoch=14 entries=195 lookups=2562403 hits=2562208 misses=195 hit_rate=100.0%
  DCD  13: nets=295 line=8678 energy=2431.518 dE=-16.794 friction=430.1 bins=2.0x(5) excess=2.6 moved=169 disp=1.888 solves=295 skip=295 pops=226427 theta=1.941 refresh=57ms dcd=16ms total=105ms
    cache_stats: entries=58104 capacity=131264 est_mb=1 rss_mb=708
    SwitchMatrix: type_usage_pairs=38 lookups=185 hits=147 dijkstra_calls=38 avg_us=12.9 total_ms=0.5
    rss_probe[outer=14]: pre_refresh_rss=708MB post_pre_solve_rss=708MB cache_entries=58104 cache_cap=131264 cache_est_mb=1
    pre_solve_diag[outer=14]: solves=0 fallback=0 (0.0%) cap_armed=0 (0.0%) settle_avg=0 settle_max=0 init_count=64
    Overflow: over=65 (1.3% of used) avg_excess=0.33 max_excess=1.83 (nc=3.83 cap=2 span=7)  excess_buckets: <=1=59 1-5=6 5-20=0 >20=0  by_cap: cap1=1 cap2=64 cap3-5=0 cap>5=0  by_span: s1=1 s2-3=0 s4-6=0 s7-12=64 s>12=0  le1_cross: cap1=1 cap2-5=58 cap>5=0
    Congestion: pipes=2562403 used=4931 congested(>50%)=536 saturated(>90%)=75 max_util=1.92 avg_util=0.0003
    rss_probe[outer=14]: pre_post_solve=708MB post_post_solve=708MB after_apply=708MB
    E_decomp: base=4966.3 eff=382853.9 cong=377887.6 cong_share=98.7% sat_pipes=133 max_util=2.08  R_buckets: 1-2x=4834 2-10x=102 10-100x=58 >=100x=32
    E_potential: beckmann=4990.2 history_total=0.0
    SpanCache: epoch=15 entries=185 lookups=2562403 hits=2562218 misses=185 hit_rate=100.0%
  DCD  14: nets=295 line=8673 energy=2452.281 dE=+20.763 friction=460.5 bins=2.0x(6) excess=4.0 moved=169 disp=1.604 solves=295 skip=295 pops=227415 theta=2.273 refresh=60ms dcd=17ms total=113ms
    cache_stats: entries=58184 capacity=133280 est_mb=1 rss_mb=708
    SwitchMatrix: type_usage_pairs=37 lookups=184 hits=147 dijkstra_calls=37 avg_us=11.8 total_ms=0.4
    rss_probe[outer=15]: pre_refresh_rss=708MB post_pre_solve_rss=708MB cache_entries=58184 cache_cap=133280 cache_est_mb=1
    pre_solve_diag[outer=15]: solves=0 fallback=0 (0.0%) cap_armed=0 (0.0%) settle_avg=0 settle_max=0 init_count=16
    Overflow: over=85 (1.7% of used) avg_excess=0.44 max_excess=2.15 (nc=4.15 cap=2 span=7)  excess_buckets: <=1=72 1-5=13 5-20=0 >20=0  by_cap: cap1=2 cap2=83 cap3-5=0 cap>5=0  by_span: s1=2 s2-3=0 s4-6=0 s7-12=83 s>12=0  le1_cross: cap1=2 cap2-5=70 cap>5=0
    Congestion: pipes=2562403 used=5026 congested(>50%)=535 saturated(>90%)=133 max_util=2.08 avg_util=0.0003
    rss_probe[outer=15]: pre_post_solve=708MB post_post_solve=709MB after_apply=709MB
    E_decomp: base=4811.2 eff=183744.6 cong=178933.4 cong_share=97.4% sat_pipes=78 max_util=2.32  R_buckets: 1-2x=4993 2-10x=32 10-100x=31 >=100x=29
    E_potential: beckmann=4838.3 history_total=0.0
    SpanCache: epoch=16 entries=184 lookups=2562403 hits=2562219 misses=184 hit_rate=100.0%
  DCD  15: nets=295 line=8769 energy=2464.899 dE=+12.617 friction=450.0 bins=1.9x(5) excess=3.0 moved=169 disp=1.923 solves=295 skip=295 pops=230341 theta=2.661 refresh=58ms dcd=16ms total=105ms
    cache_stats: entries=59721 capacity=134848 est_mb=1 rss_mb=709
    SwitchMatrix: type_usage_pairs=39 lookups=188 hits=149 dijkstra_calls=39 avg_us=11.8 total_ms=0.5
    rss_probe[outer=16]: pre_refresh_rss=709MB post_pre_solve_rss=709MB cache_entries=59721 cache_cap=134848 cache_est_mb=1
    pre_solve_diag[outer=16]: solves=0 fallback=0 (0.0%) cap_armed=0 (0.0%) settle_avg=0 settle_max=0 init_count=16
    Overflow: over=58 (1.1% of used) avg_excess=0.79 max_excess=2.64 (nc=4.64 cap=2 span=7)  excess_buckets: <=1=42 1-5=16 5-20=0 >20=0  by_cap: cap1=1 cap2=57 cap3-5=0 cap>5=0  by_span: s1=1 s2-3=0 s4-6=0 s7-12=57 s>12=0  le1_cross: cap1=1 cap2-5=41 cap>5=0
    Congestion: pipes=2562403 used=5085 congested(>50%)=494 saturated(>90%)=78 max_util=2.32 avg_util=0.0003
    rss_probe[outer=16]: pre_post_solve=709MB post_post_solve=709MB after_apply=709MB
    E_decomp: base=4726.6 eff=171024.5 cong=166297.9 cong_share=97.2% sat_pipes=110 max_util=2.57  R_buckets: 1-2x=5122 2-10x=36 10-100x=74 >=100x=16
    E_potential: beckmann=4773.4 history_total=0.0
    SpanCache: epoch=17 entries=188 lookups=2562403 hits=2562215 misses=188 hit_rate=100.0%
  DCD  16: nets=295 line=8882 energy=2519.051 dE=+54.153 friction=459.9 bins=1.9x(6) excess=3.1 moved=169 disp=1.817 solves=295 skip=295 pops=233676 theta=3.116 refresh=58ms dcd=16ms total=118ms
    cache_stats: entries=59308 capacity=133616 est_mb=1 rss_mb=709
    SwitchMatrix: type_usage_pairs=42 lookups=192 hits=150 dijkstra_calls=42 avg_us=12.3 total_ms=0.5
    rss_probe[outer=17]: pre_refresh_rss=709MB post_pre_solve_rss=709MB cache_entries=59308 cache_cap=133616 cache_est_mb=1
    pre_solve_diag[outer=17]: solves=0 fallback=0 (0.0%) cap_armed=0 (0.0%) settle_avg=0 settle_max=0 init_count=59
    Overflow: over=93 (1.8% of used) avg_excess=0.78 max_excess=3.13 (nc=5.13 cap=2 span=7)  excess_buckets: <=1=53 1-5=40 5-20=0 >20=0  by_cap: cap1=3 cap2=90 cap3-5=0 cap>5=0  by_span: s1=2 s2-3=0 s4-6=0 s7-12=91 s>12=0  le1_cross: cap1=3 cap2-5=50 cap>5=0
    Congestion: pipes=2562403 used=5248 congested(>50%)=377 saturated(>90%)=110 max_util=2.57 avg_util=0.0003
    rss_probe[outer=17]: pre_post_solve=709MB post_post_solve=709MB after_apply=709MB
    E_decomp: base=4812.1 eff=486358.6 cong=481546.4 cong_share=99.0% sat_pipes=91 max_util=3.56  R_buckets: 1-2x=5256 2-10x=34 10-100x=38 >=100x=23
    E_potential: beckmann=4947.4 history_total=0.0
    SpanCache: epoch=18 entries=192 lookups=2562403 hits=2562211 misses=192 hit_rate=100.0%
  DCD  17: nets=295 line=9271 energy=2524.713 dE=+5.662 friction=492.9 bins=2.0x(6) excess=3.5 moved=169 disp=2.053 solves=295 skip=295 pops=238635 theta=3.648 refresh=61ms dcd=19ms total=116ms
    cache_stats: entries=61322 capacity=135408 est_mb=1 rss_mb=709
    SwitchMatrix: type_usage_pairs=37 lookups=193 hits=156 dijkstra_calls=37 avg_us=12.1 total_ms=0.4
    rss_probe[outer=18]: pre_refresh_rss=709MB post_pre_solve_rss=709MB cache_entries=61322 cache_cap=135408 cache_est_mb=1
    pre_solve_diag[outer=18]: solves=0 fallback=0 (0.0%) cap_armed=0 (0.0%) settle_avg=0 settle_max=0 init_count=59
    Overflow: over=56 (1.0% of used) avg_excess=1.39 max_excess=5.11 (nc=7.11 cap=2 span=7)  excess_buckets: <=1=34 1-5=21 5-20=1 >20=0  by_cap: cap1=3 cap2=53 cap3-5=0 cap>5=0  by_span: s1=2 s2-3=0 s4-6=0 s7-12=54 s>12=0  le1_cross: cap1=3 cap2-5=31 cap>5=0
    Congestion: pipes=2562403 used=5351 congested(>50%)=382 saturated(>90%)=91 max_util=3.56 avg_util=0.0003
    rss_probe[outer=18]: pre_post_solve=709MB post_post_solve=710MB after_apply=710MB
    E_decomp: base=4954.1 eff=417018.3 cong=412064.1 cong_share=98.8% sat_pipes=98 max_util=3.07  R_buckets: 1-2x=5307 2-10x=35 10-100x=16 >=100x=45
    E_potential: beckmann=4988.4 history_total=0.0
    SpanCache: epoch=19 entries=193 lookups=2562403 hits=2562210 misses=193 hit_rate=100.0%
  DCD  18: nets=295 line=8957 energy=2539.329 dE=+14.616 friction=455.9 bins=2.0x(6) excess=3.4 moved=169 disp=1.817 solves=295 skip=295 pops=238255 theta=4.271 refresh=59ms dcd=16ms total=111ms
    cache_stats: entries=60588 capacity=135744 est_mb=1 rss_mb=710
    SwitchMatrix: type_usage_pairs=40 lookups=192 hits=152 dijkstra_calls=40 avg_us=13.1 total_ms=0.5
    rss_probe[outer=19]: pre_refresh_rss=710MB post_pre_solve_rss=710MB cache_entries=60588 cache_cap=135744 cache_est_mb=1
    pre_solve_diag[outer=19]: solves=0 fallback=0 (0.0%) cap_armed=0 (0.0%) settle_avg=0 settle_max=0 init_count=67
    Overflow: over=75 (1.4% of used) avg_excess=0.56 max_excess=4.14 (nc=6.14 cap=2 span=7)  excess_buckets: <=1=67 1-5=8 5-20=0 >20=0  by_cap: cap1=1 cap2=74 cap3-5=0 cap>5=0  by_span: s1=1 s2-3=0 s4-6=0 s7-12=74 s>12=0  le1_cross: cap1=1 cap2-5=66 cap>5=0
    Congestion: pipes=2562403 used=5403 congested(>50%)=503 saturated(>90%)=98 max_util=3.07 avg_util=0.0003
    rss_probe[outer=19]: pre_post_solve=710MB post_post_solve=710MB after_apply=710MB
    E_decomp: base=4839.5 eff=468891.4 cong=464051.9 cong_share=99.0% sat_pipes=91 max_util=1.94  R_buckets: 1-2x=5312 2-10x=91 10-100x=3 >=100x=30
    E_potential: beckmann=4862.2 history_total=0.0
    SpanCache: epoch=20 entries=192 lookups=2562403 hits=2562211 misses=192 hit_rate=100.0%
  DCD  19: nets=295 line=8898 energy=2566.774 dE=+27.445 friction=453.8 bins=2.0x(4) excess=3.1 moved=169 disp=1.905 solves=295 skip=295 pops=238087 theta=5.000 refresh=59ms dcd=16ms total=107ms
    cache_stats: entries=59539 capacity=137760 est_mb=1 rss_mb=710
DCD done: energy=2566.774 line=8898 friction=453.8 bins=2.0x(4) excess=3.1
MuxSlotTracker: 147 commit rejections over entire DCD
MuxSlotTracker[post-DCD]: populated_cells=169, overflow_tiles=0, at_cap_tiles=1, peak_excess=0, capacity_hist={16:67346}
Pre-legalization: HPWL=7820
  type DFF: 302 valid columns, 1077536 total BELs
  type LUT6: 302 valid columns, 538768 total BELs
TypeAwarePlacement: 2 cell types
  SortedLegalizer: cluster_rejects=0 shared_mux_rejects=11 arch_validity_rejects=0
Post-legalization: HPWL=7836, line=13016
Per-net HPWL: 298 nets, total=7836
  #0: hpwl=424 fanout=320 (5.4%)
  #1: hpwl=322 fanout=1 (4.1%)
  #2: hpwl=321 fanout=1 (4.1%)
  #3: hpwl=219 fanout=82 (2.8%)
  #4: hpwl=209 fanout=1 (2.7%)
  #5: hpwl=204 fanout=38 (2.6%)
  #6: hpwl=146 fanout=2 (1.9%)
  #7: hpwl=144 fanout=2 (1.8%)
  #8: hpwl=144 fanout=1 (1.8%)
  #9: hpwl=143 fanout=2 (1.8%)
  50% of HPWL from top 22 nets (of 298)
